"pcp-dstat 5.3.6 CSV Output"
"Author:","PCP team <pcp@groups.io> and Dag Wieers <dag@wieers.com>",,,,"URL:","https://pcp.io/ and http://dag.wieers.com/home-made/dstat/"
"Host:","ubuntu",,,,"User:","ubuntu"
"Cmdline:","dstat -tcmndrylpg --tcp --output /tmp/devstack_logs/dstat-csv.log",,,,"Date:","18 Jun 2025 10:16:40 UTC"
"system","total usage",,,,,"memory usage",,,,"net/total",,"dsk/total",,"io/total",,"system",,"load avg",,,"procs",,,"paging",,"tcp sockets",,,,
"time","total usage:usr","total usage:sys","total usage:idl","total usage:wai","total usage:stl","used","free","buf","cach","net/total:recv","net/total:send","dsk/total:read","dsk/total:writ","read","writ","int","csw","1m","5m","15m","run","blk","new","in","out","lis","act","syn","tim","clo"
18-06 10:16:40,,990640,1943572,165136,4712044,,,,,,,1.160,0.810,0.490,4,0,,,,9,6,5,16,0
18-06 10:16:41,27.466,20.225,50.437,0.499,0.250,1010872,1923152,165244,4711912,46124.206,14387.972,0,2804.486,0,116.854,4569,12611,1.160,0.810,0.490,3,0,650.185,0,0,9,5,5,17,1
18-06 10:16:42,18.256,19.006,61.519,0.750,0,1015800,1903680,165260,4726388,949221.157,26912.397,0,7302.278,0,195.061,5092,7112,1.220,0.830,0.490,5,0,378.118,0,0,9,4,5,17,2
18-06 10:16:43,31.989,14.745,51.483,0.250,0.250,1143320,1759360,165596,4865004,128860.218,4308.570,0,2691.107,0,90.970,5557,9016,1.220,0.830,0.490,3,0,134.955,0,0,10,6,5,16,2
18-06 10:16:44,37.010,12.253,48.263,1.250,0,1173224,1700672,166704,4889828,6812.805,1458.386,80.021,3849.020,1.000,159.042,2631,3789,1.220,0.830,0.490,2,0,193.051,0,0,10,8,5,16,2
18-06 10:16:45,38.907,6.734,52.624,1.247,0,1232552,1611304,167916,4915580,12779.457,2938.976,0,4277.776,0,118.716,2083,2728,1.220,0.830,0.490,1,0,35.914,0,0,10,7,5,18,2
18-06 10:16:46,41.838,5.261,50.356,2.505,0.501,1191940,1663028,168108,4904296,7850.525,3025.368,0,8734.386,0,552.162,4356,6801,1.220,0.830,0.490,3,0,15.032,0,0,10,6,5,18,0
18-06 10:16:47,29.998,7.999,48.497,13.749,0,1237908,1608628,168704,4911924,12361.147,3603.751,0,31673.815,0,2740.811,14282,24468,1.370,0.870,0.510,2,0,48.997,0,0,10,7,5,18,0
18-06 10:16:48,39.994,9.999,41.244,8.999,0,1140624,1698340,169208,4917788,5519.216,1813.742,0,31515.525,0,2044.710,9177,14153,1.370,0.870,0.510,2,0,95.986,0,0,10,4,5,18,0
18-06 10:16:49,40.005,5.001,54.007,0.750,0,1198012,1633348,169776,4923500,12979.726,4719.628,0,2460.327,0,108.014,1493,1603,1.370,0.870,0.510,2,0,6.001,0,0,10,4,5,18,0
18-06 10:16:50,44.770,8.003,45.020,0.500,0,1148084,1682276,169900,4924280,5733.500,1620.707,0,8755.818,0,451.197,9395,18021,1.370,0.870,0.510,2,0,23.010,0,0,10,4,5,18,0
18-06 10:16:51,44.398,8.231,46.393,0.249,0,1203996,1626168,169944,4924348,6749.490,1454.657,0,1404.772,0,27.936,9041,17426,1.370,0.870,0.510,2,0,18.956,0,0,10,4,5,18,0
18-06 10:16:52,35.812,16.528,46.580,0.501,0,1095352,1749260,169964,4911564,5780.937,1738.989,0,1081.860,0,51.088,3231,5364,1.420,0.890,0.520,2,0,442.761,0,0,10,4,5,18,0
18-06 10:16:53,28.962,19.474,51.931,0,0,1085192,1759124,169968,4911996,5971.076,1691.755,0,171.772,0,12.983,5333,11529,1.420,0.890,0.520,1,0,405.462,0,0,10,4,5,12,0
18-06 10:16:54,41.322,10.268,47.583,0,0,1188092,1656108,169968,4912256,5666.934,1696.975,0,0,0,0,2255,3387,1.420,0.890,0.520,2,0,130.228,0,0,10,5,5,12,0
18-06 10:16:55,47.989,2.999,48.739,0,0,1248352,1595148,169968,4913068,5432.778,1619.636,0,679.847,0,84.981,1359,1456,1.420,0.890,0.520,6,0,0,0,0,10,5,5,12,0
18-06 10:16:56,20.459,7.984,69.860,0,0,1267476,1573940,169968,4915192,5728.486,1690.602,0,371.254,0,42.914,1766,5932,1.420,0.890,0.520,0,0,117.763,0,0,10,4,5,12,0
18-06 10:16:57,1.752,2.503,94.375,0.501,0.250,1271564,1569852,169968,4915192,5351.085,1459.933,0,17306.914,0,431.571,1520,1333,1.300,0.870,0.510,2,0,12.016,0,0,9,4,5,12,0
18-06 10:16:58,22.971,3.745,72.909,0,0.250,1352184,1489212,169968,4915192,5340.362,1617.989,0,1793.770,0,37.953,1360,1738,1.300,0.870,0.510,2,0,8.989,0,0,10,4,5,12,0
18-06 10:16:59,23.011,2.751,72.784,1.000,0,1377460,1463788,170024,4915396,7785.675,1620.765,0,1328.627,0,183.086,2732,4646,1.300,0.870,0.510,3,0,2.001,0,0,10,10,5,12,0
18-06 10:17:00,20.997,6.499,72.741,0.250,0,1329716,1511492,170032,4915428,7049.098,1767.774,0,2439.688,0,143.982,1628,2283,1.300,0.870,0.510,1,0,41.995,0,0,10,4,5,14,0
18-06 10:17:01,22.791,3.506,72.380,0.751,0,1353608,1486880,170048,4916000,7542.524,1460.619,256.460,1695.039,64.115,25.045,2092,3246,1.300,0.870,0.510,1,0,6.011,0,0,10,28,5,15,0
18-06 10:17:02,21.459,5.739,72.360,0.250,0,1352604,1487864,170048,4916020,6499.469,1658.802,0,12232.416,0,181.650,1362,1588,1.280,0.880,0.520,1,0,42.917,0,0,10,28,5,15,0
18-06 10:17:03,23.488,9.495,66.217,0,0,1332484,1507968,170048,4916036,8487.765,1619.192,0,11.994,0,2.999,1957,2821,1.280,0.880,0.520,2,0,155.922,0,0,10,28,5,16,0
18-06 10:17:04,44.826,5.760,48.582,0,0.501,1428672,1411760,170048,4916052,6307.698,1460.477,0,8.014,0,2.003,2043,3234,1.280,0.880,0.520,4,0,0,0,0,10,30,5,16,0
18-06 10:17:05,57.045,19.015,24.019,0,0,1440504,1399568,170056,4916372,6537.197,1621.289,0,1493.187,0,55.044,4224,9217,1.280,0.880,0.520,5,0,420.334,0,0,10,28,5,17,0
18-06 10:17:06,84.204,12.993,1.499,0,0,1623292,1216716,170056,4916436,6213.595,1619.113,0,155.915,0,9.995,3830,8587,1.280,0.880,0.520,4,0,157.913,0,0,10,32,5,17,0
18-06 10:17:07,75.404,12.984,11.985,0.250,0,1444684,1394984,170076,4916672,7687.260,1456.155,0,32602.692,0,132.832,3529,8832,1.580,0.950,0.540,3,0,199.747,0,0,10,29,5,17,0
18-06 10:17:08,24.982,8.494,65.702,0.250,0,1361452,1478196,170084,4916684,6453.302,1692.768,0,1251.089,0,26.980,2500,4328,1.580,0.950,0.540,1,0,109.920,0,0,10,28,5,18,0
18-06 10:17:09,21.275,6.007,72.335,0,0.250,1312136,1527364,170088,4916828,5470.400,1695.984,0,212.248,0,20.023,2303,3832,1.580,0.950,0.540,1,0,69.081,0,0,10,28,5,17,0
18-06 10:17:10,23.019,2.752,73.812,0,0,1376764,1462724,170088,4916840,5553.698,1501.270,0,124.105,0,9.008,1240,1740,1.580,0.950,0.540,1,0,0,0,0,10,28,5,17,0
18-06 10:17:11,13.500,15.000,69.751,0.250,0,1312284,1527188,170088,4916856,6324.120,1620.031,0,320.006,0,28.001,3041,4826,1.580,0.950,0.540,1,0,277.005,0,0,10,28,5,17,0
18-06 10:17:12,30.517,30.017,40.022,0,0,1403136,1436324,170096,4916860,6636.703,1620.904,0,7980.453,0,101.056,3343,5679,1.450,0.930,0.540,5,0,732.409,0,0,10,28,5,17,0
18-06 10:17:13,87.617,10.484,0.998,0,0.250,1604628,1234724,170100,4916964,6796.676,1509.707,0,1122.295,0,45.930,3061,5292,1.450,0.930,0.540,5,0,28.956,0,0,10,28,5,17,0
18-06 10:17:14,82.699,10.024,6.766,0,0.251,1502756,1336208,170108,4917344,6001.415,1623.901,0,457.098,0,64.154,5803,13664,1.450,0.930,0.540,5,0,84.202,0,0,10,28,5,20,0
18-06 10:17:15,83.926,14.987,0.749,0,0,1572628,1266212,170116,4917460,8281.671,1564.615,0,279.752,0,15.986,3460,6967,1.450,0.930,0.540,6,0,225.800,0,0,10,28,5,21,0
18-06 10:17:16,90.246,7.750,1.250,0,0.250,1561284,1277280,170120,4917732,5539.778,1693.932,0,199.992,0,12.000,3818,10682,1.450,0.930,0.540,5,0,60.998,0,0,10,28,5,21,0
18-06 10:17:17,46.251,12.500,41.251,0.250,0,1357028,1481264,170128,4918128,6711.101,1620.024,0,63428.951,0,211.003,4801,9603,1.500,0.950,0.550,3,0,237.004,0,0,10,28,5,21,0
18-06 10:17:18,46.751,4.500,48.751,0,0,1439880,1398384,170140,4918144,5457.131,1620.039,0,1460.035,0,23.001,1746,4179,1.500,0.950,0.550,3,0,0,0,0,10,29,5,23,0
18-06 10:17:19,55.498,15.499,28.749,0,0,1454576,1383660,170140,4918172,5267.768,1619.929,0,243.989,0,19.999,3151,5492,1.500,0.950,0.550,4,0,378.983,0,0,10,28,5,23,0
18-06 10:17:20,63.994,6.499,29.497,0.250,0,1451180,1386832,170144,4918392,6132.381,1511.847,0,371.962,0,42.996,4396,10861,1.500,0.950,0.550,4,0,11.999,0,0,10,28,5,29,0
18-06 10:17:21,81.755,16.251,2.000,0,0,1555108,1282888,170144,4918404,5251.305,1620.094,0,192.011,0,9.001,1947,2646,1.500,0.950,0.550,5,0,246.014,0,0,10,28,5,29,0
18-06 10:17:22,65.255,13.751,19.502,0,0,1335956,1501668,170164,4918756,6148.473,1566.121,0,536.041,0,41.003,5239,14334,2.020,1.060,0.590,6,0,299.023,0,0,10,28,5,33,0
18-06 10:17:23,67.196,7.994,24.480,0.250,0.250,1511700,1325884,170164,4918796,8869.807,1618.687,0,243.802,0,8.993,1889,3095,2.020,1.060,0.590,4,0,24.980,0,0,10,29,5,33,0
18-06 10:17:24,64.549,14.761,21.016,0,0.250,1420600,1416780,170184,4918980,5477.157,1587.205,0,536.407,0,47.036,3665,10765,2.020,1.060,0.590,4,0,299.227,0,0,10,28,5,36,0
18-06 10:17:25,63.741,6.749,28.496,0.250,0,1520912,1316260,170192,4919180,6037.161,1565.782,0,327.954,0,23.997,2274,7360,2.020,1.060,0.590,3,0,0,0,0,10,30,5,40,0
18-06 10:17:26,65.982,13.746,19.994,0,0,1480016,1357008,170200,4919320,5595.433,1619.547,0,239.933,0,12.996,2449,4166,2.020,1.060,0.590,3,0,286.920,0,0,10,28,4,40,0
18-06 10:17:27,62.009,9.001,29.254,0.500,0,1366420,1470096,170208,4919820,7048.008,1512.216,0,384.055,0,38.005,3879,9327,2.100,1.100,0.600,3,0,112.016,0,0,10,28,4,41,0
18-06 10:17:28,66.009,8.501,24.753,0,0.250,1513356,1322984,170212,4919992,7101.916,1566.202,0,492.063,0,18.002,2598,4758,2.100,1.100,0.600,4,0,0,0,0,10,31,4,42,0
18-06 10:17:29,72.259,18.252,8.501,0,0.250,1493320,1342992,170216,4920016,6886.840,1662.203,0,916.112,0,48.006,3620,8070,2.100,1.100,0.600,5,0,418.051,0,0,10,28,4,44,0
18-06 10:17:30,83.000,14.250,2.250,0,0.250,1502460,1333744,170224,4920084,10573.989,1511.998,0,715.999,0,53.000,4972,10135,2.100,1.100,0.600,8,0,236.000,0,0,10,28,4,42,0
18-06 10:17:31,86.523,12.503,0.750,0,0,1518328,1317488,170228,4920468,11807.200,1566.425,0,396.107,0,23.006,2712,4142,2.100,1.100,0.600,7,0,220.060,0,0,10,28,4,42,0
18-06 10:17:32,82.729,12.747,3.999,0,0,1577156,1258592,170244,4920528,6145.433,1661.576,0,311.920,0,25.993,4979,10126,2.410,1.180,0.630,6,0,228.942,0,0,10,28,4,40,0
18-06 10:17:33,64.245,23.498,11.499,0,0,1381620,1453912,170264,4920896,13795.993,1605.883,0,7607.445,0,491.964,5320,11984,2.410,1.180,0.630,4,0,686.950,0,0,10,29,4,40,0
18-06 10:17:34,22.746,24.245,52.740,0,0,1321080,1514416,170264,4920956,8401.379,1639.684,0,111.978,0,8.998,4658,8762,2.410,1.180,0.630,2,0,755.854,0,0,10,28,4,40,0
18-06 10:17:35,53.263,26.756,19.755,0,0,1467488,1367964,170264,4921000,6028.459,1694.410,0,48.012,0,12.003,3226,6079,2.410,1.180,0.630,5,0,849.206,0,0,10,28,4,40,0
18-06 10:17:36,81.494,12.499,5.750,0,0.250,1458636,1376568,170276,4921236,12040.061,1619.874,0,755.941,0,53.996,3925,9763,2.410,1.180,0.630,5,0,155.988,0,0,10,30,4,37,0
18-06 10:17:37,84.974,11.996,2.249,0,0.250,1525764,1309388,170292,4921272,13592.813,1585.512,0,391.879,0,37.988,2871,5854,2.620,1.240,0.650,4,0,173.946,0,0,10,29,4,37,0
18-06 10:17:38,68.025,7.003,25.509,0.250,0.500,1572560,1262320,170292,4921544,5701.075,1620.590,0,228.083,0,16.006,5760,15248,2.620,1.240,0.650,3,0,0,0,0,10,31,4,44,0
18-06 10:17:39,78.239,10.749,10.749,0,0,1430160,1404496,170312,4921748,8273.883,1619.781,0,439.941,0,43.994,4850,12936,2.620,1.240,0.650,4,0,120.984,0,0,10,28,4,45,0
18-06 10:17:40,81.958,9.245,8.246,0,0,1574148,1260156,170316,4922096,4793.541,1565.197,0,147.924,0,8.995,3812,9113,2.620,1.240,0.650,2,0,0,0,0,10,32,4,49,0
18-06 10:17:41,65.542,10.257,24.265,0,0,1554384,1279752,170320,4922192,9615.096,1695.075,0,152.096,0,9.006,8854,22354,2.620,1.240,0.650,4,0,105.067,0,0,10,30,4,54,0
18-06 10:17:42,80.309,13.760,5.254,0,0,1501216,1332672,170320,4922508,5977.423,1621.200,0,132.098,0,7.005,4384,9529,2.730,1.290,0.670,5,0,204.151,0,0,10,29,4,54,0
18-06 10:17:43,82.350,9.233,8.235,0,0,1483220,1350316,170320,4922860,8492.544,1617.057,0,5985.107,0,150.726,4870,11369,2.730,1.290,0.670,4,0,29.945,0,0,10,29,4,55,0
18-06 10:17:44,85.855,10.263,3.004,0,0.250,1551360,1282168,170324,4922864,6487.961,1513.858,0,1754.152,0,12.015,3683,5922,2.730,1.290,0.670,4,0,102.125,0,0,10,29,4,55,0
18-06 10:17:45,78.989,12.498,7.749,0,0,1420896,1412576,170336,4922908,6980.072,1619.785,0,431.943,0,45.994,4302,10877,2.730,1.290,0.670,5,0,238.968,0,0,10,28,4,59,0
18-06 10:17:46,80.451,10.244,8.495,0,0,1581928,1251324,170336,4923132,6578.014,1565.052,0,163.901,0,10.993,4490,7756,2.730,1.290,0.670,5,0,0,0,0,10,31,4,59,0
18-06 10:17:47,77.540,11.756,9.255,0,0,1474856,1358244,170336,4923284,6210.180,1620.830,0,152.078,0,8.004,3706,8581,2.830,1.330,0.690,5,0,163.083,0,0,10,28,4,60,0
18-06 10:17:48,82.078,10.760,7.007,0.250,0,1524100,1308800,170348,4923472,5890.626,1513.445,0,428.409,0,48.046,5303,11793,2.830,1.330,0.690,5,0,60.057,0,0,10,29,4,62,0
18-06 10:17:49,68.688,14.237,16.735,0,0,1498216,1334464,170352,4923688,5256.269,1692.477,0,343.691,0,24.978,3127,5433,2.830,1.330,0.690,5,0,206.814,0,0,10,28,4,62,0
18-06 10:17:50,60.752,13.000,25.501,0,0.500,1379340,1453236,170352,4923792,6003.168,1640.046,0,276.008,0,22.001,4594,10270,2.830,1.330,0.690,3,0,243.007,0,0,10,28,4,64,0
18-06 10:17:51,66.926,7.492,25.722,0,0.250,1521272,1310884,170356,4924176,6099.291,1510.339,0,203.776,0,7.991,1967,4812,2.830,1.330,0.690,3,0,0,0,0,10,30,4,64,0
18-06 10:17:52,52.025,9.755,37.768,0,0,1411368,1420476,170360,4924484,6418.094,1620.781,0,484.233,0,42.020,3295,7300,2.840,1.360,0.700,2,0,158.076,0,0,10,28,4,65,0
18-06 10:17:53,43.920,6.239,48.662,0,0.250,1402200,1429472,170360,4924656,6198.749,1563.163,0,263.522,0,15.971,3569,7150,2.840,1.360,0.700,3,1,33.938,0,0,10,29,4,66,0
18-06 10:17:54,44.821,5.759,49.328,0,0,1449388,1382252,170364,4924684,4451.019,1622.559,0,260.411,0,21.033,1664,2231,2.840,1.360,0.700,2,0,5.008,0,0,10,28,4,66,0
18-06 10:17:55,42.438,7.988,48.429,0.250,0,1390116,1441480,170368,4924724,5383.114,1509.788,0,363.468,0,36.946,2953,5459,2.840,1.360,0.700,2,0,64.905,0,0,10,28,4,66,0
18-06 10:17:56,45.590,5.761,48.596,0.250,0,1451100,1380496,170368,4924724,4966.770,1623.193,0,184.363,0,12.024,3470,6492,2.840,1.360,0.700,2,0,0,0,0,10,29,4,68,0
18-06 10:17:57,36.493,15.997,46.741,0,0,1393852,1437560,170376,4924900,6373.713,1565.684,0,307.938,0,25.995,3186,5034,2.780,1.370,0.710,2,0,326.934,0,0,10,28,4,68,0
18-06 10:17:58,44.944,6.492,48.440,0,0,1392628,1438772,170380,4924908,4922.920,1584.044,0,359.556,0,25.968,2798,5320,2.780,1.370,0.710,2,0,19.975,0,0,10,28,4,69,0
18-06 10:17:59,25.471,11.987,61.181,0,0,1359364,1471784,170380,4925152,8590.379,1618.188,0,894.998,0,10.988,3134,5545,2.780,1.370,0.710,1,0,303.660,0,0,10,28,4,69,0
18-06 10:18:00,23.008,3.001,72.525,0,0,1387336,1443812,170388,4925144,6912.392,1620.561,0,156.054,0,9.003,2227,4278,2.780,1.370,0.710,1,0,0,0,0,10,29,4,68,0
18-06 10:18:01,15.770,14.518,69.588,0.250,0.250,1321632,1509460,170404,4925184,22887.999,1622.055,0,248.315,0,22.028,2777,4416,2.780,1.370,0.710,1,0,246.312,0,0,10,28,4,69,0
18-06 10:18:02,24.472,15.982,58.184,0,0,1403764,1427164,170416,4925332,7019.054,1660.121,0,351.602,0,24.972,2881,4344,2.630,1.370,0.710,2,0,379.570,0,0,10,28,4,70,0
18-06 10:18:03,43.340,6.012,48.350,2.505,0,1516740,1311328,170612,4927760,6460.354,1569.244,0,8112.769,0,652.348,3656,5751,2.630,1.370,0.710,4,0,29.060,0,0,10,32,4,70,0
18-06 10:18:04,39.375,6.230,43.362,10.965,0,1439512,1382716,171312,4932520,5901.222,1507.204,0,38680.917,0,3289.533,15027,25731,2.630,1.370,0.710,2,0,102.673,0,0,10,32,4,69,0
18-06 10:18:05,37.380,7.777,41.644,12.544,0,1501948,1318964,172004,4933076,8201.443,1699.895,0,33861.431,0,3360.655,16560,27093,2.630,1.370,0.710,2,0,41.143,0,0,10,32,4,69,0
18-06 10:18:06,46.502,4.000,47.752,0.750,0.250,1430840,1390044,172088,4933020,9474.436,1566.072,0,8412.387,0,487.022,2779,3522,2.630,1.370,0.710,2,0,6.000,0,0,10,28,4,69,0
18-06 10:18:07,40.492,6.249,47.990,6.499,0,1502784,1317468,172260,4933468,7802.447,1511.699,0,9070.195,0,1476.706,10200,18518,2.580,1.380,0.720,1,1,2.999,0,0,10,30,4,68,0
18-06 10:18:08,35.197,7.738,50.673,4.992,0,1375040,1444932,172444,4933564,5414.824,1617.557,0,10224.561,0,1262.094,8764,14574,2.580,1.380,0.720,2,0,98.851,0,0,10,28,4,68,0
18-06 10:18:09,22.480,3.996,73.185,0.749,0.250,1446520,1373392,172448,4933620,5647.019,1456.715,0,5686.984,0,217.808,1348,1622,2.580,1.380,0.720,2,0,2.997,0,0,10,28,4,67,0
18-06 10:18:10,24.249,2.000,72.748,0.750,0.250,1405848,1414044,172480,4933608,5719.868,1703.961,0,6191.858,0,332.992,2054,2706,2.580,1.380,0.720,2,0,1.000,0,0,10,28,4,67,0
18-06 10:18:11,23.748,2.250,72.995,0,0,1341024,1478832,172488,4933636,5402.595,1619.879,0,143.989,0,21.998,1092,1373,2.580,1.380,0.720,2,0,3.000,0,0,10,32,4,67,0
18-06 10:18:12,23.042,2.755,73.885,0,0,1417976,1401860,172488,4933652,5696.373,1460.660,0,0,0,0,851,1205,2.450,1.370,0.720,1,0,0,0,0,10,32,4,67,0
18-06 10:18:13,23.958,1.997,73.122,0,0,1362324,1457388,172496,4933752,6247.061,1617.168,0,0,0,0,926,1154,2.450,1.370,0.720,1,0,2.995,0,0,10,32,4,66,0
18-06 10:18:14,21.751,4.000,74.004,0,0,1439688,1380024,172496,4933752,5704.319,1620.091,0,0,0,0,928,1141,2.450,1.370,0.720,1,0,2.000,0,0,10,32,4,66,0
18-06 10:18:15,22.993,2.749,73.727,0,0,1382024,1437596,172504,4933836,7469.714,1531.531,0,0,0,0,996,1218,2.450,1.370,0.720,1,0,1.000,0,0,10,32,4,63,0
18-06 10:18:16,22.256,2.751,73.519,0,0,1382272,1437272,172504,4933876,5643.467,1694.441,0,8.002,0,2.001,970,1156,2.450,1.370,0.720,1,0,1.000,0,0,10,32,4,63,0
18-06 10:18:17,22.992,3.499,73.725,0,0,1441744,1377800,172504,4933876,6468.768,1619.441,0,299.897,0,13.995,1171,1532,2.340,1.360,0.720,1,0,1.999,0,0,10,32,4,62,0
18-06 10:18:18,23.001,2.750,73.504,0,0,1393764,1425752,172508,4933900,5868.346,1694.100,0,380.022,0,20.001,1000,1248,2.340,1.360,0.720,2,0,1.000,0,0,10,32,4,62,0
18-06 10:18:19,23.000,3.000,73.501,0,0.250,1383512,1435968,172508,4933936,5911.041,1620.011,0,48.000,0,4.000,1010,1257,2.340,1.360,0.720,2,0,2.000,0,0,10,32,4,60,0
18-06 10:18:20,22.253,3.250,73.760,0,0,1439708,1379772,172508,4933936,5547.721,1458.190,0,0,0,0,965,1159,2.340,1.360,0.720,2,0,2.000,0,0,10,32,4,60,0
18-06 10:18:21,14.787,13.283,71.179,0,0.251,1349244,1470096,172508,4934072,5574.035,1624.089,0,176.444,0,2.005,2137,3015,2.340,1.360,0.720,2,0,249.629,0,0,10,32,4,54,0
18-06 10:18:22,8.497,20.742,69.724,0,0,1351640,1467628,172508,4934104,5840.856,1693.379,0,831.695,0,9.996,2819,4171,2.310,1.370,0.730,1,0,392.856,0,0,10,32,4,54,0
18-06 10:18:23,7.748,22.244,70.481,0,0,1346128,1472964,172508,4934248,8259.729,1619.555,0,287.921,0,5.998,2710,3959,2.310,1.370,0.730,1,0,349.904,0,0,10,32,4,50,0
18-06 10:18:24,10.480,16.968,70.368,0,0.250,1361228,1457788,172508,4934300,5502.693,1616.971,0,127.761,0,1.996,2652,4026,2.310,1.370,0.730,1,0,351.342,0,0,10,32,4,50,0
18-06 10:18:25,23.499,2.750,73.998,0,0,1437816,1381208,172508,4934292,5610.860,1619.960,0,0,0,0,965,1172,2.310,1.370,0.730,1,0,2.000,0,0,10,32,4,47,0
18-06 10:18:26,23.049,2.255,73.908,0,0,1378768,1440236,172508,4934308,5267.267,1623.473,0,16.034,0,1.002,948,1148,2.310,1.370,0.730,1,0,1.002,0,0,10,32,4,47,0
18-06 10:18:27,23.948,2.245,73.092,0.249,0,1449600,1369424,172516,4934280,6588.755,1508.738,0,187.594,0,27.940,1242,1687,2.210,1.370,0.730,2,0,1.996,0,0,10,32,4,43,0
18-06 10:18:28,23.749,2.500,72.498,0.500,0,1395828,1423144,172532,4934316,5054.843,1565.951,0,4855.849,0,243.992,1546,2020,2.210,1.370,0.730,1,0,1.000,0,0,10,32,4,43,0
18-06 10:18:29,23.252,2.250,73.756,0,0,1448508,1370476,172532,4934304,7074.623,1620.143,0,52.005,0,6.001,955,1200,2.210,1.370,0.730,1,0,3.000,0,0,10,32,4,39,0
18-06 10:18:30,22.292,3.507,73.640,0,0,1418208,1400764,172532,4934316,11003.974,1697.235,0,48.092,0,1.002,1043,1189,2.210,1.370,0.730,1,0,1.002,0,0,10,32,4,39,0
18-06 10:18:31,22.963,2.246,73.880,0,0,1372788,1446184,172532,4934316,13186.585,1497.568,0,19.968,0,0.998,985,1135,2.210,1.370,0.730,1,0,2.995,0,0,10,32,4,39,0
18-06 10:18:32,22.499,3.250,73.746,0,0,1447644,1371340,172532,4934304,5736.684,1619.911,0,0,0,0,820,1140,2.110,1.360,0.730,1,0,2.000,0,0,10,32,4,39,0
18-06 10:18:33,23.050,2.505,73.661,0,0.251,1399436,1419532,172532,4934316,5632.335,1717.762,0,12.026,0,1.002,850,1065,2.110,1.360,0.730,1,0,1.002,0,0,10,32,4,39,0
18-06 10:18:34,22.704,2.994,73.352,0.249,0,1456860,1362132,172532,4934292,13800.179,1455.067,0,2590.777,0,120.757,1223,1161,2.110,1.360,0.730,1,0,1.996,0,0,10,32,4,39,0
18-06 10:18:35,22.985,2.498,73.953,0,0,1416532,1402524,172532,4934228,12105.362,1618.978,0,7.995,0,0.999,903,1143,2.110,1.360,0.730,1,0,0.999,0,0,10,32,4,39,0
18-06 10:18:36,23.519,2.252,73.560,0,0.250,1366488,1452480,172532,4934316,12140.895,1621.321,0,88.072,0,1.001,920,1065,2.110,1.360,0.730,1,0,3.002,0,0,10,32,4,39,0
18-06 10:18:37,22.991,2.749,73.222,0,0.250,1376924,1442036,172532,4934324,8672.704,1457.446,0,155.941,0,10.996,1098,1482,2.020,1.350,0.730,1,0,1.000,0,0,10,32,4,39,0
18-06 10:18:38,23.495,2.250,73.985,0,0,1451284,1367696,172532,4934304,5094.976,1619.674,0,283.943,0,18.996,902,1262,2.020,1.350,0.730,1,0,2.000,0,0,10,32,4,39,0
18-06 10:18:39,23.016,3.002,73.299,0.250,0,1404328,1414640,172532,4934316,5246.541,1695.144,0,388.262,0,19.013,1040,1910,2.020,1.350,0.730,1,0,2.001,0,0,10,32,4,31,0
18-06 10:18:40,23.752,2.500,73.507,0,0.250,1396168,1422812,172532,4934304,4887.455,1458.136,0,720.067,0,125.012,1114,1153,2.020,1.350,0.730,1,0,1.000,0,0,10,32,4,31,0
18-06 10:18:41,27.251,3.250,68.253,0,0,1441624,1377348,172532,4934376,7306.351,1620.078,0,12.001,0,1.000,1527,3666,2.020,1.350,0.730,1,0,36.002,0,0,10,32,4,23,0
18-06 10:18:42,14.774,14.273,70.863,0,0,1379828,1439084,172532,4934356,5865.379,1622.595,0,96.154,0,8.013,2641,4126,1.940,1.350,0.730,1,0,392.628,0,0,10,32,4,23,0
18-06 10:18:43,24.477,1.499,72.931,0,0,1437608,1381124,172532,4934536,6377.979,1618.472,0,0,0,0,896,1094,1.940,1.350,0.730,1,0,0,0,0,10,32,4,21,0
18-06 10:18:44,22.992,3.249,73.724,0,0,1414024,1404656,172532,4934588,11090.152,1619.438,0,235.918,0,5.998,1023,1202,1.940,1.350,0.730,1,0,8.997,0,0,10,32,4,21,0
18-06 10:18:45,17.241,12.993,70.214,0,0,1347764,1470824,172532,4934680,5991.938,1457.255,0,47.975,0,1.999,2180,3234,1.940,1.350,0.730,1,0,274.860,0,0,10,32,4,17,0
18-06 10:18:46,9.015,21.035,69.868,0,0,1349432,1469148,172532,4934688,6713.292,1696.854,0,148.249,0,7.012,3019,4770,1.940,1.350,0.730,1,0,437.736,0,0,10,32,4,17,0
18-06 10:18:47,10.508,20.516,68.302,0.250,0.250,1349564,1468992,172540,4934704,5649.322,1621.240,0,824.631,0,18.014,3760,6232,1.780,1.330,0.730,3,0,601.460,0,0,10,32,4,14,0
18-06 10:18:48,9.496,20.491,68.719,0,0.250,1349252,1469236,172540,4934752,5275.584,1619.258,0,1919.121,0,39.982,3373,5509,1.780,1.330,0.730,1,0,558.744,0,0,10,32,4,14,0
18-06 10:18:49,9.487,20.721,69.155,0,0,1349472,1468992,172540,4934776,5659.190,1617.767,0,1446.005,0,18.974,3587,5946,1.780,1.330,0.730,1,0,617.148,0,0,10,32,4,14,0
18-06 10:18:50,8.007,20.518,70.560,0,0,1349104,1469324,172540,4934812,4931.221,1621.388,0,212.182,0,9.008,3289,5293,1.780,1.330,0.730,2,0,520.446,0,0,10,32,4,12,0
18-06 10:18:51,8.497,21.242,69.973,0,0,1348408,1469972,172540,4934860,4721.206,1499.430,0,275.895,0,9.996,2987,4583,1.780,1.330,0.730,2,0,446.830,0,0,10,32,4,12,0
18-06 10:18:52,10.489,19.979,69.178,0,0.499,1353008,1465320,172540,4934900,5159.665,1618.327,0,51.946,0,12.987,3288,5168,1.640,1.300,0.730,1,0,527.455,0,0,10,32,4,10,0
18-06 10:18:53,20.276,25.283,52.318,0.250,0,1382744,1435568,172556,4934900,6924.996,1622.107,0,648.843,0,32.042,4117,6881,1.640,1.300,0.730,3,0,703.914,0,0,10,32,4,12,0
18-06 10:18:54,59.765,19.505,21.255,0,0,1550196,1267516,172632,4935416,4317.079,1458.365,0,652.163,0,42.011,2277,3477,1.640,1.300,0.730,3,0,234.059,0,0,10,32,4,14,0
18-06 10:18:55,51.767,11.254,29.510,9.503,0,1647124,1160272,173208,4944092,5290.757,1620.538,400.133,24612.171,4.001,1981.658,11274,19338,1.640,1.300,0.730,2,1,89.030,0,0,10,38,4,16,0
18-06 10:18:56,40.499,7.000,35.749,18.999,0,1619376,1178352,174004,4952664,6035.777,1619.940,0,68833.453,0,5331.803,22532,38401,1.640,1.300,0.730,3,2,149.994,0,0,10,36,3,16,0
18-06 10:18:57,40.009,9.002,31.757,18.254,0,1589952,1199084,174532,4960424,5956.316,1458.322,0,78941.446,0,5683.256,22306,40934,1.910,1.370,0.750,6,0,82.018,0,0,10,36,3,17,0
18-06 10:18:58,48.756,12.751,25.253,14.002,0,1556052,1224520,174948,4968268,5596.632,1620.183,0,55994.327,0,4395.497,17908,29659,1.910,1.370,0.750,4,0,237.027,0,0,10,34,3,15,0
18-06 10:18:59,43.493,16.747,31.245,7.999,0,1571996,1201364,175056,4974936,6975.954,1619.757,619.907,32235.165,7.999,2770.584,20433,37655,1.910,1.370,0.750,1,2,198.970,0,0,10,35,3,17,0
18-06 10:19:00,36.501,12.500,34.751,14.750,0.250,1539080,1229096,175316,4979532,10868.206,1458.028,1360.026,58198.106,22.000,4104.078,17361,33300,1.910,1.370,0.750,2,0,210.004,0,0,10,34,3,16,0
18-06 10:19:01,36.019,7.254,43.523,12.507,0,1570296,1194388,175560,4982656,7030.747,1620.864,0,36251.322,0,3382.803,13763,27807,1.910,1.370,0.750,2,1,42.022,0,0,10,35,3,18,0
18-06 10:19:02,34.436,9.233,44.917,11.978,0.250,1535840,1225312,175856,4985744,7901.390,1551.132,0,39267.395,0,3454.612,16120,31353,2,1.390,0.760,1,1,115.786,0,0,10,34,3,22,0
18-06 10:19:03,39.040,6.757,42.043,12.513,0,1579120,1181464,176032,4986076,6168.347,1567.613,0,32020.950,0,3161.253,15195,27099,2,1.390,0.760,2,1,21.022,0,0,10,35,3,22,0
18-06 10:19:04,35.257,6.751,43.258,12.502,0,1510612,1249088,176204,4986780,6677.309,1694.332,0,45324.884,0,3954.775,19485,36647,2,1.390,0.760,2,2,66.013,0,0,10,34,3,21,0
18-06 10:19:05,37.526,5.754,42.279,13.759,0,1568872,1188704,176328,4988712,5474.734,1695.156,0,44634.441,0,3710.531,14196,27195,2,1.390,0.760,1,2,33.023,0,0,10,37,3,21,0
18-06 10:19:06,41.975,5.747,40.726,10.744,0.250,1568744,1186436,176424,4990992,5617.702,1619.050,0,20348.056,0,2243.683,15170,27662,2,1.390,0.760,1,1,38.977,0,0,10,36,3,23,0
18-06 10:19:07,32.753,9.251,40.253,16.001,0,1565132,1187360,176580,4993420,9361.740,1694.134,0,47975.790,0,4205.332,14416,29428,2.080,1.420,0.770,2,1,94.007,0,0,10,36,3,23,0
18-06 10:19:08,36.187,7.736,42.925,13.476,0.250,1527472,1222096,176772,4996080,4807.577,1617.167,0,41135.930,0,3688.538,14978,30200,2.080,1.420,0.770,1,2,81.857,0,0,10,36,3,24,0
18-06 10:19:09,36.250,7.000,40.500,15.500,0,1572604,1174244,176976,4998528,5417.940,1499.984,0,50971.439,0,4270.953,16988,32474,2.080,1.420,0.770,9,0,75.999,0,0,10,36,3,24,0
18-06 10:19:10,34.308,9.766,42.071,13.523,0,1562724,1181448,177120,5000992,6035.163,1622.733,0,35768.234,0,3380.693,16410,27581,2.080,1.420,0.770,1,1,129.218,0,0,10,36,3,24,0
18-06 10:19:11,34.492,8.748,42.740,12.997,0,1518652,1224460,177212,5001940,5529.673,1693.594,0,46056.946,0,3909.062,19254,32039,2.080,1.420,0.770,5,0,69.983,0,0,10,36,3,25,0
18-06 10:19:12,36.012,9.253,40.013,15.505,0,1573260,1174536,177236,4997232,6986.257,1620.523,0,48375.625,0,4455.439,16607,33304,2.150,1.450,0.790,2,1,18.006,0,0,10,37,3,25,0
18-06 10:19:13,32.000,8.750,53.251,5.500,0,1382608,1365040,177276,4997340,8962.125,1620.023,0,27316.382,0,2013.028,9477,17334,2.150,1.450,0.790,1,0,142.002,0,0,10,32,3,27,0
18-06 10:19:14,7.991,21.974,67.670,0.499,0,1385356,1362292,177276,4997340,7064.664,1618.091,0,3739.587,0,215.745,3630,5517,2.150,1.450,0.790,1,0,513.394,0,0,10,32,3,27,0
18-06 10:19:15,42.552,16.520,40.049,0.501,0,1491504,1255924,177292,4997544,5355.577,1621.992,0,2523.098,0,115.141,3280,5084,2.150,1.450,0.790,3,0,371.456,0,0,10,32,3,33,0
18-06 10:19:16,67.500,7.500,23.750,0.250,0.250,1696032,1048840,177364,4999848,5179.969,1511.991,0,6339.962,0,347.998,2186,2635,2.150,1.450,0.790,3,0,6.000,0,0,10,32,3,33,0
18-06 10:19:17,52.744,7.749,32.246,6.249,0,1774864,962532,177528,5006708,6660.187,1565.809,0,20365.515,0,1608.804,9458,14714,2.220,1.470,0.800,1,1,86.989,0,0,10,38,3,33,0
18-06 10:19:18,25.220,7.241,45.446,19.227,0,1776084,949432,177708,5017996,5941.988,1618.091,0,97968.397,0,7332.348,29722,49929,2.220,1.470,0.800,2,0,209.752,0,0,10,38,3,33,0
18-06 10:19:19,31.469,7.493,41.958,18.731,0.250,1776796,939364,177840,5026940,4826.212,1692.321,0,78486.142,0,6398.653,29521,52624,2.220,1.470,0.800,2,1,201.800,0,0,10,38,3,33,0
18-06 10:19:20,41.501,9.000,31.501,16.750,0.250,1683708,1023352,177964,5035700,5109.082,1586.025,0,75837.213,0,6090.097,22633,41166,2.220,1.470,0.800,1,1,249.004,0,0,10,36,3,33,0
18-06 10:19:21,49.108,9.521,29.816,12.026,0,1747096,952036,178024,5043196,5614.346,1569.451,0,69268.321,0,5130.281,17574,32979,2.220,1.470,0.800,3,0,75.165,0,0,10,36,3,33,0
18-06 10:19:22,37.690,9.485,30.701,22.214,0,1664656,1021520,178096,5055564,7078.639,1617.404,0,79360.626,0,5573.055,20532,37992,2.280,1.500,0.810,4,1,58.905,0,0,10,36,3,33,0
18-06 10:19:23,21.486,8.994,51.217,19.238,0.250,1661856,1020376,178120,5059328,7490.169,1511.025,0,74260.102,0,5788.267,23758,40926,2.280,1.500,0.810,1,1,87.943,0,0,10,36,3,33,0
18-06 10:19:24,33.577,7.768,49.613,7.768,0,1392004,1288252,178124,5061248,7797.810,1569.585,0,25618.513,0,2300.254,11434,19432,2.280,1.500,0.810,1,1,177.405,0,0,10,32,3,33,0
18-06 10:19:25,21.704,6.736,69.354,2.495,0,1445680,1234472,178128,5061320,6024.307,1616.594,0,21586.517,0,1083.717,4433,6757,2.280,1.500,0.810,1,0,134.716,0,0,10,32,3,33,0
18-06 10:19:26,24.745,1.250,71.735,1.250,0,1510696,1169456,178132,5061316,5504.866,1511.689,0,4767.018,0,273.944,1881,2723,2.280,1.500,0.810,1,0,0,0,0,10,36,3,33,0
18-06 10:19:27,22.492,3.999,73.475,0.250,0,1421176,1258960,178132,5061332,6661.742,1565.469,0,147.950,0,11.996,1326,1817,2.180,1.490,0.810,1,0,26.991,0,0,10,32,3,33,0
18-06 10:19:28,21.247,3.999,73.740,0,0.250,1488456,1191676,178132,5061336,6517.120,1619.781,0,51.993,0,5.999,885,1170,2.180,1.490,0.810,1,0,3.000,0,0,10,32,3,33,0
18-06 10:19:29,20.806,6.518,71.193,0.251,0,1397428,1282700,178144,5061328,6361.239,1516.109,0,717.946,0,53.144,1650,2606,2.180,1.490,0.810,2,0,108.293,0,0,10,32,3,33,0
18-06 10:19:30,15.734,32.468,49.451,0,0.250,1403916,1276176,178144,5061364,12037.974,1564.437,0,367.633,0,34.965,5418,9135,2.180,1.490,0.810,1,0,1168.832,0,0,10,32,3,33,0
18-06 10:19:31,8.240,20.974,69.413,0,0.250,1403220,1276816,178144,5061420,5024.724,1659.927,0,115.855,0,12.984,3138,4665,2.180,1.490,0.810,1,0,510.363,0,0,10,32,3,33,0
18-06 10:19:32,8.000,20.750,71.000,0,0,1403560,1276348,178144,5061512,8715.017,1620.003,0,244.000,0,2.000,2576,3625,2,1.460,0.810,1,0,302.001,0,0,10,32,3,33,0
18-06 10:19:33,9.519,19.038,69.389,0,0.251,1403640,1276124,178144,5061652,9434.917,1717.443,0,36.072,0,9.018,2721,4073,2,1.460,0.810,1,0,338.679,0,0,10,32,3,33,0
18-06 10:19:34,22.750,16.000,61.000,0,0,1432968,1246524,178152,5062028,11905.024,1512.003,0,12.000,0,3.000,5383,11327,2,1.460,0.810,3,0,216.000,0,0,10,32,3,33,0
18-06 10:19:35,46.926,5.242,46.926,0,0,1553496,1125928,178152,5062176,8040.385,1691.346,0,27.956,0,0.998,1403,1537,2,1.460,0.810,3,0,50.920,0,0,10,33,3,33,0
18-06 10:19:36,51.465,3.747,45.220,0,0,1618616,1056960,178168,5066008,13608.868,1564.950,0,1163.219,0,85.942,1873,8986,2,1.460,0.810,2,0,4.997,0,0,10,49,3,33,0
18-06 10:19:37,31.765,11.756,56.027,0.250,0,1664336,1009632,178224,5067180,15609.555,1620.784,0,5510.667,0,397.192,2460,2667,2,1.470,0.810,2,0,118.057,0,0,10,48,3,33,0
18-06 10:19:38,12.271,18.281,67.864,0,0,1675592,998392,178228,5067404,5464.218,1514.555,0,388.656,0,13.022,5573,12101,2,1.470,0.810,1,0,296.500,0,0,10,48,3,33,0
18-06 10:19:39,4.989,2.744,90.791,0.499,0.249,1673164,1000828,178228,5067216,4775.003,1562.402,0,379.127,0,27.936,1577,2525,2,1.470,0.810,0,0,26.938,0,0,10,48,3,33,0
18-06 10:19:40,0.750,0.750,98.499,0,0,1672992,1000996,178228,5067224,5108.959,1661.987,0,40.000,0,5.000,658,1059,2,1.470,0.810,0,0,3.000,0,0,10,48,3,33,0
18-06 10:19:41,3.258,1.504,93.991,0,0,1691808,982164,178228,5069664,4612.823,1515.885,0,0,0,0,1021,1661,2,1.470,0.810,1,0,35.090,0,0,10,48,3,33,0
18-06 10:19:42,2.493,0.748,95.243,0.249,0,1663068,1010904,178228,5067224,5239.842,1561.780,0,430.836,0,88.760,1031,1864,1.840,1.450,0.810,0,0,2.992,0,0,10,48,3,34,0
18-06 10:19:43,8.250,9.750,81.753,0,0.750,1606764,1067208,178228,5067568,6613.238,1620.058,0,0,0,0,1889,5326,1.840,1.450,0.810,1,0,167.006,0,0,10,48,3,33,0
18-06 10:19:44,14.540,15.794,69.191,0,0,1653844,1020080,178228,5067236,5949.432,1516.188,0,4.011,0,1.003,4765,11064,1.840,1.450,0.810,1,0,269.745,0,0,10,48,3,33,0
18-06 10:19:45,14.478,19.970,65.400,0,0,1665120,1008412,178228,5067776,8139.595,1875.142,0,95.854,0,2.995,4213,9290,1.840,1.450,0.810,2,0,277.577,0,0,11,48,3,33,0
18-06 10:19:46,9.238,6.242,83.637,0,0,1663848,1009656,178228,5067540,5461.649,1691.723,0,786.941,0,14.980,2239,3941,1.840,1.450,0.810,0,0,152.794,0,0,11,48,3,33,0
18-06 10:19:47,12.778,14.031,74.414,0,0,1670968,1002496,178228,5067580,5799.759,1515.334,0,0,0,0,3402,5888,1.780,1.440,0.810,1,0,183.403,0,0,13,50,3,33,0
18-06 10:19:48,10.977,16.466,70.353,0,0.249,1669256,1004192,178228,5067572,5294.918,1636.575,0,35.925,0,7.983,3792,8041,1.780,1.440,0.810,1,0,290.392,0,0,13,50,3,34,0
18-06 10:19:49,10.278,19.051,69.186,0,0,1663760,1009640,178228,5067604,5566.953,1624.363,0,593.594,0,41.110,2909,4597,1.780,1.440,0.810,3,0,323.870,0,0,13,50,3,34,0
18-06 10:19:50,21.002,17.002,60.757,0,0,1682244,991124,178232,5067668,5544.604,1704.186,0,96.010,0,7.001,4664,8073,1.780,1.440,0.810,3,0,225.025,0,0,13,50,3,34,0
18-06 10:19:51,30.751,23.001,44.751,0.500,0,1750348,922996,178236,5067656,4509.135,1512.045,0,8520.256,0,357.011,4400,7273,1.780,1.440,0.810,3,0,601.018,0,0,13,50,3,34,0
18-06 10:19:52,29.207,23.715,45.434,0.250,0.499,1805932,866428,178332,5068528,5582.860,1691.534,31.953,2200.791,1.997,93.863,3870,7873,1.870,1.470,0.820,3,0,556.189,0,0,13,54,3,36,0
18-06 10:19:53,36.455,17.728,44.445,0,0.250,1852184,819572,178332,5069280,5566.081,1617.989,0,135.831,0,11.985,4720,9176,1.870,1.470,0.820,2,0,261.675,0,0,13,54,3,35,0
18-06 10:19:54,55.901,23.814,20.054,0,0,2009272,662468,178336,5069328,5122.842,1624.389,0,20.054,0,5.014,3214,7532,1.870,1.470,0.820,3,0,563.523,0,0,13,54,3,35,0
18-06 10:19:55,61.249,19.250,18.250,0,0,2099112,571588,178368,5070392,8219.819,1655.964,0,20.000,0,5.000,5055,11943,1.870,1.470,0.820,4,0,298.993,0,0,13,54,3,30,0
18-06 10:19:56,73.734,21.245,2.999,0.500,0,2257224,411280,178668,5072388,5438.803,1511.667,159.965,1559.657,39.991,83.982,2704,7506,1.870,1.470,0.820,6,0,543.880,0,0,13,58,3,30,0
18-06 10:19:57,68.368,23.205,5.988,1.996,0,2376092,279684,178680,5084332,6308.855,1616.887,0,28481.174,0,2113.931,12546,25715,2.040,1.510,0.840,5,0,303.416,0,0,13,58,3,28,0
18-06 10:19:58,70.850,22.281,4.006,2.253,0.250,2484656,163116,178796,5091856,4948.958,1568.205,0,22555.713,0,1825.567,12214,23670,2.040,1.510,0.840,5,0,394.555,0,0,13,60,3,28,0
18-06 10:19:59,72.260,24.503,2.250,0.250,0,2568656,131380,176620,5042136,7304.986,1512.204,664.090,10937.477,19.003,673.091,8055,18255,2.040,1.510,0.840,6,0,435.059,0,0,13,71,3,32,0
18-06 10:20:00,63.034,23.263,12.257,0.250,0,2676760,128448,176600,4937956,6097.335,1736.950,3165.732,6851.748,167.091,406.222,4752,12175,2.040,1.510,0.840,3,0,517.283,0,0,13,77,3,35,0
18-06 10:20:01,49.750,20.250,29.000,0.500,0.250,2744060,130256,176600,4870312,9505.048,1566.008,5780.029,5128.026,168.001,353.002,7275,16022,2.040,1.510,0.840,4,0,233.001,0,0,13,79,3,33,0
18-06 10:20:02,63.693,11.989,22.979,0.500,0,2889076,135536,176416,4723684,8311.569,1552.612,4947.577,883.210,143.871,93.916,2978,11422,2.120,1.530,0.850,5,0,4.996,0,0,13,78,3,34,0
18-06 10:20:03,16.493,18.492,61.474,1.249,0.500,2917624,132932,176432,4698104,8478.388,1619.310,127.945,8688.299,7.997,507.784,4751,7711,2.120,1.530,0.850,1,0,326.861,0,0,13,85,3,29,0
18-06 10:20:04,9.987,17.228,71.407,0,0,2920388,132772,176432,4695636,5777.507,1563.972,0,111.855,0,11.984,2848,4348,2.120,1.530,0.850,1,0,328.574,0,0,13,85,3,29,0
18-06 10:20:05,11.274,15.783,71.903,0.501,0,2930236,128408,176436,4690144,5991.714,1605.407,817.735,40.085,21.045,4.009,2730,4014,2.120,1.530,0.850,1,0,339.721,0,0,13,85,3,28,0
18-06 10:20:06,22.953,3.992,72.600,0,0.249,2974300,131520,176432,4643740,6112.372,1616.660,115.761,0,9.979,0,1293,1847,2.120,1.530,0.850,2,0,0,0,0,13,89,3,29,0
18-06 10:20:07,20.995,4.999,72.482,0,0,2953188,152228,176432,4644144,8395.893,1565.607,183.954,299.925,3.999,21.994,1897,2754,2.030,1.520,0.850,2,0,62.984,0,0,13,87,3,27,0
18-06 10:20:08,23.998,2.250,71.995,0.500,0,2985592,119804,176444,4644156,5003.640,1511.891,0,551.960,0,53.996,1808,2921,2.030,1.520,0.850,2,0,1.000,0,0,13,92,3,27,0
18-06 10:20:09,28.071,2.757,67.170,1.504,0,2992680,125224,176460,4631920,5692.385,1698.292,0,2341.918,0,267.676,4334,8202,2.030,1.520,0.850,1,0,3.008,0,0,13,93,3,26,0
18-06 10:20:10,24.190,6.235,67.583,0.499,0.249,2968564,149108,176460,4632152,5205.102,1657.892,0,809.993,0,76.810,3089,5478,2.030,1.520,0.850,1,0,112.721,0,0,13,96,3,27,0
18-06 10:20:11,23.494,2.999,72.230,0.750,0.250,3000228,129644,176460,4620124,5449.507,1619.556,0,2775.240,0,348.904,1817,2582,2.030,1.520,0.850,1,0,0,0,0,13,97,3,26,0
18-06 10:20:12,30.859,4.977,63.460,0.498,0,2965356,192484,176468,4592736,6201.665,1612.632,358.363,2010.813,9.955,167.236,3455,6084,1.950,1.520,0.850,3,0,20.904,0,0,13,98,3,26,0
18-06 10:20:13,53.390,10.326,34.502,0.252,0,3115032,119380,176468,4518260,5656.359,1631.933,84.619,676.950,3.022,52.383,2291,3944,1.950,1.520,0.850,2,0,84.619,0,0,13,104,3,24,0
18-06 10:20:14,32.414,6.483,59.592,0.249,0,3117024,142296,176468,4494012,5697.912,1561.864,0,474.743,0,36.902,1914,2772,1.950,1.520,0.850,1,0,55.852,0,0,13,104,3,24,0
18-06 10:20:15,22.055,5.013,72.181,0,0,3100828,158480,176468,4494024,6861.174,1515.794,0,437.094,0,31.078,1684,2450,1.950,1.520,0.850,1,0,52.130,0,0,13,104,3,24,0
18-06 10:20:16,23.196,3.242,71.833,0.499,0,3150292,129784,176468,4473832,5684.806,1779.869,0,434.990,0,33.921,1314,2037,1.950,1.520,0.850,2,0,0,0,0,13,105,3,18,0
18-06 10:20:17,19.994,7.248,71.227,1.000,0,3129388,156088,176468,4468492,7962.412,1619.474,0,987.679,0,101.967,2371,3731,1.870,1.510,0.860,1,0,82.973,0,0,13,106,3,18,0
18-06 10:20:18,21.051,5.764,72.426,0.251,0.251,3100936,184532,176472,4468496,5411.133,1623.941,4.010,417.012,1.002,22.054,1602,2221,1.870,1.510,0.860,1,0,55.134,0,0,13,106,3,18,0
18-06 10:20:19,23.003,3.000,72.761,0,0,3159328,126124,176472,4468512,5029.729,1458.211,0,348.050,0,22.003,1324,1847,1.870,1.510,0.860,1,0,2.000,0,0,13,109,3,18,0
18-06 10:20:20,27.246,4.999,65.240,2.000,0,3166264,129664,176480,4458012,5588.156,1619.755,743.888,6447.026,128.981,587.911,6410,12640,1.870,1.510,0.860,1,1,2.000,0,0,13,112,3,19,0
18-06 10:20:21,21.698,4.489,72.576,0.748,0,3165732,130460,176480,4457888,5705.284,1508.374,0,2334.388,0,135.674,1871,2724,1.870,1.510,0.860,1,0,52.873,0,0,13,111,3,19,0
18-06 10:20:22,26.527,3.504,69.570,0.501,0.250,3171632,125200,176488,4457240,5837.908,1567.586,0,1141.155,0,138.140,3491,6134,1.800,1.500,0.860,1,0,0,0,0,13,112,3,19,0
18-06 10:20:23,45.450,9.490,43.203,0.499,0,3195944,160948,176488,4398392,5840.605,1618.228,15.982,1330.543,2.997,130.857,9206,19162,1.800,1.500,0.860,1,0,97.893,0,0,13,119,3,19,0
18-06 10:20:24,23.496,2.999,71.488,0.750,0.250,3230168,126704,176488,4398412,6806.822,1457.748,7.999,1503.740,1.000,162.972,2722,4581,1.800,1.500,0.860,1,0,0,0,0,13,119,3,19,0
18-06 10:20:25,19.507,8.503,71.777,0.250,0.250,3228748,128080,176488,4398456,6777.569,1620.614,0,648.246,0,36.014,1808,2629,1.800,1.500,0.860,1,0,147.056,0,0,13,119,3,19,0
18-06 10:20:26,24.750,4.500,68.499,1.000,0,3235224,121584,176488,4398476,5698.943,1619.984,0,4355.956,0,312.997,3494,6727,1.800,1.500,0.860,3,0,0,0,0,13,120,2,21,0
18-06 10:20:27,29.746,3.250,65.241,0.250,0,3241644,132036,176492,4382000,7376.952,1499.787,363.948,607.914,20.997,62.991,3566,7179,1.740,1.490,0.860,4,0,3.999,0,0,13,121,2,21,0
18-06 10:20:28,39.860,12.033,45.877,1.253,0,3232684,140992,176492,4382004,5921.337,2043.638,48.133,1223.375,5.014,116.321,5223,11222,1.740,1.490,0.860,2,0,286.791,0,0,13,121,2,21,0
18-06 10:20:29,42.191,4.494,50.180,1.498,0.250,3204664,180524,176492,4370780,6563.843,1703.623,0,5540.271,0,405.434,4595,10246,1.740,1.490,0.860,2,1,1.997,0,0,13,121,2,21,0
18-06 10:20:30,9.012,20.276,69.840,0,0,3209920,175256,176496,4370788,13010.758,1710.203,12.015,1029.326,3.004,59.076,3392,5511,1.740,1.490,0.860,1,0,406.524,0,0,13,121,2,21,0
18-06 10:20:31,13.250,17.750,67.252,0.250,0,3213300,170888,176496,4371956,9681.242,1620.041,760.019,360.009,39.001,21.001,4270,8339,1.740,1.490,0.860,3,0,265.007,0,0,13,121,2,21,0
18-06 10:20:32,29.732,19.738,50.220,0.500,0,3249224,135608,176496,4371124,8418.940,1619.027,0,4933.035,0,403.757,4159,6353,1.680,1.480,0.860,2,0,403.757,0,0,13,121,2,21,0
18-06 10:20:33,32.533,21.272,44.796,0,0.250,3289788,136516,176508,4330972,6315.473,1799.845,668.685,664.681,17.017,62.064,4202,8537,1.680,1.480,0.860,15,0,400.410,0,0,13,125,2,22,0
18-06 10:20:34,44.746,21.498,32.747,0,0.250,3410944,133932,176464,4214556,12892.930,1689.860,243.980,487.959,26.998,30.997,6415,14066,1.680,1.480,0.860,3,0,340.972,0,0,15,135,2,22,0
18-06 10:20:35,55.992,21.247,22.747,0,0,3525380,123588,176464,4113288,12167.211,1619.762,75.989,263.961,3.999,19.997,4489,7976,1.680,1.480,0.860,15,0,542.920,0,0,15,135,2,22,0
18-06 10:20:36,55.212,20.736,23.484,0.500,0.250,3590752,131784,176464,4040400,12526.307,1618.876,51.964,10100.990,2.998,701.513,8925,23319,1.680,1.480,0.860,2,0,345.760,0,0,15,151,2,22,0
18-06 10:20:37,35.521,21.763,41.774,0,0,3660328,132704,176464,3971768,10668.241,1458.853,0,0,0,0,3226,5160,1.860,1.520,0.880,3,0,460.269,0,0,15,151,2,22,0
18-06 10:20:38,15.709,17.455,64.832,0,0,3671040,130588,176464,3963420,5794.974,1705.577,0,371.038,0,20.946,3668,7884,1.860,1.520,0.880,3,0,332.139,0,0,16,151,2,22,0
18-06 10:20:39,27.326,19.554,51.894,0.251,0,3713976,131036,176468,3920888,5553.405,1624.506,0,493.369,0,41.114,3676,8532,1.860,1.520,0.880,2,0,336.935,0,0,16,153,2,22,0
18-06 10:20:40,34.408,20.944,43.883,0,0,3775508,134948,176476,3857484,5749.689,1615.697,0,187.501,0,23.936,3580,8002,1.860,1.520,0.880,2,0,377.993,0,0,16,161,2,23,0
18-06 10:20:41,34.022,21.014,43.278,0,0.250,3877248,131252,176488,3760980,5322.476,1621.059,32.021,616.403,4.003,34.022,5702,13174,1.860,1.520,0.880,2,0,321.210,0,0,16,167,2,23,0
18-06 10:20:42,35.822,25.301,38.327,1.002,0,3930444,136828,176488,3702356,6161.434,1531.090,56.113,5903.914,4.008,506.021,5206,17160,1.880,1.530,0.880,2,0,718.450,0,0,16,169,2,23,0
18-06 10:20:43,18.733,21.980,57.947,0,0,3984840,127624,176488,3657412,6227.339,1660.491,0,483.560,0,33.969,5538,10904,1.880,1.530,0.880,2,0,481.562,0,0,16,175,2,23,0
18-06 10:20:44,21.019,16.515,61.307,0.500,0,3993532,137044,176488,3639568,8507.878,1621.502,4.004,692.641,1.001,52.048,6304,12135,1.880,1.530,0.880,2,0,245.227,0,0,16,179,2,23,0
18-06 10:20:45,43.118,9.222,45.860,0.498,0.249,4117296,132828,176488,3522228,5885.051,1453.567,3.988,5116.395,0.997,433.677,2556,2717,1.880,1.530,0.880,3,0,40.875,0,0,16,179,2,23,0
18-06 10:20:46,45.380,7.772,46.634,0.251,0,4222412,141908,176488,3410632,5355.359,1624.660,180.518,312.897,10.029,26.075,1814,2399,1.880,1.530,0.880,3,0,4.012,0,0,16,181,2,23,0
18-06 10:20:47,29.255,16.753,52.759,0.250,0,4168552,195404,176492,3411064,7153.273,1620.288,92.016,380.068,7.001,21.004,3551,6030,1.890,1.540,0.890,3,0,427.076,0,0,16,183,2,23,0
18-06 10:20:48,40.660,21.952,36.919,0,0.499,4211936,150556,176496,3412892,11222.266,1454.794,3.991,666.531,0.998,49.890,5395,14316,1.890,1.540,0.890,4,0,503.889,0,0,16,195,2,22,0
18-06 10:20:49,62.635,17.788,19.041,0.251,0,4279904,127724,176512,3368604,6670.408,1713.702,1795.879,412.892,39.084,25.054,4924,9159,1.890,1.540,0.890,6,0,205.444,0,0,16,200,2,22,0
18-06 10:20:50,78.279,16.256,4.502,0,0,4351840,170080,176540,3256996,4950.842,1694.630,508.189,12340.591,8.003,551.205,4219,6360,1.890,1.540,0.890,5,0,66.025,0,0,16,216,2,22,0
18-06 10:20:51,74.715,17.992,5.747,0.250,0,4393292,185244,176616,3200756,4771.791,1457.325,363.832,2894.660,12.994,241.888,6403,14141,1.890,1.540,0.890,5,0,137.936,0,0,16,219,2,31,0
18-06 10:20:52,48.268,23.759,25.009,0.750,0,4454588,125808,176644,3199252,4731.737,1620.595,248.091,13460.940,15.006,405.149,5734,10594,1.970,1.560,0.900,6,0,561.206,0,0,16,220,2,29,0
18-06 10:20:53,53.732,22.242,22.242,0,0,4436544,154704,176648,3188300,7341.497,1619.448,91.969,1367.534,2.999,77.973,6067,19891,1.970,1.560,0.900,6,0,328.888,0,0,16,221,2,29,0
18-06 10:20:54,58.713,21.736,16.739,0.750,0,4474080,163592,176652,3142216,4760.991,1565.011,303.808,12663.996,5.996,522.670,6766,36808,1.970,1.560,0.900,4,0,394.751,0,0,16,221,2,30,0
18-06 10:20:55,60.285,20.262,17.510,0.500,0.250,4558656,130912,176656,3090604,4969.848,1512.867,1584.908,6535.745,33.019,640.367,7760,19122,1.970,1.560,0.900,4,0,244.140,0,0,16,225,2,32,0
18-06 10:20:56,53.726,22.990,21.740,0.750,0.250,4614056,131488,176656,3035444,5520.521,1619.273,583.738,939.578,54.975,81.963,4323,10302,1.970,1.560,0.900,3,0,493.778,0,0,16,231,2,32,0
18-06 10:20:57,58.745,18.498,21.498,0,0,4660072,128640,176664,2992256,7135.365,1619.856,287.974,711.937,23.998,45.996,7576,20232,2.220,1.620,0.920,3,0,211.981,0,0,16,237,2,35,0
18-06 10:20:58,66.269,9.753,22.757,0.500,0,4799288,131240,176664,2853212,4925.438,1690.494,536.157,6833.996,38.011,584.171,3202,4601,2.220,1.620,0.920,3,0,5.001,0,0,16,241,2,35,0
18-06 10:20:59,67.280,13.006,18.758,1.000,0,4805852,163244,176452,2816060,7263.203,1710.754,1072.473,3541.562,71.031,237.105,4874,12731,2.220,1.620,0.920,5,0,81.036,0,0,16,251,2,41,0
18-06 10:21:00,51.481,24.241,21.242,0.500,0,4769144,199188,176452,2816916,6452.587,1661.379,1339.499,2487.070,42.984,253.905,5921,11563,2.220,1.620,0.920,4,0,492.816,0,0,16,251,2,41,0
18-06 10:21:01,52.177,22.113,24.846,0.248,0.248,4773604,190568,176540,2821328,9142.490,1610.048,4213.954,1732.293,72.552,94.416,6799,14480,2.220,1.620,0.920,3,0,347.850,0,0,16,252,2,32,0
18-06 10:21:02,77.479,16.099,6.037,0.252,0,4901888,141932,175664,2744920,7168.293,1521.401,986.093,442.736,17.106,22.137,2833,4727,2.440,1.680,0.940,4,0,167.032,0,0,17,257,2,33,0
18-06 10:21:03,78.003,15.001,4.500,1.500,0,5007760,135272,174480,2649092,7559.265,1566.055,2844.100,7560.265,164.006,676.024,3700,4661,2.440,1.680,0.940,3,0,21.001,0,0,17,255,2,30,0
18-06 10:21:04,60.276,15.443,23.413,0.498,0.249,4994468,177440,174328,2620860,6311.571,2098.211,948.479,1143.754,51.808,96.641,5206,13923,2.440,1.680,0.940,1,0,259.038,0,0,17,257,2,33,0
18-06 10:21:05,18.820,6.273,73.271,0.251,0,4987068,184580,174336,2621096,10683.497,2642.770,847.132,405.499,14.052,27.100,1955,2887,2.440,1.680,0.940,1,0,10.037,0,0,17,261,2,33,0
18-06 10:21:06,20.758,5.252,73.279,0,0,4992356,179236,174336,2621152,22220.666,5189.024,792.309,380.148,10.004,28.011,1973,2894,2.440,1.680,0.940,2,0,9.004,0,0,17,262,2,33,0
18-06 10:21:07,22.958,5.241,71.870,0,0,5009340,162052,174336,2621352,306406.404,8035.456,511.075,331.400,3.993,25.953,2140,3945,2.330,1.670,0.940,1,0,7.986,0,0,17,266,2,32,0
18-06 10:21:08,15.469,5.739,78.095,0.499,0,5002284,168972,174336,2621488,23005.334,2205.622,766.479,534.938,5.988,40.919,1976,3115,2.330,1.670,0.940,0,0,5.988,0,0,17,266,2,32,0
18-06 10:21:09,6.244,3.247,89.170,0.250,0.250,5002476,167404,174336,2622864,2062662.729,53757.726,0,483.566,0,42.961,4324,4696,2.330,1.670,0.940,1,0,3.996,0,0,17,272,2,32,0
18-06 10:21:10,5.001,2.501,90.019,0.250,0.250,5002224,164752,174336,2625764,2463555.420,56163.682,36.007,1184.246,2.000,86.018,5217,5084,2.330,1.670,0.940,0,0,1.000,0,0,17,274,2,32,0
18-06 10:21:11,4.003,2.502,90.808,0.250,0.500,4990456,176916,174332,2625380,2461184.002,55095.481,0,144.093,0,16.010,5017,4682,2.330,1.670,0.940,1,0,0,0,0,17,274,2,31,0
18-06 10:21:12,5.769,1.254,91.548,0,0,4991200,173724,174332,2627828,2471785.606,55460.635,0,36.118,0,4.013,4908,4540,2.220,1.650,0.950,0,0,0,0,0,17,274,2,31,0
18-06 10:21:13,4.981,1.494,91.652,0,0,4987672,177464,174300,2627676,2455998.398,55858.130,0,442.322,0,1.992,3637,4327,2.220,1.650,0.950,0,0,0,0,0,17,274,2,31,0
18-06 10:21:14,5.000,2.000,89.249,0.250,0.250,4987888,174972,174300,2629952,2462275.453,55721.331,0,383.995,0,37.000,5200,5386,2.220,1.650,0.950,0,0,3.000,0,0,17,278,2,31,0
18-06 10:21:15,5.497,1.999,89.706,0,0,4987296,173164,174300,2632336,2464005.709,55460.713,0,247.878,0,21.989,4696,5073,2.220,1.650,0.950,0,0,1.000,0,0,17,278,2,31,0
18-06 10:21:16,13.509,15.260,71.047,0.250,0,5016232,141956,174300,2634592,73429.316,3388.229,2165.425,196.129,30.020,16.011,2931,4347,2.220,1.650,0.950,1,0,258.170,0,0,17,279,2,31,0
18-06 10:21:17,24.829,2.759,69.973,0.752,0,5054464,137928,174036,2600980,5951.975,1516.836,0,9883.509,0,617.970,2882,3419,2.120,1.640,0.950,1,0,0,0,0,17,284,2,32,0
18-06 10:21:18,27.150,4.982,67.503,0.747,0,5062928,136952,174036,2593612,6111.595,1687.812,561.940,693.458,35.869,83.693,4381,10148,2.120,1.640,0.950,1,0,3.985,0,0,17,293,2,34,0
18-06 10:21:19,17.548,12.284,68.939,0.251,0,4997536,186144,174036,2609796,5183.218,1624.456,188.517,485.331,8.022,40.110,2987,5198,2.120,1.640,0.950,1,0,221.608,0,0,17,289,2,36,0
18-06 10:21:20,19.515,8.757,70.556,0,0.250,5043756,139832,174036,2609872,5924.692,1621.284,12.010,260.206,3.002,13.010,2548,4183,2.120,1.640,0.950,1,0,245.194,0,0,17,289,2,36,0
18-06 10:21:21,15.225,10.982,71.631,0,0.250,5006576,177012,174036,2609872,5234.269,1563.392,0,854.575,0,52.912,2471,3876,2.120,1.640,0.950,1,0,188.685,0,0,17,289,2,35,0
18-06 10:21:22,8.744,18.737,70.201,0.250,0.500,5005260,178304,174036,2609896,6156.727,1638.863,7.994,12287.472,0.999,49.965,3432,5587,2.190,1.670,0.960,1,0,389.730,0,0,17,289,2,35,0
18-06 10:21:23,4.244,3.745,90.876,0,0,5006648,176848,174036,2609964,9082.620,1563.868,11.984,43.940,1.997,4.993,1626,2691,2.190,1.670,0.960,0,0,91.875,0,0,17,289,2,35,0
18-06 10:21:24,19.006,3.251,76.775,0,0,5051000,132496,174036,2609964,4782.564,1566.512,0,16017.238,0,25.008,1460,2153,2.190,1.670,0.960,1,0,9.003,0,0,17,289,2,35,0
18-06 10:21:25,17.069,11.295,70.031,0.502,0,5000692,185016,174040,2607772,10359.604,1626.532,148.597,2241.000,14.056,343.379,3011,4139,2.190,1.670,0.960,1,0,137.552,0,0,17,293,2,35,0
18-06 10:21:26,11.475,17.462,70.096,0,0,5002588,182720,174040,2608172,5078.872,1550.603,167.633,0,7.983,0,2908,4992,2.190,1.670,0.960,1,0,243.467,0,0,17,293,2,35,0
18-06 10:21:27,14.230,14.979,70.401,0,0,5021452,163192,174040,2608836,6940.277,1563.809,151.787,0,9.986,0,2839,4628,2.340,1.710,0.970,1,0,217.695,0,0,17,293,2,33,0
18-06 10:21:28,23.743,3.999,70.979,0.250,0,5057188,138596,173948,2597876,5237.455,1619.522,0,439.870,0,40.988,1684,2672,2.340,1.710,0.970,1,0,2.999,0,0,17,293,2,33,0
18-06 10:21:29,24.747,3.999,69.741,0.500,0,5101688,134136,173660,2558900,5226.305,1581.790,371.951,603.920,15.998,75.990,2233,3860,2.340,1.710,0.970,2,0,3.999,0,0,17,297,2,33,0
18-06 10:21:30,25.259,3.001,70.774,0.500,0,5036632,199184,173660,2558908,13953.702,1640.553,20.007,336.113,4.001,29.010,1685,2490,2.340,1.710,0.970,2,0,6.002,0,0,17,293,2,33,0
18-06 10:21:31,22.746,3.999,72.238,0,0.250,5094784,141000,173660,2558940,11504.125,1619.736,27.995,191.969,1.000,9.998,1504,2143,2.340,1.710,0.970,2,0,3.000,0,0,17,295,2,33,0
18-06 10:21:32,25.005,3.001,71.015,0,0.250,5025712,210028,173784,2558860,5796.258,1512.328,136.030,420.091,6.001,26.006,1909,2972,2.230,1.690,0.970,2,0,16.003,0,0,17,293,2,34,0
18-06 10:21:33,24.318,2.006,72.704,0.251,0.251,5059216,176260,173784,2559124,12870.101,1664.669,0,104.293,0,13.037,1476,2187,2.230,1.690,0.970,2,0,0,0,0,17,293,2,34,0
18-06 10:21:34,11.759,17.012,70.552,0.250,0.250,5011240,223132,173792,2560220,10233.501,1621.188,1517.112,288.211,26.019,7.005,3285,5106,2.230,1.690,0.970,3,0,360.264,0,0,17,293,2,34,0
18-06 10:21:35,16.195,12.208,70.758,0,0,5036288,197728,173792,2560576,11427.917,1656.335,350.800,0,20.928,0,2628,4076,2.230,1.690,0.970,1,0,222.240,0,0,17,293,2,33,0
18-06 10:21:36,21.803,5.764,71.674,0.501,0,5049448,184372,173816,2560748,11900.919,1515.683,344.838,0,26.063,0,2714,4505,2.230,1.690,0.970,1,0,8.019,0,0,17,293,2,33,0
18-06 10:21:37,21.697,3.741,73.570,0,0,5041908,191428,173824,2561224,20597.639,3698.956,15.961,271.337,3.990,5.985,8350,16522,2.130,1.680,0.970,1,0,7.980,0,0,17,294,2,33,0
18-06 10:21:38,25.238,4.248,68.966,0.750,0,5073376,158208,173968,2562736,7727.245,2455.806,7.996,3210.440,1.999,166.919,5390,10411,2.130,1.680,0.970,2,0,5.997,0,0,17,294,2,33,0
18-06 10:21:39,24.503,5.501,68.758,0,0,5117592,137876,173620,2539904,6989.783,1620.181,32.004,412.046,1.000,31.003,5633,11436,2.130,1.680,0.970,4,0,7.001,0,0,17,294,2,33,0
18-06 10:21:40,19.757,3.001,75.526,0.250,0,5137764,127156,173468,2530776,11440.004,3659.281,196.069,280.098,40.014,15.005,1417,2158,2.130,1.680,0.970,1,0,3.001,0,0,17,295,2,33,0
18-06 10:21:41,25.500,2.500,72.001,0,0,5114680,143708,174036,2535836,5366.059,1686.019,0,900.010,0,11.000,1396,2194,2.130,1.680,0.970,1,0,3.000,0,0,17,294,2,33,0
18-06 10:21:42,25.251,4.000,69.252,0.250,0.250,5126356,141392,173872,2526828,13417.416,4629.144,256.008,372.012,29.001,15.000,2134,4034,2.040,1.670,0.970,1,0,37.001,0,0,17,295,2,33,0
18-06 10:21:43,23.502,5.500,69.005,0.250,0,5114544,146812,174460,2531720,6504.494,1740.132,0,824.063,0,14.001,9770,19650,2.040,1.670,0.970,1,0,14.001,0,0,17,294,2,33,0
18-06 10:21:44,21.999,7.500,68.497,0.250,0,5114960,145892,174540,2532112,6331.753,1511.941,0,963.962,0,30.999,9411,18844,2.040,1.670,0.970,1,0,20.999,0,0,17,294,2,32,0
18-06 10:21:45,18.806,9.278,70.710,0.501,0,4996052,279236,174544,2519244,7225.431,1799.337,80.238,1131.356,5.015,35.104,2474,3994,2.040,1.670,0.970,2,0,129.384,0,0,17,293,2,32,0
18-06 10:21:46,19.681,7.972,71.251,0,0.498,5047400,227980,174544,2519280,7334.410,1634.298,51.819,0,2.990,0,2061,3186,2.040,1.670,0.970,1,0,135.527,0,0,17,293,2,32,0
18-06 10:21:47,26.508,8.253,63.769,0.250,0,5012680,262468,174544,2519512,5894.786,1512.458,24.007,180.055,2.001,8.002,3041,6179,1.960,1.660,0.980,1,0,112.034,0,0,17,293,2,34,0
18-06 10:21:48,28.345,3.010,68.730,0,0,5054596,220412,174544,2519652,4764.958,1625.444,0,264.887,0,28.094,2128,3524,1.960,1.660,0.980,1,0,0,0,0,17,295,2,34,0
18-06 10:21:49,24.001,3.750,71.003,0,0,5043020,231968,174544,2519672,4826.232,1566.075,16.001,208.010,1.000,18.001,1989,3203,1.960,1.660,0.980,1,0,71.003,0,0,17,295,2,34,0
18-06 10:21:50,22.672,5.481,71.005,0.249,0.249,5018612,256352,174544,2519696,5275.767,1506.793,0,203.297,0,16.941,1950,3053,1.960,1.660,0.980,2,0,55.807,0,0,17,295,2,34,0
18-06 10:21:51,23.508,5.002,71.274,0,0,4990400,284544,174544,2519716,4841.646,1620.551,0,120.041,0,8.003,1763,2653,1.960,1.660,0.980,3,0,32.011,0,0,17,295,2,38,0
18-06 10:21:52,24.742,2.999,71.226,0,0,5052120,222804,174544,2519736,5265.205,1565.466,0,251.914,0,9.997,1440,2238,1.880,1.650,0.980,2,0,1.000,0,0,17,295,2,29,0
18-06 10:21:53,21.748,5.250,70.995,0.250,0.250,5037804,237108,174544,2519748,4997.640,1511.891,0,327.976,0,33.998,1946,3145,1.880,1.650,0.980,1,0,46.997,0,0,17,295,2,29,0
18-06 10:21:54,23.490,4.248,70.971,0,0,5026176,248716,174544,2519768,4616.098,1619.333,0,179.926,0,13.994,1899,2837,1.880,1.650,0.980,2,0,31.987,0,0,17,295,2,31,0
18-06 10:21:55,26.349,2.509,71.016,0.251,0,5065488,209404,174544,2519768,4856.172,1626.085,0,461.728,0,47.177,2025,3206,1.880,1.650,0.980,1,0,0,0,0,17,295,2,31,0
18-06 10:21:56,20.912,5.975,70.204,0.747,0,5044300,230564,174544,2519796,6653.967,1613.204,0,4767.913,0,481.969,2474,2988,1.880,1.650,0.980,1,0,87.631,0,0,17,295,1,28,0
18-06 10:21:57,22.791,6.011,70.627,0,0,5023620,251244,174544,2519796,5717.251,1568.813,0,224.402,0,15.027,1936,2891,1.810,1.640,0.980,1,0,47.084,0,0,17,295,1,31,0
18-06 10:21:58,23.292,4.258,71.129,0,0.501,4990008,284444,174544,2520208,6721.199,1514.749,240.436,276.502,18.033,26.047,1986,3269,1.810,1.640,0.980,1,0,12.022,0,0,17,295,1,29,0
18-06 10:21:59,23.439,4.239,70.817,0.499,0,5055744,218672,174544,2520244,6568.035,1615.826,31.918,279.279,1.995,27.928,2004,3237,1.810,1.640,0.980,2,0,3.990,0,0,17,295,1,29,0
18-06 10:22:00,28.714,3.745,65.918,1.498,0,5033680,240152,174544,2520812,6564.840,1606.004,471.414,1693.894,30.962,198.753,4360,7674,1.810,1.640,0.980,4,0,6.991,0,0,17,297,1,23,0
18-06 10:22:01,25.808,2.506,70.409,0.251,0,5069680,204144,174544,2520820,6765.256,1515.417,36.081,821.853,2.005,74.167,2360,4298,1.810,1.640,0.980,3,0,0,0,0,17,298,1,23,0
18-06 10:22:02,17.797,12.784,67.681,0.752,0.251,5015776,257784,174544,2521084,9858.302,1624.334,36.096,1760.698,2.005,149.399,4428,8177,1.740,1.630,0.980,1,0,285.762,0,0,17,297,1,23,0
18-06 10:22:03,10.741,21.232,67.442,0,0,5023572,249976,174544,2521096,6451.420,1564.647,0,507.561,0,40.965,3863,6207,1.740,1.630,0.980,2,0,544.529,0,0,17,297,1,23,0
18-06 10:22:04,8.759,21.772,67.319,0.250,0.250,5014912,260844,174512,2518920,6413.542,1513.544,0,2742.798,0,180.184,4955,8429,1.740,1.630,0.980,1,0,745.761,0,0,17,297,1,19,0
18-06 10:22:05,9.245,21.488,67.961,0,0,5003760,274328,174480,2516632,5698.729,1619.071,0,315.819,0,32.981,4486,7777,1.740,1.630,0.980,2,0,714.590,0,0,17,297,1,19,0
18-06 10:22:06,8.994,21.485,68.451,0.250,0.500,5015716,262468,174480,2516540,7549.594,1564.880,0,275.803,0,19.986,4317,7243,1.740,1.630,0.980,1,0,666.523,0,0,17,297,1,19,0
18-06 10:22:07,9.509,21.521,68.067,0,0,5016416,261728,174480,2516580,9601.390,1513.480,0,44.043,0,10.010,4028,6852,1.600,1.600,0.970,1,0,587.575,0,0,17,297,1,19,0
18-06 10:22:08,15.505,11.254,70.523,0.500,0,5052216,309700,174484,2441396,7414.447,1662.549,400.132,1984.655,55.018,30.010,6287,11577,1.600,1.600,0.970,2,0,152.050,0,0,17,297,1,19,0
18-06 10:22:09,21.155,6.471,70.931,0.249,0,5078136,270276,174772,2453900,6606.278,2613.243,27.875,1234.446,5.973,11.946,7327,14018,1.600,1.600,0.970,0,0,4.978,0,0,17,298,1,19,0
18-06 10:22:10,4.501,1.000,93.761,0,0.250,5078132,270276,174772,2453904,9850.113,2629.297,0,152.017,0,10.001,1168,1908,1.600,1.600,0.970,1,0,1.000,0,0,17,298,1,19,0
18-06 10:22:11,17.055,3.010,79.256,1.003,0,5082516,265012,174772,2454716,25010.735,10767.758,581.878,2343.565,33.107,48.155,1674,2409,1.600,1.600,0.970,1,0,0,0,0,17,299,1,19,0
18-06 10:22:12,15.740,2.998,79.449,1.499,0,5100976,245104,174784,2456120,29106.197,16385.415,1147.259,2382.461,68.955,113.926,2327,3415,1.470,1.570,0.970,1,0,0,0,0,17,299,1,19,0
18-06 10:22:13,17.509,1.751,78.789,0.750,0,5104212,241100,174796,2456808,23937.969,13868.934,528.264,1428.714,48.024,51.026,1705,2460,1.470,1.570,0.970,1,0,0,0,0,17,299,1,19,0
18-06 10:22:14,20.195,1.995,75.296,1.745,0.249,5107284,211392,174816,2483392,17354.985,9834.359,13104.500,1296.488,169.541,55.849,2216,3088,1.470,1.570,0.970,1,0,0.997,0,0,17,299,1,19,0
18-06 10:22:15,23.323,3.762,71.474,1.505,0,5136164,165416,175392,2498272,5852.335,1691.299,0,2564.033,0,113.355,2081,3211,1.470,1.570,0.970,1,0,2.006,0,0,17,298,1,19,1
18-06 10:22:16,22.258,3.751,71.776,1.250,0,5131296,143196,176464,2522580,5862.163,1620.598,0,3549.310,0,157.058,2095,3175,1.470,1.570,0.970,2,0,0,0,0,17,298,1,19,1
18-06 10:22:17,22.462,3.744,70.880,1.997,0,5120668,141912,177452,2531604,6669.722,1695.134,0,8761.185,0,477.193,2313,2709,1.440,1.560,0.970,2,0,0,0,0,17,297,1,19,0
18-06 10:22:18,22.963,4.742,70.388,0.499,0,5070228,192056,177452,2531872,8955.707,1617.419,423.324,3502.410,6.989,177.716,2055,3073,1.440,1.560,0.970,1,0,5.990,0,0,17,297,1,16,0
18-06 10:22:19,20.507,2.501,76.526,0.500,0.250,5069380,185828,177776,2537920,10745.632,3887.314,0,972.329,0,14.005,1439,2169,1.440,1.560,0.970,2,0,5.002,0,0,17,297,1,16,0
18-06 10:22:20,19.750,2.500,77.002,0,0.250,5085572,169240,177800,2538212,12285.307,4457.111,0,456.011,0,6.000,1525,2115,1.440,1.560,0.970,1,0,5.000,0,0,17,298,1,14,0
18-06 10:22:21,24.238,5.247,68.965,0.250,0,5066036,181060,178376,2544408,7868.011,1793.091,0,807.591,0,12.993,8329,16768,1.440,1.560,0.970,1,0,13.993,0,0,17,297,1,14,0
18-06 10:22:22,24.491,6.997,66.725,0.500,0,5080740,166100,178428,2544608,5962.740,1619.386,0,77242.725,0,250.905,9244,18135,1.560,1.590,0.980,1,0,9.996,0,0,17,297,1,14,0
18-06 10:22:23,21.484,4.996,71.948,0,0.250,5036676,223996,178460,2531972,4678.608,1456.944,0,495.641,0,17.987,1609,2352,1.560,1.590,0.980,2,0,10.992,0,0,17,297,1,14,0
18-06 10:22:24,22.537,4.257,71.618,0,0,5033344,226100,178460,2533200,6534.737,1622.666,0,516.849,0,7.012,1946,2999,1.560,1.590,0.980,1,0,51.084,0,0,17,297,1,14,0
18-06 10:22:25,23.067,6.017,69.200,0.251,0.251,5059032,200396,178460,2533216,9485.356,1624.686,0,565.631,0,12.035,8735,17395,1.560,1.590,0.980,1,0,10.029,0,0,17,297,1,14,0
18-06 10:22:26,23.679,3.988,71.785,0,0,5059884,193308,178652,2538716,13046.924,3712.880,0,773.683,0,9.970,1507,2064,1.560,1.590,0.980,2,0,5.982,0,0,17,297,1,14,0
18-06 10:22:27,38.235,7.497,54.478,0,0,5086304,165948,178712,2539564,10508.796,3637.545,767.693,0,5.998,0,1882,2372,1.600,1.590,0.980,1,0,13.994,0,0,17,298,1,14,0
18-06 10:22:28,27.800,7.263,63.615,0.250,0,5073244,171760,178784,2545748,8321.988,2680.828,256.462,1847.327,2.004,53.096,9462,18514,1.600,1.590,0.980,1,0,10.018,0,0,17,297,1,14,0
18-06 10:22:29,23.709,6.489,67.884,0.250,0,5062980,181792,178792,2545972,7063.914,1617.233,0,742.729,0,25.956,9659,19461,1.600,1.590,0.980,1,0,19.966,0,0,17,297,1,14,0
18-06 10:22:30,21.501,6.500,71.755,0,0,5028808,229808,178800,2533380,12710.801,1620.102,0,1100.069,0,32.002,1819,2752,1.600,1.590,0.980,3,0,9.001,0,0,17,297,1,14,0
18-06 10:22:31,23.998,3.500,71.994,0.250,0,5046856,211920,178800,2533380,13065.955,1527.878,0,199.984,0,8.999,1580,2195,1.600,1.590,0.980,2,0,7.999,0,0,17,297,1,14,0
18-06 10:22:32,21.328,8.280,68.501,0,0,5023952,222348,178896,2545008,6154.538,1625.954,16.059,1176.308,1.004,31.114,12202,23598,1.630,1.600,0.990,2,0,98.360,0,0,17,297,1,14,0
18-06 10:22:33,20.883,3.480,73.338,0,0,5047596,194208,178896,2548980,11987.594,2757.495,0,775.639,0,6.961,1511,2188,1.630,1.600,0.990,0,0,3.978,0,0,17,298,1,13,0
18-06 10:22:34,6.011,1.002,92.665,0,0,5047596,194208,178896,2548980,10273.276,2736.869,0,460.820,0,4.007,1134,1845,1.630,1.600,0.990,1,0,0,0,0,17,298,1,13,0
18-06 10:22:35,16.250,1.750,80.999,0.500,0,5061160,180348,178900,2549208,21801.651,10732.828,0,839.987,0,29.000,1473,2311,1.630,1.600,0.990,0,0,0,0,0,17,299,1,13,0
18-06 10:22:36,9.251,1.000,87.256,0.500,0,5062068,179100,178940,2549460,56605.793,13310.892,0,1396.094,0,48.003,1528,2415,1.630,1.600,0.990,0,0,0,0,0,17,300,1,13,0
18-06 10:22:37,4.497,0.750,93.197,0.250,0.500,5064132,176864,178948,2549624,125392.025,8480.132,0,671.614,0,29.983,1401,2149,1.660,1.610,1,1,0,0,0,0,17,300,1,13,0
18-06 10:22:38,17.750,1.750,78.251,1.250,0,5080816,159980,178960,2549716,28166.394,11355.159,0,1516.021,0,73.001,1738,2863,1.660,1.610,1,2,0,0,0,0,17,300,1,13,0
18-06 10:22:39,17.010,2.001,79.045,1.001,0,5090764,149624,178968,2550068,231908.956,16821.571,0,1825.038,0,75.043,2216,3143,1.660,1.610,1,1,0,1.001,0,0,17,299,1,13,1
18-06 10:22:40,9.500,1.250,85.497,1.250,0,5090412,149624,179100,2550288,144252.230,22003.120,27.999,2951.882,4.000,147.994,2251,3253,1.660,1.610,1,1,0,0,0,0,17,299,1,13,1
18-06 10:22:41,15.984,1.748,80.668,0.749,0.250,5096672,134084,179232,2559180,261196.669,17609.180,95.903,1354.629,5.994,59.939,1985,2672,1.660,1.610,1,0,0,0.999,0,0,17,299,1,13,1
18-06 10:22:42,8.009,3.504,84.598,0,0.250,5102876,145448,179000,2542284,2394934.124,76332.546,0,2174.522,0,41.048,5219,6836,2.090,1.700,1.030,0,0,35.041,0,0,17,299,1,14,1
18-06 10:22:43,3.750,1.750,91.242,0,0.250,5103892,140140,179000,2546680,2463792.578,54981.327,0,39.997,0,4.000,4421,4586,2.090,1.700,1.030,1,0,0,0,0,17,299,1,13,1
18-06 10:22:44,5.999,2.999,89.480,0.500,0,5106124,133096,179056,2551372,2185396.657,50236.797,0,4774.935,0,50.989,4615,5165,2.090,1.700,1.030,0,0,2.999,0,0,17,299,1,13,1
18-06 10:22:45,4.499,2.750,91.237,0,0,5109112,126164,179056,2555316,2465384.985,54758.115,0,103.985,0,13.998,4897,4989,2.090,1.700,1.030,1,0,1.000,0,0,17,299,1,13,1
18-06 10:22:46,5.499,2.749,90.483,0.250,0,5106720,144408,178932,2540140,2461618.139,56003.583,0,187.965,0,18.996,4916,4777,2.090,1.700,1.030,1,0,0,0,0,17,299,1,13,1
18-06 10:22:47,4.502,1.501,92.291,0,0,5107868,139844,178932,2543556,2040912.247,46536.755,0,4.002,0,1.000,4124,4007,1.920,1.670,1.020,2,0,0,0,0,17,299,1,11,1
18-06 10:22:48,5.768,3.260,88.278,0.502,0,5109596,131792,178948,2549864,2412927.548,51544.468,0,17699.790,0,250.790,5199,5288,1.920,1.670,1.020,1,0,1.003,0,0,17,299,1,11,1
18-06 10:22:49,8.247,3.499,85.466,0.250,0.750,5097588,146044,178824,2547640,2247644.933,51297.686,163.935,2714.925,3.998,31.987,5496,7361,1.920,1.670,1.020,1,0,1.999,0,0,17,299,1,11,1
18-06 10:22:50,18.514,3.503,75.808,0.751,0,5098216,147584,179084,2544940,637075.177,11573.796,0,2257.716,0,78.059,2295,3219,1.920,1.670,1.020,1,0,1.001,0,0,17,299,1,13,1
18-06 10:22:51,22.675,4.485,71.264,1.246,0,5099120,131608,182168,2553632,9620.205,1507.019,0,4764.254,0,105.651,1747,2889,1.920,1.670,1.020,1,0,0,0,0,17,299,1,13,1
18-06 10:22:52,23.008,4.752,70.774,0.500,0.250,5101852,137472,182596,2543840,5598.864,1566.522,0,2592.863,0,115.038,1916,3245,1.850,1.660,1.020,1,0,1.000,0,0,17,299,1,13,1
18-06 10:22:53,20.239,6.496,69.961,0.999,0,5101648,130748,182944,2548752,8086.447,1619.088,0,11441.558,0,339.809,2027,2712,1.850,1.660,1.020,1,0,0,0,0,17,299,1,9,1
18-06 10:22:54,21.998,4.500,71.994,0.500,0,5103204,133028,184088,2542108,4801.573,1565.861,0,1527.864,0,62.994,1641,2663,1.850,1.660,1.020,1,0,0,0,0,17,299,1,9,1
18-06 10:22:55,22.031,4.256,71.101,0.751,0,5105332,131040,184736,2540100,6751.601,1568.230,0,3685.240,0,94.134,1832,2917,1.850,1.660,1.020,2,0,0,0,0,17,299,1,7,1
18-06 10:22:56,21.237,2.998,76.202,0.250,0,5033384,240488,184776,2502604,12068.349,4290.280,19.987,919.417,2.998,33.978,1554,2289,1.850,1.660,1.020,2,0,1.999,0,0,17,297,1,7,0
18-06 10:22:57,19.990,3.748,75.461,0.250,0,5083712,190116,184804,2502612,11543.078,3710.097,0,527.729,0,3.998,1601,2284,1.780,1.650,1.020,1,0,6.996,0,0,17,298,1,4,0
18-06 10:22:58,22.574,4.766,71.235,0.502,0,5076708,190148,185008,2508916,6315.836,1745.759,0,2993.877,0,35.116,1670,2716,1.780,1.650,1.020,1,0,3.010,0,0,17,297,1,4,0
18-06 10:22:59,19.393,2.984,75.832,0.249,0.249,5088792,170620,185564,2514756,11822.903,4520.112,0,1185.473,0,38.786,1751,2788,1.780,1.650,1.020,3,0,5.967,0,0,17,297,1,3,1
18-06 10:23:00,22.056,7.018,67.671,0.501,0.251,5074056,184712,185608,2515136,8554.660,1708.325,0,1503.808,0,32.081,8193,16640,1.780,1.650,1.020,1,0,14.036,0,0,17,297,1,3,0
18-06 10:23:01,25.078,5.517,69.968,0,0.251,5069376,188976,185664,2515356,6285.580,1613.025,0,84.262,0,1.003,9325,18652,1.780,1.650,1.020,1,0,13.041,0,0,17,297,1,3,0
18-06 10:23:02,19.683,7.226,70.760,0,0,5070044,187968,185696,2515628,7270.368,1614.530,0,2096.896,0,45.845,1835,2632,1.720,1.640,1.020,2,0,6.976,0,0,17,297,1,3,0
18-06 10:23:03,21.504,5.751,70.763,0.500,0,5044512,227032,185712,2503400,8405.496,1512.269,152.027,15178.702,3.001,100.018,1757,2488,1.720,1.640,1.020,1,0,6.001,0,0,17,297,1,3,0
18-06 10:23:04,24.013,3.502,70.539,0.500,0,5061180,207692,185876,2505716,5466.996,1566.859,608.333,2733.498,19.010,101.055,3294,6246,1.720,1.640,1.020,1,0,2.001,0,0,17,298,1,8,0
18-06 10:23:05,25.565,6.015,65.416,2.506,0,5007652,259952,185952,2506904,5384.623,1624.109,846.141,5165.068,46.117,490.240,6381,12393,1.720,1.640,1.020,2,1,67.170,0,0,17,299,1,9,0
18-06 10:23:06,12.701,16.188,68.737,0.747,0.249,5018780,247640,185980,2508056,7465.452,1506.240,1063.932,1494.286,26.897,98.623,3825,6243,1.720,1.640,1.020,1,0,371.579,0,0,17,299,1,11,0
18-06 10:23:07,10.242,3.248,70.446,14.739,0,4991136,239860,186044,2543368,7801.063,1564.809,35473.005,1059.194,2275.269,25.980,4666,7065,1.660,1.620,1.020,0,1,9.992,0,0,17,299,1,11,0
18-06 10:23:08,9.259,3.754,81.330,5.505,0,4991856,233844,186184,2548516,6441.319,2683.633,5305.204,2930.875,838.823,54.053,3532,4706,1.660,1.620,1.020,1,0,6.006,0,0,17,300,1,11,0
18-06 10:23:09,2.000,0.750,95.008,0.500,0,4992900,232640,186184,2548676,45384.994,5073.446,0,2180.192,0,330.029,1791,1986,1.660,1.620,1.020,1,0,0,0,0,17,300,1,11,0
18-06 10:23:10,2.256,1.754,95.493,0.251,0.251,4994232,231132,186220,2548812,80162.093,2243.712,88.225,1247.175,1.003,62.158,1336,2249,1.660,1.620,1.020,0,0,3.008,0,0,17,300,1,11,0
18-06 10:23:11,3.993,1.497,93.329,0,0.250,4980336,244236,186612,2549132,12743.692,125640.204,662.788,734.656,16.969,14.973,1452,2289,1.660,1.620,1.020,0,0,9.982,0,0,17,299,1,11,0
18-06 10:23:12,3.004,1.001,95.620,0,0,4980336,244236,186612,2549132,7824.851,1622.042,0,32.040,0,4.005,1257,2023,1.610,1.610,1.020,0,0,0,0,0,17,299,1,11,0
18-06 10:23:13,1.995,0.499,96.247,0,0.249,4980300,244236,186612,2549164,6628.547,1561.888,0,7.979,0,0.997,1116,1843,1.610,1.610,1.020,0,0,0,0,0,17,299,1,11,0
18-06 10:23:14,4.001,0.750,94.022,0.250,0,4980300,244236,186612,2549164,8986.148,1620.387,0,360.086,0,27.006,1542,2550,1.610,1.610,1.020,1,0,1.000,0,0,17,299,1,11,0
18-06 10:23:15,3.002,1.251,94.550,0.500,0,4980512,244012,186612,2549176,5392.858,1512.802,4.002,392.208,1.001,52.028,1645,2902,1.610,1.610,1.020,0,0,1.001,0,0,17,299,1,11,0
18-06 10:23:16,1.749,0.500,96.469,0,0,4980504,244012,186612,2549184,5994.082,1619.482,0,0,0,0,1114,1877,1.610,1.610,1.020,0,0,0,0,0,17,299,1,11,0
18-06 10:23:17,2.000,0.750,96.012,0.250,0.250,4980504,244012,186612,2549184,8159.044,1620.207,0,340.044,0,25.003,1243,2006,1.480,1.590,1.010,0,0,0,0,0,17,299,1,11,0
18-06 10:23:18,2.000,1.000,95.272,0.250,0,4980500,244012,186612,2549188,6390.489,1620.378,0,348.081,0,30.007,1356,2394,1.480,1.590,1.010,0,0,0,0,0,17,299,1,11,0
18-06 10:23:19,1.750,0,97.236,0,0,4980500,244012,186612,2549188,6393.086,1619.768,0,59.991,0,5.999,1100,1867,1.480,1.590,1.010,0,0,0,0,0,17,299,1,11,0
18-06 10:23:20,2.250,1.500,96.007,0,0.250,4980500,244012,186612,2549188,6395.435,1566.106,0,0,0,0,1192,2089,1.480,1.590,1.010,1,0,1.000,0,0,17,299,1,11,0
18-06 10:23:21,2.000,0.250,96.252,0,0,4980500,244012,186612,2549188,5600.090,1512.024,0,0,0,0,1096,1878,1.480,1.590,1.010,0,0,0,0,0,17,299,1,11,0
18-06 10:23:22,1.500,0.500,96.490,0,0,4980500,244012,186612,2549188,6373.350,1619.835,0,0,0,0,1059,1808,1.360,1.560,1.010,0,0,0,0,0,17,299,1,11,0
18-06 10:23:23,1.750,2.251,94.523,0.250,0,4980640,243872,186612,2549188,5153.257,1566.382,0,43274.559,0,100.024,1231,2189,1.360,1.560,1.010,1,0,0,0,0,17,299,1,11,0
18-06 10:23:24,2.250,1.500,94.242,0.750,0,4982768,242012,186612,2549196,5284.546,1511.870,0,50999.614,0,288.975,1788,2391,1.360,1.560,1.010,0,0,0,0,0,17,299,1,11,0
18-06 10:23:25,2.499,1.999,95.464,0.500,0.250,4982756,242012,186612,2549208,5952.762,1619.391,0,1047.606,0,152.942,1621,2515,1.360,1.560,1.010,0,0,0,0,0,17,299,1,11,0
18-06 10:23:26,5.751,1.750,91.522,0,0,4990820,233948,186612,2549208,8549.052,1566.376,0,32.008,0,4.001,1226,1994,1.360,1.560,1.010,1,0,2.000,0,0,17,299,0,11,0
18-06 10:23:27,18.000,7.250,74.251,0,0,4989716,235044,186612,2549212,7450.142,1512.029,768.015,0,6.000,0,1711,2438,1.410,1.570,1.010,1,0,9.000,0,0,17,299,0,11,0
18-06 10:23:28,5.999,1.750,91.241,0,0,4981000,243612,186612,2549348,7050.295,1619.838,255.974,299.970,2.000,30.997,1505,2571,1.410,1.570,1.010,0,0,1.000,0,0,17,301,0,11,0
18-06 10:23:29,3.250,2.500,92.487,0.500,0.250,4984020,240448,186612,2549364,6299.093,1565.775,0,53164.344,0,138.980,1920,2896,1.410,1.570,1.010,0,0,1.000,0,0,17,301,0,11,0
18-06 10:23:30,2.000,1.250,95.772,0,0,4984124,240448,186612,2549364,12888.939,1512.345,0,424.097,0,22.005,1413,2436,1.410,1.570,1.010,0,0,2.000,0,0,17,301,0,11,0
18-06 10:23:31,2.503,0.751,96.599,0,0.250,4984124,240448,186612,2549364,8542.765,1621.664,0,0,0,0,1093,1813,1.410,1.570,1.010,0,0,0,0,0,17,301,0,11,0
18-06 10:23:32,1.499,0.250,96.658,0.250,0,4984124,240448,186612,2549364,5332.912,1456.610,0,171.836,0,10.990,1099,1932,1.380,1.560,1.010,0,0,0,0,0,17,301,0,11,0
18-06 10:23:33,1.500,0.750,96.223,0,0,4984124,240448,186612,2549364,5265.547,1619.553,0,31.991,0,3.999,1032,1870,1.380,1.560,1.010,0,0,0,0,0,17,301,0,11,0
18-06 10:23:34,3.000,0.750,96.016,0,0,4984540,240000,186612,2549364,13386.169,1620.262,0,2176.353,0,5.001,1225,1881,1.380,1.560,1.010,0,0,0,0,0,17,301,0,11,0
18-06 10:23:35,2.500,0.500,95.505,0.250,0,4984524,240000,186612,2549380,13541.650,1620.078,16.001,648.031,1.000,33.002,1461,2527,1.380,1.560,1.010,0,0,0,0,0,17,301,0,11,0
18-06 10:23:36,1.999,0.750,96.474,0,0,4984516,240000,186612,2549388,13653.286,1619.559,0,3.999,0,1.000,1228,1925,1.380,1.560,1.010,0,0,0,0,0,17,301,0,11,0
18-06 10:23:37,2.002,0.500,96.330,0,0,4984516,240000,186612,2549388,9472.862,1501.246,0,32.027,0,4.003,1160,1927,1.270,1.530,1.010,0,0,0,0,0,17,301,0,11,0
18-06 10:23:38,3.249,0.750,95.458,0.250,0.500,4984516,240000,186612,2549388,7534.685,1619.288,0,287.873,0,25.989,1400,2440,1.270,1.530,1.010,0,0,0,0,0,17,301,0,11,0
18-06 10:23:39,3.000,0.250,95.997,0,0,4984508,240000,186612,2549396,5846.790,1619.942,0,103.996,0,15.999,1247,2037,1.270,1.530,1.010,0,0,0,0,0,17,301,0,11,0
18-06 10:23:40,2.250,1.750,96.260,0,0,4984508,240000,186612,2549396,5415.547,1620.164,0,64.006,0,6.001,1123,1990,1.270,1.530,1.010,0,0,1.000,0,0,17,301,0,11,0
18-06 10:23:41,1.250,0.750,96.980,0,0,4984508,240000,186612,2549396,3958.196,647.868,0,3.999,0,1.000,1057,1884,1.270,1.530,1.010,0,0,0,0,0,17,301,0,11,0
18-06 10:23:42,11.752,5.251,82.261,0,0,4976476,247688,186760,2549420,225393.850,6052.775,284.036,8.001,9.001,1.000,2114,3606,1.160,1.510,1,0,0,53.007,0,0,17,301,0,11,0
18-06 10:23:43,11.002,4.501,83.268,0,0,5006664,217176,186900,2549764,347493.711,9434.028,336.072,4.001,11.002,1.000,1733,2402,1.160,1.510,1,1,0,27.006,0,0,17,301,0,11,0
