"pcp-dstat 5.3.6 CSV Output"
"Author:","PCP team <pcp@groups.io> and Dag Wieers <dag@wieers.com>",,,,"URL:","https://pcp.io/ and http://dag.wieers.com/home-made/dstat/"
"Host:","ubuntu",,,,"User:","ubuntu"
"Cmdline:","dstat -tcmndrylpg --tcp --output /tmp/devstack_logs/dstat-csv.log",,,,"Date:","22 Apr 2025 14:32:54 UTC"
"system","total usage",,,,,"memory usage",,,,"net/total",,"dsk/total",,"io/total",,"system",,"load avg",,,"procs",,,"paging",,"tcp sockets",,,,
"time","total usage:usr","total usage:sys","total usage:idl","total usage:wai","total usage:stl","used","free","buf","cach","net/total:recv","net/total:send","dsk/total:read","dsk/total:writ","read","writ","int","csw","1m","5m","15m","run","blk","new","in","out","lis","act","syn","tim","clo"
22-04 14:32:54,,966748,2073144,161504,4615896,,,,,,,1.420,0.900,0.510,2,0,,,,9,5,3,16,0
22-04 14:32:55,32.723,19.734,46.962,0,0.250,1000000,2039624,161544,4615920,630971.865,24495.962,0,835.317,0,28.976,3979,5432,1.420,0.900,0.510,2,0,502.589,0,0,9,5,3,16,0
22-04 14:32:56,40.742,17.496,39.742,0.500,0,1029420,2009380,161696,4616652,65450.779,20672.824,0,2095.577,0,71.985,4148,9231,1.470,0.920,0.520,1,0,398.919,0,0,9,8,3,16,0
22-04 14:32:57,25.231,13.740,59.456,0.500,0,1178760,1857176,161828,4743732,1290330.285,58701.385,0,1798.664,0,55.958,6150,10410,1.470,0.920,0.520,1,0,138.897,0,0,10,8,3,16,0
22-04 14:32:58,26.730,9.243,62.454,0.500,0.250,1180092,1855428,161956,4743940,77356.530,16314.091,79.942,2002.538,0.999,77.943,2357,3101,1.470,0.920,0.520,2,0,148.891,0,0,10,10,3,16,0
22-04 14:32:59,27.734,8.995,61.464,0.999,0,1228708,1795476,162072,4754760,794635.576,38478.221,211.875,4421.383,12.992,84.950,3053,3779,1.470,0.920,0.520,2,0,137.918,0,0,10,9,3,18,1
22-04 14:33:00,60.110,5.510,33.562,0.501,0,1250800,1757820,162664,4767276,771678.487,25824.336,152.279,4969.108,4.007,96.176,2630,2329,1.470,0.920,0.520,3,0,1.002,0,0,10,6,3,18,2
22-04 14:33:01,45.310,9.763,34.295,10.514,0.250,1301336,1668212,164136,4802232,1304340.120,18475.351,0,43561.414,0,2976.924,12613,24061,1.590,0.950,0.530,1,2,58.077,0,0,10,8,3,18,2
22-04 14:33:02,58.193,9.990,22.978,7.742,0,1207412,1726112,165764,4833080,12001.335,1456.584,0,40352.777,0,2667.407,8077,17156,1.590,0.950,0.530,3,0,93.909,0,0,10,6,3,18,2
22-04 14:33:03,53.645,6.238,38.674,0.749,0.499,1238304,1703116,166096,4824388,1306144.650,21386.062,387.241,4279.608,2.994,172.661,2194,1975,1.590,0.950,0.530,3,0,6.986,0,0,10,6,3,18,0
22-04 14:33:04,49.252,6.500,44.002,0.500,0,1158348,1781676,166112,4825680,13100.563,1968.085,0,11928.513,0,550.024,10370,20142,1.590,0.950,0.530,2,0,26.001,0,0,10,4,3,18,0
22-04 14:33:05,46.004,7.251,46.504,0,0,1221012,1718848,166116,4825824,11244.866,1620.125,0,2260.174,0,101.008,8801,17580,1.590,0.950,0.530,2,0,15.001,0,0,10,4,3,18,0
22-04 14:33:06,37.816,14.024,48.835,0,0,1093144,1846524,166116,4825952,5508.596,1514.639,0,480.838,0,23.040,2284,3295,1.620,0.970,0.540,2,0,260.454,0,0,10,4,3,18,0
22-04 14:33:07,23.974,21.477,53.692,0,0,1072760,1866876,166116,4825968,11846.265,1564.318,0,47.948,0,11.987,3144,5191,1.620,0.970,0.540,2,0,487.476,0,0,10,4,3,18,0
22-04 14:33:08,26.531,16.269,57.567,0.250,0,1086360,1848544,166116,4830884,10114.804,1695.979,4276.991,8.009,48.056,2.002,3692,10092,1.620,0.970,0.540,3,0,230.269,0,0,10,4,3,18,0
22-04 14:33:09,46.144,3.991,48.638,0.249,0,1206028,1728008,166140,4831840,5511.346,1508.536,586.653,11170.353,10.975,56.869,1346,1427,1.620,0.970,0.540,2,0,3.991,0,0,10,5,3,12,0
22-04 14:33:10,48.355,4.510,47.604,0,0,1241700,1689796,166200,4834056,10940.851,1569.421,0,773.687,0,87.190,1662,7778,1.620,0.970,0.540,1,0,20.044,0,0,10,4,3,13,0
22-04 14:33:11,3.492,4.739,91.047,0,0.249,1246132,1685016,166200,4834320,7727.775,1616.397,0,375.164,0,4.989,1179,1803,1.490,0.950,0.540,0,0,97.782,0,0,10,4,3,13,0
22-04 14:33:12,19.989,3.498,74.708,0.250,0,1312636,1618500,166212,4834320,15424.424,1511.160,0,1962.909,0,88.951,1688,2183,1.490,0.950,0.540,1,0,23.987,0,0,10,4,3,13,0
22-04 14:33:13,24.755,1.500,73.766,0.250,0,1351168,1579692,166220,4834588,11029.349,1608.343,0,244.052,0,21.004,1109,1507,1.490,0.950,0.540,2,0,1.000,0,0,10,8,3,13,0
22-04 14:33:14,21.758,4.002,71.027,1.250,0.750,1287964,1642780,166292,4834628,6618.542,1620.622,0,11092.259,0,841.323,3816,5584,1.490,0.950,0.540,1,0,44.017,0,0,10,4,3,15,0
22-04 14:33:15,22.513,3.002,73.041,0.750,0,1324920,1605288,166292,4835100,11525.454,1512.847,276.155,1052.589,63.035,19.011,1807,2677,1.490,0.950,0.540,1,0,2.001,0,0,10,27,3,15,0
22-04 14:33:16,20.485,5.496,72.947,0,0,1314072,1615980,166304,4835244,8377.901,1564.861,0,1043.241,0,15.988,1413,2025,1.450,0.950,0.540,1,0,46.966,0,0,10,28,3,15,0
22-04 14:33:17,22.997,9.249,66.993,0,0,1306140,1623888,166304,4835264,6875.237,1619.820,0,19.998,0,4.999,1959,2869,1.450,0.950,0.540,2,0,155.983,0,0,10,28,3,15,0
22-04 14:33:18,45.657,5.770,48.166,0,0,1399604,1530240,166308,4835444,11924.078,1517.227,0,120.415,0,9.031,2031,4722,1.450,0.950,0.540,2,0,4.014,0,0,10,30,3,16,0
22-04 14:33:19,58.450,18.734,22.231,0.250,0,1425908,1503692,166308,4835644,10745.759,1618.608,0,9911.476,0,59.948,3664,7482,1.450,0.950,0.540,6,0,436.625,0,0,10,28,3,17,0
22-04 14:33:20,82.729,14.246,2.749,0,0.500,1592824,1336688,166320,4835716,13139.715,1619.595,0,4090.977,0,84.979,5168,10641,1.450,0.950,0.540,5,0,150.962,0,0,10,31,3,18,0
22-04 14:33:21,61.656,8.986,27.957,0.250,0,1417520,1511756,166332,4835928,9588.378,1563.615,0,2508.175,0,41.936,3429,7392,1.500,0.970,0.550,2,0,201.692,0,0,10,28,3,19,0
22-04 14:33:22,23.274,7.758,68.069,0,0,1332676,1596428,166344,4836076,4686.757,1621.646,0,248.252,0,21.021,2011,3654,1.500,0.970,0.550,1,0,112.114,0,0,10,28,3,18,0
22-04 14:33:23,23.463,2.995,73.385,0,0,1300636,1628456,166352,4836080,13492.776,1617.456,0,131.793,0,13.978,1941,3427,1.500,0.970,0.550,2,0,4.992,0,0,10,28,3,18,0
22-04 14:33:24,20.782,5.008,73.365,0,0,1358760,1570312,166352,4836100,8902.915,1514.367,0,120.188,0,8.013,1361,1807,1.500,0.970,0.550,1,0,65.102,0,0,10,28,3,17,0
22-04 14:33:25,16.741,12.494,69.214,0.250,0.250,1306992,1621960,166372,4836128,13336.092,1565.189,0,35209.761,0,138.928,3149,5410,1.500,0.970,0.550,1,0,249.871,0,0,10,28,3,17,0
22-04 14:33:26,24.281,27.535,47.560,0,0.250,1349904,1579028,166388,4836132,11388.429,1848.342,0,536.680,0,33.042,3427,5948,1.380,0.950,0.550,5,0,750.951,0,0,10,28,4,17,0
22-04 14:33:27,86.250,10.250,2.000,0,0,1568268,1360604,166404,4836176,11650.058,1586.008,0,872.004,0,55.000,2377,4936,1.380,0.950,0.550,5,0,49.000,0,0,10,30,4,17,0
22-04 14:33:28,79.746,9.999,9.750,0,0,1473412,1455208,166416,4836412,8232.580,1659.915,0,1003.949,0,93.995,5869,15310,1.380,0.950,0.550,5,0,89.995,0,0,10,28,4,20,0
22-04 14:33:29,84.496,12.999,1.750,0,0.500,1548360,1379816,166416,4836856,6527.674,1693.915,0,155.992,0,11.999,2851,6009,1.380,0.950,0.550,8,0,215.989,0,0,10,30,4,20,0
22-04 14:33:30,82.720,11.496,5.748,0,0,1400416,1527408,166416,4837192,5467.988,1511.444,0,2107.225,0,17.993,4182,13852,1.380,0.950,0.550,3,0,166.939,0,0,10,28,4,20,0
22-04 14:33:31,44.161,9.231,45.658,0.249,0,1335844,1591932,166420,4837236,12186.481,1604.771,0,351.293,0,32.934,4081,8728,1.750,1.040,0.580,2,0,148.701,0,0,10,28,4,20,0
22-04 14:33:32,45.853,5.262,48.860,0,0,1417844,1509780,166420,4837384,9763.998,1623.658,0,140.316,0,7.016,1957,3866,1.750,1.040,0.580,2,0,2.005,0,0,10,30,4,20,0
22-04 14:33:33,52.003,16.751,29.752,0,0,1415792,1511792,166428,4837432,13093.681,1512.079,0,304.016,0,25.001,3062,6341,1.750,1.040,0.580,3,0,384.020,0,0,10,28,4,20,0
22-04 14:33:34,63.493,10.749,26.747,0,0,1369800,1557604,166428,4837608,9728.852,1639.807,0,247.971,0,29.996,4072,9677,1.750,1.040,0.580,3,0,83.990,0,0,10,29,4,23,0
22-04 14:33:35,80.012,16.002,3.751,0.250,0.250,1525892,1401376,166440,4837652,11040.678,1566.238,0,71266.833,0,357.054,3324,5251,1.750,1.040,0.580,6,0,182.028,0,0,10,29,4,23,0
22-04 14:33:36,73.510,14.252,11.502,0,0.250,1348056,1578960,166468,4837868,15641.127,1620.220,0,484.066,0,35.005,6023,14944,1.930,1.090,0.590,5,0,324.044,0,0,10,28,4,26,0
22-04 14:33:37,65.448,7.994,26.979,0.250,0.250,1480556,1446408,166468,4837920,5631.545,1510.805,0,183.855,0,10.991,2384,5940,1.930,1.090,0.590,2,0,6.994,0,0,10,31,4,28,0
22-04 14:33:38,65.802,15.512,17.013,0,0,1424928,1501744,166480,4838180,7110.603,1621.278,0,860.678,0,121.095,3882,11637,1.930,1.090,0.590,3,0,339.267,0,0,10,28,4,30,0
22-04 14:33:39,60.751,12.250,26.001,0,0.250,1368268,1558212,166484,4838364,12756.306,1662.040,0,308.007,0,26.001,3496,10051,1.930,1.090,0.590,3,0,252.006,0,0,10,28,4,30,0
22-04 14:33:40,64.239,10.248,24.996,0,0,1484004,1442404,166484,4838404,7735.700,1565.737,0,407.931,0,8.998,2042,3085,1.930,1.090,0.590,4,0,40.993,0,0,10,28,3,27,0
22-04 14:33:41,63.005,9.751,26.502,0.250,0,1413612,1512092,166500,4839092,11476.930,1512.122,0,1284.104,0,41.003,4151,8837,2.010,1.120,0.610,3,0,118.010,0,0,10,28,3,29,0
22-04 14:33:42,62.755,13.001,23.252,0,0,1443072,1482472,166504,4839248,13246.046,1768.140,0,512.040,0,53.004,3802,9034,2.010,1.120,0.610,5,0,176.014,0,0,10,28,3,29,0
22-04 14:33:43,83.251,14.750,1.750,0,0.500,1540408,1385000,166524,4839328,11490.195,1566.027,0,2944.050,0,181.003,2659,5154,2.010,1.120,0.610,7,0,313.005,0,0,10,29,3,29,0
22-04 14:33:44,82.247,14.749,1.750,0,0.250,1448108,1476888,166540,4839724,8205.664,1511.938,0,967.960,0,47.998,4408,9143,2.010,1.120,0.610,8,0,289.988,0,0,10,28,3,29,0
22-04 14:33:45,84.995,12.749,2.500,0,0,1543500,1381472,166556,4839732,5735.644,1619.900,0,827.949,0,34.998,3687,7195,2.010,1.120,0.610,6,0,184.989,0,0,10,29,3,29,0
22-04 14:33:46,78.005,18.251,2.500,0,0,1392224,1532484,166560,4839992,11372.785,1566.108,0,188.013,0,8.001,5200,11671,2.490,1.230,0.650,6,0,322.022,0,0,10,28,3,28,0
22-04 14:33:47,47.749,26.500,25.500,0,0,1370604,1553900,166560,4840196,12304.852,1511.982,0,211.997,0,12.000,6151,12767,2.490,1.230,0.650,2,0,787.991,0,0,10,28,3,28,0
22-04 14:33:48,17.251,25.251,56.503,0,0.250,1318776,1605660,166560,4840248,5871.317,1620.087,0,196.011,0,14.001,4094,6702,2.490,1.230,0.650,3,0,858.046,0,0,10,28,3,27,0
22-04 14:33:49,76.750,20.250,3.000,0,0,1508368,1416008,166560,4840304,12024.952,1457.994,0,171.999,0,13.000,2811,5826,2.490,1.230,0.650,4,0,558.998,0,0,10,29,3,27,0
22-04 14:33:50,77.996,13.749,6.750,0.250,0,1379492,1544656,166576,4840508,8794.508,1661.907,0,5843.673,0,415.977,4942,11525,2.490,1.230,0.650,4,0,229.987,0,0,10,28,3,24,0
22-04 14:33:51,81.472,11.996,6.248,0,0.250,1537720,1386204,166592,4840716,11388.128,1565.468,0,119.959,0,7.997,4830,9416,2.610,1.280,0.670,3,0,45.984,0,0,10,32,3,25,0
22-04 14:33:52,51.504,5.000,41.753,0,0,1540488,1383180,166616,4840940,12086.894,1620.120,0,336.025,0,30.002,8048,18331,2.610,1.280,0.670,5,0,0,0,0,10,30,3,34,0
22-04 14:33:53,82.764,13.252,3.251,0,0,1482708,1440744,166628,4841144,5343.887,1512.251,0,324.054,0,34.006,3667,8484,2.610,1.280,0.670,4,0,128.021,0,0,10,29,3,34,0
22-04 14:33:54,67.741,7.999,22.997,0,0.250,1540800,1382364,166628,4841420,13114.190,1661.771,0,4267.411,0,111.985,6212,14838,2.610,1.280,0.670,2,0,0,0,0,10,32,3,37,0
22-04 14:33:55,67.516,13.753,18.004,0,0.250,1366028,1556948,166636,4841592,14515.440,1620.384,0,120.028,0,8.002,7476,16633,2.610,1.280,0.670,4,0,226.054,0,0,10,28,3,39,0
22-04 14:33:56,82.900,9.988,6.742,0,0.250,1539420,1383216,166644,4841916,11936.533,1618.039,0,503.390,0,23.971,3973,8415,2.730,1.330,0.680,3,0,56.931,0,0,10,31,3,40,0
22-04 14:33:57,78.595,11.514,9.511,0,0,1436988,1485432,166652,4842116,6010.236,1567.888,0,176.212,0,17.020,4704,10194,2.730,1.330,0.680,4,0,141.170,0,0,10,28,3,42,0
22-04 14:33:58,82.698,11.493,4.747,0,0,1396364,1526008,166680,4842136,9695.863,1584.997,0,479.696,0,53.966,3706,8098,2.730,1.330,0.680,5,0,125.920,0,0,10,29,3,42,0
22-04 14:33:59,84.585,9.510,4.755,0,0,1500752,1421384,166680,4842364,12846.898,1621.628,0,160.161,0,9.009,3509,9942,2.730,1.330,0.680,4,0,119.120,0,0,10,30,3,42,0
22-04 14:34:00,83.719,9.247,5.998,0,0.250,1463980,1457960,166680,4842556,11796.682,1565.427,0,139.949,0,8.997,4888,9803,2.730,1.330,0.680,4,0,136.950,0,0,10,29,3,41,0
22-04 14:34:01,82.474,11.996,4.748,0,0,1471684,1450040,166688,4842756,5819.138,1511.516,0,271.913,0,26.991,5070,11589,2.830,1.370,0.700,4,0,89.971,0,0,10,30,3,42,0
22-04 14:34:02,66.260,15.252,18.003,0.250,0,1422176,1499344,166704,4842944,15024.269,1620.245,0,424.064,0,47.007,3626,7154,2.830,1.370,0.700,4,0,218.033,0,0,10,29,3,42,0
22-04 14:34:03,60.493,12.749,25.497,0,0.250,1396976,1524264,166712,4843184,13955.465,1565.828,0,359.960,0,23.997,4991,9517,2.830,1.370,0.700,4,0,144.984,0,0,10,29,3,42,0
22-04 14:34:04,63.759,11.001,25.253,0,0.250,1461004,1460116,166716,4843296,11622.569,1512.204,0,200.027,0,11.001,3181,5874,2.830,1.370,0.700,4,0,104.014,0,0,10,30,3,42,0
22-04 14:34:05,56.963,11.243,31.979,0.250,0.250,1419496,1501160,166724,4843724,11013.808,1618.943,0,499.674,0,39.974,3879,8299,2.830,1.370,0.700,4,0,92.939,0,0,10,28,3,42,0
22-04 14:34:06,43.737,6.748,48.486,0,0,1373420,1547060,166724,4843896,12555.284,1565.537,0,451.866,0,28.991,3201,5372,2.760,1.380,0.710,3,0,75.978,0,0,10,28,3,42,0
22-04 14:34:07,44.549,6.507,48.803,0,0,1381864,1538580,166724,4843928,12854.049,1587.735,0,216.236,0,13.014,3156,5715,2.760,1.380,0.710,3,0,35.038,0,0,10,29,3,43,0
22-04 14:34:08,44.497,6.250,49.246,0.250,0,1416760,1503664,166736,4843936,5753.563,1693.871,0,371.972,0,37.997,2257,3907,2.760,1.380,0.710,4,0,8.999,0,0,10,28,3,43,0
22-04 14:34:09,39.239,12.747,47.237,0,0,1372492,1547892,166736,4843976,7016.106,1457.606,0,283.923,0,24.993,3120,5749,2.760,1.380,0.710,4,0,204.945,0,0,10,28,3,43,0
22-04 14:34:10,39.402,11.970,47.632,0,0,1384544,1535676,166736,4844136,14409.323,1689.816,0,235.417,0,10.973,3112,5787,2.760,1.380,0.710,2,0,185.541,0,0,10,28,3,43,0
22-04 14:34:11,44.273,7.004,47.775,0,0,1386648,1533532,166748,4844164,8124.168,1620.831,0,328.168,0,15.008,3014,6125,2.780,1.410,0.720,2,0,48.025,0,0,10,29,3,42,0
22-04 14:34:12,34.738,11.746,52.982,0,0,1373704,1546236,166760,4844388,13207.404,1661.422,0,1907.336,0,29.990,3849,6421,2.780,1.410,0.720,2,0,278.903,0,0,10,29,3,42,0
22-04 14:34:13,19.044,9.522,70.664,0.251,0.752,1315144,1604744,166772,4844420,8224.080,1569.642,0,276.642,0,22.051,3733,6457,2.780,1.410,0.720,1,0,179.416,0,0,10,28,3,43,0
22-04 14:34:14,20.988,17.740,60.216,0,0.250,1357488,1562236,166808,4844544,11132.777,1585.114,0,419.765,0,28.984,3098,4666,2.780,1.410,0.720,2,0,446.750,0,0,10,28,3,45,0
22-04 14:34:15,43.032,6.505,48.286,2.252,0,1480012,1437104,167092,4846604,8811.512,1621.198,316.234,5203.846,18.013,382.283,3348,5151,2.780,1.410,0.720,2,1,27.020,0,0,10,32,3,43,0
22-04 14:34:16,37.515,7.503,40.766,14.006,0,1424212,1486344,167900,4851916,5483.182,1608.640,0,39087.557,0,3257.296,14930,26521,2.880,1.450,0.740,1,1,108.043,0,0,10,32,3,43,0
22-04 14:34:17,40.483,8.247,42.233,10.996,0,1496820,1412508,168524,4852456,6145.486,1511.382,0,35049.665,0,3164.706,14286,25690,2.880,1.450,0.740,2,0,44.982,0,0,10,32,3,43,0
22-04 14:34:18,46.277,4.252,48.278,0.500,0,1433228,1475848,168572,4852644,13585.866,1620.939,0,3225.868,0,185.107,2041,2447,2.880,1.450,0.740,2,0,10.006,0,0,10,28,3,43,0
22-04 14:34:19,41.479,5.997,43.728,9.995,0,1494756,1413380,169052,4853080,11157.477,1565.225,0,19250.471,0,2242.890,13433,24370,2.880,1.450,0.740,2,1,2.999,0,0,10,30,3,41,0
22-04 14:34:20,30.420,7.730,58.096,2.992,0,1389824,1518112,169156,4853156,13222.041,1508.013,0,5740.821,0,635.320,4909,8234,2.880,1.450,0.740,1,0,100.734,0,0,10,28,3,41,0
22-04 14:34:21,23.530,3.254,72.342,0.501,0,1336760,1571144,169168,4853176,8348.670,1622.073,0,2711.465,0,276.353,1547,1530,2.810,1.460,0.750,1,0,3.004,0,0,10,28,3,40,0
22-04 14:34:22,22.983,2.998,72.695,0.500,0,1414064,1493784,169188,4853208,11069.653,1584.805,0,6627.003,0,361.727,1911,2677,2.810,1.460,0.750,1,0,3.997,0,0,10,28,3,40,0
22-04 14:34:23,23.787,3.005,73.613,0,0,1363496,1544332,169192,4853220,9220.181,1638.520,0,188.290,0,20.031,1092,1400,2.810,1.460,0.750,1,0,3.005,0,0,10,32,3,39,0
22-04 14:34:24,23.001,2.750,74.254,0,0,1424984,1482844,169200,4853212,6540.360,1620.089,0,0,0,0,770,1064,2.810,1.460,0.750,1,0,2.000,0,0,10,32,3,39,0
22-04 14:34:25,21.455,3.742,73.596,0,0.748,1380184,1527568,169200,4853288,11174.600,1454.953,0,0,0,0,946,1110,2.810,1.460,0.750,1,0,2.994,0,0,10,32,3,39,0
22-04 14:34:26,21.793,4.008,73.644,0,0,1322804,1584860,169200,4853376,10483.569,1623.185,0,0,0,0,948,1098,2.740,1.470,0.750,1,0,3.006,0,0,10,32,3,39,0
22-04 14:34:27,22.749,3.000,73.998,0,0,1341520,1566100,169208,4853412,7512.835,1661.963,0,0,0,0,928,1188,2.740,1.470,0.750,1,0,4.000,0,0,10,32,3,39,0
22-04 14:34:28,22.497,3.250,73.990,0,0.250,1418872,1488744,169212,4853412,11458.522,1713.779,0,199.974,0,2.000,923,1238,2.740,1.470,0.750,1,0,3.999,0,0,10,32,3,39,0
22-04 14:34:29,22.708,2.994,73.115,0.250,0,1363788,1543764,169224,4853456,8413.410,1455.303,0,451.164,0,35.933,1240,1648,2.740,1.470,0.750,1,0,0.998,0,0,10,32,3,36,0
22-04 14:34:30,22.753,3.250,73.759,0,0,1350624,1556904,169224,4853476,11276.432,1620.206,0,0,0,0,1030,1225,2.740,1.470,0.750,1,0,5.001,0,0,10,32,3,36,0
22-04 14:34:31,22.249,3.500,73.997,0,0,1420176,1487352,169224,4853476,12666.443,1693.925,0,0,0,0,1036,1181,2.600,1.460,0.750,1,0,2.000,0,0,10,32,3,36,0
22-04 14:34:32,14.288,14.538,71.188,0,0,1325744,1581628,169232,4853620,6076.065,1461.865,0,529.400,0,6.016,2720,4129,2.600,1.460,0.750,1,0,387.023,0,0,10,32,3,36,0
22-04 14:34:33,8.739,20.475,69.914,0,0,1328132,1579044,169236,4853788,13375.642,1618.021,0,627.233,0,9.988,3230,4984,2.600,1.460,0.750,1,0,479.414,0,0,10,32,3,36,0
22-04 14:34:34,9.511,19.022,70.082,0,0,1329300,1577844,169236,4853820,11633.658,1621.904,0,88.103,0,1.001,3076,4776,2.600,1.460,0.750,1,0,435.511,0,0,10,32,3,36,0
22-04 14:34:35,20.946,5.237,73.311,0,0.499,1400348,1506784,169236,4853824,5184.665,1454.260,0,203.477,0,2.992,1311,1854,2.600,1.460,0.750,1,0,75.805,0,0,10,32,3,33,0
22-04 14:34:36,22.231,3.747,73.437,0.250,0,1345064,1562056,169240,4853832,12660.062,1618.602,0,443.617,0,13.988,1125,1855,2.470,1.450,0.760,1,0,2.997,0,0,10,32,3,33,0
22-04 14:34:37,24.019,2.002,73.309,0,0,1421688,1485452,169240,4853812,9563.670,1621.300,0,0,0,0,1049,1259,2.470,1.450,0.760,1,0,5.004,0,0,10,32,3,30,0
22-04 14:34:38,26.567,4.261,68.421,0,0,1388776,1518356,169240,4856780,13485.782,1535.847,0,20.050,0,1.003,1450,2954,2.470,1.450,0.760,3,0,37.093,0,0,10,32,3,30,0
22-04 14:34:39,23.688,3.740,71.562,0.249,0.249,1424864,1482240,169260,4853828,8940.549,1615.762,0,5206.344,0,280.265,1933,2926,2.470,1.450,0.760,1,0,1.995,0,0,10,32,3,27,0
22-04 14:34:40,22.501,2.500,74.004,0,0,1398408,1508704,169260,4853820,5236.251,1512.073,0,0,0,0,978,1143,2.470,1.450,0.760,1,0,3.000,0,0,10,32,3,27,0
22-04 14:34:41,23.248,2.750,73.743,0,0,1348240,1558852,169260,4853840,11472.887,1565.848,0,43.996,0,5.000,1069,1179,2.360,1.450,0.760,1,0,3.000,0,0,10,32,3,25,0
22-04 14:34:42,22.253,3.250,73.509,0,0,1426472,1480632,169260,4853828,10699.252,1620.190,0,0,0,0,1070,1263,2.360,1.450,0.760,1,0,4.000,0,0,10,32,3,25,0
22-04 14:34:43,23.259,2.501,73.778,0,0.250,1372248,1534864,169260,4853816,11655.452,1620.619,0,56.021,0,2.001,1013,1183,2.360,1.450,0.760,1,0,3.001,0,0,10,32,3,25,0
22-04 14:34:44,24.252,2.250,73.756,0,0,1431468,1475644,169260,4853816,12213.977,1620.130,0,24.002,0,1.000,957,1110,2.360,1.450,0.760,1,0,2.000,0,0,10,32,3,25,0
22-04 14:34:45,22.235,3.248,73.701,0,0,1389860,1517312,169260,4853756,11642.304,1564.966,0,63.958,0,1.999,994,1122,2.360,1.450,0.760,1,0,2.998,0,0,10,32,3,25,0
22-04 14:34:46,23.482,2.248,73.445,0,0,1331140,1575944,169260,4853844,8600.515,1510.861,0,1846.608,0,5.995,946,1059,2.250,1.440,0.760,4,0,2.998,0,0,10,32,3,25,0
22-04 14:34:47,21.771,3.253,74.070,0,0.250,1342804,1564272,169260,4853844,5020.765,1621.539,0,16.015,0,2.002,958,1164,2.250,1.440,0.760,1,0,4.004,0,0,10,32,3,25,0
22-04 14:34:48,23.503,2.750,73.260,0,0,1421192,1485904,169260,4853824,7883.072,1586.216,0,4.001,0,1.000,987,1187,2.250,1.440,0.760,1,0,4.001,0,0,10,32,3,25,0
22-04 14:34:49,23.765,2.001,73.296,0.500,0.250,1373716,1533364,169264,4853832,11852.408,1641.026,0,612.383,0,41.026,1271,1909,2.250,1.440,0.760,1,0,3.002,0,0,10,32,3,25,0
22-04 14:34:50,22.977,2.747,73.675,0.250,0,1362296,1544764,169264,4853852,11595.173,1660.306,0,703.283,0,126.871,1173,1211,2.250,1.440,0.760,1,0,2.997,0,0,10,32,3,25,0
22-04 14:34:51,23.004,3.001,73.764,0,0,1430572,1476500,169264,4853840,11318.173,1532.294,0,12.002,0,1.000,1014,1196,2.150,1.430,0.760,1,0,2.000,0,0,10,32,3,25,0
22-04 14:34:52,12.281,17.545,69.929,0,0.251,1329660,1577380,169264,4853872,8329.315,1624.156,0,541.385,0,85.218,2772,3967,2.150,1.430,0.760,1,0,373.957,0,0,10,32,3,23,0
22-04 14:34:53,21.448,3.990,73.571,0,0,1404020,1502996,169268,4853892,11617.711,1616.065,0,7.981,0,1.995,1088,1353,2.150,1.430,0.760,1,0,20.949,0,0,10,32,3,23,0
22-04 14:34:54,22.047,3.507,74.157,0,0,1362032,1544748,169268,4854124,7851.590,1461.087,0,0,0,0,952,1170,2.150,1.430,0.760,1,0,9.019,0,0,10,32,3,15,0
22-04 14:34:55,20.511,6.253,72.037,0,0.250,1321956,1584824,169268,4854124,5727.961,1694.876,0,124.064,0,2.001,1368,1839,2.150,1.430,0.760,3,0,96.050,0,0,10,32,3,15,0
22-04 14:34:56,10.749,19.248,69.241,0,0.250,1326412,1580264,169268,4854224,5609.276,1683.783,0,475.939,0,16.998,3284,5129,1.980,1.410,0.760,3,0,481.938,0,0,10,32,4,10,0
22-04 14:34:57,9.733,19.715,69.626,0,0,1326504,1580140,169268,4854256,14298.520,1617.118,0,351.374,0,8.984,3664,5933,1.980,1.410,0.760,1,0,589.949,0,0,10,32,4,10,0
22-04 14:34:58,9.769,20.039,68.632,0,0.250,1329292,1577300,169268,4854288,8248.912,1697.274,0,1058.041,0,12.023,3112,4726,1.980,1.410,0.760,1,0,475.918,0,0,10,32,4,7,0
22-04 14:34:59,7.996,21.491,68.720,0.250,0.250,1331156,1575380,169276,4854316,14029.813,1619.286,0,1971.131,0,55.975,3721,5709,1.980,1.410,0.760,1,0,526.768,0,0,10,32,4,7,0
22-04 14:35:00,10.244,18.489,70.458,0,0,1327068,1579440,169276,4854344,9320.417,1692.986,0,835.500,0,9.994,3111,4795,1.980,1.410,0.760,3,0,469.719,0,0,10,32,4,6,0
22-04 14:35:01,9.247,18.995,70.481,0,0,1330408,1576052,169276,4854392,12080.726,1661.550,0,191.948,0,7.998,3207,4975,1.980,1.420,0.760,2,0,482.869,0,0,10,32,4,6,0
22-04 14:35:02,14.270,22.531,63.087,0,0,1342832,1563616,169288,4854392,8785.141,1502.076,0,520.720,0,24.033,3419,5383,1.980,1.420,0.760,2,0,520.720,0,0,10,32,4,7,0
22-04 14:35:03,55.229,17.993,25.990,0.250,0,1498900,1407296,169340,4854544,5528.871,1693.348,0,979.623,0,51.980,3140,5237,1.980,1.420,0.760,3,0,488.812,0,0,10,32,4,11,0
22-04 14:35:04,58.016,8.252,27.007,6.502,0.250,1623312,1273832,169968,4861988,10816.921,1694.458,412.111,19405.239,5.001,1387.375,7414,14533,1.980,1.420,0.760,2,1,63.017,0,0,10,38,4,13,0
22-04 14:35:05,35.281,8.257,35.281,19.017,0,1589548,1297564,170968,4870760,11462.201,1459.299,0,71323.478,0,5767.133,23073,40709,1.980,1.420,0.760,5,0,158.141,0,0,10,36,4,13,0
22-04 14:35:06,38.980,7.246,33.233,17.491,0,1617996,1259776,171764,4878912,5458.211,1619.173,0,72391.008,0,5628.124,23293,41309,2.220,1.480,0.790,2,0,62.968,0,0,10,36,4,13,0
22-04 14:35:07,44.270,10.255,30.013,16.257,0,1620968,1248540,172184,4886512,13446.944,1458.645,0,58417.821,0,4842.140,19029,34468,2.220,1.480,0.790,3,0,106.047,0,0,10,36,4,13,0
22-04 14:35:08,44.993,17.747,27.496,10.498,0.750,1545076,1318456,172416,4892076,7912.774,1619.749,363.944,39641.856,5.999,3184.506,17878,33372,2.220,1.480,0.790,3,1,299.954,0,0,10,35,4,12,0
22-04 14:35:09,41.499,16.250,30.000,10.750,0,1518184,1337916,172808,4898564,12029.808,1619.974,1087.983,44048.295,16.000,3173.949,15352,31431,2.220,1.480,0.790,3,1,170.997,0,0,10,34,4,13,0
22-04 14:35:10,39.978,8.495,37.729,12.993,0,1544196,1308764,173152,4901252,7404.912,1457.196,527.709,52019.285,7.996,3975.805,14223,33198,2.220,1.480,0.790,1,0,134.926,0,0,10,34,4,15,0
22-04 14:35:11,32.436,9.731,44.163,12.974,0,1508680,1339700,173524,4905328,5678.830,1658.737,0,49374.880,0,4168.800,17111,32391,2.200,1.490,0.790,4,0,123.757,0,0,10,34,4,16,0
22-04 14:35:12,36.597,6.768,42.613,13.536,0,1540584,1308228,173768,4904588,14813.255,1772.698,0,42219.883,0,3856.219,15890,31407,2.200,1.490,0.790,2,0,18.048,0,0,10,35,4,17,0
22-04 14:35:13,36.739,7.498,41.988,11.747,0,1492880,1353676,173960,4906628,8096.644,1457.576,0,37485.092,0,3430.002,17569,32371,2.200,1.490,0.790,2,1,68.980,0,0,10,34,4,18,0
22-04 14:35:14,36.015,7.503,40.267,15.006,0,1538736,1307336,174128,4906928,5780.445,1662.703,0,40829.271,0,3514.487,17214,29377,2.200,1.490,0.790,2,0,26.011,0,0,10,37,4,17,0
22-04 14:35:15,39.484,7.497,41.983,10.746,0.250,1481444,1362388,174252,4909004,11981.160,1619.346,0,33654.404,0,3105.745,17652,32076,2.200,1.490,0.790,2,0,72.971,0,0,10,36,4,21,0
22-04 14:35:16,35.914,8.480,44.394,10.974,0,1542280,1299164,174388,4911200,7994.884,1454.522,0,36161.538,0,3132.510,14392,24580,2.190,1.500,0.800,5,0,73.823,0,0,10,37,4,19,0
22-04 14:35:17,36.324,9.770,44.591,10.772,0,1517808,1320668,174520,4913904,12492.585,1665.411,0,44980.119,0,3755.692,15798,29993,2.190,1.500,0.800,2,0,79.162,0,0,10,36,4,20,0
22-04 14:35:18,32.667,10.224,45.385,11.471,0,1488788,1347224,174704,4916116,9384.286,1615.917,0,45421.221,0,3883.187,17549,30662,2.190,1.500,0.800,5,0,101.743,0,0,10,36,4,20,0
22-04 14:35:19,38.569,9.016,47.836,7.513,0.250,1540748,1291784,174868,4919336,7659.703,1697.036,0,49192.004,0,4137.402,16235,30059,2.190,1.500,0.800,2,0,95.170,0,0,10,37,4,20,0
22-04 14:35:20,34.293,8.260,44.055,12.766,0,1510256,1320416,174940,4921052,11543.499,1459.834,0,45809.537,0,3992.014,17804,33193,2.190,1.500,0.800,2,0,90.113,0,0,10,36,4,20,0
22-04 14:35:21,35.716,7.992,40.212,14.986,0,1550848,1284912,175048,4915840,12697.039,1618.475,0,43319.193,0,4095.142,19605,35453,2.090,1.490,0.800,7,0,11.989,0,0,10,37,4,21,0
22-04 14:35:22,24.509,7.503,61.272,7.253,0.250,1367372,1467792,175096,4916388,10879.949,1458.529,0,18806.827,0,1818.660,9232,15938,2.090,1.490,0.800,1,1,129.047,0,0,10,32,4,22,0
22-04 14:35:23,9.490,22.228,65.684,1.748,0.250,1368016,1466996,175100,4916532,8741.224,1618.375,0,12843.106,0,727.270,4740,7752,2.090,1.490,0.800,1,0,493.505,0,0,10,32,4,22,0
22-04 14:35:24,36.288,17.519,44.547,0.501,0,1456084,1378808,175120,4916632,11358.040,1621.719,0,4656.936,0,268.284,3771,5957,2.090,1.490,0.800,3,0,413.438,0,0,10,32,4,28,0
22-04 14:35:25,66.499,8.750,24.250,0.250,0,1668000,1164988,175196,4918424,12249.853,1457.983,0,1343.984,0,54.999,1679,1709,2.090,1.490,0.800,3,0,9.000,0,0,10,32,4,28,0
22-04 14:35:26,59.515,6.752,29.007,3.501,0,1759264,1067280,175388,4924072,7619.874,1620.399,0,20845.128,0,1453.358,7134,11891,2.160,1.510,0.810,2,2,57.014,0,0,10,38,4,28,0
22-04 14:35:27,26.256,8.502,46.261,20.005,0,1757252,1057220,175576,4935608,5165.250,1620.392,0,79975.354,0,6316.529,24339,44827,2.160,1.510,0.810,2,2,211.051,0,0,10,38,4,28,0
22-04 14:35:28,20.998,7.499,47.495,20.248,0,1761160,1044660,175692,4943868,11569.774,1625.828,0,82091.298,0,6394.322,24997,45699,2.160,1.510,0.810,1,1,182.981,0,0,10,38,4,28,0
22-04 14:35:29,37.229,11.493,42.226,13.242,0,1638752,1159004,175808,4951552,13008.585,1619.077,0,72554.644,0,5505.862,23448,39839,2.160,1.510,0.810,5,0,224.872,0,0,10,36,4,28,0
22-04 14:35:30,42.712,8.992,38.216,10.491,0.500,1701232,1087212,175916,4960396,11575.674,1618.556,0,58971.398,0,4806.712,19822,35866,2.160,1.510,0.810,2,1,137.877,0,0,10,36,4,28,0
22-04 14:35:31,46.589,8.015,27.552,17.533,0,1757064,1022448,176000,4968900,9747.569,1623.092,0,80260.897,0,5768.990,21220,37096,2.390,1.570,0.840,4,1,9.017,0,0,10,38,4,28,0
22-04 14:35:32,29.477,9.243,42.717,19.735,0,1640812,1129304,176092,4977852,14650.719,1456.878,0,66904.484,0,5272.940,21731,37743,2.390,1.570,0.840,1,1,116.910,0,0,10,36,4,28,0
22-04 14:35:33,24.481,7.494,48.712,19.485,0.500,1638980,1127540,176112,4981304,16042.375,1618.726,0,67327.014,0,5526.651,24144,39510,2.390,1.570,0.840,4,0,89.929,0,0,10,36,4,28,0
22-04 14:35:34,25.217,12.234,56.427,3.995,0,1381264,1385452,176112,4981096,6503.558,1617.900,0,15939.311,0,1026.667,5107,7899,2.390,1.570,0.840,1,0,248.677,0,0,10,32,4,28,0
22-04 14:35:35,22.485,3.248,73.200,0.250,0,1454844,1311868,176112,4981100,5640.153,1510.970,0,1534.953,0,87.940,1257,1673,2.390,1.570,0.840,1,0,2.998,0,0,10,32,4,28,0
22-04 14:35:36,23.494,2.999,71.730,1.000,0,1504204,1262504,176116,4981100,12308.603,1565.568,0,5286.541,0,299.917,2077,2997,2.280,1.560,0.840,2,0,0,0,0,10,38,4,28,0
22-04 14:35:37,22.517,3.503,73.555,0,0,1416912,1349788,176116,4981108,8231.107,1695.258,0,304.226,0,56.042,1262,1555,2.280,1.560,0.840,1,0,31.023,0,0,10,32,4,28,0
22-04 14:35:38,21.981,3.247,73.185,0,0,1490908,1275784,176116,4981108,11007.237,1584.594,0,3644.767,0,18.983,943,1174,2.280,1.560,0.840,1,0,0,0,0,10,32,4,28,0
22-04 14:35:39,21.567,21.316,57.429,0.251,0.251,1385464,1381208,176120,4981124,8367.047,1570.890,0,569.774,0,55.172,3424,7641,2.280,1.560,0.840,2,0,474.477,0,0,10,32,4,28,0
22-04 14:35:40,11.493,31.730,55.964,0,0,1386472,1380112,176124,4981192,11842.433,1692.918,0,243.844,0,22.985,4611,7375,2.280,1.560,0.840,1,0,942.398,0,0,10,32,4,28,0
22-04 14:35:41,10.495,19.490,69.466,0,0.250,1388912,1377612,176124,4981252,8035.063,1511.259,0,259.873,0,17.991,2890,4014,2.180,1.550,0.840,2,0,411.798,0,0,10,32,4,28,0
22-04 14:35:42,10.245,18.742,70.968,0,0,1388220,1378264,176124,4981288,8707.056,1565.291,0,7.996,0,1.999,2722,3927,2.180,1.550,0.840,1,0,334.848,0,0,10,32,4,28,0
22-04 14:35:43,9.496,19.991,68.719,0.250,0.250,1389172,1377116,176124,4981448,12076.638,1619.281,0,583.741,0,110.951,2962,4241,2.180,1.550,0.840,1,0,362.839,0,0,10,32,4,28,0
22-04 14:35:44,29.764,15.257,54.276,0,0.250,1437436,1328584,176132,4981812,11883.645,1586.754,0,144.068,0,2.001,4920,11550,2.180,1.550,0.840,2,0,203.096,0,0,10,33,4,28,0
22-04 14:35:45,46.452,3.746,48.700,0,0.250,1553464,1212440,176132,4982020,6527.296,1618.338,0,0,0,0,1196,1234,2.180,1.550,0.840,3,0,3.996,0,0,10,33,4,28,0
22-04 14:35:46,49.379,5.765,45.118,0,0,1615320,1146428,176148,4986088,12414.377,1570.095,84.220,344.899,1.003,15.039,1891,10788,2.160,1.560,0.840,3,0,7.018,0,0,10,49,4,28,0
22-04 14:35:47,30.170,9.974,59.592,0,0,1653580,1106824,176204,4987092,12270.520,1615.723,0,1176.885,0,135.641,2248,3232,2.160,1.560,0.840,4,0,169.551,0,0,10,48,4,29,0
22-04 14:35:48,14.495,5.498,78.970,0,0,1672300,1088056,176204,4987116,12441.347,2289.144,0,175.934,0,9.996,1446,1862,2.160,1.560,0.840,0,0,87.967,0,0,10,49,4,29,0
22-04 14:35:49,0.500,0.750,97.775,0.500,0,1672164,1088056,176208,4987248,144063.024,5047.297,0,572.147,0,34.009,1185,1619,2.160,1.560,0.840,0,0,0,0,0,10,49,4,29,0
22-04 14:35:50,12.779,7.267,77.927,1.503,0.251,1681696,1077128,176296,4988252,53366.355,2694.126,4.009,4385.974,1.002,302.688,2575,3386,2.160,1.560,0.840,1,0,57.130,0,0,10,48,4,30,0
22-04 14:35:51,17.246,8.498,72.482,1.500,0,1705460,998136,176316,5041516,11889.968,1619.587,63.984,4686.805,3.999,153.961,2241,2811,2.070,1.550,0.850,1,0,34.991,0,0,10,48,4,30,0
22-04 14:35:52,19.461,5.738,73.851,0,0,1716872,986528,176316,5041588,8308.242,1582.807,0,0,0,0,1459,1672,2.070,1.550,0.850,1,0,44.909,0,0,10,48,4,30,0
22-04 14:35:53,18.990,7.496,72.463,0.750,0,1663732,1093708,176460,4988708,6267.816,1723.125,287.854,4957.482,12.993,269.863,1827,2018,2.070,1.550,0.850,1,0,85.956,0,0,10,48,4,30,0
22-04 14:35:54,13.765,15.516,69.574,0,0.250,1661564,1095736,176464,4989188,12271.044,1621.724,4.004,16.017,1.001,2.002,3508,6662,2.070,1.550,0.850,4,0,239.254,0,0,10,48,4,30,0
22-04 14:35:55,10.744,8.495,79.453,0,0.250,1662988,1094152,176464,4988856,7844.356,1511.105,0,0,0,0,3243,5605,2.070,1.550,0.850,0,0,60.964,0,0,10,48,4,30,0
22-04 14:35:56,1.000,0.250,98.203,0,0,1662948,1094208,176464,4988856,11732.415,1565.255,0,291.861,0,3.998,766,1071,1.980,1.540,0.850,0,0,2.999,0,0,10,48,4,30,0
22-04 14:35:57,0.500,0.500,98.053,0,0,1662696,1094460,176464,4988856,7699.181,1620.880,0,0,0,0,717,1085,1.980,1.540,0.850,0,0,4.002,0,0,10,48,4,30,0
22-04 14:35:58,0.500,0.750,98.230,0.250,0.250,1662920,1094236,176464,4988856,5002.974,1457.701,0,2715.443,0,193.960,968,1038,1.980,1.540,0.850,0,0,1.000,0,0,10,48,4,30,0
22-04 14:35:59,2.000,4.251,92.267,0.250,0.250,1625348,1131752,176464,4988980,12081.259,1620.303,0,560.105,0,34.006,1482,2206,1.980,1.540,0.850,0,0,47.009,0,0,10,48,4,30,0
22-04 14:36:00,16.746,13.747,67.983,0,0,1673468,1083616,176464,4988996,11591.149,1619.602,0,0,0,0,4472,11261,1.980,1.540,0.850,0,0,228.944,0,0,10,48,4,30,0
22-04 14:36:01,0.500,0.750,98.057,0,0,1673624,1083460,176464,4988996,12293.167,1532.894,0,0,0,0,745,1014,1.820,1.510,0.840,0,0,3.002,0,0,10,48,4,30,0
22-04 14:36:02,0.750,0.500,98.190,0,0,1673624,1083460,176464,4988996,10934.275,1619.004,0,0,0,0,738,1036,1.820,1.510,0.840,0,0,1.999,0,0,10,48,4,30,0
22-04 14:36:03,0,0.750,98.513,0,0,1673624,1083460,176464,4988996,11518.543,1620.217,0,0,0,0,687,975,1.820,1.510,0.840,0,0,2.000,0,0,10,48,4,24,0
22-04 14:36:04,1.504,1.504,96.479,0.251,0,1673552,1083400,176464,4989128,8288.636,1623.847,0,104.247,0,7.017,898,1378,1.820,1.510,0.840,1,0,25.059,0,0,10,48,4,24,0
22-04 14:36:05,11.500,16.250,72.251,0,0.250,1669256,1087676,176464,4989144,5539.089,1858.030,0,12.000,0,3.000,2906,4949,1.820,1.510,0.840,1,0,337.005,0,0,11,48,4,22,0
22-04 14:36:06,15.214,14.466,69.586,0,0,1672712,1084072,176464,4989156,5167.835,1508.449,0,3.991,0,0.998,5327,10414,1.760,1.510,0.840,0,0,197.535,0,0,11,48,4,22,0
22-04 14:36:07,3.507,7.765,87.423,0.250,0.250,1673224,1083536,176464,4989176,12059.806,1569.097,0,208.411,0,9.018,1574,2475,1.760,1.510,0.840,1,0,165.326,0,0,11,48,4,22,0
22-04 14:36:08,16.730,15.231,65.920,0,0.499,1681412,1075348,176464,4989208,10771.880,1691.939,0,159.805,0,0.999,4924,9189,1.760,1.510,0.840,1,0,256.687,0,0,13,50,4,22,0
22-04 14:36:09,10.014,18.776,70.848,0.250,0,1676488,1080160,176468,4989244,11561.921,1514.085,0,668.921,0,49.068,2913,5012,1.760,1.510,0.840,1,0,341.470,0,0,13,50,4,21,0
22-04 14:36:10,17.943,15.950,65.294,0,0,1682240,1074328,176468,4989280,7094.652,1561.083,0,55.824,0,13.956,5500,9471,1.760,1.510,0.840,4,0,235.259,0,0,13,50,4,21,0
22-04 14:36:11,30.866,22.585,46.424,0,0,1755020,1001224,176476,4989628,11129.703,1626.093,0,345.294,0,10.038,3878,6650,1.780,1.510,0.850,2,0,657.464,0,0,13,50,4,18,0
22-04 14:36:12,32.754,21.253,44.756,0,0,1814800,940236,176564,4991020,12737.579,1512.188,32.004,52.006,2.000,11.001,4232,9157,1.780,1.510,0.850,9,0,586.073,0,0,13,54,4,20,0
22-04 14:36:13,45.650,15.965,38.415,0.249,0,1898888,855888,176568,4990896,5922.964,1604.469,0,4430.249,0,344.242,4364,7878,1.780,1.510,0.850,2,0,217.521,0,0,13,54,4,20,0
22-04 14:36:14,32.487,4.498,62.224,0,0,1990216,764188,176596,4991244,5820.584,1661.311,0,675.720,0,4.998,1528,2993,1.780,1.510,0.850,1,0,5.998,0,0,13,54,4,18,0
22-04 14:36:15,23.741,1.999,72.974,0.250,0.250,2031196,720648,176900,4993132,14876.600,1511.451,155.943,995.639,38.986,5.998,1234,1936,1.780,1.510,0.850,1,0,5.998,0,0,13,56,4,18,0
22-04 14:36:16,23.339,6.023,58.473,10.791,0,2034968,703308,176916,5006336,8325.746,1662.338,0,27276.003,0,2446.328,12823,22016,1.880,1.540,0.860,2,0,4.015,0,0,13,56,4,14,0
22-04 14:36:17,29.223,10.490,52.701,6.494,0,2144956,585952,177020,5013248,12304.458,1618.482,0,13515.323,0,1507.586,10194,23393,1.880,1.540,0.860,7,0,10.990,0,0,14,68,4,20,0
22-04 14:36:18,24.999,23.249,51.998,0.250,0.500,2211052,518504,177024,5014432,13254.470,1531.939,0,5751.770,0,180.993,4936,13501,1.880,1.540,0.860,2,0,389.984,0,0,14,89,4,24,0
22-04 14:36:19,10.243,19.237,68.702,0.250,0.250,2210632,518696,177024,5014596,12380.433,1692.829,0,903.375,0,55.961,3068,5067,1.880,1.540,0.860,2,0,378.738,0,0,14,89,4,24,0
22-04 14:36:20,28.009,15.255,55.267,0,0,2250552,478628,177028,5014956,11568.540,1620.496,0,1216.372,0,39.012,4803,8966,1.880,1.540,0.860,3,0,211.065,0,0,14,89,4,24,0
22-04 14:36:21,47.014,5.001,47.514,0.250,0,2370384,358080,177048,5015748,5195.507,1694.491,0,4629.343,0,238.069,2059,3882,1.970,1.560,0.870,2,1,17.005,0,0,14,94,4,24,0
22-04 14:36:22,8.487,18.223,70.895,0.499,0,2381152,347048,177048,5015924,10916.756,1617.593,0,778.841,0,61.908,2940,4441,1.970,1.560,0.870,1,0,304.547,0,0,14,93,4,24,0
22-04 14:36:23,7.745,19.486,71.950,0.250,0,2380400,347780,177048,5015944,7837.514,1456.980,0,63.955,0,7.994,2686,3781,1.970,1.560,0.870,1,0,291.796,0,0,14,93,4,24,0
22-04 14:36:24,8.760,19.273,71.083,0.250,0,2381972,346176,177052,5015972,6487.584,1621.896,0,52749.664,0,70.082,2620,3788,1.970,1.560,0.870,1,0,300.351,0,0,14,93,4,23,0
22-04 14:36:25,19.716,6.988,72.873,0,0,2437092,291004,177052,5015992,11424.122,1583.245,0,0,0,0,1480,1927,1.970,1.560,0.870,1,0,92.838,0,0,14,93,4,23,0
22-04 14:36:26,21.990,5.497,71.217,0,0.500,2405484,322452,177052,5016148,8671.959,1807.158,0,395.816,0,21.990,2666,4419,1.890,1.550,0.870,1,0,62.971,0,0,14,95,4,19,0
22-04 14:36:27,22.507,4.752,71.273,0.250,0.250,2456900,270848,177064,5016324,14937.870,1694.552,0,496.162,0,48.016,2285,3617,1.890,1.550,0.870,1,0,4.001,0,0,14,99,5,19,0
22-04 14:36:28,34.226,5.996,57.960,1.999,0,2444432,282992,177064,5016604,11611.999,1678.843,0,5044.524,0,469.676,5278,9501,1.890,1.550,0.870,1,0,26.981,0,0,14,106,5,21,0
22-04 14:36:29,21.786,5.509,71.117,0.751,0.250,2506040,221376,177064,5016612,5305.701,1568.572,0,9078.889,0,703.153,2622,2351,1.890,1.550,0.870,1,0,92.151,0,0,14,106,5,21,0
22-04 14:36:30,29.059,5.511,63.629,0.501,0,2480880,246568,177068,5016652,11084.402,1697.431,0,1547.127,0,156.316,3647,6283,1.890,1.550,0.870,2,0,38.077,0,0,14,106,5,23,0
22-04 14:36:31,44.742,7.499,48.491,0,0,2580728,146688,177068,5016668,12362.824,1511.734,0,479.916,0,26.995,1880,2393,1.900,1.560,0.880,3,0,65.988,0,0,14,108,5,23,0
22-04 14:36:32,30.915,6.233,61.829,0.499,0,2590172,137224,177068,5016688,11798.377,1561.682,0,666.158,0,63.824,1930,2675,1.900,1.560,0.880,1,0,57.840,0,0,14,110,5,24,0
22-04 14:36:33,21.249,5.250,72.246,0.250,0.250,2547664,183656,177068,5012764,11037.338,1639.902,8.000,411.975,1.000,29.998,1699,2481,1.900,1.560,0.880,1,0,50.997,0,0,14,112,5,25,0
22-04 14:36:34,23.750,2.250,72.999,0.250,0,2598792,132504,177068,5012788,11221.798,1639.970,12.000,323.994,3.000,18.000,1325,1817,1.900,1.560,0.880,2,0,2.000,0,0,14,114,5,25,0
22-04 14:36:35,20.803,6.516,71.681,0.251,0,2595984,135108,177068,5012992,8794.214,1569.966,0,958.421,0,107.271,2446,3791,1.900,1.560,0.880,1,0,85.215,0,0,14,114,5,26,0
22-04 14:36:36,21.955,5.988,70.855,0.499,0.249,2559816,184884,175832,5000836,4779.198,1706.500,538.895,3608.599,12.973,254.478,1948,2341,1.750,1.530,0.870,1,0,58.879,0,0,14,114,5,27,0
22-04 14:36:37,22.746,2.999,73.236,0.500,0,2611972,132708,175832,5000856,7462.582,1565.703,3.999,1491.717,1.000,89.983,1444,2036,1.750,1.530,0.870,1,0,2.999,0,0,14,115,5,27,0
22-04 14:36:38,28.507,4.001,65.015,1.250,0.500,2622448,121912,175832,5001176,11694.713,1608.373,0,2248.522,0,341.079,5119,9133,1.750,1.530,0.870,1,0,3.001,0,0,14,119,5,29,0
22-04 14:36:39,25.486,7.746,66.464,0.500,0,2605580,142212,175484,4998636,12485.233,1565.152,7.996,1123.391,1.999,63.965,1998,5213,1.750,1.530,0.870,2,0,88.952,0,0,14,119,5,30,0
22-04 14:36:40,25.287,3.505,68.100,1.502,0.250,2623024,131252,175320,4992328,11659.116,1622.382,4.006,3336.899,1.001,380.559,3637,5430,1.750,1.530,0.870,1,0,0,0,0,14,121,5,29,0
22-04 14:36:41,33.273,7.255,58.541,1.251,0,2623796,135284,175200,4987652,11677.127,1513.053,668.465,6548.558,63.044,496.345,4055,6773,1.680,1.530,0.880,1,0,72.050,0,0,14,121,5,30,0
22-04 14:36:42,21.998,5.499,70.993,0.500,0,2603056,176900,174944,4967068,13249.622,1713.822,23.998,1131.882,4.999,151.984,2619,4029,1.680,1.530,0.880,1,0,48.995,0,0,14,121,5,31,0
22-04 14:36:43,20.702,6.235,71.833,0.249,0,2656640,140852,174624,4950068,13366.855,1616.234,359.163,602.596,15.963,31.926,1588,2162,1.680,1.530,0.880,2,0,99.768,0,0,14,121,5,31,0
22-04 14:36:44,27.017,2.251,69.793,1.001,0,2658544,138088,174632,4950920,5656.467,1512.927,828.508,920.564,13.008,117.072,3218,5512,1.680,1.530,0.880,1,0,0,0,0,14,123,5,31,0
22-04 14:36:45,31.776,4.003,62.801,0.500,0,2606316,188944,174632,4952276,6018.857,1567.265,1385.118,1064.859,30.024,112.090,3391,5837,1.680,1.530,0.880,5,0,9.007,0,0,14,123,5,32,0
22-04 14:36:46,27.022,10.008,62.052,0.250,0.250,2655916,136156,174632,4955416,11628.663,1779.479,2850.369,960.798,70.058,80.067,3755,6393,1.710,1.530,0.880,1,0,283.235,0,0,14,123,5,32,0
22-04 14:36:47,36.664,8.979,50.881,0.748,0.249,2618924,183600,174620,4944984,13649.170,2103.096,442.967,1269.041,7.981,128.700,3944,7241,1.710,1.530,0.880,1,0,120.718,0,0,14,123,5,34,0
22-04 14:36:48,9.532,19.065,69.736,0.251,0.251,2622716,179684,174624,4945104,11883.260,1571.324,8.027,549.863,2.007,38.129,3268,5071,1.710,1.530,0.880,1,0,362.227,0,0,14,123,5,33,0
22-04 14:36:49,16.742,17.741,65.218,0.500,0.250,2632888,169176,174624,4945812,10945.680,1585.230,203.901,555.730,9.995,29.985,4788,10549,1.710,1.530,0.880,1,0,217.894,0,0,14,123,5,33,0
22-04 14:36:50,30.974,21.732,46.711,0,0,2679120,128576,174616,4939836,11516.418,1660.618,23.980,2621.819,2.998,165.862,4201,6731,1.710,1.530,0.880,3,0,474.605,0,0,14,123,5,32,0
22-04 14:36:51,36.160,20.909,39.111,0.984,0,2751856,132140,173660,4865584,8831.794,1704.174,2573.972,5356.538,144.638,551.987,6533,11451,1.890,1.570,0.900,5,1,337.489,0,0,14,134,5,32,0
22-04 14:36:52,50.117,21.370,27.221,0.254,0,2859780,124644,171804,4768984,5862.426,1691.260,1412.437,5434.014,123.130,517.961,6333,11310,1.890,1.570,0.900,3,0,531.190,0,0,16,135,5,32,0
22-04 14:36:53,58.767,21.756,18.505,0.500,0,2965876,133200,169016,4659668,14128.125,1566.457,896.262,152.044,61.018,14.004,6359,14414,1.890,1.570,0.900,4,0,361.105,0,0,16,135,5,32,0
22-04 14:36:54,50.767,20.257,27.759,0.750,0.250,3037864,135728,167852,4587236,8400.873,1512.517,76.026,4565.561,4.001,118.040,4285,9212,1.890,1.570,0.900,2,1,409.140,0,0,16,151,5,32,0
22-04 14:36:55,24.977,21.980,52.702,0,0.250,3086048,130092,167608,4546116,4838.582,1618.522,71.934,1898.267,1.998,286.738,4387,6770,1.890,1.570,0.900,1,0,561.487,0,0,17,151,5,32,0
22-04 14:36:56,18.759,16.258,63.781,0,0,3108108,120708,167096,4534324,11021.323,1566.757,296.143,332.160,17.008,19.009,5554,13279,1.900,1.580,0.910,2,0,230.111,0,0,17,151,5,32,0
22-04 14:36:57,33.706,21.222,44.442,0.250,0,3157668,134240,167068,4472700,10965.777,1599.925,0,1338.264,0,102.867,4509,7708,1.900,1.580,0.910,2,0,530.312,0,0,17,153,5,32,0
22-04 14:36:58,46.039,19.016,33.529,0.250,0,3264016,129136,166932,4373804,10926.364,1695.453,672.576,6105.232,28.024,719.617,6334,16872,1.900,1.580,0.910,2,0,308.264,0,0,17,165,5,33,0
22-04 14:36:59,33.255,21.253,44.006,0,0.250,3328488,126540,166924,4313376,12242.714,1640.230,72.010,516.072,9.001,33.005,4373,7085,1.900,1.580,0.910,2,0,731.102,0,0,17,165,5,33,0
22-04 14:37:00,24.994,20.495,51.487,1.250,0,3392928,128492,166952,4248168,6505.354,1655.581,15.996,7534.094,3.999,873.779,6740,14477,1.900,1.580,0.910,1,0,507.872,0,0,17,171,5,33,0
22-04 14:37:01,19.737,15.990,63.209,0,0.250,3404316,124692,166948,4240736,13760.015,1618.943,139.909,415.729,17.988,23.984,4165,9621,1.830,1.570,0.910,2,1,230.849,0,0,17,177,5,33,0
22-04 14:37:02,44.407,8.732,45.654,0.499,0,3530372,123000,166952,4118956,4814.922,1528.800,35.925,2355.071,7.983,334.300,2782,3427,1.830,1.570,0.910,2,0,82.827,0,0,17,177,5,33,0
22-04 14:37:03,46.521,6.253,44.770,1.501,0,3633116,137888,166856,4003632,8779.012,1620.741,4834.209,2993.368,154.070,241.110,2481,3440,1.830,1.570,0.910,2,0,3.001,0,0,17,179,5,33,0
22-04 14:37:04,30.844,16.300,52.159,0.502,0.251,3578736,191644,166880,4004232,11115.837,1624.946,341.038,505.539,15.046,26.079,3488,5942,1.830,1.570,0.910,2,0,426.298,0,0,17,181,5,33,0
22-04 14:37:05,37.653,21.445,39.648,0,0.249,3576836,192096,166888,4006020,7947.567,1454.261,59.846,813.907,4.987,53.862,6308,16184,1.830,1.570,0.910,5,0,483.756,0,0,17,193,5,33,0
22-04 14:37:06,53.664,21.064,23.823,0.251,0,3663152,144996,166972,3967820,11561.378,1699.200,3518.767,573.756,92.282,28.086,6439,14110,1.920,1.600,0.920,3,0,228.700,0,0,17,195,5,33,0
22-04 14:37:07,82.934,13.989,2.498,0,0,3781884,124784,166992,3871772,8209.514,1782.592,527.583,11387.004,14.988,507.599,3834,6087,1.920,1.600,0.920,4,0,68.946,0,0,17,210,5,35,0
22-04 14:37:08,80.466,16.940,2.740,0,0,3824808,131884,167120,3822948,4972.442,1688.040,139.507,2271.978,12.954,89.683,4366,14815,1.920,1.600,0.920,7,0,66.764,0,0,17,217,5,45,0
22-04 14:37:09,48.419,25.338,25.840,0,0.251,3816248,172248,167156,3791904,14636.951,1625.659,20.070,903.144,5.017,53.185,5473,11645,1.920,1.600,0.920,4,0,585.037,0,0,17,219,5,45,0
22-04 14:37:10,51.134,20.204,26.690,0.499,0.249,3867740,145532,167160,3767556,11332.355,1528.541,15.964,1173.345,1.995,106.758,7037,16042,1.920,1.600,0.920,6,0,267.395,0,0,17,221,5,45,0
22-04 14:37:11,58.634,23.554,18.793,0,0,3927748,122112,167160,3731284,11898.259,1623.720,0,320.735,0,29.067,7032,24158,2.090,1.640,0.930,3,0,516.183,0,0,17,221,5,45,0
22-04 14:37:12,63.247,18.249,16.249,0,0,3952588,127244,167176,3701464,11605.501,1619.930,163.993,1103.953,11.000,69.997,7653,19794,2.090,1.640,0.930,4,0,283.988,0,0,17,225,5,48,0
22-04 14:37:13,53.228,24.240,20.492,0.750,0.500,4013492,142856,167180,3625632,12660.834,1457.405,83.966,27136.928,1.999,899.633,5728,9493,2.090,1.640,0.930,6,0,461.812,0,0,17,229,5,46,0
22-04 14:37:14,64.307,16.451,19.192,0.499,0,4094040,125216,167188,3563456,8625.082,1804.577,91.724,8103.649,5.982,833.495,8906,18987,2.090,1.640,0.930,5,0,210.368,0,0,17,237,5,48,0
22-04 14:37:15,66.173,10.277,22.058,0.501,0,4203988,135488,167188,3446072,7898.663,1624.249,4.010,557.458,1.003,48.126,3726,4865,2.090,1.640,0.930,3,0,12.031,0,0,17,240,5,48,0
22-04 14:37:16,62.747,13.499,22.499,0,0.250,4214440,148608,167204,3423128,6008.730,1457.934,495.978,935.958,17.999,83.996,4786,8766,2.480,1.730,0.970,4,0,117.995,0,0,17,247,5,53,0
22-04 14:37:17,51.507,27.004,21.253,0.250,0.250,4198372,163948,167208,3423852,12783.662,1690.220,936.122,1900.247,31.004,221.029,5887,11346,2.480,1.730,0.970,3,0,517.067,0,0,17,251,5,53,0
22-04 14:37:18,51.766,22.007,23.757,0.500,0,4196724,185200,167296,3404972,12130.688,1710.520,4409.340,2051.624,88.027,109.033,6020,12680,2.480,1.730,0.970,3,0,294.089,0,0,17,252,5,53,0
22-04 14:37:19,76.987,17.497,5.749,0,0,4326420,136052,167300,3325952,13812.638,1457.751,827.858,6922.816,7.999,594.898,4018,5731,2.480,1.730,0.970,4,0,173.970,0,0,18,255,5,43,0
22-04 14:37:20,66.010,11.252,21.753,0.250,0,4371556,132416,167316,3285184,10962.633,1620.241,772.115,680.101,7.001,36.005,2212,2876,2.480,1.730,0.970,3,0,48.007,0,0,18,255,5,43,0
22-04 14:37:21,32.178,14.966,50.636,0.499,0.249,4398992,135708,167320,3255108,12316.325,2651.043,634.574,6010.494,14.966,465.953,6274,10363,2.530,1.750,0.980,1,0,220.505,0,0,18,257,5,44,0
22-04 14:37:22,18.785,6.512,73.387,0.501,0,4402440,132208,167332,3255188,26380.226,3936.345,809.511,641.196,10.019,41.077,2048,2836,2.530,1.750,0.980,1,0,13.024,0,0,18,265,6,44,1
22-04 14:37:23,23.015,9.756,65.292,0,0,4415668,137536,167332,3237188,16563920.909,105347.422,768.492,1833.173,6.004,116.074,6755,4813,2.530,1.750,0.980,2,0,34.022,0,0,18,264,5,43,0
22-04 14:37:24,35.869,13.451,48.821,0.249,0,4471240,139168,167332,3180392,5468.973,1614.089,3120.572,255.066,41.847,17.934,2950,5605,2.530,1.750,0.980,4,0,242.113,0,0,18,269,5,43,0
22-04 14:37:25,38.374,7.274,53.674,0.502,0.251,4477740,131828,167332,3181284,11897.524,1625.263,1119.625,533.728,35.114,67.218,3698,7229,2.530,1.750,0.980,2,0,7.023,0,0,18,278,5,47,0
22-04 14:37:26,23.732,5.496,67.948,0.749,0,4416184,187696,167332,3187004,10834.722,1456.887,243.814,1582.791,10.992,133.898,3976,7789,2.400,1.730,0.980,1,0,44.966,0,0,18,281,5,50,0
22-04 14:37:27,14.206,14.704,68.537,0.249,0.249,4449024,154500,167332,3187360,15227.581,1614.971,195.392,470.535,5.981,39.876,3554,5913,2.400,1.730,0.980,1,0,426.671,0,0,18,283,5,48,0
22-04 14:37:28,20.572,7.025,71.250,0.251,0,4414156,204212,167336,3172672,14347.374,1720.039,88.310,256.902,3.011,21.074,2145,3260,2.400,1.730,0.980,1,0,94.331,0,0,18,283,5,48,0
22-04 14:37:29,9.494,17.989,70.706,0.250,0.250,4426188,192144,167336,3172708,11920.597,1457.095,7.995,2906.195,0.999,160.900,3763,6169,2.400,1.730,0.980,2,0,384.761,0,0,18,283,5,46,0
22-04 14:37:30,5.983,7.230,85.513,0,0,4427120,191136,167336,3172784,10745.246,1689.322,31.912,155.569,2.992,10.970,2184,3576,2.400,1.730,0.980,0,0,191.470,0,0,18,283,5,46,0
22-04 14:37:31,16.250,2.000,81.252,0,0,4464148,154092,167336,3172800,6049.145,1694.041,16.000,15956.383,1.000,43.001,1340,1936,2.290,1.720,0.980,1,0,11.000,0,0,18,283,5,44,0
22-04 14:37:32,21.564,6.519,70.209,0.251,0,4418052,200044,167336,3172944,13215.382,1462.358,0,296.885,0,37.111,2323,3740,2.290,1.720,0.980,1,0,84.251,0,0,18,287,5,44,0
22-04 14:37:33,13.256,14.007,70.534,0,0.500,4422840,195172,167340,3173024,11601.522,1620.771,8.004,436.208,2.001,29.014,3192,4800,2.290,1.720,0.980,1,0,226.108,0,0,18,289,5,42,0
22-04 14:37:34,14.199,14.947,70.250,0.249,0.249,4435540,182348,167340,3173148,5416.716,1614.253,3.986,135.518,0.996,15.943,2998,4814,2.290,1.720,0.980,1,0,232.173,0,0,18,291,5,42,0
22-04 14:37:35,24.500,3.000,71.749,0,0,4493696,134008,167340,3163332,11820.764,1457.971,499.990,131.997,7.000,18.000,1601,2377,2.290,1.720,0.980,1,0,3.000,0,0,18,291,5,41,0
22-04 14:37:36,23.755,3.251,70.766,0.750,0,4531796,124068,167344,3135384,8537.887,1620.358,332.073,524.116,23.005,60.013,2096,3277,2.190,1.710,0.980,1,0,4.001,0,0,18,299,5,41,0
22-04 14:37:37,24.329,3.010,71.732,0.251,0,4471708,183380,167344,3136160,11913.481,1625.250,882.852,409.322,46.149,16.052,1669,2366,2.190,1.710,0.980,1,0,8.026,0,0,18,295,5,41,0
22-04 14:37:38,25.165,2.242,71.259,0,0,4521976,132980,167344,3136292,8916.817,1526.832,0,203.312,0,10.963,1732,2581,2.190,1.710,0.980,2,0,0.997,0,0,18,298,5,40,0
22-04 14:37:39,28.601,6.774,64.226,0.251,0.251,4459808,209340,167344,3122124,6226.938,1625.727,256.905,272.962,27.095,18.064,2208,8660,2.190,1.710,0.980,1,0,52.184,0,0,18,295,5,42,0
22-04 14:37:40,22.982,4.496,71.443,0,0,4432516,236508,167344,3122248,11102.118,1618.705,0,75.939,0,6.994,1639,2315,2.190,1.710,0.980,1,0,39.968,0,0,18,295,5,39,0
22-04 14:37:41,10.497,18.245,70.229,0.250,0,4435408,232496,167344,3123368,8489.513,1619.525,1479.566,367.892,19.994,12.996,3078,4918,2.090,1.700,0.980,1,0,351.897,0,0,18,295,5,39,0
22-04 14:37:42,17.716,10.480,70.864,0,0.250,4462960,204640,167344,3123672,7467.684,1455.210,355.319,147.717,20.960,11.977,2369,3825,2.090,1.700,0.980,1,0,190.635,0,0,18,295,5,38,0
22-04 14:37:43,24.831,4.515,70.481,0.251,0,4480964,186244,167360,3124048,13044.682,1625.318,349.142,0,21.069,0,5848,11344,2.090,1.700,0.980,3,0,8.026,0,0,18,295,5,38,0
22-04 14:37:44,18.433,3.736,76.472,0.249,0.498,4473084,193832,167372,3124328,16170.157,5134.316,23.913,430.434,5.978,9.964,4993,9470,2.090,1.700,0.980,1,0,7.971,0,0,18,296,5,37,0
22-04 14:37:45,26.342,4.516,68.990,0.251,0,4497916,166908,167536,3125996,13026.305,1691.884,80.279,850.960,5.017,45.157,7319,14414,2.090,1.700,0.980,3,0,5.017,0,0,18,298,5,37,0
22-04 14:37:46,22.445,5.487,70.578,0.249,0,4442428,222468,167536,3125924,13422.303,1789.640,79.806,518.736,1.995,28.930,3906,7115,2,1.690,0.980,1,0,39.903,0,0,18,297,5,36,0
22-04 14:37:47,17.230,12.735,69.920,0,0,4467416,197676,167536,3125836,5676.472,1456.325,0,363.582,0,32.962,2817,4510,2,1.690,0.980,1,0,234.730,0,0,18,297,5,36,0
22-04 14:37:48,21.286,6.761,71.621,0,0,4438428,226452,167536,3126048,11990.300,1696.873,24.041,152.258,2.003,9.015,2202,3287,2,1.690,0.980,4,0,81.137,0,0,18,297,5,37,0
22-04 14:37:49,22.720,4.744,70.907,0,0,4489824,175036,167536,3126068,10315.538,1775.683,0,183.760,0,8.988,1660,2424,2,1.690,0.980,1,0,32.957,0,0,18,297,5,37,0
22-04 14:37:50,22.992,5.248,71.726,0,0.250,4477996,186856,167536,3126076,15194.849,1457.506,0,159.946,0,8.997,1818,2754,2,1.690,0.980,2,0,71.976,0,0,18,297,5,37,0
22-04 14:37:51,21.770,5.755,71.816,0.250,0.250,4453988,210760,167536,3126180,8906.176,1695.557,80.074,248.228,5.005,21.019,1936,2963,1.840,1.660,0.980,2,0,58.053,0,0,18,297,5,37,0
22-04 14:37:52,23.807,3.258,70.920,0.251,0,4430212,234400,167540,3126312,11233.950,1515.636,0,3572.571,0,363.873,2562,2819,1.840,1.660,0.980,1,0,30.072,0,0,18,297,5,40,0
22-04 14:37:53,23.755,4.251,72.014,0.250,0,4485056,179544,167540,3126324,13045.596,1566.312,0,1236.246,0,111.022,1716,2382,1.840,1.660,0.980,1,0,4.001,0,0,18,297,5,41,0
22-04 14:37:54,23.187,3.989,70.809,0.249,0,4466820,197660,167540,3126444,5032.397,1685.444,95.741,418.868,5.984,42.884,2173,3369,1.840,1.660,0.980,1,0,48.868,0,0,18,297,5,41,0
22-04 14:37:55,24.472,4.245,70.419,0.250,0.499,4454464,210004,167540,3126456,5136.083,1692.051,0,271.687,0,24.971,2095,3183,1.840,1.660,0.980,1,0,33.961,0,0,18,297,5,43,0
22-04 14:37:56,25.007,3.001,70.769,0.250,0,4492740,171700,167540,3126484,13446.617,1620.436,0,380.102,0,39.010,2096,3195,1.780,1.650,0.980,1,0,0,0,0,18,297,5,43,0
22-04 14:37:57,21.325,6.774,70.999,0.251,0,4460940,203492,167540,3126496,12008.173,1744.125,0,561.974,0,35.123,2144,3212,1.780,1.650,0.980,1,0,91.321,0,0,18,297,6,43,0
22-04 14:37:58,22.918,5.231,70.997,0,0.249,4443788,220624,167540,3126516,12617.121,1634.187,0,16134.609,0,51.816,1997,2904,1.780,1.650,0.980,1,0,48.826,0,0,18,297,6,44,0
22-04 14:37:59,24.291,4.257,71.620,0,0,4421580,242744,167540,3126604,10958.410,1622.726,100.168,224.377,10.017,16.027,1764,2691,1.780,1.650,0.980,1,0,13.022,0,0,18,297,6,46,0
22-04 14:38:00,23.204,3.493,72.607,0,0.250,4483016,181276,167540,3126636,12320.765,1582.886,0,143.717,0,5.988,1551,2204,1.780,1.650,0.980,1,0,2.994,0,0,18,297,6,46,0
22-04 14:38:01,27.000,3.500,67.000,1.000,0,4458780,204956,167540,3127192,11564.919,1565.989,331.998,1255.991,26.000,161.999,3524,6385,1.710,1.640,0.980,1,0,8.000,0,0,18,299,6,47,0
22-04 14:38:02,24.851,3.263,70.787,0.502,0,4489768,173960,167544,3127196,5526.426,1626.601,4.016,959.895,1.004,109.444,2387,4095,1.710,1.640,0.980,1,0,0,0,0,18,301,6,47,0
22-04 14:38:03,18.480,11.987,68.175,0.250,0,4429548,233980,167548,3127392,5294.203,1584.265,3.996,875.042,0.999,91.899,3409,5919,1.710,1.640,0.980,1,0,231.746,0,0,18,299,6,48,0
22-04 14:38:04,13.510,21.015,64.046,0,0,4438712,224588,167548,3127620,12077.756,1715.244,0,592.430,0,37.027,4699,8520,1.710,1.640,0.980,1,0,496.360,0,0,18,299,6,48,0
22-04 14:38:05,13.003,23.005,62.764,0,0,4445204,218004,167548,3127680,13140.996,1620.369,0,748.171,0,55.013,3936,6475,1.710,1.640,0.980,1,0,481.110,0,0,18,299,6,48,0
22-04 14:38:06,12.002,20.253,66.759,0,0.750,4444780,218368,167552,3127720,11594.565,1512.204,0,680.092,0,59.008,4587,7876,1.580,1.610,0.970,1,0,702.095,0,0,18,299,6,48,0
22-04 14:38:07,9.251,22.002,68.255,0.250,0,4444872,218240,167552,3127756,8997.639,1566.111,0,444.032,0,32.002,4074,6971,1.580,1.610,0.970,1,0,631.045,0,0,18,299,6,48,0
22-04 14:38:08,9.750,21.500,67.499,0.250,0,4444760,218316,167552,3127792,11174.888,1511.985,0,2515.975,0,143.999,4054,6532,1.580,1.610,0.970,2,0,473.995,0,0,18,299,6,43,0
22-04 14:38:09,10.492,20.734,67.199,0,0.250,4446008,217052,167552,3127812,11437.296,1618.768,0,327.751,0,17.986,3436,5334,1.580,1.610,0.970,1,0,428.674,0,0,18,299,6,43,0
22-04 14:38:10,13.963,14.462,71.560,0,0,4467944,284408,167584,3047464,5726.795,1561.853,79.788,31.915,11.968,4.987,2581,4089,1.580,1.610,0.970,1,0,247.343,0,0,18,299,6,36,0
22-04 14:38:11,24.993,6.248,67.231,1.000,0,4471612,263560,167936,3063064,11084.830,1619.537,15.995,3506.997,1.000,54.984,13223,25996,1.530,1.600,0.970,1,0,6.998,0,0,18,299,6,36,0
22-04 14:38:12,6.747,1.999,89.715,0.750,0,4480228,254492,167936,3063484,14294.482,3810.529,0,2910.876,0,141.945,1762,2805,1.530,1.600,0.970,0,0,3.998,0,0,18,300,6,33,0
22-04 14:38:13,15.758,2.501,81.042,0.750,0,4487224,246932,167936,3064016,17873.169,7728.965,376.193,1020.524,14.007,58.030,1742,2564,1.530,1.600,0.970,1,0,0,0,0,18,301,6,33,0
22-04 14:38:14,12.248,1.750,83.735,0.750,0,4486772,246456,167936,3064872,32020.396,14955.383,607.894,2575.549,55.990,109.981,1987,2987,1.530,1.600,0.970,1,0,0,0,0,18,301,6,31,0
22-04 14:38:15,16.741,1.249,79.959,0.750,0.250,4502992,229320,167936,3065748,25467.986,12712.504,723.630,1191.391,37.981,58.970,1801,2785,1.530,1.600,0.970,0,1,0,0,0,18,301,6,31,0
22-04 14:38:16,15.743,1.499,80.717,0.750,0,4502472,229068,167936,3066480,32543.560,14411.048,751.690,1655.316,42.982,71.970,1831,2678,1.490,1.590,0.970,2,0,0,0,0,18,301,6,26,0
22-04 14:38:17,23.544,3.507,72.386,1.503,0.501,4502852,191040,168064,3102620,9059.978,3255.100,11148.893,2640.949,128.240,105.197,2103,3129,1.490,1.590,0.970,1,0,1.002,0,0,18,301,6,26,0
22-04 14:38:18,21.680,4.485,71.518,1.495,0.249,4514724,152760,168360,3126944,5952.713,1692.516,0,5402.496,0,161.477,2228,3394,1.490,1.590,0.970,0,1,0.997,0,0,18,300,6,26,1
22-04 14:38:19,22.632,3.018,72.423,1.006,0,4513500,124604,168928,3153736,13079.384,1703.951,0,3685.523,0,112.658,1830,2808,1.490,1.590,0.970,1,0,0,0,0,18,300,6,26,1
22-04 14:38:20,23.422,4.485,71.262,0,0,4478628,172264,168972,3140800,8273.400,1746.175,31.894,318.936,4.983,7.973,1481,2046,1.490,1.590,0.970,2,0,5.980,0,0,18,299,6,26,0
22-04 14:38:21,24.296,4.759,69.129,0,0,4478972,171004,168996,3141648,5272.876,1568.939,32.060,1142.139,1.002,17.032,9599,19227,1.450,1.580,0.970,2,0,13.024,0,0,18,299,6,25,0
22-04 14:38:22,23.950,6.237,68.358,0.499,0,4453304,196576,168996,3141736,10831.535,1562.759,79.834,1880.101,4.990,39.917,8403,16714,1.450,1.580,0.970,1,0,12.973,0,0,18,299,6,25,0
22-04 14:38:23,22.083,4.768,71.267,0,0,4454456,195372,168996,3141756,9469.444,1571.884,0,2818.550,0,331.240,4311,6730,1.450,1.580,0.970,1,0,54.203,0,0,18,299,6,24,0
22-04 14:38:24,24.750,5.250,69.250,0,0,4484184,165636,168996,3141764,12996,1566,0,4,0,1,9688,19103,1.450,1.580,0.970,2,0,11,0,0,18,299,6,24,0
22-04 14:38:25,25.658,6.975,66.262,0.249,0.249,4480728,168944,168996,3141880,7398.432,1506.590,0,342.769,0,19.928,13205,27268,1.450,1.580,0.970,2,0,12.953,0,0,18,299,6,24,0
22-04 14:38:26,23.807,5.012,71.673,0,0,4447488,202284,168996,3141772,6464.606,1569.789,0,521.258,0,25.060,2396,4098,1.410,1.570,0.970,1,0,14.034,0,0,18,299,6,24,0
22-04 14:38:27,24.279,3.254,70.585,0.250,0.250,4433612,216132,168996,3141800,11785.272,1621.964,0,644.781,0,35.042,1894,2688,1.410,1.570,0.970,1,0,53.064,0,0,18,299,6,17,0
22-04 14:38:28,22.756,6.752,69.018,0.250,0.250,4455528,177776,169592,3155744,14915.848,1694.437,20.005,5065.307,5.001,334.086,15142,29015,1.410,1.570,0.970,1,0,52.013,0,0,18,299,6,17,0
22-04 14:38:29,12.698,0.996,84.157,0,0,4472324,158428,169732,3157752,15877.316,2992.807,0,0,0,0,1444,2051,1.410,1.570,0.970,0,0,2.988,0,0,18,300,6,17,0
22-04 14:38:30,11.520,1.753,86.899,0.250,0.250,4474836,155684,169756,3157920,17575.053,6166.545,0,1666.850,0,15.026,1283,1860,1.410,1.570,0.970,1,0,0,0,0,18,301,6,17,0
22-04 14:38:31,15.023,1.002,81.876,1.002,0,4477752,152408,169828,3158156,32372.692,15657.034,32.049,1622.491,1.002,63.097,1872,2912,1.380,1.560,0.970,0,0,0,0,0,18,301,6,17,0
22-04 14:38:32,5.232,1.246,91.429,0.249,0.249,4477568,152408,169892,3158240,142950.814,9975.954,0,1438.945,0,84.702,1779,2654,1.380,1.560,0.970,1,0,0,0,0,18,302,6,17,0
22-04 14:38:33,14.512,0.751,83.070,0.751,0,4492552,137064,169936,3158496,33892.741,10752.118,0,1401.188,0,58.049,1614,2395,1.380,1.560,0.970,2,0,0,0,0,18,302,6,17,0
22-04 14:38:34,16.240,0.999,81.948,0.500,0,4493032,136308,170000,3158640,27050.823,15062.435,0,1590.990,0,57.963,1702,2368,1.380,1.560,0.970,1,0,0,0,0,18,302,6,17,0
22-04 14:38:35,4.250,1.000,93.740,0.250,0,4492804,136308,170004,3158860,218498.058,8379.120,0,291.969,0,22.998,1575,2273,1.380,1.560,0.970,0,0,0,0,0,18,301,6,17,1
22-04 14:38:36,10.504,1.251,85.535,1.501,0.250,4493304,135076,170260,3159168,143815.540,20170.351,28.012,3533.463,4.002,160.066,2192,3021,1.270,1.530,0.970,0,0,0,0,0,18,301,6,17,1
22-04 14:38:37,15.496,1.500,81.730,0.500,0,4496036,123268,170388,3167972,362605.524,24644.987,95.977,1471.641,5.999,59.985,2089,2694,1.270,1.530,0.970,0,0,2.000,0,0,18,301,6,17,1
22-04 14:38:38,3.502,0.500,95.563,0,0.250,4496260,123044,170388,3167972,36610.053,2379.563,0,0,0,0,1296,2054,1.270,1.530,0.970,0,0,0,0,0,18,301,6,17,1
22-04 14:38:39,6.991,2.996,88.390,0,0.250,4503848,144820,170368,3138820,493734.326,19351.830,0,31.960,0,1.998,2443,5089,1.270,1.530,0.970,0,0,33.958,0,0,18,301,6,17,1
22-04 14:38:40,4.254,1.751,92.076,0,0.250,4505716,139780,170396,3141916,1790136.233,43265.824,0,1433.187,0,14.012,3444,3266,1.270,1.530,0.970,1,0,1.001,0,0,18,301,6,17,1
22-04 14:38:41,3.749,2.499,90.232,0.500,0.250,4509612,130988,170420,3146788,2358353.538,53794.972,31.993,3639.254,1.000,19.996,4958,4959,1.170,1.510,0.960,0,1,0,0,0,18,301,6,16,1
22-04 14:38:42,5.500,2.500,90.002,0.250,0,4496332,140384,170432,3150624,2397430.333,52614.368,0,760.020,0,47.001,4766,4507,1.170,1.510,0.960,0,0,1.000,0,0,18,301,6,16,1
22-04 14:38:43,3.749,1.000,90.485,0,0,4495972,136076,170432,3155292,2468250.675,56254.830,0,0,0,0,4426,4272,1.170,1.510,0.960,0,0,0,0,0,18,301,6,16,1
22-04 14:38:44,8.253,3.501,85.279,0.500,0.500,4493632,147084,170520,3146476,8619115.261,66403.444,144.049,30206.210,4.001,123.042,5738,5049,1.170,1.510,0.960,0,0,3.001,0,0,18,301,6,16,1
22-04 14:38:45,20.508,3.251,73.778,1.000,0,4500056,134244,171148,3150700,527842.941,10390.897,28.011,3157.184,2.001,107.040,2160,3142,1.170,1.510,0.960,1,0,0,0,0,18,301,6,16,1
22-04 14:38:46,21.744,4.499,71.482,1.500,0.250,4507800,139588,173796,3132084,11042.173,1619.585,0,5250.656,0,113.971,1741,2761,1.150,1.500,0.960,1,0,0,0,0,18,301,6,16,1
22-04 14:38:47,23.540,4.758,71.121,1.002,0,4519392,132580,174340,3125308,12681.571,1568.668,0,2804.771,0,102.174,1937,3010,1.150,1.500,0.960,1,0,1.002,0,0,18,301,6,16,1
22-04 14:38:48,20.706,4.990,71.599,1.247,0.249,4504404,139196,175036,3130112,9847.291,1562.714,0,3604.420,0,123.740,1914,3044,1.150,1.500,0.960,1,0,0,0,0,18,301,6,16,1
22-04 14:38:49,22.749,5.250,70.748,0.500,0,4507360,128888,176428,3133852,6049.831,1619.955,0,47730.664,0,209.994,1912,2748,1.150,1.500,0.960,1,0,0,0,0,18,301,6,13,1
22-04 14:38:50,18.818,3.764,76.528,0.753,0,4506820,133372,177268,3127696,16829.191,3598.083,20.073,3492.699,3.011,88.321,1760,2565,1.150,1.500,0.960,1,0,0,0,0,18,302,6,13,1
22-04 14:38:51,22.910,3.735,71.968,0.249,0,4486020,185172,177328,3096684,11420.233,2157.542,35.859,828.751,1.992,23.906,1751,2475,1.140,1.490,0.960,1,0,5.977,0,0,18,299,6,13,0
22-04 14:38:52,23.015,6.004,68.796,0,0.500,4462916,207804,177328,3097104,5671.783,1695.131,0,2541.695,0,28.019,9130,18496,1.140,1.490,0.960,1,0,12.008,0,0,18,299,6,13,0
22-04 14:38:53,27.850,8.280,63.227,0,0,4514800,155824,177328,3097196,11713.026,1645.906,0,24.086,0,6.022,9516,18955,1.140,1.490,0.960,2,0,16.058,0,0,18,299,6,10,0
22-04 14:38:54,38.596,9.960,49.552,0.249,0.249,4473504,197012,177332,3097176,10848.595,1505.975,764.939,19374.483,5.976,194.223,2225,2494,1.140,1.490,0.960,2,0,13.944,0,0,18,299,6,10,0
22-04 14:38:55,27.015,5.503,66.537,0.750,0,4488352,178008,177524,3100496,12537.946,1620.898,932.517,3361.862,19.011,66.037,2998,5422,1.140,1.490,0.960,2,0,3.002,0,0,18,301,6,8,0
22-04 14:38:56,26.584,3.511,66.711,2.508,0,4446616,218396,177528,3101836,7897.989,1570.971,786.488,3615.439,44.140,393.244,6023,11251,1.130,1.480,0.960,3,0,0,0,0,18,301,6,14,0
22-04 14:38:57,11.993,17.490,67.961,0.750,0,4447500,216900,177528,3102444,5162.068,1511.142,595.662,4277.570,8.995,271.846,4492,7316,1.130,1.480,0.960,1,0,429.756,0,0,18,301,6,14,0
22-04 14:38:58,10.245,5.247,70.215,13.993,0,4427864,209344,177528,3129620,10973.524,1565.219,27134.460,459.771,2119.942,14.993,5910,6566,1.130,1.480,0.960,1,0,19.990,0,0,18,301,6,16,0
22-04 14:38:59,5.486,1.496,90.017,0.499,0.249,4432160,204248,177532,3130380,16638.972,4046.536,738.091,18631.818,12.966,130.662,1814,2667,1.130,1.480,0.960,0,0,5.985,0,0,18,302,6,12,0
22-04 14:39:00,2.749,1.500,95.230,0.250,0,4432360,203996,177556,3130408,87145.787,4038.156,147.969,95.980,2.000,10.998,1190,1891,1.130,1.480,0.960,0,0,2.000,0,0,18,302,6,12,0
22-04 14:39:01,4.003,2.502,92.811,0,0.250,4413912,221980,177580,3130848,29795.606,125446.544,220.145,460.303,9.006,4.003,1417,2048,1.040,1.460,0.960,0,0,10.007,0,0,18,301,6,11,0
22-04 14:39:02,2.249,0.999,95.197,0,0,4413912,221980,177580,3130848,7922.619,1619.105,0,287.841,0,16.991,1200,2017,1.040,1.460,0.960,0,0,0,0,0,18,301,6,11,0
22-04 14:39:03,4.250,1.000,94.498,0.250,0.250,4413912,221980,177580,3130848,13007.675,1619.960,0,343.991,0,31.999,1590,2563,1.040,1.460,0.960,0,0,0,0,0,18,301,6,11,0
22-04 14:39:04,1.750,0.500,94.986,1.000,0,4413908,221980,177580,3130852,12387.154,1635.756,0,14149.892,0,618.908,2228,2101,1.040,1.460,0.960,1,0,0,0,0,18,301,6,10,0
22-04 14:39:05,2.752,1.001,95.312,0,0,4414296,221980,177580,3130852,5001.231,1567.012,0,212.137,0,23.015,1366,2317,1.040,1.460,0.960,0,0,0,0,0,18,301,6,10,0
22-04 14:39:06,3.751,1.501,93.286,0.500,0,4414292,221980,177580,3130856,12982.011,1566.605,48.019,500.193,2.001,60.023,1759,2857,0.950,1.430,0.950,0,0,0,0,0,18,301,6,10,0
22-04 14:39:07,6.252,1.751,91.278,0,0.250,4414616,221480,177580,3131032,11651.542,1566.476,0,212.064,0,20.006,2979,5041,0.950,1.430,0.950,0,0,1.000,0,0,18,301,6,10,0
22-04 14:39:08,5.250,1.750,92.499,0.250,0,4414612,221480,177580,3131036,11146.844,1639.977,0,203.997,0,19.000,1700,2592,0.950,1.430,0.950,0,0,0,0,0,18,301,6,12,0
22-04 14:39:09,3.247,0.749,95.924,0,0,4414604,221480,177580,3131044,8769.081,1564.765,0,119.905,0,11.991,1315,2156,0.950,1.430,0.950,0,0,0,0,0,18,301,6,12,0
22-04 14:39:10,2.499,0.750,96.708,0.500,0.500,4414604,221480,177580,3131044,10778.290,1565.316,0,243.893,0,8.996,1130,1825,0.950,1.430,0.950,0,0,0,0,0,18,301,5,12,0
22-04 14:39:11,2.001,0.750,96.290,0,0,4414604,221480,177580,3131044,11633.875,1566.656,0,320.134,0,15.006,1222,1905,0.880,1.410,0.950,0,0,0,0,0,18,301,5,12,0
22-04 14:39:12,2.750,0.750,95.513,0,0,4414596,221480,177580,3131052,8752.173,1566.210,0,172.023,0,21.003,1192,1949,0.880,1.410,0.950,0,0,1.000,0,0,18,301,5,12,0
22-04 14:39:13,2.250,0.500,95.746,0.250,0,4414596,221480,177580,3131052,5534.751,1565.930,0,131.994,0,18.999,1247,1940,0.880,1.410,0.950,0,0,0,0,0,18,301,5,12,0
22-04 14:39:14,2.500,1.250,96.254,0,0,4414596,221480,177580,3131052,12875.579,1566.070,0,0,0,0,1201,1883,0.880,1.410,0.950,0,0,0,0,0,18,301,5,12,0
22-04 14:39:15,1.750,1.000,95.728,0,0,4414592,221480,177580,3131056,12756.028,1565.635,0,103.976,0,13.997,1347,2163,0.880,1.410,0.950,0,0,0,0,0,18,301,5,12,0
22-04 14:39:16,2.249,0.500,95.457,0.250,0,4414572,221480,177580,3131076,11070.985,1565.291,19.991,263.880,1.999,25.988,1393,2153,0.810,1.380,0.940,1,0,0,0,0,18,301,5,12,0
22-04 14:39:17,2.502,0.751,95.317,0,0.250,4414816,221232,177580,3131080,8200.732,1513.058,0,252.176,0,29.020,1333,2232,0.810,1.380,0.940,0,0,1.001,0,0,18,301,5,12,0
22-04 14:39:18,2.999,1.250,95.221,0.500,0.250,4414804,221232,177580,3131092,11898.395,1693.487,0,191.942,0,19.994,1522,2329,0.810,1.380,0.940,0,0,0,0,0,18,301,5,12,0
22-04 14:39:19,2.250,0.750,96.252,0,0.500,4414804,221232,177580,3131092,13030.313,1694.041,0,104.002,0,8.000,1164,1815,0.810,1.380,0.940,2,0,0,0,0,18,301,5,12,0
22-04 14:39:20,3.249,5.248,87.967,1.749,0,4415252,220796,177588,3131096,5022.137,1565.419,7.997,132638.791,1.999,715.734,2919,3897,0.810,1.380,0.940,1,0,0,0,0,18,301,5,12,0
22-04 14:39:21,2.005,1.253,96.496,0,0,4415252,220796,177588,3131096,5462.920,1698.327,0,4.010,0,1.003,1078,1781,0.740,1.360,0.940,0,0,0,0,0,18,301,5,12,0
22-04 14:39:22,1.497,0.499,96.553,0,0,4415092,220796,177588,3131256,12015.464,1616.699,0,0,0,0,1170,1828,0.740,1.360,0.940,0,0,0,0,0,18,301,5,12,0
22-04 14:39:23,2.750,1.000,95.241,0,0,4415092,220796,177588,3131256,8317.177,1581.843,0,87.991,0,12.999,1448,2335,0.740,1.360,0.940,1,0,0,0,0,18,301,5,12,0
22-04 14:39:24,2.749,1.250,94.724,0.750,0,4415092,220796,177588,3131256,11220.869,1565.563,0,2567.284,0,363.898,2026,2265,0.740,1.360,0.940,1,0,0,0,0,18,301,5,12,0
22-04 14:39:25,3.752,1.751,94.042,0,0,4415656,220320,177588,3131260,8110.658,1694.764,0,10640.799,0,78.035,1738,2825,0.740,1.360,0.940,0,0,0,0,0,18,303,5,12,0
22-04 14:39:26,1.999,0.750,95.469,0.250,0,4415656,220320,177588,3131260,11671.207,1511.509,0,199.935,0,20.993,1364,2205,0.680,1.340,0.930,0,0,0,0,0,18,303,5,12,0
22-04 14:39:27,2.500,1.250,95.259,0.250,0,4415648,220320,177588,3131268,8801.801,1792.163,0,440.040,0,31.003,1441,2327,0.680,1.340,0.930,0,0,1.000,0,0,18,303,6,12,0
22-04 14:39:28,1.750,0.750,95.977,0,0,4415648,220320,177588,3131268,7459.195,1639.603,0,103.975,0,7.998,1141,1849,0.680,1.340,0.930,1,0,0,0,0,18,303,6,12,0
22-04 14:39:29,2.251,0.750,96.024,0.250,0.250,4415648,220320,177588,3131268,11401.850,1566.392,0,384.096,0,27.007,1325,2019,0.680,1.340,0.930,0,0,0,0,0,18,303,6,12,0
22-04 14:39:30,1.750,0.500,96.986,0,0.500,4415644,220320,177588,3131272,8659.710,1639.756,0,179.973,0,3.999,1080,1719,0.680,1.340,0.930,0,0,0,0,0,18,303,6,12,0
22-04 14:39:31,1.500,0.750,96.021,0,0,4415644,220320,177588,3131272,4500.972,648.140,0,0,0,0,1061,1810,0.630,1.320,0.930,0,0,0,0,0,18,303,6,12,0
22-04 14:39:32,8.251,2.500,88.261,0.500,0,4402720,232808,177744,3131552,231394.387,4954.629,276.035,212.027,10.001,18.002,1644,2314,0.630,1.320,0.930,0,0,11.001,0,0,18,303,6,12,0
22-04 14:39:33,10.501,4.250,83.755,0.250,0.250,4425464,209960,177752,3131648,353865.878,10700.631,228.013,492.029,12.001,30.002,2001,2654,0.630,1.320,0.930,1,0,35.002,0,0,18,303,6,12,0
