"pcp-dstat 5.3.6 CSV Output"
"Author:","PCP team <pcp@groups.io> and Dag Wieers <dag@wieers.com>",,,,"URL:","https://pcp.io/ and http://dag.wieers.com/home-made/dstat/"
"Host:","ubuntu",,,,"User:","ubuntu"
"Cmdline:","dstat -tcmndrylpg --tcp --output /tmp/devstack_logs/dstat-csv.log",,,,"Date:","05 Feb 2024 07:14:14 UTC"
"system","total usage",,,,,"memory usage",,,,"net/total",,"dsk/total",,"io/total",,"system",,"load avg",,,"procs",,,"paging",,"tcp sockets",,,,
"time","total usage:usr","total usage:sys","total usage:idl","total usage:wai","total usage:stl","used","free","buf","cach","net/total:recv","net/total:send","dsk/total:read","dsk/total:writ","read","writ","int","csw","1m","5m","15m","run","blk","new","in","out","lis","act","syn","tim","clo"
05-02 07:14:14,,974444,1641452,160960,5032364,,,,,,,0.770,0.620,0.410,1,0,,,,9,6,0,10,0
05-02 07:14:15,19.980,17.982,60.439,0.250,0,1007052,1608476,160976,5032688,192311.304,6291.696,0,819.179,0,81.918,3679,5530,0.790,0.630,0.410,2,0,514.484,0,0,9,4,0,10,1
05-02 07:14:16,38.746,17.748,42.245,0,0,1025792,1589228,161004,5033244,18140.914,3631.582,0,639.926,0,30.996,4142,8177,0.790,0.630,0.410,2,0,387.955,0,0,9,5,0,10,1
05-02 07:14:17,23.943,15.962,58.860,0,0.249,1156732,1458024,161004,5158200,20097.189,4281.814,0,107.744,0,3.991,4464,9506,0.790,0.630,0.410,0,0,159.620,0,0,10,5,0,10,2
05-02 07:14:18,7.504,4.502,86.796,0.250,0,1162212,1452372,161024,5158420,26486.906,5658.971,0,440.231,0,15.008,1420,1898,0.790,0.630,0.410,1,0,71.037,0,0,10,8,0,10,2
05-02 07:14:19,20.254,11.502,67.512,0,0.250,1167424,1447068,161060,5158476,20610.648,7523.332,80.014,776.137,1.000,33.006,2106,2848,0.790,0.630,0.410,2,0,182.032,0,0,10,8,0,11,2
05-02 07:14:20,24.499,4.750,69.747,1.000,0.250,1227524,1384868,161156,5160220,219355.568,6592.717,327.986,2019.913,16.999,37.998,1608,2040,0.800,0.640,0.420,1,0,31.999,0,0,10,8,0,12,2
05-02 07:14:21,27.245,3.999,63.488,4.999,0,1215684,1389228,161480,5167104,1960912.348,20119.218,11.998,12501.650,1.000,731.862,5542,8475,0.800,0.640,0.420,1,1,9.998,0,0,10,8,0,12,2
05-02 07:14:22,19.751,5.250,59.504,13.501,0.250,1233640,1364740,162132,5172688,12041.710,4845.286,0,38402.266,0,2491.147,12653,22455,0.800,0.640,0.420,1,0,47.003,0,0,10,8,0,12,2
05-02 07:14:23,18.751,8.000,61.504,8.751,0,1149304,1446612,162552,5174636,73720.497,4857.296,0,30333.850,0,2100.128,9273,15930,0.800,0.640,0.420,1,0,90.005,0,0,10,6,0,12,2
05-02 07:14:24,27.512,3.001,67.279,1.501,0,1226652,1368996,162648,5174776,153267.292,6385.720,0,7279.101,0,492.210,2443,2923,0.800,0.640,0.420,1,0,0,0,0,10,6,0,12,2
05-02 07:14:25,26.490,2.249,70.223,0,0,1176784,1418716,162672,5174868,11194.623,4214.352,0,683.733,0,34.986,1091,1312,0.820,0.640,0.420,1,0,9.996,0,0,10,6,0,12,2
05-02 07:14:26,27.737,2.499,69.218,0.500,0.250,1230032,1365068,162752,5175144,26207.866,5237.575,0,5429.486,0,350.838,1849,2325,0.820,0.640,0.420,1,0,0,0,0,10,6,0,12,2
05-02 07:14:27,12.775,17.284,68.886,0.501,0,1153616,1441360,162772,5175212,29773.744,4969.805,0,957.890,0,36.071,2601,3847,0.820,0.640,0.420,1,0,305.603,0,0,10,6,0,12,2
05-02 07:14:28,13.248,18.747,66.988,0,0,1155100,1439684,162784,5175420,11582.915,4096.263,0,387.930,0,18.997,2904,4654,0.820,0.640,0.420,3,0,386.930,0,0,10,6,0,12,2
05-02 07:14:29,33.691,16.471,49.163,0.250,0.499,1201156,1391608,162852,5177420,59668.983,3688.508,111.803,387.318,1.996,13.975,4122,8814,0.820,0.640,0.420,3,0,226.601,0,0,10,7,0,11,2
05-02 07:14:30,51.760,4.251,43.509,0.250,0.250,1305780,1285712,162896,5178716,14266.882,4137.836,588.119,944.191,9.002,12.002,1231,1294,0.910,0.670,0.430,2,0,0,0,0,10,7,0,11,2
05-02 07:14:31,48.529,6.004,44.777,0,0,1341008,1247984,163012,5180764,86509.906,4250.550,0,936.562,0,40.024,3811,7225,0.910,0.670,0.430,1,0,20.012,0,0,10,6,0,12,2
05-02 07:14:32,6.992,6.493,85.153,0,0,1345896,1242508,163020,5181148,77444.101,4086.362,0,9824.849,0,31.964,1580,2156,0.910,0.670,0.430,0,0,100.885,0,0,10,6,0,12,2
05-02 07:14:33,24.257,5.251,70.019,0.250,0,1406360,1181820,163084,5181188,23917.553,4283.174,0,920.252,0,26.007,1568,1970,0.910,0.670,0.430,1,0,22.006,0,0,10,6,0,11,2
05-02 07:14:34,29.046,2.754,67.356,0.501,0,1435600,1144816,163152,5188696,33226.398,4361.879,0,1394.199,0,91.144,1822,2703,0.910,0.670,0.430,3,0,1.002,0,0,10,12,0,11,2
05-02 07:14:35,22.981,5.995,69.694,0.500,0,1378236,1195996,163236,5194536,585028.052,10840.274,0,1578.729,0,140.887,2709,4265,0.920,0.670,0.430,1,0,43.965,0,0,10,6,0,13,2
05-02 07:14:36,29.509,6.252,62.018,1.250,0,1442764,1118672,163320,5206912,215136.111,4427.319,11035.289,5797.728,185.055,155.046,2590,3333,0.920,0.670,0.430,2,0,11.003,0,0,10,31,0,13,2
05-02 07:14:37,34.504,15.502,48.256,0.500,0.250,1446900,1112720,163320,5208480,9455.116,1620.191,1016.120,35252.160,10.001,577.068,2893,3121,0.920,0.670,0.430,2,0,129.015,0,0,10,30,0,13,2
05-02 07:14:38,47.284,17.012,35.275,0.250,0,1458404,1099528,163324,5210012,5938.287,1621.170,1164.841,432.312,14.010,19.014,2457,3471,0.920,0.670,0.430,3,0,226.163,0,0,10,30,0,13,2
05-02 07:14:39,64.512,9.752,25.005,0.500,0,1441084,1092356,164244,5230284,11338.075,1566.287,0,3944.722,0,97.018,4483,8745,0.920,0.670,0.430,3,0,2.000,0,0,10,30,0,14,2
05-02 07:14:40,76.510,19.002,4.001,0.500,0.750,1567544,939112,165320,5253268,5924.752,1620.206,0,4952.629,0,180.023,2769,5129,1.250,0.740,0.460,6,0,457.058,0,0,10,30,0,14,2
05-02 07:14:41,83.634,14.230,1.997,0,0,1633476,846888,165920,5277156,7381.784,1617.761,0,1941.313,0,72.899,4503,10481,1.250,0.740,0.460,8,0,134.813,0,0,10,31,0,14,2
05-02 07:14:42,68.536,12.257,18.260,0.250,0,1528832,945204,166364,5281960,22803.108,1926.023,0,7315.885,0,83.044,3954,6945,1.250,0.740,0.460,3,0,187.099,0,0,10,31,0,15,2
05-02 07:14:43,26.998,8.499,62.744,0.250,0,1449304,1040868,166380,5265980,12436.868,3543.678,0,611.944,0,40.996,2494,3981,1.250,0.740,0.460,2,0,109.990,0,0,10,28,0,15,3
05-02 07:14:44,43.497,9.249,46.996,0,0,1380568,1108752,166384,5266984,10793.169,1943.850,383.970,1023.921,3.000,28.998,7751,15489,1.250,0.740,0.460,2,0,78.994,0,0,10,28,0,15,0
05-02 07:14:45,44.722,6.496,47.970,0,0,1423312,1065848,166384,5267132,8063.041,1619.004,0,843.481,0,15.990,4151,7475,1.310,0.760,0.470,4,0,8.994,0,0,10,29,0,15,0
05-02 07:14:46,33.804,22.786,42.318,0.250,0,1323584,1165508,166388,5267192,8323.309,1664.662,0,1746.793,0,46.074,11828,22918,1.310,0.760,0.470,3,0,588.942,0,0,10,28,0,16,0
05-02 07:14:47,78.501,19.000,2.750,0,0.500,1504364,984616,166392,5267236,6736.088,1566.020,0,4804.062,0,41.001,2252,3647,1.310,0.760,0.470,6,0,404.005,0,0,10,28,0,16,0
05-02 07:14:48,85.501,9.750,4.000,0,0.250,1473568,1014764,166420,5267848,11252.191,1620.028,0,2416.041,0,159.003,8173,17121,1.310,0.760,0.470,6,0,113.002,0,0,10,28,0,16,0
05-02 07:14:49,83.003,13.751,2.750,0,0.250,1575760,912512,166420,5267892,6448.251,1620.063,0,200.008,0,15.001,3541,5578,1.310,0.760,0.470,5,0,101.004,0,0,10,30,0,16,0
05-02 07:14:50,77.246,15.749,6.250,0,0,1570908,916984,166428,5268264,6597.670,1619.919,0,511.974,0,40.998,8320,16971,1.600,0.840,0.490,7,0,219.989,0,0,10,31,0,16,0
05-02 07:14:51,81.501,9.000,8.250,0,0,1489060,998620,166428,5268476,7524.083,1512.017,0,312.003,0,21.000,5728,11571,1.600,0.840,0.490,4,0,150.002,0,0,10,29,0,16,1
05-02 07:14:52,59.253,11.501,29.002,0,0,1402780,1084756,166428,5268616,10032.552,1620.089,0,272.015,0,23.001,4900,10352,1.600,0.840,0.490,2,0,150.008,0,0,10,29,0,16,0
05-02 07:14:53,48.946,16.981,32.464,0.250,0.250,1437448,1049912,166428,5268792,22073.476,1618.202,0,3488.125,0,38.957,4188,8982,1.600,0.840,0.490,6,0,327.636,0,0,10,29,0,14,0
05-02 07:14:54,68.303,9.507,22.768,0,0,1491768,994812,166428,5269572,13646.576,1621.256,0,184.143,0,8.006,3682,8854,1.600,0.840,0.490,2,0,50.039,0,0,10,31,0,15,0
05-02 07:14:55,73.774,15.755,10.754,0,0.250,1477592,1008792,166436,5269760,10551.450,1566.512,0,424.139,0,40.013,3404,6940,1.720,0.870,0.510,4,0,258.084,0,0,10,28,0,16,0
05-02 07:14:56,68.240,13.498,16.998,0,0.250,1497444,988728,166436,5269964,8103.825,1619.765,0,275.960,0,22.997,5934,14084,1.720,0.870,0.510,5,0,163.976,0,0,10,31,0,19,0
05-02 07:14:57,73.114,12.477,13.974,0,0,1475076,1010884,166440,5270168,10799.891,1616.989,0,4519.585,0,130.757,3324,6459,1.720,0.870,0.510,3,0,159.703,0,0,10,28,0,18,0
05-02 07:14:58,60.787,15.760,22.514,0,0,1434524,1051216,166448,5270368,8769.376,1512.927,0,832.510,0,46.028,6939,15656,1.720,0.870,0.510,5,0,249.153,0,0,10,28,0,20,0
05-02 07:14:59,66.086,9.512,24.782,0,0.250,1492448,993064,166452,5270584,6760.843,1622.122,0,240.314,0,16.021,4667,8115,1.720,0.870,0.510,2,0,50.065,0,0,10,31,0,22,0
05-02 07:15:00,65.105,14.967,18.708,0,0,1459132,1026316,166456,5270640,7670.879,1616.392,0,411.082,0,27.938,3997,7594,1.820,0.910,0.520,4,0,286.361,0,0,10,28,0,23,0
05-02 07:15:01,58.863,12.775,27.803,0.501,0,1352732,1132504,166464,5270836,7414.265,1717.304,0,2544.896,0,168.324,5007,10476,1.820,0.910,0.520,4,0,112.216,0,0,10,28,0,25,0
05-02 07:15:02,66.255,7.501,26.252,0,0,1493620,991580,166464,5270872,8882.737,1620.134,0,216.018,0,11.001,2619,4838,1.820,0.910,0.520,3,0,2.000,0,0,10,30,0,25,0
05-02 07:15:03,69.760,19.503,10.001,0.250,0.750,1464416,1020552,166468,5271096,9247.304,1620.228,0,1640.231,0,55.008,3660,9028,1.820,0.910,0.520,5,0,415.059,0,0,10,28,0,27,0
05-02 07:15:04,80.753,16.001,3.000,0,0,1586720,897872,166472,5273872,20440.838,1566.064,0,572.023,0,42.002,4307,11879,1.820,0.910,0.520,9,0,255.010,0,0,10,29,0,27,0
05-02 07:15:05,82.250,16.250,1.000,0,0,1553464,931060,166476,5271528,9530.019,1512.003,0,488.001,0,37.000,3054,7407,2.230,1.010,0.550,6,0,257.001,0,0,10,28,0,29,0
05-02 07:15:06,82.892,13.982,2.996,0,0.250,1567004,917136,166476,5271904,7702.010,1617.902,0,319.585,0,23.969,4575,13828,2.230,1.010,0.550,9,0,211.725,0,0,10,30,0,29,0
05-02 07:15:07,68.345,20.278,9.263,0,0.250,1442056,1041968,166476,5272020,9657.433,1622.257,0,1742.424,0,18.025,5044,13733,2.230,1.010,0.550,3,0,445.620,0,0,10,30,0,29,0
05-02 07:15:08,26.967,24.969,46.193,0,0,1317628,1166212,166480,5272192,7384.835,1617.992,0,846.949,0,15.980,5509,11564,2.230,1.010,0.550,1,0,716.111,0,0,10,28,0,29,0
05-02 07:15:09,18.522,25.531,55.567,0,0.250,1346280,1137540,166480,5272208,9100.948,1621.951,0,252.304,0,18.022,3733,6158,2.230,1.010,0.550,5,0,776.935,0,0,10,28,0,29,0
05-02 07:15:10,79.994,15.999,3.750,0,0,1526444,957064,166484,5272512,8009.375,1619.874,0,199.984,0,11.999,3498,7243,2.460,1.080,0.580,3,0,416.967,0,0,10,31,0,26,0
05-02 07:15:11,75.259,14.502,9.751,0.250,0.250,1411528,1071856,166496,5272620,9297.171,1620.204,0,1496.189,0,121.015,5844,11947,2.460,1.080,0.580,5,0,260.033,0,0,10,28,0,27,0
05-02 07:15:12,77.082,9.230,12.972,0,0,1544188,938752,166500,5273044,8118.278,1454.824,0,179.608,0,9.978,4635,11388,2.460,1.080,0.580,6,0,9.978,0,0,10,32,0,28,1
05-02 07:15:13,54.100,10.019,33.813,0.250,0,1496540,985572,166504,5273788,8030.849,1623.001,0,76814.029,0,434.804,6614,21903,2.460,1.080,0.580,4,0,30.056,0,0,10,31,0,36,0
05-02 07:15:14,83.776,11.003,5.252,0,0,1495216,986788,166512,5273976,16133.034,1620.506,0,460.144,0,46.014,4234,9355,2.460,1.080,0.580,4,0,90.028,0,0,10,29,0,39,0
05-02 07:15:15,65.243,8.749,25.247,0,0,1549520,931908,166516,5274528,18356.054,1619.828,0,147.984,0,9.999,7346,17231,2.740,1.160,0.610,4,0,0,0,0,10,32,0,42,0
05-02 07:15:16,60.252,8.500,30.001,0,0.250,1531076,949128,166516,5275720,10834.412,1620.062,0,144.005,0,8.000,8441,20902,2.740,1.160,0.610,6,0,71.003,0,0,10,30,0,48,0
05-02 07:15:17,78.493,14.249,5.749,0,0.250,1505688,974316,166516,5275916,8059.283,1619.856,0,147.987,0,8.999,4434,9950,2.740,1.160,0.610,4,0,195.983,0,0,10,29,0,48,0
05-02 07:15:18,73.501,11.250,14.500,0,0,1349796,1129604,166524,5276504,8982.099,1620.018,0,7296.080,0,163.002,6089,14011,2.740,1.160,0.610,4,0,103.001,0,0,10,28,0,52,0
05-02 07:15:19,86.126,9.486,4.743,0,0,1550044,929060,166524,5276792,12663.701,1617.662,0,199.711,0,8.987,3537,7035,2.740,1.160,0.610,4,0,28.958,0,0,10,30,0,53,0
05-02 07:15:20,76.184,14.786,7.769,0.251,0.501,1430084,1047548,166540,5278244,7494.083,1461.527,0,461.113,0,50.121,4258,13188,2.840,1.200,0.630,4,0,247.597,0,0,10,28,0,52,0
05-02 07:15:21,78.908,10.737,9.739,0,0,1495104,981972,166540,5278784,9014.480,1618.112,0,151.823,0,7.991,6386,14389,2.840,1.200,0.630,4,0,28.966,0,0,10,31,0,55,0
05-02 07:15:22,79.520,14.004,5.251,0,0,1507512,969516,166540,5278832,8465.116,1620.405,0,152.038,0,10.003,3266,6024,2.840,1.200,0.630,4,0,136.034,0,0,10,28,0,55,0
05-02 07:15:23,76.003,12.501,11.500,0,0,1343896,1132728,166540,5279228,7586.303,1662.066,0,576.023,0,59.002,5342,14512,2.840,1.200,0.630,3,0,204.008,0,0,10,28,0,55,0
05-02 07:15:24,64.742,9.749,24.997,0,0,1493636,982908,166540,5279304,12422.497,1619.804,0,223.973,0,10.999,1927,5236,2.840,1.200,0.630,3,0,56.993,0,0,10,28,0,56,0
05-02 07:15:25,61.891,12.228,25.455,0,0,1445320,1030976,166540,5279524,13765.731,1617.149,0,271.521,0,19.965,4023,9625,2.850,1.230,0.640,3,0,180.681,0,0,10,28,1,57,0
05-02 07:15:26,64.582,8.261,27.785,0.250,0.250,1468984,1007152,166540,5279676,16777.341,1622.063,0,456.581,0,42.053,4264,11773,2.850,1.230,0.640,4,0,60.076,0,0,10,28,0,59,0
05-02 07:15:27,63.484,11.247,25.743,0,0,1481672,994252,166540,5279888,19693.018,1511.618,0,187.952,0,12.997,3607,6451,2.850,1.230,0.640,3,0,71.982,0,0,10,29,0,59,0
05-02 07:15:28,63.380,11.478,25.202,0,0.749,1431848,1043868,166540,5280092,8056.805,1563.052,0,483.089,0,26.949,3223,7181,2.850,1.230,0.640,4,0,81.846,0,0,10,28,0,59,0
05-02 07:15:29,64.917,9.023,25.816,0,0,1461032,1014508,166544,5280260,8676.315,1624.177,0,461.186,0,43.111,4631,10311,2.850,1.230,0.640,4,0,72.186,0,0,10,28,0,59,0
05-02 07:15:30,64.515,10.752,25.256,0.250,0,1487724,987680,166548,5280388,11920.766,1620.376,0,272.063,0,19.004,3006,6025,2.870,1.260,0.650,4,0,65.015,0,0,10,30,0,59,0
05-02 07:15:31,55.749,19.750,23.499,0.250,0,1387192,1087872,166552,5280716,13403.705,1619.964,0,383.992,0,31.999,4450,10963,2.870,1.260,0.650,4,0,422.991,0,0,10,28,0,60,0
05-02 07:15:32,65.499,10.000,25.249,0,0,1444172,1030688,166552,5280912,14183.702,1619.966,0,259.995,0,13.000,3291,7474,2.870,1.260,0.650,5,0,86.998,0,0,10,30,0,61,0
05-02 07:15:33,32.169,13.217,53.614,0,0,1362196,1112324,166552,5281244,9350.344,1657.806,0,319.192,0,23.939,3293,7190,2.870,1.260,0.650,2,0,323.182,0,0,10,28,0,61,0
05-02 07:15:34,24.750,2.750,72.249,0,0,1382924,1091408,166552,5281428,9645.904,1619.984,0,231.998,0,11.000,2081,6062,2.870,1.260,0.650,2,0,0,0,0,10,29,0,62,0
05-02 07:15:35,12.530,17.041,68.667,0.251,0.501,1325552,1148656,166552,5281548,12113.484,1515.689,0,224.547,0,23.056,2638,3806,2.720,1.260,0.650,3,0,307.749,0,0,10,28,0,62,0
05-02 07:15:36,28.938,14.718,55.132,0,0,1403048,1071044,166572,5281640,28011.914,1562.648,0,463.007,0,26.942,2700,3826,2.720,1.260,0.650,2,0,287.384,0,0,10,28,0,62,0
05-02 07:15:37,39.368,7.523,50.401,2.257,0.251,1505500,965020,166772,5284852,9496.499,1624.876,369.108,8934.813,23.069,797.393,5658,8816,2.720,1.260,0.650,1,1,44.132,0,0,10,32,0,62,0
05-02 07:15:38,37.732,7.496,43.979,11.994,0.250,1459860,1005192,167464,5289260,7200.544,1619.223,0,36590.437,0,3051.535,14854,24785,2.720,1.260,0.650,3,1,90.956,0,0,10,32,0,62,0
05-02 07:15:39,39.167,7.484,44.157,6.736,0,1360632,1103800,167784,5289516,9214.548,1616.587,0,27893.118,0,2359.020,11612,18960,2.720,1.260,0.650,2,0,19.958,0,0,10,28,0,62,0
05-02 07:15:40,43.812,5.758,48.068,1.752,0,1482576,981728,167896,5289528,10923.402,1622.287,0,5780.150,0,532.751,4182,6312,2.660,1.270,0.660,2,1,3.004,0,0,10,30,0,61,0
05-02 07:15:41,38.730,8.246,41.728,11.994,0,1424792,1038716,168200,5290036,5591.104,1619.161,0,16623.389,0,2379.767,12746,24107,2.660,1.270,0.660,2,0,0.999,0,0,10,30,0,61,0
05-02 07:15:42,27.202,6.239,64.636,1.497,0,1432660,1030816,168228,5290040,7642.503,1509.335,0,10473.504,0,596.946,3344,4510,2.660,1.270,0.660,1,0,101.820,0,0,10,28,0,61,0
05-02 07:15:43,23.753,2.750,73.260,0.500,0.250,1388752,1074696,168244,5290052,7987.054,1620.214,0,1144.151,0,64.008,1090,1514,2.660,1.270,0.660,1,0,1.000,0,0,10,28,0,60,0
05-02 07:15:44,23.753,3.000,71.508,1.250,0,1346152,1117264,168260,5290072,8288.887,1566.168,0,7388.791,0,459.049,1759,2182,2.660,1.270,0.660,1,0,3.000,0,0,10,30,0,60,0
05-02 07:15:45,22.999,3.500,73.247,0,0,1422256,1041160,168264,5290076,9737.542,1619.924,0,67.997,0,6.000,1026,1291,2.610,1.290,0.670,1,0,2.000,0,0,10,32,0,60,0
05-02 07:15:46,23.493,2.499,73.478,0,0.250,1378112,1085292,168264,5290088,15491.430,1661.510,0,0,0,0,1044,1124,2.610,1.290,0.670,1,0,1.000,0,0,10,32,0,60,0
05-02 07:15:47,21.999,3.750,73.497,0,0,1430276,1033128,168268,5290084,20973.140,1619.934,0,0,0,0,1066,1125,2.610,1.290,0.670,1,0,2.000,0,0,10,32,0,59,0
05-02 07:15:48,22.004,4.001,73.763,0,0,1397420,1065920,168268,5290144,11752.139,1620.295,0,0,0,0,1013,1158,2.610,1.290,0.670,1,0,1.000,0,0,10,32,0,59,0
05-02 07:15:49,22.997,2.500,73.739,0,0.250,1348632,1114616,168280,5290224,8344.757,1511.775,0,7.999,0,2.000,950,1117,2.610,1.290,0.670,1,0,3.000,0,0,10,32,0,59,0
05-02 07:15:50,22.253,3.750,74.009,0,0,1370928,1092244,168284,5290264,7200.842,1620.190,0,212.025,0,2.000,992,1163,2.480,1.280,0.670,1,0,1.000,0,0,10,32,0,59,0
05-02 07:15:51,23.251,2.250,73.502,0.250,0,1429896,1033276,168288,5290260,6038.205,1566.053,0,100.003,0,9.000,1101,1447,2.480,1.280,0.670,1,0,2.000,0,0,10,32,0,59,0
05-02 07:15:52,22.246,3.749,73.237,0,0,1375932,1087176,168292,5290320,6276.851,1619.704,0,291.947,0,22.996,1071,1346,2.480,1.280,0.670,1,0,3.999,0,0,10,32,0,59,0
05-02 07:15:53,21.992,3.499,73.223,0,0,1435904,1027204,168292,5290320,7705.134,1619.398,0,0,0,0,947,1104,2.480,1.280,0.670,1,0,1.999,0,0,10,32,0,59,0
05-02 07:15:54,10.530,18.552,70.198,0,0.251,1344068,1118880,168292,5290460,7771.940,1624.586,0,673.902,0,55.156,2623,3868,2.480,1.280,0.670,1,0,346.980,0,0,10,32,0,59,0
05-02 07:15:55,9.748,18.496,70.486,0,0,1340992,1121924,168296,5290484,10067.986,1511.698,0,455.909,0,8.998,2887,4409,2.440,1.290,0.680,1,0,397.920,0,0,10,32,0,57,0
05-02 07:15:56,9.496,19.241,69.469,0,0.500,1341572,1121296,168296,5290524,8524.173,1619.273,0,263.882,0,2.999,2951,4579,2.440,1.290,0.680,1,0,412.815,0,0,10,32,0,57,0
05-02 07:15:57,14.007,12.506,72.036,0,0,1377536,1085300,168300,5290548,22719.473,1620.819,0,152.077,0,2.001,2039,2713,2.440,1.290,0.680,1,0,182.092,0,0,10,32,0,54,0
05-02 07:15:58,23.694,2.744,73.577,0,0.249,1437580,1025268,168300,5290532,9960.553,1616.195,0,15.962,0,0.998,1038,1201,2.440,1.290,0.680,1,0,1.995,0,0,10,32,0,54,0
05-02 07:15:59,23.262,3.002,74.039,0,0,1396728,1066124,168300,5290528,11952.335,1566.830,0,0,0,0,1018,1121,2.440,1.290,0.680,1,0,1.001,0,0,10,32,0,52,0
05-02 07:16:00,22.988,2.998,73.712,0,0,1343696,1119132,168300,5290548,7890.936,1619.166,0,19.990,0,0.999,962,1159,2.320,1.290,0.680,1,0,2.998,0,0,10,32,0,52,0
05-02 07:16:01,22.504,4.001,73.264,0.250,0.250,1417264,1045576,168304,5290532,13832.628,1714.326,0,116.022,0,10.002,1121,1414,2.320,1.290,0.680,1,0,2.000,0,0,10,32,0,47,0
05-02 07:16:02,22.299,3.758,73.412,0,0.251,1379652,1083184,168304,5290536,7328.217,1515.353,0,316.701,0,24.053,1019,1304,2.320,1.290,0.680,1,0,3.007,0,0,10,32,0,47,0
05-02 07:16:03,23.200,2.744,73.841,0,0,1431816,1031020,168304,5290536,9100.352,1616.510,0,11.974,0,0.998,936,1107,2.320,1.290,0.680,1,0,1.996,0,0,10,32,0,44,0
05-02 07:16:04,24.043,3.005,73.632,0,0,1408152,1054692,168304,5290528,6679.950,1622.903,0,797.427,0,95.170,1130,1186,2.320,1.290,0.680,1,0,1.002,0,0,10,32,0,44,0
05-02 07:16:05,26.694,4.990,67.110,0,0,1346880,1115940,168304,5290548,6284.896,1616.629,0,19.958,0,0.998,1381,4470,2.460,1.330,0.700,1,0,36.923,0,0,10,32,0,44,0
05-02 07:16:06,22.508,4.252,73.276,0,0,1418424,1044404,168304,5290540,6144.187,1620.577,0,0,0,0,978,1163,2.460,1.330,0.700,1,0,2.001,0,0,10,32,0,44,0
05-02 07:16:07,22.799,2.505,74.161,0,0,1382288,1080528,168304,5290552,11895.778,1569.401,0,84.182,0,4.009,981,1106,2.460,1.330,0.700,1,0,1.002,0,0,10,32,0,42,0
05-02 07:16:08,23.450,3.243,73.345,0,0.249,1433720,1029120,168304,5290528,22107.133,1616.573,0,31.932,0,1.996,1089,1132,2.460,1.330,0.700,1,0,1.996,0,0,10,32,0,42,0
05-02 07:16:09,22.797,3.507,73.652,0,0,1385584,1077312,168304,5290464,7513.546,1515.135,0,1587.284,0,4.008,980,1170,2.460,1.330,0.700,1,0,1.002,0,0,10,32,0,42,0
05-02 07:16:10,23.460,2.246,73.875,0,0,1436740,1026156,168304,5290464,9324.195,1617.259,0,219.628,0,23.959,1008,1151,2.340,1.330,0.700,1,0,1.997,0,0,10,32,0,42,0
05-02 07:16:11,22.509,3.752,73.280,0.250,0,1347284,1115512,168308,5290560,8227.316,1620.653,0,276.111,0,10.004,1114,1426,2.340,1.330,0.700,1,0,2.001,0,0,10,32,0,41,0
05-02 07:16:12,23.731,2.998,72.941,0,0,1415836,1046972,168316,5290540,8235.338,1618.690,0,287.767,0,22.981,1100,1440,2.340,1.330,0.700,1,0,3.997,0,0,10,32,0,41,0
05-02 07:16:13,23.000,3.500,73.499,0,0,1340956,1121828,168316,5290564,6213.901,1619.974,0,43.999,0,4.000,941,1119,2.340,1.330,0.700,1,0,2.000,0,0,10,32,0,34,0
05-02 07:16:14,22.739,2.999,73.715,0,0.250,1412508,1050288,168316,5290552,8128.139,1619.231,0,11.994,0,1.000,989,1177,2.340,1.330,0.700,1,0,1.999,0,0,10,32,0,34,0
05-02 07:16:15,16.543,10.527,71.685,0.251,0,1337052,1125716,168316,5290580,6294.214,1570.044,0,601.550,0,93.240,1798,2350,2.230,1.320,0.700,1,0,168.434,0,0,10,32,0,28,0
05-02 07:16:16,18.252,10.251,71.756,0,0.250,1392304,1070384,168324,5290616,8440.760,1620.146,0,48.004,0,4.000,1861,2797,2.230,1.320,0.700,1,0,224.020,0,0,10,32,0,28,0
05-02 07:16:17,22.249,3.250,73.998,0,0,1348328,1114132,168324,5290840,6023.855,1511.964,0,119.997,0,2.000,947,1145,2.230,1.320,0.700,1,0,9.000,0,0,10,32,0,20,0
05-02 07:16:18,22.456,4.491,72.858,0,0.250,1416560,1045868,168324,5290872,16314.252,1616.854,0,0,0,0,1037,1177,2.230,1.320,0.700,1,0,0,0,0,10,32,0,20,0
05-02 07:16:19,14.019,16.523,68.846,0,0.250,1342040,1120312,168324,5290948,23977.280,1622.252,0,76.106,0,4.006,2686,3880,2.230,1.320,0.700,1,0,351.488,0,0,10,32,0,16,0
05-02 07:16:20,9.496,20.242,69.473,0,0.250,1339948,1122376,168324,5290972,8420.758,1619.377,0,239.908,0,6.997,2935,4493,2.210,1.330,0.710,2,0,414.840,0,0,10,32,0,16,0
05-02 07:16:21,11.512,18.770,69.074,0,0,1341992,1120304,168324,5291000,5860.276,1621.737,0,688.738,0,43.046,3275,5212,2.210,1.330,0.710,2,0,478.512,0,0,10,32,0,11,0
05-02 07:16:22,11.490,19.483,68.938,0.250,0.500,1338792,1123468,168324,5291032,5590.990,1618.550,0,1514.643,0,35.968,3172,4903,2.210,1.330,0.710,1,0,485.565,0,0,10,32,0,11,0
05-02 07:16:23,9.506,20.763,69.293,0,0,1341860,1120376,168324,5291056,5779.624,1663.043,0,1268.796,0,15.009,3235,5080,2.210,1.330,0.710,2,0,535.336,0,0,10,32,0,11,0
05-02 07:16:24,8.750,19.249,69.997,0,0.250,1340048,1122144,168324,5291084,8157.617,1457.931,0,575.973,0,8.000,2974,4650,2.210,1.330,0.710,1,0,438.979,0,0,10,32,0,11,0
05-02 07:16:25,7.501,21.252,70.007,0,0.250,1341628,1120532,168324,5291116,11376.217,1620.173,0,184.020,0,9.001,2823,4278,2.120,1.330,0.710,1,0,397.042,0,0,10,32,0,11,0
05-02 07:16:26,10.503,22.007,66.021,0.250,0,1346292,1115840,168328,5291136,7391.358,1620.517,0,576.184,0,43.014,3165,4831,2.120,1.330,0.710,2,0,469.150,0,0,10,32,0,11,0
05-02 07:16:27,50.416,22.213,27.205,0,0.250,1496352,965604,168392,5291248,10202.961,1617.299,0,882.526,0,56.905,3497,5689,2.120,1.330,0.710,3,0,557.070,0,0,10,32,0,15,0
05-02 07:16:28,58.040,8.756,29.020,3.502,0.500,1614140,839512,169032,5298048,7160.963,1621.123,412.286,16723.589,5.003,1289.894,7411,13128,2.120,1.330,0.710,1,1,57.040,0,0,10,38,0,15,0
05-02 07:16:29,35.236,7.747,37.735,17.493,0,1596552,847192,170008,5306436,20451.860,1619.355,0,55709.827,0,4418.242,19173,33744,2.120,1.330,0.710,4,0,140.944,0,0,10,36,0,15,0
05-02 07:16:30,38.560,8.013,32.551,18.779,0,1625032,809644,170372,5314904,13571.280,1622.544,0,67702.157,0,5096.992,21064,37496,2.270,1.370,0.730,2,1,81.127,0,0,10,37,0,16,0
05-02 07:16:31,43.774,11.006,29.516,15.509,0,1533060,893528,170640,5322404,8642.823,1458.814,0,51052.487,0,4077.275,17293,31380,2.270,1.370,0.730,2,1,129.072,0,0,10,34,0,16,0
05-02 07:16:32,41.253,18.751,24.752,13.751,0,1556020,863656,170892,5329060,5918.426,1620.117,364.026,57548.143,6.000,4321.311,19067,41518,2.270,1.370,0.730,3,0,305.022,0,0,10,35,0,15,0
05-02 07:16:33,39.728,12.743,32.232,12.743,0.250,1519676,893240,171180,5334880,5127.144,1619.098,1603.107,47818.365,20.988,3722.926,15898,35176,2.270,1.370,0.730,3,0,151.915,0,0,10,34,0,17,0
05-02 07:16:34,39.514,8.003,40.014,12.254,0,1547564,860652,171668,5338956,9947.492,1620.569,0,43203.164,0,3487.224,16310,32008,2.270,1.370,0.730,1,1,84.029,0,0,10,35,0,18,0
05-02 07:16:35,36.750,8.500,43.501,12.500,0,1510804,894300,172044,5341468,7362.088,1662.020,0,34224.411,0,3147.038,17596,32252,2.570,1.450,0.760,2,0,89.001,0,0,10,34,0,20,0
05-02 07:16:36,37.737,7.497,40.986,12.246,0,1549916,854764,172208,5341716,14708.911,1619.440,0,33048.565,0,3021.954,15109,26090,2.570,1.450,0.760,1,2,23.992,0,0,10,35,0,19,0
05-02 07:16:37,34.746,9.249,43.495,11.749,0.250,1504160,899444,172344,5342608,9520.981,1619.827,0,29788.813,0,3128.665,17851,31376,2.570,1.450,0.760,4,0,56.994,0,0,10,34,0,23,0
05-02 07:16:38,41.025,5.503,39.274,14.009,0.250,1551152,850304,172452,5344600,10444.392,1458.893,0,35269.585,0,3082.887,15426,25767,2.570,1.450,0.760,5,0,24.015,0,0,10,37,0,21,0
05-02 07:16:39,37.766,7.503,42.268,12.505,0.250,1550844,848064,172588,5346944,8851.851,1620.705,0,33090.394,0,3171.380,18381,33907,2.570,1.450,0.760,4,0,39.017,0,0,10,37,0,26,0
05-02 07:16:40,34.713,7.242,43.454,12.487,0,1539348,856944,172640,5349436,17495.542,1618.293,0,34739.350,0,2962.874,14127,24515,2.680,1.490,0.770,3,0,81.914,0,0,10,36,0,26,0
05-02 07:16:41,33.783,8.258,43.793,13.013,0,1516844,875684,172812,5352940,13485.094,1621.575,0,24988.264,0,2541.468,15324,26983,2.680,1.490,0.770,1,1,73.071,0,0,10,36,0,27,0
05-02 07:16:42,39.180,7.237,40.179,14.724,0,1491676,897648,173080,5355780,6979.597,1617.126,0,50206.783,0,4046.809,18413,32251,2.680,1.490,0.770,3,2,106.810,0,0,10,36,0,29,0
05-02 07:16:43,36.782,9.008,40.785,13.512,0,1549688,836232,173228,5358916,6787.817,1621.390,0,42564.478,0,3633.114,16858,29089,2.680,1.490,0.770,2,1,66.057,0,0,10,37,0,29,0
05-02 07:16:44,34.979,8.245,44.973,10.244,0,1527456,863844,173280,5353468,8295.023,1619.029,0,25620.628,0,2838.297,16350,28833,2.680,1.490,0.770,3,0,51.969,0,0,10,36,0,30,0
05-02 07:16:45,39.769,10.255,44.271,6.503,0.250,1441860,948996,173288,5353904,13148.298,1458.699,0,30366.546,0,2111.011,9732,18256,2.630,1.500,0.780,2,0,177.085,0,0,10,32,0,31,0
05-02 07:16:46,10.246,20.991,66.222,0.750,0.500,1381548,1009136,173288,5354068,11035.376,1619.322,0,2850.806,0,168.929,3824,5848,2.630,1.500,0.780,1,0,561.765,0,0,10,32,0,31,0
05-02 07:16:47,54.279,15.508,31.017,0,0.250,1530700,859596,173312,5354432,8212.410,1662.893,0,1500.806,0,105.056,3020,4410,2.630,1.500,0.780,3,0,282.152,0,0,10,32,0,37,0
05-02 07:16:48,66.998,8.000,24.499,0,0,1695404,692348,173440,5356652,7923.715,1619.942,0,2819.898,0,142.995,1689,1819,2.630,1.500,0.780,3,0,0,0,0,10,32,0,37,0
05-02 07:16:49,46.251,5.500,36.001,12.000,0,1758292,619060,173664,5366208,12570.365,1620.047,0,51101.482,0,3538.103,15582,27661,2.630,1.500,0.780,2,1,117.003,0,0,10,38,0,37,0
05-02 07:16:50,25.498,7.999,46.997,21.249,0,1760120,605480,173800,5377488,8913.376,1619.887,0,75966.682,0,5899.587,25943,43421,3.220,1.640,0.830,3,1,236.983,0,0,10,38,0,37,0
05-02 07:16:51,29.996,7.999,39.995,21.747,0,1761284,595432,174020,5385808,21003.312,1619.793,0,82785.403,0,6180.209,24183,43037,3.220,1.640,0.830,3,0,125.984,0,0,10,38,0,37,0
05-02 07:16:52,38.754,10.501,32.753,16.752,0,1685408,662268,174172,5394424,7262.661,1458.133,0,55789.077,0,4508.410,20335,33394,3.220,1.640,0.830,3,0,231.021,0,0,10,36,0,37,0
05-02 07:16:53,49.219,7.995,29.231,15.240,0,1741496,600036,174216,5400300,5966.188,1618.965,0,58874.379,0,4195.319,17310,28745,3.220,1.640,0.830,1,2,65.958,0,0,10,36,0,37,0
05-02 07:16:54,32.484,6.997,39.730,19.740,0.250,1643004,685360,174284,5413008,6800.640,1619.200,0,59254.728,0,4502.776,20446,34801,3.220,1.640,0.830,3,3,74.963,0,0,10,36,0,37,0
05-02 07:16:55,27.525,7.006,44.791,18.017,0,1640352,682084,174300,5418768,7600.962,1621.485,0,76826.373,0,5868.375,24011,41956,3.200,1.660,0.840,2,1,36.033,0,0,10,36,0,37,0
05-02 07:16:56,23.970,12.235,60.174,2.996,0.250,1387584,934288,174316,5419240,8671.022,1617.952,0,9671.756,0,730.076,4783,7494,3.200,1.660,0.840,1,0,254.678,0,0,10,32,0,37,0
05-02 07:16:57,22.976,2.747,73.425,0.250,0.250,1461624,860200,174316,5419264,13983.695,1618.344,0,691.293,0,40.958,1179,1281,3.200,1.660,0.840,1,0,0.999,0,0,10,32,0,37,0
05-02 07:16:58,22.749,3.500,72.496,0.250,0,1508236,813580,174320,5419268,13161.355,1619.921,0,4851.762,0,298.985,2001,2878,3.200,1.660,0.840,1,0,0,0,0,10,38,0,37,0
05-02 07:16:59,22.253,3.250,73.510,0.250,0.250,1431676,890136,174320,5419272,17282.264,1512.198,0,76.010,0,6.001,1298,1405,3.200,1.660,0.840,1,0,28.004,0,0,10,32,0,37,0
05-02 07:17:00,23.252,2.500,73.505,0,0,1500220,821592,174320,5419272,10270.688,1566.105,0,40.003,0,4.000,940,1131,3.100,1.670,0.850,1,0,0,0,0,10,32,0,37,0
05-02 07:17:01,18.296,18.296,61.907,0.251,0,1394476,927264,174328,5419284,8341.095,1718.346,0,3970.040,0,71.180,3484,5747,3.100,1.670,0.850,2,0,586.483,0,0,10,32,0,37,0
05-02 07:17:02,12.985,26.968,59.180,0,0,1399504,922144,174328,5419356,19818.654,1618.094,0,307.638,0,26.968,4557,7366,3.100,1.670,0.850,1,0,935.898,0,0,10,32,0,37,0
05-02 07:17:03,9.501,20.252,70.008,0,0.250,1394304,927260,174328,5419424,8223.954,1620.188,0,252.029,0,14.002,2875,4236,3.100,1.670,0.850,1,0,411.048,0,0,10,32,0,37,0
05-02 07:17:04,11.009,18.765,69.055,0,0,1392536,928980,174328,5419460,5740.598,1621.299,0,28.022,0,7.006,2768,4551,3.100,1.670,0.850,1,0,392.314,0,0,10,32,0,37,0
05-02 07:17:05,19.218,16.473,62.396,0,0.250,1399832,921484,174328,5419508,7212.035,1617.317,0,19.967,0,4.992,4155,10034,2.930,1.660,0.850,1,0,272.548,0,0,10,32,0,38,0
05-02 07:17:06,43.822,9.015,46.326,0,0.250,1491300,829952,174336,5420012,10439.110,1514.482,0,108.177,0,6.010,1937,2542,2.930,1.660,0.850,2,0,130.213,0,0,10,33,0,38,0
05-02 07:17:07,46.252,4.250,49.003,0,0,1586844,733492,174392,5420868,6378.332,1566.081,84.004,660.034,1.000,109.006,1407,1320,2.930,1.660,0.850,2,0,0,0,0,10,33,0,37,0
05-02 07:17:08,43.729,6.497,49.726,0.250,0,1632044,685684,174396,5423128,7786.278,1619.226,0,4769.720,0,275.868,2323,7803,2.930,1.660,0.850,1,0,58.972,0,0,10,48,0,38,0
05-02 07:17:09,14.222,12.226,71.859,0,0.250,1655752,661796,174396,5423268,6549.105,1616.816,0,327.355,0,13.972,2033,2848,2.930,1.660,0.850,1,0,200.605,0,0,10,48,0,38,0
05-02 07:17:10,1,0.750,97,0,0,1656368,661292,174396,5423156,20176,2291,0,92,0,7,828,1215,2.860,1.660,0.860,0,0,2,0,0,10,49,0,38,0
05-02 07:17:11,1.251,0.500,97.562,0,0,1656276,661292,174396,5423248,94368.301,4785.058,0,428.274,0,29.019,943,1371,2.860,1.660,0.860,0,0,0,0,0,10,49,0,38,0
05-02 07:17:12,8.763,6.009,84.871,0.751,0,1679264,638076,174424,5423480,95297.371,4794.861,0,1249.788,0,75.107,1486,1910,2.860,1.660,0.860,2,0,32.046,0,0,10,48,0,39,0
05-02 07:17:13,17.235,8.492,70.687,2.498,0,1689144,580820,174508,5469092,20020.262,1618.566,3.996,8088.833,0.999,376.666,3290,4251,2.860,1.660,0.860,1,0,61.945,0,0,10,48,0,39,0
05-02 07:17:14,15.513,10.759,73.313,0,0.500,1690376,578996,174508,5469156,17316.771,1513.291,64.055,0,4.003,0,1900,1970,2.860,1.660,0.860,1,0,56.048,0,0,10,48,0,39,0
05-02 07:17:15,21.495,4.749,73.483,0,0,1710184,559148,174508,5469160,29709.167,1565.640,0,0,0,0,1499,1292,2.710,1.650,0.860,1,0,27.994,0,0,10,48,0,39,0
05-02 07:17:16,17.995,8.248,73.478,0,0,1652052,662300,174508,5424776,21219.761,1619.524,95.972,1071.685,1.999,7.998,1834,1967,2.710,1.650,0.860,1,0,93.972,0,0,10,48,0,39,0
05-02 07:17:17,14.008,14.008,70.038,0,0.500,1652528,661792,174508,5424840,19228.422,1620.879,4.002,16.009,1.001,2.001,3124,5020,2.710,1.650,0.860,3,0,239.130,0,0,10,48,0,39,0
05-02 07:17:18,9.729,6.985,82.074,0,0,1651312,662744,174508,5425000,6591.880,1616.537,0,279.402,0,1.996,2951,5941,2.710,1.650,0.860,0,0,60.870,0,0,10,48,0,39,0
05-02 07:17:19,0.750,1.000,98.249,0,0,1651536,662520,174508,5425000,7615.954,1619.990,0,4.000,0,1.000,657,970,2.710,1.650,0.860,0,0,3.000,0,0,10,48,0,39,0
05-02 07:17:20,0.500,0.500,98.253,0,0,1651536,662520,174508,5425000,11832.379,1620.052,0,4.000,0,1.000,743,1023,2.490,1.630,0.850,0,0,3.000,0,0,10,48,0,39,0
05-02 07:17:21,0.500,1.000,96.747,0.500,0,1651760,662296,174508,5425000,8941.723,1511.953,0,3331.897,0,224.993,1155,1358,2.490,1.630,0.850,0,0,1.000,0,0,10,48,0,39,0
05-02 07:17:22,2.501,4.753,91.549,0.250,0,1583460,730616,174508,5424980,6901.665,1566.832,0,224.119,0,11.006,1329,2017,2.490,1.630,0.850,1,0,58.031,0,0,10,48,0,39,0
05-02 07:17:23,16.991,14.492,65.964,0.250,0.250,1581192,732884,174508,5425012,8319.466,1619.118,0,1575.142,0,188.897,5004,9902,2.490,1.630,0.850,0,0,244.867,0,0,10,48,0,39,0
05-02 07:17:24,12.005,16.757,70.030,0,0.250,1637588,676296,174508,5425508,20831.041,1858.807,0,4.002,0,1.000,3576,6012,2.490,1.630,0.850,1,0,348.151,0,0,11,48,0,39,0
05-02 07:17:25,14.682,14.931,70.672,0,0,1635124,678788,174508,5425128,7562.863,1612.508,0,3.982,0,0.995,3847,7209,2.370,1.610,0.850,3,0,154.283,0,0,11,48,0,39,0
05-02 07:17:26,4.272,8.795,86.442,0,0.251,1638356,675504,174508,5425184,8525.574,1628.322,0,221.130,0,9.046,1499,2346,2.370,1.610,0.850,1,0,155.796,0,0,13,48,0,39,0
05-02 07:17:27,15.988,12.491,70.696,0,0,1640716,673100,174508,5425208,9802.560,1618.771,0,19.985,0,3.997,4345,7734,2.370,1.610,0.850,0,0,149.886,0,0,13,48,0,35,0
05-02 07:17:28,7.516,21.294,70.397,0,0.251,1639744,673976,174508,5425232,7330.262,1515.155,0,28.058,0,7.015,2623,4092,2.370,1.610,0.850,3,0,328.684,0,0,13,50,0,35,0
05-02 07:17:29,11.737,19.229,67.427,0,0,1645140,668388,174508,5425764,8206.055,1702.145,0,35.961,0,8.990,3323,5370,2.370,1.610,0.850,1,0,306.666,0,0,13,50,0,31,0
05-02 07:17:30,23.279,17.272,57.573,0,0,1677276,636248,174524,5425400,45085.033,1567.983,0,36.046,0,3.004,4377,6918,2.260,1.600,0.850,4,0,282.357,0,0,13,50,0,31,0
05-02 07:17:31,36.691,13.728,48.672,0.250,0,1746392,566836,174532,5425644,8754.037,1617.420,0,990.420,0,38.938,3825,9387,2.260,1.600,0.850,2,0,157.748,0,0,13,50,0,30,0
05-02 07:17:32,22.511,7.754,68.284,0.250,0,1798408,513948,174568,5426424,7169.592,1662.833,32.016,472.237,2.001,10.005,1554,2873,2.260,1.600,0.850,2,0,14.007,0,0,13,58,0,34,0
05-02 07:17:33,21.973,4.494,73.908,0,0.250,1864424,447780,174572,5426596,9146.649,1617.992,0,0,0,0,1095,1351,2.260,1.600,0.850,2,0,3.995,0,0,13,58,0,32,0
05-02 07:17:34,2.502,1.001,96.060,0,0.250,1864796,447024,174572,5426976,17468.883,1645.025,0,0,0,0,1418,2814,2.260,1.600,0.850,0,0,3.002,0,0,13,58,0,32,0
05-02 07:17:35,1.500,1.750,95.490,0,0,1842508,469312,174572,5426976,18498.150,1619.838,0,723.928,0,2.000,992,1400,2.080,1.580,0.850,1,0,24.998,0,0,13,58,0,27,0
05-02 07:17:36,13.252,14.252,70.009,0,0.250,1858588,453184,174572,5427360,20838.667,1620.207,0,32.004,0,8.001,4848,9236,2.080,1.580,0.850,1,0,194.025,0,0,13,56,0,27,2
05-02 07:17:37,11.758,13.509,73.799,0,0.250,1850964,460768,174572,5427352,9102.026,1567.037,0,160.106,0,5.003,3568,5169,2.080,1.580,0.850,4,0,224.148,0,0,13,56,0,24,2
05-02 07:17:38,19.528,13.519,65.343,0,0,1864024,447548,174572,5427008,8872.581,1622.300,0,0,0,0,4164,8075,2.080,1.580,0.850,2,0,174.247,0,0,12,56,0,24,2
05-02 07:17:39,18.491,16.742,63.719,0,0,1867144,444476,174572,5427360,9121.576,1619.215,0,31.984,0,6.997,4881,11091,2.080,1.580,0.850,1,0,322.843,0,0,13,52,0,23,4
05-02 07:17:40,10.725,6.485,81.060,0,0,1867492,444184,174572,5427028,7486.497,1616.221,0,0,0,0,2773,6409,1.990,1.570,0.850,0,0,40.904,0,0,13,58,0,23,4
05-02 07:17:41,32.088,20.306,46.378,0,0,1699948,611504,174572,5427264,8611.691,1624.469,80.221,276.761,3.008,3.008,3133,5554,1.990,1.570,0.850,2,0,500.377,0,0,13,50,0,26,0
05-02 07:17:42,36.247,20.748,42.497,0,0.250,1762772,548108,174576,5427836,6883.484,1511.887,0,203.985,0,12.999,3972,7528,1.990,1.570,0.850,1,0,434.967,0,0,13,58,0,30,0
05-02 07:17:43,45.153,16.464,37.918,0,0,1872740,438228,174588,5427724,6414.152,1616.510,0,51.888,0,1.996,3238,6899,1.990,1.570,0.850,2,0,213.539,0,0,13,58,0,28,0
05-02 07:17:44,37.000,6.250,55.750,0.500,0,1964728,345268,174612,5428660,7359.956,1619.990,0,5927.964,0,392.998,2200,3789,1.990,1.570,0.850,1,0,4.000,0,0,13,58,0,28,0
05-02 07:17:45,23.013,3.752,67.537,3.002,0.250,1995140,311276,174948,5431596,21509.852,1656.913,152.084,6507.586,38.021,781.431,4711,8023,1.910,1.560,0.850,1,1,5.003,0,0,13,60,0,26,0
05-02 07:17:46,25.519,6.255,56.042,10.258,0,1996068,292708,174972,5449100,14765.074,1621.216,0,35290.468,0,3238.429,17314,28712,1.910,1.560,0.850,1,1,4.003,0,0,13,60,0,26,0
05-02 07:17:47,34.768,17.009,46.274,1.251,0.500,2156476,132592,175076,5448204,8416.385,1620.844,0,47528.762,0,281.146,5703,17152,1.910,1.560,0.850,1,0,245.128,0,0,14,85,0,31,0
05-02 07:17:48,10.984,19.472,67.404,1.498,0,2167276,121568,175076,5448424,8873.400,1617.703,75.892,12254.598,3.994,494.298,4050,6652,1.910,1.560,0.850,1,0,354.497,0,0,14,85,0,31,0
05-02 07:17:49,15.244,17.494,65.726,0,0,2157480,133876,175076,5446200,8682.822,1511.447,219.920,715.738,9.996,33.988,3939,9216,1.910,1.560,0.850,1,0,268.902,0,0,14,85,0,31,0
05-02 07:17:50,39.812,12.019,44.819,1.502,0,2242724,125436,173028,5372552,9901.307,1664.573,1886.917,10251.849,55.085,755.167,2905,5143,2,1.580,0.860,2,0,128.198,0,0,14,86,0,31,0
05-02 07:17:51,29.746,13.498,55.492,0.750,0.250,2299252,127980,172808,5314224,10900.463,1619.772,2963.582,2447.655,62.991,246.965,2560,3950,2,1.580,0.860,1,0,131.981,0,0,14,89,0,31,0
05-02 07:17:52,9.501,18.752,70.508,0.500,0.500,2304844,130392,172664,5306452,6000.672,1620.181,396.044,740.083,6.001,45.005,2822,4126,2,1.580,0.860,1,0,318.036,0,0,14,89,0,31,0
05-02 07:17:53,9.991,17.734,71.437,0,0,2304156,132264,172664,5305284,9076.013,1564.623,0,59.947,0,6.994,2764,3999,2,1.580,0.860,1,0,321.717,0,0,14,89,0,31,0
05-02 07:17:54,12.742,14.242,71.707,0.250,0.250,2334528,127856,171936,5280272,7247.702,1619.040,1243.263,103.938,42.975,9.994,2192,3165,2,1.580,0.860,1,0,221.868,0,0,14,89,0,31,0
05-02 07:17:55,22.284,4.006,71.609,1.002,0,2369892,122060,170276,5253008,15173.033,1712.600,4318.556,284.432,108.164,40.061,1955,2895,1.920,1.570,0.860,1,0,0,0,0,14,91,0,32,0
05-02 07:17:56,21.510,6.503,71.285,0.250,0,2367840,127876,170136,5249440,10703.223,1620.791,152.074,660.322,7.003,113.055,2139,2929,1.920,1.570,0.860,2,0,64.031,0,0,14,93,0,32,0
05-02 07:17:57,32.254,4.251,61.008,1.250,0.250,2417408,131756,169668,5197608,8175.120,1512.207,52.007,2904.398,5.001,454.062,4200,7252,1.920,1.570,0.860,2,0,7.001,0,0,14,108,0,33,0
05-02 07:17:58,19.261,8.755,70.540,0.250,0,2404096,144880,169672,5197792,11466.513,1620.921,0,844.480,0,74.042,2203,3433,1.920,1.570,0.860,2,0,111.063,0,0,14,106,0,35,0
05-02 07:17:59,24.983,1.749,72.202,0.250,0,2429508,119456,169676,5197800,8786.192,1618.930,0,755.501,0,74.950,2051,3347,1.920,1.570,0.860,3,0,0,0,0,14,108,0,35,0
05-02 07:18:00,20.691,7.229,69.301,0.997,0.249,2400672,163324,169676,5182992,11692.501,1561.526,0,2536.732,0,290.169,2978,4611,1.850,1.560,0.870,2,0,91.737,0,0,14,106,0,36,0
05-02 07:18:01,24.280,3.504,71.838,0.501,0,2385788,177660,169676,5183540,14099.243,1716.099,636.779,468.573,10.012,35.043,1567,2144,1.850,1.560,0.870,2,0,28.034,0,0,14,110,0,37,0
05-02 07:18:02,22.222,5.243,72.660,0,0,2444812,118520,169676,5183656,12981.877,1617.990,0,407.494,0,26.967,1381,1830,1.850,1.560,0.870,1,0,30.962,0,0,14,110,0,37,0
05-02 07:18:03,21.552,5.263,72.425,0,0.251,2435036,143268,169388,5169292,10336.984,1623.925,4.010,1086.626,1.002,134.325,1713,2135,1.850,1.560,0.870,1,0,51.124,0,0,14,112,0,39,0
05-02 07:18:04,21.701,5.986,70.591,0.499,0,2406744,187232,169100,5154260,5902.672,1508.594,0,1516.576,0,229.482,2452,3573,1.850,1.560,0.870,2,0,71.838,0,0,14,112,0,40,0
05-02 07:18:05,25.242,7.998,66.479,0.500,0.250,2463252,130580,169100,5154404,8259.423,1619.495,131.959,2127.336,5.998,133.958,2183,4631,1.780,1.550,0.870,1,0,43.986,0,0,14,115,0,41,0
05-02 07:18:06,21.269,5.255,73.065,0,0.250,2447092,146724,169100,5154420,19317.192,1621.443,0,80.071,0,6.005,1347,1699,1.780,1.550,0.870,1,0,55.049,0,0,14,112,0,41,0
05-02 07:18:07,25.805,6.263,66.141,1.002,0,2407808,185724,169100,5154704,9052.245,1623.451,0,1431.042,0,224.477,4153,7115,1.780,1.550,0.870,1,0,52.111,0,0,14,114,0,42,0
05-02 07:18:08,22.720,3.745,72.656,0.499,0,2467936,125580,169100,5154720,7328.473,1563.967,0,3799.061,0,243.683,1919,2680,1.780,1.550,0.870,2,0,1.997,0,0,14,116,0,42,0
05-02 07:18:09,31.528,2.252,63.557,1.001,0,2475504,132664,168788,5140724,7146.439,1621.461,748.675,2670.406,130.117,358.323,3536,5655,1.780,1.550,0.870,3,0,0,0,0,14,116,0,42,0
05-02 07:18:10,35.760,5.251,58.516,0.500,0,2480048,128164,168792,5140676,7928.204,1620.450,0,4013.116,0,258.072,3052,5209,1.880,1.580,0.880,2,0,71.020,0,0,14,117,0,43,0
05-02 07:18:11,21.940,5.734,70.558,0.499,0.249,2442092,181372,168464,5126088,8947.627,1577.702,11.967,1579.697,0.997,211.424,2789,4439,1.880,1.580,0.880,1,0,51.859,0,0,14,117,0,44,0
05-02 07:18:12,19.544,7.266,71.912,0.251,0.251,2500172,122152,168468,5127224,5384.152,1623.665,1142.579,573.294,21.048,35.079,1563,2330,1.880,1.580,0.880,1,0,97.219,0,0,14,117,0,44,0
05-02 07:18:13,24.494,2.749,70.731,0.500,0,2506880,130468,168144,5112776,10541.217,1619.572,0,999.736,0,101.973,2725,4429,1.880,1.580,0.880,2,0,0,0,0,14,119,0,44,0
05-02 07:18:14,32.786,6.257,59.315,0.501,0,2459728,175080,168144,5115316,9981.009,1621.789,2602.871,1237.365,62.068,96.106,3351,5300,1.880,1.580,0.880,3,0,83.092,0,0,14,117,0,44,0
05-02 07:18:15,41.240,8.998,48.988,0.250,0.250,2510840,123340,168144,5115896,10229.565,2123.495,223.947,1675.601,9.998,139.967,4248,7153,1.890,1.580,0.880,2,0,205.951,0,0,14,117,0,44,0
05-02 07:18:16,16.480,10.987,71.414,0.250,0.250,2469284,180292,167704,5101388,8807.431,1705.953,0,503.396,0,30.963,2142,3160,1.890,1.580,0.880,2,0,164.802,0,0,14,117,0,45,0
05-02 07:18:17,11.009,17.765,69.056,0.250,0,2477712,171640,167840,5101476,17726.500,1621.326,148.121,664.544,7.006,46.038,3475,5486,1.890,1.580,0.880,1,0,403.330,0,0,14,117,0,45,0
05-02 07:18:18,17.743,16.494,63.726,0,0,2484864,164092,167844,5102008,7325.187,1619.378,475.817,511.803,28.989,32.987,5110,8154,1.890,1.580,0.880,2,0,178.931,0,0,14,117,0,45,0
05-02 07:18:19,31.011,21.508,46.017,0,0,2539400,131712,167400,5080816,9199.321,1620.585,4.001,500.181,1.000,30.011,3398,5775,1.890,1.580,0.880,2,0,470.170,0,0,14,117,0,45,0
05-02 07:18:20,37.245,20.497,40.744,0.500,0,2612588,130796,165900,5012176,11188.467,1773.757,499.932,2735.625,37.995,170.977,8695,17012,1.980,1.610,0.900,1,0,301.959,0,0,14,129,0,45,0
05-02 07:18:21,44.019,22.510,32.764,0.250,0.500,2700272,128196,164712,4930220,7739.297,1620.690,676.288,516.220,43.018,31.013,3739,7935,1.980,1.610,0.900,3,0,418.178,0,0,16,129,0,45,0
05-02 07:18:22,54.696,24.226,20.230,0.250,0,2801300,136412,163792,4824368,7540.512,1618.393,559.444,7088.961,38.961,609.395,7086,13013,1.980,1.610,0.900,4,0,435.567,0,0,16,129,0,45,0
05-02 07:18:23,41.791,21.521,34.033,0.751,0,2870156,128628,163732,4764200,11253.028,1459.430,220.216,6270.145,15.015,478.469,6695,14003,1.980,1.610,0.900,5,0,364.357,0,0,16,145,0,45,0
05-02 07:18:24,28.693,26.447,43.663,0,0,2926548,129856,163736,4707748,5516.966,1616.766,55.888,846.307,7.984,77.844,3423,5237,1.980,1.610,0.900,2,0,484.032,0,0,17,145,0,45,0
05-02 07:18:25,12.524,17.533,67.126,0,0,2940280,130572,163712,4693796,8986.895,1713.221,0,320.603,0,25.047,4222,8208,1.900,1.600,0.900,1,0,287.541,0,0,17,145,0,45,0
05-02 07:18:26,27.721,19.230,52.195,0.749,0,2966632,133772,163704,4664764,12652.753,1618.306,2541.339,1993.912,144.848,309.676,4352,7940,1.900,1.600,0.900,2,0,310.675,0,0,17,149,0,45,0
05-02 07:18:27,31.285,23.526,43.548,0.250,0.501,3022072,129892,163712,4614844,12487.837,1621.797,148.164,352.390,9.010,36.040,4101,7903,1.900,1.600,0.900,5,0,394.437,0,0,17,149,0,45,0
05-02 07:18:28,33.653,20.441,43.874,0.748,0,3108528,127232,163724,4532096,19637.542,1685.155,666.085,6150.318,30.911,619.220,5994,14498,1.900,1.600,0.900,5,0,251.278,0,0,17,161,0,45,0
05-02 07:18:29,33.596,20.559,44.627,0,0.251,3168944,122588,163724,4477628,8833.183,1624.632,48.137,236.675,3.009,19.054,4203,7306,1.900,1.600,0.900,4,0,715.039,0,0,17,161,0,45,0
05-02 07:18:30,24.957,21.962,51.660,0.499,0,3225708,124764,163724,4420312,7185.490,1497.393,0,826.561,0,58.897,5108,13766,2.230,1.670,0.930,2,0,562.022,0,0,17,173,0,45,0
05-02 07:18:31,17.278,17.528,62.350,0,0.250,3235372,123808,163720,4411848,6426.334,1664.677,0,232.374,0,10.016,5397,9710,2.230,1.670,0.930,2,0,159.256,0,0,17,173,0,45,0
05-02 07:18:32,41.983,11.495,46.231,0.250,0,3352972,130128,163724,4290528,9061.366,1619.351,507.796,4674.126,24.990,353.858,2467,2711,2.230,1.670,0.930,2,0,73.970,0,0,17,173,0,45,0
05-02 07:18:33,44.501,9.000,45.251,0.250,0,3460864,129792,163852,4184976,29755.625,1620.034,1940.041,632.013,54.001,74.002,2316,3160,2.230,1.670,0.930,2,0,5.000,0,0,17,178,0,41,0
05-02 07:18:34,43.516,22.508,32.762,0.750,0,3444452,139356,163888,4191724,8481.180,1662.623,1700.638,540.203,38.014,32.012,6743,15982,2.230,1.670,0.930,3,0,512.192,0,0,17,179,0,41,0
05-02 07:18:35,48.502,24.001,25.251,0,0,3424508,167160,163896,4184088,7986.391,1710.084,208.010,996.049,10.000,73.004,5610,11040,2.370,1.710,0.940,4,0,502.025,0,0,17,193,0,41,0
05-02 07:18:36,51.695,19.479,27.970,0,0.250,3503024,119976,163896,4153604,14428.619,1618.275,151.838,3120.673,6.993,173.815,6708,12387,2.370,1.710,0.940,5,0,208.777,0,0,17,196,0,41,0
05-02 07:18:37,79.971,16.994,1.999,0.250,0.250,3580604,143304,163912,4054920,13135.258,1457.474,987.643,15970.235,29.989,507.817,3488,5815,2.370,1.710,0.940,4,0,94.966,0,0,17,204,0,41,0
05-02 07:18:38,79.168,16.285,4.009,0.251,0.251,3624372,132676,163988,4022428,17902.078,1623.453,300.639,1956.161,29.062,85.181,3910,39593,2.370,1.710,0.940,7,0,44.094,0,0,17,218,0,44,0
05-02 07:18:39,50.193,19.228,29.217,0.749,0,3649572,153988,163988,3976808,13043.170,1618.160,719.182,1702.065,41.952,199.773,5943,26368,2.370,1.710,0.940,3,0,294.665,0,0,17,218,0,47,0
05-02 07:18:40,33.684,19.712,43.665,0.250,0,3688644,125092,163992,3967300,10976.574,1616.844,159.688,734.566,6.986,54.893,4458,7619,2.340,1.720,0.950,3,0,327.361,0,0,17,222,0,47,0
05-02 07:18:41,45.859,19.045,33.580,0,0.251,3726332,134152,163992,3921264,6946.540,1623.866,12.029,437.041,2.005,22.053,4225,9200,2.340,1.720,0.950,4,0,295.704,0,0,17,222,0,41,0
05-02 07:18:42,54.741,22.996,21.247,0.250,0.250,3770348,122240,164088,3890116,7248.847,1689.731,79.987,691.890,19.997,55.991,3643,8935,2.340,1.720,0.950,3,0,414.934,0,0,17,222,0,42,0
05-02 07:18:43,52.502,21.251,24.251,0.500,0,3798244,118568,164088,3866188,8130.333,1620.066,112.005,22104.906,7.000,951.039,8134,14874,2.340,1.720,0.950,3,0,318.013,0,0,17,230,0,41,0
05-02 07:18:44,53.429,24.717,22.220,0,0,3852160,123292,164100,3809276,6307.623,1456.066,59.920,962.722,5.992,71.905,6299,12827,2.340,1.720,0.950,3,0,385.488,0,0,17,232,0,43,0
05-02 07:18:45,49.318,18.025,31.043,1.001,0,3877700,154036,164104,3753468,8427.630,1712.363,256.354,8960.365,23.032,878.212,6919,11469,2.310,1.720,0.950,3,0,213.294,0,0,17,238,0,43,0
05-02 07:18:46,65.144,10.117,24.676,0,0,4026360,137144,164104,3623048,7386.885,1598.978,51.325,844.892,1.974,101.663,2384,3672,2.310,1.720,0.950,4,0,0.987,0,0,17,241,0,44,0
05-02 07:18:47,60.542,15.706,23.052,0.253,0.253,4042908,146260,164124,3597604,6505.133,1641.482,547.161,814.661,19.252,69.915,5828,10317,2.310,1.720,0.950,3,0,215.824,0,0,17,248,0,45,0
05-02 07:18:48,45.509,26.005,27.256,0,0.250,4031044,157420,164260,3598192,7447.549,1620.337,1528.318,941.196,37.008,60.012,4641,8225,2.310,1.720,0.950,3,0,586.122,0,0,17,248,0,46,0
05-02 07:18:49,45.736,21.243,28.991,1.500,0,4016228,181768,164340,3589044,26871.535,1619.490,3470.907,6907.824,51.984,611.807,7850,12245,2.310,1.720,0.950,4,0,260.918,0,0,18,248,0,38,0
05-02 07:18:50,62.746,11.999,24.498,0,0,4111612,132324,164340,3544136,11045.293,1619.896,771.951,491.969,7.000,26.998,2190,2984,2.450,1.760,0.970,3,0,68.996,0,0,18,255,0,38,0
05-02 07:18:51,59.750,12.500,26.750,0,0.250,4193700,121400,164388,3474728,6912.028,1458.006,1036.004,640.003,10.000,25.000,3929,8057,2.450,1.760,0.970,2,0,127.001,0,0,18,252,0,40,0
05-02 07:18:52,19.454,9.477,68.587,1.496,0,4200376,130028,164396,3459728,12784.547,2548.928,1324.844,6787.831,15.962,529.738,3225,3696,2.450,1.760,0.970,2,0,105.748,0,0,18,253,0,40,0
05-02 07:18:53,18.287,7.265,73.648,0,0,4205984,124572,164404,3459632,10407.868,2416.846,825.655,212.426,10.020,19.038,2081,3030,2.450,1.760,0.970,2,0,11.022,0,0,18,258,0,40,0
05-02 07:18:54,19.010,6.253,73.790,0,0,4209432,129936,164404,3451036,13352.277,2732.489,768.419,84.046,6.003,6.003,1934,3068,2.450,1.760,0.970,1,0,8.004,0,0,18,261,0,40,0
05-02 07:18:55,18.995,6.748,71.983,0.250,0.250,4211068,136212,164404,3443184,14237.583,2972.287,767.816,215.948,5.999,30.993,2102,3046,2.490,1.780,0.980,2,0,12.997,0,0,18,265,0,40,0
05-02 07:18:56,7.472,1.744,88.919,0.249,0.249,4216340,130932,164404,3443192,62752.498,2987.882,255.051,207.229,1.993,19.926,1464,2443,2.490,1.780,0.980,0,0,0.996,0,0,18,264,0,40,0
05-02 07:18:57,4.002,1.751,92.299,0.250,0,4216924,129364,164404,3444176,966627.346,11526.097,16.008,404.214,1.001,46.024,1956,2768,2.490,1.780,0.980,0,0,3.002,0,0,18,270,0,38,0
05-02 07:18:58,4.512,1.253,91.994,0.251,0,4214664,128244,164404,3447556,3750669.774,29520.169,0,176.467,0,14.037,2154,2219,2.490,1.780,0.980,1,0,0,0,0,18,270,0,38,0
05-02 07:18:59,3.490,1.745,92.741,0,0,4214428,125236,164404,3450800,3013415.477,19056.698,0,199.442,0,14.958,2046,2195,2.490,1.780,0.980,0,0,0,0,0,18,270,0,36,0
05-02 07:19:00,4.759,1.252,92.423,0.501,0.501,4207336,132772,164404,3450436,3726366.305,21394.007,0,5542.364,0,271.508,2621,2194,2.290,1.750,0.980,0,0,0,0,0,18,270,0,36,0
05-02 07:19:01,5.735,1.746,91.766,0,0,4207044,130084,164404,3453416,2970760.444,15534.449,67.827,219.441,0.997,13.964,1995,2225,2.290,1.750,0.980,0,0,0,0,0,18,270,0,35,0
05-02 07:19:02,6.268,9.527,82.237,0.251,0,4209092,124072,164408,3457376,2154953.647,9742.018,2069.953,4.012,24.069,1.003,2470,3321,2.290,1.750,0.980,1,0,134.386,0,0,18,269,0,35,0
05-02 07:19:03,18.969,8.736,70.636,0,0.250,4255028,133432,164408,3403108,7346.107,1617.381,87.858,0,3.994,0,2060,3168,2.290,1.750,0.980,0,1,119.806,0,0,18,269,0,32,0
05-02 07:19:04,25.529,3.754,69.328,0.250,0,4274864,119080,164408,3397812,5998.725,1621.818,468.525,240.269,25.028,24.027,3549,6560,2.290,1.750,0.980,1,0,3.003,0,0,18,279,0,34,0
05-02 07:19:05,28.294,8.263,61.846,0.501,0,4203064,208552,164408,3380576,9965.466,1460.266,440.684,13088.313,35.054,130.202,5229,11573,2.750,1.850,1.010,1,0,79.123,0,0,18,281,0,35,0
05-02 07:19:06,11.705,19.924,68.988,0,0,4237768,173608,164408,3380852,6347.853,1613.861,75.712,478.181,3.985,28.890,3396,5554,2.750,1.850,1.010,2,0,424.386,0,0,18,285,0,35,0
05-02 07:19:07,21.091,6.277,72.059,0,0.251,4223408,187964,164412,3380852,7229.042,1626.986,8.035,188.811,2.009,11.047,1753,2554,2.750,1.850,1.010,1,0,57.246,0,0,18,285,0,33,0
05-02 07:19:08,9.240,18.481,69.927,0.250,0,4227144,184196,164412,3380884,7312.344,1618.306,0,687.280,0,46.951,3312,5247,2.750,1.850,1.010,1,0,305.680,0,0,18,285,0,33,0
05-02 07:19:09,7.722,13.202,77.469,0,0.498,4227000,184232,164412,3380992,10240.846,1614.144,63.769,119.566,4.982,10.960,2840,4428,2.750,1.850,1.010,0,0,296.923,0,0,18,285,0,33,0
05-02 07:19:10,7.505,2.252,88.814,0,0.250,4240608,170624,164416,3380988,26128.708,1621.161,0,15967.433,0,22.016,1424,1981,2.530,1.820,1.010,1,0,9.006,0,0,18,285,0,33,0
05-02 07:19:11,23.548,4.259,71.645,0.251,0,4221236,189904,164416,3381080,15136.621,1693.426,0,140.284,0,13.026,1915,2800,2.530,1.820,1.010,1,0,33.067,0,0,18,289,0,30,0
05-02 07:19:12,12.750,15.751,70.252,0,0,4222504,188580,164420,3381132,6959.223,1512.048,8.000,72.002,2.000,4.000,2936,4530,2.530,1.820,1.010,1,0,217.007,0,0,18,289,0,30,0
05-02 07:19:13,11.995,16.243,69.970,0.750,0,4224240,186604,164420,3381372,6675.096,1565.319,3.998,1779.226,1.000,99.957,3539,5509,2.530,1.820,1.010,1,0,292.873,0,0,18,289,0,30,0
05-02 07:19:14,23.729,4.246,70.686,0.250,0,4283480,127892,164420,3380844,7886.862,1618.535,11.989,891.193,2.997,53.951,1592,2164,2.530,1.820,1.010,1,0,1.998,0,0,18,291,0,30,0
05-02 07:19:15,25.222,5.244,68.175,0.499,0,4327588,127980,164420,3337552,9443.593,1618.217,99.890,3651.976,6.992,421.535,2990,3680,2.650,1.860,1.020,1,0,2.997,0,0,18,297,0,30,0
05-02 07:19:16,23.488,4.248,71.214,0.500,0.250,4275340,180204,164420,3337576,6090.924,1619.182,75.962,727.633,3.998,44.977,1459,2196,2.650,1.860,1.020,1,0,4.997,0,0,18,293,0,29,0
05-02 07:19:17,25.607,3.766,71.046,0,0,4325896,129580,164420,3337644,4759.820,1626.774,0,116.485,0,12.050,1971,3217,2.650,1.860,1.020,1,0,6.025,0,0,18,299,0,29,0
05-02 07:19:18,23.669,4.235,70.756,0,0.249,4256744,198716,164420,3337660,7460.314,1614.441,0,191.341,0,10.962,1515,2117,2.650,1.860,1.020,1,0,14.949,0,0,18,293,0,28,0
05-02 07:19:19,20.561,6.519,71.964,0,0.251,4216716,238580,164420,3337824,10146.134,1516.504,0,72.214,0,6.018,1825,2712,2.650,1.860,1.020,1,0,83.247,0,0,18,293,0,28,0
05-02 07:19:20,8.010,19.525,69.590,0.501,0.250,4218392,235760,164428,3338960,7179.297,1568.031,1497.940,400.519,20.026,15.019,2892,4367,2.680,1.880,1.040,2,0,288.373,0,0,18,293,0,28,0
05-02 07:19:21,17.936,9.964,71.245,0.249,0,4242668,211252,164428,3339192,26612.567,1614.211,282.985,3.986,70.746,0.996,2509,3627,2.680,1.880,1.040,1,0,207.257,0,0,18,293,0,28,0
05-02 07:19:22,22.999,3.000,72.246,0.250,0,4265020,181520,164452,3346548,8855.513,1619.911,7199.604,4.000,64.996,1.000,1627,2079,2.680,1.880,1.040,0,1,7.000,0,0,18,293,0,28,0
05-02 07:19:23,20.981,5.495,72.186,0,0,4256392,189840,164456,3346852,10538.610,1692.492,187.833,127.886,8.992,3.996,7685,15570,2.680,1.880,1.040,0,0,11.989,0,0,18,293,1,28,0
05-02 07:19:24,3.750,0.500,94.261,0,0,4256568,189392,164456,3347124,14939.748,3486.408,272.032,0,5.001,0,1151,1777,2.680,1.880,1.040,1,0,0,0,0,18,294,0,28,0
05-02 07:19:25,12.518,0.751,85.125,0.250,0,4258980,186900,164472,3347156,10065.756,3403.990,0,520.763,0,39.057,1763,2827,2.460,1.850,1.030,1,0,0,0,0,18,294,0,28,0
05-02 07:19:26,25.959,0.749,72.137,0,0.250,4265512,180124,164500,3347372,5808.921,1617.472,71.888,451.295,2.995,25.959,1413,2009,2.460,1.850,1.030,0,1,0,0,0,18,294,0,28,0
05-02 07:19:27,25.286,5.758,67.846,0.250,0,4285408,158456,164620,3348800,7084.038,1514.146,0,696.988,0,44.062,6622,14662,2.460,1.850,1.030,1,0,6.009,0,0,18,294,0,28,0
05-02 07:19:28,19.521,7.258,71.576,0,0,4224820,219160,164624,3348648,6416.783,1741.841,4.004,100.106,1.001,6.006,1863,2713,2.460,1.850,1.030,1,0,97.103,0,0,18,293,0,28,0
05-02 07:19:29,17.990,9.995,70.712,0,0.500,4264428,179636,164624,3348564,5884.846,1619.132,0,0,0,0,2110,3291,2.460,1.850,1.030,1,0,174.906,0,0,18,293,0,28,0
05-02 07:19:30,19.778,8.512,70.849,0,0.250,4218572,225276,164624,3348780,9669.450,1622.257,24.033,0,2.003,0,2305,3465,2.340,1.830,1.030,1,0,107.149,0,0,18,293,0,30,0
05-02 07:19:31,23.917,2.741,72.250,0,0,4273108,170592,164624,3348928,16235.824,1614.414,0,0,0,0,1637,2363,2.340,1.830,1.030,1,0,4.983,0,0,18,293,0,30,0
05-02 07:19:32,20.767,7.506,70.556,0,0,4267564,176128,164624,3348936,17714.100,1621.291,0,216.172,0,4.003,1907,2686,2.340,1.830,1.030,1,0,72.057,0,0,18,293,0,30,0
05-02 07:19:33,23.323,6.771,69.468,0,0.251,4238204,205432,164624,3348992,8649.115,1709.359,0,76.239,0,10.031,2249,3901,2.340,1.830,1.030,3,0,56.176,0,0,18,293,0,32,0
05-02 07:19:34,28.158,6.479,63.791,0,0,4227496,216008,164624,3349124,8476.249,1507.066,0,0,0,0,2216,3649,2.340,1.830,1.030,1,0,27.909,0,0,18,293,0,34,0
05-02 07:19:35,24.553,2.505,70.151,0.251,0,4262716,180784,164624,3349128,8239.699,1569.371,0,432.930,0,54.116,2301,3761,2.320,1.840,1.030,1,0,0,0,0,18,293,0,34,0
05-02 07:19:36,22.731,4.496,72.191,0,0,4266220,177252,164624,3349156,11029.944,1618.671,0,147.879,0,8.993,1720,2460,2.320,1.840,1.030,1,0,46.961,0,0,18,293,0,34,0
05-02 07:19:37,22.759,6.253,71.280,0,0,4249196,194132,164624,3349300,7672.176,1620.671,0,152.063,0,10.004,1845,2698,2.320,1.840,1.030,1,0,28.012,0,0,18,293,0,36,0
05-02 07:19:38,19.984,7.494,70.195,0,0,4219720,223592,164624,3349316,12692.062,1618.733,0,435.659,0,38.969,2518,3867,2.320,1.840,1.030,1,0,87.931,0,0,18,293,0,33,0
05-02 07:19:39,23.510,3.501,71.780,0,0,4273328,169960,164624,3349340,6046.533,1620.679,0,180.075,0,10.004,1610,2395,2.320,1.840,1.030,1,0,0,0,0,18,293,0,35,0
05-02 07:19:40,23.507,5.002,71.772,0,0.250,4276852,166424,164624,3349352,7878.427,1620.499,0,132.041,0,9.003,1693,2355,2.210,1.820,1.030,1,0,47.014,0,0,18,293,0,29,0
05-02 07:19:41,23.235,3.248,71.703,0.250,0,4259336,183576,164624,3349716,6179.946,1511.009,355.767,123.919,26.982,5.996,1701,2503,2.210,1.820,1.030,1,0,13.991,0,0,18,293,0,30,0
05-02 07:19:42,29.242,3.999,65.732,1.250,0.750,4278760,163192,164624,3350676,15601.632,1565.562,523.853,1191.666,39.989,166.953,3779,6415,2.210,1.820,1.030,1,0,1.999,0,0,18,297,0,31,0
05-02 07:19:43,24.005,3.501,71.265,0.250,0,4276748,165196,164624,3350684,13292.858,1620.348,0,508.109,0,34.007,1727,2400,2.210,1.820,1.030,1,0,5.001,0,0,18,297,0,31,0
05-02 07:19:44,22.312,8.524,66.434,0.501,0,4226680,215040,164624,3350908,6656.412,1624.493,36.100,1239.428,2.006,151.419,4019,7147,2.210,1.820,1.030,2,0,172.477,0,0,18,297,0,29,0
05-02 07:19:45,9.745,21.490,67.718,0,0,4233576,208108,164624,3350944,8216.155,1619.242,0,1111.480,0,86.959,4739,8442,2.030,1.790,1.030,1,0,714.666,0,0,18,297,0,29,0
05-02 07:19:46,10.251,21.252,67.006,0.750,0,4234988,206664,164624,3350976,8752.797,1620.147,0,4500.410,0,485.044,4471,6114,2.030,1.790,1.030,1,0,523.048,0,0,18,297,0,26,0
05-02 07:19:47,9.997,23.242,66.728,0.250,0,4238588,203040,164628,3350996,9742.746,1619.459,0,835.721,0,56.981,4244,7209,2.030,1.790,1.030,1,0,583.805,0,0,18,297,0,26,0
05-02 07:19:48,10.753,19.756,67.522,0.750,0.500,4233592,208000,164628,3351032,7768.478,1620.517,0,2800.893,0,174.056,4309,7145,2.030,1.790,1.030,1,0,559.178,0,0,18,297,0,21,0
05-02 07:19:49,10.260,21.270,68.566,0,0,4233456,208100,164628,3351068,9094.704,1513.448,0,224.215,0,23.022,4287,7314,2.030,1.790,1.030,1,0,675.647,0,0,18,297,0,21,0
05-02 07:19:50,10.231,18.466,69.872,0,0.499,4244496,196952,164628,3351176,7877.615,1563.146,39.927,43.920,1.996,7.985,3769,6237,1.950,1.780,1.030,1,0,539.016,0,0,18,297,0,21,0
05-02 07:19:51,18.962,9.481,70.610,0,0,4265324,261288,165032,3274324,7453.228,1616.796,7.984,159.684,1.996,6.986,8811,16977,1.950,1.780,1.030,1,0,46.907,0,0,18,297,0,21,0
05-02 07:19:52,25.022,3.253,70.563,0,0,4283096,239220,165168,3278000,8701.727,1621.440,0,2366.101,0,10.009,1662,2424,1.950,1.780,1.030,1,0,7.006,0,0,18,297,0,19,0
05-02 07:19:53,7.503,0.250,91.031,0,0,4282780,239220,165168,3278284,21403.256,2770.939,0,180.061,0,3.001,1353,1929,1.950,1.780,1.030,0,0,0,0,0,18,298,0,19,0
05-02 07:19:54,6.000,1.750,89.747,0.750,0,4283120,238716,165180,3278436,19707.310,4133.855,151.995,511.982,12.000,47.998,1991,3237,1.950,1.780,1.030,2,0,0,0,0,18,298,0,19,0
05-02 07:19:55,8.503,1.000,88.034,0.500,0.250,4290304,231408,165192,3278516,12350.780,4899.896,24.009,700.271,3.001,53.021,1658,2548,1.790,1.750,1.020,0,0,0,0,0,18,298,0,19,0
05-02 07:19:56,5.249,1.000,92.231,0.500,0,4290280,231408,165204,3278528,14774.016,4216.148,0,1663.664,0,88.982,1452,2211,1.790,1.750,1.020,1,0,0,0,0,18,298,0,19,0
05-02 07:19:57,5.497,1.249,91.457,0.500,0,4290240,231408,165212,3278560,11617.586,4877.727,0,727.661,0,49.977,1529,2272,1.790,1.750,1.020,0,0,0,0,0,18,298,0,19,0
05-02 07:19:58,5.253,1.251,92.299,0.500,0.250,4291128,230400,165212,3278648,13456.213,4892.622,32.017,1877.006,4.002,89.048,1436,2168,1.790,1.750,1.020,0,0,0,0,0,18,298,0,19,0
05-02 07:19:59,5.742,0,92.368,0.250,0.250,4292060,229392,165220,3278716,12883.602,4870.046,0,387.447,0,11.983,1184,1807,1.790,1.750,1.020,0,0,0,0,0,18,298,0,19,0
05-02 07:20:00,4.991,0.998,92.834,0,0.250,4292848,228384,165220,3278936,13942.002,4059.721,0,259.535,0,9.982,1268,1933,1.650,1.720,1.020,0,1,0,0,0,18,298,0,19,0
05-02 07:20:01,20.052,5.765,73.691,0.251,0,4310376,210828,165220,3278964,12948.628,4264.074,513.333,1888.905,4.010,16.042,1537,2073,1.650,1.720,1.020,4,0,6.016,0,0,18,298,0,19,0
05-02 07:20:02,20.482,4.246,73.685,0.250,0,4317760,202416,165220,3279960,12963.514,4882.674,511.547,383.660,3.996,11.989,1754,2415,1.650,1.720,1.020,0,0,7.993,0,0,18,298,0,19,0
05-02 07:20:03,5.745,0.500,92.418,0,0,4318000,202164,165220,3279972,10486.646,4205.249,0,275.754,0,9.991,1212,1859,1.650,1.720,1.020,0,0,0,0,0,18,298,0,19,0
05-02 07:20:04,6.750,1.500,89.995,0.500,0,4318836,200980,165224,3280316,26202.402,5010.694,31.998,659.960,1.000,39.998,1698,2513,1.650,1.720,1.020,0,0,0,0,0,18,298,0,19,0
05-02 07:20:05,10.785,3.261,84.524,0.251,0,4336388,183412,165224,3283256,14165.841,4955.034,0,894.896,0,57.185,2210,4583,1.600,1.710,1.020,3,0,34.110,0,0,19,299,0,17,0
05-02 07:20:06,4.484,1.245,92.663,0.249,0.249,4313872,205828,165232,3280392,16724.091,3994.452,15.942,462.316,2.989,19.927,1300,2295,1.600,1.710,1.020,2,0,0,0,0,18,298,0,18,0
05-02 07:20:07,9.502,1.000,87.265,0.500,0,4314280,205380,165244,3280424,11632.943,4203.702,0,1364.228,0,201.034,1574,1988,1.600,1.710,1.020,1,0,0,0,0,18,298,0,15,0
05-02 07:20:08,8.256,0.751,90.070,0,0,4314376,205148,165244,3280560,11955.325,4946.859,0,256.200,0,9.007,1296,2012,1.600,1.710,1.020,0,0,0,0,0,18,298,0,15,0
05-02 07:20:09,9.761,2.002,86.849,0.501,0.250,4308136,197568,165264,3294360,14605.665,3300.766,416.475,444.507,16.018,11.013,1303,1946,1.600,1.710,1.020,1,0,0,0,0,18,298,0,15,0
05-02 07:20:10,23.236,3.998,71.956,0.999,0,4313812,169500,165708,3314120,7113.604,1618.999,0,2522.441,0,80.950,1680,2561,1.550,1.690,1.010,0,1,0,0,0,18,298,0,15,0
05-02 07:20:11,21.045,3.507,72.153,1.754,0.251,4333804,123636,166300,3337544,11386.082,1693.582,0,3479.359,0,159.337,1968,2973,1.550,1.690,1.010,1,0,0,0,0,18,298,0,15,0
05-02 07:20:12,22.908,4.980,69.470,1.743,0.249,4328076,152196,166964,3312984,6475.889,1679.229,0,6896.195,0,360.546,1972,2773,1.550,1.690,1.010,2,0,2.988,0,0,18,297,0,15,1
05-02 07:20:13,23.608,3.767,72.832,0,0,4283388,195280,167056,3314504,9573.637,1681.665,132.604,20.092,12.055,2.009,1515,2053,1.550,1.690,1.010,2,0,7.032,0,0,18,297,0,15,0
05-02 07:20:14,23.716,4.993,69.401,0.250,0,4257948,220308,167056,3314844,8715.624,1617.703,0,1078.469,0,17.974,10022,19793,1.550,1.690,1.010,1,0,11.983,0,0,18,297,0,15,0
05-02 07:20:15,22.762,7.004,68.285,0.250,0,4282812,195416,167056,3314864,24916.832,1512.779,0,1628.839,0,49.025,10133,19466,1.510,1.680,1.010,1,0,13.007,0,0,18,297,0,15,0
05-02 07:20:16,22.769,4.003,72.061,0,0,4235976,242256,167056,3314832,10836.157,1621.370,0,208.176,0,9.008,1729,2593,1.510,1.680,1.010,1,0,37.031,0,0,18,297,0,15,0
05-02 07:20:17,26.238,6.997,65.719,0.250,0.250,4270328,208124,167060,3314848,6510.966,1619.245,0,66261.122,0,240.888,8849,17037,1.510,1.680,1.010,1,0,22.989,0,0,18,297,0,15,0
05-02 07:20:18,22.938,6.233,69.064,0,0,4273072,205308,167060,3314916,14056.147,1615.649,0,406.904,0,23.936,9178,18194,1.510,1.680,1.010,1,0,16.954,0,0,18,297,0,15,0
05-02 07:20:19,24.006,5.501,69.518,0,0.250,4274000,204304,167060,3314992,11399.021,1620.429,0,108.029,0,8.002,8538,17053,1.510,1.680,1.010,1,0,13.003,0,0,18,297,0,15,0
05-02 07:20:20,22.989,3.998,71.964,0,0,4267228,211176,167060,3314892,6224.888,1619.190,0,7.996,0,1.999,1492,2107,1.460,1.670,1.010,1,0,9.995,0,0,18,297,0,15,0
05-02 07:20:21,24.544,2.254,72.630,0,0.250,4229216,249172,167060,3314908,15722.048,1568.799,0,0,0,0,1485,2188,1.460,1.670,1.010,1,0,19.034,0,0,18,297,0,15,0
05-02 07:20:22,20.714,8.236,68.630,0.499,0,4252820,211512,167432,3327160,8511.097,1509.357,0,531.070,0,67.881,10252,19521,1.460,1.670,1.010,1,0,84.851,0,0,18,297,0,15,0
05-02 07:20:23,25.030,3.254,71.586,0,0.250,4283556,176040,167668,3331008,10138.227,1621.956,0,40.048,0,1.001,1520,2112,1.460,1.670,1.010,1,0,4.005,0,0,18,297,0,15,0
05-02 07:20:24,7.004,0.750,90.551,0.250,0,4283428,175816,167688,3331304,32027.968,2771.555,4.002,1148.644,1.001,14.008,1389,2162,1.460,1.670,1.010,0,0,0,0,0,18,298,0,15,0
05-02 07:20:25,6.002,1.250,91.033,0.250,0,4284668,174556,167704,3331304,30519.957,4866.747,0,940.338,0,77.028,1828,2798,1.430,1.660,1.010,0,0,0,0,0,18,300,0,15,0
05-02 07:20:26,7.736,0.998,89.838,0.250,0,4287100,172036,167716,3331348,20522.040,4135.552,0,395.288,0,16.969,1236,1839,1.430,1.660,1.010,0,0,0,0,0,18,300,0,15,0
05-02 07:20:27,6.755,1.751,91.818,0.250,0,4287584,171532,167732,3331352,14326.659,4154.091,0,484.360,0,21.016,1344,2058,1.430,1.660,1.010,1,0,0,0,0,18,300,0,15,0
05-02 07:20:28,4.745,0.499,92.643,0.250,0.250,4287784,171280,167748,3331384,15138.515,4874.370,0,519.400,0,26.969,1201,1887,1.430,1.660,1.010,0,0,0,0,0,18,300,0,15,0
05-02 07:20:29,3.753,1.001,93.318,0.250,0.250,4289220,169808,167760,3331408,12214.966,3853.829,0,308.226,0,9.007,1173,1844,1.430,1.660,1.010,0,0,0,0,0,18,300,0,15,0
05-02 07:20:30,4.493,1.498,92.858,0.250,0.250,4290324,168548,167776,3331516,13023.127,4008.882,0,311.525,0,10.983,1257,1939,1.310,1.630,1.010,0,0,0,0,0,18,300,0,15,0
05-02 07:20:31,4.001,0.750,93.780,0,0,4291212,167580,167788,3331564,19372.122,4113.300,0,300.095,0,9.003,1206,1850,1.310,1.630,1.010,0,0,0,0,0,18,300,0,13,0
05-02 07:20:32,5.252,0.500,93.279,0.250,0,4292596,166104,167808,3331604,24837.849,3002.949,0,168.053,0,6.002,1316,2026,1.310,1.630,1.010,0,0,2.001,0,0,18,301,0,13,0
05-02 07:20:33,2.749,0.750,94.973,0,0.250,4292568,166104,167820,3331620,27323.240,3648.964,0,271.923,0,17.995,1360,2215,1.310,1.630,1.010,0,0,0,0,0,18,301,0,11,0
05-02 07:20:34,4.504,1.501,92.574,0.250,0,4293312,165124,167852,3331792,85683.204,3633.893,0,664.529,0,35.028,1515,2442,1.310,1.630,1.010,0,0,1.001,0,0,18,301,0,11,0
05-02 07:20:35,7.024,3.261,88.047,1.003,0,4294652,163612,167900,3331868,74726.829,5002.860,0,794.678,0,53.179,2133,3934,1.210,1.600,1,1,0,0,0,0,18,301,0,9,0
05-02 07:20:36,7.973,0.997,89.445,0.249,0.249,4296324,161596,167920,3332184,24640.901,4250.493,0,482.354,0,21.925,1620,2538,1.210,1.600,1,0,0,0,0,0,18,301,0,11,0
05-02 07:20:37,5.764,1.003,91.980,0.251,0.251,4306304,151544,167936,3332208,25691.357,4235.610,0,477.195,0,20.050,1288,1834,1.210,1.600,1,1,0,0,0,0,18,301,0,9,0
05-02 07:20:38,9.995,1.499,87.953,0,0,4309608,147524,167948,3332912,12597.311,4129.807,0,495.737,0,26.986,1355,2089,1.210,1.600,1,0,0,0,0,0,18,301,0,9,0
05-02 07:20:39,8.997,0.750,89.972,0.250,0,4309404,147524,167968,3333080,12082.206,5070.408,0,383.879,0,11.996,1270,1867,1.210,1.600,1,1,0,0,0,0,18,301,0,8,0
05-02 07:20:40,6.250,0.500,92.252,0.250,0,4309864,146768,167976,3333364,9670.164,4216.072,0,292.005,0,9.000,1200,1861,1.110,1.580,1,0,0,0,0,0,18,301,0,8,0
05-02 07:20:41,6.499,1.500,91.232,0.250,0,4312316,144248,167992,3333412,12232.602,5059.008,0,387.924,0,18.996,1169,1873,1.110,1.580,1,0,0,0,0,0,18,301,0,8,0
05-02 07:20:42,7.511,0.751,90.134,0.250,0.250,4314192,142316,168008,3333440,12256.250,4912.314,0,21948.682,0,53.079,1432,2116,1.110,1.580,1,0,0,2.003,0,0,18,301,0,6,0
05-02 07:20:43,7.986,1.248,89.842,0.499,0.250,4315332,141068,168024,3333484,11317.105,4195.624,0,1046.161,0,140.753,1489,1970,1.110,1.580,1,0,0,0,0,0,18,301,0,6,0
05-02 07:20:44,8.748,1.500,87.977,0.250,0,4321936,134264,168048,3333660,168787.946,7513.039,15.996,563.853,1.000,29.992,1837,2838,1.110,1.580,1,0,0,0,0,0,18,301,0,4,0
05-02 07:20:45,4.496,1.499,91.913,0.500,0.250,4321840,134264,168092,3333704,29797.692,4241.970,0,891.153,0,58.944,1643,2499,1.020,1.550,0.990,1,0,0,0,0,18,301,0,4,0
05-02 07:20:46,4.505,0.751,93.598,0.250,0,4321976,134012,168168,3333704,32933.613,4931.183,0,716.753,0,36.038,1305,1946,1.020,1.550,0.990,2,0,0,0,0,18,301,0,3,0
05-02 07:20:47,4.245,1.998,91.647,0.999,0.250,4322012,133788,168228,3333796,37714.759,5697.619,0,7587.502,0,274.692,2004,2605,1.020,1.550,0.990,0,0,0,0,0,18,301,0,3,0
05-02 07:20:48,4.249,1.000,92.977,0.250,0,4322300,133536,168260,3333808,38899.353,4331.926,0,699.826,0,38.990,1336,1996,1.020,1.550,0.990,0,0,0,0,0,18,301,0,3,0
05-02 07:20:49,4.000,1.250,93.493,0.250,0,4322604,133060,168316,3333888,97739.061,5561.605,0,491.965,0,23.998,1314,2028,1.020,1.550,0.990,1,0,0,0,0,18,301,0,3,0
05-02 07:20:50,4.251,1.000,93.519,0.250,0.250,4322560,132808,168384,3334080,54344.249,5209.078,0,592.123,0,24.005,1265,1952,0.940,1.530,0.980,0,0,1.000,0,0,18,301,0,3,0
05-02 07:20:51,4.999,1.250,91.740,0.500,0,4322776,132304,168428,3334280,26962.196,4972.483,0,443.954,0,20.998,1161,1827,0.940,1.530,0.980,0,0,0,0,0,18,301,0,3,0
05-02 07:20:52,10.011,0.751,88.348,0,0.250,4325016,130036,168436,3334296,11374.569,4259.707,0,248.274,0,9.010,1246,1907,0.940,1.530,0.980,0,0,2.002,0,0,18,301,0,3,0
05-02 07:20:53,12.246,2.499,84.475,0.250,0,4327816,118528,168460,3342932,11346.630,4147.768,0,13723.924,0,52.984,1479,2123,0.940,1.530,0.980,0,0,0,0,0,18,301,0,3,0
05-02 07:20:54,5.503,2.251,91.805,0,0.250,4313800,136736,168472,3338744,1836395.510,17872.759,0,1348.812,0,27.016,1918,2561,0.940,1.530,0.980,0,0,2.001,0,0,18,301,0,3,0
05-02 07:20:55,5.996,1.249,90.935,0.749,0.250,4316356,129204,168492,3343632,2506770.153,9171.433,0,3805.275,0,55.960,2452,3346,0.860,1.500,0.980,0,0,0,0,0,18,301,0,3,0
05-02 07:20:56,5.002,1.751,91.783,0.250,0,4313316,127692,168504,3348172,2442401.495,13984.979,0,428.152,0,27.010,1903,2431,0.860,1.500,0.980,1,0,1.000,0,0,18,301,0,3,0
05-02 07:20:57,5.497,1.249,91.442,0.250,0,4308816,139976,168504,3340532,3618022.646,14283.002,0,191.879,0,16.989,2012,2122,0.860,1.500,0.980,0,0,0,0,0,18,301,0,3,0
05-02 07:20:58,4.000,1.250,92.756,0,0.250,4308968,133720,168504,3346612,3101294.685,11322.747,0,3296.218,0,8.001,1858,1934,0.860,1.500,0.980,0,0,0,0,0,18,301,0,3,0
05-02 07:20:59,4.004,2.252,92.088,0.500,0,4315408,136520,168528,3337392,2663381.183,12647.129,0,12031.538,0,52.050,2282,3096,0.860,1.500,0.980,0,0,1.001,0,0,18,301,0,3,0
05-02 07:21:00,4.743,1.248,92.356,0.749,0.250,4308372,136520,168572,3344348,1830055.284,12749.099,758.815,2148.646,126.802,18.970,1853,2206,0.790,1.470,0.970,0,0,2.995,0,0,18,301,0,3,0
05-02 07:21:01,18.502,5.251,74.758,0.750,0,4325384,125076,168616,3338772,406047.823,4418.455,872.090,13253.365,63.006,300.031,1976,2455,0.790,1.470,0.970,2,0,10.001,0,0,18,301,0,3,0
05-02 07:21:02,34.804,7.512,56.087,0.751,0,4326728,132568,169080,3328172,6375.908,1514.353,516.803,1698.640,5.008,66.103,1988,2633,0.790,1.470,0.970,1,0,8.012,0,0,18,301,0,3,0
05-02 07:21:03,19.784,6.762,70.372,2.003,0,4322092,124548,171812,3334292,10540.245,1622.809,0,51208.642,0,365.633,2364,3081,0.790,1.470,0.970,1,0,0,0,0,18,301,0,3,0
05-02 07:21:04,23.480,4.246,70.189,1.249,0,4339032,138588,172544,3301632,7665.392,1564.651,0,4480.138,0,199.828,2123,3252,0.790,1.470,0.970,1,0,0,0,0,18,301,0,3,0
05-02 07:21:05,21.750,4.250,71.252,1.000,0.250,4339028,125560,173508,3310924,7024.155,1620.036,0,2888.064,0,124.003,1877,2907,0.810,1.470,0.970,2,0,0,0,0,18,301,0,3,0
05-02 07:21:06,28.253,6.251,64.507,0.250,0,4330024,138476,174816,3303736,8004.873,1620.177,0,2204.240,0,53.006,2621,4444,0.810,1.470,0.970,3,0,34.004,0,0,18,301,0,3,0
05-02 07:21:07,18.963,5.489,74.605,0.749,0.250,4336068,134444,175852,3298684,7305.834,1732.640,0,2483.185,0,90.824,1750,2511,0.810,1.470,0.970,1,0,0.998,0,0,18,301,1,3,0
05-02 07:21:08,4.749,0.750,93.738,0.250,0,4336012,134696,175852,3298556,12704.348,3486.547,0,479.938,0,13.998,1206,1916,0.810,1.470,0.970,0,0,0,0,0,18,302,0,3,0
05-02 07:21:09,20.518,2.502,75.567,0.250,0,4267452,236656,175852,3265304,21975.382,2101.854,64.056,132.117,6.005,11.010,1485,1998,0.810,1.470,0.970,2,0,5.004,0,0,18,299,0,3,0
05-02 07:21:10,22.501,7.750,69.502,0,0.250,4287340,214988,175948,3266968,10544.274,1620.042,0,0,0,0,8651,17489,0.910,1.480,0.980,1,0,14.000,0,0,18,299,0,3,0
05-02 07:21:11,24.482,1.749,72.447,0,0,4286908,215268,175952,3267112,8991.445,1564.859,0,79.942,0,0.999,1357,1902,0.910,1.480,0.980,2,0,0.999,0,0,18,299,0,3,0
05-02 07:21:12,22.753,6.751,68.758,0,0.250,4283048,219048,175952,3267188,10269.160,1620.183,0,104.012,0,7.001,9223,18353,0.910,1.480,0.980,2,0,14.002,0,0,18,299,0,3,0
05-02 07:21:13,24.343,3.764,72.275,0.251,0,4277680,223048,176320,3267944,9722.947,1626.179,417.587,385.465,10.038,73.278,1538,2132,0.910,1.480,0.980,1,0,7.027,0,0,18,299,0,3,0
05-02 07:21:14,24.967,3.246,68.909,0.499,0,4292824,204736,176588,3270344,7060.666,1617.861,790.954,4106.571,32.956,96.872,3798,7532,0.910,1.480,0.980,1,0,0,0,0,18,302,0,7,0
05-02 07:21:15,23.509,9.003,65.525,1.501,0,4237664,259104,176588,3271116,7954.991,1620.609,472.178,3493.313,22.008,302.114,5506,9294,0.830,1.450,0.970,2,0,148.056,0,0,18,301,0,11,0
05-02 07:21:16,11.959,16.693,70.011,0.498,0.249,4240544,254676,176588,3272664,7528.351,1506.866,1522.812,976.672,46.840,59.796,3177,4772,0.830,1.450,0.970,1,0,291.009,0,0,18,301,0,13,0
05-02 07:21:17,10.497,3.999,82.728,0,0.250,4236432,258268,176596,3273152,6281.367,2470.358,475.876,1871.513,22.994,28.992,1778,2704,0.830,1.450,0.970,0,0,13.996,0,0,18,302,0,13,0
05-02 07:21:18,3.249,1.250,94.469,0.750,0.250,4236388,258244,176596,3273216,13237.658,3090.986,0,1735.431,0,105.965,1542,2475,0.830,1.450,0.970,1,0,0,0,0,18,302,0,13,0
05-02 07:21:19,2.750,1.000,94.756,0.500,0.250,4236476,258156,176596,3273216,108644.953,3833.245,0,1512.097,0,241.015,1294,1817,0.830,1.450,0.970,0,0,2.000,0,0,18,302,0,13,0
05-02 07:21:20,5.750,2.000,91.245,0,0,4219808,274092,176628,3273912,247552.375,129071.417,267.986,1019.948,5.000,22.999,1570,2222,0.850,1.440,0.980,0,0,11.999,0,0,18,301,0,13,0
05-02 07:21:21,1.751,1.501,96.533,0,0,4219808,274092,176628,3273912,16791.659,1620.546,0,4.001,0,1.000,1035,1654,0.850,1.440,0.980,0,0,0,0,0,18,301,0,13,0
05-02 07:21:22,1.750,0.500,95.981,0,0,4220052,273844,176628,3273916,11243.751,1619.676,0,0,0,0,1045,1779,0.850,1.440,0.980,0,0,2.000,0,0,18,301,0,13,0
05-02 07:21:23,2.999,0.750,95.982,0,0,4220052,273844,176628,3273916,7496.598,1511.717,0,35.993,0,1.000,1139,1881,0.850,1.440,0.980,0,0,0,0,0,18,301,0,13,0
05-02 07:21:24,1.752,0.751,95.835,0,0,4220052,273844,176628,3273916,6411.719,1621.446,0,0,0,0,1066,1786,0.850,1.440,0.980,0,0,0,0,0,18,301,0,13,0
05-02 07:21:25,4.001,1.000,92.767,0.750,0,4220032,273844,176628,3273932,6779.234,1620.295,4.001,624.114,1.000,65.012,1944,3213,0.780,1.420,0.970,0,0,0,0,0,18,301,0,13,0
05-02 07:21:26,2.248,0.499,95.900,0,0,4220032,273844,176628,3273932,11026.466,1564.364,0,459.519,0,27.971,1158,1814,0.780,1.420,0.970,0,0,0,0,0,18,301,0,13,0
05-02 07:21:27,2.500,1.000,95.243,0.250,0.500,4220024,273844,176628,3273940,20570.437,1619.877,0,167.987,0,23.998,1312,1959,0.780,1.420,0.970,0,0,0,0,0,18,301,0,13,0
05-02 07:21:28,1.251,0.751,96.354,0,0.501,4220020,273844,176628,3273944,11644.611,1621.756,0,0,0,0,1039,1742,0.780,1.420,0.970,0,0,0,0,0,18,301,0,13,0
05-02 07:21:29,3.250,0.500,96.490,0,0,4220020,273844,176628,3273944,7305.248,1619.833,0,0,0,0,1043,1699,0.780,1.420,0.970,0,0,0,0,0,18,301,0,13,0
05-02 07:21:30,1.999,0.500,95.681,0,0,4220020,273844,176628,3273944,9383.188,1510.903,0,0,0,0,1184,1818,0.720,1.390,0.960,0,0,0,0,0,18,301,0,13,0
05-02 07:21:31,1.500,0.750,96.528,0,0,4220020,273844,176628,3273944,23434.679,1620.462,0,0,0,0,1132,1662,0.720,1.390,0.960,0,0,0,0,0,18,301,0,13,0
05-02 07:21:32,2.249,0.750,95.470,0,0,4220020,273844,176628,3273944,8749.296,1619.500,0,23.993,0,1.999,1227,1980,0.720,1.390,0.960,0,0,1.999,0,0,18,301,0,13,0
05-02 07:21:33,2.000,0.500,96.503,0,0,4220020,273844,176628,3273944,13988.476,1566.053,0,4.000,0,1.000,1048,1712,0.720,1.390,0.960,1,0,0,0,0,18,301,0,13,0
05-02 07:21:34,2.501,1.500,94.271,0.750,0,4220604,273260,176628,3273944,6941.583,1620.369,0,27662.307,0,395.090,1403,1873,0.720,1.390,0.960,1,0,0,0,0,18,301,0,13,0
05-02 07:21:35,3.499,1.000,93.978,0.250,0,4220748,273260,176628,3273956,10483.547,1619.621,0,623.854,0,29.993,1625,2774,0.660,1.370,0.960,0,0,0,0,0,18,301,0,13,0
05-02 07:21:36,3.512,1.004,93.581,0.251,0.251,4220744,273260,176632,3273956,7462.432,1517.375,0,493.749,0,40.142,1616,2848,0.660,1.370,0.960,2,0,0,0,0,18,301,0,13,0
05-02 07:21:37,5.733,0.499,92.227,0,0,4220624,273260,176632,3274076,11338.483,1615.225,0,0,0,0,1825,3203,0.660,1.370,0.960,0,0,0,0,0,18,301,0,13,0
05-02 07:21:38,3.501,1.250,95.780,0,0.500,4220624,273260,176632,3274076,7480.341,1620.507,0,0,0,0,1268,2091,0.660,1.370,0.960,0,0,0,0,0,18,301,0,13,0
05-02 07:21:39,2.249,3.748,91.962,1.000,0.250,4221952,271896,176636,3274084,13538.368,1619.326,0,108358.923,0,329.863,1845,2629,0.660,1.370,0.960,0,0,0,0,0,18,301,0,13,0
05-02 07:21:40,2.248,0.999,96.179,0,0,4221952,271896,176636,3274084,6205.427,1564.847,0,475.649,0,85.937,1219,1717,0.610,1.350,0.950,0,0,0,0,0,18,301,0,13,0
05-02 07:21:41,2.251,0.500,96.042,0.250,0,4221952,271896,176636,3274084,8167.553,1620.705,0,1584.689,0,5.002,1021,1715,0.610,1.350,0.950,0,0,0,0,0,18,301,0,13,0
05-02 07:21:42,3.749,1.250,95.472,0,0,4221952,271896,176636,3274084,20939.927,1619.530,0,3.999,0,1.000,1265,1822,0.610,1.350,0.950,1,0,1.999,0,0,18,301,0,13,0
05-02 07:21:43,1.500,0.250,96.259,0,0,4221948,271896,176636,3274088,9982.888,1512.135,0,0,0,0,1077,1728,0.610,1.350,0.950,0,0,0,0,0,18,301,0,13,0
05-02 07:21:44,2.251,1.251,95.558,0,0,4222816,271000,176636,3274088,8062.910,1620.987,0,3894.372,0,15.009,1152,1845,0.610,1.350,0.950,0,0,0,0,0,18,301,0,13,0
05-02 07:21:45,2.999,1.500,93.981,0,0.250,4222776,271000,176636,3274128,7319.492,1619.666,31.993,455.906,1.000,26.994,1677,2787,0.560,1.330,0.950,0,0,0,0,0,18,301,0,13,0
05-02 07:21:46,1.499,0.500,95.963,0.500,0,4222776,271000,176636,3274128,8685.682,1619.381,0,427.837,0,31.988,1157,1877,0.560,1.330,0.950,0,0,0,0,0,18,301,0,13,0
05-02 07:21:47,3.250,0.750,93.991,0,0.250,4222772,271000,176636,3274132,10562.965,1565.847,0,171.983,0,20.998,1625,2502,0.560,1.330,0.950,0,0,0,0,0,18,301,0,13,0
05-02 07:21:48,2.249,1.499,96.209,0.250,0.250,4222768,271000,176636,3274136,10115.711,1619.313,0,199.915,0,14.994,1137,1746,0.560,1.330,0.950,0,0,0,0,0,18,301,0,13,0
05-02 07:21:49,2.002,0.501,96.369,0,0,4222760,271000,176636,3274144,6435.968,1622.008,0,20.025,0,3.004,1037,1733,0.560,1.330,0.950,0,0,0,0,0,18,301,0,13,0
05-02 07:21:50,1.500,1.000,96.013,0,0.250,4222760,271000,176636,3274144,7425.002,1026.139,0,0,0,0,1111,1789,0.750,1.350,0.960,0,0,0,0,0,18,301,0,13,0
05-02 07:21:51,7.741,1.498,89.643,0,0,4223904,269608,176656,3274372,223558.177,2748.707,239.713,99.880,6.992,4.994,1313,2006,0.750,1.350,0.960,1,0,6.992,0,0,18,301,0,13,0
05-02 07:21:52,10.262,5.506,82.097,0.751,0,4222820,270428,176684,3274604,246231.568,11135.095,220.259,2911.424,11.013,137.161,2233,2893,0.750,1.350,0.960,0,0,38.045,0,0,18,301,0,13,0
