"pcp-dstat 5.3.6 CSV Output"
"Author:","PCP team <pcp@groups.io> and Dag Wieers <dag@wieers.com>",,,,"URL:","https://pcp.io/ and http://dag.wieers.com/home-made/dstat/"
"Host:","ubuntu",,,,"User:","ubuntu"
"Cmdline:","dstat -tcmndrylpg --tcp --output /tmp/devstack_logs/dstat-csv.log",,,,"Date:","10 Apr 2025 19:28:28 UTC"
"system","total usage",,,,,"memory usage",,,,"net/total",,"dsk/total",,"io/total",,"system",,"load avg",,,"procs",,,"paging",,"tcp sockets",,,,
"time","total usage:usr","total usage:sys","total usage:idl","total usage:wai","total usage:stl","used","free","buf","cach","net/total:recv","net/total:send","dsk/total:read","dsk/total:writ","read","writ","int","csw","1m","5m","15m","run","blk","new","in","out","lis","act","syn","tim","clo"
10-04 19:28:28,,1003620,2030300,162604,4619924,,,,,,,1.420,0.870,0.530,5,0,,,,9,4,3,16,2
10-04 19:28:29,38.673,18.463,41.168,0.250,0,1027712,2006120,162628,4619984,61335.066,11652.834,0,2299.429,0,145.710,4296,6587,1.420,0.870,0.530,4,0,568.869,0,0,9,4,3,16,2
10-04 19:28:30,26.515,19.261,53.030,0.250,0,1036572,1986956,162680,4630108,855178.742,34428.555,0,5467.105,0,88.050,4755,7492,1.470,0.890,0.540,2,0,371.211,0,0,9,6,3,16,2
10-04 19:28:31,28.205,12.730,57.907,0.749,0.250,1143804,1872288,162696,4762036,1765695.995,38039.794,0,3278.725,0,43.929,5480,9739,1.470,0.890,0.540,3,0,88.857,0,0,10,4,3,16,2
10-04 19:28:32,58.503,12.501,27.752,0.750,0,1168512,1828300,163028,4778408,10017.551,2676.147,80.004,3208.176,1.000,118.006,2774,3700,1.470,0.890,0.540,3,0,193.011,0,0,10,7,3,16,2
10-04 19:28:33,47.557,10.012,40.298,2.253,0,1194656,1765588,164208,4810136,1303207.333,20159.090,212.254,8281.897,13.016,205.245,3466,4264,1.470,0.890,0.540,4,0,99.118,0,0,10,6,3,18,2
10-04 19:28:34,63.562,5.756,30.780,0.250,0,1266460,1685356,165164,4815360,18529.047,4363.250,152.148,4856.730,4.004,118.115,2189,2484,1.470,0.890,0.540,3,0,2.002,0,0,10,6,3,18,0
10-04 19:28:35,37.348,7.470,37.597,14.441,0.249,1267112,1676216,165904,4823128,491038.909,15278.922,386.430,34543.649,2.988,3264.735,14217,25773,1.590,0.920,0.550,4,0,61.749,0,0,10,8,4,18,0
10-04 19:28:36,38.634,10.788,40.641,9.533,0,1165652,1772468,166372,4827660,920712.078,42481.837,0,36908.441,0,2745.555,21075,35445,1.590,0.920,0.550,2,0,105.367,0,0,10,6,4,18,0
10-04 19:28:37,62.947,9.242,26.727,0,0.250,1196732,1740568,166396,4828312,56134.566,2789.643,0,3445.089,0,70.940,10418,19527,1.590,0.920,0.550,3,0,16.986,0,0,10,4,4,18,0
10-04 19:28:38,61.047,6.755,30.524,1.751,0.250,1163820,1773460,166444,4828232,12447.597,4751.664,0,7401.707,0,423.326,2847,3255,1.590,0.920,0.550,2,0,25.019,0,0,10,6,4,18,0
10-04 19:28:39,32.682,3.992,62.120,0,0,1205524,1730716,166444,4829272,1009044.134,30559.253,0,351.267,0,23.950,2674,2319,1.590,0.920,0.550,1,0,51.892,0,0,10,6,4,18,0
10-04 19:28:40,21.011,9.505,68.536,0.250,0,1063348,1871724,166448,4830372,474560.568,14419.614,0,3413.802,0,101.053,2614,2785,1.550,0.920,0.550,1,0,142.075,0,0,10,4,4,12,0
10-04 19:28:41,9.266,18.532,69.872,0,0.250,1066296,1868728,166448,4830408,4572.015,1514.655,0,300.527,0,10.018,2857,4402,1.550,0.920,0.550,2,0,382.671,0,0,10,4,4,12,0
10-04 19:28:42,15.497,16.247,66.738,0,0.250,1070984,1863832,166448,4830776,11590.902,1639.703,0,19.996,0,4.999,4974,8732,1.550,0.920,0.550,1,0,260.953,0,0,10,4,4,12,0
10-04 19:28:43,40.682,11.231,47.420,0.250,0.250,1180284,1750012,166448,4835404,11218.176,1645.239,4264.844,7.987,47.920,0.998,2386,3211,1.550,0.920,0.550,2,0,133.776,0,0,10,5,4,12,0
10-04 19:28:44,47.726,2.998,48.725,0,0,1242680,1686116,166500,4836960,12565.592,1565.202,587.700,555.717,8.995,55.971,1355,1267,1.550,0.920,0.550,2,0,0,0,0,10,5,4,12,0
10-04 19:28:45,23.510,8.253,68.278,0,0,1262984,1663336,166564,4838836,8329.457,1620.673,0,1520.631,0,92.038,1906,5675,1.580,0.940,0.560,0,0,118.049,0,0,10,4,4,12,0
10-04 19:28:46,8.748,3.999,85.235,1.500,0.250,1290456,1635928,166588,4838852,5092.104,1457.743,0,29374.830,0,594.895,2309,2156,1.580,0.940,0.560,1,0,21.996,0,0,10,4,4,12,0
10-04 19:28:47,22.999,2.250,73.496,0,0,1350748,1575700,166588,4838856,12684.340,1619.916,0,135.993,0,4.000,1007,1122,1.580,0.940,0.560,1,0,2.000,0,0,10,4,4,12,0
10-04 19:28:48,22.802,2.255,72.164,1.503,0,1368644,1557556,166636,4839048,12692.787,1623.683,0,1788.055,0,213.484,2940,4890,1.580,0.940,0.560,1,0,1.002,0,0,10,4,3,14,0
10-04 19:28:49,22.457,3.743,73.360,0,0,1322224,1603752,166636,4839272,11347.270,1509.110,35.931,0,2.994,0,1203,1517,1.580,0.940,0.560,1,0,43.916,0,0,10,4,3,14,0
10-04 19:28:50,21.753,5.001,72.009,1.000,0,1296868,1628644,166636,4839568,6201.763,1566.193,240.030,1768.217,60.007,22.003,2092,3205,1.540,0.940,0.560,1,0,46.006,0,0,10,28,3,14,0
10-04 19:28:51,24.042,3.757,72.877,0,0,1346732,1578888,166636,4839596,11143.490,1771.098,0,32741.264,0,77.135,1453,1979,1.540,0.940,0.560,1,0,3.005,0,0,10,28,3,14,0
10-04 19:28:52,31.494,10.998,55.989,0,0.250,1364116,1561452,166636,4839604,7961.368,1511.690,0,11.998,0,2.999,1865,2386,1.540,0.940,0.560,2,0,159.967,0,0,10,28,3,14,0
10-04 19:28:53,48.221,9.244,42.974,0,0,1353596,1571524,166644,4840000,4292.429,1565.063,0,1187.289,0,21.987,5090,11743,1.540,0.940,0.560,2,0,92.944,0,0,10,28,3,17,0
10-04 19:28:54,76.320,17.766,5.505,0,0,1507908,1417184,166644,4840028,9827.021,1621.489,0,40.037,0,10.009,2448,4097,1.540,0.940,0.560,7,0,423.389,0,0,10,28,3,17,0
10-04 19:28:55,83.727,11.747,3.499,0,0,1564744,1359976,166652,4840312,13388.358,1511.589,0,275.925,0,29.992,5479,12468,1.890,1.030,0.590,8,0,140.962,0,0,10,28,3,16,0
10-04 19:28:56,45.207,9.741,44.457,0,0.250,1305160,1619408,166652,4840436,9711.657,1564.495,0,3077.040,0,35.965,3002,6291,1.890,1.030,0.590,2,0,221.787,0,0,10,28,3,16,0
10-04 19:28:57,20.237,5.746,72.953,0,0.250,1359808,1564752,166652,4840444,11989.279,1618.957,0,327.789,0,15.990,1368,2023,1.890,1.030,0.590,1,0,56.963,0,0,10,29,3,15,0
10-04 19:28:58,20.740,5.497,72.715,0.500,0,1335164,1589376,166652,4840464,11709.391,1457.302,0,383.816,0,28.986,2066,3725,1.890,1.030,0.590,1,0,69.966,0,0,10,28,3,15,0
10-04 19:28:59,22.794,4.759,72.391,0.250,0,1301172,1623352,166664,4840468,11944.291,1623.165,0,416.813,0,39.076,2279,3917,1.890,1.030,0.590,1,0,70.137,0,0,10,28,3,14,0
10-04 19:29:00,25.263,25.763,48.524,0,0,1365000,1559504,166664,4840488,9301.669,1512.759,0,2689.350,0,41.021,3727,6404,1.900,1.040,0.600,6,0,904.454,0,0,10,28,3,14,0
10-04 19:29:01,86.744,10.499,1.000,0,0.250,1574568,1349868,166664,4840536,5057.626,1565.884,0,1543.886,0,18.999,3038,5726,1.900,1.040,0.600,7,0,74.994,0,0,10,30,3,14,0
10-04 19:29:02,84.254,8.750,7.250,0.250,0.250,1492136,1431756,166680,4841060,12125.534,1620.071,0,720.032,0,81.004,7184,16466,1.900,1.040,0.600,5,0,92.004,0,0,10,28,3,17,0
10-04 19:29:03,82.011,15.455,1.994,0,0,1546704,1376968,166684,4841268,13689.055,1615.287,0,362.941,0,21.936,4001,8152,1.900,1.040,0.600,7,0,225.342,0,0,10,28,3,17,0
10-04 19:29:04,82.489,11.784,4.262,0,0.251,1486840,1436576,166684,4841520,5163.955,1624.705,0,292.848,0,19.055,4784,10884,1.900,1.040,0.600,5,0,151.439,0,0,10,29,3,19,0
10-04 19:29:05,45.390,9.726,42.646,0.249,0,1366324,1556848,166712,4841724,11321.477,1616.071,0,857.914,0,54.867,3969,8372,1.990,1.080,0.610,3,0,154.624,0,0,10,28,3,19,0
10-04 19:29:06,44.359,8.020,47.115,0,0.251,1373964,1549276,166728,4841720,8557.950,1623.975,0,68535.776,0,205.503,3374,6428,1.990,1.080,0.610,5,0,36.088,0,0,10,29,3,19,0
10-04 19:29:07,57.985,17.246,23.494,0,0,1469404,1453604,166728,4841788,13256.567,1585.589,0,843.781,0,23.994,2555,4366,1.990,1.080,0.610,5,0,347.910,0,0,10,29,3,19,0
10-04 19:29:08,59.515,12.503,26.757,0.250,0,1353168,1569564,166732,4842060,12553.113,1566.388,0,456.113,0,51.013,4965,11822,1.990,1.080,0.610,5,0,258.064,0,0,10,28,3,20,0
10-04 19:29:09,86.251,9.750,3.000,0,0,1552576,1369980,166736,4842232,5461.071,1620.021,0,208.003,0,8.000,2445,4818,1.990,1.080,0.610,4,0,8.000,0,0,10,32,3,20,0
10-04 19:29:10,60.998,15.000,23.249,0,0.250,1398324,1524168,166768,4842264,11924.642,1619.951,0,507.985,0,45.999,4502,10962,2.070,1.110,0.630,4,0,329.990,0,0,10,28,3,23,0
10-04 19:29:11,62.424,6.992,29.464,0,0.250,1488308,1433980,166796,4842432,5044.881,1456.234,0,10651.080,0,241.707,4713,8413,2.070,1.110,0.630,3,0,0.999,0,0,10,31,3,24,0
10-04 19:29:12,60.673,15.980,22.472,0.250,0.250,1441748,1480368,166808,4842592,9154.411,1659.899,0,679.140,0,53.932,3436,6262,2.070,1.110,0.630,3,0,304.614,0,0,10,28,3,24,0
10-04 19:29:13,57.143,14.035,27.820,0,0.251,1316088,1605820,166812,4842788,11830.588,1624.062,0,332.832,0,28.070,4780,10790,2.070,1.110,0.630,5,0,250.627,0,0,10,28,3,27,0
10-04 19:29:14,66.492,8.999,24.247,0.250,0,1493204,1428668,166812,4842824,11139.686,1499.823,0,263.969,0,13.998,1873,2548,2.070,1.110,0.630,4,0,42.995,0,0,10,28,3,27,0
10-04 19:29:15,61.545,10.258,27.270,0,0,1406388,1514792,166832,4843500,11890.728,1695.244,0,488.358,0,41.030,4779,9732,2.150,1.140,0.640,4,0,118.087,0,0,10,28,3,29,0
10-04 19:29:16,63.984,11.497,24.494,0.250,0,1438716,1482280,166844,4843672,11674.070,1639.588,0,5394.646,0,405.898,4779,8604,2.150,1.140,0.640,5,0,119.970,0,0,10,29,3,30,0
10-04 19:29:17,80.944,16.239,2.248,0,0,1527052,1393928,166848,4843748,5137.414,1510.945,0,367.743,0,25.982,2619,4597,2.150,1.140,0.640,7,0,338.764,0,0,10,28,3,27,0
10-04 19:29:18,78.500,18.750,2.000,0,0,1475596,1445016,166868,4844096,11571.069,1694.010,0,1116.007,0,53.000,4375,9522,2.150,1.140,0.640,7,0,317.002,0,0,10,28,3,27,0
10-04 19:29:19,80.505,18.001,1.250,0,0.250,1533560,1386980,166888,4844140,8851.496,1512.085,0,524.029,0,37.002,3520,6228,2.150,1.140,0.640,6,0,207.012,0,0,10,29,3,28,0
10-04 19:29:20,78.479,17.495,3.999,0,0.250,1547612,1372696,166888,4844372,6276.356,1565.590,0,259.932,0,15.996,5208,10101,2.450,1.220,0.670,6,0,265.930,0,0,10,30,3,28,0
10-04 19:29:21,54.271,24.760,21.258,0,0.250,1315516,1604552,166888,4844612,12246.813,1620.637,0,240.094,0,14.006,5815,14214,2.450,1.220,0.670,2,0,635.250,0,0,10,28,3,28,0
10-04 19:29:22,10.228,19.708,68.103,0.249,0.249,1311512,1608492,166896,4844644,8443.804,1690.357,0,598.710,0,13.970,2912,4020,2.450,1.220,0.670,1,0,470.985,0,0,10,28,3,28,0
10-04 19:29:23,18.555,24.322,56.668,0,0,1336000,1583980,166896,4844668,11777.922,1570.657,0,212.630,0,16.048,3487,5382,2.450,1.220,0.670,6,0,662.966,0,0,10,28,3,28,0
10-04 19:29:24,80.199,17.489,2.498,0,0.250,1528012,1391916,166908,4844708,9933.662,1511.036,0,775.505,0,45.971,3074,6460,2.450,1.220,0.670,5,0,473.698,0,0,10,29,3,28,0
10-04 19:29:25,80.241,14.248,5.249,0,0,1415044,1504640,166940,4844920,8472.043,1619.817,0,1247.859,0,98.989,5137,12039,2.580,1.270,0.690,5,0,273.969,0,0,10,28,3,27,0
10-04 19:29:26,76.749,9.500,12.750,0,0,1545516,1373908,166944,4845172,12639.798,1565.975,0,123.998,0,8.000,4170,10112,2.580,1.270,0.690,4,0,2.000,0,0,10,31,3,29,0
10-04 19:29:27,56.503,6.750,35.752,0,0,1509680,1409332,166948,4845576,9800.500,1512.077,0,240.012,0,17.001,9451,19868,2.580,1.270,0.690,4,0,32.002,0,0,10,31,3,40,0
10-04 19:29:28,84.251,11.217,4.736,0.249,0.249,1507448,1411532,166956,4845596,12114.263,1615.235,0,426.741,0,44.868,3432,8020,2.580,1.270,0.690,5,0,95.718,0,0,10,29,3,41,0
10-04 19:29:29,66.688,9.527,23.316,0,0.251,1490628,1428020,166960,4845912,10426.455,1570.436,0,116.329,0,8.023,4706,15743,2.580,1.270,0.690,4,0,22.062,0,0,10,31,3,44,0
10-04 19:29:30,70.508,15.002,13.501,0,0,1423124,1495380,166964,4846048,18037.966,1586.173,0,188.020,0,9.001,5537,12727,2.770,1.330,0.710,5,0,257.028,0,0,10,29,3,49,0
10-04 19:29:31,82.996,8.000,8.250,0,0.250,1550120,1367896,166968,4846524,9162.597,1619.929,0,203.991,0,19.999,4095,11442,2.770,1.330,0.710,6,0,5.000,0,0,10,29,3,50,0
10-04 19:29:32,83.205,12.743,3.498,0,0,1499784,1418176,166972,4846572,7746.778,1565.147,0,4877.342,0,143.922,3370,5583,2.770,1.330,0.710,4,0,139.924,0,0,10,28,3,51,0
10-04 19:29:33,76.569,16.515,6.506,0,0,1436848,1480904,166980,4846768,5513.974,1555.403,0,432.390,0,50.045,5080,11783,2.770,1.330,0.710,6,0,182.164,0,0,10,29,3,52,0
10-04 19:29:34,82.680,12.203,4.234,0,0.249,1540612,1377076,166980,4846824,12812.403,1613.753,0,159.383,0,9.961,3795,7635,2.770,1.330,0.710,5,0,64.749,0,0,10,30,3,51,0
10-04 19:29:35,80.005,14.045,5.267,0,0,1457168,1460304,166980,4847032,12099.634,1462.670,0,128.410,0,8.026,2357,8530,2.870,1.370,0.730,5,0,169.541,0,0,10,28,3,51,0
10-04 19:29:36,82.012,9.251,8.001,0,0,1504336,1412844,167004,4847296,12178.802,1620.240,0,444.066,0,48.007,3964,11836,2.870,1.370,0.730,6,0,74.011,0,0,10,29,3,51,0
10-04 19:29:37,65.769,12.504,21.506,0.250,0.250,1476308,1440744,167008,4847416,13874.093,1620.478,0,1920.567,0,31.009,2565,4238,2.870,1.370,0.730,4,0,200.059,0,0,10,29,3,51,0
10-04 19:29:38,59.994,13.749,26.747,0,0.250,1380312,1536540,167012,4847588,14270.544,1619.835,0,327.967,0,24.997,4900,10915,2.870,1.370,0.730,4,0,244.975,0,0,10,28,3,51,0
10-04 19:29:39,63.500,10.250,25.750,0,0.250,1441892,1474432,167016,4848068,10840.935,1619.990,0,299.998,0,19.000,3564,6785,2.870,1.370,0.730,4,0,86.999,0,0,10,29,3,51,1
10-04 19:29:40,43.981,6.247,48.230,0.250,0,1394432,1521700,167036,4848236,6040.433,1693.280,0,387.835,0,33.986,3662,6585,2.960,1.420,0.750,2,0,78.966,0,0,10,28,3,53,0
10-04 19:29:41,44.767,5.752,48.769,0,0,1336108,1579972,167040,4848280,4801.863,1458.566,0,272.106,0,25.010,2478,6480,2.960,1.420,0.750,3,0,40.016,0,0,10,28,3,53,0
10-04 19:29:42,46.236,4.749,48.986,0,0,1435972,1479956,167044,4848428,12861.193,1619.521,0,391.884,0,15.995,1729,3149,2.960,1.420,0.750,5,0,3.999,0,0,10,30,3,53,0
10-04 19:29:43,42.639,7.231,48.872,0.249,0,1417480,1498416,167052,4848452,8875.799,1709.531,0,339.114,0,30.919,2026,3882,2.960,1.420,0.750,3,0,68.820,0,0,10,28,3,53,0
10-04 19:29:44,41.354,10.526,47.369,0,0,1334340,1581364,167052,4848632,13503.935,1461.673,0,288.726,0,28.071,4493,8673,2.960,1.420,0.750,4,0,223.562,0,0,10,28,3,53,0
10-04 19:29:45,44.518,6.503,48.270,0,0.250,1434260,1481420,167052,4848656,8468.447,1662.677,0,248.101,0,15.006,2456,3647,2.890,1.430,0.750,3,0,108.044,0,0,10,29,3,53,0
10-04 19:29:46,35.186,10.231,54.152,0,0.250,1344168,1571464,167076,4848680,12051.187,1617.073,0,319.422,0,25.953,4634,8333,2.890,1.430,0.750,3,0,324.413,0,0,10,28,3,53,0
10-04 19:29:47,23.309,3.258,72.685,0.251,0,1374016,1541504,167084,4848780,11527.337,1535.909,0,649.653,0,54.138,2919,4810,2.890,1.430,0.750,2,0,0,0,0,10,29,3,53,0
10-04 19:29:48,16.488,14.240,68.700,0.250,0,1317100,1598260,167100,4848920,6761.118,1618.831,0,295.786,0,22.983,3270,5269,2.890,1.430,0.750,2,0,325.765,0,0,10,28,3,53,0
10-04 19:29:49,32.404,13.709,53.591,0,0,1414336,1500852,167152,4849036,12209.834,1615.216,0,478.582,0,25.923,2632,3971,2.890,1.430,0.750,4,0,301.108,0,0,10,28,3,55,0
10-04 19:29:50,40.619,5.265,46.637,6.770,0.251,1506260,1403944,167688,4853076,10147.824,1462.298,316.931,11782.629,18.053,998.936,7135,11666,2.810,1.440,0.760,3,0,64.189,0,0,10,32,3,53,0
10-04 19:29:51,39.244,6.749,42.243,12.498,0.250,1463092,1442320,168348,4856824,4787.234,1619.741,0,39977.604,0,3178.491,12603,25970,2.810,1.440,0.760,2,1,84.986,0,0,10,32,3,53,0
10-04 19:29:52,40.153,5.237,44.891,9.228,0,1403624,1501044,168836,4857036,11633.800,1454.474,0,37118.026,0,2903.961,10085,21628,2.810,1.440,0.760,5,0,29.927,0,0,10,30,3,53,0
10-04 19:29:53,47.991,8.998,42.992,0,0,1464664,1439940,168840,4857024,12226.640,1619.687,0,651.874,0,29.994,1733,3341,2.810,1.440,0.760,3,0,42.992,0,0,10,28,3,54,0
10-04 19:29:54,38.822,8.766,44.332,8.516,0,1427824,1476036,169308,4857364,11796.753,1622.993,0,13601.080,0,2013.713,9792,22095,2.810,1.440,0.760,4,0,4.007,0,0,10,30,3,51,0
10-04 19:29:55,33.191,8.235,52.656,4.492,0,1431552,1471868,169492,4857612,7213.132,1617.115,0,7095.342,0,994.226,5068,11903,2.910,1.480,0.780,1,0,101.818,0,0,10,28,3,51,0
10-04 19:29:56,23.244,2.249,73.480,0.250,0.250,1385616,1517780,169500,4857624,4593.750,1693.539,0,843.770,0,52.986,1087,1468,2.910,1.480,0.780,1,0,2.999,0,0,10,28,3,51,0
10-04 19:29:57,23.517,3.502,72.051,1.001,0,1329684,1573684,169520,4857632,13121.224,1695.192,0,6796.778,0,362.255,1524,2477,2.910,1.480,0.780,2,0,3.002,0,0,10,28,3,51,0
10-04 19:29:58,23.990,2.749,72.720,0,0,1407380,1495972,169524,4857644,9843.915,1457.395,0,175.927,0,21.991,1112,1423,2.910,1.480,0.780,1,0,3.998,0,0,10,32,3,51,0
10-04 19:29:59,23.998,2.750,73.743,0,0,1358108,1545156,169532,4857712,13388.741,1693.841,0,0,0,0,973,1062,2.910,1.480,0.780,1,0,1.000,0,0,10,32,3,51,0
10-04 19:30:00,23.249,2.250,73.995,0,0.250,1429420,1473844,169532,4857712,8233.498,1619.901,0,0,0,0,956,1152,2.760,1.470,0.780,2,0,4.000,0,0,10,32,3,51,0
10-04 19:30:01,23.313,2.757,74.200,0,0,1382392,1520780,169544,4857788,8662.293,1461.931,0,0,0,0,967,1209,2.760,1.470,0.780,2,0,4.011,0,0,10,32,3,51,0
10-04 19:30:02,23.440,1.995,73.811,0,0,1381948,1521176,169544,4857836,15599.051,1615.862,0,0,0,0,1045,1122,2.760,1.470,0.780,2,0,2.992,0,0,10,32,3,48,0
10-04 19:30:03,23.244,2.249,73.732,0,0,1340004,1563096,169548,4857856,13396.812,1693.597,0,7.998,0,2.000,1006,1083,2.760,1.470,0.780,2,0,2.999,0,0,10,32,3,48,0
10-04 19:30:04,23.507,2.251,71.771,0.750,0,1326984,1576068,169556,4857896,4820.383,1458.419,0,6990.006,0,352.101,1584,2883,2.760,1.470,0.780,1,0,3.001,0,0,10,32,3,46,0
10-04 19:30:05,22.504,4.501,72.763,0.250,0,1407076,1495964,169564,4857896,14322.535,1846.327,0,772.137,0,39.007,1266,1607,2.620,1.460,0.780,2,0,4.001,0,0,10,32,4,46,0
10-04 19:30:06,16.269,10.011,72.333,0.250,0.250,1330984,1572056,169576,4857884,11952.710,1587.821,0,116.133,0,6.007,1775,2521,2.620,1.460,0.780,3,0,170.195,0,0,10,32,4,46,0
10-04 19:30:07,9.990,20.479,69.178,0,0.250,1334596,1568276,169576,4858044,11066.513,1564.376,0,1038.922,0,14.984,3178,4775,2.620,1.460,0.780,2,0,472.510,0,0,10,32,4,46,0
10-04 19:30:08,10.765,18.026,70.350,0,0.250,1336376,1566436,169580,4858080,7756.021,1696.411,0,705.002,0,7.010,2928,4577,2.620,1.460,0.780,1,0,411.585,0,0,10,32,4,45,0
10-04 19:30:09,12.481,15.476,71.140,0,0.250,1350932,1551824,169580,4858112,11205.654,1455.747,0,3.994,0,0.998,2516,3834,2.620,1.460,0.780,1,0,320.504,0,0,10,32,4,45,0
10-04 19:30:10,22.244,3.249,73.730,0,0,1429808,1472948,169580,4858112,11450.908,1703.540,0,0,0,0,1022,1167,2.490,1.460,0.780,1,0,3.999,0,0,10,32,4,42,0
10-04 19:30:11,23.753,1.750,74.008,0,0.250,1382064,1520672,169580,4858128,6745.762,1694.191,0,16.002,0,1.000,920,1133,2.490,1.460,0.780,1,0,4.000,0,0,10,32,4,42,0
10-04 19:30:12,23.249,2.500,73.498,0,0,1435760,1466996,169580,4858108,6483.857,1585.965,0,147.997,0,3.000,840,1027,2.490,1.460,0.780,1,0,2.000,0,0,10,32,4,41,0
10-04 19:30:13,23.752,2.000,74.007,0,0,1392344,1510404,169580,4858116,14444.401,1608.156,0,192.019,0,1.000,989,1134,2.490,1.460,0.780,1,0,3.000,0,0,10,32,4,41,0
10-04 19:30:14,23.252,2.250,72.757,0.250,0,1334328,1568408,169592,4858116,5014.471,1620.152,0,408.038,0,32.003,1076,1605,2.490,1.460,0.780,1,0,3.000,0,0,10,32,4,39,0
10-04 19:30:15,22.745,2.999,73.735,0,0,1413700,1489032,169596,4858116,11989.554,1511.692,0,39.992,0,4.999,1037,1227,2.370,1.450,0.780,1,0,3.999,0,0,10,32,4,38,0
10-04 19:30:16,23.060,2.757,73.943,0,0.501,1362476,1540236,169596,4858136,7880.584,1570.101,0,20.052,0,1.003,932,1131,2.370,1.450,0.780,1,0,3.008,0,0,10,32,4,38,0
10-04 19:30:17,22.699,2.494,74.082,0,0,1427188,1475472,169596,4858188,13037.509,1658.249,0,11.973,0,0.998,994,1118,2.370,1.450,0.780,1,0,1.995,0,0,10,32,4,34,0
10-04 19:30:18,22.995,2.999,73.735,0,0,1385304,1517368,169596,4858176,10963.785,1511.695,0,1923.611,0,189.962,1294,1168,2.370,1.450,0.780,1,0,2.999,0,0,10,32,4,34,0
10-04 19:30:19,23.750,2.500,73.750,0,0,1428116,1474556,169596,4858176,6934.965,1565.992,0,24.000,0,1.000,905,1109,2.370,1.450,0.780,2,0,2.000,0,0,10,32,4,34,0
10-04 19:30:20,23.247,2.500,73.739,0,0,1405424,1497312,169596,4858112,13034.097,1619.764,0,0,0,0,1008,1195,2.260,1.440,0.780,2,0,3.000,0,0,10,32,4,34,0
10-04 19:30:21,23.259,3.501,73.279,0,0,1349832,1552816,169596,4858204,9965.897,1660.649,0,132.052,0,5.002,1018,1212,2.260,1.440,0.780,2,0,4.002,0,0,10,32,4,33,0
10-04 19:30:22,23.499,1.750,73.996,0,0,1359984,1542664,169596,4858204,7242.587,1565.911,0,11.999,0,1.000,976,1204,2.260,1.440,0.780,2,0,5.000,0,0,10,32,4,33,0
10-04 19:30:23,23.498,2.750,73.743,0,0,1432552,1470116,169596,4858184,11552.926,1511.859,0,2411.776,0,126.988,1193,1173,2.260,1.440,0.780,2,0,2.000,0,0,10,32,4,33,0
10-04 19:30:24,22.821,3.260,73.229,0,0.251,1384556,1518080,169604,4858196,8696.193,1625.082,0,581.819,0,37.116,1183,1648,2.260,1.440,0.780,1,0,3.009,0,0,10,32,4,33,0
10-04 19:30:25,23.179,2.492,73.524,0,0,1382788,1519808,169604,4858236,15067.712,1561.204,0,67.792,0,4.985,1026,1129,2.160,1.430,0.790,1,0,2.991,0,0,10,32,4,32,0
10-04 19:30:26,22.500,3.000,73.999,0,0,1433780,1468828,169604,4858224,8169.877,1619.976,0,12.000,0,1.000,912,1047,2.160,1.430,0.790,1,0,2.000,0,0,10,32,4,32,0
10-04 19:30:27,11.501,18.002,69.756,0,0.250,1346312,1556240,169604,4858276,7264.625,1512.130,0,104.009,0,10.001,2754,4116,2.160,1.430,0.790,2,0,392.034,0,0,10,32,4,25,0
10-04 19:30:28,23.245,2.749,73.983,0,0,1422488,1479884,169608,4858452,11127.374,1693.600,0,0,0,0,1013,1221,2.160,1.430,0.790,1,0,2.000,0,0,10,32,4,25,0
10-04 19:30:29,22.746,2.500,73.738,0,0.250,1398868,1503444,169608,4858508,11439.215,1619.747,0,0,0,0,1066,1271,2.160,1.430,0.790,1,0,10.998,0,0,10,32,4,16,0
10-04 19:30:30,17.549,11.532,70.447,0,0,1337516,1564796,169608,4858508,4680.109,1624.550,0,240.674,0,6.017,2219,3488,2.060,1.430,0.790,1,0,311.874,0,0,10,32,4,16,0
10-04 19:30:31,9.984,19.219,69.637,0,0,1334576,1567612,169608,4858612,11716.925,1617.367,0,231.623,0,6.989,3054,4728,2.060,1.430,0.790,2,0,444.277,0,0,10,32,4,9,0
10-04 19:30:32,10.257,19.764,68.797,0,0.500,1336544,1565616,169608,4858636,8951.158,1567.078,0,280.193,0,7.005,3171,4883,2.060,1.430,0.790,1,0,475.327,0,0,10,32,4,9,0
10-04 19:30:33,8.990,20.728,68.675,0,0,1336624,1565480,169608,4858668,12705.215,1552.316,0,1194.704,0,14.984,3098,4656,2.060,1.430,0.790,1,0,451.510,0,0,10,32,4,7,0
10-04 19:30:34,10.261,20.272,68.826,0,0,1336732,1565308,169616,4858716,10935.105,1621.795,0,1818.013,0,48.053,3585,5739,2.060,1.430,0.790,1,0,538.596,0,0,10,32,4,7,0
10-04 19:30:35,10.240,18.982,69.685,0,0.250,1336304,1565712,169620,4858736,5278.070,1564.539,0,1134.940,0,26.975,2997,4546,2.060,1.440,0.790,2,0,419.608,0,0,10,32,4,5,0
10-04 19:30:36,9.245,18.240,70.463,0,0,1337048,1564932,169620,4858772,13422.007,1511.213,0,147.923,0,6.996,2669,3832,2.060,1.440,0.790,1,0,332.827,0,0,10,32,4,5,0
10-04 19:30:37,8.514,20.534,69.615,0,0.250,1337104,1564856,169620,4858792,6559.824,1696.800,0,280.463,0,6.010,2713,4039,2.060,1.440,0.790,1,0,365.603,0,0,10,32,4,5,0
10-04 19:30:38,29.514,27.514,42.271,0.250,0,1404264,1497680,169660,4858768,7504.685,1566.769,0,1060.521,0,71.035,4325,7474,2.060,1.440,0.790,5,0,770.378,0,0,10,32,4,11,0
10-04 19:30:39,68.116,7.485,23.454,0.499,0.250,1604092,1295664,169860,4860456,12763.842,1509.026,15.969,1453.136,1.996,50.900,1769,2151,2.060,1.440,0.790,5,0,24.951,0,0,10,34,4,11,0
10-04 19:30:40,39.588,9.772,35.328,15.534,0,1566960,1319508,170704,4871892,8290.330,1623.590,400.886,59675.944,4.009,4551.062,20563,36119,2.130,1.460,0.810,3,1,177.392,0,0,10,36,4,12,0
10-04 19:30:41,43.501,9.500,31.001,16.500,0.250,1622772,1250068,171684,4884032,11685.304,1566.041,0,81962.131,0,6632.172,24202,44382,2.130,1.460,0.810,4,0,105.003,0,0,10,37,4,10,0
10-04 19:30:42,42.014,12.004,32.511,11.754,0,1597032,1266340,172268,4892648,11715.843,1512.496,0,80054.258,0,6307.069,25413,43834,2.130,1.460,0.810,4,0,111.036,0,0,10,36,4,10,0
10-04 19:30:43,46.730,14.244,29.987,8.746,0,1555896,1300212,172556,4899452,5349.721,1713.270,363.845,30994.796,5.997,2815.800,15413,30066,2.130,1.460,0.810,3,1,302.871,0,0,10,35,4,10,0
10-04 19:30:44,43.004,13.251,33.253,10.501,0.250,1499120,1351488,172896,4904116,11367.932,1458.120,1080.089,59349.867,14.001,4372.359,22084,40831,2.130,1.460,0.810,3,1,177.015,0,0,10,34,4,12,0
10-04 19:30:45,40.751,10.000,37.001,12.500,0,1553944,1292516,173124,4907872,5331.123,1694.039,528.012,52197.201,8.000,4026.093,17706,29597,2.360,1.520,0.830,2,0,153.004,0,0,10,34,4,12,0
10-04 19:30:46,32.728,8.245,45.470,11.492,0,1555320,1290248,173456,4908324,11451.476,1692.888,0,37843.137,0,3547.669,19770,36473,2.360,1.520,0.830,2,0,32.978,0,0,10,34,4,16,0
10-04 19:30:47,40.019,7.754,40.769,13.756,0.250,1552016,1292160,173736,4909404,8419.924,1620.755,0,48238.479,0,4044.885,15822,29394,2.360,1.520,0.830,3,1,106.049,0,0,10,34,4,16,0
10-04 19:30:48,35.236,6.247,41.733,14.744,0,1555604,1287652,173972,4910056,11183.404,1531.371,0,52010.624,0,4416.185,16741,37835,2.360,1.520,0.830,5,0,26.989,0,0,10,35,4,20,0
10-04 19:30:49,41.262,6.002,41.262,11.503,0.250,1537748,1303676,174104,4911716,9513.711,1620.462,0,25115.158,0,2717.775,11993,23466,2.360,1.520,0.830,1,1,71.020,0,0,10,34,4,19,0
10-04 19:30:50,35.766,7.753,42.019,12.506,0,1552540,1286804,174264,4913572,4691.088,1662.740,0,49602.073,0,3932.750,15851,33021,2.410,1.550,0.840,1,0,42.019,0,0,10,37,4,20,0
10-04 19:30:51,34.975,7.744,44.218,12.241,0,1517332,1319228,174412,4916144,4223.946,1456.947,0,37285.043,0,3456.501,16021,30255,2.410,1.550,0.840,4,0,99.928,0,0,10,36,4,20,0
10-04 19:30:52,33.997,8.499,42.746,13.749,0,1545124,1288496,174556,4918860,11158.052,1693.856,0,56771.174,0,4376.628,20060,33295,2.410,1.550,0.840,4,1,44.996,0,0,10,36,4,22,0
10-04 19:30:53,37.023,11.007,44.277,7.254,0,1544924,1285864,174720,4921456,4389.717,1566.970,0,39672.557,0,3558.203,17725,30730,2.410,1.550,0.840,5,0,157.097,0,0,10,36,4,22,0
10-04 19:30:54,35.230,8.245,42.975,13.242,0,1526920,1301692,174840,4923460,12914.561,1511.130,0,49535.468,0,4038.674,18492,31672,2.410,1.550,0.840,2,1,115.933,0,0,10,36,4,22,0
10-04 19:30:55,37.016,7.003,42.269,13.506,0.500,1556688,1274980,174944,4920260,11749.193,1620.716,0,35803.825,0,3507.550,16346,30778,2.540,1.590,0.860,4,0,15.007,0,0,10,36,4,23,0
10-04 19:30:56,34.727,8.245,45.470,9.494,0,1550600,1282208,175008,4919072,13446.126,1564.967,0,54148.262,0,4311.155,18459,31006,2.540,1.590,0.860,2,0,77.949,0,0,10,34,4,24,0
10-04 19:30:57,33.694,13.228,51.166,1.248,0,1374960,1457768,175012,4919148,8136.583,1509.511,0,8138.579,0,485.200,5176,9117,2.540,1.590,0.860,1,0,363.401,0,0,10,32,4,24,0
10-04 19:30:58,10.777,24.311,64.413,0.501,0,1384340,1448244,175024,4919280,6257.820,1624.106,0,966.443,0,59.150,3439,5393,2.540,1.590,0.860,3,0,545.379,0,0,10,32,4,26,0
10-04 19:30:59,63.498,11.250,24.749,0,0.250,1575432,1256336,175060,4920060,5770.792,1565.944,0,1463.947,0,64.998,2066,2646,2.540,1.590,0.860,3,0,109.996,0,0,10,32,4,30,0
10-04 19:31:00,68.500,6.750,24.500,0,0.250,1758080,1070176,175236,4923224,11682.942,1511.992,0,4627.977,0,222.999,2076,2300,2.580,1.610,0.870,3,0,0,0,0,10,32,4,30,0
10-04 19:31:01,31.247,7.499,41.746,17.248,0,1759788,1058112,175408,4932792,11507.999,1693.853,0,67530.125,0,4981.567,21080,36664,2.580,1.610,0.870,2,1,165.986,0,0,10,38,4,30,0
10-04 19:31:02,24.462,7.488,46.928,19.969,0,1761636,1045788,175588,4942772,11447.360,1691.394,0,71781.385,0,5595.378,24293,41480,2.580,1.610,0.870,0,2,215.668,0,0,10,38,4,30,0
10-04 19:31:03,23.279,8.010,46.058,21.026,0,1761744,1037780,175692,4950248,13111.507,1622.042,0,84250.071,0,6496.179,27040,44660,2.580,1.610,0.870,1,1,147.185,0,0,10,38,4,30,0
10-04 19:31:04,40.730,11.744,31.235,15.492,0,1671732,1119692,175796,4958044,11428.412,1619.208,0,71365.102,0,5437.341,21851,37260,2.580,1.610,0.870,2,1,216.894,0,0,10,36,4,30,0
10-04 19:31:05,46.286,7.506,28.772,16.763,0,1745152,1038800,175896,4965104,8113.296,1459.132,0,65999.215,0,4917.816,20602,34216,3.090,1.730,0.910,4,0,77.060,0,0,10,36,4,30,0
10-04 19:31:06,30.717,7.742,38.958,19.978,0.250,1645596,1124020,175968,4978848,6574.912,1618.256,0,92795.966,0,6288.221,24264,41648,3.090,1.730,0.910,2,1,80.913,0,0,10,36,4,30,0
10-04 19:31:07,17.769,6.757,54.557,20.772,0,1645032,1121248,176004,4982040,12029.559,1621.693,0,71658.812,0,5708.960,24122,39144,3.090,1.730,0.910,0,1,69.072,0,0,10,36,4,30,0
10-04 19:31:08,33.188,10.730,44.417,12.477,0.250,1513768,1250264,176020,4984216,11571.408,1455.284,0,42584.537,0,3394.666,15282,26023,3.090,1.730,0.910,1,0,211.605,0,0,10,32,4,30,0
10-04 19:31:09,20.490,6.997,72.466,0.250,0,1431492,1332656,176020,4984064,5592.344,1619.231,0,1519.278,0,78.962,1593,2101,3.090,1.730,0.910,1,0,96.954,0,0,10,32,4,30,0
10-04 19:31:10,23.756,2.501,72.269,1.000,0,1496760,1267388,176024,4984060,12577.270,1694.441,0,4321.123,0,264.069,1623,2430,2.930,1.720,0.910,1,0,0,0,0,10,34,4,30,0
10-04 19:31:11,22.243,3.999,72.726,0,0,1409036,1355100,176024,4984072,8218.280,1457.518,0,183.939,0,14.995,1568,2141,2.930,1.720,0.910,1,0,27.991,0,0,10,32,4,30,0
10-04 19:31:12,22.751,3.250,73.502,0,0,1474808,1289328,176024,4984072,12662.418,1620.053,0,32.001,0,4.000,1030,1197,2.930,1.720,0.910,1,0,3.000,0,0,10,32,4,30,0
10-04 19:31:13,21.016,5.254,72.557,0.500,0.500,1392916,1371220,176024,4984072,10551.272,1459.144,0,580.455,0,51.040,1615,2271,2.930,1.720,0.910,1,0,65.051,0,0,10,32,4,30,0
10-04 19:31:14,12.506,35.766,50.523,0,0.250,1394004,1370096,176024,4984104,5117.339,1662.760,0,3757.717,0,48.022,5545,9309,2.930,1.720,0.910,2,0,1221.558,0,0,10,32,4,30,0
10-04 19:31:15,9.491,19.980,68.931,0,0,1391520,1372436,176024,4984212,12106.954,1618.390,0,127.873,0,15.984,3070,4374,2.930,1.740,0.930,1,0,474.528,0,0,10,32,4,30,0
10-04 19:31:16,9.268,18.786,71.387,0,0.250,1390648,1373272,176024,4984232,8264.811,1623.105,0,4.008,0,1.002,2663,3961,2.930,1.740,0.930,1,0,330.632,0,0,10,32,4,30,0
10-04 19:31:17,11.479,17.717,69.372,0,0,1391432,1372284,176024,4984736,4592.522,1529.177,0,43.919,0,10.980,3620,6871,2.930,1.740,0.930,0,0,409.245,0,0,10,32,4,30,0
10-04 19:31:18,31.319,13.530,54.119,0,0,1439552,1323992,176032,4984852,11322.808,1623.557,0,204.448,0,2.004,4189,7953,2.930,1.740,0.930,2,0,194.426,0,0,10,33,4,30,0
10-04 19:31:19,47.042,3.503,49.294,0,0,1557860,1205580,176032,4984976,13075.624,1621.441,0,44.039,0,2.002,1231,1248,2.930,1.740,0.930,2,0,4.004,0,0,10,33,4,30,0
10-04 19:31:20,49.077,5.232,44.593,0.249,0.249,1625112,1133876,176080,4989288,12121.345,1614.319,83.705,5078.130,0.996,326.850,2691,8698,2.860,1.750,0.930,2,0,6.975,0,0,10,49,4,30,0
10-04 19:31:21,26.038,12.268,61.088,0,0.501,1658008,1100004,176104,4989948,5053.282,1622.338,0,324.468,0,43.062,2195,3036,2.860,1.750,0.930,2,0,204.294,0,0,10,48,4,30,0
10-04 19:31:22,12.732,4.244,82.133,0,0,1676372,1081548,176104,4989980,6134.253,2328.679,0,359.487,0,18.973,1210,1703,2.860,1.750,0.930,2,0,53.923,0,0,10,49,4,30,0
10-04 19:31:23,1.000,0.750,97.476,0.500,0,1676236,1081548,176104,4990100,128064.496,4684.848,0,567.860,0,31.992,1134,1541,2.860,1.750,0.930,1,0,0,0,0,10,49,4,30,0
10-04 19:31:24,10.520,6.262,80.905,1.252,0,1687436,1069012,176188,4991152,75565.935,3011.777,4.008,5386.331,1.002,416.799,2639,3295,2.860,1.750,0.930,1,0,52.100,0,0,10,48,4,31,0
10-04 19:31:25,17.752,9.001,71.760,1.000,0,1713104,988748,176208,5043884,13142.774,1458.197,56.008,4800.648,3.000,147.020,2078,2575,2.710,1.730,0.930,1,0,39.005,0,0,10,48,4,31,0
10-04 19:31:26,19.216,6.738,73.368,0,0,1718972,982424,176208,5043952,7860.905,1690.968,7.986,0,0.998,0,1411,1637,2.710,1.730,0.930,1,0,44.919,0,0,10,48,4,31,0
10-04 19:31:27,20.253,6.001,73.261,0.250,0.250,1668836,1086032,176352,4991520,13234.946,1724.253,192.028,8.001,11.002,2.000,1492,1850,2.710,1.730,0.930,1,0,84.012,0,0,10,48,4,31,0
10-04 19:31:28,14.999,13.999,69.993,0,0,1666624,1087976,176356,4992116,8356.198,1511.855,99.990,15.998,3.000,2.000,2455,5964,2.710,1.730,0.930,1,0,238.977,0,0,10,48,4,31,0
10-04 19:31:29,9.250,6.000,83.996,0,0.250,1665420,1089136,176356,4991760,6942.708,1693.929,0,0,0,0,1998,5636,2.710,1.730,0.930,0,0,60.997,0,0,10,48,4,31,0
10-04 19:31:30,0.750,0.250,97.731,0.250,0,1665524,1089032,176356,4991760,5624.898,1511.704,0,1231.759,0,12.997,626,992,2.490,1.710,0.930,0,0,2.999,0,0,10,48,4,31,0
10-04 19:31:31,0.750,0.250,98.526,0,0,1665588,1088968,176356,4991760,13417.515,1566.410,0,0,0,0,754,1053,2.490,1.710,0.930,0,0,4.001,0,0,10,48,4,31,0
10-04 19:31:32,0.750,0.500,98.757,0,0,1665588,1088968,176356,4991760,13911.029,1620.120,0,0,0,0,658,952,2.490,1.710,0.930,0,0,1.000,0,0,10,48,4,31,0
10-04 19:31:33,5.011,5.762,88.440,0.501,0.251,1612456,1142076,176356,4992224,11435.506,1577.380,0,432.928,0,29.062,2169,3697,2.490,1.710,0.930,1,0,139.299,0,0,10,48,4,31,0
10-04 19:31:34,16.747,14.248,67.489,0,0.500,1615988,1138420,176356,4991872,9049.579,1619.746,0,67.989,0,4.999,3689,10524,2.490,1.710,0.930,1,0,207.967,0,0,10,48,4,31,0
10-04 19:31:35,12.965,18.949,65.822,0.249,0,1664036,1090280,176356,4992308,12847.299,2078.386,0,4033.107,0,204.448,4229,6073,2.450,1.710,0.930,1,0,332.103,0,0,11,48,5,31,0
10-04 19:31:36,12.004,10.754,75.525,0,0,1664700,1089364,176356,4992076,8831.976,1694.571,0,208.070,0,11.004,3760,5726,2.450,1.710,0.930,0,0,187.063,0,0,11,48,5,31,0
10-04 19:31:37,6.517,11.530,80.713,0,0,1669220,1084844,176356,4992420,6138.229,1461.865,0,0,0,0,2529,3939,2.450,1.710,0.930,1,0,177.469,0,0,13,50,5,31,0
10-04 19:31:38,15.215,13.220,70.590,0,0,1666788,1087176,176356,4992112,6027.312,1690.162,0,35.918,0,7.982,4063,8537,2.450,1.710,0.930,1,0,214.513,0,0,13,50,5,26,0
10-04 19:31:39,9.014,20.280,70.105,0,0,1667224,1086720,176356,4992132,14405.652,1622.439,0,40.060,0,10.015,2639,3684,2.450,1.710,0.930,1,0,307.462,0,0,13,50,5,26,0
10-04 19:31:40,16.972,13.977,67.141,0,0.250,1671300,1082588,176356,4992544,12314.027,1455.639,0,15.974,0,3.994,3958,9256,2.330,1.700,0.930,1,0,217.647,0,0,13,50,5,26,0
10-04 19:31:41,31.600,20.565,47.651,0,0,1738440,1015244,176364,4992376,11855.630,1625.158,0,333.057,0,10.032,3834,6572,2.330,1.700,0.930,2,0,541.719,0,0,13,50,5,25,0
10-04 19:31:42,33.670,20.202,45.392,0,0.249,1789752,962792,176448,4993364,13716.218,1689.961,31.924,223.466,1.995,8.979,3938,7225,2.330,1.700,0.930,3,0,574.627,0,0,13,54,5,27,0
10-04 19:31:43,43.572,17.279,38.815,0,0.250,1860904,891308,176456,4993652,11345.857,1534.550,0,921.532,0,39.065,4860,9490,2.330,1.700,0.930,3,0,262.436,0,0,13,54,5,27,0
10-04 19:31:44,34.492,6.249,58.737,0,0,1957112,794860,176468,4993856,11860.403,1713.625,0,139.969,0,3.999,1591,1923,2.330,1.700,0.930,1,0,86.981,0,0,13,54,5,27,0
10-04 19:31:45,24.201,2.744,72.602,0,0,1990928,759104,176576,4995484,5331.098,1652.620,0,239.510,0,2.994,993,2016,2.230,1.690,0.930,1,0,4.990,0,0,13,54,5,25,0
10-04 19:31:46,22.553,5.012,66.405,5.012,0.251,2037388,710256,176792,4997444,11480.785,1515.536,156.365,9281.654,39.091,981.289,6131,9560,2.230,1.690,0.930,1,1,5.012,0,0,13,56,5,25,0
10-04 19:31:47,25.979,5.246,52.207,15.487,0,2037924,692908,176820,5013780,10145.711,1618.678,0,30503.079,0,2722.775,14202,25696,2.230,1.690,0.930,7,0,3.997,0,0,13,56,5,21,0
10-04 19:31:48,40.235,14.745,42.984,0.500,0,2204664,522212,176928,5017224,5218.095,1565.429,0,6557.606,0,249.909,5943,21474,2.230,1.690,0.930,2,0,184.932,0,0,14,91,5,34,0
10-04 19:31:49,13.013,19.019,65.567,1.752,0,2212660,514152,176932,5017276,11989.181,1513.538,0,8824.966,0,466.474,4349,7724,2.230,1.690,0.930,1,0,412.419,0,0,14,93,5,30,0
10-04 19:31:50,16.210,16.459,65.836,0,0,2217632,508884,176932,5017680,8060.968,1615.984,0,614.473,0,38.903,4111,6410,2.130,1.680,0.930,1,1,277.311,0,0,14,93,5,30,0
10-04 19:31:51,42.092,10.523,47.103,1.253,0,2324408,402100,176936,5017916,11824.885,1771.879,0,8811.288,0,515.128,3138,3527,2.130,1.680,0.930,2,0,128.281,0,0,14,94,5,29,0
10-04 19:31:52,25.731,11.741,60.956,0.500,0.250,2379652,345964,176956,5018752,12796.658,1618.818,0,1494.909,0,90.934,3190,5270,2.130,1.680,0.930,2,0,250.817,0,0,14,97,5,29,0
10-04 19:31:53,11.748,20.746,66.736,0,0.250,2386336,339096,176956,5019064,6129.719,1619.661,0,123.974,0,14.997,3539,6822,2.130,1.680,0.930,1,0,425.911,0,0,14,97,5,28,0
10-04 19:31:54,9.009,18.519,71.325,0,0.250,2382596,342788,176956,5018972,13099.781,1621.706,0,1785.879,0,9.009,2904,4135,2.130,1.680,0.930,1,0,351.370,0,0,14,97,5,28,0
10-04 19:31:55,23.246,3.499,73.237,0.250,0,2439508,285864,176956,5018984,9415.286,1565.715,0,54570.068,0,411.925,1766,1746,2.040,1.660,0.930,1,0,2.000,0,0,14,97,5,27,0
10-04 19:31:56,21.948,4.739,71.830,0,0.249,2420808,304532,176956,5019008,6840.835,1640.124,0,598.586,0,24.941,2085,3341,2.040,1.660,0.930,1,0,64.847,0,0,14,99,5,28,0
10-04 19:31:57,24.802,3.507,70.146,0.752,0,2467124,257996,176968,5019212,11551.015,1623.375,0,941.958,0,108.225,3238,5441,2.040,1.660,0.930,0,1,1.002,0,0,14,105,5,26,0
10-04 19:31:58,33.767,7.003,57.528,1.251,0,2454684,270188,176968,5019420,8660.252,1640.806,0,2077.020,0,230.113,4782,8196,2.040,1.660,0.930,1,0,114.056,0,0,14,106,5,28,0
10-04 19:31:59,23.427,3.489,72.024,0,0,2514792,210012,176968,5019484,12040.266,1507.276,0,653.951,0,39.875,1512,2002,2.040,1.660,0.930,1,0,1.994,0,0,14,106,5,22,0
10-04 19:32:00,29.597,7.023,60.949,1.003,0,2505128,219644,176976,5019508,8403.412,1625.302,0,2315.553,0,195.638,3582,5891,1.870,1.640,0.930,2,0,94.308,0,0,14,106,5,23,0
10-04 19:32:01,45.903,5.707,48.136,0,0,2604524,120232,176976,5019536,5678.068,1607.843,0,381.118,0,23.820,1599,2041,1.870,1.640,0.930,3,0,9.925,0,0,14,108,5,23,0
10-04 19:32:02,26.385,6.031,66.843,0.251,0,2590000,138332,176976,5015960,12946.428,1465.520,20.103,1551.963,4.021,96.495,1640,2274,1.870,1.640,0.930,1,0,59.304,0,0,14,110,5,24,0
10-04 19:32:03,21.750,6.250,70.999,0.500,0.250,2580456,147844,176976,5015992,12172.817,1619.976,0,407.994,0,38.999,1988,2793,1.870,1.640,0.930,1,0,52.999,0,0,14,110,5,25,0
10-04 19:32:04,25.050,2.755,70.641,0.250,0,2606252,135268,175820,5004100,11787.445,1569.121,64.128,885.762,3.006,108.215,2395,3774,1.870,1.640,0.930,1,0,1.002,0,0,14,112,5,26,0
10-04 19:32:05,21.010,7.003,72.285,0.250,0.250,2599276,142020,175824,5004320,8640.208,1512.737,104.051,852.415,5.002,33.016,1618,2311,1.720,1.610,0.920,1,0,84.041,0,0,14,112,5,26,0
10-04 19:32:06,21.483,4.996,72.193,0.500,0,2587916,153064,175824,5004636,13412.485,1708.660,327.743,3029.625,12.990,238.813,2021,2244,1.720,1.610,0.920,1,0,56.955,0,0,14,112,5,27,0
10-04 19:32:07,24.188,4.738,67.825,1.746,0,2625148,135368,175428,4986056,8907.073,1601.877,3.990,3235.671,0.997,403.960,3373,5190,1.720,1.610,0.920,2,0,1.995,0,0,14,115,5,27,0
10-04 19:32:08,25.007,6.752,64.268,2.251,0.250,2618612,140912,175428,4987032,5316.521,1694.485,800.229,5785.655,137.039,449.128,4582,7488,1.720,1.610,0.920,1,0,57.016,0,0,14,117,5,29,0
10-04 19:32:09,23.252,3.250,72.757,0,0,2648668,122920,175380,4975016,5007.471,1620.152,4.000,388.036,1.000,18.002,1438,2042,1.720,1.610,0.920,1,0,0,0,0,14,119,5,29,0
10-04 19:32:10,38.262,3.751,56.517,0.500,0.250,2655236,132036,175372,4959380,11159.437,1694.522,0,2364.728,0,222.068,4860,8693,1.750,1.620,0.930,1,0,0,0,0,14,117,5,30,0
10-04 19:32:11,21.995,6.498,71.233,0.250,0,2656892,130304,175372,4959456,8077.037,1619.606,211.948,463.887,13.997,26.993,1643,2285,1.750,1.620,0.930,1,0,73.982,0,0,14,117,5,30,0
10-04 19:32:12,20.507,7.752,70.273,0.500,0,2626020,160864,175372,4959768,12409.996,1458.470,4.001,1128.363,1.000,126.041,3021,4982,1.750,1.620,0.930,1,0,147.047,0,0,14,117,5,31,0
10-04 19:32:13,24.244,2.999,71.981,0,0.250,2662208,124664,175372,4959780,12396.715,1619.571,0,575.847,0,34.991,1558,2328,1.750,1.620,0.930,1,0,1.999,0,0,14,119,5,31,0
10-04 19:32:14,25.006,2.452,68.644,0.490,0.245,2664408,122396,175376,4959844,14027.865,1702.368,0,1470.940,0,142.191,3106,5607,1.750,1.620,0.930,5,0,0,0,0,14,119,5,31,0
10-04 19:32:15,47.182,13.517,39.786,1.275,0,2642712,156316,175376,4947788,9508.896,1654.697,3897.005,2101.526,116.298,204.032,5674,10748,1.850,1.640,0.940,2,0,295.846,0,0,14,119,5,32,0
10-04 19:32:16,49.532,4.253,44.779,0.500,0.250,2684184,130140,175380,4932548,5659.701,1871.224,140.092,4755.110,9.006,477.312,4245,7489,1.850,1.640,0.940,1,0,8.005,0,0,14,119,5,33,0
10-04 19:32:17,9.766,19.031,70.364,0,0,2640884,173208,175384,4932776,6332.284,2021.283,320.521,556.904,17.028,33.054,2829,4276,1.850,1.640,0.940,1,0,346.563,0,0,14,119,5,33,0
10-04 19:32:18,14.720,17.464,66.113,0.748,0,2644236,168880,175388,4933732,12428.249,1618.646,546.867,770.404,18.961,55.884,3883,7186,1.850,1.640,0.940,3,0,317.342,0,0,14,119,5,33,0
10-04 19:32:19,26.823,20.305,51.640,0.501,0,2688244,125004,175396,4933616,12645.231,1624.397,28.076,4776.931,3.008,290.787,5389,9942,1.850,1.640,0.940,2,0,401.086,0,0,14,119,5,33,0
10-04 19:32:20,34.491,19.495,43.738,0.250,0,2724056,132836,175404,4890472,13478.388,1511.595,991.734,2755.262,82.978,329.912,4893,8341,1.780,1.630,0.940,4,0,411.890,0,0,14,122,5,33,0
10-04 19:32:21,50.010,24.505,23.755,0.750,0.250,2859936,122264,175416,4767724,13237.714,1566.321,2344.481,5865.202,173.035,447.092,7258,15109,1.780,1.630,0.940,3,0,377.077,0,0,16,131,5,33,0
10-04 19:32:22,50.967,26.733,21.986,0,0.250,2966784,133008,175224,4652960,13008.635,1920.765,547.648,227.853,83.946,18.988,3643,6733,1.780,1.630,0.940,4,0,475.694,0,0,16,131,5,33,0
10-04 19:32:23,43.778,18.012,36.523,0.250,0,3015284,129576,175228,4608596,9038.812,1621.042,1845.186,460.296,80.051,30.019,7543,20241,1.780,1.630,0.940,3,0,257.165,0,0,16,147,5,33,0
10-04 19:32:24,35.241,21.745,40.740,0.250,0,3082224,130668,175228,4542276,5660.574,1511.619,35.991,6038.478,1.000,393.901,4066,6046,1.780,1.630,0.940,2,0,594.850,0,0,16,147,5,33,0
10-04 19:32:25,18.981,18.231,61.687,0.250,0,3105396,138132,175228,4512452,14339.445,1564.412,0,1446.532,0,224.772,3750,7752,1.800,1.630,0.950,2,0,327.667,0,0,17,147,5,33,0
10-04 19:32:26,27.717,19.476,50.938,0.250,0.250,3148416,136524,175228,4471876,5179.743,1618.045,51.937,587.291,1.998,42.948,4464,10154,1.800,1.630,0.950,3,0,433.476,0,0,17,149,5,32,0
10-04 19:32:27,37.086,19.044,42.599,0,0.251,3209528,131328,175236,4417636,5657.170,1713.990,0,1627.789,0,281.656,4942,11702,1.800,1.630,0.950,2,0,311.726,0,0,17,155,5,32,0
10-04 19:32:28,38.754,23.002,36.504,0.500,0,3324880,129316,175244,4306596,12498.337,1512.162,60.006,992.106,5.001,78.008,6813,12749,1.800,1.630,0.950,3,0,662.071,0,0,17,165,5,32,0
10-04 19:32:29,30.474,25.478,43.463,0,0,3407848,126076,175244,4228144,7891.221,1564.656,11.990,451.612,2.997,31.973,5257,10313,1.800,1.630,0.950,2,0,535.540,0,0,17,171,5,32,0
10-04 19:32:30,11.971,19.702,66.589,0.249,0,3418108,132076,175244,4212520,11394.448,1685.923,275.334,179.566,20.949,15.961,4516,7672,1.810,1.640,0.950,1,0,383.074,0,0,17,171,5,32,0
10-04 19:32:31,31.076,13.032,53.882,0.501,0.752,3481460,118108,175244,4163900,9105.281,1589.890,120.294,525.285,8.020,40.098,4579,9096,1.810,1.640,0.950,3,0,156.383,0,0,17,179,5,32,0
10-04 19:32:32,46.780,6.504,45.779,0,0,3604280,140652,175152,4021356,6745.317,1683.077,8.005,248.159,2.001,13.008,2141,2087,1.810,1.640,0.950,3,0,5.003,0,0,17,179,5,32,0
10-04 19:32:33,38.492,10.248,50.740,0.250,0,3569760,224448,175160,3973392,12031.642,1661.674,4335.150,755.852,80.984,62.988,3193,4829,1.810,1.640,0.950,4,0,187.963,0,0,17,182,5,32,0
10-04 19:32:34,40.493,19.997,37.744,0.250,0,3644576,148356,175164,3974664,8693.557,1511.749,0,467.922,0,31.995,4562,10663,1.810,1.640,0.950,3,0,457.924,0,0,17,183,5,32,0
10-04 19:32:35,40.993,16.997,39.244,0,0,3635696,153844,175220,3978028,11765.118,1565.749,2243.641,547.912,66.989,32.995,7130,12744,1.830,1.650,0.960,2,0,341.945,0,0,17,195,5,32,0
10-04 19:32:36,76.293,19.011,4.503,0.250,0.500,3730900,141992,175232,3897048,11469.457,1620.913,1332.750,11798.643,25.014,719.405,4567,8533,1.830,1.650,0.960,5,0,192.108,0,0,17,210,5,33,0
10-04 19:32:37,78.182,18.734,2.248,0.250,0.250,3856228,133380,175328,3783068,13010.746,1510.693,507.561,2158.133,8.992,110.904,3953,9035,1.830,1.650,0.960,6,0,63.945,0,0,17,219,5,34,0
10-04 19:32:38,60.051,23.020,17.015,0.500,0,3866720,137672,175344,3768236,5967.096,1657.415,96.082,604.516,10.009,30.026,5893,13966,1.830,1.650,0.960,3,0,398.340,0,0,17,219,5,41,0
10-04 19:32:39,48.172,22.713,27.456,0,0,3869720,146632,175344,3756716,9826.150,1691.272,3.994,750.789,0.998,52.915,6066,13859,1.830,1.650,0.960,10,0,360.419,0,0,17,221,5,41,0
10-04 19:32:40,55.329,24.535,16.524,1.001,0,3888580,142152,175344,3742124,7510.733,1696.424,0,27907.880,0,667.955,8639,41766,2.160,1.720,0.990,3,0,339.485,0,0,17,221,5,40,0
10-04 19:32:41,56.539,20.673,21.420,0,0.249,3973560,131228,175360,3668852,11436.240,1506.368,7.970,765.139,1.993,49.814,5912,11316,2.160,1.720,0.990,24,0,361.648,0,0,17,225,5,41,0
10-04 19:32:42,56.223,24.598,19.076,0,0,4018740,132176,175360,3622876,12444.442,1626.462,208.830,650.585,16.064,50.199,6036,15210,2.160,1.720,0.990,4,0,508.018,0,0,17,227,5,43,0
10-04 19:32:43,59.239,20.496,18.996,0.500,0,4051928,129536,175368,3592644,11798.782,1565.706,51.990,6890.705,2.999,632.881,8956,21172,2.160,1.720,0.990,5,0,219.959,0,0,17,237,5,45,0
10-04 19:32:44,63.547,14.952,21.681,0,0.498,4148936,132196,175372,3495112,13250.757,1708.553,103.670,6467.382,5.981,548.252,3903,7013,2.160,1.720,0.990,3,0,177.434,0,0,17,241,5,44,0
10-04 19:32:45,66.833,9.975,23.441,0.249,0,4210980,168480,175388,3398936,11518.170,1615.955,203.491,885.783,13.965,73.815,3223,6415,2.230,1.740,1,3,0,9.975,0,0,17,252,5,47,0
10-04 19:32:46,56.682,22.071,19.312,0,0,4223360,154352,175388,3400688,8611.583,1516.858,1115.573,1316.216,47.151,142.456,5848,14415,2.230,1.740,1,4,1,372.192,0,0,17,257,5,51,0
10-04 19:32:47,47.699,25.473,25.722,1.249,0,4246752,146028,175472,3386040,5928.656,1638.247,4311.387,7906.540,81.912,683.269,6534,11226,2.230,1.740,1,9,0,472.494,0,0,17,256,5,52,0
10-04 19:32:48,65.960,17.807,14.797,0.251,0,4288608,127532,175476,3363196,7081.583,1785.695,854.726,4414.076,9.029,291.931,5528,9126,2.230,1.740,1,5,0,186.595,0,0,18,256,5,46,0
10-04 19:32:49,78.778,14.755,6.252,0.250,0,4359576,154976,175472,3267032,12340.331,1512.531,784.275,552.194,10.004,34.012,2713,4663,2.230,1.740,1,3,0,102.036,0,0,18,259,5,46,0
10-04 19:32:50,58.751,11.750,28.000,0.250,0,4409492,131716,175508,3240676,5295.085,1566.025,624.010,1080.017,10.000,78.001,4136,10717,2.290,1.760,1.010,3,0,73.001,0,0,18,260,5,41,0
10-04 19:32:51,21.689,9.972,66.562,0,0.249,4427624,135232,175512,3219120,13132.939,2649.523,829.659,307.133,10.969,16.952,2418,3731,2.290,1.760,1.010,1,0,160.547,0,0,18,261,5,41,0
10-04 19:32:52,20.299,6.014,72.424,0,0,4425112,137648,175520,3219208,31799.350,4793.509,858.060,368.886,13.031,34.082,2265,3247,2.290,1.760,1.010,1,0,11.026,0,0,18,266,5,41,1
10-04 19:32:53,24.261,8.004,66.780,0.250,0.250,4459012,125140,175520,3201020,13007.762,2500.108,1016.450,292.129,33.015,19.008,2573,7178,2.290,1.760,1.010,1,0,42.019,0,0,19,270,5,41,0
10-04 19:32:54,20.647,5.721,71.641,0.249,0.249,4442444,141076,175520,3198580,587112.329,11534.248,509.449,298.505,3.980,26.865,2390,3090,2.290,1.760,1.010,1,0,8.955,0,0,18,270,5,41,0
10-04 19:32:55,8.013,2.254,88.388,0.501,0,4435192,146036,175520,3200872,2458415.044,56894.870,256.400,340.532,2.003,26.041,4841,4577,2.110,1.730,1,1,0,2.003,0,0,18,272,5,41,0
10-04 19:32:56,5.250,2.000,90.504,0,0,4435012,143992,175520,3203096,2467069.419,55732.675,32.002,352.017,2.000,36.002,4707,4755,2.110,1.730,1,1,0,2.000,0,0,18,276,5,40,0
10-04 19:32:57,6.244,1.748,88.662,0.250,0,4435172,140632,175524,3206292,3379747.430,53854.738,0,691.316,0,54.946,4543,4492,2.110,1.730,1,0,0,0.999,0,0,18,278,5,40,0
10-04 19:32:58,8.273,6.267,84.732,0.251,0.251,4422672,145912,175524,3213512,7937056.850,40815.631,0,264.724,0,28.077,3502,3364,2.110,1.730,1,1,0,57.156,0,0,18,277,5,38,0
10-04 19:32:59,15.715,10.726,70.591,0.249,0,4454552,132996,175524,3194792,11844.338,1636.317,2338.736,95.784,36.917,10.975,2727,4148,2.110,1.730,1,1,0,201.546,0,0,18,277,5,38,0
10-04 19:33:00,25.267,4.003,70.797,0.250,0,4478944,133660,175520,3169976,8697.801,1621.081,224.150,364.243,6.004,33.022,2805,4842,2.020,1.720,1,1,0,2.001,0,0,18,287,5,38,0
10-04 19:33:01,26.233,3.997,67.955,0.750,0.250,4491312,120788,175520,3170480,13672.976,1618.932,435.712,523.654,25.983,49.967,4451,8800,2.020,1.720,1,2,0,2.998,0,0,18,290,5,39,0
10-04 19:33:02,14.507,14.507,68.284,2.001,0.250,4441268,186460,175512,3155088,13323.702,1512.761,224.113,23563.853,10.005,665.335,4611,5833,2.020,1.720,1,2,0,349.176,0,0,18,289,5,41,0
10-04 19:33:03,23.318,5.767,69.954,0.251,0.251,4501424,125348,175512,3156028,4907.339,1644.806,886.591,461.348,11.032,49.144,2298,3798,2.020,1.720,1,1,0,120.352,0,0,18,291,5,41,0
10-04 19:33:04,10.970,15.957,70.808,0.249,0,4451532,175236,175512,3156032,12102.106,1615.609,0,382.959,0,31.913,3570,5816,2.020,1.720,1,2,0,359.024,0,0,18,291,5,39,0
10-04 19:33:05,7.995,16.490,73.703,0.250,0,4449120,177564,175512,3156116,12488.083,1736.899,15.990,551.650,1.999,28.982,3189,4900,1.940,1.710,1,0,0,310.803,0,0,18,291,6,39,0
10-04 19:33:06,4.998,1.250,91.720,0,0.250,4463808,162876,175512,3156116,5584.152,1709.434,0,695.770,0,47.984,1295,2083,1.940,1.710,1,1,0,8.997,0,0,18,291,6,39,0
10-04 19:33:07,25.252,3.000,71.006,0.250,0,4496624,130484,175512,3155692,13943.269,1566.143,0,16205.475,0,72.007,2047,3052,1.940,1.710,1,1,0,2.000,0,0,18,293,6,38,0
10-04 19:33:08,12.270,15.025,70.366,0,0,4445416,181680,175516,3155700,9155.106,1642.710,8.013,4.007,2.003,1.002,2970,4783,1.940,1.710,1,1,0,237.392,0,0,18,293,6,38,0
10-04 19:33:09,12.510,15.762,70.555,0,0.250,4444172,182668,175516,3155940,13625.546,1567.213,0,60.046,0,4.003,3179,5096,1.940,1.710,1,2,0,246.191,0,0,18,293,6,36,0
10-04 19:33:10,21.529,5.257,72.098,0.250,0,4504896,124392,175516,3153492,11503.622,1610.187,580.789,0,27.037,0,1765,2526,1.860,1.700,1,1,0,60.082,0,0,18,293,6,36,0
10-04 19:33:11,24.008,4.501,71.272,0.250,0.500,4564440,130808,175508,3087984,5224.646,1566.493,332.105,96.030,29.009,9.003,1628,2565,1.860,1.700,1,1,0,3.001,0,0,18,297,6,35,0
10-04 19:33:12,24.409,2.740,70.984,0.249,0,4461300,233916,175508,3088016,12572.902,1707.603,19.925,920.552,3.985,75.716,1884,2758,1.860,1.700,1,1,0,4.981,0,0,18,293,6,35,0
10-04 19:33:13,24.579,2.508,71.980,0,0,4524704,170412,175508,3088116,11642.220,1645.260,64.205,180.577,12.038,24.077,1682,2491,1.860,1.700,1,1,0,3.010,0,0,18,293,6,34,0
10-04 19:33:14,24.258,3.751,69.773,0.250,0,4446888,248228,175508,3088116,14951.009,1566.525,0,356.119,0,37.012,2315,3592,1.860,1.700,1,1,0,16.005,0,0,18,293,6,35,0
10-04 19:33:15,24.739,2.999,72.219,0,0,4489952,205136,175508,3088144,13425.200,1619.300,0,103.955,0,5.997,1426,2038,1.790,1.680,1,1,0,1.999,0,0,18,293,6,35,0
10-04 19:33:16,14.246,13.746,70.978,0.250,0.250,4442708,251192,175512,3089328,9524.029,1661.482,1447.548,263.918,23.993,6.998,2548,3979,1.790,1.680,1,1,0,201.937,0,0,18,293,6,35,0
10-04 19:33:17,13.262,15.765,70.816,0,0,4451812,241960,175512,3089456,10172.420,1567.451,20.019,0,5.005,0,2998,4637,1.790,1.680,1,1,0,341.316,0,0,18,293,6,33,0
10-04 19:33:18,22.245,5.499,70.485,0.500,0.250,4483360,210004,175532,3089844,6897.524,1619.653,491.895,507.891,22.995,34.993,2069,3103,1.790,1.680,1,1,0,43.991,0,0,18,293,6,33,0
10-04 19:33:19,24.995,4.749,68.235,0.250,0.250,4502312,190880,175540,3090008,5632.766,1511.669,191.958,207.954,15.996,12.997,9788,19901,1.790,1.680,1,1,0,11.997,0,0,18,293,6,33,0
10-04 19:33:20,17.704,1.995,78.794,0.249,0,4499968,191176,175684,3091704,23718.904,5313.090,71.812,702.162,2.992,28.924,1606,2241,1.650,1.660,1,1,0,0,0,0,18,294,6,33,0
10-04 19:33:21,24.241,5.748,69.723,0,0,4524824,165976,175704,3091956,13408.851,1767.321,0,315.879,0,15.994,9783,19443,1.650,1.660,1,1,0,13.995,0,0,18,294,6,33,0
10-04 19:33:22,16.806,11.789,70.736,0.251,0,4450544,240484,175708,3091724,14317.721,1691.638,32.107,618.060,1.003,30.100,2956,4588,1.650,1.660,1,2,0,240.803,0,0,18,293,6,33,0
10-04 19:33:23,23.740,3.499,71.720,0,0,4510784,180036,175708,3091932,15363.609,1565.349,0,47.980,0,3.998,1810,2561,1.650,1.660,1,2,0,25.989,0,0,18,293,6,33,0
10-04 19:33:24,19.749,10.500,69.248,0,0.250,4480688,210100,175708,3091964,12875.639,1565.956,23.999,351.990,2.000,27.999,2411,3659,1.650,1.660,1,1,0,113.997,0,0,18,293,6,36,0
10-04 19:33:25,21.913,5.229,70.969,0,0,4468236,222500,175708,3092016,14426.826,1671.376,0,103.589,0,5.976,2025,2960,1.600,1.640,1,1,0,69.724,0,0,18,293,6,37,0
10-04 19:33:26,24.509,2.251,71.276,0,0,4513820,176916,175708,3092016,5247.936,1566.578,0,124.046,0,14.005,1637,2647,1.600,1.640,1,1,0,2.001,0,0,18,293,6,37,0
10-04 19:33:27,22.077,5.770,72.002,0,0.251,4508864,181720,175708,3092168,7298.574,1517.317,0,0,0,0,1695,2425,1.600,1.640,1,1,0,58.204,0,0,18,293,6,37,0
10-04 19:33:28,23.168,3.737,71.497,0,0.249,4483464,207108,175708,3092180,13020.997,1688.036,0,123.563,0,11.958,1963,3041,1.600,1.640,1,2,0,33.880,0,0,18,293,6,40,0
10-04 19:33:29,24.250,5.000,70.751,0.500,0,4463948,226560,175708,3092244,10723.161,1566.023,36.001,340.005,3.000,37.001,2239,3511,1.600,1.640,1,1,0,48.001,0,0,18,293,6,40,0
10-04 19:33:30,24.520,3.753,70.806,0,0.250,4451680,238808,175708,3092264,11479.137,1513.205,0,204.163,0,13.010,1740,2491,1.550,1.630,1,1,0,24.019,0,0,18,293,6,42,0
10-04 19:33:31,22.988,4.248,71.962,0,0,4501396,189092,175708,3092264,9075.245,1619.152,0,151.920,0,7.996,1670,2540,1.550,1.630,1,1,0,11.994,0,0,18,293,6,42,0
10-04 19:33:32,20.933,6.728,68.281,0.997,0,4484408,206028,175708,3092316,13189.687,1614.820,15.949,5051.794,0.997,503.385,2862,3638,1.550,1.630,1,1,0,89.712,0,0,18,293,6,42,0
10-04 19:33:33,24.830,4.765,69.977,0,0,4466248,224188,175708,3092316,8726.256,1571.087,0,385.247,0,38.123,2298,3439,1.550,1.630,1,2,0,47.153,0,0,18,293,6,44,0
10-04 19:33:34,25.079,3.010,70.974,0.752,0.251,4505844,184372,175708,3092536,5569.617,1625.140,64.203,2014.371,10.032,132.419,2235,3493,1.550,1.630,1,1,0,2.006,0,0,18,293,6,45,0
10-04 19:33:35,23.423,4.734,71.016,0,0,4497828,192372,175712,3092548,5722.106,1614.668,0,550.183,0,24.918,1662,2506,1.500,1.620,1,1,0,15.947,0,0,18,293,6,46,0
10-04 19:33:36,27.497,4.249,66.742,1.250,0,4462368,227108,175712,3093272,12736.421,1511.813,507.937,1707.788,39.995,193.976,3656,6353,1.500,1.620,1,1,0,7.999,0,0,18,293,6,47,0
10-04 19:33:37,25.518,3.002,70.049,0.250,0,4492476,196616,175712,3093656,12403.670,1715.199,44.031,916.641,4.003,93.065,2393,4406,1.500,1.620,1,1,0,0,0,0,18,297,6,47,0
10-04 19:33:38,15.515,18.018,66.566,0.250,0.250,4460468,228468,175712,3093812,11533.383,1695.674,0,852.842,0,76.075,3831,6464,1.500,1.620,1,1,0,415.410,0,0,18,295,6,48,0
10-04 19:33:39,13.030,21.299,64.650,0,0.251,4454392,234384,175712,3093972,10054.296,1515.511,0,521.208,0,34.079,4999,9121,1.500,1.620,1,2,0,569.319,0,0,18,295,6,40,0
10-04 19:33:40,12.230,22.463,63.646,0,0,4454076,234432,175712,3094240,13007.732,1637.323,0,519.151,0,42.930,3984,6473,1.460,1.610,1,2,0,534.127,0,0,18,295,6,40,0
10-04 19:33:41,11.508,20.015,68.049,0,0.250,4459012,229468,175716,3094264,11711.503,1513.099,0,492.357,0,40.029,4035,6668,1.460,1.610,1,2,0,576.418,0,0,18,295,6,40,0
10-04 19:33:42,10.491,20.982,67.442,0.250,0,4459536,228892,175716,3094300,6053.836,1618.619,0,1926.357,0,124.893,4108,6873,1.460,1.610,1,1,0,555.526,0,0,18,295,6,40,0
10-04 19:33:43,10.742,19.735,67.948,0,0,4461448,226948,175716,3094332,11547.247,1564.814,0,275.791,0,24.981,3877,6426,1.460,1.610,1,2,0,519.606,0,0,18,295,6,35,0
10-04 19:33:44,12.231,18.471,68.393,0.499,0.250,4475096,213176,175716,3094456,11346.322,1677.387,83.869,463.278,5.991,36.942,4106,6618,1.460,1.610,1,1,0,483.247,0,0,18,295,6,35,0
10-04 19:33:45,19.245,12.247,67.732,0.250,0,4480064,282136,176596,3027660,5622.516,1693.553,39.989,2699.287,9.997,13.996,12420,24676,1.430,1.600,1,2,0,46.988,0,0,18,295,6,32,0
10-04 19:33:46,15.750,2.500,80.251,0,0,4496860,262036,176800,3030340,12481.087,2699.019,0,1180.008,0,35.000,1644,2560,1.430,1.600,1,0,0,3.000,0,0,18,298,6,32,0
10-04 19:33:47,10.000,1.000,87.752,0.250,0.250,4496868,261812,176828,3030528,14672.396,3881.105,32.001,464.013,1.000,40.001,1485,2396,1.430,1.600,1,1,0,0,0,0,18,299,6,26,0
10-04 19:33:48,14.501,2.500,81.005,1.000,0,4510396,247476,176880,3031220,29096.804,12079.749,600.037,1808.112,39.002,92.006,2242,3324,1.430,1.600,1,1,0,1.000,0,0,18,299,6,26,0
10-04 19:33:49,11.504,1.000,84.528,1.000,0.250,4517180,239412,176952,3032392,34011.258,14008.637,1008.334,1664.551,58.019,62.021,1955,2704,1.430,1.600,1,1,0,0,0,0,18,299,6,26,0
10-04 19:33:50,15.749,2.000,80.995,0.500,0,4526764,229332,177008,3032804,18485.761,11358.239,231.984,1227.918,24.998,53.996,1563,2309,1.390,1.590,1,0,0,0,0,0,18,299,6,25,0
10-04 19:33:51,15.748,1.500,81.741,0.500,0,4526956,228328,177056,3033536,27401.986,11461.739,735.919,1267.861,40.995,44.995,1746,2482,1.390,1.590,1,1,0,1.000,0,0,18,299,6,25,0
10-04 19:33:52,20.765,4.503,73.554,1.751,0,4520800,199916,177768,3065996,12602.212,3425.504,11420.348,2137.563,133.097,76.056,1876,2848,1.390,1.590,1,1,0,0,0,0,18,298,6,23,1
10-04 19:33:53,21.488,4.747,71.459,1.249,0.250,4529168,161920,178604,3093404,11680.354,1605.087,0,4257.577,0,141.919,1967,3025,1.390,1.590,1,1,0,0,0,0,18,298,6,23,1
10-04 19:33:54,26.708,5.741,63.900,0.998,0.250,4534428,126904,179800,3119768,13605.721,1617.470,0,3450.603,0,143.775,2620,8774,1.390,1.590,1,0,1,33.947,0,0,18,298,6,23,1
10-04 19:33:55,23.537,4.006,71.864,0.250,0,4496080,176592,179972,3107904,13207.921,1700.694,64.102,1253.986,7.011,28.044,1584,2199,1.360,1.580,1,1,0,6.010,0,0,18,297,6,23,0
10-04 19:33:56,24.086,5.018,68.997,0,0,4492228,179364,179972,3108940,11226.257,1625.830,0,987.541,0,7.025,9102,18251,1.360,1.580,1,1,0,13.047,0,0,18,297,6,23,0
10-04 19:33:57,24.774,5.255,68.816,0.250,0.250,4463452,208020,179972,3109060,7212.946,1459.405,32.031,1365.315,1.001,41.040,8753,17634,1.360,1.580,1,1,0,13.013,0,0,18,297,6,23,0
10-04 19:33:58,22.652,4.481,70.445,0,0,4478596,192956,179972,3108968,6329.618,1613.022,0,529.708,0,17.922,3221,5448,1.360,1.580,1,1,0,53.767,0,0,18,297,6,23,0
10-04 19:33:59,25.584,4.766,69.479,0,0.251,4508004,163504,179972,3108984,11615.249,1462.817,0,60.198,0,4.013,10871,21417,1.360,1.580,1,2,0,11.036,0,0,18,297,6,23,0
10-04 19:34:00,23.009,7.253,67.778,0,0.250,4508188,163200,179972,3109100,11987.891,1620.661,0,84.034,0,1.000,14439,29649,1.330,1.570,1,3,0,14.006,0,0,18,297,6,23,0
10-04 19:34:01,23.493,3.999,71.727,0,0,4463848,207644,179972,3108984,11764.247,1531.511,0,119.962,0,9.997,1782,2355,1.330,1.570,1,2,0,13.996,0,0,18,297,6,23,0
10-04 19:34:02,24.435,3.740,71.808,0,0,4453516,217944,179972,3109012,12465.630,1689.477,0,7.979,0,1.995,1565,2042,1.330,1.570,1,1,0,23.936,0,0,18,297,6,18,0
10-04 19:34:03,22.809,7.519,66.923,1.253,0,4472460,183236,180692,3122304,11913.749,1624.192,12.031,10318.632,3.008,508.312,15381,28915,1.330,1.570,1,2,0,80.207,0,0,18,297,6,18,0
10-04 19:34:04,15.689,1.743,79.691,0,0,4493776,158596,180896,3124968,9406.540,2668.656,0,936.371,0,24.903,1684,2730,1.330,1.570,1,0,0,2.988,0,0,18,298,6,18,0
10-04 19:34:05,9.746,0.500,88.467,0,0.250,4494856,157336,180916,3125128,14004.846,3982.534,0,175.935,0,10.996,1184,1829,1.220,1.550,0.990,0,0,0,0,0,18,299,6,18,0
10-04 19:34:06,12.562,1.256,84.917,0.502,0.251,4505492,146496,180968,3125192,17469.794,10924.651,0,1109.449,0,41.202,1415,2195,1.220,1.550,0.990,0,0,0,0,0,18,299,6,18,0
10-04 19:34:07,9.970,1.496,85.993,1.246,0.249,4505372,146244,181040,3125448,57658.831,12697.086,47.857,1706.903,1.994,83.750,1956,2937,1.220,1.550,0.990,0,0,0,0,0,18,300,6,18,0
10-04 19:34:08,5.011,1.253,93.201,0.251,0,4505616,145752,181108,3125628,112823.812,6901.915,0,793.715,0,32.069,1443,2114,1.220,1.550,0.990,1,0,0,0,0,18,300,6,18,0
10-04 19:34:09,11.469,0.997,86.265,0.249,0,4511392,139732,181168,3125720,29428.924,8973.583,0,901.547,0,34.905,1522,2133,1.220,1.550,0.990,0,0,0,0,0,18,300,6,18,0
10-04 19:34:10,11.746,1.500,84.974,0.250,0,4511416,139508,181228,3125820,24013.628,12254.238,0,1195.633,0,38.988,1453,2209,1.130,1.520,0.990,0,0,0,0,0,18,299,6,18,1
10-04 19:34:11,12.495,0.750,84.217,0.500,0,4511140,139284,181340,3126160,250391.347,16571.537,0,1539.400,0,54.979,1818,2511,1.130,1.520,0.990,0,0,1.000,0,0,18,299,6,18,1
10-04 19:34:12,7.000,2.000,89.247,0.750,0,4510548,139284,181624,3126304,129973.231,17677.487,27.999,2351.932,4.000,110.997,1842,2714,1.130,1.520,0.990,0,0,0,0,0,18,299,6,18,1
10-04 19:34:13,14.000,1.750,83.000,0.750,0,4510600,130504,181728,3134832,47768.761,10540.947,96.000,1411.993,6.000,60.000,1648,2451,1.130,1.520,0.990,1,0,0,0,0,18,299,6,18,1
10-04 19:34:14,3.749,0.750,93.470,0,0.250,4510896,129300,181728,3135724,478676.951,20443.335,0,555.819,0,74.976,2017,2599,1.130,1.520,0.990,1,0,1.000,0,0,18,299,6,17,1
10-04 19:34:15,2.751,1.251,94.297,0.750,0.250,4511504,128348,181728,3136068,381669.598,18223.148,0,2045.027,0,130.065,1932,2639,1.040,1.490,0.980,1,0,0,0,0,18,299,6,17,1
10-04 19:34:16,5.250,1.500,91.243,0.250,0.250,4507720,127604,181760,3140516,2351106.369,55177.972,0,2155.843,0,53.996,3609,4177,1.040,1.490,0.980,0,0,1.000,0,0,18,299,6,17,1
10-04 19:34:17,5.503,2.251,90.294,0.250,0.250,4507128,123740,181800,3144932,2215753.993,51391.771,4.002,4410.126,1.000,67.032,4431,4865,1.040,1.490,0.980,1,0,1.000,0,0,18,299,6,17,1
10-04 19:34:18,5.516,3.259,87.753,1.003,0,4494680,145708,181796,3135404,2473729.235,54994.604,0,16940.857,0,79.228,4959,5457,1.040,1.490,0.980,0,0,0,0,0,18,299,5,17,1
10-04 19:34:19,17.254,6.752,73.267,0,0,4522704,149692,181796,3103488,2471371.715,55355.119,512.121,184.044,4.001,11.003,5119,4981,1.040,1.490,0.980,1,0,8.002,0,0,18,299,5,17,1
10-04 19:34:20,14.201,4.485,78.482,0,0,4521424,146520,181796,3107936,2458662.749,55217.322,510.256,119.591,3.986,7.973,5056,4907,1.030,1.490,0.980,0,0,3.986,0,0,18,299,5,17,1
10-04 19:34:21,4.249,1.999,90.724,0,0,4520684,142808,181796,3112388,2462917.457,55764.274,0,79.977,0,5.998,4875,4502,1.030,1.490,0.980,1,0,1.000,0,0,18,299,5,17,1
10-04 19:34:22,9.251,3.250,84.505,1.250,0,4502708,148424,181992,3124324,3900747.541,45958.528,136.007,14892.819,2.000,106.006,3826,3899,1.030,1.490,0.980,1,0,3.000,0,0,18,299,5,17,1
10-04 19:34:23,22.496,4.249,71.489,0.750,0,4520460,145212,183672,3106040,11293.216,1619.744,27.996,3123.506,2.000,84.987,1865,2557,1.030,1.490,0.980,1,1,0,0,0,18,299,5,17,1
10-04 19:34:24,22.334,6.525,69.513,1.255,0.251,4536064,136796,185544,3094692,7989.191,1626.145,0,41761.818,0,353.335,2459,3161,1.030,1.490,0.980,1,0,0,0,0,18,299,5,14,1
10-04 19:34:25,21.661,3.984,71.456,0.996,0.249,4516024,140432,186528,3108140,15242.384,1613.372,0,2605.297,0,113.534,1915,2734,1.030,1.480,0.980,1,0,0,0,0,18,299,5,14,1
10-04 19:34:26,22.505,4.501,70.515,1.250,0.500,4515420,136020,188008,3108992,8598.832,1694.361,0,2820.601,0,117.025,2119,3119,1.030,1.480,0.980,2,0,0,0,0,18,299,5,13,1
10-04 19:34:27,23.756,3.751,71.268,0.500,0,4520232,142884,189260,3094364,13556.457,1532.391,0,3104.792,0,79.020,1971,2910,1.030,1.480,0.980,1,0,0,0,0,18,299,5,13,1
10-04 19:34:28,19.305,2.006,77.220,1.003,0,4455480,231412,189772,3069088,14208.494,4305.270,20.057,2186.231,3.009,77.220,1861,2594,1.030,1.480,0.980,1,0,2.006,0,0,18,297,5,10,0
10-04 19:34:29,26.437,4.739,68.089,0,0,4510408,175104,189772,3070432,7245.820,1689.993,0,27961.703,0,64.846,8735,17535,1.030,1.480,0.980,1,0,7.981,0,0,18,297,5,10,0
10-04 19:34:30,22.058,4.763,72.441,0,0,4506640,178632,189776,3070576,11852.278,1624.286,0,1969.197,0,9.024,1557,2066,1.030,1.470,0.980,1,0,9.024,0,0,18,297,5,8,0
10-04 19:34:31,23.261,6.003,69.534,0,0,4521492,163768,189776,3070584,12677.110,1620.781,0,24.012,0,6.003,8195,16246,1.030,1.470,0.980,1,0,13.006,0,0,18,297,5,8,0
10-04 19:34:32,23.409,4.483,70.974,0,0,4507656,175664,189956,3072108,13157.869,1452.356,167.350,665.414,3.985,7.969,1553,2102,1.030,1.470,0.980,1,0,5.977,0,0,18,297,5,8,0
10-04 19:34:33,25.116,3.767,68.316,1.758,0,4512704,168168,190064,3074040,9150.375,1711.928,908.206,3484.135,33.154,182.847,4728,8692,1.030,1.470,0.980,2,0,2.009,0,0,18,302,5,13,0
10-04 19:34:34,19.721,11.233,63.656,2.746,0.250,4462260,217896,190068,3074924,11529.947,1691.498,567.161,32999.194,31.953,738.907,6206,10809,1.030,1.470,0.980,1,0,210.688,0,0,18,299,5,15,0
10-04 19:34:35,11.219,13.713,69.560,2.992,0.249,4456124,219376,190068,3079760,8958.516,1679.410,4770.961,2309.688,408.883,259.291,3649,5150,0.950,1.450,0.980,1,0,237.351,0,0,18,299,6,14,0
10-04 19:34:36,11.247,5.998,67.231,15.995,0.250,4428844,212068,190068,3114348,5618.382,1693.512,34586.039,3043.124,2530.271,142.959,7358,10462,0.950,1.450,0.980,0,1,0,0,0,18,299,6,14,0
10-04 19:34:37,10.533,2.006,86.768,0.502,0,4430724,208036,190068,3116496,10391.150,3148.742,1978.120,782.421,51.158,16.050,1835,2783,0.950,1.450,0.980,1,0,6.019,0,0,18,300,6,12,0
10-04 19:34:38,3.488,0.498,94.420,0,0.249,4431600,207028,190068,3116628,50271.302,4491.303,0,7.972,0,1.993,1440,2045,0.950,1.450,0.980,0,0,0,0,0,18,300,6,12,0
10-04 19:34:39,4.251,2.751,93.026,0.250,0,4416640,221696,190140,3116852,29910.405,125417.242,192.054,1332.374,6.002,11.003,1458,2041,0.950,1.450,0.980,0,0,12.003,0,0,18,299,6,10,0
10-04 19:34:40,2.001,0,96.537,0,0,4416640,221696,190140,3116852,12311.715,1458.559,0,0,0,0,1052,1688,0.870,1.420,0.970,1,0,0,0,0,18,299,6,10,0
10-04 19:34:41,3.000,1.000,96.000,0,0,4416864,221472,190140,3116852,11492.011,1690.002,0,0,0,0,1177,1868,0.870,1.420,0.970,0,0,1.000,0,0,18,299,6,10,0
10-04 19:34:42,2.500,1.000,96.243,0,0.250,4416864,221472,190140,3116852,12275.128,1531.891,0,0,0,0,1119,1747,0.870,1.420,0.970,5,0,1.000,0,0,18,299,6,10,0
10-04 19:34:43,1.750,0.750,95.979,0,0,4416860,221472,190140,3116856,12072.404,1767.620,0,75.984,0,8.998,1181,1800,0.870,1.420,0.970,1,0,0,0,0,18,299,6,10,0
10-04 19:34:44,4.750,1.000,92.003,0.750,0.500,4416852,221472,190140,3116864,5256.194,1620.060,4.000,896.033,1.000,101.004,2116,3557,0.870,1.420,0.970,0,0,0,0,0,18,299,6,10,0
10-04 19:34:45,1.250,0.500,96.510,0,0,4416848,221472,190140,3116868,5830.589,1620.164,0,0,0,0,1040,1781,0.800,1.400,0.970,0,0,0,0,0,18,299,6,10,0
10-04 19:34:46,2.751,0.750,95.546,0.250,0,4416844,221472,190140,3116872,11960.813,1620.788,0,96.047,0,9.004,1288,1991,0.800,1.400,0.970,0,0,0,0,0,18,299,6,10,0
10-04 19:34:47,1.750,0.500,95.987,0,0,4416844,221472,190140,3116872,8940.784,1457.802,0,75.990,0,9.999,1159,1857,0.800,1.400,0.970,0,0,0,0,0,18,299,6,10,0
10-04 19:34:48,3.001,1.000,94.268,0.250,0,4416812,221472,190140,3116904,11624.232,1620.311,28.005,392.075,6.001,41.008,1672,2623,0.800,1.400,0.970,0,0,0,0,0,18,299,6,10,0
10-04 19:34:49,2.501,0.500,96.286,0,0,4416804,221472,190140,3116912,8498.178,1620.606,0,4.001,0,1.000,1162,1925,0.800,1.400,0.970,0,0,0,0,0,18,299,6,10,0
10-04 19:34:50,1.749,0.500,96.421,0,0.250,4416800,221472,190140,3116916,13228.219,1618.681,0,3.997,0,0.999,1096,1726,0.730,1.370,0.960,0,0,0,0,0,18,299,6,10,0
10-04 19:34:51,2.250,0.750,95.983,0,0.250,4417044,221224,190140,3116920,13153.659,1767.685,0,215.962,0,16.997,1281,1963,0.730,1.370,0.960,0,0,1.000,0,0,18,299,6,10,0
10-04 19:34:52,4.001,0.500,94.517,0.250,0,4417044,221224,190140,3116920,7641.398,1620.297,0,244.045,0,23.004,1498,2439,0.730,1.370,0.960,1,0,0,0,0,18,299,6,10,0
10-04 19:34:53,2.250,0.750,95.989,0,0,4417044,221224,190140,3116920,5263.379,1457.828,0,31.996,0,4.000,1172,1907,0.730,1.370,0.960,0,0,0,0,0,18,299,6,10,0
10-04 19:34:54,8.749,4.750,84.491,1.500,0,4409964,228208,190140,3116948,12042.772,1619.835,15.998,30384.901,1.000,339.965,3251,5702,0.730,1.370,0.960,0,0,33.997,0,0,18,299,6,11,0
10-04 19:34:55,3.000,0.500,95.500,0,0.250,4409964,228208,190140,3116948,12270.939,1619.992,0,211.999,0,23.000,1421,2279,0.680,1.350,0.960,0,0,0,0,0,18,299,6,10,0
10-04 19:34:56,1.750,0.250,96.260,0.250,0,4409964,228208,190140,3116948,11075.108,1458.146,0,892.089,0,157.016,1365,1794,0.680,1.350,0.960,0,0,0,0,0,18,299,6,10,0
10-04 19:34:57,2.250,1.000,96.495,0,0,4410000,228208,190140,3116948,11996.424,1619.922,0,87.996,0,6.000,1126,1795,0.680,1.350,0.960,0,0,0,0,0,18,299,6,10,0
10-04 19:34:58,2.000,0.750,95.995,0.250,0,4409996,228208,190140,3116952,13440.341,1531.925,0,119.994,0,15.999,1221,1889,0.680,1.350,0.960,0,0,0,0,0,18,299,6,10,0
10-04 19:34:59,2.752,2.501,94.052,0,0,4409996,228208,190140,3116952,8369.587,1620.888,0,57595.562,0,218.120,1853,2490,0.680,1.350,0.960,1,0,0,0,0,18,299,6,10,0
10-04 19:35:00,1.748,2.248,94.899,0,0.499,4410492,227732,190140,3116952,5295.360,1564.334,0,55536.853,0,118.873,1406,2057,0.620,1.330,0.950,1,0,0,0,0,18,299,6,10,0
10-04 19:35:01,2.752,0.500,96.326,0,0,4410744,227480,190140,3116952,15295.053,1513.192,0,0,0,0,1364,2017,0.620,1.330,0.950,0,0,1.001,0,0,18,299,6,10,0
10-04 19:35:02,1.999,0.500,96.710,0,0,4410744,227480,190140,3116952,8742.424,1619.338,0,3.998,0,1.000,1041,1685,0.620,1.330,0.950,0,0,0,0,0,18,299,6,10,0
10-04 19:35:03,3.001,0.750,94.775,0.250,0,4410744,227480,190140,3116952,7472.988,1458.388,0,1832.487,0,36.010,1428,2366,0.620,1.330,0.950,0,0,0,0,0,18,299,6,10,0
10-04 19:35:04,3.250,0.750,94.993,0.250,0,4410736,227480,190140,3116960,11901.107,1619.879,0,331.975,0,42.997,1706,2853,0.620,1.330,0.950,0,0,0,0,0,18,299,6,10,0
10-04 19:35:05,2.500,1.750,94.513,0.500,0.250,4410988,227228,190140,3116960,7940.080,1620.220,0,6668.907,0,129.018,1568,2239,0.650,1.320,0.950,0,0,0,0,0,18,301,6,10,0
10-04 19:35:06,1.750,0.500,96.258,0,0,4410988,227228,190140,3116960,12656.063,1566.132,0,356.030,0,26.002,1162,1846,0.650,1.320,0.950,0,0,0,0,0,18,301,6,10,0
10-04 19:35:07,2.752,0.750,95.059,0,0.250,4410988,227228,190140,3116960,11523.098,1661.023,0,580.358,0,83.051,1354,1985,0.650,1.320,0.950,0,0,0,0,0,18,301,6,10,0
10-04 19:35:08,2.748,0.500,96.426,0,0,4410988,227228,190140,3116960,6342.129,1692.700,0,3.997,0,0.999,1136,1809,0.650,1.320,0.950,0,0,0,0,0,18,301,6,10,0
10-04 19:35:09,2.501,0.750,96.285,0.250,0.250,4410988,227228,190140,3116960,11308.139,540.198,0,32.012,0,3.001,1142,1810,0.650,1.320,0.950,0,0,0,0,0,18,301,6,10,0
10-04 19:35:10,8.501,3.250,86.760,0.250,0,4423836,214380,190172,3116928,338088.528,6590.732,140.016,164.018,4.000,3.000,1487,1983,0.680,1.320,0.950,1,0,24.003,0,0,18,301,6,10,0
10-04 19:35:11,13.548,5.520,80.789,0,0.251,4427016,210300,190208,3117788,246062.674,8392.001,297.062,4.014,12.043,1.004,1857,2410,0.680,1.320,0.950,1,0,35.126,0,0,18,301,6,10,0
