"pcp-dstat 6.2.0 CSV Output"
"Author:","PCP team <pcp@groups.io> and Dag Wieers <dag@wieers.com>",,,,"URL:","https://pcp.io/ and http://dag.wieers.com/home-made/dstat/"
"Host:","ubuntu",,,,"User:","ubuntu"
"Cmdline:","dstat -tcmndrylpg --tcp --output /tmp/devstack_logs/dstat-csv.log",,,,"Date:","16 Mar 2026 05:56:25 UTC"
"system","total usage",,,,,"memory usage",,,,"net/total",,"dsk/total",,"io/total",,"system",,"load avg",,,"procs",,,"paging",,"tcp sockets",,,,
"time","total usage:usr","total usage:sys","total usage:idl","total usage:wai","total usage:stl","used","free","buf","cach","net/total:recv","net/total:send","dsk/total:read","dsk/total:writ","read","writ","int","csw","1m","5m","15m","run","blk","new","in","out","lis","act","syn","tim","clo"
16-03 05:56:25,,969212,1414112,164888,5258496,,,,,,,1.470,0.950,0.530,1,0,,,,10,2,0,18,0
16-03 05:56:26,10.246,19.993,67.726,0.500,0,977840,1405328,164900,5258604,8878.802,2861.969,0,2351.153,0,59.978,5902,4525,1.470,0.950,0.530,2,0,391.859,0,0,10,2,0,17,0
16-03 05:56:27,8.721,20.432,69.021,0,0.249,964552,1418584,164900,5258636,5271.483,1614.634,0,223.258,0,17.940,5574,3830,1.470,0.950,0.530,4,0,347.844,0,0,10,2,0,17,0
16-03 05:56:28,14.785,17.792,66.156,0,0,958220,1424736,164900,5259128,6932.394,2869.787,0,24.057,0,6.014,5971,5646,1.470,0.950,0.530,6,0,293.695,0,0,10,2,0,17,0
16-03 05:56:29,16.211,9.976,73.076,0,0,1074792,1307916,164900,5383832,10569.877,1454.543,0,0,0,0,5290,6616,2.560,1.180,0.610,1,0,130.689,0,0,11,2,0,17,0
16-03 05:56:30,11.247,7.498,79.481,0.250,0,1080040,1302616,164900,5383864,11482.188,1619.603,0,2067.494,0,146.964,2885,2092,2.560,1.180,0.610,2,0,99.976,0,0,11,4,0,17,0
16-03 05:56:31,13.994,12.744,71.468,0,0,1093036,1289604,164908,5383868,12405.422,1661.253,0,3682.344,0,30.986,4263,3119,2.560,1.180,0.610,2,0,185.916,0,0,11,4,0,19,0
16-03 05:56:32,27.610,7.028,65.510,0.251,0.251,1178144,1202856,165084,5384996,8475.632,2734.852,0,1108.398,0,17.068,2908,10902,2.560,1.180,0.610,1,0,36.143,0,0,11,5,0,20,0
16-03 05:56:33,32.109,4.729,57.747,3.734,0.249,1188016,1190068,165276,5387492,15178.461,4053.232,0,7996.943,0,512.752,5049,6041,2.560,1.180,0.610,5,0,30.865,0,0,11,6,0,20,0
16-03 05:56:34,21.251,5.750,54.504,15.751,0,1204572,1165652,166264,5393996,23364.538,10261.676,0,33098.179,0,2822.186,16075,23553,2.590,1.210,0.620,2,0,45.003,0,0,11,7,0,19,0
16-03 05:56:35,24.100,6.527,56.233,10.795,0,1174800,1192924,166952,5395604,45227.511,14462.963,0,35358.595,0,2402.963,12861,17841,2.590,1.210,0.620,3,0,102.425,0,0,11,6,0,19,0
16-03 05:56:36,36.952,4.494,57.676,0.499,0,1252508,1114748,167092,5395808,21127.832,10937.935,0,1825.652,0,66.914,2779,1697,2.590,1.210,0.620,3,0,0,0,0,11,6,0,19,0
16-03 05:56:37,35.951,3.495,56.673,2.247,0,1255844,1110696,167344,5396148,46192.926,12785.542,0,8532.349,0,446.390,4008,3297,2.590,1.210,0.620,3,0,9.986,0,0,11,6,0,19,0
16-03 05:56:38,35.204,5.992,56.925,0.749,0.499,1293768,1054420,167592,5413456,187282.035,12616.363,0,1965.408,0,68.909,2964,2035,2.590,1.210,0.620,3,0,0.999,0,0,11,6,0,19,0
16-03 05:56:39,43.142,7.274,48.911,0.502,0,1283132,1044548,168576,5430324,13395.992,1625.338,0,2371.789,0,70.231,3561,2198,2.540,1.230,0.630,3,0,56.185,0,0,11,6,0,19,0
16-03 05:56:40,31.779,21.019,45.041,0.500,0,1264052,1038444,169040,5452600,7384.681,1459.320,0,1205.090,0,45.041,6842,5810,2.540,1.230,0.630,3,0,565.512,0,0,11,6,0,19,0
16-03 05:56:41,38.947,18.109,40.435,1.240,0,1278992,1005944,170032,5467048,12284.304,1607.478,0,3707.121,0,196.469,6436,7832,2.540,1.230,0.630,5,0,245.091,0,0,11,6,0,19,0
16-03 05:56:42,66.174,12.329,20.632,1.006,0,1327412,927752,170968,5493324,11756.371,1630.453,0,3264.932,0,219.407,4501,2510,2.540,1.230,0.630,4,0,106.684,0,0,11,7,0,19,0
16-03 05:56:43,56.813,10.964,30.649,0.748,0,1276940,988808,171452,5481524,6297.231,1961.531,0,2392.111,0,118.609,3960,2082,2.540,1.230,0.630,3,0,49.836,0,0,11,5,0,19,0
16-03 05:56:44,35.931,9.799,54.022,0,0.251,1307388,956052,171544,5483712,12150.078,1628.185,0,635.193,0,34.172,4195,4983,2.500,1.240,0.640,2,0,118.596,0,0,11,4,0,19,0
16-03 05:56:45,2.982,2.485,92.934,0.497,0,1308628,954776,171544,5483720,9475.260,1651.934,0,3765.057,0,127.225,1615,1820,2.500,1.240,0.640,2,1,21.867,0,0,11,4,0,19,0
16-03 05:56:46,22.028,4.005,72.592,0,0,1379872,883540,171548,5483724,7222.203,1622.067,0,15019.137,0,129.165,2110,1370,2.500,1.240,0.640,2,0,0,0,0,11,4,0,19,0
16-03 05:56:47,24.008,2.001,73.776,0,0.250,1402164,861048,171548,5483920,9980.518,1458.514,0,0,0,0,1763,1067,2.500,1.240,0.640,2,0,0,0,0,11,6,0,19,0
16-03 05:56:48,20.245,5.999,70.234,2.000,0.500,1339036,924108,171572,5483964,7854.203,1619.630,0,4386.996,0,376.914,4664,5579,2.500,1.240,0.640,3,0,42.990,0,0,11,4,0,21,0
16-03 05:56:49,23.302,2.756,73.414,0.251,0,1390904,871696,171836,5484156,10390.216,1623.628,272.609,541.209,10.022,12.027,1965,1428,2.380,1.240,0.640,2,0,0,0,0,11,11,0,22,0
16-03 05:56:50,22.416,1.993,72.728,0.996,0,1395996,866180,171880,5484468,8882.749,1613.959,267.001,1904.870,65.754,83.687,3003,3172,2.380,1.240,0.640,2,0,2.989,0,0,11,28,0,22,0
16-03 05:56:51,21.231,6.744,70.687,0.999,0,1401148,860992,171880,5484476,4496.981,1618.554,0,29461.671,0,592.471,3306,1707,2.380,1.240,0.640,2,0,43.961,0,0,11,28,0,16,0
16-03 05:56:52,24.022,9.509,66.061,0,0,1414588,847520,171880,5484504,9828.120,1663.544,0,1289.196,0,8.007,3540,2802,2.380,1.240,0.640,3,0,156.145,0,0,11,28,0,16,0
16-03 05:56:53,44.253,6.250,48.003,0.250,0,1463928,798048,171880,5484640,13311.847,1458.093,0,1092.070,0,8.001,3294,2270,2.380,1.240,0.640,3,0,0,0,0,11,28,0,17,0
16-03 05:56:54,47.963,19.587,31.891,0.251,0,1473128,788788,171888,5484844,10238.364,1627.210,0,2724.070,0,59.263,6965,9410,2.430,1.260,0.650,6,0,445.976,0,0,11,28,0,18,0
16-03 05:56:55,82.617,17.274,0.250,0,0.250,1655972,605864,171888,5484892,11366.098,1622.298,0,116.165,0,9.013,5358,3595,2.430,1.260,0.650,7,0,134.190,0,0,11,28,0,18,0
16-03 05:56:56,86.646,11.702,1.494,0,0,1748772,512776,171892,5485128,9063.000,1613.413,0,19675.674,0,97.602,8581,11638,2.430,1.260,0.650,5,0,0,0,0,11,31,0,18,1
16-03 05:56:57,53.484,14.496,29.491,0.250,1.250,1558040,703428,171900,5485168,8834.384,1713.493,0,503.851,0,50.985,5856,7281,2.430,1.260,0.650,2,0,309.908,0,0,11,28,0,18,0
16-03 05:56:58,23.239,3.498,73.215,0.250,0,1541244,720212,171900,5485180,5801.249,1619.232,0,247.882,0,19.991,2929,3405,2.430,1.260,0.650,2,0,0,0,0,11,28,0,19,0
16-03 05:56:59,19.021,7.508,72.832,0,0,1507244,754200,171904,5485188,5576.293,1459.647,0,388.438,0,22.025,2695,2007,2.310,1.260,0.650,2,0,68.077,0,0,11,28,0,18,0
16-03 05:57:00,20.507,5.502,72.026,0.250,0,1454152,807132,171912,5485340,10324.724,1620.585,0,144.052,0,18.006,3558,3692,2.310,1.260,0.650,3,0,57.021,0,0,11,28,0,18,0
16-03 05:57:01,7.519,23.309,67.169,0,0.251,1431464,829804,171912,5485352,10556.600,1624.092,0,200.505,0,12.030,5975,4263,2.310,1.260,0.650,3,0,488.230,0,0,11,28,0,18,0
16-03 05:57:02,67.838,25.283,6.508,0,0.250,1535756,725412,171912,5485388,13392.372,1622.104,0,212.275,0,22.029,5870,4383,2.310,1.260,0.650,7,0,495.643,0,0,11,28,0,18,0
16-03 05:57:03,87.686,9.743,1.999,0,0,1674424,586692,171912,5485440,13568.165,1618.827,0,543.606,0,28.979,6536,7642,2.310,1.260,0.650,4,0,0,0,0,11,32,0,19,0
16-03 05:57:04,74.210,18.240,7.246,0,0.250,1524828,735992,171948,5485684,12512.277,1619.130,0,3801.957,0,240.871,9273,13954,2.290,1.270,0.660,7,0,309.834,0,0,11,28,0,19,0
16-03 05:57:05,87.078,13.262,0,0,0,1681732,579008,171960,5485732,7090.381,1459.313,0,296.267,0,14.013,4978,2901,2.290,1.270,0.660,9,0,0,0,0,11,28,0,19,0
16-03 05:57:06,86.183,11.209,1.993,0,0.249,1741724,518792,171964,5485944,5619.338,1614.065,0,2108.248,0,45.831,8825,13047,2.290,1.270,0.660,6,0,49.817,0,0,11,30,0,19,0
16-03 05:57:07,70.091,16.213,12.721,0,0.249,1563280,697020,171968,5486156,5092.448,1616.333,0,391.113,0,16.962,7054,9785,2.290,1.270,0.660,3,0,247.439,0,0,11,28,0,19,0
16-03 05:57:08,45.009,6.286,48.027,0.251,0,1559636,700608,171976,5486200,10957.114,1629.385,0,350.016,0,25.145,5015,5926,2.290,1.270,0.660,3,0,22.127,0,0,11,29,0,19,0
16-03 05:57:09,54.499,21.153,24.637,0,0,1544240,715840,171976,5486364,8605.359,1612.572,0,286.679,0,19.908,4889,3775,2.190,1.270,0.660,4,0,354.368,0,0,11,28,0,19,0
16-03 05:57:10,62.626,7.515,27.806,0,0,1545632,714308,171992,5486472,9941.936,1460.929,0,472.948,0,44.088,7227,10045,2.190,1.270,0.660,4,0,34.068,0,0,11,28,0,19,0
16-03 05:57:11,77.926,20.546,1.754,0,0,1550412,709484,171996,5486500,6756.234,1623.661,0,2750.201,0,77.174,5234,2875,2.190,1.270,0.660,5,0,225.508,0,0,11,28,0,19,0
16-03 05:57:12,71.397,10.735,15.727,0.499,0.499,1572812,686984,172008,5486584,10248.263,1617.674,0,57413.440,0,244.648,9993,13628,2.190,1.270,0.660,7,0,103.851,0,0,11,30,0,21,0
16-03 05:57:13,69.352,14.772,15.773,0,0,1563928,695832,172008,5486620,7443.938,1622.384,0,236.347,0,13.019,4577,3178,2.190,1.270,0.660,5,0,220.324,0,0,11,28,0,21,0
16-03 05:57:14,64.249,11.500,23.250,0,0,1548056,711424,172012,5486896,5330.901,1619.970,0,519.990,0,47.999,7691,11009,2.250,1.300,0.680,7,0,200.996,0,0,11,28,0,21,0
16-03 05:57:15,66.437,13.487,20.231,0,0,1565336,694132,172012,5486908,9249.261,1618.471,0,1214.852,0,19.981,4195,2439,2.250,1.300,0.680,4,0,97.907,0,0,11,30,0,21,0
16-03 05:57:16,64.619,16.030,17.783,0.250,0.250,1464564,794560,172032,5487228,9366.257,1622.990,0,344.635,0,29.054,7429,10171,2.250,1.300,0.680,4,0,259.478,0,0,11,28,0,22,0
16-03 05:57:17,66.659,9.203,24.375,0,0.249,1585500,673568,172036,5487264,4907.924,1611.765,0,28784.929,0,128.344,4690,3092,2.250,1.300,0.680,4,0,28.853,0,0,11,28,0,22,0
16-03 05:57:18,59.028,12.810,26.374,0.251,0.251,1533288,725516,172052,5487508,10650.097,1464.891,0,474.231,0,40.189,6872,8498,2.250,1.300,0.680,4,0,112.529,0,0,11,28,0,24,0
16-03 05:57:19,65.211,8.495,25.485,0,0,1581252,677372,172056,5487660,8051.177,1619.030,0,187.887,0,10.993,4413,3619,2.310,1.330,0.690,4,0,5.996,0,0,11,30,0,19,0
16-03 05:57:20,63.448,23.980,11.740,0,0.250,1499412,759148,172072,5487708,9505.160,1618.665,0,1942.398,0,132.890,7969,9757,2.310,1.330,0.690,6,0,504.584,0,0,11,28,0,19,0
16-03 05:57:21,79.234,20.246,0.250,0,0,1669352,589144,172076,5487768,10631.899,1661.672,0,115.977,0,9.998,5818,5252,2.310,1.330,0.690,8,0,455.910,0,0,11,28,0,19,0
16-03 05:57:22,82.300,16.760,1.001,0,0,1755280,503004,172084,5487984,5815.539,1620.986,0,868.529,0,42.026,7781,10504,2.310,1.330,0.690,9,0,296.180,0,0,11,29,0,22,0
16-03 05:57:23,73.146,26.213,0.499,0,0,1563344,694812,172096,5488092,11597.434,1617.689,0,319.544,0,27.960,6765,7491,2.310,1.330,0.690,7,0,523.253,0,0,11,28,0,20,0
16-03 05:57:24,85.418,13.777,0.751,0,0.250,1668732,589388,172096,5488136,10826.329,1514.985,0,0,0,0,5838,4447,2.690,1.420,0.720,8,0,74.146,0,0,11,29,0,20,0
16-03 05:57:25,78.395,12.483,7.989,0,0.250,1648912,608820,172100,5488512,11796.178,1605.846,0,167.775,0,10.985,8238,15524,2.690,1.420,0.720,5,0,135.818,0,0,11,29,0,21,0
16-03 05:57:26,18.210,24.946,55.379,0,0.249,1453392,804300,172100,5488552,10854.310,1616.472,0,11.974,0,2.993,6474,5449,2.690,1.420,0.720,2,0,589.713,0,0,11,28,0,21,0
16-03 05:57:27,46.571,35.053,17.527,0,0,1462616,795052,172100,5488576,11475.509,1622.476,0,3236.939,0,100.153,6200,5447,2.690,1.420,0.720,7,0,876.337,0,0,11,28,0,21,0
16-03 05:57:28,82.982,11.031,6.017,0.251,0.251,1599328,658328,172112,5488636,7788.754,1624.537,0,529.479,0,41.115,6404,7276,2.690,1.420,0.720,5,0,0,0,0,11,28,0,23,0
16-03 05:57:29,75.741,21.248,2.250,0,0,1537248,720344,172112,5488700,6612.242,1619.814,0,423.951,0,41.995,6326,6980,2.870,1.480,0.750,5,0,267.969,0,0,11,28,0,23,0
16-03 05:57:30,81.255,10.751,7.750,0,0,1592668,664716,172112,5488908,5999.366,1620.099,0,152.009,0,9.001,7071,9529,2.870,1.480,0.750,3,0,0,0,0,11,32,0,24,0
16-03 05:57:31,55.733,7.248,34.739,0,0,1562124,694968,172128,5489180,10578.702,1457.546,0,399.875,0,43.986,12105,20718,2.870,1.480,0.750,5,0,30.990,0,0,11,29,0,27,0
16-03 05:57:32,83.201,14.946,1.495,0.249,0.498,1569336,687608,172128,5489324,8139.797,1614.209,0,275.013,0,23.914,5469,4248,2.870,1.480,0.750,7,0,99.643,0,0,11,28,0,25,0
16-03 05:57:33,73.011,9.283,16.810,0,0.251,1626860,629980,172128,5489424,10777.582,1625.820,0,160.575,0,9.032,8901,19777,2.870,1.480,0.750,5,0,26.093,0,0,11,31,0,28,0
16-03 05:57:34,66.528,9.254,22.759,0,0,1521284,735148,172128,5489824,8172.396,1620.673,0,160.067,0,12.005,11038,17543,2.960,1.520,0.760,5,0,76.032,0,0,11,28,0,29,0
16-03 05:57:35,81.410,17.481,1.498,0,0,1589728,666684,172128,5489844,9615.362,1618.210,0,119.867,0,6.992,5207,3011,2.960,1.520,0.760,5,0,185.794,0,0,11,29,0,29,0
16-03 05:57:36,74.123,9.484,14.475,0,0,1590188,665960,172132,5490096,9566.558,1617.221,0,227.609,0,20.964,9678,15622,2.960,1.520,0.760,6,0,33.942,0,0,11,29,0,29,0
16-03 05:57:37,81.635,15.025,3.506,0,0.250,1555936,700180,172132,5490128,5255.692,1460.415,0,3994.606,0,157.260,6228,6354,2.960,1.520,0.760,5,0,94.156,0,0,11,28,0,29,0
16-03 05:57:38,81.090,13.723,4.242,0,0,1580624,675420,172132,5490200,5889.359,1616.804,0,339.329,0,31.937,6521,9153,2.960,1.520,0.760,5,0,119.763,0,0,11,29,0,29,0
16-03 05:57:39,82.747,12.537,4.263,0,0.752,1592912,662940,172132,5490388,12327.811,1624.852,0,152.455,0,8.024,6587,10483,3.130,1.580,0.790,6,0,91.273,0,0,11,29,0,29,0
16-03 05:57:40,81.995,13.999,3.250,0,0,1583632,672008,172136,5490588,6832.624,1619.911,0,119.993,0,8.000,6365,7826,3.130,1.580,0.790,5,0,135.993,0,0,11,28,0,30,0
16-03 05:57:41,82.115,13.478,4.243,0,0,1584968,670608,172140,5490644,10091.364,1617.334,0,183.697,0,10.982,6022,6566,3.130,1.580,0.790,6,0,68.886,0,0,11,29,0,30,0
16-03 05:57:42,74.868,13.975,10.482,0.250,0,1551652,703688,172164,5490852,9327.576,1455.437,0,479.156,0,45.919,5912,9158,3.130,1.580,0.790,4,0,137.757,0,0,11,28,0,31,0
16-03 05:57:43,61.902,13.032,24.310,0,0,1541188,713968,172164,5491032,10092.720,1623.978,0,308.756,0,28.069,4801,4496,3.130,1.580,0.790,5,0,120.295,0,0,11,29,0,31,0
16-03 05:57:44,62.489,11.998,24.496,0,0.250,1541952,713152,172164,5491080,10444.171,1619.716,0,207.964,0,12.998,6645,8046,3.120,1.600,0.800,4,0,95.983,0,0,11,29,0,31,0
16-03 05:57:45,63.283,10.756,25.013,0.250,0,1532492,722520,172168,5491168,6110.152,1662.858,0,216.111,0,16.008,5919,6378,3.120,1.600,0.800,4,0,86.044,0,0,11,28,0,31,0
16-03 05:57:46,49.268,8.003,41.765,0,0,1528776,726168,172176,5491220,11827.360,1620.597,0,1992.735,0,28.010,6426,7454,3.120,1.600,0.800,4,0,86.032,0,0,11,29,0,32,0
16-03 05:57:47,40.822,10.206,48.041,0.249,0.249,1525880,728976,172180,5491300,8466.129,1612.975,0,370.387,0,25.887,4662,4351,3.120,1.600,0.800,3,0,134.415,0,0,11,28,0,32,0
16-03 05:57:48,45.039,6.756,47.291,0,0.250,1540672,713856,172180,5491628,6349.458,1621.394,0,220.189,0,16.014,5869,7046,3.120,1.600,0.800,3,0,34.029,0,0,11,28,0,33,0
16-03 05:57:49,41.423,8.983,48.410,0,0.250,1551344,703172,172180,5491640,9358.639,1617.000,0,195.637,0,12.976,3669,2410,3.030,1.610,0.810,2,0,103.807,0,0,11,29,0,33,0
16-03 05:57:50,44.497,7.999,47.247,0,0,1557708,696764,172188,5491676,6651.544,1457.900,0,503.965,0,54.996,5026,5748,3.030,1.610,0.810,3,0,61.996,0,0,11,32,0,33,0
16-03 05:57:51,43.666,6.525,48.936,0.251,0,1527360,727092,172188,5491692,9329.530,1626.193,0,144.550,0,8.031,3322,2549,3.030,1.610,0.810,3,0,6.023,0,0,11,33,0,33,0
16-03 05:57:52,43.104,7.973,46.343,0.498,0.249,1450664,803696,172212,5491724,8806.187,1614.534,0,2340.078,0,153.480,5424,7239,3.030,1.610,0.810,4,0,49.831,0,0,11,32,0,31,0
16-03 05:57:53,44.688,6.241,48.932,0,0,1518788,735416,172212,5491880,7730.276,1617.756,0,151.789,0,8.988,3914,3915,3.030,1.610,0.810,3,0,0,0,0,11,32,0,32,0
16-03 05:57:54,33.047,13.269,52.324,0.250,0,1467168,786928,172220,5491972,11467.292,1664.365,0,336.478,0,35.050,5756,6620,2.940,1.620,0.810,3,0,282.401,0,0,11,32,0,32,0
16-03 05:57:55,23.009,2.751,73.029,0,0,1510204,743884,172220,5491976,8683.394,1620.633,0,148.058,0,8.003,2218,1897,2.940,1.620,0.810,2,0,0,0,0,11,33,0,32,0
16-03 05:57:56,16.530,12.523,70.126,0.250,0,1468972,785068,172236,5492008,4687.443,1460.631,0,781.407,0,58.105,5584,5516,2.940,1.620,0.810,2,0,284.512,0,0,11,32,0,31,0
16-03 05:57:57,21.941,3.491,73.552,0,0.249,1500080,753948,172240,5492012,9644.048,1709.400,0,99.732,0,7.979,2212,1905,2.940,1.620,0.810,2,0,0,0,0,11,32,0,31,0
16-03 05:57:58,21.269,5.505,72.064,0.250,0,1451516,802496,172240,5492028,6922.107,1621.430,0,328.290,0,11.010,3522,3849,2.940,1.620,0.810,2,0,46.041,0,0,11,32,0,31,0
16-03 05:57:59,22.735,2.998,73.702,0,0.250,1490548,763456,172240,5492036,11490.550,1618.950,0,71.953,0,3.997,2109,1655,2.790,1.610,0.810,2,0,0,0,0,11,32,0,31,0
16-03 05:58:00,19.853,8.293,70.616,0,0.251,1441816,811952,172240,5492272,7836.629,1628.443,0,112.584,0,14.073,5792,6976,2.790,1.610,0.810,3,0,124.646,0,0,11,32,0,32,0
16-03 05:58:01,20.152,20.649,58.216,0,0.249,1439636,814044,172240,5492356,5141.897,1612.129,0,326.406,0,19.903,6010,4961,2.790,1.610,0.810,3,0,500.556,0,0,11,32,0,34,0
16-03 05:58:02,43.896,6.772,48.411,0.251,0,1554144,697752,172300,5493812,9870.789,1462.859,0,2042.786,0,55.183,3390,2236,2.790,1.610,0.810,3,0,6.020,0,0,11,36,0,34,0
16-03 05:58:03,33.269,7.004,44.025,15.009,0,1539744,706412,172868,5498592,8683.969,1620.927,0,36144.681,0,2989.711,15858,23002,2.790,1.610,0.810,4,0,100.057,0,0,11,36,0,34,0
16-03 05:58:04,32.294,8.512,41.307,16.773,0,1582364,660800,173400,5500976,10343.194,1622.226,0,41581.063,0,3406.675,19128,28387,2.810,1.630,0.830,2,1,62.085,0,0,11,36,0,32,0
16-03 05:58:05,39.001,7.500,42.751,8.750,0,1477276,765792,173660,5500788,7379.124,1620.027,0,18880.316,0,1499.025,10156,13615,2.810,1.630,0.830,4,0,12.000,0,0,11,32,0,32,0
16-03 05:58:06,42.744,5.999,47.244,2.500,0,1532712,710120,173824,5500856,10266.654,1619.788,0,3075.597,0,436.943,5667,6246,2.810,1.630,0.830,3,1,3.000,0,0,11,34,0,32,0
16-03 05:58:07,34.804,6.961,41.516,13.176,0.249,1514400,727368,174404,5501308,7635.960,1610.920,0,19267.399,0,2479.027,15884,24735,2.810,1.630,0.830,3,0,0.994,0,0,11,34,0,32,0
16-03 05:58:08,25.269,7.756,66.050,0.250,0,1479060,762700,174412,5501308,4714.566,1459.104,0,1220.923,0,69.052,2907,2146,2.810,1.630,0.830,2,0,100.076,0,0,11,32,0,32,0
16-03 05:58:09,22.296,3.507,73.402,0.251,0,1476744,764988,174420,5501328,4737.792,1623.355,0,725.500,0,39.081,1865,1512,2.660,1.620,0.830,2,0,1.002,0,0,11,32,0,32,0
16-03 05:58:10,22.547,4.509,71.149,1.253,0,1522576,719080,174456,5501368,9054.935,1623.395,0,5607.726,0,302.633,2348,2428,2.660,1.620,0.830,3,0,2.004,0,0,11,32,0,32,0
16-03 05:58:11,21.961,3.743,73.868,0,0,1490304,751336,174456,5501380,9165.567,1617.101,0,59.893,0,3.993,1820,1311,2.660,1.620,0.830,3,0,1.996,0,0,11,32,0,32,0
16-03 05:58:12,22.187,2.742,73.542,0,0.249,1464916,776724,174460,5501376,9953.897,1615.439,0,327.077,0,1.994,1797,1189,2.660,1.620,0.830,2,0,1.994,0,0,11,32,0,32,0
16-03 05:58:13,22.486,3.498,73.204,0,0.250,1491296,750252,174460,5501456,9129.268,1457.085,0,3.997,0,0.999,1838,1363,2.660,1.620,0.830,3,0,0.999,0,0,11,32,0,30,0
16-03 05:58:14,22.178,3.489,73.761,0,0.249,1483940,757512,174460,5501544,9879.927,1614.758,0,0,0,0,1770,1167,2.530,1.610,0.830,2,0,2.990,0,0,11,32,0,30,0
16-03 05:58:15,22.026,3.754,73.837,0,0,1523280,718148,174460,5501568,7206.540,1621.922,0,0,0,0,1722,1279,2.530,1.610,0.830,2,0,1.001,0,0,11,32,0,30,0
16-03 05:58:16,22.044,3.757,73.646,0,0,1553444,687976,174464,5501568,7145.121,1623.208,0,264.523,0,6.012,1797,1305,2.530,1.610,0.830,6,0,2.004,0,0,11,32,0,30,0
16-03 05:58:17,22.707,3.244,73.362,0.250,0,1532508,708888,174472,5501584,5736.181,1616.950,0,411.224,0,26.949,1838,1453,2.530,1.610,0.830,2,0,0.998,0,0,11,32,0,29,0
16-03 05:58:18,23.028,2.503,73.339,0,0,1511932,729424,174476,5501620,10014.203,1621.977,0,92.112,0,5.006,1759,1219,2.530,1.610,0.830,3,0,1.001,0,0,11,32,0,29,0
16-03 05:58:19,22.010,5.002,72.534,0,0.250,1513248,728076,174476,5501620,10198.791,1458.685,0,4.002,0,1.000,1934,1279,2.400,1.600,0.830,6,0,8.004,0,0,11,32,0,29,0
16-03 05:58:20,18.314,7.526,73.005,0,0.251,1499544,741660,174476,5501736,12377.298,1625.687,0,0,0,0,2838,1833,2.400,1.600,0.830,3,0,95.333,0,0,11,32,0,29,0
16-03 05:58:21,8.758,21.020,68.815,0,0,1434484,806644,174476,5501804,9588.106,1663.580,0,976.928,0,13.012,6621,5417,2.400,1.600,0.830,2,0,571.543,0,0,11,32,0,27,0
16-03 05:58:22,7.731,21.446,68.827,0,0,1434400,806688,174476,5501840,9889.132,1615.936,0,275.308,0,3.990,6204,4669,2.400,1.600,0.830,3,0,463.834,0,0,11,32,0,27,0
16-03 05:58:23,12.480,15.226,71.137,0,0,1416492,824576,174476,5501860,7720.744,1617.433,0,135.784,0,1.997,4385,3149,2.400,1.600,0.830,2,0,238.621,0,0,11,32,0,27,0
16-03 05:58:24,21.015,4.503,73.301,0.250,0,1482716,758364,174476,5501844,6299.389,1621.130,0,596.416,0,113.079,2005,1241,2.290,1.590,0.830,2,0,2.001,0,0,11,32,0,27,0
16-03 05:58:25,23.111,2.763,74.105,0,0,1486952,754108,174476,5501864,11284.040,1507.218,0,24.115,0,3.014,1803,1241,2.290,1.590,0.830,2,0,1.005,0,0,11,32,0,23,0
16-03 05:58:26,21.762,3.752,73.791,0,0.250,1529908,711164,174476,5501852,7821.338,1620.899,0,140.078,0,7.004,1811,1301,2.290,1.590,0.830,4,0,2.001,0,0,11,32,0,23,0
16-03 05:58:27,22.121,2.983,73.324,0,0.249,1474496,766548,174480,5501876,7168.327,1610.637,0,310.197,0,21.873,2000,1672,2.290,1.590,0.830,2,0,0.994,0,0,11,32,0,23,0
16-03 05:58:28,22.243,3.749,73.728,0,0,1511380,729676,174480,5501864,9841.010,1619.508,0,207.937,0,7.998,1846,1164,2.290,1.590,0.830,2,0,1.999,0,0,11,32,0,23,0
16-03 05:58:29,22.232,3.247,73.690,0,0.250,1510100,730964,174480,5501856,8700.870,1618.674,0,0,0,0,1812,1285,2.190,1.580,0.830,2,0,0.999,0,0,11,32,0,20,0
16-03 05:58:30,22.728,3.247,73.679,0,0.250,1496552,744492,174480,5501876,9657.752,1618.450,0,19.981,0,0.999,1763,1141,2.190,1.580,0.830,2,0,2.997,0,0,11,32,0,20,0
16-03 05:58:31,21.969,3.994,73.647,0,0,1503516,737540,174480,5501864,12009.129,1455.955,0,3.994,0,0.999,1859,1288,2.190,1.580,0.830,2,0,2.996,0,0,11,32,0,20,0
16-03 05:58:32,22.312,3.008,73.706,0,0.251,1476724,764320,174480,5501876,5054.137,1624.544,0,12.034,0,1.003,1713,1138,2.190,1.580,0.830,2,0,1.003,0,0,11,32,0,20,0
16-03 05:58:33,26.470,6.493,66.425,0,0,1474476,766596,174480,5501848,9004.861,1618.178,0,0,0,0,3111,11569,2.190,1.580,0.830,2,0,37.957,0,0,11,32,0,15,0
16-03 05:58:34,22.518,3.253,72.808,0,0,1445872,795168,174480,5501876,7876.265,1621.290,0,2926.328,0,131.104,1980,1217,2.090,1.570,0.830,3,0,1.001,0,0,11,32,0,15,0
16-03 05:58:35,22.229,3.247,73.180,0,0,1478872,762256,174480,5501788,5642.601,1618.451,0,143.862,0,29.971,1810,1253,2.090,1.570,0.830,2,0,1.998,0,0,11,32,0,15,0
16-03 05:58:36,21.985,3.498,73.949,0.250,0,1438968,802068,174480,5501876,10902.515,1618.889,0,267.816,0,2.998,1779,1215,2.090,1.570,0.830,4,1,0.999,0,0,11,32,0,15,0
16-03 05:58:37,21.795,4.008,73.152,0,0,1447612,793404,174492,5501884,9490.684,1623.367,0,456.948,0,36.075,2093,1790,2.090,1.570,0.830,2,0,1.002,0,0,11,32,0,12,0
16-03 05:58:38,22.499,3.750,73.497,0.250,0.250,1493212,747824,174492,5501864,11531.604,1457.950,0,51.998,0,5.000,1821,1235,2.090,1.570,0.830,2,0,2.000,0,0,11,32,0,12,0
16-03 05:58:39,21.753,3.751,73.761,0,0.250,1480428,760612,174492,5501860,12721.963,1620.250,0,0,0,0,1841,1353,2,1.560,0.830,2,0,1.000,0,0,11,32,0,12,0
16-03 05:58:40,22.460,2.995,73.619,0,0,1470180,770836,174492,5501884,8661.602,1617.125,0,23.957,0,0.998,1756,1197,2,1.560,0.830,2,0,0.998,0,0,11,32,0,12,0
16-03 05:58:41,21.781,4.006,73.605,0,0,1489928,751100,174492,5501872,10717.353,1622.324,0,176.252,0,28.040,1876,1207,2,1.560,0.830,2,0,3.004,0,0,11,32,0,11,0
16-03 05:58:42,12.055,17.329,69.315,0,0.251,1453160,787808,174492,5501928,8485.588,1627.401,0,216.987,0,9.041,5132,3900,2,1.560,0.830,2,0,396.804,0,0,11,32,0,11,0
16-03 05:58:43,19.950,6.234,73.315,0,0,1470992,769972,174492,5501932,10946.452,1454.340,0,35.910,0,2.992,2451,1816,2,1.560,0.830,2,0,64.837,0,0,11,32,0,11,0
16-03 05:58:44,22.226,3.496,73.422,0,0.250,1465292,775404,174496,5502192,8226.261,1618.281,0,147.843,0,2.997,1843,1134,1.920,1.550,0.830,2,0,8.990,0,0,11,32,0,11,0
16-03 05:58:45,21.776,3.504,73.588,0,0,1529948,710748,174496,5502192,10462.502,1663.988,0,0,0,0,1805,1197,1.920,1.550,0.830,2,0,0,0,0,11,32,0,10,0
16-03 05:58:46,14.298,15.803,68.980,0.251,0,1488732,751796,174496,5502328,9927.086,1625.417,40.134,208.696,2.007,28.094,4803,3554,1.920,1.550,0.830,3,0,349.164,0,0,11,32,0,10,0
16-03 05:58:47,8.002,22.256,68.519,0.250,0.250,1485160,755332,174496,5502364,6476.833,1620.458,0,680.192,0,33.009,6449,5221,1.920,1.550,0.830,2,0,494.140,0,0,11,32,0,10,0
16-03 05:58:48,9.006,21.764,68.042,0.250,0,1475380,765068,174496,5502400,5999.747,1621.012,0,476.297,0,9.006,6520,5122,1.920,1.550,0.830,2,0,534.334,0,0,11,32,0,10,0
16-03 05:58:49,7.976,21.933,68.541,0,0,1447056,793320,174496,5502424,10624.644,1453.573,0,1399.737,0,16.948,6560,5212,1.930,1.560,0.840,2,0,561.291,0,0,11,32,0,8,0
16-03 05:58:50,9.024,21.557,67.930,0,0,1446780,793572,174496,5502448,6994.581,1624.315,0,1014.696,0,11.029,5862,4340,1.930,1.560,0.840,3,0,440.169,0,0,11,32,0,8,0
16-03 05:58:51,7.989,20.473,69.908,0,0.250,1429056,811260,174496,5502484,10718.844,1617.863,0,543.283,0,7.989,6013,4489,1.930,1.560,0.840,2,0,441.417,0,0,11,32,0,8,0
16-03 05:58:52,7.757,21.519,69.312,0,0,1422496,817796,174496,5502508,7356.553,1621.444,0,288.257,0,31.028,5765,4089,1.930,1.560,0.840,2,0,383.341,0,0,11,32,0,8,0
16-03 05:58:53,8.254,21.259,68.529,0,0,1390384,849872,174496,5502536,11112.757,1620.694,0,372.159,0,12.005,5825,4170,1.930,1.560,0.840,2,0,397.170,0,0,11,32,0,7,0
16-03 05:58:54,9.216,20.923,68.745,0,0.249,1368816,871408,174496,5502568,10065.729,1614.024,0,59.779,0,13.948,6168,4634,1.860,1.550,0.840,2,0,475.240,0,0,11,32,0,7,0
16-03 05:58:55,16.072,24.861,57.758,0,0,1364640,875504,174516,5502596,4630.688,1506.731,0,723.231,0,34.153,6756,5803,1.860,1.550,0.840,5,0,595.661,0,0,11,32,0,9,0
16-03 05:58:56,58.745,17.998,22.498,0.250,0,1515744,724232,174544,5502704,11877.943,1619.856,0,651.942,0,43.996,5139,4097,1.860,1.550,0.840,3,0,366.967,0,0,11,32,0,13,0
16-03 05:58:57,54.715,10.993,24.734,7.245,1.499,1622764,609852,174800,5509160,7685.132,1712.915,371.765,21778.206,2.998,1488.058,9078,13581,1.860,1.550,0.840,4,1,49.968,0,0,11,38,0,13,0
16-03 05:58:58,34.023,10.757,36.524,17.762,0,1583688,639048,175368,5517816,8004.308,1621.075,0,59815.663,0,4447.949,20889,34507,1.860,1.550,0.840,5,1,147.098,0,0,11,36,0,12,0
16-03 05:58:59,36.875,8.471,35.380,16.943,0,1630924,582852,175728,5526072,9850.632,1614.531,0,58258.657,0,4294.453,20097,33684,2.030,1.590,0.860,2,2,74.747,0,0,11,36,0,12,0
16-03 05:59:00,37.611,10.280,32.345,17.050,0.251,1653992,551868,176056,5533392,8513.088,1624.788,0,63294.530,0,4859.321,21064,35548,2.030,1.590,0.860,4,0,106.313,0,0,11,36,0,12,0
16-03 05:59:01,45.018,16.507,25.760,11.755,0,1588400,611464,176340,5538932,9930.012,1458.589,296.120,48319.523,4.002,3644.473,16654,28026,2.030,1.590,0.860,5,1,268.108,0,0,11,35,0,13,0
16-03 05:59:02,44.786,18.910,22.642,10.948,0.249,1584540,609116,176660,5544464,10143.486,1612.289,1110.688,49862.521,19.905,3434.573,22842,37868,2.030,1.590,0.860,4,0,221.939,0,0,11,34,0,9,0
16-03 05:59:03,33.002,12.751,37.003,15.751,0,1575520,613916,176860,5548300,5861.439,1620.121,668.050,43931.292,12.001,3315.248,18934,26507,2.030,1.590,0.860,7,0,155.012,0,0,11,34,0,9,0
16-03 05:59:04,34.623,7.778,39.892,15.555,0,1587380,599340,176940,5550840,10208.344,1625.788,0,42001.535,0,3253.584,19558,30331,2.110,1.610,0.870,3,0,42.150,0,0,11,35,0,10,0
16-03 05:59:05,29.989,8.497,42.235,15.744,0,1537172,645400,177092,5554736,7543.234,1619.406,0,41624.735,0,3272.800,18284,27683,2.110,1.610,0.870,4,1,109.960,0,0,11,34,0,10,0
16-03 05:59:06,33.041,7.760,42.303,14.268,0,1577844,605836,177244,5553468,7723.614,1622.019,0,39617.316,0,3324.138,18029,26841,2.110,1.610,0.870,6,0,12.015,0,0,11,35,0,10,0
16-03 05:59:07,35.391,6.729,41.372,13.708,0.249,1570916,610912,177376,5555168,10274.238,1615.007,0,38716.310,0,3261.916,20217,31499,2.110,1.610,0.870,3,1,35.889,0,0,11,34,0,11,0
16-03 05:59:08,33.604,8.526,38.870,16.050,0,1567572,613764,177516,5555508,6749.899,1462.528,0,40722.082,0,3467.737,18719,26910,2.110,1.610,0.870,5,0,54.168,0,0,11,36,0,11,0
16-03 05:59:09,37.737,6.748,37.487,15.495,0,1563964,614876,177560,5557896,9996.621,1619.453,0,42637.589,0,3395.852,20413,30994,2.180,1.640,0.880,3,1,35.988,0,0,11,37,0,11,0
16-03 05:59:10,34.146,9.471,40.128,14.207,0.249,1528792,648172,177616,5559656,9023.564,1684.877,0,35244.840,0,3038.761,18341,27741,2.180,1.640,0.880,2,2,96.706,0,0,11,36,0,11,0
16-03 05:59:11,33.623,8.029,41.401,15.306,0,1551232,623212,177692,5562000,4739.326,1625.944,0,31077.610,0,2707.899,16457,23507,2.180,1.640,0.880,4,1,40.147,0,0,11,37,0,11,0
16-03 05:59:12,31.223,8.992,41.215,16.986,0.250,1575400,596020,177812,5564816,9352.041,1618.623,0,48398.812,0,3909.673,21007,31219,2.180,1.640,0.880,5,1,81.930,0,0,11,36,0,12,0
16-03 05:59:13,33.210,6.992,40.451,15.981,0,1589008,579632,177888,5567448,7529.899,1618.044,0,42704.384,0,3614.631,19000,29451,2.180,1.640,0.880,5,1,80.902,0,0,11,36,0,12,0
16-03 05:59:14,30.529,11.261,40.288,15.514,0,1631552,534848,177936,5569584,5865.478,1459.363,0,38964.393,0,3355.134,16628,27511,2.480,1.710,0.910,2,2,111.104,0,0,11,36,0,12,0
16-03 05:59:15,34.537,8.759,40.543,14.515,0.250,1635624,530968,177964,5569316,9348.974,1621.730,0,38861.458,0,3298.519,18357,29148,2.480,1.710,0.910,1,2,67.072,0,0,11,36,0,12,0
16-03 05:59:16,32.998,8.250,40.248,17.249,0,1646832,523164,178000,5565860,10882.405,1619.911,0,42485.677,0,3753.795,21676,32208,2.480,1.710,0.910,3,1,20.999,0,0,11,37,0,12,0
16-03 05:59:17,35.052,8.452,47.482,7.955,0.249,1423264,746516,178008,5566068,11740.641,1610.895,0,29004.066,0,2013.619,12259,18243,2.480,1.710,0.910,2,0,121.314,0,0,11,32,0,13,0
16-03 05:59:18,9.541,22.849,64.781,2.511,0,1407724,761844,178024,5566264,8695.748,1627.063,0,11345.249,0,655.847,8561,8244,2.480,1.710,0.910,2,0,608.642,0,0,11,32,0,13,0
16-03 05:59:19,52.521,17.757,29.512,0.750,0,1483132,686224,178024,5566464,4862.911,1620.637,0,1792.705,0,126.050,5791,4484,2.530,1.730,0.920,4,0,308.121,0,0,11,32,0,19,0
16-03 05:59:20,65.993,8.716,23.658,0.249,0,1666164,500528,178104,5568968,10602.721,1452.346,0,3617.915,0,204.205,4305,2092,2.530,1.730,0.920,4,0,0,0,0,11,32,0,19,0
16-03 05:59:21,64.065,7.035,26.128,2.261,0.251,1770136,391440,178256,5573328,6737.101,1627.999,0,10700.574,0,488.400,5778,4479,2.530,1.730,0.920,5,1,13.064,0,0,11,38,0,19,0
16-03 05:59:22,23.998,6.749,45.746,19.998,0,1766556,383880,178352,5584008,11708.852,1619.841,0,65033.627,0,4819.528,24856,37714,2.530,1.730,0.920,1,1,206.980,0,0,11,38,0,19,0
16-03 05:59:23,20.500,8.000,48.000,21.000,0,1765628,376572,178428,5591920,8171.915,1619.983,0,82571.141,0,5788.940,27008,42944,2.530,1.730,0.920,1,2,185.998,0,0,11,38,0,19,0
16-03 05:59:24,19.500,7.000,50.500,19.250,0,1765232,370276,178472,5598308,11362.945,1619.992,0,66075.680,0,5191.975,23796,37165,2.640,1.770,0.940,2,1,119.999,0,0,11,38,0,19,0
16-03 05:59:25,38.226,9.994,33.978,16.490,0.250,1676004,452832,178544,5604656,14221.964,1660.945,0,65674.274,0,4775.966,22202,35048,2.640,1.770,0.940,8,0,215.863,0,0,11,36,0,19,0
16-03 05:59:26,38.830,9.956,33.354,16.428,0,1731596,389580,178588,5612052,40024.853,1451.648,0,57329.131,0,4040.320,20854,31645,2.640,1.770,0.940,6,1,84.630,0,0,11,36,0,19,0
16-03 05:59:27,37.425,6.487,36.427,16.467,0,1768164,342736,178628,5621880,5033.861,1616.744,0,48590.132,0,3241.471,17860,26004,2.640,1.770,0.940,3,1,1.996,0,0,11,38,0,19,0
16-03 05:59:28,15.573,8.540,48.729,22.606,0,1714820,390024,178644,5627692,9673.406,1627.640,0,75221.078,0,5226.533,22954,36143,2.640,1.770,0.940,3,2,108.509,0,0,11,36,0,19,0
16-03 05:59:29,18.289,6.013,53.112,19.040,0.501,1708268,393804,178656,5630368,9615.285,1623.425,0,52438.629,0,4313.099,20426,32490,2.590,1.770,0.940,1,2,75.159,0,0,11,36,0,19,0
16-03 05:59:30,30.932,8.232,52.385,6.735,0.249,1427476,673944,178668,5630968,8906.438,1616.450,0,26485.827,0,1583.522,10179,12699,2.590,1.770,0.940,2,0,145.680,0,0,11,32,0,19,0
16-03 05:59:31,17.714,10.479,67.861,2.495,0,1479152,622256,178668,5630976,9700.100,1455.015,0,8502.557,0,479.017,4873,4530,2.590,1.770,0.940,2,0,128.736,0,0,11,32,0,19,0
16-03 05:59:32,22.696,3.492,72.826,0.499,0,1528080,573328,178668,5630976,9352.647,1616.137,0,1416.614,0,81.804,2047,1476,2.590,1.770,0.940,2,0,0,0,0,11,32,0,19,0
16-03 05:59:33,26.723,6.493,63.935,1.249,0,1410552,690840,178676,5630980,6855.001,1618.348,0,4958.937,0,283.710,4525,15591,2.590,1.770,0.940,2,0,64.934,0,0,11,32,0,20,0
16-03 05:59:34,21.793,4.008,72.893,0,0,1446596,654796,178676,5630980,5800.363,1623.180,0,100.196,0,10.020,1854,1367,2.460,1.760,0.940,2,0,1.002,0,0,11,32,0,19,0
16-03 05:59:35,23.487,2.749,72.961,0.250,0,1498244,603136,178676,5630992,5134.241,1619.130,0,383.794,0,63.966,1980,1594,2.460,1.760,0.940,4,0,1.999,0,0,11,34,0,19,0
16-03 05:59:36,15.601,25.918,57.120,0.503,0,1455044,646316,178680,5631012,10789.869,1630.559,0,575.728,0,45.293,6377,5691,2.460,1.760,0.940,4,0,765.960,0,0,11,32,0,19,0
16-03 05:59:37,9.743,28.730,60.958,0,0,1440232,661068,178680,5631072,7214.061,1498.974,0,255.825,0,29.979,7289,6275,2.460,1.760,0.940,2,0,850.418,0,0,11,32,0,19,0
16-03 05:59:38,7.994,19.985,69.948,0,0.250,1426344,674852,178680,5631160,9901.602,1618.790,0,187.860,0,14.989,6060,4590,2.460,1.760,0.940,2,0,436.674,0,0,11,32,0,19,0
16-03 05:59:39,10.009,21.019,68.311,0,0,1399272,701764,178680,5631320,9997.856,1621.436,0,36.032,0,9.008,5841,4308,2.270,1.730,0.940,6,0,383.340,0,0,11,32,0,19,0
16-03 05:59:40,18.010,15.008,65.535,0,0,1394804,706212,178680,5631328,10153.427,1620.866,0,468.250,0,53.028,6374,7773,2.270,1.730,0.940,2,0,225.120,0,0,11,32,0,19,0
16-03 05:59:41,42.998,11.184,44.489,0.249,0.249,1528044,572920,178688,5631820,11820.672,1610.554,0,1499.207,0,208.776,4104,2413,2.270,1.730,0.940,3,0,125.265,0,0,11,33,0,19,0
16-03 05:59:42,44.749,6.285,48.269,0,0.251,1613156,487680,178688,5631948,6127.158,1629.082,0,0,0,0,3304,2422,2.270,1.730,0.940,3,0,15.084,0,0,11,47,0,19,0
16-03 05:59:43,46.508,5.751,46.758,0.500,0,1669368,427968,178764,5634976,12276.088,1620.276,0,1884.320,0,172.029,4809,5217,2.270,1.730,0.940,4,0,4.001,0,0,11,49,0,19,0
16-03 05:59:44,11.458,19.927,66.507,0.249,0,1667016,429280,178768,5635984,11959.252,1614.095,0,1127.874,0,8.967,6862,6956,2.080,1.700,0.930,2,0,339.757,0,0,11,48,0,20,0
16-03 05:59:45,15.723,9.733,72.375,0,0.250,1667068,429196,178768,5635992,5591.323,1455.481,0,231.599,0,18.967,5718,7977,2.080,1.700,0.930,1,0,151.737,0,0,11,48,0,20,0
16-03 05:59:46,0.751,1.001,97.596,0.250,0,1666608,429652,178768,5635996,11037.869,1621.597,0,404.398,0,27.027,867,1137,2.080,1.700,0.930,1,0,3.003,0,0,11,48,0,20,0
16-03 05:59:47,0.499,0.249,98.033,0,0,1663756,432504,178768,5635996,11436.706,1616.425,0,35.921,0,3.991,727,952,2.080,1.700,0.930,1,0,1.996,0,0,11,48,0,20,0
16-03 05:59:48,0,1.000,98.240,0,0,1661888,434372,178768,5635996,10196.949,1619.833,0,0,0,0,731,935,2.080,1.700,0.930,1,0,2.000,0,0,11,48,0,20,0
16-03 05:59:49,1.500,2.000,95.489,0,0,1621372,474888,178768,5635988,10180.823,1619.813,0,4.000,0,1.000,1196,1385,1.920,1.670,0.930,1,0,27.997,0,0,11,48,0,20,0
16-03 05:59:50,17.872,15.103,66.201,0,0,1648860,447388,178768,5635996,6910.113,1631.121,0,1393.501,0,11.076,5238,6911,1.920,1.670,0.930,7,0,258.764,0,0,11,48,0,20,0
16-03 05:59:51,10.232,17.219,71.872,0,0.499,1683352,412872,178768,5636036,9108.796,1455.411,0,3.993,0,0.998,5486,5136,1.920,1.670,0.930,3,0,348.380,0,0,12,48,0,20,0
16-03 05:59:52,21.276,16.771,60.325,0,0.250,1692424,403696,178768,5636056,10075.523,1860.312,4.005,396.493,1.001,19.024,6525,7352,1.920,1.670,0.930,4,0,305.380,0,0,12,60,0,20,0
16-03 05:59:53,9.944,6.712,81.787,0.249,0,1706616,389332,178768,5636236,7814.750,1833.617,27.842,318.198,1.989,22.871,2454,2561,1.920,1.670,0.930,1,0,144.184,0,0,12,64,1,20,0
16-03 05:59:54,16.548,18.303,64.688,0,0,1704444,391476,178768,5636700,10562.771,1741.072,0,4.012,0,1.003,6004,6938,1.840,1.660,0.930,2,0,267.780,0,0,14,64,1,20,0
16-03 05:59:55,11.012,16.018,71.079,0,0,1695108,400760,178768,5636296,11141.331,1695.877,0,568.629,0,21.023,5244,4548,1.840,1.660,0.930,3,0,324.359,0,0,14,66,1,20,0
16-03 05:59:56,9.768,19.785,68.373,0.501,0,1667736,428104,178768,5636328,9372.806,1739.118,0,3706.646,0,351.630,6427,4394,1.840,1.660,0.930,2,0,368.661,0,0,14,66,1,20,0
16-03 05:59:57,20.202,16.960,61.355,0,0,1676292,419516,178768,5636348,7341.602,1705.957,0,2286.581,0,57.863,6399,7484,1.840,1.660,0.930,4,0,241.428,0,0,14,66,1,20,0
16-03 05:59:58,28.612,25.128,45.281,0,0,1755828,339940,178776,5636384,5106.297,1685.844,0,410.016,0,9.952,6377,4838,1.840,1.660,0.930,4,0,486.646,0,0,14,66,1,20,0
16-03 05:59:59,29.389,25.873,43.958,0,0.251,1879548,214600,178856,5637816,9984.294,1627.710,0,0,0,0,7186,8437,1.860,1.670,0.930,3,0,554.627,0,0,14,70,1,15,0
16-03 06:00:00,30.289,26.284,42.555,0,0,1939760,154276,178856,5638248,7949.206,1696.178,0,80.103,0,17.022,6342,6910,1.860,1.670,0.930,5,0,513.660,0,0,14,70,1,15,0
16-03 06:00:01,46.768,18.257,33.763,0,0,1978116,203524,163800,5567232,10336.968,1620.622,32.012,804.309,6.002,7.003,5685,5920,1.860,1.670,0.930,4,0,261.100,0,0,14,70,1,15,0
16-03 06:00:02,53.429,25.466,19.474,0.749,0.250,2104728,141060,161892,5506856,8286.985,1707.730,1234.359,31.958,76.898,7.989,6628,6671,1.860,1.670,0.930,4,0,460.388,0,0,14,70,1,15,0
16-03 06:00:03,64.919,22.722,11.236,0.250,0.499,2182056,196124,161692,5377184,9945.638,1456.190,347.568,1018.734,42.947,20.974,5478,6641,1.860,1.670,0.930,8,0,377.531,0,0,14,70,1,14,0
16-03 06:00:04,73.126,23.040,3.256,1.252,0,2323044,207312,163632,5226796,12752.037,1696.932,2668.612,1057.828,154.267,41.071,6570,7450,2.270,1.760,0.970,4,0,348.602,0,0,14,74,1,14,0
16-03 06:00:05,67.880,25.549,2.755,2.505,0,2479940,191488,163008,5089368,4850.268,1623.102,1021.953,23144.225,33.063,1465.801,13246,20288,2.270,1.760,0.970,6,1,370.708,0,0,14,76,1,14,0
16-03 06:00:06,67.639,24.460,5.990,1.248,0,2588824,150020,162952,5024024,7769.302,1617.357,47.922,21369.076,6.989,1581.415,13926,23079,2.270,1.760,0.970,3,0,353.422,0,0,14,76,1,14,0
16-03 06:00:07,69.419,24.471,4.744,0.250,0.499,2690816,182960,162476,4892140,9501.928,1618.114,843.018,1526.222,28.966,82.903,9761,16556,2.270,1.760,0.970,7,0,292.659,0,0,14,91,1,21,0
16-03 06:00:08,53.148,26.073,20.056,0,0,2817904,127108,162232,4822964,7450.795,1624.534,64.179,569.590,7.020,35.098,8611,11893,2.270,1.760,0.970,3,0,576.609,0,0,14,93,1,22,0
16-03 06:00:09,36.547,21.381,40.525,0.249,0.249,2862600,154904,161980,4752908,8895.648,1611.062,47.735,664.314,2.983,37.790,6488,6491,2.490,1.810,0.990,3,0,312.268,0,0,14,95,1,22,0
16-03 06:00:10,57.874,16.215,24.946,0.748,0,3033292,177876,161440,4563768,8572.380,1454.840,3272.891,742.388,39.913,31.931,5384,8098,2.490,1.810,0.990,3,0,136.703,0,0,14,98,1,25,0
16-03 06:00:11,29.205,12.337,56.648,0.252,0.252,3101628,173968,161456,4500668,10770.630,1631.456,189.329,3194.431,3.021,187.315,5070,5179,2.490,1.810,0.990,2,0,176.238,0,0,14,101,1,24,0
16-03 06:00:12,7.748,20.246,68.736,2.000,0,3100020,175712,161460,4500580,9844.949,1783.628,3.999,17940.263,1.000,774.839,7219,5525,2.490,1.810,0.990,2,0,332.931,0,0,14,101,1,24,0
16-03 06:00:13,8.755,20.011,70.037,0,0,3111384,164320,161460,4500608,5074.706,1620.864,0,120.064,0,11.006,5648,4065,2.490,1.810,0.990,2,0,349.186,0,0,14,101,1,24,0
16-03 06:00:14,18.169,8.711,72.426,0,0,3165384,177536,161464,4435624,5492.408,1612.779,31.857,0,3.982,0,2994,2220,2.370,1.800,0.990,4,0,134.398,0,0,14,101,1,24,0
16-03 06:00:15,21.998,3.500,72.743,0,0,3154500,188332,161468,4435708,13060.796,1619.851,75.993,3991.632,6.999,25.998,3041,2866,2.370,1.800,0.990,3,0,13.999,0,0,14,103,1,23,0
16-03 06:00:16,19.778,6.509,72.103,0.751,0,3216492,126368,161468,4435728,10169.574,1622.325,4.006,2691.858,1.001,325.466,2381,1577,2.370,1.800,0.990,2,0,49.070,0,0,14,103,1,23,0
16-03 06:00:17,23.004,3.751,72.012,0.500,0.250,3205828,136848,161484,4435900,11581.995,1500.258,4.001,2396.413,1.000,45.008,2865,3088,2.370,1.800,0.990,3,0,1.000,0,0,14,108,1,23,0
16-03 06:00:18,24.973,4.995,67.177,1.748,0,3200984,140136,161484,4437456,11201.793,1618.236,1250.637,1845.988,35.961,228.751,5627,7890,2.370,1.800,0.990,2,0,2.997,0,0,14,111,1,23,0
16-03 06:00:19,21.570,9.280,67.718,0.502,0.251,3204872,136156,161484,4437548,9415.350,1625.239,32.103,1063.428,2.006,89.288,3951,3627,2.420,1.820,1,2,0,117.378,0,0,14,110,1,24,0
16-03 06:00:20,27.030,3.968,67.452,0.248,0.496,3228268,178228,161484,4373632,8732.083,1606.949,67.452,484.069,4.960,29.758,2890,2549,2.420,1.820,1,6,0,3.968,0,0,14,115,1,17,0
16-03 06:00:21,34.030,8.007,55.299,1.251,0,3287532,181628,161496,4311816,4776.242,1621.440,8.007,3322.951,2.002,246.219,5439,6733,2.420,1.820,1,4,0,6.005,0,0,14,118,1,17,0
16-03 06:00:22,40.823,11.844,46.367,0.252,0,3339628,194020,161496,4249088,9683.658,1723.645,16.128,520.117,4.032,42.335,3998,2950,2.420,1.820,1,4,0,98.782,0,0,14,118,1,17,0
16-03 06:00:23,33.591,6.469,59.220,0,0,3360760,172732,161496,4249244,9433.472,1451.150,0,402.102,0,23.887,3310,2358,2.420,1.820,1,2,0,54.742,0,0,14,118,1,17,0
16-03 06:00:24,22.281,3.505,73.353,0,0,3416080,180364,161496,4187668,5893.250,1622.271,0,320.449,0,14.020,1841,1258,2.310,1.800,1,3,0,0,0,0,14,118,1,17,0
16-03 06:00:25,20.237,5.996,72.203,0.250,0,3382444,214236,161496,4187572,10411.249,1660.923,0,267.826,0,16.989,2560,1809,2.310,1.800,1,3,0,50.967,0,0,14,118,1,17,0
16-03 06:00:26,23.445,3.991,71.833,0.748,0,3408876,187760,161496,4187616,11203.929,1616.239,11.972,742.273,2.993,83.805,3161,3300,2.310,1.800,1,3,0,0.998,0,0,14,120,1,17,0
16-03 06:00:27,19.236,6.745,71.448,0.500,0,3459548,137068,161496,4187636,9949.777,1618.825,3.997,2390.265,0.999,205.851,3221,2556,2.310,1.800,1,3,0,81.941,0,0,14,120,1,17,0
16-03 06:00:28,21.239,5.247,72.212,0,0,3435088,161500,161496,4187664,9149.209,1619.152,0,107.943,0,8.995,2689,1966,2.310,1.800,1,4,0,55.971,0,0,14,122,1,17,0
16-03 06:00:29,23.306,3.508,73.676,0,0.251,3438696,157888,161496,4187668,6053.420,1535.658,0,48.115,0,4.010,1832,1252,2.200,1.790,1,4,0,0,0,0,14,122,1,17,0
16-03 06:00:30,31.160,6.031,58.300,2.513,0,3440840,155416,161496,4187996,11468.054,1628.385,0,2613.458,0,352.817,9348,15188,2.200,1.790,1,4,0,27.140,0,0,14,139,1,19,0
16-03 06:00:31,25.528,7.435,64.192,1.735,0.496,3426336,231888,161504,4127608,8489.154,1606.029,0,6380.497,0,386.637,6653,10138,2.200,1.790,1,2,0,60.474,0,0,14,133,1,22,0
16-03 06:00:32,23.598,3.012,71.546,0.502,0.251,3437784,220404,161504,4127644,6055.052,1626.730,4.017,714.958,1.004,56.233,3303,3428,2.200,1.790,1,4,0,0,0,0,14,134,1,22,0
16-03 06:00:33,34.764,7.503,56.023,1.000,0,3414756,243196,161504,4127880,9326.872,1620.673,28.012,1600.664,3.001,165.069,7675,21116,2.200,1.790,1,3,0,36.015,0,0,14,135,1,23,0
16-03 06:00:34,25.509,6.002,66.772,0.250,0,3410448,247480,161508,4127900,9682.261,1620.546,0,668.225,0,42.014,3311,3390,2.100,1.780,1,2,0,69.023,0,0,14,135,1,23,0
16-03 06:00:35,21.312,5.265,71.206,0.501,0,3344512,313376,161508,4127940,9321.025,1462.240,0,954.768,0,104.302,3813,4090,2.100,1.780,1,3,0,39.113,0,0,14,135,1,25,0
16-03 06:00:36,19.677,7.721,72.233,0.498,0,3420324,237552,161508,4127952,8414.899,1614.035,0,561.923,0,29.890,2721,2139,2.100,1.780,1,2,0,107.602,0,0,14,135,1,24,0
16-03 06:00:37,22.580,4.516,68.494,1.254,0,3423524,234316,161508,4127988,7280.940,1667.942,0,4022.330,0,402.434,5076,6005,2.100,1.780,1,3,0,2.007,0,0,14,136,1,24,0
16-03 06:00:38,27.287,8.511,62.334,1.252,0.250,3427560,229800,161528,4128448,11194.120,1622.191,596.806,1734.343,109.147,123.166,6815,9546,2.100,1.780,1,5,0,3.004,0,0,14,138,1,24,0
16-03 06:00:39,41.160,15.716,40.662,0.998,0,3427072,229752,161528,4128904,10986.089,2119.387,0,2390.797,0,211.540,13992,21928,2.180,1.800,1.010,7,0,285.379,0,0,14,137,1,24,0
16-03 06:00:40,31.371,3.984,62.493,0.498,0,3470508,186260,161532,4128956,11041.673,1772.723,0,1398.260,0,112.538,4260,5571,2.180,1.800,1.010,2,0,0,0,0,14,138,1,24,0
16-03 06:00:41,10.512,17.269,68.828,1.752,0,3441628,215116,161532,4128980,7547.500,1549.745,4.005,6675.518,1.001,356.401,5902,5243,2.180,1.800,1.010,2,0,269.303,0,0,14,137,1,24,0
16-03 06:00:42,9.007,21.016,68.301,0,0.250,3375300,281412,161532,4129012,9615.243,1621.221,0,260.196,0,20.015,5826,4193,2.180,1.800,1.010,2,0,354.267,0,0,14,137,1,24,0
16-03 06:00:43,22.089,16.316,61.248,0,0.502,3404620,252088,161532,4129036,9914.110,1626.581,0,40.162,0,5.020,5834,6850,2.180,1.800,1.010,4,0,242.983,0,0,14,137,1,24,0
16-03 06:00:44,31.240,22.243,45.235,0,0,3457136,199496,161540,4129088,6999.746,1731.442,15.995,55.982,1.000,13.995,6648,5363,2.240,1.820,1.020,4,0,514.834,0,0,14,137,1,23,0
16-03 06:00:45,29.164,16.950,52.096,0,0,3483572,172496,161552,4129596,7427.980,1698.964,79.764,287.149,6.979,15.953,6657,9003,2.240,1.820,1.020,4,0,283.161,0,0,14,143,1,23,0
16-03 06:00:46,53.948,25.845,19.321,0.251,0,3639672,133752,161556,4015480,10318.878,1625.969,112.413,529.945,9.033,32.118,7657,10864,2.240,1.820,1.020,5,0,525.931,0,0,16,149,1,23,0
16-03 06:00:47,54.847,25.066,19.110,0,0.496,3748756,160900,161556,3880340,11647.390,1554.574,15.883,790.192,0.993,84.380,6457,7105,2.240,1.820,1.020,7,0,383.184,0,0,16,161,1,23,0
16-03 06:00:48,35.972,20.376,42.512,0.503,0,3806800,155664,161556,3828512,12868.406,1521.388,16.099,571.527,4.025,45.279,8192,12863,2.240,1.820,1.020,4,0,408.521,0,0,16,167,1,23,0
16-03 06:00:49,36.773,23.014,40.025,0,0,3864020,141716,161564,3785744,12730.903,1711.062,0,588.365,0,18.011,7343,5878,2.460,1.870,1.040,7,0,587.365,0,0,16,167,1,23,0
16-03 06:00:50,18.150,17.404,61.661,0.497,0,3859832,196048,161584,3737068,10259.555,1611.136,2378.912,509.199,52.710,37.792,6784,8013,2.460,1.870,1.040,2,0,299.353,0,0,17,169,1,23,0
16-03 06:00:51,40.683,26.368,31.391,0.753,0,3929356,174720,161880,3689316,8367.544,1773.960,5307.816,1004.507,102.460,71.320,7435,7078,2.460,1.870,1.040,3,0,565.538,0,0,17,171,1,23,0
16-03 06:00:52,40.491,17.246,40.990,0,0.250,3994660,154488,161892,3645492,5768.649,1763.587,23.994,2707.366,4.999,51.988,6868,8075,2.460,1.870,1.040,7,0,281.934,0,0,17,177,2,23,0
16-03 06:00:53,36.481,26.986,35.482,0.500,0,4116920,124276,161904,3555504,4523.653,1767.083,179.907,11905.823,4.997,932.516,9812,10464,2.460,1.870,1.040,4,0,574.702,0,0,17,183,2,23,0
16-03 06:00:54,28.403,26.161,43.850,0.249,0,4187140,129680,161904,3481880,9771.644,1642.394,7.973,550.122,1.993,32.888,8383,10487,2.590,1.910,1.060,2,0,613.904,0,0,17,189,2,23,2
16-03 06:00:55,10.751,21.001,66.504,0.250,0,4185284,131344,161904,3482412,9026.553,1768.108,0,624.038,0,42.003,6076,5006,2.590,1.910,1.060,4,0,330.020,0,0,17,195,2,23,2
16-03 06:00:56,25.226,15.735,57.694,0.250,0.250,4229956,127444,161904,3442408,11921.529,1766.300,103.900,651.373,5.994,22.978,6505,8287,2.590,1.910,1.060,4,0,261.748,0,0,17,195,2,23,2
16-03 06:00:57,43.305,9.512,44.307,1.252,1.252,4353984,136528,161904,3312144,9337.942,1864.384,720.922,372.476,12.015,25.032,3336,2002,2.590,1.910,1.060,5,0,3.004,0,0,17,199,2,23,2
16-03 06:00:58,44.104,9.220,45.101,0.498,0,4475320,126932,161904,3203224,9333.171,1688.423,255.157,362.802,11.960,46.845,4319,3511,2.590,1.910,1.060,4,0,12.957,0,0,17,216,2,23,4
16-03 06:00:59,29.335,18.804,51.398,0.251,0,4397368,204000,161916,3204080,10978.674,1789.162,950.743,469.354,14.041,31.090,6146,5754,2.460,1.890,1.060,3,0,468.351,0,0,17,215,2,23,4
16-03 06:01:00,37.900,25.099,36.394,0,0,4439156,159780,161924,3206828,7540.769,1538.072,1200.740,281.110,16.063,22.087,8938,11412,2.460,1.890,1.060,3,0,553.184,0,0,17,220,2,21,4
16-03 06:01:01,54.989,22.339,20.621,0.245,0,4494652,128192,161944,3183172,10524.449,1590.745,761.987,1170.474,19.639,27.494,6526,7084,2.460,1.890,1.060,9,0,257.269,0,0,17,224,2,22,4
16-03 06:01:02,72.971,15.255,10.933,0.763,0,4631620,142800,161944,3035784,11965.154,1647.561,1558.063,988.536,38.646,39.663,5351,5053,2.460,1.890,1.060,3,2,25.425,0,0,17,230,2,23,4
16-03 06:01:03,68.046,13.009,14.260,4.003,0.500,4668104,140760,162048,3002948,7602.192,1695.158,6564.484,2453.676,475.325,169.116,6730,6437,2.460,1.890,1.060,7,0,33.023,0,0,17,242,2,23,2
16-03 06:01:04,39.891,26.428,32.661,0.249,0,4684712,163672,162048,2964380,10966.092,1689.392,223.391,769.900,12.965,48.867,8100,9448,2.820,1.970,1.090,3,0,437.806,0,0,17,239,2,29,2
16-03 06:01:05,40.850,24.059,34.334,0.251,0,4685580,187952,162048,2940544,9770.939,1623.979,8.020,589.444,2.005,39.096,7695,9171,2.820,1.970,1.090,4,0,349.857,0,0,17,239,2,30,2
16-03 06:01:06,54.302,22.521,22.521,0,0.250,4724452,147392,162048,2941776,10367.850,1459.387,8.008,380.361,2.002,24.023,6251,6254,2.820,1.970,1.090,3,0,422.401,0,0,17,239,2,30,2
16-03 06:01:07,59.685,25.472,13.485,0.499,0.250,4732400,191920,162592,2890628,8549.694,1688.162,1566.295,1058.847,78.914,60.934,7431,10586,2.820,1.970,1.090,9,1,408.555,0,0,17,241,2,31,2
16-03 06:01:08,59.604,25.545,14.275,0,0,4843480,141260,162596,2830764,5652.857,1622.830,192.335,2540.430,14.024,66.115,7970,11936,2.820,1.970,1.090,5,0,362.632,0,0,17,249,2,34,2
16-03 06:01:09,57.416,26.960,13.231,0.499,0.250,4871280,140180,162604,2804428,11267.440,1617.623,591.131,1198.239,33.950,77.886,8973,15484,3,2.030,1.110,3,0,389.428,0,0,17,257,2,28,2
16-03 06:01:10,54.468,20.146,24.623,0,0,4952012,161048,162616,2704768,9314.842,1701.205,15.918,386.004,2.985,23.877,6197,7141,3,2.030,1.110,4,0,274.580,0,0,17,257,2,28,2
16-03 06:01:11,71.573,14.817,13.059,0.251,0.251,5038000,166956,162624,2615508,5833.328,1701.680,454.049,9362.256,16.073,37.168,4643,3927,3,2.030,1.110,5,0,23.104,0,0,17,257,2,28,2
16-03 06:01:12,68.274,15.005,14.755,1.000,0.250,5099360,151256,162628,2571016,9763.431,1532.539,2304.810,996.350,103.036,80.028,10248,18925,3,2.030,1.110,4,0,18.006,0,0,17,268,2,32,2
16-03 06:01:13,53.933,23.970,20.974,0.749,0,5099044,150856,162780,2571496,6603.843,1618.001,1326.362,16617.475,24.969,1156.571,9475,6869,3,2.030,1.110,5,1,433.465,0,0,17,269,2,29,2
16-03 06:01:14,51.006,26.374,19.905,0.746,0,5069520,176896,162892,2575116,9826.953,1612.281,4092.407,1450.058,56.728,96.538,7443,8902,3.400,2.120,1.150,4,0,444.870,0,0,17,269,2,29,2
16-03 06:01:15,66.640,21.044,10.773,0,0.251,5157588,129740,162900,2535344,8542.938,1623.409,821.725,1186.491,12.025,55.116,7042,10075,3.400,2.120,1.150,6,0,231.486,0,0,18,269,2,31,2
16-03 06:01:16,80.517,15.956,1.227,1.227,0,5239308,119920,162904,2465896,4407.838,1590.710,2690.460,10105.918,127.650,41.241,5743,3898,3.400,2.120,1.150,8,0,34.367,0,0,18,272,2,31,2
16-03 06:01:17,82.510,13.497,3.565,1.019,0.509,5275800,167100,162940,2385540,12698.378,1650.198,1430.172,3826.015,49.913,342.263,7400,7994,3.400,2.120,1.150,5,0,80.473,0,0,18,276,2,34,2
16-03 06:01:18,50.483,14.495,32.739,0.750,0.250,5319860,143852,163072,2365228,9412.908,1997.344,1615.469,4322.580,51.983,223.926,6633,8439,3.400,2.120,1.150,3,0,160.947,0,0,18,282,2,35,2
16-03 06:01:19,32.462,10.066,55.362,1.258,0,5271300,217340,163080,2340952,8372.783,2197.377,837.480,4376.636,10.066,284.864,5420,6535,3.290,2.120,1.150,2,0,51.336,0,0,18,288,2,35,2
16-03 06:01:20,20.064,6.688,71.586,0,0,5305948,182544,163216,2340964,26648.811,6082.579,895.692,241.758,13.871,16.844,3132,2826,3.290,2.120,1.150,2,0,8.917,0,0,18,290,2,35,3
16-03 06:01:21,16.602,11.320,69.930,0,0,5286920,183284,163220,2359216,16677019.565,102998.893,2547.654,301.855,28.173,24.148,9192,4621,3.290,2.120,1.150,2,0,146.903,0,0,18,288,2,34,2
16-03 06:01:22,19.547,8.520,69.666,0.752,0.251,5344252,125912,163224,2359252,9774.269,1623.866,20.048,1307.112,2.005,84.200,3879,3752,3.290,2.120,1.150,3,1,119.284,0,0,18,292,2,34,2
16-03 06:01:23,24.887,3.484,69.931,0.498,0,5304864,196092,163224,2329524,8050.321,1654.462,430.041,438.004,23.891,53.755,4943,6090,3.290,2.120,1.150,3,0,0.995,0,0,18,299,2,35,2
16-03 06:01:24,25.490,4.498,66.723,1.499,0,5304528,180016,163232,2345880,7779.864,1457.413,175.929,6261.476,9.996,730.705,7609,8374,3.100,2.100,1.150,2,0,1.999,0,0,18,300,2,39,2
16-03 06:01:25,10.494,18.489,68.708,0.250,0,5263128,221316,163232,2345996,11331.107,1619.015,51.968,387.764,4.997,18.988,6204,5423,3.100,2.100,1.150,3,0,464.717,0,0,18,300,2,39,2
16-03 06:01:26,22.000,5.250,71.250,0.500,0.250,5307324,177116,163236,2345996,8194.958,1661.991,4.000,16603.914,1.000,62.000,2611,2106,3.100,2.100,1.150,2,0,29.000,0,0,18,300,2,39,2
16-03 06:01:27,9.312,19.126,70.214,0.252,0.252,5304104,180292,163236,2346040,9258.206,1630.781,0,1163.693,0,72.479,6426,5389,3.100,2.100,1.150,2,0,372.462,0,0,18,300,2,39,2
16-03 06:01:28,6.456,12.415,78.959,0.248,0,5299216,184988,163368,2346100,7211.569,1682.468,162.884,230.421,5.959,22.843,4624,4096,3.100,2.100,1.150,2,0,268.162,0,0,18,300,2,39,2
16-03 06:01:29,9.529,3.009,84.756,0.251,0.251,5322464,161732,163368,2346108,10897.943,1699.136,0,345.043,0,48.146,2332,2651,2.850,2.070,1.150,3,0,10.030,0,0,18,302,2,39,2
16-03 06:01:30,23.912,3.736,71.488,0,0.498,5357528,126588,163368,2346188,9421.424,1614.076,63.766,175.356,3.985,10.960,2746,2522,2.850,2.070,1.150,2,0,2.989,0,0,18,306,2,40,2
16-03 06:01:31,12.600,15.372,69.804,0,0,5326720,157316,163372,2346264,5046.025,1469.657,8.064,112.895,2.016,13.104,5225,4147,2.850,2.070,1.150,2,0,219.743,0,0,18,310,2,40,2
16-03 06:01:32,13.231,16.726,69.651,0,0,5304288,179396,163372,2346584,8676.612,1617.690,0,67.903,0,5.991,5654,4419,2.850,2.070,1.150,2,0,213.695,0,0,18,310,2,40,2
16-03 06:01:33,18.488,14.241,65.959,0.250,0,5323536,159804,163376,2349508,11565.726,1618.982,167.894,491.691,7.995,12.992,5321,7821,2.850,2.070,1.150,4,0,202.872,0,0,18,310,2,35,2
16-03 06:01:34,24.582,4.718,68.532,0.248,0,5343740,139588,163376,2346904,9940.153,1609.018,3.973,401.261,0.993,28.803,2954,6270,2.710,2.050,1.150,4,0,4.966,0,0,18,314,2,36,2
16-03 06:01:35,24.311,3.509,70.678,0.251,0,5378432,135200,163376,2317600,10101.451,1694.269,388.980,453.142,12.030,45.114,2810,2800,2.710,2.050,1.150,2,0,4.010,0,0,18,318,2,36,2
16-03 06:01:36,23.728,3.247,72.182,0,0.250,5309320,204264,163376,2317648,6908.522,1618.482,23.978,203.809,3.996,7.993,2311,1820,2.710,2.050,1.150,2,0,4.995,0,0,18,314,2,36,2
16-03 06:01:37,22.786,4.257,71.361,0.501,0,5366996,146584,163376,2317652,9866.408,1502.346,0,224.350,0,25.039,2558,2390,2.710,2.050,1.150,5,0,5.008,0,0,18,317,2,33,2
16-03 06:01:38,24.711,4.742,69.141,0,0.250,5283156,230180,163376,2317896,8493.559,1617.440,95.848,283.551,5.991,21.965,3357,3417,2.710,2.050,1.150,3,0,15.975,0,0,18,314,2,33,2
16-03 06:01:39,24.792,3.005,70.869,0.250,0.250,5323976,189356,163376,2317900,6734.292,1622.721,0,308.517,0,24.040,2403,2042,2.570,2.030,1.140,3,0,0,0,0,18,314,2,33,2
16-03 06:01:40,12.073,17.355,69.672,0,0,5318632,194464,163380,2318116,9948.270,1629.874,462.804,708.291,9.055,36.219,5731,4954,2.570,2.030,1.140,3,0,353.139,0,0,18,314,2,33,2
16-03 06:01:41,13.883,13.388,70.161,0,0.248,5317312,195616,163508,2318160,6453.842,1606.519,146.768,253.870,8.925,8.925,4748,3805,2.570,2.030,1.140,3,0,246.928,0,0,18,314,2,33,2
16-03 06:01:42,19.277,3.255,76.607,0.250,0,5352736,159168,163540,2319152,11020.459,3800.331,4.006,204.287,1.001,7.010,2178,1946,2.570,2.030,1.140,2,0,17.024,0,0,18,315,2,33,2
16-03 06:01:43,22.447,3.242,71.830,0,0,5346604,159756,164156,2324012,11744.249,1628.153,119.717,594.595,5.986,7.981,2405,2065,2.570,2.030,1.140,2,0,2.993,0,0,18,314,2,33,2
16-03 06:01:44,18.987,3.248,76.446,0.500,0,5342032,158568,164656,2329112,16180.550,4663.700,47.966,1990.591,2.998,117.917,2668,2432,2.440,2.020,1.140,2,0,17.987,0,0,18,314,2,33,2
16-03 06:01:45,19.797,5.012,73.172,0,0,5340808,159000,164692,2329812,14284.556,3667.616,192.452,2157.067,3.007,34.080,10718,19782,2.440,2.020,1.140,2,0,12.028,0,0,18,315,2,33,2
16-03 06:01:46,21.394,6.544,70.473,0,0,5358500,140856,164780,2330176,10257.836,2537.025,0,434.919,0,11.074,10802,19268,2.440,2.020,1.140,3,0,19.128,0,0,18,315,2,33,2
16-03 06:01:47,18.701,7.231,71.312,0.499,0.499,5272932,236420,164868,2320168,5817.683,1789.289,0,865.721,0,29.921,3094,2699,2.440,2.020,1.140,2,0,87.769,0,0,18,314,2,33,2
16-03 06:01:48,16.673,12.442,69.179,0.249,0.249,5303444,205884,164868,2320192,9680.038,1654.316,0,2942.333,0,197.085,4462,3702,2.440,2.020,1.140,2,0,181.159,0,0,18,314,2,33,2
16-03 06:01:49,24.991,2.999,70.973,0,0,5324792,184252,164868,2320516,9129.568,1457.452,15.994,207.922,1.000,21.992,2683,2586,2.330,2,1.140,2,0,0,0,0,18,316,2,35,2
16-03 06:01:50,18.738,8.744,70.454,0.750,0,5301916,207084,164868,2320560,5137.652,1618.945,15.990,227.852,1.999,13.991,3489,2981,2.330,2,1.140,2,0,115.924,0,0,18,316,2,35,2
16-03 06:01:51,22.918,5.541,71.272,0,0,5238392,270480,164868,2320696,9497.605,1631.960,128.945,0,1.007,0,3004,2717,2.330,2,1.140,2,0,47.347,0,0,18,316,1,35,2
16-03 06:01:52,21.633,5.222,71.116,0,0,5307104,201764,164868,2320700,7032.043,1611.303,0,314.303,0,28.844,2781,2644,2.330,2,1.140,3,0,27.850,0,0,18,316,1,35,2
16-03 06:01:53,21.217,6.739,70.639,0.250,0.250,5325708,183136,164872,2320720,10327.797,1691.347,3.994,16198.587,0.998,55.912,3445,3146,2.330,2,1.140,2,0,55.912,0,0,18,316,1,35,2
16-03 06:01:54,24.438,3.527,70.794,0,0.252,5352480,156348,164872,2320736,8125.484,1598.291,16.124,3386.038,1.008,440.386,3347,2738,2.220,1.980,1.140,2,0,0,0,0,18,319,1,36,2
16-03 06:01:55,22.074,4.960,71.678,0,0,5349800,158988,164872,2320776,8945.586,1668.679,11.905,154.764,0.992,9.921,2689,2262,2.220,1.980,1.140,2,0,31.747,0,0,18,316,1,37,2
16-03 06:01:56,21.991,5.248,71.221,0.250,0,5357808,150964,164872,2320792,11428.281,1693.301,0,355.853,0,33.986,3294,3148,2.220,1.980,1.140,4,0,46.981,0,0,18,316,1,37,2
16-03 06:01:57,23.292,4.508,71.380,0.250,0,5341348,198468,164852,2290596,7437.516,1791.255,4.007,432.786,1.002,30.055,2458,2301,2.220,1.980,1.140,3,0,0,0,0,18,316,1,37,2
16-03 06:01:58,22.748,6.000,70.495,0,0,5322104,217668,164852,2290640,9322.384,1693.888,27.998,351.977,2.000,8.999,2963,2553,2.220,1.980,1.140,2,0,31.998,0,0,18,316,1,39,1
16-03 06:01:59,27.279,5.256,67.322,0,0.501,5273068,266672,164852,2290672,7697.231,1621.734,0,248.265,0,33.035,3944,5915,2.120,1.960,1.140,4,0,6.006,0,0,18,316,1,40,1
16-03 06:02:00,7.740,9.239,78.653,2.247,0,5245700,292852,165260,2291452,14638.975,4084.970,982.790,3104.178,245.697,148.817,4753,4633,2.120,1.960,1.140,2,0,176.782,0,0,18,318,1,40,1
16-03 06:02:01,3.769,2.764,91.702,0.502,0.251,5243640,294880,165260,2291484,20012.611,2830.949,0,586.892,0,45.223,2306,2678,2.120,1.960,1.140,2,0,34.168,0,0,18,316,1,41,1
16-03 06:02:02,4.483,4.981,88.914,0.249,0,5255388,283100,165260,2291516,14298.962,4589.655,0,346.690,0,13.947,2537,2725,2.120,1.960,1.140,1,0,91.654,0,0,18,318,1,40,1
16-03 06:02:03,10.777,13.784,72.933,0.501,0,5288496,249356,165264,2292148,6886.232,2033.088,569.425,465.164,58.146,20.050,4794,4055,2.120,1.960,1.140,2,0,210.527,0,0,18,316,1,41,1
16-03 06:02:04,22.655,3.983,71.200,0.249,0,5326464,201264,165264,2302256,10701.891,1686.890,63.731,999.786,5.975,11.950,2668,2405,2.030,1.950,1.140,2,0,3.983,0,0,18,316,1,41,1
16-03 06:02:05,14.361,2.016,81.885,0,0,5329424,194208,165264,2306224,23919.624,6138.638,0,999.758,0,35.274,2134,2038,2.030,1.950,1.140,2,0,17.133,0,0,18,316,1,41,1
16-03 06:02:06,14.255,13.254,70.523,1.000,0.250,5293404,227208,165264,2309212,11213.663,1620.529,1168.382,3261.065,18.006,104.034,5378,4967,2.030,1.950,1.140,2,0,242.079,0,0,18,316,1,33,1
16-03 06:02:07,21.836,5.707,70.966,0.248,0.248,5352292,168320,165264,2309212,7637.506,1607.896,0,309.669,0,24.813,2980,2820,2.030,1.950,1.140,4,0,62.529,0,0,18,316,1,33,1
16-03 06:02:08,22.000,6.250,70.251,0,0,5356984,163604,165264,2309236,9194.131,1458.021,0,260.004,0,26.000,3448,3308,2.030,1.950,1.140,2,0,48.001,0,0,18,318,1,34,1
16-03 06:02:09,24.914,3.272,70.211,0.252,0.252,5398256,122316,165264,2309252,9184.363,1630.718,0,366.408,0,45.298,2943,2936,1.950,1.930,1.140,3,0,0,0,0,18,319,1,35,1
16-03 06:02:10,23.084,4.964,70.989,0.248,0,5366972,153324,165264,2309528,4920.613,1608.433,222.401,329.629,11.914,14.893,2722,2418,1.950,1.930,1.140,2,0,13.900,0,0,18,318,1,28,1
16-03 06:02:11,25.432,4.029,66.978,1.511,0.252,5375912,142136,165264,2311776,10696.391,1631.653,2207.767,1039.423,90.647,140.000,5834,8165,1.950,1.930,1.140,5,0,2.014,0,0,18,320,1,28,1
16-03 06:02:12,22.629,4.725,71.120,0.249,0,5345592,203512,165264,2281624,5622.969,1685.001,0,366.045,0,23.873,2518,2289,1.950,1.930,1.140,2,0,4.973,0,0,18,320,1,28,1
16-03 06:02:13,24.797,4.258,69.132,0.751,0,5344584,204252,165268,2281888,4327.267,1460.791,288.551,985.883,13.025,114.218,5154,6641,1.950,1.930,1.140,3,0,0,0,0,18,320,1,30,1
16-03 06:02:14,11.268,19.031,67.109,0,0,5290456,258216,165268,2282052,9137.837,1622.635,0,909.477,0,52.085,6199,5324,1.870,1.920,1.140,1,0,445.724,0,0,18,320,1,26,1
16-03 06:02:15,9.515,22.536,66.858,0.250,0.250,5285880,262768,165268,2282076,11014.804,1622.623,0,524.848,0,40.065,6987,6064,1.870,1.920,1.140,2,0,587.950,0,0,18,320,1,26,1
16-03 06:02:16,8.508,22.771,67.313,0.500,0,5285592,263020,165268,2282112,10538.913,1621.525,0,2878.708,0,176.166,7749,7243,1.870,1.920,1.140,2,0,645.607,0,0,18,320,1,26,1
16-03 06:02:17,8.742,21.981,66.693,0,0,5285116,263468,165268,2282140,10490.979,1618.608,0,231.801,0,21.981,6799,5787,1.870,1.920,1.140,2,0,534.540,0,0,18,320,1,26,1
16-03 06:02:18,9.253,22.508,66.525,0,0,5279400,269160,165268,2282164,7659.837,1620.600,0,116.043,0,13.005,6714,5747,1.870,1.920,1.140,2,0,510.189,0,0,18,322,1,21,1
16-03 06:02:19,8.722,23.425,66.787,0,0.249,5287424,261104,165268,2282196,9810.653,1453.356,0,1822.178,0,28.908,7209,6422,1.880,1.920,1.140,4,0,580.146,0,0,18,322,1,21,1
16-03 06:02:20,11.785,17.803,68.703,1.003,0.251,5295248,253216,165268,2282260,9667.567,1624.801,16.047,2816.322,1.003,405.197,7166,5840,1.880,1.920,1.140,2,0,533.577,0,0,18,322,1,21,1
16-03 06:02:21,18.893,8.452,71.843,0.249,0,5310600,325068,165556,2205064,5184.602,1610.866,51.707,2298.964,12.927,12.927,2564,2345,1.880,1.920,1.140,2,0,10.938,0,0,18,322,1,21,1
16-03 06:02:22,13.452,1.744,82.708,0.249,0,5319068,314516,165556,2207148,10324.534,3994.890,0,1159.903,0,26.905,2231,2507,1.880,1.920,1.140,2,0,17.937,0,0,18,323,1,20,1
16-03 06:02:23,3.507,1.002,93.690,0,0,5311564,321880,165556,2207288,8944.135,3008.099,32.065,336.683,1.002,38.077,1761,2484,1.880,1.920,1.140,1,0,0,0,0,18,322,1,20,1
16-03 06:02:24,2.996,1.248,94.377,0,0,5307388,326020,165556,2207324,14407.189,2208.117,0,3842.982,0,137.820,1500,1808,1.730,1.890,1.140,3,0,0,0,0,18,323,1,20,1
16-03 06:02:25,3.991,0.249,94.538,0.249,0,5305860,327588,165556,2207328,13927.828,2175.132,0,135.696,0,10.975,1322,1714,1.730,1.890,1.140,4,0,0,0,0,18,322,1,20,1
16-03 06:02:26,1.005,1.256,96.455,0.251,0.502,5304272,329176,165556,2207328,8513.176,1627.682,0,208.986,0,15.071,1279,1767,1.730,1.890,1.140,1,0,0,0,0,18,322,1,15,1
16-03 06:02:27,3.752,0.500,94.291,0,0,5302884,330564,165556,2207328,11063.843,2864.254,0,40.018,0,3.001,1337,1707,1.730,1.890,1.140,1,0,0,0,0,18,322,1,15,1
16-03 06:02:28,1.000,1.000,96.710,0,0.250,5301668,331780,165556,2207328,8491.489,1619.330,0,0,0,0,1165,1644,1.730,1.890,1.140,1,0,0,0,0,18,322,1,15,1
16-03 06:02:29,3.252,0.500,94.806,0,0,5300860,332588,165556,2207328,6206.692,1737.033,0,136.081,0,17.010,1444,2054,1.590,1.850,1.130,1,0,0,0,0,18,322,1,15,1
16-03 06:02:30,0.999,0.749,96.864,0,0,5300860,332588,165556,2207328,9330.931,1617.734,0,175.754,0,10.985,1150,1657,1.590,1.850,1.130,1,0,0,0,0,18,322,1,15,1
16-03 06:02:31,3.498,0.750,94.193,0.250,0,5300860,332588,165556,2207328,9688.181,2630.420,0,39.976,0,4.997,1373,1754,1.590,1.850,1.130,1,0,0.999,0,0,18,323,1,14,1
16-03 06:02:32,25.252,15.501,57.254,0.500,0.250,5302744,327836,165628,2209980,10086.760,1759.132,2676.202,144.011,100.008,13.001,4711,3626,1.590,1.850,1.130,3,0,163.012,0,0,18,322,1,14,1
16-03 06:02:33,29.803,13.274,55.849,1.002,0,5266448,361028,165644,2212948,8717.456,125704.867,2276.035,9003.963,94.167,42.075,5507,9319,1.590,1.850,1.130,2,0,23.041,0,0,18,322,1,14,1
16-03 06:02:34,7.241,4.245,84.897,0.999,0,5255716,371768,165644,2212948,5078.827,1618.033,0,14394.505,0,737.104,4047,8198,1.870,1.910,1.150,1,0,37.954,0,0,18,322,1,15,1
16-03 06:02:35,0.999,0.500,96.924,0,0.250,5254628,372856,165644,2212948,9296.697,1618.728,0,19.984,0,2.998,1115,1635,1.870,1.910,1.150,1,0,0,0,0,18,322,1,14,1
16-03 06:02:36,1.754,0.752,96.712,0,0.501,5245656,381828,165644,2212948,7716.892,1665.646,0,0,0,0,1169,1638,1.870,1.910,1.150,1,0,0,0,0,18,322,1,14,1
16-03 06:02:37,2.751,1.250,95.534,0.500,0,5244308,383172,165644,2212952,10295.671,1620.578,0,280.100,0,27.010,1454,2113,1.870,1.910,1.150,2,0,2.001,0,0,18,322,1,14,1
16-03 06:02:38,2.248,0.749,94.148,0.749,0,5243132,384348,165644,2212952,8632.645,1456.422,0,1873.969,0,120.869,1866,2633,1.870,1.910,1.150,2,0,0,0,0,18,322,1,14,1
16-03 06:02:39,2.504,1.002,94.654,0.250,0.250,5239956,387524,165644,2212952,11708.064,1622.642,0,6222.132,0,40.065,1663,2231,1.720,1.870,1.140,1,0,0,0,0,18,322,1,14,1
16-03 06:02:40,1.496,0.997,95.998,0,0,5238396,389076,165644,2212952,9875.045,1615.753,0,1117.064,0,53.858,1352,1960,1.720,1.870,1.140,1,0,0,0,0,18,322,1,14,1
16-03 06:02:41,1.503,2.254,94.673,0,0,5243192,384276,165648,2212952,5536.143,1622.973,0,472.866,0,8.015,1313,1744,1.720,1.870,1.140,2,0,1.002,0,0,18,322,1,14,1
16-03 06:02:42,1.749,0.500,96.718,0,0.250,5243192,384276,165648,2212952,5234.292,1619.472,0,0,0,0,1101,1710,1.720,1.870,1.140,1,0,0,0,0,18,322,1,14,1
16-03 06:02:43,1.997,0.749,95.612,0.499,0,5242700,384528,165648,2213192,10181.252,1617.657,223.676,155.774,9.986,14.978,1338,2031,1.720,1.870,1.140,1,0,0,0,0,18,322,1,14,1
16-03 06:02:44,1.504,1.002,96.238,0,0,5242700,384528,165648,2213192,9126.549,1461.611,0,340.842,0,24.059,1249,1770,1.580,1.840,1.140,2,0,0,0,0,18,322,1,14,1
16-03 06:02:45,1.748,0.250,96.908,0,0.250,5242700,384528,165648,2213192,11670.887,1618.459,0,0,0,0,1102,1576,1.580,1.840,1.140,2,0,0,0,0,18,322,1,14,1
16-03 06:02:46,1.500,0.750,96.522,0,0.250,5242696,384528,165648,2213196,8699.957,1620.364,0,4.001,0,1.000,1144,1641,1.580,1.840,1.140,1,0,0,0,0,18,322,1,14,1
16-03 06:02:47,2.249,0.750,96.210,0,0.250,5242692,384528,165648,2213200,10553.658,1619.334,0,63.974,0,5.998,1183,1668,1.580,1.840,1.140,3,0,0,0,0,18,322,1,14,1
16-03 06:02:48,1.499,0.500,95.666,0.250,0,5242692,384528,165648,2213200,7335.560,1618.579,0,51.954,0,6.994,1275,1835,1.580,1.840,1.140,1,0,0,0,0,18,322,1,14,1
16-03 06:02:49,3.008,0.752,95.490,0,0.251,5242688,384528,165648,2213204,4398.073,1461.680,0,156.394,0,20.050,1493,2109,1.450,1.810,1.130,1,0,0,0,0,18,322,1,14,1
16-03 06:02:50,1.496,0.748,96.524,0.249,0,5242684,384528,165648,2213208,10349.737,1616.211,0,175.588,0,10.974,1132,1665,1.450,1.810,1.130,1,0,0,0,0,18,322,1,14,1
16-03 06:02:51,2.252,1.001,94.575,0.250,0,5242684,384528,165652,2213204,9507.534,1621.285,0,600.476,0,112.089,1515,1994,1.450,1.810,1.130,1,0,1.001,0,0,18,322,1,12,1
16-03 06:02:52,1.999,0.749,95.431,0,0,5242680,384528,165652,2213208,4979.377,1618.822,0,363.735,0,29.978,1355,2118,1.450,1.810,1.130,2,0,1.999,0,0,18,322,1,12,1
16-03 06:02:53,1.999,0.999,95.438,0.250,0,5242904,384304,165652,2213208,9550.842,1692.909,15.990,167.892,0.999,22.985,1536,2351,1.450,1.810,1.130,1,0,0,0,0,18,322,1,12,1
16-03 06:02:54,2.005,1.003,95.998,0.251,0,5242876,384304,165652,2213236,4945.781,1698.389,0,104.269,0,8.021,1303,1903,1.340,1.780,1.130,3,0,0,0,0,18,322,1,12,1
16-03 06:02:55,1.248,1.248,95.845,0,0,5229812,397360,165652,2213236,9216.052,1529.519,0,10974.200,0,56.908,1405,1815,1.340,1.780,1.130,1,0,0,0,0,18,322,1,10,1
16-03 06:02:56,2.247,0.749,96.376,0,0.749,5230064,397108,165652,2213236,20616.396,1691.817,0,239.691,0,31.959,1259,1694,1.340,1.780,1.130,1,0,0,0,0,18,322,1,10,1
16-03 06:02:57,1.751,0.500,96.279,0.250,0.250,5230064,397108,165652,2213236,5620.665,1694.502,0,200.059,0,15.004,1208,1824,1.340,1.780,1.130,1,0,0,0,0,18,322,1,10,1
16-03 06:02:58,1.998,0.749,95.428,0,0,5230052,397108,165652,2213248,9756.665,1734.696,0,275.793,0,23.982,1458,2033,1.340,1.780,1.130,1,0,0,0,0,18,322,1,10,1
16-03 06:02:59,2.508,0.752,95.054,0.251,0,5230052,397108,165652,2213248,11440.565,1625.194,0,124.398,0,19.061,1554,2061,1.310,1.770,1.120,2,0,2.006,0,0,18,322,1,8,1
16-03 06:03:00,1.749,0.749,95.170,1.499,0,5230048,397108,165652,2213252,7299.864,1692.577,0,8596.774,0,503.577,2064,1909,1.310,1.770,1.120,1,0,0,0,0,18,322,1,8,1
16-03 06:03:01,3.489,0.997,94.196,0.498,0,5230712,396616,165652,2213252,11303.575,1507.143,0,653.893,0,119.615,1773,1994,1.310,1.770,1.120,1,0,0.997,0,0,18,322,1,8,1
16-03 06:03:02,4.005,2.503,91.871,0,0,5234652,392588,165652,2213372,16263.376,1568.061,0,44.058,0,6.008,2889,4701,1.310,1.770,1.120,1,0,1.001,0,0,18,322,1,8,1
16-03 06:03:03,5.753,1.000,92.043,0.250,0.250,5234644,392588,165656,2213376,14754.903,810.379,0,236.110,0,29.014,2217,2761,1.310,1.770,1.120,2,0,0,0,0,18,322,1,7,1
16-03 06:03:04,9.732,2.745,85.591,0.499,0.250,5246204,380996,165660,2213404,277660.989,3908.750,15.970,175.674,1.996,10.980,2075,2118,1.200,1.740,1.120,3,0,7.985,0,0,18,322,1,7,1
16-03 06:03:05,9.780,5.015,83.005,0,0,5249096,377996,165660,2213512,285832.367,9587.462,120.370,497.529,5.015,13.040,2822,2341,1.200,1.740,1.120,1,0,36.111,0,0,18,322,1,7,1
