"pcp-dstat 5.3.6 CSV Output"
"Author:","PCP team <pcp@groups.io> and Dag Wieers <dag@wieers.com>",,,,"URL:","https://pcp.io/ and http://dag.wieers.com/home-made/dstat/"
"Host:","ubuntu",,,,"User:","ubuntu"
"Cmdline:","dstat -tcmndrylpg --tcp --output /tmp/devstack_logs/dstat-csv.log",,,,"Date:","20 Apr 2024 02:51:07 UTC"
"system","total usage",,,,,"memory usage",,,,"net/total",,"dsk/total",,"io/total",,"system",,"load avg",,,"procs",,,"paging",,"tcp sockets",,,,
"time","total usage:usr","total usage:sys","total usage:idl","total usage:wai","total usage:stl","used","free","buf","cach","net/total:recv","net/total:send","dsk/total:read","dsk/total:writ","read","writ","int","csw","1m","5m","15m","run","blk","new","in","out","lis","act","syn","tim","clo"
20-04 02:51:07,,1019640,1408964,170524,5187476,,,,,,,1.460,0.810,0.460,3,0,,,,9,4,6,11,2
20-04 02:51:08,24.213,27.209,47.178,0.499,0,1054428,1372356,170528,5189168,10464.084,1617.540,1325.983,1038.421,18.971,42.935,4221,7285,1.460,0.810,0.460,4,0,702.931,0,0,9,4,6,11,2
20-04 02:51:09,35.540,18.271,45.301,0.250,0.250,1010644,1404620,170680,5200248,8697.768,1621.821,0,1485.668,0,51.057,4009,6117,1.460,0.810,0.460,6,0,337.379,0,0,9,4,6,11,2
20-04 02:51:10,31.188,13.723,51.397,1.248,0,1163088,1229368,171416,5344048,10993.069,1658.691,0,4135.749,0,230.540,5002,7370,1.460,0.810,0.460,0,2,78.843,0,0,10,4,6,11,2
20-04 02:51:11,28.756,8.252,60.014,2.501,0,1165568,1190692,172648,5375956,7671.726,1660.374,0,12478.808,0,355.080,2261,2979,1.460,0.810,0.460,3,0,95.021,0,0,10,6,6,11,2
20-04 02:51:12,33.819,14.029,51.856,0.501,0,1073732,1291648,173144,5365136,15170.979,4408.001,529.080,2152.395,11.023,70.143,2527,3584,1.500,0.830,0.470,3,0,193.395,0,0,10,4,6,13,0
20-04 02:51:13,44.249,8.750,45.749,0,0,1194284,1168992,173172,5367084,6423.904,1619.976,263.996,1491.978,10.000,17.000,7735,15284,1.500,0.830,0.470,4,0,14.000,0,0,10,4,6,12,0
20-04 02:51:14,37.740,7.248,46.987,7.998,0,1214924,1143272,173560,5371724,12236.623,1693.533,11.997,16955.320,1.000,1399.614,8212,14414,1.500,0.830,0.470,8,0,35.990,0,0,10,6,6,12,0
20-04 02:51:15,37.912,9.478,42.900,9.229,0,1174748,1177592,174140,5376988,10768.930,1616.237,0,37732.160,0,3084.819,19369,37999,1.500,0.830,0.470,2,0,51.879,0,0,10,4,6,12,0
20-04 02:51:16,42.852,9.773,45.859,1.253,0.251,1159724,1192496,174228,5377004,8107.247,1623.855,0,26266.356,0,740.759,3790,5402,1.500,0.830,0.470,2,0,88.209,0,0,10,4,6,12,0
20-04 02:51:17,41.420,4.242,53.896,0,0.250,1087192,1265012,174236,5377012,7792.936,1616.875,0,710.626,0,22.956,1447,1603,1.540,0.850,0.480,1,0,60.882,0,0,10,4,6,12,0
20-04 02:51:18,23.749,2.500,71.746,1.250,0.500,1155112,1197028,174300,5377012,8017.567,1585.914,0,7363.602,0,522.972,2169,2569,1.540,0.850,0.480,1,0,0,0,0,10,4,6,12,0
20-04 02:51:19,15.264,11.010,72.064,0,0,1079612,1272496,174308,5377036,6699.956,1695.507,0,156.139,0,12.011,1955,2779,1.540,0.850,0.480,1,0,194.173,0,0,10,4,6,12,0
20-04 02:51:20,10.765,20.028,69.347,0,0,1081036,1270892,174308,5377200,13440.884,1684.367,0,32.045,0,8.011,2893,4526,1.540,0.850,0.480,2,0,392.552,0,0,10,4,6,12,0
20-04 02:51:21,17.499,15.749,66.246,0,0,1084840,1266592,174308,5377844,11739.272,1689.895,0,36541.734,0,117.993,5520,8631,1.540,0.850,0.480,4,0,203.987,0,0,10,4,6,12,0
20-04 02:51:22,44.501,9.199,45.744,0,0,1204464,1146836,174328,5378232,7798.391,1684.580,119.333,0,4.972,0,1906,2440,1.500,0.850,0.480,3,0,129.277,0,0,10,5,6,12,0
20-04 02:51:23,47.878,3.760,47.878,0.501,0,1254176,1094500,174412,5380524,8258.107,1624.348,569.525,629.686,17.046,87.234,1394,3469,1.500,0.850,0.480,4,0,0,0,0,10,5,6,12,0
20-04 02:51:24,17.010,7.755,75.796,0,0.250,1267732,1079896,174436,5381356,7190.408,1663.019,0,2029.244,0,38.023,1643,3099,1.500,0.850,0.480,0,0,118.072,0,0,10,4,6,12,0
20-04 02:51:25,3.256,3.256,92.425,0.250,0,1280096,1067548,174472,5381364,8536.185,1514.872,0,484.919,0,17.032,1228,1620,1.500,0.850,0.480,1,0,21.040,0,0,10,4,6,12,0
20-04 02:51:26,23.252,2.250,73.507,0,0.250,1349840,997800,174476,5381364,11759.117,1620.154,0,6224.591,0,40.004,1123,1278,1.500,0.850,0.480,2,0,0,0,0,10,4,6,11,0
20-04 02:51:27,23.713,2.496,71.887,0.998,0.250,1366452,980916,174496,5381616,15445.750,1711.313,0,1361.862,0,202.682,3027,5060,1.460,0.860,0.490,2,0,0.998,0,0,10,4,6,13,0
20-04 02:51:28,22.188,4.737,72.299,0.249,0,1331384,1015684,174508,5381844,52160.992,1615.509,35.900,2465.147,2.992,145.595,1996,2199,1.460,0.860,0.490,2,0,41.884,0,0,10,4,6,12,0
20-04 02:51:29,21.559,4.763,72.698,0.501,0.251,1305276,1041232,174508,5382248,14848.522,1624.433,236.646,1127.076,59.161,7.019,2115,3136,1.460,0.860,0.490,2,0,46.126,0,0,10,28,6,12,0
20-04 02:51:30,21.788,4.758,73.377,0,0,1289172,1057196,174508,5382388,7845.620,1622.817,0,0,0,0,1457,2177,1.460,0.860,0.490,2,0,57.099,0,0,10,28,6,12,0
20-04 02:51:31,40.768,8.504,49.522,0,0,1405676,940664,174508,5382412,12205.492,1620.729,0,2621.180,0,10.005,1731,2509,1.460,0.860,0.490,2,0,101.045,0,0,10,29,6,12,0
20-04 02:51:32,45.489,16.246,37.741,0.250,0,1367876,978088,174512,5382760,6012.581,1511.643,0,947.776,0,26.994,4736,9969,1.420,0.860,0.490,6,0,369.913,0,0,10,28,6,12,0
20-04 02:51:33,83.225,15.245,1.500,0,0,1560404,785484,174512,5382820,6863.934,1619.513,0,15.995,0,3.999,3129,7363,1.420,0.860,0.490,7,0,201.939,0,0,10,30,6,12,0
20-04 02:51:34,70.913,13.436,14.183,0,0.498,1421192,924268,174520,5383168,6678.258,1612.337,0,812.140,0,75.640,4145,10807,1.420,0.860,0.490,4,0,205.026,0,0,10,28,6,12,0
20-04 02:51:35,27.636,8.039,64.567,0.251,0,1341284,1004132,174528,5383200,11709.529,1648.097,0,281.382,0,26.128,2550,5298,1.420,0.860,0.490,3,0,110.543,0,0,10,28,6,13,0
20-04 02:51:36,20.950,4.240,73.076,0.249,0,1309200,1036196,174532,5383216,7867.307,1689.985,0,1971.316,0,24.941,1858,4070,1.420,0.860,0.490,2,0,42.898,0,0,10,28,6,13,0
20-04 02:51:37,22.262,3.502,73.038,0,0,1368028,977228,174536,5383352,10687.558,1620.843,0,120.062,0,7.004,1231,1971,1.390,0.860,0.490,2,0,25.013,0,0,10,28,6,13,0
20-04 02:51:38,15.263,15.263,70.310,0.250,0,1309804,1035420,174540,5383380,7306.225,1621.381,0,272.232,0,29.025,2892,5199,1.390,0.860,0.490,2,0,368.314,0,0,10,28,6,14,0
20-04 02:51:39,45.500,23.250,30.500,0,0.500,1441776,903368,174544,5383424,10631.957,1511.994,0,223.999,0,20.000,3126,5286,1.390,0.860,0.490,6,0,667.997,0,0,10,28,6,14,0
20-04 02:51:40,82.341,10.011,7.258,0,0,1600796,743852,174544,5383920,45287.953,1621.789,0,2959.264,0,50.055,4266,10419,1.390,0.860,0.490,6,0,4.004,0,0,10,31,6,16,0
20-04 02:51:41,78.759,12.501,8.001,0,0.250,1421224,923076,174564,5384140,9103.001,1620.178,0,52837.812,0,659.072,4889,13288,1.390,0.860,0.490,8,0,171.019,0,0,10,28,6,17,0
20-04 02:51:42,85.385,12.733,1.997,0,0,1579524,764628,174564,5384328,9329.461,1617.826,0,1010.642,0,16.977,4386,11362,1.760,0.950,0.520,7,0,172.768,0,0,10,30,6,17,0
20-04 02:51:43,81.108,13.017,5.758,0,0.250,1487436,856348,174568,5384688,11590.450,1642.189,0,168.224,0,12.016,5358,15162,1.760,0.950,0.520,4,0,150.200,0,0,10,29,6,17,0
20-04 02:51:44,44.893,10.226,44.394,0.499,0,1363692,979896,174576,5384876,10587.812,1689.980,0,5387.184,0,163.611,4695,9769,1.760,0.950,0.520,3,0,147.649,0,0,10,28,6,16,0
20-04 02:51:45,44.606,9.523,46.610,0,0,1370464,973080,174580,5384912,16460.980,1718.068,0,240.570,0,23.055,3385,6737,1.760,0.950,0.520,7,0,145.344,0,0,10,29,6,17,0
20-04 02:51:46,69.002,12.000,17.751,0,0,1485516,857844,174580,5385088,13424.416,1512.047,0,22312.692,0,52.002,3613,6586,1.760,0.950,0.520,4,0,233.007,0,0,10,29,6,14,0
20-04 02:51:47,62.999,13.000,23.250,0,0.250,1395616,946976,174592,5385840,16121.790,1619.979,0,963.987,0,45.999,4913,14282,1.860,0.980,0.530,6,0,257.997,0,0,10,28,6,19,0
20-04 02:51:48,81.500,7.975,8.474,0.249,0.249,1549484,793060,174596,5385884,9690.232,1656.910,0,267.179,0,17.945,3794,7707,1.860,0.980,0.530,7,0,0,0,0,10,31,6,21,0
20-04 02:51:49,71.933,16.542,10.777,0,0.251,1431464,910704,174600,5386252,9726.706,1624.125,0,417.059,0,32.081,5763,14320,1.860,0.980,0.530,5,0,324.825,0,0,10,28,6,22,0
20-04 02:51:50,63.284,12.757,24.013,0.250,0,1395652,946428,174624,5386312,12978.879,1620.859,0,2673.417,0,160.085,4623,10933,1.860,0.980,0.530,7,0,244.129,0,0,10,29,6,25,0
20-04 02:51:51,74.117,12.727,13.725,0,0.250,1490096,851792,174624,5386504,8884.053,1637.061,0,507.090,0,30.944,4267,8651,1.860,0.980,0.530,6,0,56.898,0,0,10,30,6,25,0
20-04 02:51:52,59.848,13.021,26.543,0,0,1402656,939008,174628,5386724,13910.716,1622.650,0,516.844,0,36.059,4539,12391,1.950,1.010,0.550,5,0,287.469,0,0,10,28,5,27,0
20-04 02:51:53,61.755,8.251,29.752,0,0,1495640,845824,174628,5386912,5894.466,1620.128,0,448.035,0,25.002,4156,9160,1.950,1.010,0.550,5,0,0,0,0,10,30,5,29,0
20-04 02:51:54,64.754,10.751,23.751,0,0,1481312,860116,174632,5386944,10842.607,1512.085,0,472.026,0,32.002,2277,3846,1.950,1.010,0.550,6,0,112.006,0,0,10,29,5,29,0
20-04 02:51:55,64.994,16.498,17.248,0.250,0.250,1410504,930676,174636,5387176,6413.365,1619.840,0,631.937,0,56.994,5032,12189,1.950,1.010,0.550,7,0,381.962,0,0,10,28,5,30,0
20-04 02:51:56,84.863,12.230,2.246,0,0.499,1536804,804156,174640,5387388,8015.048,1617.386,0,1849.012,0,45.926,3787,7137,1.950,1.010,0.550,10,0,175.716,0,0,10,29,5,32,0
20-04 02:51:57,84.385,12.770,1.753,0,0,1539824,800896,174644,5387612,7153.460,1622.599,0,941.508,0,31.050,3878,6856,2.510,1.150,0.590,10,0,253.406,0,0,10,28,5,32,0
20-04 02:51:58,81.459,13.493,4.997,0,0,1545060,795252,174648,5387992,7610.126,1619.176,0,667.660,0,40.979,5405,13979,2.510,1.150,0.590,7,0,219.888,0,0,10,30,5,32,0
20-04 02:51:59,70.763,19.254,8.252,0,0.250,1437032,903184,174652,5388080,10183.864,1566.287,0,300.055,0,13.002,6066,14550,2.510,1.150,0.590,6,0,385.070,0,0,10,29,5,32,0
20-04 02:52:00,37.429,27.448,34.185,0,0,1321372,1018524,174660,5388388,15801.834,1690.772,0,291.444,0,16.968,6268,14052,2.510,1.150,0.590,1,0,694.674,0,0,10,28,5,32,0
20-04 02:52:01,10.018,21.287,69.121,0,0.250,1316060,1023832,174660,5388392,6677.706,1588.785,0,232.407,0,11.019,2927,4196,2.510,1.150,0.590,3,0,455.799,0,0,10,28,5,32,0
20-04 02:52:02,57.781,24.263,17.259,0,0,1463480,876352,174664,5388448,8442.491,1620.862,0,648.345,0,23.012,3115,6628,2.550,1.180,0.610,6,0,879.468,0,0,10,29,5,32,0
20-04 02:52:03,79.664,8.990,10.988,0,0,1456300,883264,174708,5388664,7539.849,1692.171,0,1634.233,0,121.868,5544,12332,2.550,1.180,0.610,4,0,82.910,0,0,10,29,5,32,0
20-04 02:52:04,82.487,12.748,5.499,0,0.500,1516672,822496,174712,5389052,6786.894,1619.736,0,291.952,0,22.996,2930,7639,2.550,1.180,0.610,5,0,200.967,0,0,10,29,5,32,0
20-04 02:52:05,63.815,7.007,28.279,0,0,1547696,790996,174740,5389484,7665.834,1621.657,0,252.258,0,21.021,6964,16725,2.550,1.180,0.610,3,0,0,0,0,10,31,5,31,0
20-04 02:52:06,74.768,13.253,11.503,0,0.500,1421744,916288,174764,5390100,7495.814,1620.392,0,448.108,0,46.011,5687,15328,2.550,1.180,0.610,6,0,120.029,0,0,10,28,5,34,0
20-04 02:52:07,78.827,10.726,10.726,0,0,1550340,787292,174768,5390476,20235.502,1616.445,0,215.526,0,12.971,5642,14417,2.670,1.220,0.630,2,0,0,0,0,10,32,5,36,0
20-04 02:52:08,62.992,9.999,24.997,0,0,1531512,804988,174772,5391592,5913.249,1531.805,0,151.981,0,8.999,7439,18559,2.670,1.220,0.630,3,0,70.991,0,0,10,31,5,40,0
20-04 02:52:09,76.687,12.280,10.526,0.251,0,1464888,871036,174776,5392152,8625.080,1623.969,0,152.372,0,8.020,5699,14180,2.670,1.220,0.630,4,0,196.480,0,0,10,29,5,41,0
20-04 02:52:10,79.697,11.492,7.745,0.250,0,1463520,871940,174808,5392576,12801.461,1844.770,0,519.653,0,32.978,4500,12308,2.670,1.220,0.630,5,0,41.972,0,0,10,29,6,43,0
20-04 02:52:11,83.243,11.749,4.750,0,0,1541356,793720,174812,5392948,7651.334,1693.853,0,123.989,0,7.999,3761,6967,2.670,1.220,0.630,6,0,91.992,0,0,10,30,6,43,0
20-04 02:52:12,75.786,12.256,10.755,0,0,1417208,916344,174828,5394448,7095.406,1620.778,0,500.240,0,50.024,5186,11246,2.940,1.300,0.650,6,0,201.097,0,0,10,28,6,43,0
20-04 02:52:13,80.006,9.251,10.001,0,0.500,1553672,779676,174832,5394640,7400.518,1694.119,0,156.011,0,9.001,5246,12315,2.940,1.300,0.650,4,0,46.003,0,0,10,30,6,43,0
20-04 02:52:14,80.752,12.000,6.500,0,0.250,1495716,837408,174832,5394852,6022.151,1458.036,0,156.004,0,9.000,4058,8055,2.940,1.300,0.650,5,0,163.004,0,0,10,28,6,44,0
20-04 02:52:15,74.218,9.496,14.244,0.250,0.250,1395484,937144,174868,5395296,10030.637,1703.259,0,8596.261,0,250.891,6388,14554,2.940,1.300,0.650,6,0,133.942,0,0,10,28,6,47,0
20-04 02:52:16,67.524,9.503,22.508,0,0,1492264,840308,174868,5395352,8765.103,1694.600,0,248.088,0,13.005,2137,4805,2.940,1.300,0.650,5,0,127.045,0,0,10,30,6,47,0
20-04 02:52:17,63.949,10.991,25.480,0,0,1429476,902828,174876,5395584,7080.343,1766.588,0,1662.672,0,58.953,2980,9511,2.940,1.330,0.670,3,0,180.855,0,0,10,28,6,50,0
20-04 02:52:18,65.532,8.004,26.763,0,0,1470044,862092,174888,5395772,10539.133,1620.789,0,296.144,0,22.011,4497,8891,2.940,1.330,0.670,7,0,60.029,0,0,10,30,6,51,0
20-04 02:52:19,64.810,8.758,25.524,0,0,1472448,859496,174900,5395944,14235.196,1621.503,0,376.349,0,34.032,3977,7467,2.940,1.330,0.670,4,0,72.067,0,0,10,28,6,52,0
20-04 02:52:20,66.306,9.472,24.927,0.249,0,1421920,909824,174900,5396140,10012.763,1657.161,0,287.161,0,25.924,3769,8512,2.940,1.330,0.670,3,0,83.755,0,0,10,28,6,55,0
20-04 02:52:21,62.681,10.781,25.825,0,0.251,1460088,871412,174912,5396360,13701.666,1462.233,0,417.208,0,44.128,5288,10137,2.940,1.330,0.670,3,0,72.209,0,0,10,28,6,57,0
20-04 02:52:22,65.698,8.993,24.980,0,0,1495768,835504,174920,5396572,13976.986,1618.724,0,559.559,0,21.983,2772,4849,2.950,1.360,0.680,3,0,64.949,0,0,10,30,6,57,0
20-04 02:52:23,57.515,16.254,25.006,0.250,0.250,1395616,935424,174928,5396792,11793.054,1620.420,0,328.085,0,28.007,4848,12516,2.950,1.360,0.680,5,0,339.088,0,0,10,28,6,61,0
20-04 02:52:24,62.865,11.475,25.695,0,0.499,1445428,885372,174936,5397012,10870.672,1658.441,0,295.366,0,20.955,4045,9385,2.950,1.360,0.680,4,0,169.636,0,0,10,29,6,62,0
20-04 02:52:25,30.326,12.030,57.645,0,0,1362092,968448,174940,5397240,8367.102,1772.470,0,384.971,0,29.073,3124,6955,2.950,1.360,0.680,2,0,323.817,0,0,10,28,6,62,0
20-04 02:52:26,22.926,3.239,72.017,0,0,1384880,945544,174940,5397356,12832.397,1614.765,0,235.237,0,10.964,2663,5331,2.950,1.360,0.680,1,0,0,0,0,10,29,6,64,0
20-04 02:52:27,14.287,14.788,69.430,0.251,0,1328524,1001596,174940,5397656,18279.435,1624.215,0,2763.170,0,32.083,3390,5499,2.790,1.350,0.680,3,0,389.009,0,0,10,28,6,65,0
20-04 02:52:28,38.995,10.499,50.244,0,0,1450812,878844,175012,5398008,7095.149,1619.806,0,583.930,0,26.997,2205,3066,2.790,1.350,0.680,3,0,206.975,0,0,10,28,6,67,0
20-04 02:52:29,39.763,5.252,44.764,9.753,0,1516032,808024,175548,5402676,8510.749,1458.471,316.102,16681.388,18.006,1635.528,10714,16982,2.790,1.350,0.680,5,0,94.030,0,0,10,32,6,65,0
20-04 02:52:30,37.940,5.991,43.182,12.730,0,1483172,837528,176168,5405284,8798.187,1659.395,0,36898.070,0,3201.973,15494,26005,2.790,1.350,0.680,2,0,56.911,0,0,10,32,6,65,0
20-04 02:52:31,44.587,6.227,45.334,3.487,0.249,1400644,920212,176456,5404828,15333.985,1614.104,0,15511.337,0,1008.317,4881,7153,2.790,1.350,0.680,4,0,5.978,0,0,10,28,6,65,0
20-04 02:52:32,38.866,7.773,46.890,6.770,0,1490332,829744,176932,5405120,9191.519,1699.087,0,13171.435,0,1769.297,12091,20441,2.730,1.370,0.690,3,0,3.009,0,0,10,30,6,65,0
20-04 02:52:33,31.986,7.247,55.476,4.248,0.250,1363120,956536,177116,5405332,7966.495,1619.288,0,6785.015,0,956.579,7329,12114,2.730,1.370,0.690,1,0,98.956,0,0,10,28,6,65,0
20-04 02:52:34,21.503,4.251,73.009,0.250,0.250,1437956,881692,177116,5405332,11915.478,1620.201,0,916.114,0,55.007,1238,1541,2.730,1.370,0.690,1,0,2.000,0,0,10,28,6,65,0
20-04 02:52:35,23.427,3.240,71.527,1.246,0,1393656,925932,177160,5405348,11518.121,1614.969,0,10969.829,0,528.354,2112,2590,2.730,1.370,0.690,3,0,0.997,0,0,10,28,6,64,0
20-04 02:52:36,23.494,1.750,73.982,0,0,1445296,874272,177160,5405368,11711.107,1511.627,0,0,0,0,1038,1132,2.730,1.370,0.690,5,0,2.000,0,0,10,28,6,64,0
20-04 02:52:37,23.375,3.016,73.393,0,0.251,1410624,908936,177168,5405368,11135.575,1574.423,0,120.645,0,16.086,1030,1350,2.590,1.360,0.690,2,0,3.016,0,0,10,32,6,64,0
20-04 02:52:38,23.198,2.494,74.085,0,0,1349988,969560,177168,5405380,12150.976,1616.405,0,3.991,0,0.998,1031,1117,2.590,1.360,0.690,1,0,0.998,0,0,10,32,6,64,0
20-04 02:52:39,23.253,3.500,73.509,0,0,1428860,890688,177168,5405380,11641.478,1620.206,0,0,0,0,1046,1164,2.590,1.360,0.690,1,0,2.000,0,0,10,32,6,63,0
20-04 02:52:40,23.666,2.491,73.489,0.249,0,1372496,947024,177168,5405404,12692.915,1614.266,0,422.499,0,14.947,1074,1258,2.590,1.360,0.690,2,0,2.989,0,0,10,32,6,63,0
20-04 02:52:41,22.243,3.499,73.478,0.250,0,1444572,874732,177200,5405556,8587.381,1767.461,179.945,0,24.992,0,996,1159,2.590,1.360,0.690,2,0,1.999,0,0,10,32,6,60,0
20-04 02:52:42,27.608,4.769,66.760,0.251,0,1386552,932616,177212,5405644,6408.982,1700.629,0,554.160,0,35.137,2020,3734,2.460,1.350,0.690,1,0,35.137,0,0,10,32,6,61,0
20-04 02:52:43,23.511,2.751,73.535,0,0.250,1397288,921864,177216,5405656,19787.340,1512.714,0,8.004,0,2.001,990,1114,2.460,1.350,0.690,2,0,1.000,0,0,10,32,6,60,0
20-04 02:52:44,22.532,2.754,73.853,0,0.250,1335164,983968,177216,5405676,11558.181,1642.299,0,0,0,0,993,1122,2.460,1.350,0.690,1,0,3.004,0,0,10,32,6,60,0
20-04 02:52:45,22.880,3.233,73.612,0,0,1388808,930308,177216,5405692,9201.554,1705.023,0,0,0,0,967,1156,2.460,1.350,0.690,2,0,0.995,0,0,10,32,6,59,0
20-04 02:52:46,23.998,1.750,73.744,0,0,1440704,878396,177216,5405704,37133.141,1619.875,0,35.997,0,1.000,1035,1070,2.460,1.350,0.690,2,0,2.000,0,0,10,32,6,59,0
20-04 02:52:47,10.048,18.588,70.334,0,0.251,1341136,977816,177224,5405848,28593.591,1627.719,0,679.221,0,9.043,2974,4475,2.340,1.350,0.700,1,0,417.982,0,0,10,32,6,59,0
20-04 02:52:48,9.989,19.478,69.173,0.499,0,1339932,978960,177232,5405896,11174.585,1618.202,0,5693.674,0,257.714,3147,5199,2.340,1.350,0.700,1,0,376.582,0,0,10,32,6,54,0
20-04 02:52:49,11.224,17.460,69.839,0,0.249,1344084,974780,177232,5405920,14032.669,1690.106,0,95.779,0,1.995,3053,4563,2.340,1.350,0.700,2,0,414.046,0,0,10,32,6,54,0
20-04 02:52:50,16.728,10.736,71.905,0,0.250,1400480,918376,177232,5405928,10577.995,1583.903,0,0,0,0,1662,2281,2.340,1.350,0.700,2,0,132.824,0,0,10,32,6,51,0
20-04 02:52:51,24.510,1.501,73.779,0,0,1451872,866968,177232,5405944,7592.992,1694.668,0,16.006,0,1.000,975,1114,2.340,1.350,0.700,2,0,2.001,0,0,10,32,6,51,0
20-04 02:52:52,22.071,3.511,72.984,0,0.251,1420272,898580,177240,5405924,9125.283,1571.041,0,417.339,0,29.093,1245,1667,2.240,1.340,0.700,1,0,3.010,0,0,10,32,6,48,0
20-04 02:52:53,24.187,1.745,73.309,0.249,0,1364448,954384,177240,5405944,5409.869,1689.587,0,1926.967,0,224.414,1336,1168,2.240,1.340,0.700,2,0,0.997,0,0,10,32,6,48,0
20-04 02:52:54,23.064,3.259,73.703,0,0,1436780,882064,177240,5405932,5406.918,1624.482,0,0,0,0,996,1228,2.240,1.340,0.700,1,0,2.006,0,0,10,32,6,44,0
20-04 02:52:55,23.796,2.254,74.393,0,0,1382236,936608,177240,5405932,8205.763,1623.118,0,16.031,0,2.004,928,1083,2.240,1.340,0.700,4,0,1.002,0,0,10,32,6,44,0
20-04 02:52:56,22.740,2.749,73.469,0.250,0,1448008,870836,177240,5405932,5961.496,1511.365,0,567.762,0,115.951,1134,1110,2.240,1.340,0.700,2,0,1.999,0,0,10,32,6,43,0
20-04 02:52:57,23.190,1.995,73.810,0,0,1405544,913288,177240,5405944,8037.312,1763.461,0,0,0,0,970,1103,2.140,1.330,0.700,1,0,0.997,0,0,10,32,6,43,0
20-04 02:52:58,22.507,2.751,73.774,0,0,1344196,974636,177240,5405944,10589.516,1620.538,0,524.174,0,8.003,1008,1175,2.140,1.330,0.700,1,0,3.001,0,0,10,32,6,41,0
20-04 02:52:59,23.862,2.486,73.824,0.249,0,1427872,890972,177240,5405932,7411.252,1610.709,0,99.427,0,1.989,990,1214,2.140,1.330,0.700,2,0,1.989,0,0,10,32,6,41,0
20-04 02:53:00,23.492,1.999,73.224,0,0.500,1347860,970972,177240,5405944,11933.692,1565.435,0,11.996,0,1.000,969,1101,2.140,1.330,0.700,3,0,2.999,0,0,10,32,6,41,0
20-04 02:53:01,23.469,2.497,73.903,0,0,1427460,891396,177240,5405920,5876.273,1617.872,0,3.995,0,0.999,906,1121,2.140,1.330,0.700,2,0,1.997,0,0,10,32,6,41,0
20-04 02:53:02,23.947,1.764,73.605,0,0.252,1374984,943924,177244,5405864,6213.034,1633.417,0,358.948,0,28.232,1140,1547,2.040,1.330,0.700,2,0,1.008,0,0,10,32,6,41,0
20-04 02:53:03,23.499,2.250,73.246,0,0.250,1445756,873140,177256,5405864,9441.481,1511.917,0,799.956,0,13.999,1032,1214,2.040,1.330,0.700,2,0,2.000,0,0,10,32,6,41,0
20-04 02:53:04,23.531,2.754,74.096,0,0,1392900,925920,177256,5405940,7097.212,1622.105,0,88.114,0,1.001,960,1144,2.040,1.330,0.700,2,0,1.001,0,0,10,32,6,41,0
20-04 02:53:05,22.719,2.497,74.149,0,0,1404660,914168,177256,5405932,9976.442,1691.701,0,11.984,0,0.999,975,1142,2.040,1.330,0.700,2,0,0.999,0,0,10,32,6,41,0
20-04 02:53:06,22.531,3.254,73.852,0,0,1340772,978036,177256,5405952,8563.809,1696.339,0,20.028,0,1.001,1021,1189,2.040,1.330,0.700,2,0,3.004,0,0,10,32,6,37,0
20-04 02:53:07,22.250,3.500,73.749,0,0,1393540,925280,177256,5405940,19281.634,1565.970,0,24.000,0,3.000,1114,1189,1.960,1.320,0.700,2,0,1.000,0,0,10,32,6,37,0
20-04 02:53:08,22.500,3.250,74.001,0,0,1444848,873952,177256,5405960,12020.168,1620.023,0,96.001,0,3.000,971,1152,1.960,1.320,0.700,2,0,2.000,0,0,10,32,6,33,0
20-04 02:53:09,11.020,18.283,69.874,0,0,1354424,964348,177268,5405976,11983.306,1514.693,0,96.171,0,8.014,2763,4179,1.960,1.320,0.700,1,0,392.698,0,0,10,32,6,33,0
20-04 02:53:10,21.950,3.741,73.083,0,0.249,1424476,893844,177312,5406332,8358.942,1658.219,0,0,0,0,1038,1291,1.960,1.320,0.700,1,0,2.993,0,0,10,32,6,29,0
20-04 02:53:11,23.169,2.491,73.992,0,0,1396724,921192,177336,5406660,7481.918,1614.372,0,0,0,0,997,1178,1.960,1.320,0.700,2,0,8.969,0,0,10,32,6,29,0
20-04 02:53:12,19.292,10.022,70.153,0.251,0.251,1341104,976704,177344,5406748,9781.372,1623.547,0,637.393,0,28.061,2023,3056,1.880,1.320,0.700,2,0,195.427,0,0,10,32,6,27,0
20-04 02:53:13,8.515,20.537,69.376,0,0.250,1344144,973640,177344,5406772,10971.969,1697.089,0,348.635,0,18.033,2998,4386,1.880,1.320,0.700,1,0,403.735,0,0,10,32,6,27,0
20-04 02:53:14,10.501,20.001,69.004,0,0.250,1344884,972864,177344,5406800,11338.669,1694.100,0,212.013,0,4.000,3285,5072,1.880,1.320,0.700,1,0,495.029,0,0,10,32,6,24,0
20-04 02:53:15,10.005,20.010,69.033,0,0,1345612,972068,177344,5406864,8916.235,1566.744,0,1116.530,0,15.007,3204,4861,1.880,1.320,0.700,3,0,493.234,0,0,10,32,6,24,0
20-04 02:53:16,11.999,17.748,68.991,0,0,1345124,972532,177344,5406888,8062.992,1511.811,0,1287.839,0,13.998,3327,5259,1.880,1.320,0.700,3,0,546.932,0,0,10,32,6,21,0
20-04 02:53:17,10.002,18.504,69.266,0,0,1347440,970172,177344,5406916,6375.479,1620.376,0,920.213,0,10.002,2971,4548,1.810,1.310,0.710,2,0,446.103,0,0,10,32,6,21,0
20-04 02:53:18,10.491,18.733,70.188,0,0.250,1345292,972288,177348,5406944,7785.110,1618.568,0,247.781,0,9.991,2846,4140,1.810,1.310,0.710,2,0,379.664,0,0,10,32,6,18,0
20-04 02:53:19,7.509,21.275,69.832,0,0.250,1345076,972464,177348,5406968,15641.410,1663.958,0,308.363,0,8.009,2981,4470,1.810,1.310,0.710,2,0,422.497,0,0,10,32,6,18,0
20-04 02:53:20,43.411,25.697,30.936,0.249,0.499,1461444,855820,177412,5407144,13190.906,1616.679,0,1097.745,0,73.848,4222,7533,1.810,1.310,0.710,4,0,745.469,0,0,10,32,6,19,0
20-04 02:53:21,65.404,8.269,23.806,4.260,0,1605204,706528,177856,5411776,9979.482,1697.995,412.972,10448.586,5.012,807.901,5979,9111,1.810,1.310,0.710,11,1,46.108,0,0,10,34,6,19,0
20-04 02:53:22,38.967,10.991,32.972,15.986,0,1599384,701868,178420,5420752,8804.516,1618.624,0,57483.139,0,4291.352,20036,33541,1.990,1.360,0.720,4,0,136.884,0,0,10,36,5,19,0
20-04 02:53:23,38.531,9.758,32.526,20.767,0,1629172,662316,178976,5429588,9287.393,1513.205,0,69159.051,0,5123.078,22688,38701,1.990,1.360,0.720,6,0,81.065,0,0,10,37,5,20,0
20-04 02:53:24,39.748,9.999,29.498,18.999,0,1618500,663164,179660,5438384,8751.457,1565.903,0,65123.962,0,5041.687,21163,36988,1.990,1.360,0.720,4,1,114.993,0,0,10,36,5,16,0
20-04 02:53:25,47.501,15.000,27.001,11.250,0,1563828,710344,180004,5445608,9046.271,1662.050,364.011,34253.028,6.000,2679.080,15752,30569,1.990,1.360,0.720,5,0,303.009,0,0,10,35,5,16,0
20-04 02:53:26,39.001,15.500,31.251,12.250,0.250,1525452,742380,180424,5450796,7860.220,1620.045,1092.031,55358.550,17.000,3897.109,19979,36089,1.990,1.360,0.720,3,2,133.004,0,0,10,34,5,18,0
20-04 02:53:27,41.730,12.244,32.734,12.494,0,1553460,709176,180716,5455540,14592.893,1619.211,527.743,42999.059,7.996,3521.285,16790,29581,2.150,1.400,0.740,6,0,136.933,0,0,10,35,5,19,0
20-04 02:53:28,35.771,8.255,44.277,12.257,0.250,1496520,762168,180880,5459200,7182.317,1620.974,0,38246.986,0,3275.969,18305,33957,2.150,1.400,0.740,7,0,47.028,0,0,10,34,5,15,0
20-04 02:53:29,34.745,7.749,49.992,6.499,0,1555052,702948,181016,5459724,7028.889,1619.744,0,26943.743,0,2695.574,13228,23500,2.150,1.400,0.740,1,1,68.989,0,0,10,35,5,15,0
20-04 02:53:30,36.484,8.496,43.231,11.995,0.250,1554984,701716,181268,5460716,7540.682,1619.288,0,42309.384,0,3690.376,18803,36188,2.150,1.400,0.740,3,1,25.989,0,0,10,35,5,18,0
20-04 02:53:31,40.273,7.004,40.773,10.756,0,1546772,707372,181424,5463072,8296.671,1532.863,0,29080.372,0,2722.533,14089,24135,2.150,1.400,0.740,3,0,57.032,0,0,10,34,5,19,0
20-04 02:53:32,37.502,7.250,42.753,11.251,0,1555268,696284,181644,5465388,12130.740,1694.103,0,37670.298,0,3409.208,18874,33864,2.140,1.410,0.750,4,1,45.003,0,0,10,37,5,24,0
20-04 02:53:33,33.431,8.233,44.408,12.474,0.249,1526928,721304,181784,5468476,6702.167,1616.663,0,34572.642,0,3065.672,16537,29491,2.140,1.410,0.750,2,0,84.825,0,0,10,36,5,25,0
20-04 02:53:34,38.038,7.257,42.042,13.013,0,1554848,690588,181952,5471036,8712.782,1695.709,0,44953.313,0,3659.689,16791,29293,2.140,1.410,0.750,3,0,24.024,0,0,10,36,5,26,0
20-04 02:53:35,34.729,8.245,39.726,14.491,0,1554484,687904,182076,5473868,9070.494,1619.017,0,32336.372,0,3338.973,16166,27897,2.140,1.410,0.750,7,0,126.923,0,0,10,36,5,26,0
20-04 02:53:36,34.421,8.481,41.654,13.718,0,1542996,696812,182208,5476252,7734.219,1616.284,0,35777.747,0,3051.983,15603,26984,2.140,1.410,0.750,6,0,80.814,0,0,10,36,5,26,0
20-04 02:53:37,35.887,9.034,40.906,14.054,0.251,1507728,737500,182340,5470680,10638.501,1626.191,0,44549.600,0,4010.267,19021,34264,2.210,1.440,0.760,3,2,52.199,0,0,10,36,5,27,0
20-04 02:53:38,38.496,12.499,40.996,6.999,0.250,1444380,800504,182388,5470976,9351.027,1585.835,0,37800.069,0,2544.735,11386,18059,2.210,1.440,0.760,3,0,209.978,0,0,10,32,5,28,0
20-04 02:53:39,14.497,15.996,68.734,0.250,0,1384084,860576,182392,5471260,13488.925,1565.643,0,2687.387,0,115.974,4131,6790,2.210,1.440,0.760,1,0,320.927,0,0,10,32,5,28,0
20-04 02:53:40,27.692,21.705,49.896,0.748,0,1440696,803836,182416,5471364,14559.629,1842.157,0,1776.295,0,101.788,3887,6057,2.210,1.440,0.760,3,0,487.982,0,0,10,32,6,34,0
20-04 02:53:41,64.997,10.500,24.749,0,0.500,1622264,620952,182472,5472536,8771.658,1693.934,0,3671.857,0,180.993,1901,2018,2.210,1.440,0.760,4,0,3.000,0,0,10,32,6,34,0
20-04 02:53:42,65.667,9.274,23.560,1.504,0,1783308,454252,182672,5480196,10039.571,1624.137,0,10434.577,0,642.637,4620,8143,2.270,1.460,0.770,8,0,52.133,0,0,11,39,6,34,0
20-04 02:53:43,28.994,7.499,45.491,18.496,0,1761052,464584,182828,5488880,6720.696,1693.671,0,61024.161,0,4840.061,23812,39854,2.270,1.460,0.770,3,1,224.956,0,0,10,38,6,34,0
20-04 02:53:44,23.222,7.491,46.194,21.224,0,1764740,449728,183024,5499492,13213.958,1618.036,0,84421.512,0,6453.166,27274,45663,2.270,1.460,0.770,4,0,185.774,0,0,10,38,6,34,0
20-04 02:53:45,41.955,8.491,32.715,17.981,0,1664120,540860,183128,5508556,9735.583,1730.149,0,64067.448,0,5043.603,23507,37894,2.270,1.460,0.770,1,1,230.753,0,0,10,36,6,34,0
20-04 02:53:46,39.488,11.746,29.491,21.993,0.250,1733268,464012,183260,5515808,15335.399,1693.492,0,77180.846,0,5786.264,21736,38052,2.270,1.460,0.770,6,0,114.966,0,0,10,36,6,34,0
20-04 02:53:47,43.590,6.263,33.068,14.530,0,1649292,539228,183296,5524236,17187.544,1717.552,0,55154.059,0,3824.910,14820,28522,2.410,1.510,0.790,1,0,75.155,0,0,10,36,6,34,0
20-04 02:53:48,22.244,7.248,50.237,22.244,0.250,1644836,534480,183428,5532980,10851.092,1619.566,0,81578.137,0,6019.387,20535,41404,2.410,1.510,0.790,2,1,17.995,0,0,10,36,6,34,0
20-04 02:53:49,34.248,6.500,48.747,9.249,0,1388220,788156,183472,5535800,26334.130,1619.885,0,34833.527,0,2798.801,11627,20862,2.410,1.510,0.790,1,0,109.992,0,0,10,32,6,34,0
20-04 02:53:50,19.140,8.451,72.085,0,0,1440324,736012,183472,5535820,10079.920,1610.719,0,783.486,0,43.748,1849,2507,2.410,1.510,0.790,2,0,165.049,0,0,10,32,6,34,0
20-04 02:53:51,23.097,3.766,71.803,1.255,0.251,1501812,674524,183472,5535820,8780.994,1626.854,0,5471.050,0,338.426,1787,2566,2.410,1.510,0.790,1,0,0,0,0,10,32,6,34,0
20-04 02:53:52,23.051,3.257,73.412,0,0,1417680,758648,183472,5535828,8813.504,1515.353,0,156.346,0,12.027,1497,2052,2.300,1.500,0.790,2,0,27.060,0,0,10,32,6,34,0
20-04 02:53:53,23.500,2.750,73.751,0,0,1485464,690860,183472,5535832,15687.204,1620.021,0,32.000,0,4.000,1006,1166,2.300,1.500,0.790,2,0,1.000,0,0,10,32,6,34,0
20-04 02:53:54,20.761,9.255,69.286,0.250,0.500,1402884,773424,183476,5535840,10268.329,1620.841,0,4230.195,0,91.047,2108,3072,2.300,1.500,0.790,2,0,211.110,0,0,10,32,6,34,0
20-04 02:53:55,12.239,34.719,53.702,0.250,0,1403756,772432,183476,5535912,7849.054,1712.484,0,499.558,0,32.971,5260,8681,2.300,1.500,0.790,2,0,1124.005,0,0,10,32,6,34,0
20-04 02:53:56,9.984,19.968,68.889,0,0.250,1402604,773520,183480,5535968,8703.969,1617.393,0,115.813,0,10.982,2884,4110,2.300,1.500,0.790,1,0,429.308,0,0,10,32,6,34,0
20-04 02:53:57,10.013,17.522,71.340,0,0,1402120,773972,183480,5536000,8324.447,1622.036,0,4.005,0,1.001,2648,3858,2.190,1.490,0.790,3,0,321.403,0,0,10,32,6,34,0
20-04 02:53:58,11.257,19.513,69.295,0,0,1403556,772472,183480,5536380,6562.220,1621.042,0,1324.852,0,200.129,3907,6752,2.190,1.490,0.790,0,0,408.263,0,0,10,32,6,34,0
20-04 02:53:59,30.687,13.472,54.887,0,0,1451192,724576,183484,5536528,10727.954,1616.678,0,19.959,0,0.998,3655,7187,2.190,1.490,0.790,3,0,193.602,0,0,10,33,6,34,0
20-04 02:54:00,44.931,6.240,48.924,0,0,1563724,611932,183484,5536640,8067.528,1509.666,0,0,0,0,1128,1204,2.190,1.490,0.790,3,0,1.997,0,0,10,33,6,34,0
20-04 02:54:01,47.348,6.479,45.355,0,0.249,1613988,558312,183536,5539668,12141.100,1614.826,83.732,1012.755,0.997,118.620,1687,6896,2.190,1.490,0.790,3,0,4.984,0,0,10,45,6,34,0
20-04 02:54:02,22.355,13.061,63.298,0.251,0.251,1646668,525524,183540,5539728,6727.640,1702.005,0,538.533,0,36.170,2542,3932,2.180,1.500,0.800,1,0,240.129,0,0,10,48,6,34,0
20-04 02:54:03,9.997,1.999,86.728,0,0,1661076,511064,183540,5539740,7031.228,2235.437,0,147.963,0,12.997,1036,1487,2.180,1.500,0.800,0,0,19.995,0,0,10,49,6,34,0
20-04 02:54:04,0.750,0.750,97.745,0.250,0,1661036,511064,183540,5539780,41470.009,2867.862,0,511.975,0,31.998,944,1441,2.180,1.500,0.800,0,0,0,0,0,10,49,6,34,0
20-04 02:54:05,0.500,0,98.256,0,0.250,1660952,511064,183540,5539860,94802.162,3336.217,0,140.009,0,5.000,778,1070,2.180,1.500,0.800,0,0,0,0,0,10,49,6,34,0
20-04 02:54:06,10.280,6.519,80.985,1.254,0,1667448,503184,183620,5540876,69753.145,3014.737,4.012,4404.765,1.003,294.854,2353,3431,2.180,1.500,0.800,2,0,55.160,0,0,10,48,6,35,0
20-04 02:54:07,18.472,8.238,71.642,1.248,0.250,1690656,431544,183636,5587776,13779.303,1509.732,7.988,4860.699,0.999,147.778,2041,2843,2.160,1.510,0.810,2,0,37.943,0,0,10,48,6,35,0
20-04 02:54:08,15.487,10.991,72.688,0,0.250,1683736,438048,183636,5587844,10818.750,1618.616,55.952,0,2.997,0,1819,1993,2.160,1.510,0.810,2,0,72.938,0,0,10,48,6,35,0
20-04 02:54:09,22.035,3.255,74.369,0,0.250,1713396,408364,183636,5587844,12331.718,1622.595,0,0,0,0,1088,1197,2.160,1.510,0.810,2,0,13.021,0,0,10,48,6,35,0
20-04 02:54:10,20.215,5.740,72.625,0.250,0,1719108,402624,183636,5587844,8814.874,1563.317,0,1501.424,0,20.964,1378,1574,2.160,1.510,0.810,1,0,25.955,0,0,10,48,6,35,0
20-04 02:54:11,16.778,9.015,73.375,0,0,1647020,522152,183640,5541448,7392.545,1771.005,144.245,24.041,6.010,4.007,1756,2391,2.160,1.510,0.810,3,0,129.219,0,0,10,48,6,35,0
20-04 02:54:12,16.166,14.674,67.151,0,0,1653964,515080,183640,5541480,10505.372,1611.620,0,0,0,0,4336,9073,2.070,1.500,0.810,4,0,226.821,0,0,10,48,6,35,0
20-04 02:54:13,1.500,2.250,95.231,0,0,1652168,516872,183640,5541480,10577.884,1693.661,0,3.999,0,1.000,981,1416,2.070,1.500,0.810,2,0,25.995,0,0,10,48,6,35,0
20-04 02:54:14,1.003,0.502,97.572,0.502,0.251,1652140,516900,183640,5541480,6517.540,1517.014,0,694.295,0,34.113,899,1496,2.070,1.500,0.810,0,0,3.010,0,0,10,48,6,35,0
20-04 02:54:15,1.250,0.500,97.241,0,0,1652268,516732,183640,5541520,7075.321,1693.837,0,1599.846,0,10.999,711,1068,2.070,1.500,0.810,0,0,3.000,0,0,10,48,6,35,0
20-04 02:54:16,0.250,0.750,98.482,0,0.250,1652268,516732,183640,5541520,7698.560,1619.697,0,0,0,0,610,893,2.070,1.500,0.810,0,0,1.000,0,0,10,48,6,35,0
20-04 02:54:17,8.505,9.256,80.548,0,0,1587908,581124,183640,5541888,7514.494,1566.937,0,0,0,0,2730,5005,1.900,1.470,0.810,1,0,167.100,0,0,10,48,6,35,0
20-04 02:54:18,14.751,12.001,72.006,0,0.500,1605396,563572,183640,5541520,6992.580,1620.134,0,8.001,0,2.000,3361,7146,1.900,1.470,0.810,2,0,225.019,0,0,10,48,6,35,0
20-04 02:54:19,15.014,16.516,67.064,0,0,1652612,516204,183640,5541580,11374.909,1933.855,0,0,0,0,3628,7419,1.900,1.470,0.810,1,0,288.276,0,0,11,48,6,35,0
20-04 02:54:20,11.235,12.234,75.152,0.499,0,1647748,521044,183640,5541572,15931.130,1583.925,0,235.691,0,11.984,4018,6061,1.900,1.470,0.810,1,0,185.757,0,0,11,48,6,33,0
20-04 02:54:21,6.009,9.014,83.880,0,0,1648576,520200,183640,5541588,16132.990,1738.693,0,0,0,0,1752,2452,1.900,1.470,0.810,2,0,146.227,0,0,13,48,6,33,0
20-04 02:54:22,14.246,13.997,69.483,0,0.250,1648408,520372,183640,5541604,8382.913,1619.597,0,31.992,0,6.998,4506,8243,1.910,1.480,0.810,2,0,177.956,0,0,13,50,6,29,0
20-04 02:54:23,11.007,18.261,69.793,0.500,0.500,1648304,520236,183640,5541780,7790.846,1695.054,0,5359.334,0,280.174,3556,5441,1.910,1.480,0.810,1,0,353.220,0,0,13,50,6,29,0
20-04 02:54:24,15.223,15.972,67.380,0,0,1651800,516688,183640,5542132,11463.629,1742.903,0,135.759,0,12.977,4599,8705,1.910,1.480,0.810,1,0,238.576,0,0,13,50,6,25,0
20-04 02:54:25,33.332,18.044,47.367,0,0,1720496,447928,183660,5542204,12009.580,1569.867,0,76.188,0,5.012,4228,11425,1.910,1.480,0.810,4,0,379.936,0,0,13,50,6,25,0
20-04 02:54:26,27.485,5.497,65.715,0,0,1758076,408740,183776,5543240,10254.565,1619.142,0,75.960,0,5.997,2013,4838,1.910,1.480,0.810,1,0,27.985,0,0,13,54,6,26,0
20-04 02:54:27,9.728,4.490,85.058,0,0,1643524,523252,183784,5543264,17542.337,1656.255,0,0,0,0,1126,1553,1.840,1.470,0.810,0,0,6.984,0,0,13,50,6,32,0
20-04 02:54:28,0.250,0.500,98.493,0,0.250,1643524,523252,183784,5543264,9495.297,1619.880,0,0,0,0,667,939,1.840,1.470,0.810,0,0,3.000,0,0,13,50,6,29,0
20-04 02:54:29,0.750,0.500,96.746,1.250,0,1643768,523000,183784,5543264,6975.693,1709.925,0,7291.679,0,404.982,1398,1146,1.840,1.470,0.810,0,0,2.000,0,0,13,50,6,29,0
20-04 02:54:30,5.228,7.469,85.143,0.249,0.249,1588584,578112,183784,5543664,9709.241,1613.228,0,2764.395,0,230.034,2554,4756,1.840,1.470,0.810,3,0,143.398,0,0,13,50,6,28,0
20-04 02:54:31,16.829,13.564,68.824,0,0,1593608,573112,183784,5543328,10230.143,1627.660,0,4.019,0,1.005,3834,9011,1.840,1.470,0.810,1,0,192.908,0,0,12,50,6,28,0
20-04 02:54:32,15.532,16.033,67.140,0,0.501,1652032,514560,183784,5543480,16223.762,1623.378,0,0,0,0,5474,8871,1.850,1.480,0.820,2,0,190.396,0,0,13,50,6,23,0
20-04 02:54:33,16.505,16.505,66.021,0,0,1651068,515380,183784,5543584,11245.531,1566.492,0,44.014,0,9.003,5711,9621,1.850,1.480,0.820,2,0,344.108,0,0,13,50,6,23,0
20-04 02:54:34,21.478,14.984,61.186,0,0,1671244,495108,183784,5543636,10650.934,1510.431,0,0,0,0,3861,7682,1.850,1.480,0.820,1,0,219.772,0,0,13,50,6,19,0
20-04 02:54:35,33.142,20.184,45.851,0,0,1742988,423308,183784,5543692,7808.622,1688.512,0,562.173,0,10.964,3691,6359,1.850,1.480,0.820,2,0,614.004,0,0,13,50,6,19,0
20-04 02:54:36,33.675,19.207,45.897,0,0,1648404,517228,183784,5544364,10211.168,1690.221,0,23.946,0,5.987,6026,12214,1.850,1.480,0.820,2,0,243.456,0,0,13,50,6,26,0
20-04 02:54:37,24.531,9.512,64.833,0,0,1726856,438748,183788,5544384,9614.277,1622.071,0,4.005,0,1.001,1976,3335,1.780,1.470,0.820,2,0,176.225,0,0,13,50,6,26,0
20-04 02:54:38,23.741,3.249,72.974,0,0.250,1767812,396220,183896,5545748,7817.178,1619.415,0,7.997,0,1.999,1297,2670,1.780,1.470,0.820,2,0,3.999,0,0,13,50,6,24,0
20-04 02:54:39,22.582,4.516,61.223,9.535,0.251,1783596,367308,184148,5558072,11413.603,1716.256,136.498,23975.390,34.124,1803.574,9373,18104,1.780,1.470,0.820,4,0,5.018,0,0,13,52,6,24,0
20-04 02:54:40,24.997,5.249,56.992,9.999,0,1780112,361360,184280,5567056,8354.864,1499.796,0,64363.247,0,1995.729,12235,22572,1.780,1.470,0.820,3,0,5.999,0,0,13,52,6,22,0
20-04 02:54:41,31.787,17.770,49.057,0.250,0.250,1950368,189280,184292,5568604,8009.227,1621.868,0,3275.774,0,124.143,5205,16887,1.780,1.470,0.820,2,0,280.323,0,0,14,77,6,33,0
20-04 02:54:42,11.232,18.720,69.389,0.499,0.250,1957800,181616,184292,5568828,8390.525,1617.402,0,3426.497,0,61.901,3089,4846,1.720,1.470,0.820,2,0,349.439,0,0,14,77,6,29,0
20-04 02:54:43,19.788,16.782,60.867,0.501,0,1960156,179112,184292,5568988,11686.532,1697.272,0,4448.577,0,240.464,6529,13838,1.720,1.470,0.820,2,0,277.535,0,0,14,77,6,30,0
20-04 02:54:44,43.160,11.975,41.663,1.746,0,2045132,135828,184292,5528660,9841.422,1690.465,0,9184.795,0,681.575,2895,2520,1.720,1.470,0.820,3,0,121.745,0,0,14,78,6,29,0
20-04 02:54:45,24.297,14.277,60.115,1.002,0,2092700,125928,182012,5493304,9133.518,1717.294,937.799,3150.042,21.040,319.613,3278,4901,1.720,1.470,0.820,2,0,202.388,0,0,14,81,6,29,0
20-04 02:54:46,9.754,18.257,71.527,0.250,0.250,2076692,144652,181868,5490732,9497.571,1620.609,0,112.042,0,12.005,2792,3975,1.720,1.470,0.820,3,0,307.115,0,0,14,81,6,29,0
20-04 02:54:47,8.744,18.987,71.450,0,0,2092032,129444,181868,5490644,17443.737,1456.976,0,39.972,0,3.997,2759,3834,1.660,1.460,0.820,1,0,314.779,0,0,14,81,6,29,0
20-04 02:54:48,16.476,9.736,71.894,0.250,0.250,2126504,128836,180316,5458512,8824.992,1617.616,551.188,0,35.947,0,1930,2654,1.660,1.460,0.820,3,0,167.753,0,0,14,81,6,29,0
20-04 02:54:49,21.519,6.005,71.564,0.500,0,2112000,160880,180036,5441572,9926.875,1621.450,3054.731,0,53.047,0,2166,3584,1.660,1.460,0.820,2,0,36.032,0,0,14,83,6,31,0
20-04 02:54:50,24.030,3.504,71.590,0.501,0.250,2154308,132132,180000,5428280,12529.800,1712.159,3904.924,88.111,54.068,6.008,1890,2844,1.660,1.460,0.820,1,0,30.038,0,0,14,85,6,31,0
20-04 02:54:51,31.739,5.748,60.479,1.499,0,2207796,131028,179772,5376668,9822.552,1693.406,1323.535,4846.299,87.969,511.820,4563,7538,1.660,1.460,0.820,1,0,6.998,0,0,14,102,6,31,0
20-04 02:54:52,20.456,7.235,70.599,0.499,0.249,2197280,141112,179792,5377080,5172.925,1616.539,219.530,730.436,12.972,67.855,2172,3615,1.610,1.450,0.820,2,0,110.763,0,0,14,100,5,33,0
20-04 02:54:53,24.661,4.235,70.496,1.246,0,2229844,125324,179612,5360668,6737.758,1614.192,23.914,2299.726,2.989,279.993,2650,4407,1.610,1.450,0.820,3,0,0,0,0,14,102,5,33,0
20-04 02:54:54,20.235,7.244,70.946,0.500,0,2193600,161468,179620,5360760,11904.917,1618.765,75.942,627.521,2.998,57.956,2052,3216,1.610,1.450,0.820,3,0,89.931,0,0,14,100,5,34,0
20-04 02:54:55,22.087,5.271,72.286,0,0,2186996,167512,179620,5361320,9616.060,1463.794,405.605,409.621,8.032,34.135,1607,2367,1.610,1.450,0.820,3,0,57.227,0,0,14,104,5,35,0
20-04 02:54:56,22.995,2.500,73.235,0,0.250,2172384,181860,179620,5361584,23185.363,1619.676,255.949,291.942,2.000,16.997,1347,1822,1.610,1.450,0.820,1,0,9.998,0,0,14,104,5,36,0
20-04 02:54:57,21.563,5.767,72.462,0.752,0,2230916,139912,179232,5345628,33438.842,1624.754,0,1684.930,0,241.707,1583,1885,1.560,1.440,0.830,2,0,43.126,0,0,14,104,5,36,0
20-04 02:54:58,19.463,7.236,71.115,0.499,0,2205540,165228,179236,5345684,7586.593,1616.929,19.962,774.529,4.991,82.843,2299,3524,1.560,1.440,0.830,2,0,81.845,0,0,14,104,5,37,0
20-04 02:54:59,22.549,5.011,72.910,0,0.501,2183840,186896,179236,5345716,11010.112,1623.556,16.035,276.606,2.004,14.031,1506,2036,1.560,1.440,0.830,2,0,55.121,0,0,14,104,5,38,0
20-04 02:55:00,23.468,2.746,73.149,0.250,0,2231824,138764,179236,5345864,9926.272,1617.763,131.818,343.525,5.992,26.963,1333,1939,1.560,1.440,0.830,2,0,1.997,0,0,14,106,5,38,0
20-04 02:55:01,25.033,5.007,65.586,2.003,0.250,2216032,154204,179240,5346212,7385.697,1534.014,68.089,5995.873,5.007,525.690,4520,8038,1.560,1.440,0.830,2,0,55.072,0,0,14,108,5,39,0
20-04 02:55:02,23.842,2.732,71.775,0.497,0,2249976,128560,179132,5338092,5795.633,1682.859,0,1955.058,0,268.224,1921,2390,1.510,1.440,0.830,2,0,0,0,0,14,110,5,39,0
20-04 02:55:03,26.854,4.016,66.256,2.008,0,2268296,124976,179092,5323428,7035.163,1626.279,746.884,6593.457,129.500,520.008,4400,7580,1.510,1.440,0.830,2,0,2.008,0,0,14,113,5,40,0
20-04 02:55:04,23.804,6.264,70.409,0.752,0,2251856,141372,179092,5323472,9665.787,1697.827,4.009,481.084,1.002,37.084,1880,2874,1.510,1.440,0.830,1,0,70.158,0,0,14,113,5,41,0
20-04 02:55:05,22.489,5.497,71.216,0.500,0,2217668,191216,179004,5307944,8390.023,1619.232,3.998,1975.064,1.000,267.873,2716,4071,1.510,1.440,0.830,1,0,52.975,0,0,14,113,5,43,0
20-04 02:55:06,20.720,6.241,72.144,0.250,0.250,2279260,129528,179012,5308032,8908.922,1617.625,223.672,379.443,16.975,24.963,1542,2232,1.510,1.440,0.830,2,0,94.861,0,0,14,113,5,43,0
20-04 02:55:07,26.548,2.004,70.377,0.751,0.250,2279408,129052,179012,5308360,16349.560,1460.641,8.014,1005.819,2.004,107.194,2878,4745,1.470,1.430,0.830,2,0,0,0,0,14,115,5,42,0
20-04 02:55:08,38.475,15.240,43.722,1.499,0,2247364,164024,178980,5305488,9024.170,2020.695,4720.950,3349.836,131.915,397.743,5377,9790,1.470,1.430,0.830,3,0,434.719,0,0,14,113,5,43,0
20-04 02:55:09,28.964,3.496,66.666,0.250,0.499,2292864,118440,178980,5305572,13019.647,1863.659,0,802.991,0,70.911,2235,3407,1.470,1.430,0.830,3,0,0,0,0,14,113,5,45,0
20-04 02:55:10,9.748,17.996,70.233,0.250,0,2252696,158444,179116,5305600,10873.293,2005.501,135.966,755.812,3.999,35.991,2862,4237,1.470,1.430,0.830,3,0,319.920,0,0,14,113,6,45,0
20-04 02:55:11,12.259,21.015,65.046,0,0,2258184,152892,179116,5306008,10753.527,1785.250,200.140,720.504,15.011,51.036,4235,7290,1.470,1.430,0.830,1,0,431.302,0,0,14,113,6,45,0
20-04 02:55:12,23.551,16.536,58.628,0.251,0,2284392,126364,179116,5305988,9933.695,1623.546,148.324,473.033,3.007,22.048,4374,7289,1.520,1.440,0.830,4,0,297.650,0,0,14,113,6,45,0
20-04 02:55:13,32.371,21.664,44.324,0.747,0,2319120,140640,178452,5258048,16878.906,1770.960,207.176,6338.803,7.968,840.658,5048,7273,1.520,1.440,0.830,6,0,486.068,0,0,14,115,6,45,0
20-04 02:55:14,40.417,20.836,36.903,0.502,0.251,2429708,123920,178108,5165576,8637.752,1534.351,2642.939,8246.131,87.362,1112.605,9992,15014,1.520,1.440,0.830,4,0,240.997,0,0,16,125,6,45,0
20-04 02:55:15,54.220,23.487,20.988,0.250,0.250,2535220,128172,177536,5058064,7729.687,1661.073,239.866,243.864,38.978,19.989,3771,6309,1.520,1.440,0.830,4,0,619.654,0,0,16,125,6,45,0
20-04 02:55:16,57.258,20.003,21.253,0.750,0.250,2613792,126448,177440,4982080,7767.072,1694.234,932.129,6020.831,67.009,428.059,9549,21525,1.520,1.440,0.830,4,0,223.031,0,0,16,141,6,45,0
20-04 02:55:17,31.488,24.490,42.233,1.250,0,2677116,118956,177432,4927880,8658.597,1767.305,13282.780,875.656,233.908,92.963,4207,40518,1.550,1.450,0.840,3,0,514.798,0,0,16,141,6,45,0
20-04 02:55:18,19.967,19.468,58.404,0,0.250,2702928,123684,177432,4897936,11233.476,1617.333,0,27.954,0,6.988,3357,5361,1.550,1.450,0.840,1,0,412.320,0,0,17,141,6,45,0
20-04 02:55:19,24.516,15.260,59.789,0.750,0,2723264,128996,177424,4872848,16855.006,1711.117,1741.137,2225.453,105.069,324.212,5431,10898,1.550,1.450,0.840,3,0,236.154,0,0,17,145,6,45,0
20-04 02:55:20,33.216,21.228,44.205,0,0,2789904,130980,177404,4806252,15767.806,1660.295,235.758,267.725,13.986,19.979,4746,8378,1.550,1.450,0.840,3,0,515.471,0,0,17,145,6,45,0
20-04 02:55:21,41.858,21.555,35.341,0.501,0.251,2890936,123132,177420,4715020,17326.564,1531.940,449.155,858.207,24.062,60.155,6724,14032,1.550,1.450,0.840,4,0,312.805,0,0,17,157,6,45,0
20-04 02:55:22,29.509,25.508,43.763,0.500,0,2960288,129512,177420,4640868,7592.247,1620.480,48.014,4769.412,3.001,356.105,4197,6848,1.590,1.460,0.850,2,0,606.179,0,0,17,157,6,45,0
20-04 02:55:23,17.501,23.501,57.503,0,0,3013248,123208,177420,4595188,7250.399,1620.089,0,672.037,0,44.002,4830,10323,1.590,1.460,0.850,2,0,428.024,0,0,17,163,6,45,0
20-04 02:55:24,16.731,18.729,64.428,0.499,0,3020288,124000,177424,4587936,13464.960,1660.146,375.580,4722.725,4.994,371.585,6178,9640,1.590,1.460,0.850,2,0,295.670,0,0,17,169,6,45,0
20-04 02:55:25,35.684,10.730,52.403,0,0.250,3103516,127396,177424,4502548,8638.940,1764.719,79.852,814.486,4.991,126.764,2672,3307,1.590,1.460,0.850,2,0,116.783,0,0,17,169,6,45,0
20-04 02:55:26,46.721,6.746,44.973,0.500,0,3213288,127708,177552,4394760,18352.805,1619.012,743.546,503.693,52.968,62.962,2027,2406,1.590,1.460,0.850,3,0,0.999,0,0,17,169,6,45,0
20-04 02:55:27,43.396,16.305,37.877,0.753,0,3211072,167564,177716,4358000,15036.523,1625.462,6008.188,2873.655,129.435,148.499,6978,12363,1.620,1.470,0.850,4,0,364.224,0,0,17,175,6,37,0
20-04 02:55:28,45.752,26.251,26.501,0,0,3249224,125420,177720,4361960,7304.285,1458.057,80.003,932.036,4.000,56.002,6368,12288,1.620,1.470,0.850,4,0,585.023,0,0,17,188,6,37,0
20-04 02:55:29,53.976,19.241,26.488,0.250,0.250,3285056,121704,177724,4330708,9437.725,1709.226,291.868,599.728,16.992,32.985,5458,9266,1.620,1.470,0.850,6,0,240.891,0,0,17,191,6,37,0
20-04 02:55:30,79.400,16.729,3.246,0.250,0.250,3376552,138960,177724,4224604,7131.022,1617.963,1126.582,13578.904,26.966,511.356,3452,6417,1.620,1.470,0.850,6,0,109.862,0,0,17,202,6,37,0
20-04 02:55:31,79.453,16.490,3.498,0.250,0.250,3430020,144356,177824,4167132,5938.496,1619.045,607.641,2054.788,34.979,59.965,4539,10731,1.620,1.470,0.850,6,0,53.968,0,0,17,212,6,45,0
20-04 02:55:32,52.108,25.553,19.791,0.501,0,3403544,182792,177832,4155332,5471.315,1697.510,364.754,957.981,7.015,75.155,7879,41768,1.730,1.490,0.860,6,0,466.966,0,0,17,216,6,45,0
20-04 02:55:33,41.403,16.711,39.657,0.499,0,3474472,132196,177840,4135508,10561.244,1616.212,594.606,1560.343,36.913,163.616,7345,16049,1.730,1.490,0.860,9,0,207.514,0,0,17,218,6,46,0
20-04 02:55:34,50.578,24.287,23.787,0.501,0,3520184,124536,177844,4098264,6636.187,1622.491,320.492,22246.148,31.048,655.005,5176,8091,1.730,1.490,0.860,5,0,578.889,0,0,17,218,6,46,0
20-04 02:55:35,59.304,18.767,19.518,0.250,0,3557920,132480,177932,4053584,6966.360,1529.396,580.530,920.841,48.044,59.054,5457,15405,1.730,1.490,0.860,6,0,229.209,0,0,17,220,6,49,0
20-04 02:55:36,54.245,23.498,21.248,0.250,0.250,3603632,163048,177932,3978844,7183.397,1619.864,107.991,683.943,6.999,48.996,5187,10916,1.730,1.490,0.860,5,0,533.955,0,0,17,226,6,49,0
20-04 02:55:37,59.251,18.250,21.500,0.250,0,3693808,125052,177944,3927328,11378.262,1620.037,96.002,7840.180,12.000,669.015,7891,15493,1.920,1.530,0.880,5,0,238.005,0,0,17,234,6,42,0
20-04 02:55:38,67.782,11.005,21.010,0.250,0.250,3803724,142308,177944,3802740,7195.360,1620.757,208.097,4786.235,33.015,464.217,3465,4219,1.920,1.530,0.880,3,0,9.004,0,0,17,243,6,42,0
20-04 02:55:39,61.951,14.489,23.232,0.500,0.250,3797864,170668,177960,3780840,10985.387,1708.660,531.583,3473.277,17.986,390.694,4873,10966,1.920,1.530,0.880,6,0,194.847,0,0,17,250,6,49,0
20-04 02:55:40,43.235,27.240,27.240,0.250,0,3796524,170740,178228,3781776,9106.776,1619.427,1959.306,1175.584,106.962,67.976,4503,7805,1.920,1.530,0.880,7,0,515.817,0,0,17,250,6,50,0
20-04 02:55:41,53.985,21.244,23.993,0.500,0.250,3791152,191884,178308,3766624,18129.015,1693.534,4010.897,1702.532,62.983,93.974,6609,13496,1.920,1.530,0.880,5,0,238.934,0,0,18,250,6,51,0
20-04 02:55:42,79.563,15.762,4.003,0,0,3939740,141712,178308,3670672,11583.139,1533.210,628.496,444.351,6.005,21.017,2435,3521,2.240,1.610,0.910,4,0,141.111,0,0,18,253,6,40,0
20-04 02:55:43,72.063,9.974,16.956,0,0.249,3978204,139616,178340,3635236,17893.673,1689.626,785.965,5757.095,9.974,531.624,3459,9374,2.240,1.610,0.910,4,0,85.778,0,0,18,253,6,42,0
20-04 02:55:44,28.729,16.738,52.961,0.250,0,3990548,130200,178352,3632308,8302.864,2655.038,891.341,723.465,15.988,57.957,3214,10149,2.240,1.610,0.910,1,0,221.836,0,0,18,255,6,43,0
20-04 02:55:45,19.892,6.216,74.347,0.497,0,3981908,156760,178360,3614812,20806.251,3802.395,1249.230,322.254,14.919,18.898,1891,2580,2.240,1.610,0.910,2,0,9.946,0,0,18,258,6,43,0
20-04 02:55:46,20.173,4.539,73.379,0.252,0,3987368,151268,178360,3614844,20911.230,3911.526,774.639,318.732,6.052,22.190,1859,2695,2.240,1.610,0.910,3,0,9.078,0,0,18,261,6,43,0
20-04 02:55:47,27.003,11.501,58.757,1.250,0,4001544,140368,178360,3612036,16551985.998,86098.762,800.100,17354.169,9.001,466.058,7100,6130,2.140,1.600,0.910,2,0,176.022,0,0,18,263,6,43,0
20-04 02:55:48,28.149,7.473,61.777,0.249,0.249,4044472,142556,178360,3567700,11380.972,1614.181,450.376,4942.183,10.960,131.526,2602,4078,2.140,1.600,0.910,2,0,91.670,0,0,18,269,6,43,0
20-04 02:55:49,25.556,4.510,68.148,0.501,0.251,4059616,126920,178360,3568296,8384.269,1781.883,561.223,657.433,28.061,74.162,4315,10059,2.140,1.600,0.910,1,0,4.009,0,0,18,283,6,47,0
20-04 02:55:50,18.243,12.495,67.223,1.000,0.250,4005152,183168,178360,3566728,12798.893,1531.389,191.923,2734.909,7.997,317.873,3779,6636,2.140,1.600,0.910,3,0,148.941,0,0,18,281,6,47,0
20-04 02:55:51,15.224,13.726,69.130,0.250,0.250,4035204,153072,178360,3566772,12492.376,1691.073,19.965,347.399,1.997,23.959,2946,4851,2.140,1.600,0.910,2,0,318.449,0,0,18,281,6,47,0
20-04 02:55:52,18.540,9.270,71.653,0,0,4005240,199876,178364,3550004,6920.748,1623.460,0,1134.417,0,64.137,2445,3747,2.050,1.590,0.910,1,0,153.327,0,0,18,281,6,45,0
20-04 02:55:53,7.766,19.790,70.393,0,0,4007448,197544,178364,3550128,7503.284,1697.458,84.171,120.245,3.006,13.027,3479,5544,2.050,1.590,0.910,1,0,408.833,0,0,18,281,6,45,0
20-04 02:55:54,3.482,3.731,91.526,0,0,4006864,198096,178364,3550160,6645.569,1611.650,7.959,0,0.995,0,1633,2723,2.050,1.590,0.910,1,0,99.485,0,0,18,281,6,44,0
20-04 02:55:55,20.933,2.741,75.259,0,0,4065544,139408,178364,3550168,7789.098,1614.837,0,15980.909,0,29.904,1408,1974,2.050,1.590,0.910,3,0,8.971,0,0,18,282,6,44,0
20-04 02:55:56,15.367,12.344,70.789,0.252,0,4008032,196704,178368,3550364,6287.920,1632.441,8.061,108.829,2.015,14.108,3103,5124,2.050,1.590,0.910,4,0,234.789,0,0,18,285,6,43,0
20-04 02:55:57,13.008,12.507,71.291,0.750,0.250,4012324,190528,178624,3551992,9377.458,1606.935,1745.016,72.042,77.045,3.002,3123,4841,1.970,1.580,0.910,1,0,272.158,0,0,18,285,6,43,0
20-04 02:55:58,16.676,10.951,69.191,1.493,0.498,4003852,194620,178780,3556124,7201.851,1612.800,1031.396,6984.820,117.476,181.191,5602,22618,1.970,1.580,0.910,0,0,37.831,0,0,18,289,6,41,0
20-04 02:55:59,2.000,0.500,95.485,0,0.250,4003852,194620,178780,3556124,8310.712,1619.749,0,63.990,0,9.998,1132,1873,1.970,1.580,0.910,0,0,1.000,0,0,18,291,6,41,0
20-04 02:56:00,2.002,1.751,94.577,0.500,0,4003840,194620,178780,3556136,18116.711,1621.317,0,872.709,0,47.038,1433,2466,1.970,1.580,0.910,2,0,3.002,0,0,18,293,6,40,0
20-04 02:56:01,1.499,0.500,95.421,0,0,4003840,194620,178780,3556136,5924.065,1618.652,0,51.957,0,4.996,1199,2054,1.970,1.580,0.910,1,0,0,0,0,18,293,6,40,0
20-04 02:56:02,1.500,0.250,96.497,0,0,4003840,194620,178780,3556136,9186.715,1689.948,0,4.000,0,1.000,977,1672,1.810,1.550,0.910,0,0,0,0,0,18,293,6,39,0
20-04 02:56:03,2.500,1.000,96.006,0,0,4003840,194620,178780,3556136,40400.626,1620.105,0,0,0,0,1194,1821,1.810,1.550,0.910,0,0,0,0,0,18,293,6,39,0
20-04 02:56:04,1.750,0.500,95.986,0,0.250,4003840,194620,178780,3556136,8772.693,1457.783,0,55.992,0,5.999,1133,1875,1.810,1.550,0.910,0,0,0,0,0,18,293,6,37,0
20-04 02:56:05,2.000,0.750,96.249,0,0,4003840,194620,178780,3556136,8877.885,1693.978,0,0,0,0,1082,1756,1.810,1.550,0.910,0,0,0,0,0,18,293,6,37,0
20-04 02:56:06,2.501,0.250,95.527,0.250,0.250,4003756,194620,178780,3556220,10911.055,1694.474,80.022,140.039,5.001,15.004,1338,2240,1.810,1.550,0.910,0,0,0,0,0,18,293,6,35,0
20-04 02:56:07,1.000,0.750,95.740,0,0,4003756,194620,178780,3556220,17408.242,1619.836,0,31.997,0,4.000,1197,1909,1.660,1.530,0.900,0,0,0,0,0,18,293,6,35,0
20-04 02:56:08,3.000,1.250,94.250,0.250,0,3999772,198428,178784,3556396,7712.039,125326.627,276.001,320.002,5.000,24.000,1466,2417,1.660,1.530,0.900,0,0,0,0,0,18,293,6,34,0
20-04 02:56:09,2.236,0.745,95.657,0.248,0,3999996,198204,178784,3556396,7274.874,1610.013,0,31.803,0,3.975,1233,2041,1.660,1.530,0.900,1,0,0,0,0,18,293,6,34,0
20-04 02:56:10,1.257,1.006,94.550,0.754,0.503,4000316,197756,178784,3556524,16944.532,1466.528,0,6397.200,0,531.088,2315,2562,1.660,1.530,0.900,0,0,2.012,0,0,18,293,6,32,0
20-04 02:56:11,1.751,1.001,95.065,0.250,0,4000308,197756,178784,3556532,6074.161,1621.110,0,236.162,0,24.016,1356,2393,1.660,1.530,0.900,1,0,0,0,0,18,293,6,32,0
20-04 02:56:12,1.751,0.750,96.032,0,0.250,4000308,197756,178784,3556532,9167.025,1620.535,0,72.024,0,6.002,1072,1751,1.610,1.520,0.900,1,0,0,0,0,18,293,6,32,0
20-04 02:56:13,2.749,0.750,95.954,0,0,4000308,197756,178784,3556532,8246.058,1693.191,0,31.985,0,3.998,1100,1800,1.610,1.520,0.900,0,0,0,0,0,18,293,6,32,0
20-04 02:56:14,1.741,0.995,96.487,0,0,4000308,197756,178784,3556532,8071.070,1685.037,0,3.979,0,0.995,1090,1849,1.610,1.520,0.900,1,0,0,0,0,18,293,6,32,0
20-04 02:56:15,1.760,0.754,96.071,0,0.251,4000268,197756,178784,3556572,9347.600,1629.693,0,64.383,0,6.036,1085,1809,1.610,1.520,0.900,1,0,0,0,0,18,293,6,32,0
20-04 02:56:16,1.748,0.749,95.912,0.250,0,4000264,197756,178784,3556576,7453.128,1618.508,0,51.952,0,5.994,1161,1941,1.610,1.520,0.900,1,0,0,0,0,18,293,6,32,0
20-04 02:56:17,1.750,0.500,96.510,0,0,4000264,197756,178784,3556576,11975.257,1458.153,0,0,0,0,1089,1792,1.480,1.490,0.900,0,0,0,0,0,18,293,6,32,0
20-04 02:56:18,2.749,0.500,94.978,0,0,4000256,197756,178788,3556580,21039.203,1619.631,0,347.921,0,32.992,1488,2262,1.480,1.490,0.900,0,0,0,0,0,18,293,6,32,0
20-04 02:56:19,2.500,0.750,96.265,0,0,4000256,197756,178788,3556580,15956.537,1620.258,0,32.005,0,4.001,1163,1770,1.480,1.490,0.900,0,0,0,0,0,18,293,6,32,0
20-04 02:56:20,1.500,1.250,94.752,0.750,0.250,4000504,197508,178788,3556580,21358.363,1620.028,0,4864.083,0,335.006,1900,2534,1.480,1.490,0.900,0,0,2.000,0,0,18,293,6,32,0
20-04 02:56:21,2.250,0.250,95.739,0.250,0,4000224,197788,178788,3556580,11942.650,1693.809,0,87.990,0,12.999,1233,1959,1.480,1.490,0.900,1,0,0,0,0,18,293,6,32,0
20-04 02:56:22,2.000,0.750,95.992,0,0,4000224,197788,178788,3556580,7869.339,1619.864,0,0,0,0,1182,1948,1.360,1.470,0.890,0,0,0,0,0,18,293,6,32,0
20-04 02:56:23,1.995,0.997,96.496,0,0.499,4000224,197788,178788,3556580,8310.144,1615.751,0,0,0,0,1127,1838,1.360,1.470,0.890,1,0,0,0,0,18,293,5,32,0
20-04 02:56:24,2.256,0.251,95.751,0,0.251,4000224,197788,178788,3556580,9984.148,1461.829,0,0,0,0,1119,1858,1.360,1.470,0.890,0,0,0,0,0,18,293,5,32,0
20-04 02:56:25,1.250,0.500,96.726,0,0,4000224,197788,178788,3556580,9431.661,1619.598,0,3.999,0,1.000,1024,1692,1.360,1.470,0.890,0,0,0,0,0,18,293,5,32,0
20-04 02:56:26,1.251,0.500,96.297,0,0,4000224,197788,178788,3556580,6773.326,1662.816,0,4.002,0,1.000,1046,1758,1.360,1.470,0.890,0,0,0,0,0,18,293,5,32,0
20-04 02:56:27,1.990,0.497,96.255,0,0,4000224,197788,178788,3556580,21885.465,1611.713,0,23.877,0,1.990,1229,1901,1.330,1.460,0.890,1,0,0,0,0,18,293,5,32,0
20-04 02:56:28,2.511,0.753,94.928,0.502,0,4000208,197788,178788,3556596,10834.843,1627.336,0,289.304,0,25.113,1330,2167,1.330,1.460,0.890,0,0,0,0,0,18,293,5,32,0
20-04 02:56:29,2.001,0.500,96.557,0,0,4000208,197788,178788,3556596,11390.675,1620.950,0,32.019,0,4.002,1116,1772,1.330,1.460,0.890,0,0,0,0,0,18,293,5,32,0
20-04 02:56:30,7.997,1.999,88.218,0.250,0,4000320,197536,178788,3556736,7650.254,1619.419,0,967.653,0,58.979,3073,5763,1.330,1.460,0.890,2,0,1.999,0,0,18,293,5,32,0
20-04 02:56:31,2.500,0.750,95.261,0,0.250,4000320,197536,178788,3556736,8342.926,1532.170,0,0,0,0,1198,2019,1.330,1.460,0.890,0,0,0,0,0,18,293,5,32,0
20-04 02:56:32,1.500,0.750,96.276,0,0.250,4000320,197536,178788,3556736,9158.464,1694.456,0,68.018,0,5.001,1054,1705,1.230,1.430,0.890,0,0,0,0,0,18,293,5,32,0
20-04 02:56:33,1.000,0.500,96.490,0,0,4000320,197536,178788,3556736,14478.509,1619.833,0,0,0,0,1077,1731,1.230,1.430,0.890,0,0,0,0,0,18,293,5,24,0
20-04 02:56:34,1.501,0.750,97.034,0,0.250,4000320,197536,178788,3556736,7784.756,1694.600,0,0,0,0,1038,1743,1.230,1.430,0.890,1,0,0,0,0,18,293,5,24,0
20-04 02:56:35,1.750,0.500,96.473,0,0,4000320,197536,178788,3556736,7228.005,1619.553,0,115.968,0,1.999,1030,1690,1.230,1.430,0.890,0,0,0,0,0,18,293,5,23,0
20-04 02:56:36,2.499,0.500,95.959,0,0.250,4000320,197536,178788,3556736,11115.198,1619.300,0,0,0,0,1109,1808,1.230,1.430,0.890,0,0,0,0,0,18,293,5,23,0
20-04 02:56:37,2.750,0.750,96.253,0,0,4000320,197536,178788,3556736,12806.371,1620.047,0,0,0,0,1180,1926,1.130,1.410,0.880,0,0,0,0,0,18,293,5,19,0
20-04 02:56:38,2.751,0.250,95.523,0.250,0.250,4000320,197536,178788,3556736,10976.612,1046.249,0,288.069,0,26.006,1392,2206,1.130,1.410,0.880,0,0,0,0,0,18,293,5,19,0
20-04 02:56:39,7.003,2.251,89.291,0,0,4009788,187752,178800,3557008,229260.377,2489.155,276.128,76.035,3.001,4.002,1335,2024,1.130,1.410,0.880,1,0,7.003,0,0,18,293,5,16,0
20-04 02:56:40,10.998,4.749,83.235,0.250,0,4006248,190968,178820,3557264,241372.794,10958.039,239.957,1035.815,12.998,56.990,2306,3260,1.130,1.410,0.880,0,0,37.993,0,0,18,293,6,16,0
