"pcp-dstat 6.2.0 CSV Output"
"Author:","PCP team <pcp@groups.io> and Dag Wieers <dag@wieers.com>",,,,"URL:","https://pcp.io/ and http://dag.wieers.com/home-made/dstat/"
"Host:","ubuntu",,,,"User:","ubuntu"
"Cmdline:","dstat -tcmndrylpg --tcp --output /tmp/devstack_logs/dstat-csv.log",,,,"Date:","19 Jan 2026 11:52:47 UTC"
"system","total usage",,,,,"memory usage",,,,"net/total",,"dsk/total",,"io/total",,"system",,"load avg",,,"procs",,,"paging",,"tcp sockets",,,,
"time","total usage:usr","total usage:sys","total usage:idl","total usage:wai","total usage:stl","used","free","buf","cach","net/total:recv","net/total:send","dsk/total:read","dsk/total:writ","read","writ","int","csw","1m","5m","15m","run","blk","new","in","out","lis","act","syn","tim","clo"
19-01 11:52:47,,1001812,1702216,163008,4953800,,,,,,,1.560,0.930,0.500,3,0,,,,10,5,0,17,1
19-01 11:52:48,18.493,20.492,58.478,0.750,0,1012040,1691524,163048,4954104,43753.763,13312.060,0,2683.004,0,104.961,6795,6081,1.560,0.930,0.500,4,0,532.802,0,0,10,5,0,17,1
19-01 11:52:49,26.727,18.484,53.454,0.250,0,1036032,1667036,163100,4954460,26497.324,11704.983,0,1798.461,0,55.952,6552,6112,1.560,0.930,0.500,2,0,379.675,0,0,10,4,0,17,2
19-01 11:52:50,32.724,16.986,49.211,0.749,0,1093016,1585164,163476,5045680,190950.909,9097.706,0,2629.892,0,74.940,6476,8622,1.560,0.930,0.500,3,0,231.814,0,0,11,4,0,17,2
19-01 11:52:51,30.957,8.488,58.917,0.499,0.250,1166576,1489624,164236,5120008,5428.384,1617.730,15.978,1949.265,0.999,57.919,3614,2750,1.510,0.930,0.500,4,0,89.874,0,0,11,6,0,17,2
19-01 11:52:52,39.014,12.504,47.517,0.500,0,1193796,1447664,164580,5132612,4945.727,1620.566,0,1016.355,0,39.014,4696,3344,1.510,0.930,0.500,4,0,195.068,0,0,11,6,0,19,2
19-01 11:52:53,42.260,6.502,48.262,1.500,0.500,1260280,1352684,165836,5156780,9373.250,1620.389,32.008,7281.748,2.000,325.078,3755,2278,1.510,0.930,0.500,2,0,0,0,0,11,6,0,19,2
19-01 11:52:54,41.361,5.264,47.377,4.763,0,1286876,1292640,167064,5185840,6599.663,1624.347,0,11358.399,0,614.645,6490,7448,1.510,0.930,0.500,5,0,11.030,0,0,11,8,0,19,2
19-01 11:52:55,25.499,6.500,49.249,17.500,0,1298640,1284308,168568,5179792,14590.677,4341.904,0,42419.061,0,2944.935,14343,22268,1.510,0.930,0.500,3,0,44.999,0,0,11,6,0,19,0
19-01 11:52:56,36.500,8.500,40.750,13.000,0,1235600,1344832,169056,5181880,7092.047,1458.010,0,41496.278,0,2965.020,13882,21274,1.630,0.960,0.510,3,0,100.001,0,0,11,4,0,19,0
19-01 11:52:57,38.919,7.484,52.141,1.247,0.249,1310492,1262636,169220,5188332,14921.881,3890.886,0,6538.364,0,381.205,3766,3298,1.630,0.960,0.510,3,0,38.919,0,0,11,4,0,19,0
19-01 11:52:58,38.982,4.498,55.475,0.250,0,1308964,1263912,169228,5188428,14795.277,4614.903,0,1183.462,0,68.969,2838,1618,1.630,0.960,0.510,2,0,26.988,0,0,11,5,0,19,0
19-01 11:52:59,43.001,10.250,44.751,1.000,0,1374836,1189840,169756,5194660,6396.188,1794.053,0,5384.158,0,279.008,11815,19750,1.630,0.960,0.510,2,0,14.000,0,0,11,4,0,19,0
19-01 11:53:00,42.604,10.275,44.609,0,1.253,1364044,1200076,169852,5195004,5505.392,1623.950,0,2453.969,0,91.222,11687,19010,1.630,0.960,0.510,2,0,122.297,0,0,11,4,0,19,0
19-01 11:53:01,29.246,24.997,44.994,0.250,0,1204572,1374328,169860,5182056,9969.652,1619.781,0,511.931,0,36.995,6872,5810,1.740,1,0.530,3,0,562.924,0,0,11,4,0,19,0
19-01 11:53:02,36.240,17.745,45.237,0,0,1197780,1381048,169864,5182448,10313.064,1619.539,0,11.997,0,2.999,6185,7763,1.740,1,0.530,4,0,329.906,0,0,11,4,0,19,0
19-01 11:53:03,45.139,7.482,46.884,0,0.249,1217996,1360816,169876,5182560,8897.078,1657.915,0,0,0,0,2963,1640,1.740,1,0.530,3,0,54.865,0,0,11,5,0,19,0
19-01 11:53:04,44.246,6.249,48.996,0,0,1238588,1339656,169880,5183108,10246.119,1619.861,0,271.977,0,12.999,2686,1304,1.740,1,0.530,2,0,1.000,0,0,11,5,0,19,0
19-01 11:53:05,29.754,10.752,58.509,0,0.250,1268720,1307112,169948,5185428,11350.659,1458.213,0,22119.233,0,397.058,4547,4730,1.740,1,0.530,0,0,118.017,0,0,11,4,0,20,0
19-01 11:53:06,7.769,3.007,88.717,0.251,0,1281904,1294060,169948,5185428,8898.753,1623.970,0,2149.254,0,34.083,1608,1937,1.600,0.980,0.520,1,0,23.056,0,0,11,4,0,20,0
19-01 11:53:07,22.703,3.742,72.350,0.249,0.249,1344360,1231564,169960,5185460,4924.757,1616.638,0,463.037,0,24.948,1948,1476,1.600,0.980,0.520,2,0,0,0,0,11,4,0,20,0
19-01 11:53:08,22.996,2.500,72.487,1.000,0,1364456,1211152,170040,5185696,9303.269,1619.699,0,1131.789,0,143.973,3246,3604,1.600,0.980,0.520,1,0,1.000,0,0,11,10,0,20,0
19-01 11:53:09,20.993,5.498,71.978,0.750,0,1305144,1270416,170084,5185700,7895.547,1619.497,99.969,5382.328,9.997,298.907,3296,2998,1.600,0.980,0.520,1,0,41.987,0,0,11,4,0,16,0
19-01 11:53:10,23.001,3.750,71.754,0.750,0.500,1326184,1248728,170348,5186000,5796.319,1620.089,272.015,12964.714,10.001,51.003,2594,2312,1.600,0.980,0.520,1,0,1.000,0,0,11,16,0,16,0
19-01 11:53:11,20.742,5.998,72.471,0.500,0,1289680,1284808,170404,5186244,10657.772,1781.293,267.894,1371.456,65.974,20.992,2874,2355,1.550,0.980,0.530,1,0,44.982,0,0,11,28,0,16,0
19-01 11:53:12,22.549,3.257,73.911,0,0,1346284,1228136,170404,5186312,6929.135,1461.192,0,0,0,0,1890,1362,1.550,0.980,0.530,1,0,0,0,0,11,28,0,16,0
19-01 11:53:13,25.951,13.974,59.138,0,0,1379148,1195216,170404,5186336,10771.584,1736.708,0,11.977,0,2.994,3989,2803,1.550,0.980,0.530,4,0,155.705,0,0,11,28,0,16,0
19-01 11:53:14,45.498,6.250,48.248,0,0,1427612,1146604,170404,5186484,7844.694,1739.932,0,83.997,0,4.000,3671,3626,1.550,0.980,0.530,2,0,1.000,0,0,11,29,0,16,0
19-01 11:53:15,48.881,23.313,26.571,0.251,0,1478328,1095664,170412,5186692,5534.859,1624.361,0,20827.913,0,115.310,7166,8433,1.550,0.980,0.530,7,0,483.297,0,0,11,28,0,16,0
19-01 11:53:16,82.377,16.975,0.250,0,0.250,1660860,913060,170412,5186728,9083.440,1617.585,0,2891.683,0,18.972,5440,3915,1.910,1.070,0.560,7,0,95.857,0,0,11,28,0,16,0
19-01 11:53:17,86.671,12.024,1.002,0,0,1744412,829324,170416,5186904,6840.517,1623.207,0,264.523,0,29.057,8082,12044,1.910,1.070,0.560,7,0,36.071,0,0,11,28,0,17,0
19-01 11:53:18,34.150,14.458,50.601,0.249,0,1557384,1016252,170416,5187004,9334.576,1615.255,0,438.711,0,38.886,5186,5749,1.910,1.070,0.560,4,0,273.197,0,0,11,28,0,17,0
19-01 11:53:19,22.812,3.008,73.199,0,0.752,1532928,1040696,170420,5187012,8882.155,1624.418,0,140.382,0,6.016,2705,2699,1.910,1.070,0.560,1,0,0,0,0,11,29,0,17,0
19-01 11:53:20,18.208,7.483,72.581,0,0,1505344,1068268,170428,5187016,9065.909,1616.240,0,514.802,0,24.942,2882,2450,1.910,1.070,0.560,1,0,67.842,0,0,11,28,0,17,0
19-01 11:53:21,21.783,4.256,72.610,0.250,0,1489004,1084448,170428,5187176,7142.795,1460.207,0,284.430,0,26.039,3460,3788,1.840,1.060,0.560,2,0,33.050,0,0,11,28,0,17,0
19-01 11:53:22,9.509,24.273,64.562,0.250,0,1468696,1104748,170432,5187180,5597.418,1621.570,0,1401.356,0,67.065,6673,5336,1.840,1.060,0.560,5,0,650.630,0,0,11,28,0,15,0
19-01 11:53:23,74.495,23.498,1.750,0,0,1568328,1005076,170432,5187220,5614.631,1619.893,0,119.992,0,13.999,5363,3855,1.840,1.060,0.560,5,0,354.977,0,0,11,28,0,15,0
19-01 11:53:24,84.933,11.491,2.998,0,0.500,1679824,893504,170432,5187296,12037.566,1618.731,0,171.865,0,17.986,7215,10922,1.840,1.060,0.560,5,0,0.999,0,0,11,32,0,16,0
19-01 11:53:25,72.040,23.263,4.502,0,0.250,1595568,977484,170448,5187556,9206.085,1620.895,0,95516.756,0,408.225,8010,10579,1.840,1.060,0.560,6,0,310.171,0,0,11,28,0,16,0
19-01 11:53:26,86.779,12.754,0.250,0,0.250,1690300,882740,170448,5187556,9657.274,1620.549,0,1844.625,0,13.004,5533,13886,2.250,1.160,0.590,6,0,36.012,0,0,11,28,0,16,0
19-01 11:53:27,83.190,10.742,4.996,0.250,0,1740196,832592,170460,5187792,8975.530,1712.765,0,251.818,0,19.986,8857,14553,2.250,1.160,0.590,5,0,26.981,0,0,11,31,0,19,0
19-01 11:53:28,61.401,17.222,20.966,0,0,1480892,1091684,170476,5187988,9197.225,1617.402,0,826.672,0,24.960,6747,8788,2.250,1.160,0.590,2,0,270.565,0,0,11,28,0,20,0
19-01 11:53:29,45.548,5.506,48.051,0,0,1485100,1087424,170496,5188016,8917.487,1459.553,0,332.354,0,20.021,4741,4876,2.250,1.160,0.590,2,0,0,0,0,11,29,0,20,0
19-01 11:53:30,53.800,23.772,22.271,0,0,1512412,1059940,170496,5188188,4973.659,1621.519,0,264.248,0,19.018,5504,5119,2.250,1.160,0.590,3,0,378.354,0,0,11,28,0,20,0
19-01 11:53:31,64.237,6.999,27.744,0.250,0,1577060,995228,170504,5188244,5231.902,1619.660,0,403.915,0,34.993,6685,8640,2.310,1.190,0.610,3,0,0,0,0,11,29,0,21,0
19-01 11:53:32,73.541,21.262,5.003,0,0,1559160,1013072,170520,5188284,9759.407,1620.898,0,348.193,0,26.014,5997,4639,2.310,1.190,0.610,4,0,258.143,0,0,11,28,0,21,0
19-01 11:53:33,80.469,8.747,10.746,0,0.750,1593392,978752,170536,5188356,8260.798,1619.372,0,259.899,0,19.992,7507,11754,2.310,1.190,0.610,6,0,33.987,0,0,11,30,0,22,0
19-01 11:53:34,60.065,21.434,17.446,0,0,1546688,1025408,170536,5188404,9489.779,1615.027,0,350.919,0,29.908,4798,3884,2.310,1.190,0.610,3,0,290.107,0,0,11,28,0,23,0
19-01 11:53:35,63.910,7.268,28.822,0.251,0.251,1582356,989452,170552,5188676,9950.930,1624.069,0,445.115,0,41.103,7442,10393,2.310,1.190,0.610,4,0,0,0,0,11,28,0,24,0
19-01 11:53:36,55.138,21.457,22.454,0.249,0,1473360,1098432,170552,5188692,10160.402,1616.723,0,371.247,0,12.974,4906,3150,2.610,1.270,0.640,4,0,298.395,0,0,11,28,0,24,0
19-01 11:53:37,64.167,8.522,26.569,0.251,0,1508460,1063012,170556,5189008,8200.281,1461.794,0,280.729,0,22.057,6524,9133,2.610,1.270,0.640,5,0,37.096,0,0,11,28,0,25,0
19-01 11:53:38,51.115,20.197,28.176,0,0,1514280,1057124,170564,5189028,6481.914,1615.741,0,263.306,0,12.966,4644,2923,2.610,1.270,0.640,5,0,255.327,0,0,11,28,0,20,0
19-01 11:53:39,66.380,7.264,25.049,0,0,1531992,1039132,170580,5189292,9422.414,1623.172,0,468.916,0,42.082,6984,9023,2.610,1.270,0.640,3,0,2.004,0,0,11,28,0,21,0
19-01 11:53:40,60.134,14.722,23.704,0.499,0.499,1560508,1010548,170636,5189304,7913.682,1616.870,0,3197.810,0,183.645,4718,2981,2.610,1.270,0.640,4,0,109.787,0,0,11,28,0,21,0
19-01 11:53:41,61.161,12.784,25.316,0.251,0,1448704,1122272,170656,5189496,6254.427,1624.266,0,6400.811,0,402.056,8268,10574,2.640,1.300,0.650,4,0,259.682,0,0,11,28,0,21,0
19-01 11:53:42,70.262,29.505,0.250,0,0.250,1556764,1014152,170664,5189548,8958.571,1620.284,0,220.039,0,18.003,5502,4491,2.640,1.300,0.650,7,0,409.072,0,0,11,28,0,21,0
19-01 11:53:43,79.672,19.731,0.250,0,0.250,1707152,863728,170668,5189584,8546.663,1618.421,0,319.688,0,16.983,6420,6469,2.640,1.300,0.650,9,0,314.693,0,0,11,29,0,21,1
19-01 11:53:44,75.315,23.771,1.001,0,0,1646352,924260,170692,5189828,12047.467,1621.409,0,1177.023,0,86.075,7854,9892,2.640,1.300,0.650,7,0,391.340,0,0,11,28,0,22,0
19-01 11:53:45,75.757,23.752,0.250,0,0,1595940,974596,170704,5189900,9120.785,1458.125,0,312.027,0,25.002,6548,6621,2.640,1.300,0.650,6,0,402.035,0,0,11,28,0,22,0
19-01 11:53:46,85.903,12.201,0.996,0,0,1693216,877140,170712,5190092,9453.855,1613.490,0,191.228,0,9.960,7009,10514,2.990,1.400,0.680,5,0,78.683,0,0,11,29,0,20,0
19-01 11:53:47,61.501,18.325,20.082,0,0,1476784,1093344,170712,5190324,9923.560,1626.649,0,12.049,0,3.012,7722,10897,2.990,1.400,0.680,2,0,436.785,0,0,11,28,0,20,0
19-01 11:53:48,11.994,28.237,57.972,0,0.250,1472968,1097144,170712,5190340,9037.710,1619.231,0,31.985,0,7.996,6239,4873,2.990,1.400,0.680,4,0,603.713,0,0,11,28,0,20,0
19-01 11:53:49,68.790,28.767,2.501,0,0.250,1569784,1000276,170712,5190392,10450.070,1620.942,0,24.014,0,6.003,5531,4628,2.990,1.400,0.680,4,0,563.327,0,0,11,28,0,20,0
19-01 11:53:50,79.029,13.213,6.980,0.249,0.499,1559220,1010780,170720,5190444,9609.137,1615.484,0,3745.529,0,147.587,6686,9816,2.990,1.400,0.680,4,0,133.626,0,0,11,28,1,21,0
19-01 11:53:51,80.571,17.766,1.251,0,0,1582844,987096,170720,5190504,10611.324,1621.425,0,392.345,0,19.017,5518,4737,3.070,1.440,0.700,6,0,134.118,0,0,11,28,0,21,0
19-01 11:53:52,69.107,8.513,21.784,0,0,1615396,954152,170724,5190892,5856.039,1622.505,0,180.278,0,10.015,9520,16632,3.070,1.440,0.700,2,0,0,0,0,11,32,0,21,0
19-01 11:53:53,68.762,15.503,14.503,0.250,0,1525628,1043808,170740,5190988,4750.824,1458.253,0,1844.320,0,62.011,9449,14845,3.070,1.440,0.700,4,0,120.021,0,0,11,28,0,22,0
19-01 11:53:54,84.945,11.493,3.248,0,0,1605304,963964,170748,5191148,5288.552,1618.944,0,163.893,0,7.995,5655,4773,3.070,1.440,0.700,3,0,0.999,0,0,11,31,0,20,0
19-01 11:53:55,54.966,6.496,36.727,0,0.250,1606780,962200,170752,5191432,9218.261,1618.992,0,143.910,0,9.994,12105,20780,3.070,1.440,0.700,4,0,0,0,0,11,31,0,22,0
19-01 11:53:56,72.606,21.532,6.009,0,0.250,1506028,1062752,170760,5191624,7493.988,1622.379,0,260.382,0,10.015,6365,7929,3.060,1.470,0.710,4,0,260.382,0,0,11,28,0,23,0
19-01 11:53:57,80.464,10.495,8.996,0,0,1609424,959288,170768,5191684,10207.469,1619.281,0,151.933,0,6.997,6386,7415,3.060,1.470,0.710,4,0,0,0,0,11,31,0,23,0
19-01 11:53:58,73.320,14.215,10.973,0,0,1497828,1070636,170788,5191912,10330.676,1616.039,0,347.149,0,33.917,9211,14787,3.060,1.470,0.710,4,0,127.687,0,0,11,28,0,25,0
19-01 11:53:59,87.243,10.529,1.504,0,0,1596852,971576,170792,5191944,10411.980,1624.522,0,248.692,0,24.067,5528,4375,3.060,1.470,0.710,4,0,0,0,0,11,28,0,25,0
19-01 11:54:00,79.497,15.250,5.500,0,0.250,1596024,972136,170808,5192192,8776.712,1619.947,0,251.992,0,19.999,7781,14686,3.060,1.470,0.710,5,0,123.996,0,0,11,28,0,25,0
19-01 11:54:01,81.502,15.750,2.750,0,0.250,1591748,976236,170808,5192368,5581.119,1620.034,0,164.003,0,9.000,5746,6739,3.140,1.510,0.730,5,0,137.003,0,0,11,29,0,25,0
19-01 11:54:02,79.254,17.001,3.250,0,0,1565360,1002564,170812,5192424,5430.244,1458.066,0,132.006,0,8.000,5855,7689,3.140,1.510,0.730,4,0,154.007,0,0,11,28,0,25,0
19-01 11:54:03,83.650,10.987,4.495,0.250,0,1629792,937932,170816,5192612,9278.920,1660.018,0,215.742,0,18.977,6099,7071,3.140,1.510,0.730,3,0,0,0,0,11,31,0,26,0
19-01 11:54:04,67.818,16.767,14.515,0,0,1531080,1036588,170836,5192648,7560.628,1621.636,0,464.469,0,50.050,5955,6644,3.140,1.510,0.730,3,0,259.262,0,0,11,28,0,26,0
19-01 11:54:05,65.327,8.478,25.931,0,0.499,1602552,964916,170848,5192832,9062.954,1615.713,0,247.344,0,15.958,4659,4894,3.140,1.510,0.730,3,0,0,0,0,11,29,0,26,0
19-01 11:54:06,58.995,15.749,24.748,0,0,1553044,1014348,170852,5192904,10959.031,1619.857,0,203.982,0,11.999,6361,7681,3.290,1.570,0.750,3,0,181.984,0,0,11,28,0,27,0
19-01 11:54:07,66.594,6.509,26.037,0,0,1594732,972528,170856,5193028,11215.776,1622.282,0,240.338,0,15.021,5459,7349,3.290,1.570,0.750,3,0,0,0,0,11,30,0,27,0
19-01 11:54:08,40.552,13.517,45.809,0.250,0,1436300,1130924,170860,5193060,10218.214,1622.098,0,404.523,0,38.049,5602,6241,3.290,1.570,0.750,3,0,221.286,0,0,11,28,0,27,0
19-01 11:54:09,46.740,4.749,48.240,0,0.250,1473868,1092940,170876,5193456,5810.761,1619.655,0,279.940,0,14.997,4740,6012,3.290,1.570,0.750,2,0,0,0,0,11,28,0,29,0
19-01 11:54:10,39.662,11.225,47.894,0.249,0,1443084,1123696,170892,5193464,8716.661,1454.772,0,862.087,0,57.872,3785,2626,3.290,1.570,0.750,2,0,137.695,0,0,11,28,0,29,0
19-01 11:54:11,43.488,8.248,47.487,0.250,0,1443360,1123368,170908,5193500,7628.955,1619.566,0,4442.809,0,232.938,6290,7003,3.260,1.590,0.770,2,0,61.983,0,0,11,32,0,27,0
19-01 11:54:12,43.992,7.249,48.492,0,0,1466852,1099856,170908,5193484,7485.697,1661.711,0,107.981,0,7.999,3119,2026,3.260,1.590,0.770,2,0,6.999,0,0,11,33,0,28,0
19-01 11:54:13,41.856,9.274,48.122,0,0.501,1425936,1140704,170912,5193544,9611.383,1624.120,0,244.621,0,23.058,5773,7810,3.260,1.590,0.770,2,0,48.122,0,0,11,32,0,28,0
19-01 11:54:14,45.218,5.246,49.215,0,0,1513068,1053556,170916,5193556,7158.861,1618.838,0,119.914,0,7.994,3235,2457,3.260,1.590,0.770,3,0,0.999,0,0,11,34,0,28,0
19-01 11:54:15,33.955,14.481,49.934,0.250,0,1436128,1130256,170924,5193784,9391.641,1617.871,0,295.611,0,29.961,7013,8374,3.260,1.590,0.770,1,0,281.629,0,0,11,32,0,28,0
19-01 11:54:16,23.297,3.006,73.149,0.251,0,1452176,1114168,170936,5193812,7754.748,1623.296,0,497.009,0,49.100,3837,4487,3.080,1.580,0.770,1,0,0,0,0,11,32,0,28,0
19-01 11:54:17,13.973,13.474,70.362,0.250,0.250,1406588,1159728,170952,5193824,6779.682,1616.824,0,770.486,0,50.900,4298,3403,3.080,1.580,0.770,2,0,283.443,0,0,11,32,0,28,0
19-01 11:54:18,23.710,3.244,73.625,0,0,1438736,1127568,170952,5193836,9005.670,1617.247,0,0,0,0,2858,2923,3.080,1.580,0.770,1,0,0,0,0,11,33,0,28,0
19-01 11:54:19,20.027,6.258,72.847,0,0,1423516,1142772,170952,5193848,7760.284,1459.935,0,136.180,0,7.009,3075,2812,3.080,1.580,0.770,1,0,46.061,0,0,11,32,0,27,0
19-01 11:54:20,23.758,3.001,72.275,0,0,1438736,1127400,170952,5194000,5564.919,1620.559,0,0,0,0,3913,4880,3.080,1.580,0.770,1,0,0,0,0,11,33,0,27,0
19-01 11:54:21,13.267,16.521,69.338,0,0,1365016,1200936,170968,5194156,9589.145,1622.054,0,276.350,0,23.029,5568,4907,2.920,1.570,0.770,2,0,359.455,0,0,11,32,0,27,0
19-01 11:54:22,33.435,13.973,51.649,0.250,0,1461304,1104564,170988,5194220,10580.316,1616.839,0,538.946,0,22.955,4670,3487,2.920,1.570,0.770,2,0,266.479,0,0,11,32,0,29,0
19-01 11:54:23,40.346,7.017,47.112,4.761,0.251,1539148,1021992,171452,5197908,9081.548,1623.853,0,10861.771,0,964.288,8595,10357,2.920,1.570,0.770,5,0,56.133,0,0,11,36,0,29,0
19-01 11:54:24,34.006,7.501,42.258,14.753,0,1566792,989408,172308,5201828,9581.759,1620.297,0,38579.081,0,3016.554,17819,25935,2.920,1.570,0.770,1,1,86.016,0,0,11,36,0,29,0
19-01 11:54:25,36.182,6.987,41.173,13.724,0.250,1584560,970400,172924,5202396,6760.302,1616.963,0,38308.048,0,3076.222,16484,25054,2.920,1.570,0.770,2,0,31.940,0,0,11,36,0,29,0
19-01 11:54:26,47.851,10.272,39.834,2.004,0.251,1499628,1055268,172964,5202416,9410.894,1623.432,0,7572.007,0,505.068,5240,16498,2.840,1.580,0.780,2,0,42.089,0,0,11,32,0,30,0
19-01 11:54:27,36.016,8.254,43.019,10.755,0,1488940,1065360,173128,5202848,7211.117,1552.671,0,13229.719,0,2017.872,15033,22056,2.840,1.580,0.780,2,0,4.002,0,0,11,34,0,26,0
19-01 11:54:28,30.402,10.466,52.082,5.482,0.249,1475084,1078940,173304,5202944,8805.634,1614.798,0,17878.407,0,1406.469,7855,12233,2.840,1.580,0.780,2,0,99.679,0,0,11,32,0,26,0
19-01 11:54:29,22.753,3.501,73.511,0.250,0,1452164,1101840,173304,5202964,7866.154,1620.238,0,440.065,0,26.004,1947,1520,2.840,1.580,0.780,1,0,1.000,0,0,11,32,0,26,0
19-01 11:54:30,21.989,3.748,72.463,0.500,0,1478748,1075244,173316,5202964,11046.368,1619.174,0,3650.139,0,193.901,2106,1940,2.840,1.580,0.780,1,0,1.999,0,0,11,32,0,26,0
19-01 11:54:31,23.509,3.251,73.029,0.250,0,1460828,1093136,173328,5202980,8356.321,1620.644,0,88.035,0,12.005,1883,1292,2.690,1.570,0.780,1,0,1.000,0,0,11,32,0,24,0
19-01 11:54:32,22.253,3.500,73.509,0,0.250,1484548,1069416,173328,5202980,6137.751,1620.198,0,0,0,0,1752,1139,2.690,1.570,0.780,3,0,2.000,0,0,11,32,0,24,0
19-01 11:54:33,22.514,3.252,73.795,0,0,1447288,1106600,173328,5203052,6360.857,1620.983,0,0,0,0,1748,1197,2.690,1.570,0.780,1,0,1.001,0,0,11,32,0,24,0
19-01 11:54:34,22.740,3.249,73.467,0,0,1483864,1070020,173328,5203052,10575.233,1619.270,0,3.998,0,1.000,1844,1124,2.690,1.570,0.780,1,0,2.999,0,0,11,32,0,24,0
19-01 11:54:35,22.007,4.251,73.523,0,0,1439548,1114188,173328,5203164,8064.564,1458.464,0,0,0,0,1849,1333,2.690,1.570,0.780,1,0,2.001,0,0,11,32,0,20,0
19-01 11:54:36,21.735,4.247,73.449,0,0,1489724,1064008,173328,5203164,9602.291,1618.869,0,475.668,0,56.960,2076,1418,2.560,1.560,0.780,1,0,3.997,0,0,11,32,0,20,0
19-01 11:54:37,22.507,4.001,73.524,0.250,0.250,1476984,1076716,173328,5203192,9547.071,1620.521,0,216.069,0,13.004,1939,1398,2.560,1.560,0.780,3,0,1.000,0,0,11,32,0,20,0
19-01 11:54:38,23.006,3.751,72.270,0,0.250,1478692,1074952,173336,5203220,11438.132,1620.444,0,428.117,0,25.007,2012,1399,2.560,1.560,0.780,1,0,7.002,0,0,11,32,0,20,0
19-01 11:54:39,21.247,4.499,73.488,0,0,1479328,1074316,173336,5203220,7432.822,1619.743,0,0,0,0,1839,1302,2.560,1.560,0.780,2,0,2.000,0,0,11,32,0,20,0
19-01 11:54:40,18.522,8.260,72.837,0,0,1465424,1088104,173336,5203328,6186.356,1621.929,0,12.014,0,3.004,2821,1783,2.560,1.560,0.780,2,0,85.101,0,0,11,32,0,18,0
19-01 11:54:41,7.256,22.769,68.307,0,0,1445520,1107948,173336,5203380,10362.713,1621.363,0,792.666,0,9.008,6148,4680,2.430,1.550,0.780,1,0,479.403,0,0,11,32,0,18,0
19-01 11:54:42,8.754,20.508,69.278,0.250,0,1427920,1125512,173336,5203424,9504.823,1620.652,0,2316.932,0,223.090,6185,4346,2.430,1.550,0.780,1,0,398.160,0,0,11,32,0,18,0
19-01 11:54:43,9.495,20.238,69.460,0,0.250,1409956,1143308,173340,5203584,6148.478,1457.165,0,151.913,0,1.999,5762,4358,2.430,1.550,0.780,1,0,410.765,0,0,11,32,0,18,0
19-01 11:54:44,22.467,3.245,73.391,0,0,1471160,1082120,173340,5203568,9901.285,1617.596,0,0,0,0,1910,1295,2.430,1.550,0.780,1,0,2.996,0,0,11,32,0,17,0
19-01 11:54:45,22.737,2.499,73.959,0,0,1450016,1103244,173340,5203588,8721.158,1619.101,0,15.991,0,0.999,1769,1122,2.430,1.550,0.780,1,0,0.999,0,0,11,32,0,17,0
19-01 11:54:46,22.512,3.752,73.540,0,0.250,1493388,1059892,173340,5203568,10190.498,1620.875,0,4.002,0,1.001,1842,1154,2.320,1.540,0.780,1,0,2.001,0,0,11,32,0,17,0
19-01 11:54:47,22.250,3.500,73.500,0.250,0,1492704,1060576,173340,5203580,7776.028,1620.006,0,620.002,0,103.000,2142,1658,2.320,1.540,0.780,1,0,1.000,0,0,11,32,0,17,0
19-01 11:54:48,22.252,3.250,73.256,0.250,0.250,1531984,1021296,173340,5203580,6201.505,1620.132,0,320.026,0,23.002,1880,1320,2.320,1.540,0.780,1,0,2.000,0,0,11,32,0,16,0
19-01 11:54:49,21.990,3.748,73.716,0,0,1496616,1056668,173340,5203572,12177.357,1619.250,0,0,0,0,1798,1235,2.320,1.540,0.780,1,0,1.000,0,0,11,32,0,16,0
19-01 11:54:50,22.254,3.501,74.012,0,0.250,1480216,1073048,173340,5203592,10693.771,1620.268,0,20.003,0,1.000,1810,1126,2.320,1.540,0.780,1,0,3.000,0,0,11,32,0,16,0
19-01 11:54:51,21.755,4.251,73.267,0,0,1503316,1049960,173340,5203580,5076.195,1458.343,0,0,0,0,1805,1239,2.210,1.530,0.780,1,0,2.000,0,0,11,32,0,16,0
19-01 11:54:52,23.244,2.999,73.979,0,0,1481712,1071552,173340,5203592,10187.161,1619.549,0,223.938,0,5.998,1766,1141,2.210,1.530,0.780,1,0,1.000,0,0,11,32,0,15,0
19-01 11:54:53,21.749,4.000,73.495,0,0.250,1508484,1044804,173340,5203568,7112.540,1619.895,0,75.995,0,2.000,1792,1269,2.210,1.530,0.780,2,0,2.000,0,0,11,32,0,15,0
19-01 11:54:54,22.001,3.750,73.252,0,0,1475488,1077864,173340,5203504,9177.252,1620.044,0,24.001,0,1.000,1817,1235,2.210,1.530,0.780,2,0,2.000,0,0,11,32,0,15,0
19-01 11:54:55,22.247,3.250,73.490,0,0,1522368,1030984,173340,5203504,7763.917,1619.774,0,107.985,0,3.000,1722,1113,2.210,1.530,0.780,2,0,2.000,0,0,11,32,0,15,0
19-01 11:54:56,22.501,3.750,74.004,0,0,1480056,1073220,173340,5203580,5632.295,1620.085,0,0,0,0,1758,1285,2.110,1.520,0.790,2,0,1.000,0,0,11,32,0,11,0
19-01 11:54:57,22.003,4.001,72.761,0,0.250,1461336,1091936,173344,5203580,11907.781,1620.242,0,2060.308,0,22.003,2045,1609,2.110,1.520,0.790,1,0,1.000,0,0,11,32,0,11,0
19-01 11:54:58,22.502,3.250,73.507,0,0.250,1449216,1104032,173348,5203600,10098.955,1458.138,0,652.062,0,63.006,1931,1256,2.110,1.520,0.790,2,0,3.000,0,0,11,32,0,11,0
19-01 11:54:59,22.743,3.749,73.728,0,0,1481516,1071752,173348,5203580,11546.579,1619.520,0,19.994,0,1.000,1840,1341,2.110,1.520,0.790,1,0,0,0,0,11,32,0,11,0
19-01 11:55:00,22.052,3.759,73.673,0,0,1482444,1070816,173348,5203588,9429.095,1623.805,0,0,0,0,1855,1278,2.110,1.520,0.790,2,0,1.002,0,0,11,32,0,9,0
19-01 11:55:01,19.008,8.253,71.779,0,0.250,1457460,1095764,173348,5203624,10924.425,1620.656,0,116.047,0,6.002,2980,2029,2.030,1.510,0.790,2,0,124.050,0,0,11,32,0,9,0
19-01 11:55:02,12.473,16.464,69.599,0,0,1482512,1070664,173348,5203652,9727.960,1616.504,0,343.258,0,44.903,4970,3688,2.030,1.510,0.790,1,0,340.264,0,0,11,32,0,9,0
19-01 11:55:03,22.734,2.748,73.948,0,0,1521156,1031824,173348,5203848,8936.750,1618.868,0,167.883,0,26.981,1680,1054,2.030,1.510,0.790,1,0,0,0,0,11,32,0,9,0
19-01 11:55:04,22.068,3.762,73.726,0,0,1546076,1006808,173348,5203908,7308.431,1667.117,0,4.012,0,1.003,1875,1297,2.030,1.510,0.790,2,0,11.034,0,0,11,32,0,8,0
19-01 11:55:05,20.254,12.002,67.012,0,0.250,1464488,1088372,173352,5203928,8618.544,1620.290,40.007,0,2.000,0,3300,2608,2.030,1.510,0.790,3,0,255.046,0,0,11,32,0,8,0
19-01 11:55:06,10.498,26.995,61.739,0.250,0,1459908,1092736,173360,5204076,8372.508,1457.740,0,411.927,0,11.998,7685,7440,2.100,1.540,0.800,1,0,920.836,0,0,11,32,0,8,0
19-01 11:55:07,8.239,22.971,67.663,0.250,0.250,1440108,1112468,173364,5204136,9148.273,1617.926,0,431.447,0,12.983,6550,5203,2.100,1.540,0.800,1,0,503.355,0,0,11,32,0,8,0
19-01 11:55:08,8.254,22.762,68.037,0,0,1431648,1120876,173368,5204176,6895.751,1620.882,0,1780.969,0,39.021,6682,5415,2.100,1.540,0.800,1,0,593.323,0,0,11,32,0,6,0
19-01 11:55:09,8.258,22.271,68.064,0,0,1428348,1124152,173368,5204200,9714.147,1663.566,0,1409.327,0,39.037,6416,4940,2.100,1.540,0.800,1,0,528.498,0,0,11,32,0,6,0
19-01 11:55:10,8.737,20.470,69.648,0,0,1409672,1142800,173368,5204228,9811.684,1617.640,0,603.120,0,8.987,5870,4314,2.100,1.540,0.800,2,0,415.394,0,0,11,32,0,6,0
19-01 11:55:11,8.260,20.774,69.581,0,0.501,1398884,1153552,173368,5204264,9612.183,1621.887,0,400.466,0,46.054,6066,4493,2.020,1.530,0.800,2,0,444.517,0,0,11,32,0,6,0
19-01 11:55:12,9.002,21.756,68.518,0,0,1389400,1162984,173368,5204300,8076.140,1620.429,0,252.067,0,13.003,6424,5031,2.020,1.530,0.800,1,0,530.140,0,0,11,32,0,4,0
19-01 11:55:13,10.493,21.736,66.457,0,0,1362212,1190120,173376,5204348,11216.752,1618.954,0,315.796,0,13.991,6600,5655,2.020,1.530,0.800,1,0,613.603,0,0,11,32,0,4,0
19-01 11:55:14,37.518,28.263,33.516,0.250,0,1445840,1106412,173412,5204392,9748.648,1458.695,0,1496.714,0,141.067,7439,6826,2.020,1.530,0.800,3,0,761.363,0,0,11,32,0,10,0
19-01 11:55:15,64.753,9.750,24.001,1.750,0,1644524,904812,173552,5206912,9397.481,1620.083,0,4736.242,0,334.017,5653,4534,2.020,1.530,0.800,2,2,18.001,0,0,11,34,0,10,0
19-01 11:55:16,42.865,11.215,29.657,13.956,0,1649296,887760,174664,5217068,8860.172,1614.928,370.835,67667.468,2.991,4679.303,22575,35360,2.090,1.550,0.810,2,2,154.515,0,0,11,36,0,11,0
19-01 11:55:17,37.778,10.508,30.022,19.014,0.250,1703628,822040,175232,5227484,10814.998,1621.199,0,99729.752,0,6686.945,29273,45039,2.090,1.550,0.810,5,2,96.071,0,0,11,36,0,12,0
19-01 11:55:18,37.579,11.775,29.562,17.787,0.251,1717352,799604,175512,5235552,7215.155,1623.410,0,70616.330,0,5346.230,25056,37859,2.090,1.550,0.810,2,1,112.236,0,0,11,36,0,12,0
19-01 11:55:19,46.267,15.506,24.509,12.755,0.250,1651948,858400,176088,5241352,5304.936,1620.591,0,42607.550,0,3151.150,18299,25941,2.090,1.550,0.810,3,0,212.077,0,0,11,34,0,12,0
19-01 11:55:20,44.745,19.498,24.247,9.499,0.250,1646296,858008,176536,5246660,10162.819,1619.812,627.927,47522.479,7.999,3415.603,22763,35423,2.090,1.550,0.810,4,1,224.974,0,0,11,35,0,14,0
19-01 11:55:21,36.000,16.000,32.000,14.250,0,1664360,834552,176772,5251644,8299.909,1619.982,1527.983,51452.434,30.000,3646.960,18621,30677,2.170,1.580,0.820,3,0,216.998,0,0,11,34,0,14,0
19-01 11:55:22,33.470,7.493,41.713,13.738,0,1678448,816424,176972,5255388,5916.682,1618.545,0,53523.891,0,4026.381,20373,32978,2.170,1.580,0.820,2,1,50.954,0,0,11,35,0,14,0
19-01 11:55:23,29.962,9.738,42.946,15.231,0.250,1574908,919968,177184,5255128,11066.088,1456.169,0,41475.859,0,3501.598,20030,31890,2.170,1.580,0.820,4,0,100.873,0,0,11,34,0,14,0
19-01 11:55:24,36.576,7.516,40.835,14.280,0,1613644,879476,177428,5256632,9342.488,1623.386,0,41787.166,0,3575.458,18589,27235,2.170,1.580,0.820,2,0,31.065,0,0,11,34,0,14,0
19-01 11:55:25,34.494,6.999,41.242,14.997,0,1520268,972236,177592,5257056,11470.876,1619.700,0,48646.992,0,4138.234,23158,35987,2.170,1.580,0.820,3,0,42.992,0,0,11,34,0,13,0
19-01 11:55:26,38.964,12.239,34.219,12.239,0.250,1569772,920768,177668,5258912,5620.838,1618.514,0,45274.422,0,3621.674,19899,36640,2.310,1.620,0.840,8,0,82.924,0,0,11,36,0,14,0
19-01 11:55:27,38.297,7.259,40.300,13.266,0,1580904,907676,177744,5260740,5153.338,1716.111,0,35691.899,0,3157.884,19940,30891,2.310,1.620,0.840,2,0,42.052,0,0,11,37,0,17,0
19-01 11:55:28,29.750,10.500,38.750,17.750,0.250,1562672,923436,177836,5263052,10488.036,1620.006,0,52832.183,0,4043.014,22008,32199,2.310,1.620,0.840,2,1,91.000,0,0,11,36,0,17,0
19-01 11:55:29,33.245,7.499,42.244,15.748,0,1592948,890140,177984,5265832,9138.660,1619.762,0,36862.594,0,3291.517,19894,29196,2.310,1.620,0.840,2,1,50.993,0,0,11,37,0,16,0
19-01 11:55:30,29.741,9.747,42.487,14.996,0,1568412,911908,178084,5268416,5044.492,1619.516,0,40539.882,0,3346.999,16027,27954,2.310,1.620,0.840,1,2,105.968,0,0,11,36,0,17,0
19-01 11:55:31,32.980,8.745,39.976,15.491,0,1564716,913220,178136,5270672,9024.617,1619.034,0,51709.157,0,3983.624,18161,31620,2.450,1.660,0.860,6,1,125.925,0,0,11,36,0,18,0
19-01 11:55:32,34.260,9.003,41.762,14.504,0,1621640,855208,178148,5271688,7460.168,1458.424,0,39647.524,0,3268.950,18682,27112,2.450,1.660,0.860,2,0,27.008,0,0,11,36,0,18,0
19-01 11:55:33,31.464,8.490,41.452,15.482,0,1624952,856720,178168,5266828,11367.848,1618.128,0,35630.777,0,3373.097,21215,31643,2.450,1.660,0.860,2,2,54.936,0,0,11,36,0,18,0
19-01 11:55:34,38.216,6.994,44.211,9.991,0.250,1618692,862408,178228,5267332,7969.933,1618.565,0,27004.056,0,2116.124,13798,18226,2.450,1.660,0.860,2,0,27.975,0,0,11,34,0,19,0
19-01 11:55:35,21.805,15.289,59.151,1.754,0.251,1481428,999568,178232,5267432,7495.070,1624.132,0,12002.539,0,760.936,8030,8989,2.450,1.660,0.860,1,0,362.923,0,0,11,32,0,20,0
19-01 11:55:36,16.956,24.187,56.602,0.748,0.249,1471648,1009028,178244,5267740,12157.204,1615.774,0,2114.470,0,128.663,7187,6068,2.330,1.650,0.860,3,0,635.338,0,0,11,36,0,24,0
19-01 11:55:37,65.815,9.259,24.274,0.500,0,1628756,851040,178268,5268592,7653.512,1621.592,0,1221.199,0,80.079,4194,2352,2.330,1.650,0.860,3,0,13.013,0,0,11,32,0,26,0
19-01 11:55:38,67.625,8.983,22.708,0.499,0.250,1802140,674108,178328,5271764,9659.098,1617.003,0,4791.120,0,153.715,4300,1947,2.330,1.650,0.860,3,0,5.989,0,0,11,32,0,26,0
19-01 11:55:39,41.642,8.780,36.625,12.041,0,1827684,638228,178472,5281368,5702.456,1625.546,0,51058.205,0,3367.490,17548,25818,2.330,1.650,0.860,1,4,129.442,0,0,11,38,0,26,0
19-01 11:55:40,21.246,6.749,46.741,22.496,0,1822452,633904,178568,5290468,9053.217,1457.713,0,79508.339,0,5679.881,27492,42595,2.330,1.650,0.860,8,0,194.962,0,0,11,38,0,26,0
19-01 11:55:41,19.994,6.998,48.986,20.744,0,1818648,629660,178608,5298212,9042.458,1619.545,0,81928.966,0,5982.318,27357,42060,2.310,1.650,0.870,1,1,149.958,0,0,11,38,0,26,0
19-01 11:55:42,31.007,8.002,39.259,19.254,0,1741464,700736,178692,5304060,5104.122,1620.356,0,69799.340,0,4977.094,23966,37633,2.310,1.650,0.870,3,1,210.046,0,0,11,36,0,26,0
19-01 11:55:43,38.425,8.483,30.441,19.462,0.250,1786584,646256,178788,5312968,5185.872,1616.842,0,75867.826,0,5233.778,23979,38656,2.310,1.650,0.870,2,0,132.741,0,0,11,36,0,26,0
19-01 11:55:44,41.601,7.518,34.333,15.788,0,1808640,615036,178816,5321756,9476.947,1623.932,0,59299.582,0,4054.818,18080,30145,2.310,1.650,0.870,4,0,12.029,0,0,11,38,0,26,0
19-01 11:55:45,25.488,8.996,42.980,20.241,0.250,1732736,683048,178848,5329312,7124.750,1619.261,0,74809.870,0,5103.672,23513,36200,2.310,1.650,0.870,1,1,104.952,0,0,11,36,0,26,0
19-01 11:55:46,19.510,6.754,51.027,20.511,0,1725296,686140,178884,5333496,9258.945,1620.866,0,80851.183,0,6088.252,28013,42287,2.360,1.680,0.880,2,1,90.048,0,0,11,36,0,26,0
19-01 11:55:47,27.724,11.989,55.698,3.497,0.250,1432920,978092,178884,5333892,9688.984,1618.494,0,17463.749,0,1201.882,8891,10652,2.360,1.680,0.880,1,0,233.782,0,0,11,32,0,26,0
19-01 11:55:48,21.207,4.740,73.600,0.249,0,1495780,915224,178884,5333900,8564.505,1616.698,0,674.622,0,35.927,2222,1707,2.360,1.680,0.880,1,0,27.943,0,0,11,32,0,26,0
19-01 11:55:49,23.010,3.752,72.532,0.250,0,1526580,884424,178884,5333900,6637.909,1458.639,0,5282.315,0,86.038,2138,1497,2.360,1.680,0.880,1,0,2.001,0,0,11,36,0,26,0
19-01 11:55:50,21.546,4.510,71.401,1.503,0,1485856,925140,178884,5333908,4779.095,1623.429,0,5547.718,0,325.688,3474,3162,2.360,1.680,0.880,1,0,27.057,0,0,11,32,0,26,0
19-01 11:55:51,22.447,3.991,73.326,0,0,1546280,864716,178884,5333908,10499.154,1616.175,0,103.754,0,9.976,1872,1306,2.250,1.660,0.880,2,0,0.998,0,0,11,32,0,26,0
19-01 11:55:52,22.055,4.010,72.933,0.251,0,1513212,897768,178892,5333916,6561.449,1624.071,0,120.302,0,16.040,2403,1955,2.250,1.660,0.880,2,0,39.098,0,0,11,32,0,26,0
19-01 11:55:53,13.987,38.466,46.958,0,0,1482356,928560,178892,5333980,4958.556,1618.550,0,687.384,0,49.955,8647,8261,2.250,1.660,0.880,2,0,1246.883,0,0,11,32,0,26,0
19-01 11:55:54,8.250,21.999,68.497,0,0.500,1458652,952196,178892,5334048,9524.524,1619.919,0,423.979,0,17.999,6280,4819,2.250,1.660,0.880,2,0,499.975,0,0,11,32,0,26,0
19-01 11:55:55,8.509,20.771,70.072,0.250,0,1450068,960736,178892,5334084,6996.162,1621.660,0,176.180,0,13.013,5836,4366,2.250,1.660,0.880,1,0,381.390,0,0,11,32,0,26,0
19-01 11:55:56,14.962,17.455,65.832,0,0,1440320,970304,178892,5334600,11188.415,1615.872,0,1268.758,0,182.534,7240,7513,2.150,1.650,0.880,1,0,392.996,0,0,11,32,0,26,0
19-01 11:55:57,34.245,13.748,51.993,0,0,1472184,938304,178900,5334856,7019.023,1457.797,0,43.994,0,2.000,5448,5592,2.150,1.650,0.880,2,0,194.973,0,0,11,33,0,26,0
19-01 11:55:58,42.000,8.250,49.000,0,0,1590020,820368,178900,5334956,6344.029,1620.007,0,4.000,0,1.000,2695,1497,2.150,1.650,0.880,2,0,0,0,0,11,33,0,26,0
19-01 11:55:59,45.598,5.512,48.103,0,0.251,1636648,773020,178948,5335612,9899.286,1623.491,0,934.008,0,92.198,3879,3025,2.150,1.650,0.880,3,0,19.041,0,0,11,49,0,26,0
19-01 11:56:00,33.453,11.484,53.924,0,0.250,1660552,745304,178980,5338984,10392.356,1617.720,0,1350.098,0,95.865,6413,9648,2.150,1.650,0.880,1,0,171.758,0,0,11,48,0,27,0
19-01 11:56:01,17.462,16.464,65.108,0.249,0,1663980,741800,178980,5339088,7280.136,1616.478,0,159.652,0,9.978,6556,7758,1.980,1.630,0.870,1,0,294.359,0,0,11,48,0,27,0
19-01 11:56:02,2.503,2.503,94.098,0,0,1664460,741320,178980,5339004,9072.442,1621.688,0,88.092,0,10.010,1499,1833,1.980,1.630,0.870,0,0,28.029,0,0,11,48,0,27,0
19-01 11:56:03,0.500,0.750,97.751,0,0.250,1664460,741320,178980,5339004,6999.062,1620.014,0,312.003,0,23.000,780,1061,1.980,1.630,0.870,0,0,3.000,0,0,11,48,0,27,0
19-01 11:56:04,1.000,0.750,97.984,0,0,1664472,741320,178980,5339004,11449.145,1619.738,0,7.999,0,2.000,808,960,1.980,1.630,0.870,0,0,3.999,0,0,11,48,0,27,0
19-01 11:56:05,0.750,0.250,98.237,0,0,1664472,741320,178980,5339004,10590.618,1457.810,0,0,0,0,708,950,1.980,1.630,0.870,0,0,1.000,0,0,11,48,0,27,0
19-01 11:56:06,9.506,9.506,79.797,0,0,1648816,756968,178980,5339440,7191.252,1620.958,0,0,0,0,4137,4900,1.980,1.630,0.880,1,0,171.101,0,0,11,48,0,27,0
19-01 11:56:07,14.538,14.788,69.431,0,0.251,1621832,783888,178980,5339044,9708.272,1624.228,0,4.010,0,1.003,5096,6043,1.980,1.630,0.880,1,0,279.728,0,0,11,48,0,27,0
19-01 11:56:08,15.247,20.496,63.738,0,0,1642820,762864,178980,5339528,7806.512,1857.646,0,0,0,0,6057,6084,1.980,1.630,0.880,1,0,356.932,0,0,12,48,0,27,0
19-01 11:56:09,16.190,14.447,67.251,0.249,0.249,1641020,764660,178980,5339096,10632.657,1614.028,0,3064.660,0,55.794,6245,7315,1.980,1.630,0.880,0,0,257.049,0,0,12,64,0,27,0
19-01 11:56:10,5.757,8.760,85.098,0,0,1634648,771004,178980,5339468,9458.904,1663.918,0,4.005,0,1.001,3435,3431,1.980,1.630,0.880,3,0,150.173,0,0,14,64,0,27,0
19-01 11:56:11,16.045,14.541,67.690,0,0,1640944,764688,178980,5339140,9397.398,1624.564,0,32.090,0,7.020,5260,6534,1.900,1.620,0.880,2,0,209.589,0,0,14,66,0,27,0
19-01 11:56:12,8.999,20.498,69.744,0.250,0.250,1635196,770248,178980,5339316,7409.406,1619.870,0,195.984,0,14.999,6031,4779,1.900,1.620,0.880,1,0,406.967,0,0,14,66,0,27,0
19-01 11:56:13,14.501,19.252,64.506,0,0.500,1637184,768236,178980,5339692,7517.744,1584.157,0,880.087,0,41.004,7671,9603,1.900,1.620,0.880,1,0,366.036,0,0,14,66,0,27,0
19-01 11:56:14,28.003,19.752,50.506,0.750,0,1705064,700276,178988,5339396,9385.136,1662.201,0,5588.676,0,245.030,6786,6130,1.900,1.620,0.880,2,0,439.053,0,0,14,66,0,25,0
19-01 11:56:15,29.726,24.481,44.715,0.250,0,1781208,622704,179052,5340676,10325.823,1618.718,0,4412.506,0,195.845,7514,8108,1.900,1.620,0.880,2,0,549.565,0,0,14,66,0,25,0
19-01 11:56:16,32.173,25.190,42.149,0,0.249,1934800,468852,179072,5341236,12946.944,1616.123,0,43.895,0,10.974,6843,6752,1.910,1.630,0.890,4,0,471.868,0,0,14,70,0,27,0
19-01 11:56:17,54.019,20.007,25.509,0,0,2001908,401544,179084,5341520,12426.450,1620.580,0,5565.993,0,397.142,6270,5482,1.910,1.630,0.890,5,0,367.131,0,0,14,70,0,27,0
19-01 11:56:18,57.498,25.249,16.499,0,0,2139656,263212,179096,5342376,8517.677,1709.935,0,71.997,0,12.000,6693,7544,1.910,1.630,0.890,3,0,515.980,0,0,14,70,0,20,0
19-01 11:56:19,66.197,22.232,10.492,0,0,2209684,191976,179168,5343032,10439.719,1618.716,0,1946.456,0,94.925,5325,6428,1.910,1.630,0.890,5,0,389.691,0,0,14,70,0,20,0
19-01 11:56:20,73.059,24.019,2.002,0.751,0.500,2352916,180840,171408,5220984,10666.603,1621.308,332.268,7349.928,51.041,221.178,6254,7291,1.910,1.630,0.890,6,0,355.287,0,0,14,74,0,20,0
19-01 11:56:21,63.264,27.006,5.501,4.251,0.250,2479368,202208,170276,5078220,6882.492,1458.316,2764.599,25321.489,211.046,1789.388,15286,22292,2.400,1.730,0.930,5,1,331.072,0,0,14,76,0,20,0
19-01 11:56:22,69.664,25.968,2.747,0.999,0.250,2586840,164740,170036,5010804,7206.155,1618.014,95.882,19044.624,9.988,1458.210,14555,25696,2.400,1.730,0.930,5,0,389.522,0,0,14,80,0,22,0
19-01 11:56:23,64.493,21.832,12.045,0.502,0,2693044,183648,169380,4888560,9816.982,1626.126,1188.477,1160.371,72.272,72.272,8964,12082,2.400,1.730,0.930,3,0,390.471,0,0,14,93,0,27,0
19-01 11:56:24,51.258,26.504,22.504,0.250,0,2819524,128252,169344,4819440,8669.433,1620.268,264.044,556.092,16.003,33.005,8213,13369,2.400,1.730,0.930,3,0,580.096,0,0,14,93,0,27,0
19-01 11:56:25,43.433,17.275,37.757,0.494,0,2895704,191352,169228,4683336,8050.953,1599.135,2207.201,1046.347,26.652,114.506,6135,7874,2.400,1.730,0.930,6,0,254.677,0,0,14,95,0,27,0
19-01 11:56:26,60.995,13.667,24.297,0.759,0,3047312,170504,169248,4555256,6915.450,1640.028,1109.550,708.654,58.717,30.371,6477,20705,2.450,1.750,0.940,2,0,118.446,0,0,14,98,0,30,0
19-01 11:56:27,18.235,16.737,63.449,0.500,0.500,3078328,138372,169264,4556312,9103.732,1618.708,7.994,2949.645,1.998,168.865,5799,5384,2.450,1.750,0.940,1,0,255.796,0,0,14,101,0,30,0
19-01 11:56:28,8.006,19.764,70.801,0.250,0.250,3083668,132996,169264,4556348,7067.109,1805.305,4.003,1100.796,1.001,72.052,5899,4492,2.450,1.750,0.940,1,0,348.252,0,0,14,101,0,30,0
19-01 11:56:29,8.502,19.505,70.767,0.250,0,3083924,132712,169264,4556376,4826.187,1620.399,0,120.030,0,10.002,5685,4104,2.450,1.750,0.940,1,0,356.088,0,0,14,101,0,30,0
19-01 11:56:30,19.703,6.235,72.575,0,0,3137924,145948,169264,4490588,8422.722,1454.498,7.981,0,0.998,0,2099,1496,2.450,1.750,0.940,1,0,30.926,0,0,14,101,0,25,0
19-01 11:56:31,21.820,5.518,72.232,0.251,0,3131272,152552,169268,4490632,8076.908,1625.213,12.039,557.789,3.010,14.045,3537,3347,2.330,1.740,0.940,2,0,63.203,0,0,14,103,0,25,0
19-01 11:56:32,22.414,3.736,72.720,0.498,0.249,3149344,134476,169268,4490636,4665.056,1613.792,3.985,346.667,0.996,31.877,2298,2065,2.330,1.740,0.940,3,0,0.996,0,0,14,105,0,25,0
19-01 11:56:33,23.525,3.504,71.326,0.501,0,3143532,139824,169280,4491060,11972.746,1621.726,0,1029.096,0,131.140,3628,4089,2.330,1.740,0.940,1,0,0,0,0,14,108,0,25,0
19-01 11:56:34,27.988,3.998,65.722,1.249,0,3159404,123708,169288,4491296,7648.771,1619.316,143.939,1399.409,5.997,167.929,6172,8599,2.330,1.740,0.940,1,0,4.998,0,0,14,112,0,24,0
19-01 11:56:35,18.005,9.002,71.770,0.250,0.250,3145376,137704,169288,4491328,11587.174,1620.444,0,3661.003,0,53.015,3219,2445,2.330,1.740,0.940,1,0,111.030,0,0,14,112,0,24,0
19-01 11:56:36,31.232,6.496,60.714,0,0,3243196,171576,169288,4362716,9882.177,1619.046,31.981,487.713,1.999,30.982,3364,2791,2.220,1.730,0.940,2,0,3.998,0,0,14,117,0,24,0
19-01 11:56:37,30.351,8.528,59.448,1.505,0.502,3230880,183812,169304,4362840,6469.523,1625.408,16.053,3226.735,4.013,265.885,5935,7531,2.220,1.730,0.940,2,0,54.180,0,0,14,120,0,24,0
19-01 11:56:38,41.855,10.713,46.091,0,0,3329020,152964,169184,4296996,11174.364,1452.976,7.972,526.181,1.993,40.859,3625,2451,2.220,1.730,0.940,4,0,54.810,0,0,14,120,0,17,0
19-01 11:56:39,28.798,8.765,61.603,0,0,3305988,235280,169184,4239552,11156.708,1712.872,180.302,380.638,1.002,23.039,3180,2223,2.220,1.730,0.940,1,0,55.092,0,0,14,120,0,19,0
19-01 11:56:40,23.217,2.496,73.146,0.250,0.250,3353376,187884,169184,4239560,11417.803,1617.705,0,4693.342,0,140.800,2148,1432,2.220,1.730,0.940,1,0,0,0,0,14,120,0,19,0
19-01 11:56:41,19.747,6.999,72.239,0.250,0,3348072,193176,169184,4239572,39140.251,1619.762,0,263.961,0,11.998,2750,1811,2.210,1.730,0.950,1,0,50.993,0,0,14,120,0,19,0
19-01 11:56:42,22.257,4.501,71.272,0.750,0,3343340,197844,169188,4239632,10373.131,1620.489,12.004,796.240,3.001,99.030,3514,3700,2.210,1.730,0.950,1,0,18.005,0,0,14,122,0,19,0
19-01 11:56:43,20.004,7.251,72.514,0.250,0.250,3350556,190616,169188,4239644,10042.913,1620.309,4.001,1520.290,1.000,93.018,2856,2322,2.210,1.730,0.950,1,0,65.012,0,0,14,122,0,19,0
19-01 11:56:44,19.743,6.748,71.975,0,0,3360520,180660,169188,4239668,7475.382,1619.433,0,87.969,0,9.996,2821,2194,2.210,1.730,0.950,1,0,56.980,0,0,14,124,0,19,0
19-01 11:56:45,23.317,3.009,73.209,0.752,0.251,3406972,134208,169188,4239668,6509.581,1624.637,0,6077.347,0,439.254,2310,1475,2.210,1.730,0.950,1,0,0,0,0,14,126,0,19,0
19-01 11:56:46,31.214,5.993,58.182,1.998,0.250,3409004,131800,169188,4240012,11518.563,1456.301,0,2740.803,0,370.568,12366,21574,2.110,1.720,0.950,3,0,31.963,0,0,14,135,0,22,0
19-01 11:56:47,20.722,5.742,71.154,1.498,0,3369900,170892,169196,4240016,10919.262,1617.816,0,6527.190,0,369.501,3320,3558,2.110,1.720,0.950,1,0,52.929,0,0,14,135,0,22,0
19-01 11:56:48,24.253,4.251,69.760,0.500,0.250,3383428,157296,169200,4240080,9174.307,1620.231,4.001,1096.156,1.000,101.014,4319,5198,2.110,1.720,0.950,1,0,0,0,0,14,136,0,22,0
19-01 11:56:49,32.570,6.263,59.377,1.253,0,3359508,181000,169204,4240276,7473.991,1623.474,0,4225.040,0,287.615,6498,8869,2.110,1.720,0.950,1,0,30.064,0,0,14,135,0,22,0
19-01 11:56:50,20.761,6.003,72.538,0,0,3436428,167268,169204,4178596,9342.935,1620.856,0,308.163,0,21.011,2305,1842,2.110,1.720,0.950,2,0,39.021,0,0,14,136,0,22,0
19-01 11:56:51,18.428,9.214,68.731,1.743,0,3403752,199896,169208,4178652,7117.114,1613.677,11.953,3191.495,2.988,358.595,5139,5137,2.020,1.710,0.950,1,0,146.426,0,0,14,135,0,23,0
19-01 11:56:52,22.513,4.252,71.790,0.250,0,3431648,171992,169208,4178660,5066.843,1620.910,0,528.296,0,40.022,2104,1905,2.020,1.710,0.950,1,0,1.001,0,0,14,135,0,23,0
19-01 11:56:53,23.498,4.999,68.993,1.000,0.500,3429900,173688,169216,4178704,5943.381,1619.831,0,1219.873,0,140.985,5768,7652,2.020,1.710,0.950,3,0,1.000,0,0,14,136,0,23,0
19-01 11:56:54,31.098,9.530,57.431,0.251,0.251,3405264,198188,169224,4178832,9054.570,1462.615,32.101,1163.672,2.006,96.304,7910,11787,2.020,1.710,0.950,2,0,61.193,0,0,14,135,0,23,0
19-01 11:56:55,33.184,12.725,51.896,0.749,0,3424736,178280,169224,4179204,7051.919,2119.767,15.968,1884.238,0.998,161.677,9848,14791,2.020,1.710,0.950,1,0,228.544,0,0,14,135,0,23,0
19-01 11:56:56,20.291,7.265,70.140,1.253,0,3420788,182216,169224,4179216,12202.426,1783.570,0,6052.115,0,306.614,3753,3685,1.940,1.700,0.950,1,0,77.154,0,0,14,135,0,23,0
19-01 11:56:57,9.725,19.699,70.069,0,0,3403124,199844,169224,4179252,9740.814,1705.590,0,426.896,0,17.954,5789,4290,1.940,1.700,0.950,1,0,347.103,0,0,14,135,0,23,0
19-01 11:56:58,16.751,18.251,63.253,0.250,0.250,3376252,226680,169224,4179624,12800.689,1620.087,0,344.019,0,21.001,7452,8356,1.940,1.700,0.950,1,0,345.019,0,0,14,135,0,23,0
19-01 11:56:59,27.280,20.773,51.307,0,0,3423384,179496,169232,4179320,10952.164,1621.801,4.004,1381.534,1.001,67.074,6251,5310,1.940,1.700,0.950,2,0,391.435,0,0,14,135,0,23,0
19-01 11:57:00,31.035,20.607,45.932,0.248,0.248,3461544,140860,169244,4179788,6536.676,1803.495,27.807,456.832,2.979,30.787,7042,7915,1.940,1.700,0.950,1,0,425.053,0,0,14,141,0,23,0
19-01 11:57:01,39.014,20.892,39.518,0.503,1.510,3530980,132836,169248,4120364,6291.630,1631.051,96.655,704.775,6.041,14.096,6090,7797,1.860,1.690,0.950,4,0,408.770,0,0,16,141,0,23,0
19-01 11:57:02,53.094,30.304,16.279,0.250,0.250,3690436,147908,168920,3950120,11473.381,1460.595,32.057,308.548,4.007,28.050,6925,8341,1.860,1.690,0.950,5,0,456.811,0,0,16,147,0,23,0
19-01 11:57:03,45.862,18.943,33.649,0,0,3761268,156540,168892,3871168,9766.690,1615.153,7.976,841.475,1.994,49.850,8130,14258,1.860,1.690,0.950,2,0,259.222,0,0,16,163,0,22,0
19-01 11:57:04,35.851,23.316,40.364,0,0,3835000,137456,168892,3817100,10745.407,1624.597,12.034,874.475,3.009,40.114,7879,6413,1.860,1.690,0.950,3,0,618.751,0,0,16,167,0,22,0
19-01 11:57:05,20.257,22.507,56.019,0.500,0,3863504,153488,168896,3773748,10081.340,1710.567,4.001,300.099,1.000,22.007,7302,7376,1.860,1.690,0.950,1,0,460.152,0,0,17,167,0,22,0
19-01 11:57:06,24.474,14.984,58.187,0.250,0.250,3886444,130524,168896,3773324,10233.999,1618.260,3.996,5122.494,0.999,503.459,6281,5823,1.710,1.660,0.940,2,0,256.724,0,0,17,169,0,22,0
19-01 11:57:07,32.229,24.984,41.973,0.500,0,3949512,174632,168784,3668928,7069.489,1618.967,19.987,343.781,4.997,33.978,7404,7650,1.710,1.660,0.940,2,0,532.660,0,0,17,169,0,22,0
19-01 11:57:08,41.791,21.271,36.535,0,0.250,4047964,153924,168796,3592668,5222.061,1621.572,192.186,724.702,10.010,55.053,7743,11277,1.710,1.660,0.940,2,0,292.283,0,0,17,181,0,22,0
19-01 11:57:09,28.395,26.652,43.589,0,0,4112200,162624,168796,3521360,9811.821,1683.791,15.941,310.854,0.996,15.941,6581,5437,1.710,1.660,0.940,2,0,501.152,0,0,17,181,0,22,0
19-01 11:57:10,20.748,23.997,53.244,0,0,4169880,153580,168796,3473924,7436.200,1661.821,11.999,719.923,3.000,46.995,7812,9516,1.710,1.660,0.940,2,0,426.954,0,0,17,193,0,22,0
19-01 11:57:11,9.261,20.525,67.333,1.252,0.250,4158984,164284,168796,3474100,4914.076,1459.805,4.005,10068.448,1.001,620.767,6761,5059,1.660,1.650,0.940,1,0,368.456,0,0,17,193,0,22,0
19-01 11:57:12,22.318,15.798,61.689,0,0,4185016,138132,168796,3474224,8696.623,1624.975,96.295,457.400,5.015,19.058,7086,8562,1.660,1.650,0.940,2,0,291.894,0,0,17,193,0,22,0
19-01 11:57:13,46.003,9.501,43.252,0.750,0,4338168,146840,168796,3314792,7038.385,1662.091,156.009,644.035,8.000,63.003,4154,3200,1.660,1.650,0.940,4,0,20.001,0,0,17,209,0,22,0
19-01 11:57:14,44.411,8.483,45.908,0.249,0.249,4447488,130368,168796,3224348,11780.359,1616.755,123.752,183.631,8.982,12.974,3555,2158,1.660,1.650,0.940,2,0,7.984,0,0,17,211,0,22,2
19-01 11:57:15,28.562,19.793,51.111,0.251,0.251,4389180,187516,168800,3225504,9846.304,1713.708,1018.203,404.876,13.028,22.048,6198,6093,1.660,1.650,0.940,2,0,458.993,0,0,17,213,0,22,2
19-01 11:57:16,38.473,23.983,35.725,0,0,4426108,148988,168808,3227440,5300.337,1618.881,231.840,387.732,5.996,24.983,8886,12091,2,1.720,0.970,2,0,551.619,0,0,17,217,0,23,2
19-01 11:57:17,55.307,23.667,20.179,0,0,4514732,132084,168820,3156488,10091.740,1614.360,1411.070,418.538,27.903,28.899,6409,6770,2,1.720,0.970,4,0,262.084,0,0,17,222,0,23,2
19-01 11:57:18,71.288,14.057,14.308,0.502,0,4549320,188252,168844,3068024,8432.069,1626.572,1550.264,1261.095,35.142,47.191,5382,5219,2,1.720,0.970,7,0,30.122,0,0,17,234,0,23,2
19-01 11:57:19,68.154,15.229,9.986,5.243,0.250,4659088,181016,168924,2967940,11615.640,1617.722,6035.499,1433.980,455.359,129.817,6820,8198,2,1.720,0.970,7,0,30.956,0,0,17,234,0,26,2
19-01 11:57:20,34.357,26.639,37.096,0.249,0,4656752,181148,168924,2970116,7406.231,1451.968,127.470,1358.357,9.959,59.752,8299,9018,2,1.720,0.970,4,0,547.724,0,0,17,235,0,27,2
19-01 11:57:21,47.511,19.608,32.176,0.251,0,4688496,148064,168928,2971488,9765.561,1628.934,0,2666.626,0,205.125,7089,10315,2.240,1.770,0.990,6,0,278.528,0,0,17,235,0,28,2
19-01 11:57:22,56.249,28.750,14.250,0,0,4734816,135444,168932,2938656,11227.840,1619.977,16.000,9159.870,4.000,56.999,7354,8054,2.240,1.770,0.990,4,0,569.992,0,0,17,235,0,28,2
19-01 11:57:23,63.493,21.662,13.944,0.498,0.249,4736616,171720,169504,2901600,5623.268,1613.478,1665.268,1131.426,82.666,75.694,7598,10435,2.240,1.770,0.990,7,0,250.985,0,0,17,241,0,21,2
19-01 11:57:24,60.429,26.579,11.785,0,0.251,4841936,143060,169504,2826996,9015.670,1695.014,60.178,573.697,5.015,30.089,7587,10230,2.240,1.770,0.990,7,0,548.623,0,0,17,245,0,21,2
19-01 11:57:25,56.759,21.253,20.753,0.500,0,4865116,135972,169516,2811212,11155.829,1620.266,624.102,1200.197,38.006,81.013,9589,16298,2.240,1.770,0.990,6,0,274.045,0,0,17,255,0,23,0
19-01 11:57:26,64.368,20.379,14.912,0,0,4934872,180820,169524,2698736,7703.324,1699.921,170.986,4759.778,8.947,35.788,5746,4967,2.390,1.810,1.010,5,0,174.963,0,0,17,255,0,25,0
19-01 11:57:27,70.336,14.768,12.015,0.250,0.250,5063104,143808,169536,2609104,9214.275,1621.985,921.127,953.166,65.080,32.039,6046,12377,2.390,1.810,1.010,4,0,49.060,0,0,17,260,0,24,0
19-01 11:57:28,65.411,18.546,15.789,0.501,0.251,5022260,206424,169272,2587996,6903.019,1555.836,1916.726,854.106,48.119,76.188,9885,20047,2.390,1.810,1.010,3,0,103.255,0,0,17,265,0,29,0
19-01 11:57:29,49.835,26.796,21.537,0.501,0,5069008,155688,169536,2591572,10584.998,1622.759,4339.378,1741.962,69.118,84.143,8165,8871,2.390,1.810,1.010,3,0,536.913,0,0,17,265,0,30,0
19-01 11:57:30,55.357,23.938,18.452,0,0,5051916,172460,169536,2592272,7369.986,1615.831,1105.149,510.682,12.967,37.902,6550,8188,2.390,1.810,1.010,4,0,337.130,0,0,17,265,0,30,0
19-01 11:57:31,73.996,19.749,5.250,0.750,0.250,5105964,184388,169536,2527620,4992.698,1619.902,1347.919,1015.939,60.996,41.997,7518,8004,2.590,1.860,1.030,4,0,170.990,0,0,18,268,0,30,0
19-01 11:57:32,78.459,18.299,1.253,1.755,0,5244456,171036,169552,2405732,5401.369,1624.321,3176.450,5871.620,176.469,560.491,6361,3994,2.590,1.860,1.030,4,0,14.037,0,0,18,268,0,30,0
19-01 11:57:33,70.680,18.482,9.491,0.250,0.250,5284880,128684,169576,2407624,9410.706,1618.402,1218.796,1342.674,37.963,100.900,6945,7469,2.590,1.860,1.030,5,0,226.776,0,0,18,269,0,32,0
19-01 11:57:34,46.793,10.760,41.038,1.501,0.250,5275948,169300,169584,2376784,11585.636,2871.636,1201.103,3435.154,36.033,236.217,5938,6995,2.590,1.860,1.030,3,0,46.042,0,0,18,278,0,33,0
19-01 11:57:35,26.430,7.231,63.830,0.997,0,5292396,152308,169584,2377316,27381.273,5909.304,957.457,1292.567,29.921,168.552,4936,6934,2.590,1.860,1.030,2,0,10.971,0,0,18,287,0,33,1
19-01 11:57:36,26.206,7.487,64.142,0,0.250,5284056,144908,169584,2392992,16161823.264,106853.429,766.704,371.372,5.990,18.968,8173,3899,2.470,1.850,1.030,2,0,8.985,0,0,18,286,0,32,0
19-01 11:57:37,18.278,14.272,63.096,3.255,0.250,5306188,120096,169584,2395672,381962.442,4506.861,2551.885,22558.339,29.044,824.255,6423,5046,2.470,1.850,1.030,2,0,259.395,0,0,18,285,0,32,0
19-01 11:57:38,26.304,5.261,67.638,0.501,0,5314460,140824,169588,2367432,8693.799,1623.323,12.025,2412.940,3.006,162.332,3706,3858,2.470,1.850,1.030,3,0,10.021,0,0,18,297,0,35,0
19-01 11:57:39,25.701,3.992,68.120,0.749,0,5325184,129040,169596,2368484,6459.627,1616.903,654.746,642.769,37.927,70.864,6797,9595,2.470,1.850,1.030,1,0,1.996,0,0,18,301,0,36,0
19-01 11:57:40,16.771,14.518,66.584,0.751,0,5226232,243436,169596,2353916,11351.271,1622.039,96.121,616.775,7.009,52.065,6264,6388,2.470,1.850,1.030,3,0,264.332,0,0,18,297,0,36,0
19-01 11:57:41,17.469,10.731,70.128,0,0.250,5284124,185488,169596,2353940,11528.870,1617.176,0,16618.983,0,31.944,3866,3634,2.430,1.850,1.030,1,0,200.650,0,0,18,297,0,36,0
19-01 11:57:42,16.275,12.269,70.608,0.250,0,5289592,179992,169596,2353968,6929.555,1622.471,0,9133.913,0,188.287,4548,3426,2.430,1.850,1.030,2,0,190.290,0,0,18,297,0,36,0
19-01 11:57:43,9.520,19.542,69.399,0.251,0.251,5302276,167240,169596,2354036,10165.883,1623.495,16.035,1066.295,1.002,66.142,6634,5651,2.430,1.850,1.030,3,0,429.925,0,0,18,297,0,36,0
19-01 11:57:44,3.237,2.988,92.384,0.498,0,5298304,171204,169596,2354044,8979.464,1452.253,0,286.865,0,34.862,2010,2289,2.430,1.850,1.030,2,0,49.803,0,0,18,297,0,36,0
19-01 11:57:45,20.518,4.504,73.315,0.250,0.250,5293952,199732,169596,2330496,10138.935,1621.429,0,172.152,0,24.021,2673,2520,2.430,1.850,1.030,1,0,10.009,0,0,18,297,0,36,0
19-01 11:57:46,19.077,8.283,71.789,0,0,5217524,276048,169600,2330604,7322.493,1626.551,76.307,176.712,7.028,11.044,4132,3717,2.310,1.840,1.030,1,0,135.546,0,0,18,301,0,36,0
19-01 11:57:47,12.499,16.749,69.746,0.250,0,5220928,272300,169600,2330940,8297.484,1619.899,4.000,12103.247,1.000,56.996,5477,4394,2.310,1.840,1.030,1,0,214.987,0,0,18,305,0,36,0
19-01 11:57:48,12.251,16.502,69.758,0.250,0.250,5228168,264940,169600,2331028,11355.244,1620.177,0,88.010,0,7.001,5415,4127,2.310,1.840,1.030,1,0,192.021,0,0,18,305,0,33,0
19-01 11:57:49,21.902,5.973,70.934,0,0.249,5302648,190448,169600,2331040,8991.919,1612.811,19.911,151.325,1.991,17.920,3008,2697,2.310,1.840,1.030,2,0,61.725,0,0,18,305,0,33,0
19-01 11:57:50,23.328,3.512,71.488,0.502,0.251,5358916,133776,169600,2331444,6447.488,1625.417,389.297,485.618,12.040,41.137,2613,2418,2.310,1.840,1.030,2,0,6.020,0,0,18,313,0,33,0
19-01 11:57:51,24.168,2.741,71.258,0.249,0,5320400,172244,169600,2331492,8916.698,1614.513,35.878,358.781,4.983,34.881,2776,2763,2.210,1.820,1.030,1,0,4.983,0,0,18,309,0,33,0
19-01 11:57:52,23.252,4.500,71.256,0,0.250,5329160,163456,169600,2331520,8588.771,1458.131,0,268.024,0,22.002,2374,2076,2.210,1.820,1.030,1,0,2.000,0,0,18,309,0,32,0
19-01 11:57:53,25.010,4.252,69.777,0.250,0,5232156,260372,169600,2331608,9285.539,1620.618,0,572.218,0,23.009,3311,3164,2.210,1.820,1.030,1,0,19.007,0,0,18,309,0,32,0
19-01 11:57:54,23.236,3.498,71.956,0,0,5300512,192004,169600,2331620,7173.650,1619.018,0,171.896,0,9.994,2215,1824,2.210,1.820,1.030,1,0,0,0,0,18,309,0,32,0
19-01 11:57:55,18.782,9.767,69.869,0,0,5242276,250084,169608,2331768,5094.706,1692.893,396.678,408.698,6.010,22.038,4172,3690,2.210,1.820,1.030,1,0,148.253,0,0,18,309,0,32,0
19-01 11:57:56,10.512,18.772,69.330,0.250,0.250,5239300,252896,169608,2331936,9457.964,1621.880,56.065,388.450,5.006,28.032,5901,4943,2.030,1.790,1.030,2,0,371.431,0,0,18,309,0,32,0
19-01 11:57:57,20.689,6.481,71.540,0.249,0.249,5301584,190408,169752,2331996,11590.929,1615.252,155.543,191.437,6.979,9.971,2971,2476,2.030,1.790,1.030,1,0,81.760,0,0,18,309,0,32,0
19-01 11:57:58,19.006,2.751,77.024,0,0,5305236,180596,170380,2337416,12658.019,3966.259,124.039,884.281,5.002,13.004,2210,1865,2.030,1.790,1.030,1,0,17.005,0,0,18,309,0,32,0
19-01 11:57:59,18.989,3.748,76.207,0.250,0,5304700,179908,170460,2338528,16892.449,2890.366,15.991,391.778,0.999,12.993,2471,2365,2.030,1.790,1.030,1,0,17.990,0,0,18,310,0,32,0
19-01 11:58:00,22.099,3.767,73.076,0.251,0.251,5330048,147908,171032,2344464,10761.973,3305.736,0,1261.624,0,37.166,6174,10299,2.030,1.790,1.030,3,0,6.027,0,0,18,309,0,32,0
19-01 11:58:01,17.711,3.991,76.830,0,0.249,5336572,140828,171076,2344976,16441.608,4606.803,11.973,530.825,1.996,13.969,5571,8824,1.950,1.780,1.030,1,0,7.982,0,0,18,310,0,32,0
19-01 11:58:02,22.461,7.737,68.382,0.250,0,5295216,211976,171136,2316128,10501.919,1659.144,7.986,403.306,0.998,8.985,10964,19778,1.950,1.780,1.030,2,0,19.966,0,0,18,310,0,32,0
19-01 11:58:03,18.767,9.008,70.815,0.500,0,5226944,291900,171216,2304468,5660.159,1837.675,0,1261.150,0,40.036,3727,3205,1.950,1.780,1.030,1,0,125.114,0,0,18,309,0,32,0
19-01 11:58:04,19.308,9.027,71.465,0,0,5276704,242124,171216,2304484,9419.326,1695.097,0,8.024,0,1.003,3380,2898,1.950,1.780,1.030,1,0,144.434,0,0,18,309,0,32,0
19-01 11:58:05,24.206,3.494,70.373,0,0.250,5268284,250204,171216,2304824,8839.040,1617.080,19.964,203.632,1.996,21.960,3160,2886,1.950,1.780,1.030,1,0,28.948,0,0,18,311,0,34,0
19-01 11:58:06,20.201,7.482,71.076,0,0,5286836,231620,171216,2304856,10879.383,1616.046,15.961,207.492,0.998,10.973,3126,2686,1.870,1.770,1.030,1,0,87.785,0,0,18,311,0,34,0
19-01 11:58:07,21.261,7.754,69.284,1.000,0,5291264,227136,171216,2304912,7685.807,1620.803,0,3729.848,0,492.244,4433,3386,1.870,1.770,1.030,1,0,71.035,0,0,18,311,0,34,0
19-01 11:58:08,24.235,3.748,71.205,0,0.500,5344168,174232,171216,2304912,8690.468,1457.072,0,291.814,0,27.982,2765,2532,1.870,1.770,1.030,3,0,0.999,0,0,18,311,0,35,0
19-01 11:58:09,21.504,6.501,70.264,0.750,0.250,5322376,195836,171216,2305100,7725.539,1662.331,32.006,2392.476,1.000,149.030,3648,3577,1.870,1.770,1.030,1,0,56.011,0,0,18,311,0,35,0
19-01 11:58:10,24.255,4.001,71.263,0.250,0,5319864,198320,171216,2305128,6264.184,1620.306,12.002,268.051,1.000,15.003,3167,2663,1.870,1.770,1.030,1,0,32.006,0,0,18,311,0,37,0
19-01 11:58:11,22.570,4.765,71.723,0,0,5335460,182716,171216,2305136,5689.679,1625.049,0,224.698,0,9.028,2362,2094,1.800,1.750,1.030,1,0,0,0,0,18,311,0,37,0
19-01 11:58:12,20.936,5.483,71.780,0,0,5322408,195748,171216,2305156,10816.892,1615.057,0,390.804,0,33.896,3162,2946,1.800,1.750,1.030,1,0,46.857,0,0,18,311,0,37,0
19-01 11:58:13,23.499,3.500,71.998,0.250,0,5343372,174772,171216,2305168,7519.746,1661.944,0,723.976,0,13.000,2538,2178,1.800,1.750,1.030,1,0,0,0,0,18,311,0,39,0
19-01 11:58:14,21.747,5.999,71.239,0,0.250,5386744,131400,171216,2305168,13385.858,1619.741,0,191.969,0,11.998,2572,2134,1.800,1.750,1.030,1,0,31.995,0,0,18,311,0,39,0
19-01 11:58:15,18.794,9.522,69.915,0.501,0,5301024,217080,171216,2305208,8210.363,1623.830,0,521.229,0,49.116,4700,4469,1.800,1.750,1.030,1,0,160.378,0,0,18,313,0,39,0
19-01 11:58:16,4.238,2.992,89.005,1.995,0.249,5288452,228560,171640,2305876,16375.995,4791.831,989.281,745.950,247.320,45.874,2460,2905,1.740,1.740,1.030,0,0,22.937,0,0,18,315,0,39,0
19-01 11:58:17,5.002,6.003,87.788,0.500,0,5260432,256532,171640,2305924,21190.104,4690.015,0,360.155,0,28.012,2884,2906,1.740,1.740,1.030,0,0,125.054,0,0,18,315,0,39,0
19-01 11:58:18,8.253,12.504,77.527,0.250,0.250,5255724,261092,171644,2306100,6878.393,2619.911,108.038,1160.404,10.003,103.036,4425,3623,1.740,1.740,1.030,1,0,208.072,0,0,18,313,0,40,0
19-01 11:58:19,18.503,4.751,72.011,4.001,0.250,5287084,214512,171676,2321288,4911.730,1620.241,7337.091,800.119,559.083,16.002,3568,3386,1.740,1.740,1.030,1,0,6.001,0,0,18,313,0,40,0
19-01 11:58:20,16.738,2.498,78.691,0.250,0,5305268,188584,171676,2328904,15292.582,4763.443,867.352,1394.958,9.993,34.974,2325,2074,1.740,1.740,1.030,0,0,15.988,0,0,18,315,0,40,0
19-01 11:58:21,15.541,7.018,75.197,1.253,0,5266812,224688,171792,2331092,15045.424,2967.777,1287.373,3396.901,23.060,111.292,4205,4106,1.760,1.750,1.030,1,0,110.289,0,0,18,313,0,35,0
19-01 11:58:22,18.200,10.970,69.808,0.249,0,5303320,188168,171792,2331104,11161.240,1615.548,0,139.615,0,11.967,4026,3481,1.760,1.750,1.030,2,0,196.459,0,0,18,313,0,35,0
19-01 11:58:23,22.845,5.774,70.544,0.251,0,5327648,163816,171792,2331128,8847.935,1626.791,0,341.425,0,30.126,3324,3125,1.760,1.750,1.030,1,0,48.201,0,0,18,313,0,36,0
19-01 11:58:24,22.421,5.481,70.999,0,0.498,5374752,145428,171792,2303868,10151.051,1452.855,0,139.506,0,9.965,2452,2145,1.760,1.750,1.030,1,0,0.996,0,0,18,315,0,36,0
19-01 11:58:25,23.502,5.250,70.255,0.250,0,5339120,180812,171792,2304116,9151.591,1620.105,228.015,408.026,14.001,49.003,3384,3324,1.760,1.750,1.030,1,0,15.001,0,0,18,315,0,34,0
19-01 11:58:26,25.259,4.252,69.275,0.750,0.250,5358404,159936,171792,2305708,5884.146,1620.591,1616.590,640.233,57.021,80.029,3890,4761,1.700,1.730,1.030,1,0,2.001,0,0,18,318,0,34,0
19-01 11:58:27,26.994,8.498,62.987,0.250,0,5367652,150168,171792,2306228,8738.168,1619.660,415.913,947.801,23.995,98.979,5283,14025,1.700,1.730,1.030,2,0,40.991,0,0,18,317,0,35,0
19-01 11:58:28,24.321,3.259,70.204,1.254,0,5387564,129880,171792,2306604,10092.349,1718.999,385.120,3205.321,18.052,424.234,4560,4713,1.700,1.730,1.030,2,0,0,0,0,18,318,0,35,0
19-01 11:58:29,15.252,16.502,66.758,0.750,0,5348832,168516,171792,2306700,5428.641,1620.191,4.000,992.117,1.000,97.011,6753,7279,1.700,1.730,1.030,2,0,408.048,0,0,18,317,0,23,0
19-01 11:58:30,10.255,24.262,63.783,0.250,0,5312420,204796,171792,2306832,9092.656,1620.830,16.008,584.299,1.001,45.023,8532,9592,1.700,1.730,1.030,2,0,689.353,0,0,18,317,0,23,0
19-01 11:58:31,10.497,22.743,65.730,0,0.250,5305068,212076,171792,2306904,6880.945,1619.516,0,519.845,0,37.989,7423,6772,1.720,1.740,1.040,1,0,636.810,0,0,18,317,0,23,0
19-01 11:58:32,9.005,23.514,66.040,0.250,0.250,5308240,208872,171792,2306936,9711.889,1458.885,0,632.383,0,50.030,7912,7536,1.720,1.740,1.040,1,0,742.450,0,0,18,317,0,23,0
19-01 11:58:33,9.502,21.004,67.262,0,0.250,5296808,220264,171792,2306976,9168.630,1620.288,0,1496.266,0,38.007,6931,5925,1.720,1.740,1.040,1,0,543.097,0,0,18,317,0,21,0
19-01 11:58:34,9.220,22.675,67.029,0,0,5298448,218588,171792,2307012,5308.489,1614.674,0,514.303,0,30.898,7065,6324,1.720,1.740,1.040,0,0,588.060,0,0,18,319,0,21,0
19-01 11:58:35,12.986,14.984,69.923,0.749,0,5295972,329028,171796,2211160,12696.094,1618.228,107.882,1893.926,9.989,114.874,5068,4734,1.720,1.740,1.040,2,0,229.748,0,0,18,319,0,21,0
19-01 11:58:36,23.002,5.000,71.256,0,0,5322304,292536,172112,2221004,12163.030,1620.137,0,3268.277,0,28.002,2689,2293,1.660,1.720,1.040,1,0,3.000,0,0,18,319,0,21,0
19-01 11:58:37,16.490,1.999,79.452,0.750,0,5334192,279096,172208,2222460,21200.155,7362.539,519.685,1099.334,24.985,39.976,2417,2354,1.660,1.720,1.040,1,0,16.990,0,0,18,320,0,19,0
19-01 11:58:38,14.754,2.501,80.270,1.500,0.250,5334560,277584,172328,2223480,26527.700,13078.303,624.158,2664.673,58.015,90.023,2655,2832,1.660,1.720,1.040,1,0,7.002,0,0,18,320,0,19,0
19-01 11:58:39,17.001,2.250,79.005,0.750,0.250,5357604,253288,172416,2224644,23053.324,10051.577,916.053,2188.126,43.002,232.013,2494,2291,1.660,1.720,1.040,1,0,0,0,0,18,320,0,19,0
19-01 11:58:40,11.501,1.000,85.007,1.000,0.250,5358352,251792,172496,2225304,19990.668,9209.768,588.049,1128.094,40.003,40.003,1954,2082,1.660,1.720,1.040,1,0,0,0,0,18,320,0,19,0
19-01 11:58:41,14.497,2.500,80.735,0.750,0,5361104,247860,172600,2226364,21694.905,11648.801,859.838,1471.722,49.991,52.990,2081,2069,1.530,1.700,1.030,1,0,0,0,0,18,320,0,12,0
19-01 11:58:42,18.502,2.000,76.509,1.750,0,5374720,199208,172868,2261128,12680.474,6354.738,14637.701,1420.165,169.020,61.007,2452,2360,1.530,1.700,1.030,1,0,1.000,0,0,18,320,0,12,0
19-01 11:58:43,22.998,4.000,71.495,0.500,0.250,5374040,180312,174088,2279236,12023.192,1619.891,0,2087.860,0,48.997,2756,2492,1.530,1.700,1.030,1,0,0,0,0,18,320,0,12,0
19-01 11:58:44,24.760,2.751,71.280,0.250,0.250,5393968,146260,174440,2292644,12983.481,1620.684,0,780.329,0,26.011,2648,2249,1.530,1.700,1.030,1,0,0,0,0,18,320,0,12,0
19-01 11:58:45,23.496,3.499,71.237,1.250,0,5385876,130668,175260,2315312,13822.383,1619.693,0,2691.491,0,132.975,3418,3235,1.530,1.700,1.030,1,0,1.000,0,0,18,320,0,12,0
19-01 11:58:46,21.752,3.250,72.007,1.250,0,5356616,158904,176352,2315728,15335.385,1620.146,0,2800.253,0,109.010,2864,2584,1.490,1.680,1.030,1,0,0,0,0,18,320,0,12,0
19-01 11:58:47,23.751,3.000,71.753,0.750,0,5269572,254944,176936,2305864,12640.579,1794.082,0,1824.084,0,67.003,2587,2260,1.490,1.680,1.030,1,0,1.000,0,0,18,319,0,12,0
19-01 11:58:48,20.527,4.506,73.598,0,0.250,5323236,201248,176936,2305920,14471.207,2799.716,32.043,9624.775,1.001,230.306,2989,2367,1.490,1.680,1.030,0,0,34.045,0,0,18,320,0,12,0
19-01 11:58:49,22.217,2.995,73.639,0.499,0,5312976,204916,176936,2312432,7130.279,2623.056,0,2128.799,0,147.778,2717,2377,1.490,1.680,1.030,1,0,2.995,0,0,18,319,0,12,0
19-01 11:58:50,19.009,3.001,77.038,0.250,0.500,5324136,186664,177096,2318356,12958.394,4661.300,4.002,1216.600,1.000,25.012,2337,1991,1.490,1.680,1.030,1,0,18.009,0,0,18,319,0,12,0
19-01 11:58:51,22.485,6.246,68.703,0,0,5317124,193020,177144,2318848,9587.505,1618.903,0,1514.974,0,5.996,10796,19303,1.450,1.670,1.030,1,0,13.991,0,0,18,319,0,12,0
19-01 11:58:52,22.249,6.750,68.247,0.750,0,5310096,199892,177172,2318940,8583.656,1619.935,0,3299.868,0,133.995,11477,20119,1.450,1.670,1.030,1,0,19.999,0,0,18,319,0,12,0
19-01 11:58:53,22.767,5.504,70.052,0,0,5274252,249832,177192,2306044,9975.389,1705.263,0,14923.054,0,90.067,3559,3415,1.450,1.670,1.030,1,0,52.039,0,0,18,319,0,12,0
19-01 11:58:54,23.991,4.998,68.975,0.500,0,5336940,187128,177192,2306060,7209.347,1619.404,0,615.773,0,13.995,10721,19407,1.450,1.670,1.030,2,0,23.991,0,0,18,319,0,12,0
19-01 11:58:55,19.249,3.500,75.997,0.250,0,5311148,206592,177192,2312188,14747.378,3898.836,0,1007.958,0,32.999,2808,2687,1.450,1.670,1.030,3,0,17.999,0,0,18,319,0,12,0
19-01 11:58:56,17.995,3.499,77.480,0,0,5331500,185704,177192,2312596,15220.071,4417.859,0,807.791,0,21.994,2235,2012,1.410,1.660,1.030,1,0,17.995,0,0,18,320,0,12,0
19-01 11:58:57,23.761,5.502,69.281,0.250,0,5327172,182836,177192,2318820,5782.567,1698.754,0,848.377,0,14.006,10390,18996,1.410,1.660,1.030,2,0,14.006,0,0,18,319,0,12,0
19-01 11:58:58,22.986,7.246,68.209,0,0.500,5330264,179320,177204,2319148,10896.462,1688.987,31.981,171.897,0.999,2.998,9390,16745,1.410,1.660,1.030,2,1,19.988,0,0,18,319,0,12,0
19-01 11:58:59,22.020,5.005,71.315,0.250,0.250,5312668,211136,177216,2306108,7822.104,1621.473,0,1229.116,0,51.046,2695,2536,1.410,1.660,1.030,1,0,6.005,0,0,18,319,0,12,0
19-01 11:59:00,22.248,5.000,71.493,0,0.250,5301968,221944,177220,2306124,6198.432,1619.852,0,607.944,0,5.999,3443,2969,1.410,1.660,1.030,1,0,109.990,0,0,18,319,0,12,0
19-01 11:59:01,35.384,8.783,55.712,0,0.502,5356404,156516,177900,2316172,10969.662,1626.176,626.379,8.030,5.019,2.008,3084,2051,1.540,1.680,1.040,3,0,11.042,0,0,18,319,0,12,0
19-01 11:59:02,28.619,5.724,63.957,0.498,0,5379392,132000,177952,2317408,18103.931,7464.748,1027.286,1513.057,29.863,26.877,3132,2308,1.540,1.680,1.040,3,0,19.909,0,0,18,320,0,12,0
19-01 11:59:03,13.252,1.250,83.011,0.750,0,5375408,135436,177952,2317868,28501.799,13614.815,0,1680.224,0,54.007,2023,2115,1.540,1.680,1.040,1,0,0,0,0,18,320,0,12,0
19-01 11:59:04,11.497,1.500,85.230,0.750,0,5376664,133752,177952,2318192,162030.686,14841.491,23.994,1491.647,4.999,58.986,2098,2077,1.540,1.680,1.040,0,0,0,0,0,18,321,0,12,0
19-01 11:59:05,17.761,2.001,77.547,1.001,0.250,5363364,166908,177952,2299320,20797.544,9509.736,152.092,2085.258,15.009,222.134,2792,2500,1.540,1.680,1.040,2,0,1.001,0,0,18,321,0,12,0
19-01 11:59:06,15.750,2.000,81.499,0.500,0,5362276,167720,177952,2299580,24773.762,11706.888,0,1475.986,0,50.000,2077,1936,1.420,1.660,1.030,2,0,0,0,0,18,321,0,10,0
19-01 11:59:07,10.249,2.500,83.492,1.750,0.250,5360916,168496,177952,2300144,346079.454,21156.888,63.994,2779.723,8.999,127.987,2954,3243,1.420,1.660,1.030,1,0,1.000,0,0,18,321,0,10,0
19-01 11:59:08,12.757,3.252,81.545,1.251,0.500,5362304,166604,177976,2300588,67956.334,13702.528,184.101,2205.212,20.011,107.059,2511,2799,1.420,1.660,1.030,1,0,1.001,0,0,18,321,0,10,0
19-01 11:59:09,10.985,2.746,83.389,1.248,0,5363096,145080,177980,2321184,5561843.902,40404.220,2005.331,16785.657,31.957,97.870,3683,3167,1.420,1.660,1.030,2,0,2.996,0,0,18,321,0,10,0
19-01 11:59:10,11.000,3.500,83.252,1.000,0,5357008,148844,178044,2324108,12237021.236,59120.383,164.004,14104.330,4.000,95.002,5231,3947,1.420,1.660,1.030,2,0,2.000,0,0,18,321,0,9,0
19-01 11:59:11,21.015,4.503,72.052,1.251,0,5363168,125212,181124,2336020,9135.650,1621.180,0,4975.622,0,114.083,2813,2484,1.380,1.640,1.030,1,0,1.001,0,0,18,321,0,9,0
19-01 11:59:12,23.491,3.249,71.474,0.250,0,5372144,129164,182016,2321936,8632.849,1619.409,0,1619.409,0,42.984,2573,2294,1.380,1.640,1.030,1,0,0,0,0,18,321,0,9,0
19-01 11:59:13,24.765,3.252,71.043,0.500,0.250,5374164,142984,182340,2305596,6745.040,1500.899,0,844.506,0,30.018,2811,2678,1.380,1.640,1.030,1,0,0,0,0,18,321,0,9,0
19-01 11:59:14,22.742,5.498,70.227,1.250,0,5362076,143080,183316,2315572,9318.896,1619.461,0,33136.963,0,281.906,3411,3052,1.380,1.640,1.030,1,0,0,0,0,18,321,0,5,0
19-01 11:59:15,23.548,4.259,70.643,1.253,0.251,5353064,145188,184156,2320692,9622.470,1623.284,0,2933.936,0,204.414,3285,3006,1.380,1.640,1.030,1,0,1.002,0,0,18,321,0,5,0
19-01 11:59:16,23.286,7.011,67.355,0.751,0,5361256,139092,185480,2316436,11481.827,1664.584,0,135822.880,0,1027.595,5490,4399,1.510,1.670,1.040,3,1,2.003,0,0,18,321,0,5,0
19-01 11:59:17,22.662,3.735,70.724,1.245,0.249,5361840,138316,186432,2314880,13847.060,1613.714,0,2713.430,0,97.620,2906,2565,1.510,1.670,1.040,2,0,0,0,0,18,321,0,5,0
19-01 11:59:18,22.500,4.750,71.249,0.750,0,5370580,185556,186988,2258372,31146.400,4209.919,16.000,1559.970,1.000,60.999,4236,5349,1.510,1.670,1.040,2,0,1.000,0,0,18,319,0,3,0
19-01 11:59:19,24.766,4.253,69.546,0.250,0,5320308,235804,186988,2258440,7917.183,1621.061,32.021,636.417,1.001,28.018,3117,2802,1.510,1.670,1.040,2,0,19.012,0,0,18,319,0,3,0
19-01 11:59:20,20.524,3.504,74.837,0.250,0,5323408,226212,186988,2264916,11904.816,3903.530,0,1605.864,0,23.027,2783,2549,1.510,1.670,1.040,2,0,18.021,0,0,18,319,0,3,0
19-01 11:59:21,17.294,5.514,74.691,1.253,0,5318816,230668,186992,2264992,12065.928,4400.279,0,100172.764,0,859.202,4188,4165,1.470,1.660,1.040,1,0,17.044,0,0,18,320,0,3,0
19-01 11:59:22,23.151,5.974,68.208,0.747,0.498,5309760,232804,186992,2271216,10842.637,1786.362,0,1868.012,0,34.851,11408,20130,1.470,1.660,1.040,1,0,14.936,0,0,18,319,0,3,0
19-01 11:59:23,23.514,6.504,68.041,0.250,0,5312708,229540,186992,2271484,5898.555,1620.977,0,2429.464,0,40.024,10951,19535,1.470,1.660,1.040,1,0,14.008,0,0,18,319,0,3,0
19-01 11:59:24,20.752,6.251,72.257,0,0,5314612,227524,186992,2271560,10397.009,1620.157,0,168.016,0,2.000,2309,1726,1.470,1.660,1.040,1,0,7.001,0,0,18,319,0,3,0
19-01 11:59:25,23.256,5.251,71.269,0.250,0.500,5293788,260588,187012,2259952,9314.512,1620.437,228.062,944.255,3.001,25.007,2855,2649,1.470,1.660,1.040,1,0,7.002,0,0,18,319,0,3,0
19-01 11:59:26,22.802,5.012,69.660,1.253,0,5298136,254084,187012,2262120,12299.314,1623.738,641.477,3961.119,25.058,287.662,5639,6893,1.430,1.640,1.040,1,0,2.005,0,0,18,322,0,3,0
19-01 11:59:27,25.226,10.990,59.694,2.248,0,5308144,243048,187016,2263144,9822.722,1618.471,863.185,1946.162,44.958,257.757,8511,15034,1.430,1.640,1.040,2,0,151.857,0,0,18,321,0,4,0
19-01 11:59:28,12.237,18.231,67.678,0.999,0,5293112,257176,187016,2264048,7153.359,1712.171,871.070,4451.245,11.987,252.730,6524,5800,1.430,1.640,1.040,2,0,323.654,0,0,18,321,0,6,0
19-01 11:59:29,9.746,3.998,70.718,12.994,0,5260252,260548,187016,2293536,5144.704,1457.349,29394.879,1059.527,1686.247,22.990,5513,5377,1.430,1.640,1.040,0,1,9.996,0,0,18,321,0,6,0
19-01 11:59:30,7.497,4.748,73.975,11.996,0.250,5258156,249588,187016,2306592,9005.924,2634.100,13123.517,2607.109,1807.383,84.971,4092,5936,1.430,1.640,1.040,0,0,5.998,0,0,18,322,0,5,0
19-01 11:59:31,1.496,0.748,95.767,0.249,0.249,5250880,256864,187016,2306592,26373.823,3544.375,0,163.602,0,10.973,1199,1736,1.320,1.620,1.040,0,0,0,0,0,18,322,0,5,0
19-01 11:59:32,2.506,1.253,95.221,0,0,5249064,258436,187016,2306836,31488.966,4886.323,236.548,16.037,7.016,4.009,1303,1757,1.320,1.620,1.040,1,0,0,0,0,18,322,0,5,0
19-01 11:59:33,4.749,2.500,91.233,0,0.250,5217672,289536,187016,2307196,89389.909,126795.758,327.937,463.911,13.997,1.000,1909,2092,1.320,1.620,1.040,0,0,11.998,0,0,18,321,0,5,0
19-01 11:59:34,1.499,0.500,96.707,0,0,5217652,289536,187016,2307216,12631.380,1619.280,0,0,0,0,1148,1616,1.320,1.620,1.040,0,0,0,0,0,18,321,0,5,0
19-01 11:59:35,2.500,1.000,94.986,0.500,0,5217652,289536,187016,2307216,11099.326,1661.749,0,679.897,0,18.997,1610,2171,1.320,1.620,1.040,0,0,1.000,0,0,18,321,0,5,0
19-01 11:59:36,2.503,1.001,95.378,0.250,0.250,5212988,294200,187016,2307216,5926.966,1622.180,0,2050.756,0,329.443,1852,2025,1.210,1.590,1.030,0,0,0,0,0,18,321,0,5,0
19-01 11:59:37,3.498,1.499,92.695,0.500,0.250,5211736,295432,187016,2307236,9085.584,1457.131,0,563.664,0,82.951,2115,3117,1.210,1.590,1.030,0,0,2.998,0,0,18,321,0,5,0
19-01 11:59:38,2.250,2.000,94.513,0.500,0,5210660,296504,187020,2307236,9710.302,1620.217,0,296.040,0,26.003,1643,2170,1.210,1.590,1.030,0,0,7.001,0,0,18,321,0,5,0
19-01 11:59:39,1.749,0.500,96.712,0,0.250,5209524,297640,187020,2307236,5121.001,1619.368,0,139.945,0,8.996,1119,1679,1.210,1.590,1.030,0,0,0,0,0,18,321,0,5,0
19-01 11:59:40,2.501,0.750,95.037,0,0,5209624,297536,187020,2307240,9100.584,1620.638,0,204.080,0,23.009,1591,2135,1.210,1.590,1.030,0,0,0,0,0,18,321,0,5,0
19-01 11:59:41,1.745,0.997,94.954,0.498,0.249,5209624,297536,187020,2307240,7495.595,1614.957,0,614.082,0,40.872,1276,1839,1.110,1.560,1.020,0,0,0,0,0,18,321,0,5,0
19-01 11:59:42,2.006,1.003,96.041,0,0,5209624,297536,187020,2307240,10318.290,1624.928,0,0,0,0,1313,1717,1.110,1.560,1.020,0,0,0,0,0,18,321,0,5,0
19-01 11:59:43,2.249,1.250,95.716,0,0.500,5209624,297536,187020,2307240,8918.804,1619.420,0,0,0,0,1249,1745,1.110,1.560,1.020,0,0,0,0,0,18,321,0,5,0
19-01 11:59:44,2.250,0.500,96.019,0,0,5209624,297536,187020,2307240,9333.831,1620.318,0,4.001,0,1.000,1228,1664,1.110,1.560,1.020,0,0,0,0,0,18,321,0,5,0
19-01 11:59:45,2.250,1.250,95.736,0.250,0,5209560,297536,187020,2307304,10224.485,1457.784,63.991,87.987,2.000,11.998,1557,2141,1.110,1.560,1.020,1,0,1.000,0,0,18,321,0,5,0
19-01 11:59:46,1.750,0.500,96.003,0,0.250,5209552,297536,187020,2307312,8115.222,1620.044,0,256.007,0,21.001,1230,1756,1.030,1.540,1.020,0,0,0,0,0,18,321,0,5,0
19-01 11:59:47,2.249,1.999,94.225,0.250,0,5206784,300260,187020,2307352,5170.650,1619.577,31.992,38046.069,1.000,147.961,1879,2428,1.030,1.540,1.020,0,0,0,0,0,18,321,0,5,0
19-01 11:59:48,2.500,0.750,95.764,0.250,0,5206600,300460,187020,2307352,10071.461,1620.235,0,340.049,0,28.004,1366,1878,1.030,1.540,1.020,0,0,0,0,0,18,321,0,5,0
19-01 11:59:49,1.500,0.750,96.756,0,0.250,5206600,300460,187020,2307352,8607.516,1620.097,0,0,0,0,1128,1668,1.030,1.540,1.020,0,0,0,0,0,18,321,0,5,0
19-01 11:59:50,1.750,0.500,96.500,0,0,5206600,300460,187020,2307352,11516.971,1619.996,0,4.000,0,1.000,1183,1639,1.030,1.540,1.020,0,0,0,0,0,18,321,0,5,0
19-01 11:59:51,1.750,1.750,95.992,0,0,5212844,294216,187020,2307352,11551.080,1619.871,0,0,0,0,1146,1623,0.940,1.510,1.010,1,0,0,0,0,18,321,0,5,0
19-01 11:59:52,2.000,1.750,94.020,1.000,0.750,5199204,308024,187020,2307356,5480.181,1620.349,0,19512.204,0,463.100,2133,2104,0.940,1.510,1.010,0,0,1.000,0,0,18,321,0,5,0
19-01 11:59:53,2.751,0.750,95.769,0,0,5199308,308024,187020,2307356,8321.631,1458.286,0,252.049,0,23.005,1541,2251,0.940,1.510,1.010,0,0,1.000,0,0,18,321,0,5,0
19-01 11:59:54,3.000,1.500,94.755,0,0,5215432,291896,187020,2307360,7288.375,1620.083,0,0,0,0,1271,1694,0.940,1.510,1.010,0,0,1.000,0,0,18,323,0,5,0
19-01 11:59:55,2.000,1.000,94.985,0.250,0.250,5215428,291896,187020,2307364,8636.680,1619.752,0,119.982,0,16.997,1587,2226,0.940,1.510,1.010,0,0,1.000,0,0,18,323,0,5,0
19-01 11:59:56,1.750,0.500,96.754,0,0,5215428,291896,187020,2307364,8337.381,1620.074,0,116.005,0,9.000,1099,1645,0.870,1.490,1.010,0,0,0,0,0,18,323,0,5,0
19-01 11:59:57,1.749,1.250,95.715,0,0,5215188,292108,187020,2307392,9531.467,1619.400,15.994,2667.011,1.000,21.992,1415,2068,0.870,1.490,1.010,0,0,0,0,0,18,323,0,5,0
19-01 11:59:58,2.001,0.750,95.786,0.250,0.250,5215664,291632,187020,2307392,10547.961,1620.609,0,720.270,0,32.012,1336,1823,0.870,1.490,1.010,0,0,0,0,0,18,323,0,5,0
19-01 11:59:59,1.499,0.750,96.697,0,0,5215664,291632,187020,2307392,6793.293,1619.116,0,0,0,0,1091,1638,0.870,1.490,1.010,0,0,0,0,0,18,323,0,5,0
19-01 12:00:00,1.751,0.750,97.048,0,0,5215664,291632,187020,2307392,6546.244,1620.803,0,0,0,0,1117,1592,0.870,1.490,1.010,1,0,0,0,0,18,323,0,5,0
19-01 12:00:01,14.303,5.771,78.540,0,0,5267440,239768,187024,2307460,9180.885,1463.401,578.134,8.030,12.044,2.007,2254,2007,1.120,1.530,1.020,1,0,8.030,0,0,18,323,0,5,0
19-01 12:00:02,14.942,5.728,77.698,0,0.498,5285524,221676,187024,2307468,7189.075,1613.732,510.019,87.659,3.985,8.965,2376,2055,1.120,1.530,1.020,0,0,5.977,0,0,18,323,0,5,0
19-01 12:00:03,2.250,0.750,95.741,0.250,0.250,5277932,229264,187024,2307472,8655.149,1457.857,0,103.990,0,11.999,1366,1897,1.120,1.530,1.020,0,0,0,0,0,18,323,0,5,0
19-01 12:00:04,5.501,1.500,91.773,0,0,5271220,235976,187024,2307472,135097.620,1500.373,12.003,36.009,1.000,3.001,1502,1857,1.120,1.530,1.020,0,0,5.001,0,0,18,325,0,5,0
19-01 12:00:05,10.997,4.749,83.224,0.250,0,5270888,236168,187028,2307608,290593.799,8793.240,123.961,175.945,5.998,13.996,2957,2814,1.120,1.530,1.020,2,0,34.989,0,0,18,325,0,5,0
19-01 12:00:06,15.811,6.023,77.296,0,0.251,5267436,235692,187028,2311536,289677.440,3262.495,16.062,381.461,1.004,17.065,2809,2320,1.030,1.500,1.020,1,0,32.123,0,0,18,325,0,5,0
