"pcp-dstat 5.3.6 CSV Output"
"Author:","PCP team <pcp@groups.io> and Dag Wieers <dag@wieers.com>",,,,"URL:","https://pcp.io/ and http://dag.wieers.com/home-made/dstat/"
"Host:","ubuntu",,,,"User:","ubuntu"
"Cmdline:","dstat -tcmndrylpg --tcp --output /tmp/devstack_logs/dstat-csv.log",,,,"Date:","17 Apr 2024 14:10:45 UTC"
"system","total usage",,,,,"memory usage",,,,"net/total",,"dsk/total",,"io/total",,"system",,"load avg",,,"procs",,,"paging",,"tcp sockets",,,,
"time","total usage:usr","total usage:sys","total usage:idl","total usage:wai","total usage:stl","used","free","buf","cach","net/total:recv","net/total:send","dsk/total:read","dsk/total:writ","read","writ","int","csw","1m","5m","15m","run","blk","new","in","out","lis","act","syn","tim","clo"
17-04 14:10:45,,1027696,1375984,173456,5205480,,,,,,,1.360,0.590,0.390,4,0,,,,9,4,6,17,2
17-04 14:10:46,26.728,25.729,46.962,0.250,0.250,1033852,1367376,173516,5207724,6884.403,1692.624,1326.921,1786.548,18.985,71.942,4037,7167,1.360,0.590,0.390,3,0,625.491,0,0,9,4,6,17,2
17-04 14:10:47,31.764,21.259,45.770,0.500,0.500,1020780,1361712,173920,5223920,9458.039,1660.709,0,2349.003,0,89.038,4308,7721,1.500,0.630,0.410,2,0,382.163,0,0,9,4,6,11,2
17-04 14:10:48,33.488,12.995,50.481,2.249,0,1149292,1208020,174888,5370176,8686.760,1693.368,0,4150.452,0,290.891,4743,9720,1.500,0.630,0.410,2,0,76.971,0,0,10,4,6,11,2
17-04 14:10:49,35.254,14.502,48.756,1.250,0,1156236,1168248,175972,5398844,10182.273,2093.262,80.010,2888.361,1.000,113.014,2406,3322,1.500,0.630,0.410,2,0,181.023,0,0,10,7,6,11,2
17-04 14:10:50,37.430,9.732,52.153,0.250,0,1150728,1188712,175996,5383864,19412.853,3898.741,650.788,1672.885,18.965,37.929,2059,2669,1.500,0.630,0.410,2,0,109.796,0,0,10,4,6,13,0
17-04 14:10:51,43.112,7.018,45.368,1.755,0,1194720,1142336,176084,5386016,9558.891,1624.229,72.188,6200.145,2.005,277.723,8442,18051,1.500,0.630,0.410,5,0,24.063,0,0,10,6,6,13,0
17-04 14:10:52,33.719,8.492,41.462,15.985,0.250,1230440,1097760,176616,5394304,10046.707,1658.466,0,34903.714,0,2968.254,23603,42834,1.540,0.650,0.420,4,0,57.946,0,0,10,6,6,13,0
17-04 14:10:53,41.165,8.482,40.167,8.482,0,1105012,1222076,176932,5395036,9059.211,1616.647,0,27119.754,0,2077.691,9202,14517,1.540,0.650,0.420,2,0,100.791,0,0,10,4,6,12,0
17-04 14:10:54,46.015,4.001,49.016,0.250,0,1192388,1134688,176936,5395036,5871.955,1620.540,0,1012.337,0,48.016,1312,1355,1.540,0.650,0.420,2,0,6.002,0,0,10,4,6,12,0
17-04 14:10:55,31.750,6.250,60.251,1.500,0.250,1137468,1189440,176964,5395044,11310.158,1566.022,0,28412.398,0,489.007,2572,3392,1.540,0.650,0.420,1,0,61.001,0,0,10,4,6,12,0
17-04 14:10:56,21.778,3.755,73.345,0,0.250,1083000,1243900,176964,5395052,7993.351,1622.101,0,148.192,0,13.017,1284,1789,1.540,0.650,0.420,1,0,57.074,0,0,10,4,6,12,0
17-04 14:10:57,9.987,18.227,70.411,0,0.250,1085088,1241636,176968,5395216,11467.471,1617.950,0,187.762,0,19.975,2852,4352,1.570,0.670,0.430,1,0,365.537,0,0,10,4,6,12,0
17-04 14:10:58,12.007,20.012,67.541,0,0.250,1089368,1236596,176968,5396036,7496.603,1620.995,0,48.029,0,11.007,3630,6141,1.570,0.670,0.430,1,0,330.203,0,0,10,4,6,12,0
17-04 14:10:59,34.741,11.497,53.236,0.250,0,1163668,1162252,176968,5396228,8023.818,1619.559,55.985,2391.350,1.000,157.957,4061,6030,1.570,0.670,0.430,2,0,164.955,0,0,10,5,6,12,0
17-04 14:11:00,48.482,3.499,47.732,0,0,1238532,1086100,176984,5397272,7869.096,1511.442,587.783,31664.316,8.997,73.973,1457,1468,1.570,0.670,0.430,2,0,0,0,0,10,5,6,12,0
17-04 14:11:01,32.989,11.246,55.231,0,0,1271100,1050780,177068,5399660,7137.559,1693.421,0,31.989,0,2.999,2234,6927,1.570,0.670,0.430,1,0,117.960,0,0,10,4,6,12,0
17-04 14:11:02,0.500,0.500,98.251,0.250,0.250,1271324,1050556,177068,5399660,8636.095,1694.019,0,1536.017,0,5.000,637,957,1.450,0.660,0.420,0,0,0,0,0,10,4,6,12,0
17-04 14:11:03,19.038,4.259,75.903,0.752,0,1315684,1006204,177096,5399672,13156.484,1569.159,0,1098.211,0,72.145,1665,2172,1.450,0.660,0.420,1,0,22.044,0,0,10,4,6,12,0
17-04 14:11:04,23.760,2.751,72.780,0.250,0,1353992,967676,177104,5399872,6108.492,1620.661,0,1748.713,0,44.018,1339,2174,1.450,0.660,0.420,2,0,3.001,0,0,10,10,6,12,0
17-04 14:11:05,20.957,5.239,70.354,1.996,0.249,1282168,1039356,177148,5399964,15372.164,1616.652,0,15440.024,0,801.340,4037,5541,1.450,0.660,0.420,1,0,41.913,0,0,10,4,6,14,0
17-04 14:11:06,23.000,3.000,72.749,0.500,0.250,1317656,1003124,177148,5400560,7383.897,1619.977,271.996,1063.985,61.999,9.000,1712,2611,1.450,0.660,0.420,1,0,3.000,0,0,10,27,6,14,0
17-04 14:11:07,21.496,4.249,73.735,0,0,1321468,999292,177148,5400572,6788.608,1511.690,0,0,0,0,1318,1813,1.410,0.670,0.430,1,0,42.991,0,0,10,28,6,14,0
17-04 14:11:08,27.303,10.270,61.369,0,0,1344628,976104,177148,5400600,10538.476,1697.298,0,12.023,0,3.006,2069,2969,1.410,0.670,0.430,2,0,156.304,0,0,10,28,6,13,0
17-04 14:11:09,46.912,5.240,46.663,0.250,0.250,1404452,915932,177152,5400944,12015.543,1616.978,0,1022.090,0,18.965,2969,7894,1.410,0.670,0.430,2,0,0,0,0,10,28,6,15,0
17-04 14:11:10,71.163,19.044,9.271,0,0.251,1507392,812952,177156,5400980,9840.495,1697.881,0,2758.305,0,21.048,2491,4092,1.410,0.670,0.430,6,0,472.079,0,0,10,28,6,15,0
17-04 14:11:11,81.500,14.000,4.750,0,0,1446416,873656,177156,5401232,10179.939,1565.991,0,267.998,0,26.000,6448,15574,1.410,0.670,0.430,6,0,188.999,0,0,10,29,6,16,0
17-04 14:11:12,47.243,12.498,39.244,0.250,0,1326936,992960,177164,5401400,7576.826,1619.749,0,431.933,0,42.993,4093,8378,1.460,0.690,0.430,2,0,217.966,0,0,10,28,6,16,0
17-04 14:11:13,22.740,3.998,72.718,0,0,1366376,953480,177168,5401404,8198.352,1511.327,0,107.952,0,9.996,1812,3595,1.460,0.690,0.430,1,0,9.996,0,0,10,28,6,17,0
17-04 14:11:14,21.207,4.990,72.604,0,0,1358420,961416,177172,5401420,8449.043,1616.755,0,419.159,0,13.972,1525,2077,1.460,0.690,0.430,1,0,69.860,0,0,10,28,6,17,0
17-04 14:11:15,18.509,11.005,70.033,0.250,0.500,1305860,1013948,177172,5401448,9066.334,1620.775,0,2201.052,0,38.018,3273,5162,1.460,0.690,0.430,2,0,203.097,0,0,10,28,6,17,0
17-04 14:11:16,15.032,23.300,60.630,0,0.251,1332016,987776,177176,5401456,10971.479,1623.474,0,276.592,0,18.039,3271,4885,1.460,0.690,0.430,4,0,603.291,0,0,10,28,6,17,0
17-04 14:11:17,80.482,16.746,2.499,0,0,1566168,753604,177192,5401496,10561.666,1693.626,0,3255.281,0,79.982,2500,3968,1.820,0.780,0.470,5,0,232.949,0,0,10,28,6,17,0
17-04 14:11:18,79.732,9.248,9.248,0.250,0.250,1457228,861876,177212,5402132,9749.738,1619.624,0,595.862,0,64.985,6275,19826,1.820,0.780,0.470,5,0,89.979,0,0,10,29,5,18,0
17-04 14:11:19,86.062,12.259,1.251,0,0,1539668,779256,177212,5402312,6812.885,1567.124,0,348.250,0,29.021,2998,5391,1.820,0.780,0.470,6,0,191.137,0,0,10,29,5,18,0
17-04 14:11:20,84.478,10.997,4.249,0,0.250,1459080,859448,177216,5402692,8799.747,1511.613,0,175.955,0,7.998,7751,17413,1.820,0.780,0.470,6,0,67.983,0,0,10,29,5,18,0
17-04 14:11:21,53.830,11.713,32.896,0,0,1381052,937284,177232,5403032,7342.804,1656.766,0,67223.641,0,185.414,5570,13396,1.820,0.780,0.470,3,0,228.279,0,0,10,28,5,19,0
17-04 14:11:22,44.448,7.741,48.193,0,0,1427500,890808,177248,5403044,8398.115,1618.096,0,163.807,0,12.985,2078,4264,1.920,0.820,0.480,2,0,29.965,0,0,10,29,5,19,0
17-04 14:11:23,58.230,16.816,23.342,0,0,1435604,882572,177272,5403112,10698.301,1626.431,0,582.302,0,41.163,4409,9688,1.920,0.820,0.480,3,0,379.501,0,0,10,28,5,20,0
17-04 14:11:24,58.263,10.002,30.757,0.750,0.250,1440824,876476,177304,5403940,13548.940,1620.352,0,5629.222,0,202.044,5864,13032,1.920,0.820,0.480,4,0,85.018,0,0,10,28,5,21,0
17-04 14:11:25,80.694,15.739,3.997,0,0.250,1549876,767372,177308,5403984,17639.846,1618.885,0,731.496,0,12.991,2600,3786,1.920,0.820,0.480,4,0,174.880,0,0,10,30,5,23,0
17-04 14:11:26,65.544,14.260,20.014,0,0,1559844,756988,177316,5407564,7977.401,1695.148,0,1865.263,0,40.027,7085,20988,1.920,0.820,0.480,11,0,228.154,0,0,10,28,5,25,0
17-04 14:11:27,66.749,11.500,20.750,0,0.250,1487188,829608,177324,5404412,8553.837,1531.971,0,223.996,0,12.000,2604,4856,2,0.850,0.490,3,0,129.998,0,0,10,29,5,26,0
17-04 14:11:28,61.185,18.480,19.479,0.250,0.250,1415772,900792,177340,5404624,14800.282,1618.281,0,495.474,0,43.953,6549,12654,2,0.850,0.490,3,0,298.683,0,0,10,28,5,25,0
17-04 14:11:29,62.737,5.749,30.994,0,0,1493184,823176,177340,5404828,9519.049,1693.653,0,219.955,0,11.998,3658,10820,2,0.850,0.490,2,0,0,0,0,10,31,5,28,0
17-04 14:11:30,58.829,15.521,25.284,0,0,1455688,860624,177352,5404860,11654.664,1622.180,0,324.436,0,25.034,2859,4927,2,0.850,0.490,4,0,287.386,0,0,10,28,5,30,0
17-04 14:11:31,59.977,7.747,31.488,0,0.250,1378724,937400,177356,5405044,9768.317,1661.374,0,635.760,0,35.986,4337,10488,2,0.850,0.490,4,0,20.992,0,0,10,28,5,31,0
17-04 14:11:32,65.011,10.252,25.004,0,0,1491140,824948,177356,5405080,13708.385,1620.282,0,188.033,0,11.002,1932,3398,2,0.850,0.490,4,0,91.016,0,0,10,29,5,31,0
17-04 14:11:33,63.015,17.504,19.505,0.250,0.250,1428400,887372,177376,5405312,8605.997,1736.403,0,520.121,0,49.011,4664,10487,2.080,0.890,0.510,6,0,390.091,0,0,10,28,5,32,0
17-04 14:11:34,83.004,14.001,3.250,0,0,1535868,779688,177396,5405500,6664.347,1458.076,0,560.029,0,40.002,4256,8228,2.080,0.890,0.510,10,0,187.010,0,0,10,30,5,32,0
17-04 14:11:35,81.747,16.249,0.750,0,0,1543940,771312,177404,5405792,8965.659,1845.930,0,707.973,0,33.999,3970,6650,2.080,0.890,0.510,7,0,266.990,0,0,10,29,6,32,0
17-04 14:11:36,79.247,14.999,5.000,0,0.500,1523944,790948,177420,5406128,6727.758,1693.939,0,3863.861,0,178.994,6586,14253,2.080,0.890,0.510,8,0,281.990,0,0,10,29,6,33,0
17-04 14:11:37,72.501,17.750,8.500,0,0,1498100,816700,177424,5406212,7738.155,1620.032,0,172.003,0,9.000,5732,12873,2.080,0.890,0.510,4,0,436.009,0,0,10,28,6,33,0
17-04 14:11:38,43.902,25.942,28.686,0,0,1317832,996644,177424,5406528,9349.105,1690.222,0,179.599,0,9.978,6777,15219,2.240,0.940,0.530,1,0,791.232,0,0,10,28,6,33,0
17-04 14:11:39,17.790,25.808,55.375,0,0,1347260,967192,177424,5406552,6201.998,1623.665,0,216.489,0,17.038,3355,5366,2.240,0.940,0.530,4,0,672.518,0,0,10,28,6,33,0
17-04 14:11:40,77.254,18.251,3.250,0,0.500,1531660,782728,177436,5406604,10248.564,1704.094,0,252.014,0,19.001,3351,7136,2.240,0.940,0.530,6,0,436.024,0,0,10,29,6,33,0
17-04 14:11:41,74.246,13.499,11.249,0.250,0,1415996,898096,177448,5406900,9771.511,1457.927,0,3675.816,0,355.982,6007,11304,2.240,0.940,0.530,5,0,259.987,0,0,10,28,6,33,0
17-04 14:11:42,76.794,9.475,13.713,0,0,1548016,765572,177456,5407396,7846.947,1689.467,0,179.518,0,7.979,5739,10931,2.240,0.940,0.530,5,0,7.979,0,0,10,32,6,36,0
17-04 14:11:43,51.573,7.260,40.307,0,0,1491616,821340,177460,5408012,11187.943,1770.523,0,228.325,0,19.027,9357,20442,2.220,0.960,0.530,8,0,17.024,0,0,10,31,6,40,0
17-04 14:11:44,80.596,10.262,7.509,0,0,1486192,826516,177472,5408236,8347.892,1621.922,0,432.513,0,45.053,5168,10135,2.220,0.960,0.530,5,0,105.125,0,0,10,28,6,40,0
17-04 14:11:45,70.501,7.250,21.750,0,0.500,1552772,759524,177472,5408620,14230.199,1620.023,0,5456.076,0,134.002,6378,16868,2.220,0.960,0.530,3,0,0,0,0,10,32,6,43,0
17-04 14:11:46,56.691,9.990,33.465,0,0,1525888,785108,177472,5409892,7610.124,1618.325,0,0,0,0,9800,20727,2.220,0.960,0.530,5,0,70.927,0,0,10,30,6,49,0
17-04 14:11:47,80.331,12.513,5.005,0,0.250,1506700,804144,177472,5410040,8104.210,1715.738,0,0,0,0,4529,9840,2.220,0.960,0.530,4,0,196.199,0,0,10,29,6,49,0
17-04 14:11:48,69.750,10.750,18.500,0,0.250,1390316,919832,177488,5410708,7566.053,1512.011,0,132.001,0,15.000,6849,15862,2.360,1.010,0.550,6,0,62.000,0,0,10,29,6,54,0
17-04 14:11:49,84.661,12.237,4.246,0,0,1547156,762888,177492,5410800,7206.404,1564.351,0,183.806,0,10.988,2808,4323,2.360,1.010,0.550,7,0,69.926,0,0,10,29,6,54,0
17-04 14:11:50,71.323,12.763,13.764,0,0,1463536,844884,177512,5412396,6166.351,1621.670,0,488.503,0,52.054,7470,15714,2.360,1.010,0.550,5,0,184.190,0,0,10,29,6,55,0
17-04 14:11:51,80.744,12.999,6.750,0,0,1554188,753832,177524,5412776,7791.462,1767.878,0,1603.889,0,13.999,4819,10310,2.360,1.010,0.550,5,0,62.996,0,0,10,30,6,55,0
17-04 14:11:52,80.709,11.244,6.996,0,0,1470580,837224,177524,5412988,8673.628,1619.184,0,159.919,0,9.995,3553,7579,2.360,1.010,0.550,4,0,162.918,0,0,10,28,6,56,0
17-04 14:11:53,79.573,12.511,8.258,0,0.250,1458140,849236,177540,5413392,31136.396,1621.479,0,508.464,0,53.048,6561,13636,2.490,1.060,0.570,4,0,92.084,0,0,10,29,6,57,0
17-04 14:11:54,69.171,11.237,18.479,0.499,0.250,1494228,813056,177580,5413440,19749.426,1618.150,0,387.557,0,28.967,3178,5971,2.490,1.060,0.570,3,0,170.805,0,0,10,29,6,58,0
17-04 14:11:55,58.784,13.007,26.515,0,0.250,1413880,893124,177596,5413676,9969.743,1620.934,0,220.127,0,12.007,4969,9677,2.490,1.060,0.570,3,0,181.104,0,0,10,28,6,59,0
17-04 14:11:56,64.216,8.995,26.236,0,0.250,1396052,910744,177616,5413860,8553.501,1511.205,0,387.796,0,33.982,4866,8966,2.490,1.060,0.570,3,0,64.966,0,0,10,29,6,59,0
17-04 14:11:57,65.281,9.254,26.763,0,0,1476880,829740,177620,5414032,10991.199,1566.741,0,292.138,0,24.011,3099,6036,2.490,1.060,0.570,3,0,67.032,0,0,10,30,6,60,0
17-04 14:11:58,65.259,9.751,24.003,0.250,0,1409784,896612,177624,5414244,8349.110,1694.225,0,292.039,0,27.004,4452,9738,2.530,1.090,0.580,4,0,82.011,0,0,10,28,6,63,0
17-04 14:11:59,66.267,8.252,26.007,0,0.250,1457744,848376,177640,5414492,8122.087,1620.416,0,372.096,0,33.008,4172,9233,2.530,1.090,0.580,3,0,5.001,0,0,10,29,6,64,0
17-04 14:12:00,61.380,12.476,25.700,0.250,0,1484624,821472,177648,5414508,6708.857,1616.833,0,255.499,0,22.955,2562,4818,2.530,1.090,0.580,3,0,131.742,0,0,10,29,6,64,0
17-04 14:12:01,53.818,18.774,26.033,0,0.250,1377612,928056,177664,5414896,10574.430,1622.060,0,1237.572,0,45.057,6458,12592,2.530,1.090,0.580,3,0,423.538,0,0,10,28,6,65,0
17-04 14:12:02,64.445,6.744,28.725,0,0,1502268,803356,177664,5414936,13404.566,1618.619,0,287.755,0,13.988,3494,5819,2.530,1.090,0.580,2,0,0,0,0,10,31,6,67,0
17-04 14:12:03,38.789,13.764,46.296,0.250,0,1365284,939916,177664,5415348,7191.198,1513.515,0,372.373,0,29.029,3893,9100,2.730,1.160,0.610,1,0,409.410,0,0,10,28,6,69,0
17-04 14:12:04,23.678,3.988,71.532,0,0.249,1386692,918244,177664,5415608,6737.464,1561.241,0,175.465,0,8.973,2825,6644,2.730,1.160,0.610,1,0,1.994,0,0,10,29,6,70,0
17-04 14:12:05,12.276,18.288,68.393,0.251,0.251,1323060,981716,177672,5415756,16340.135,1623.391,0,7359.374,0,251.525,3294,4429,2.730,1.160,0.610,1,0,327.685,0,0,10,28,6,68,0
17-04 14:12:06,32.773,14.010,52.788,0.250,0,1430272,874280,177708,5415932,7365.237,1621.153,0,628.447,0,29.021,2374,3533,2.730,1.160,0.610,2,0,268.191,0,0,10,28,6,70,0
17-04 14:12:07,40.509,6.501,47.010,5.501,0.250,1517020,783684,178072,5419036,10230.210,1768.382,316.068,10518.272,18.004,834.180,6288,10048,2.730,1.160,0.610,1,1,59.013,0,0,10,32,6,69,0
17-04 14:12:08,39.014,6.502,39.264,15.506,0,1479944,815952,178868,5422900,12438.503,1694.613,0,40430.636,0,3426.240,17154,27625,2.910,1.220,0.630,2,1,82.030,0,0,10,32,6,69,0
17-04 14:12:09,44.229,4.998,41.980,7.746,0,1367416,928148,179208,5422856,19314.613,1619.213,0,16859.806,0,1452.294,7929,12819,2.910,1.220,0.630,3,0,13.993,0,0,10,28,6,69,0
17-04 14:12:10,43.280,5.754,47.033,3.753,0,1486404,808712,179424,5423080,9220.417,1587.105,0,11291.859,0,1064.741,5483,9890,2.910,1.220,0.630,3,0,3.002,0,0,10,30,6,69,0
17-04 14:12:11,40.750,8.250,43.500,9.250,0.250,1358028,936232,179848,5423496,16424.181,1620.018,0,11580.127,0,1829.020,10332,19364,2.910,1.220,0.630,2,0,74.001,0,0,10,28,6,66,0
17-04 14:12:12,22.924,3.488,72.012,0.249,0,1437692,856548,179864,5423496,11667.497,1560.849,0,2870.527,0,242.201,1461,1582,2.910,1.220,0.630,1,0,26.911,0,0,10,28,6,66,0
17-04 14:12:13,23.260,2.501,72.532,0.500,0,1386504,907696,179892,5423508,8397.653,1620.705,0,6758.940,0,339.148,1727,2689,2.760,1.220,0.630,2,0,1.000,0,0,10,28,6,66,0
17-04 14:12:14,23.991,2.499,72.973,0.250,0,1450984,843212,179896,5423508,10690.013,1693.368,0,295.890,0,28.989,1142,1412,2.760,1.220,0.630,1,0,3.999,0,0,10,30,6,66,0
17-04 14:12:15,23.313,2.507,73.448,0,0,1409664,884512,179896,5423528,8448.761,1740.689,0,96.259,0,11.030,1024,1214,2.760,1.220,0.630,1,0,1.003,0,0,10,32,6,65,0
17-04 14:12:16,22.970,2.497,73.902,0,0,1351080,943080,179896,5423540,8610.591,1691.758,0,0,0,0,886,1056,2.760,1.220,0.630,1,0,2.996,0,0,10,32,6,65,0
17-04 14:12:17,22.712,3.245,73.877,0,0,1432448,861712,179896,5423540,13573.454,1563.403,0,3.993,0,0.998,870,1165,2.760,1.220,0.630,2,0,1.997,0,0,10,32,6,65,0
17-04 14:12:18,23.014,2.502,73.295,0,0.250,1372460,921668,179896,5423564,7468.563,1641.003,0,0,0,0,877,1094,2.620,1.210,0.640,1,0,1.001,0,0,10,32,6,65,0
17-04 14:12:19,24.498,1.500,73.995,0.250,0,1442484,851388,179928,5423712,14193.106,1565.901,179.989,0,24.998,0,1063,1209,2.620,1.210,0.640,1,0,2.000,0,0,10,32,6,64,0
17-04 14:12:20,23.253,3.000,74.010,0,0.250,1395748,898028,179928,5423804,10327.456,1620.228,0,0,0,0,906,1162,2.620,1.210,0.640,1,0,1.000,0,0,10,32,6,64,0
17-04 14:12:21,23.252,2.500,73.257,0.250,0,1408968,884784,179936,5423816,7728.765,1620.160,0,596.059,0,32.003,1200,1612,2.620,1.210,0.640,1,0,1.000,0,0,10,32,6,63,0
17-04 14:12:22,23.986,2.499,73.956,0,0,1353212,940516,179936,5423836,10705.577,1766.940,0,35.978,0,3.998,995,1146,2.620,1.210,0.640,1,0,2.998,0,0,10,32,6,63,0
17-04 14:12:23,22.262,3.252,73.789,0,0.250,1407152,886556,179936,5423856,13717.174,1620.848,0,8.004,0,1.001,904,1143,2.650,1.240,0.650,1,0,1.001,0,0,10,32,6,62,0
17-04 14:12:24,22.779,3.004,73.595,0,0.250,1347504,946188,179936,5423868,10413.433,1513.953,0,0,0,0,1013,1314,2.650,1.240,0.650,1,0,24.031,0,0,10,32,6,62,0
17-04 14:12:25,8.505,21.263,70.041,0,0,1348988,944544,179940,5424004,16931.990,1620.956,0,444.262,0,5.003,2671,3753,2.650,1.240,0.650,1,0,330.195,0,0,10,32,6,62,0
17-04 14:12:26,10.005,19.009,70.284,0,0,1344492,948992,179944,5424048,6459.100,1620.778,0,656.315,0,10.005,3020,4652,2.650,1.240,0.650,1,0,440.211,0,0,10,32,6,58,0
17-04 14:12:27,13.470,20.205,65.354,0,0.249,1352028,941376,179944,5424096,8049.984,1562.503,0,95.786,0,1.996,4081,9114,2.650,1.240,0.650,2,0,581.698,0,0,10,32,6,59,0
17-04 14:12:28,21.751,4.000,74.252,0,0,1431740,861672,179952,5424080,11138.334,1620.049,0,172.005,0,4.000,981,1142,2.680,1.270,0.660,2,0,2.000,0,0,10,32,6,53,0
17-04 14:12:29,22.999,3.000,73.498,0,0,1369084,924312,179952,5424096,11241.663,1619.951,0,16.000,0,1.000,950,1088,2.680,1.270,0.660,2,0,1.000,0,0,10,32,6,53,0
17-04 14:12:30,23.502,2.250,74.005,0,0,1442436,850980,179952,5424076,16657.149,1620.112,0,0,0,0,1031,1154,2.680,1.270,0.660,2,0,2.000,0,0,10,32,6,48,0
17-04 14:12:31,24.495,1.500,73.484,0.250,0.250,1396580,896816,179956,5424092,8930.071,1627.648,0,407.912,0,27.994,1189,1583,2.680,1.270,0.660,2,0,1.000,0,0,10,32,6,48,0
17-04 14:12:32,23.497,1.500,73.492,0,0.250,1448240,845156,179956,5424092,9858.876,1693.807,0,43.995,0,4.999,986,1165,2.680,1.270,0.660,2,0,2.000,0,0,10,32,6,47,0
17-04 14:12:33,22.256,3.501,73.771,0,0,1420500,872896,179956,5424092,14232.999,1662.467,0,4.001,0,1.000,1016,1142,2.700,1.300,0.680,2,0,3.001,0,0,10,32,6,47,0
17-04 14:12:34,24.001,1.500,73.503,0,0,1361528,931856,179956,5424104,10145.396,1566.061,0,16.001,0,2.000,972,1190,2.700,1.300,0.680,2,0,3.000,0,0,10,32,6,46,0
17-04 14:12:35,23.751,2.500,73.503,0,0.250,1429332,864072,179956,5424084,5972.275,1620.075,0,0,0,0,960,1174,2.700,1.300,0.680,2,0,2.000,0,0,10,32,6,46,0
17-04 14:12:36,24.248,2.000,73.993,0,0,1383440,909956,179956,5424092,7339.288,1619.843,0,667.935,0,127.988,1019,1113,2.700,1.300,0.680,2,0,1.000,0,0,10,32,6,46,0
17-04 14:12:37,22.501,3.000,73.503,0,0,1452228,841160,179956,5424092,7098.312,1620.071,0,948.042,0,10.000,954,1149,2.700,1.300,0.680,2,0,2.000,0,0,10,32,6,46,0
17-04 14:12:38,23.753,1.500,74.008,0,0,1407108,886292,179956,5424080,9817.090,1620.180,0,0,0,0,944,1091,2.570,1.300,0.680,2,0,1.000,0,0,10,32,6,45,0
17-04 14:12:39,23.987,2.749,73.462,0,0,1340840,952536,179956,5424104,8985.301,1585.171,0,127.933,0,5.997,1059,1288,2.570,1.300,0.680,1,0,2.998,0,0,10,32,6,45,0
17-04 14:12:40,22.254,3.751,72.764,0.500,0,1410224,883240,179972,5424000,9445.795,1694.322,0,4480.851,0,217.041,1385,1993,2.570,1.300,0.680,1,0,0,0,0,10,32,6,45,0
17-04 14:12:41,23.255,2.250,73.516,0.250,0,1350364,942964,179992,5424116,9624.098,1620.353,0,472.103,0,36.008,1170,1574,2.570,1.300,0.680,2,0,3.001,0,0,10,32,6,45,0
17-04 14:12:42,22.545,3.006,73.397,0,0.501,1365644,927704,179992,5424096,5585.198,1569.146,0,521.045,0,70.141,1057,1178,2.570,1.300,0.680,2,0,1.002,0,0,10,32,6,45,0
17-04 14:12:43,22.200,3.492,73.584,0,0,1437464,855884,179992,5424096,8125.668,1616.354,0,0,0,0,910,1086,2.440,1.290,0.680,2,0,1.995,0,0,10,32,6,45,0
17-04 14:12:44,23.507,3.001,73.771,0,0,1361400,931928,179992,5424116,5415.506,1620.450,0,36.010,0,2.001,897,1108,2.440,1.290,0.680,2,0,4.001,0,0,10,32,6,35,0
17-04 14:12:45,21.747,4.000,73.741,0,0.250,1436444,856892,179992,5424108,13364.423,1565.815,0,7.999,0,2.000,944,1153,2.440,1.290,0.680,2,0,2.000,0,0,10,32,6,35,0
17-04 14:12:46,15.782,12.776,71.146,0,0,1343928,949376,179992,5424140,5471.194,1569.211,0,80.164,0,7.014,1878,2690,2.440,1.290,0.680,3,0,219.449,0,0,10,32,6,30,0
17-04 14:12:47,18.256,8.503,72.023,0,0,1400588,892660,180004,5424184,12344.024,1788.583,0,348.113,0,35.011,1838,2550,2.440,1.290,0.680,1,0,173.056,0,0,10,32,6,30,0
17-04 14:12:48,22.206,3.244,73.605,0,0,1356620,935860,180056,5424824,7551.154,1616.821,0,0,0,0,1057,1460,2.330,1.290,0.680,1,0,8.982,0,0,10,32,5,23,0
17-04 14:12:49,23.247,2.250,73.989,0,0.250,1422140,870340,180056,5424824,13280.101,1619.768,0,0,0,0,1009,1177,2.330,1.290,0.680,1,0,0,0,0,10,32,5,23,0
17-04 14:12:50,10.754,21.258,68.526,0,0,1343376,949012,180056,5424916,9467.569,1566.591,0,96.036,0,4.002,2980,4533,2.330,1.290,0.680,1,0,440.166,0,0,10,32,5,20,0
17-04 14:12:51,8.762,20.777,68.590,0,0.250,1345160,947172,180060,5424940,14903.628,1622.136,0,993.308,0,38.050,3859,6082,2.330,1.290,0.680,3,0,587.774,0,0,10,32,5,20,0
17-04 14:12:52,9.252,21.506,69.518,0,0,1345528,946756,180060,5424976,9664.561,1512.401,0,844.224,0,15.004,2952,4370,2.330,1.290,0.680,1,0,423.112,0,0,10,32,5,17,0
17-04 14:12:53,8.500,20.999,68.998,0,0.500,1344360,947900,180060,5425000,10605.661,1619.948,0,1195.962,0,13.000,3049,4610,2.140,1.260,0.680,1,0,460.985,0,0,10,32,5,17,0
17-04 14:12:54,9.498,20.245,68.733,0,0,1343324,948912,180060,5425024,10977.278,1619.598,0,1287.681,0,13.997,3215,5154,2.140,1.260,0.680,1,0,522.870,0,0,10,32,5,16,0
17-04 14:12:55,9.498,18.747,70.738,0,0,1345272,946932,180060,5425056,8688.540,1619.728,0,187.968,0,4.999,2846,4332,2.140,1.260,0.680,1,0,392.934,0,0,10,32,5,16,0
17-04 14:12:56,9.239,19.726,70.413,0,0,1344772,947404,180060,5425084,17552.288,1691.907,0,143.822,0,5.993,2601,3734,2.140,1.260,0.680,1,0,325.597,0,0,10,32,5,14,0
17-04 14:12:57,15.275,22.287,61.102,0.250,0.501,1369668,922472,180080,5425100,9493.779,1642.730,0,793.318,0,38.063,3546,5755,2.140,1.260,0.680,2,0,556.926,0,0,10,32,5,16,0
17-04 14:12:58,56.163,17.972,23.963,0,0,1527952,763684,180164,5425452,8604.654,1617.491,0,778.792,0,49.923,2748,4696,2.210,1.290,0.690,3,0,418.351,0,0,10,32,5,16,0
17-04 14:12:59,56.717,8.745,27.234,7.995,0,1631104,651440,180732,5432932,8361.125,1585.076,415.758,35239.455,5.997,2467.561,12225,20825,2.210,1.290,0.690,6,1,65.962,0,0,10,38,5,17,0
17-04 14:13:00,37.820,10.770,37.319,13.274,0,1605960,667428,181392,5441084,7081.043,1622.990,0,69379.798,0,5094.384,20678,36812,2.210,1.290,0.690,8,0,141.260,0,0,10,36,5,16,0
17-04 14:13:01,38.465,9.991,38.465,13.488,0,1570596,692720,182152,5450060,8859.831,1660.469,0,69372.039,0,4965.422,22376,39014,2.210,1.290,0.690,5,1,81.924,0,0,10,36,5,17,0
17-04 14:13:02,43.091,11.023,30.815,16.034,0,1626724,629032,182660,5456864,9319.580,1623.411,0,66034.739,0,5354.249,21480,35945,2.210,1.290,0.690,4,0,93.196,0,0,10,36,5,15,0
17-04 14:13:03,43.479,14.743,29.736,11.494,0.250,1550728,696920,183036,5464592,9039.607,1693.177,363.823,40628.255,5.997,3262.414,17815,33022,2.510,1.370,0.720,1,2,276.865,0,0,10,35,5,15,0
17-04 14:13:04,39.515,16.256,28.011,13.505,0.250,1535472,705860,183404,5469796,10792.047,1620.608,700.263,50399.900,12.005,3687.383,20827,35465,2.510,1.370,0.720,3,1,141.053,0,0,10,34,5,11,0
17-04 14:13:05,41.491,12.747,34.992,10.748,0.500,1554376,683028,183488,5473604,17978.973,1845.587,911.796,42874.396,10.998,3230.276,15544,30458,2.510,1.370,0.720,1,1,153.966,0,0,10,35,6,12,0
17-04 14:13:06,36.178,8.483,41.667,14.471,0,1521168,713384,183776,5476072,6247.505,1528.942,0,43461.078,0,3719.561,18552,33072,2.510,1.370,0.720,2,0,88.822,0,0,10,34,6,13,0
17-04 14:13:07,37.590,7.769,41.600,12.530,0,1551580,682164,184064,5476544,7247.416,1623.902,0,31916.696,0,3158.590,16264,28002,2.510,1.370,0.720,1,1,24.058,0,0,10,35,6,12,0
17-04 14:13:08,35.701,8.738,40.943,12.483,0,1500788,732248,184232,5477008,8246.611,1691.664,0,40623.898,0,3664.939,17277,32946,2.710,1.430,0.740,3,0,56.921,0,0,10,34,6,15,0
17-04 14:13:09,39.775,7.505,40.026,13.008,0,1550272,680336,184384,5479268,8357.357,1621.039,0,38380.602,0,3520.256,14876,27797,2.710,1.430,0.740,2,0,21.013,0,0,10,36,6,15,0
17-04 14:13:10,39.237,7.497,41.486,9.497,0,1550848,676064,184528,5482740,14998.915,1703.423,0,28010.504,0,2779.058,15714,31765,2.710,1.430,0.740,5,0,38.987,0,0,10,37,6,18,0
17-04 14:13:11,36.036,8.759,44.294,11.512,0,1533188,690320,184724,5485832,10822.855,1621.626,0,42562.690,0,3556.567,16416,29592,2.710,1.430,0.740,5,0,97.097,0,0,10,36,6,19,0
17-04 14:13:12,37.235,6.747,44.732,10.995,0,1506676,713884,184796,5488612,10909.516,1693.304,0,26265.205,0,2480.980,13724,24945,2.710,1.430,0.740,3,0,60.975,0,0,10,36,6,19,0
17-04 14:13:13,35.992,7.748,39.741,15.747,0,1552620,665024,184904,5491312,10107.837,1659.645,0,46686.009,0,3953.154,15525,29985,2.730,1.460,0.750,2,0,86.981,0,0,10,37,6,19,0
17-04 14:13:14,36.287,9.009,39.540,14.014,0.501,1544352,670756,185076,5493604,9301.488,1567.599,0,42699.554,0,3506.577,15312,27543,2.730,1.460,0.750,2,1,86.088,0,0,10,36,6,19,0
17-04 14:13:15,36.468,7.993,40.714,14.487,0.250,1514192,706188,185180,5488228,7977.020,1618.584,0,37099.538,0,3662.795,18627,34216,2.730,1.460,0.750,2,1,51.955,0,0,10,36,6,20,0
17-04 14:13:16,39.255,11.752,42.506,6.501,0.250,1445292,774608,185244,5488632,11971.640,1620.222,0,28215.866,0,1980.271,9519,16374,2.730,1.460,0.750,2,0,207.028,0,0,10,33,6,22,0
17-04 14:13:17,13.993,15.992,68.715,0.750,0,1384948,834672,185244,5488920,8347.726,1619.171,0,1367.300,0,81.958,3635,5610,2.730,1.460,0.750,1,0,339.826,0,0,10,32,6,22,0
17-04 14:13:18,31.261,19.007,48.267,0.250,0,1451708,767780,185256,5489024,9379.217,1620.556,0,2820.968,0,115.039,3635,5568,2.600,1.450,0.760,3,0,471.162,0,0,10,32,6,28,0
17-04 14:13:19,64.005,11.001,23.752,0.750,0,1649364,568760,185316,5490208,6402.467,1620.118,0,4304.314,0,282.021,2242,2430,2.600,1.450,0.760,4,0,3.000,0,0,10,32,6,28,0
17-04 14:13:20,59.975,7.497,27.489,2.499,0,1766012,446468,185520,5495140,9278.122,1619.323,0,11583.158,0,800.665,5391,7565,2.600,1.450,0.760,3,0,32.986,0,0,10,38,6,28,0
17-04 14:13:21,25.003,7.001,44.755,21.252,0.500,1764384,437200,185684,5505564,7342.859,1660.194,0,73644.616,0,5516.645,24795,41014,2.600,1.450,0.760,3,1,191.022,0,0,10,38,6,28,0
17-04 14:13:22,25.230,9.243,45.464,21.233,0,1767460,424364,185792,5514936,15093.925,1564.748,0,85139.888,0,6231.015,24129,44463,2.600,1.450,0.760,0,1,188.849,0,0,10,38,6,28,0
17-04 14:13:23,39.772,7.504,35.770,16.259,0,1663748,518612,185936,5523904,7764.379,1620.914,0,64292.261,0,4867.745,20696,36726,2.710,1.490,0.770,2,2,216.122,0,0,10,36,6,28,0
17-04 14:13:24,40.805,8.211,31.350,18.163,0,1725196,447044,186124,5533520,6104.855,1612.303,0,74392.849,0,5601.260,20162,37178,2.710,1.490,0.770,3,0,140.330,0,0,10,36,6,28,0
17-04 14:13:25,49.607,6.264,30.065,12.276,0.501,1765292,399680,186156,5540516,15166.730,1623.504,0,51467.066,0,3685.954,15910,27031,2.710,1.490,0.770,4,1,9.019,0,0,10,38,6,28,0
17-04 14:13:26,21.562,8.274,46.884,20.057,0,1652916,501532,186256,5550508,10798.885,1624.646,0,83903.965,0,6307.038,21995,43516,2.710,1.490,0.770,5,0,93.267,0,0,10,36,6,28,0
17-04 14:13:27,39.013,8.503,44.014,7.252,0,1393672,756660,186268,5554492,9615.135,1620.528,0,29969.770,0,2314.755,11381,21949,2.710,1.490,0.770,2,0,177.058,0,0,10,32,6,28,0
17-04 14:13:28,19.459,8.233,69.106,2.245,0,1452632,697664,186272,5554512,6462.526,1690.475,0,16441.719,0,977.961,3918,6159,2.650,1.500,0.780,1,0,130.727,0,0,10,32,6,28,0
17-04 14:13:29,22.796,3.006,73.398,0.752,0,1512712,637584,186272,5554512,10467.091,1557.138,0,1919.869,0,91.184,1248,1705,2.650,1.500,0.780,1,1,0,0,0,10,36,6,28,0
17-04 14:13:30,22.201,3.742,72.591,0.499,0,1429448,720836,186272,5554520,8204.009,1562.573,0,3005.409,0,184.595,1713,2470,2.650,1.500,0.780,1,0,26.941,0,0,10,32,6,28,0
17-04 14:13:31,22.502,3.250,73.507,0.250,0,1498496,651788,186272,5554520,10469.026,1620.159,0,32.003,0,4.000,1037,1178,2.650,1.500,0.780,1,0,1.000,0,0,10,32,6,28,0
17-04 14:13:32,19.543,15.283,64.891,0,0,1402472,747788,186276,5554536,9709.156,1623.538,0,701.529,0,54.118,2959,4790,2.650,1.500,0.780,3,0,461.005,0,0,10,32,6,28,0
17-04 14:13:33,12.221,29.679,56.615,0,0.499,1402668,747528,186280,5554596,9128.302,1658.059,0,311.260,0,30.926,4658,7687,2.520,1.490,0.780,1,0,963.709,0,0,10,32,6,28,0
17-04 14:13:34,10.015,20.280,69.852,0.250,0.501,1408932,741168,186280,5554668,7042.246,1622.361,0,3176.622,0,23.034,3298,5036,2.520,1.490,0.780,1,0,506.737,0,0,10,32,6,28,0
17-04 14:13:35,11.007,18.011,69.541,0,0,1404592,745384,186280,5554712,7212.277,1512.897,0,512.304,0,24.014,2895,4580,2.520,1.490,0.780,1,0,393.233,0,0,10,32,6,28,0
17-04 14:13:36,15.248,15.998,67.742,0.250,0,1407748,742036,186280,5555092,6558.259,1619.817,0,123.986,0,8.999,4814,7988,2.520,1.490,0.780,1,0,235.973,0,0,10,32,6,28,0
17-04 14:13:37,41.936,9.236,47.428,0,0,1498844,650828,186284,5555280,7233.968,1711.390,0,107.836,0,5.991,2225,3085,2.520,1.490,0.780,2,0,129.802,0,0,10,33,6,28,0
17-04 14:13:38,46.502,4.500,49.002,0,0,1595260,553892,186320,5555764,9584.374,1694.066,84.003,1616.063,1.000,226.009,1602,1340,2.480,1.500,0.790,2,0,2.000,0,0,10,33,6,28,0
17-04 14:13:39,45.489,6.998,47.739,0,0,1640308,505932,186340,5558400,6958.386,1619.624,0,1083.749,0,75.982,2155,8679,2.480,1.500,0.790,1,0,48.989,0,0,10,48,6,28,0
17-04 14:13:40,15.772,10.264,73.102,0.250,0,1660300,485912,186340,5558428,9050.689,1791.512,0,168.236,0,13.018,2103,3227,2.480,1.500,0.790,0,0,213.299,0,0,10,48,6,28,0
17-04 14:13:41,0.499,0.499,98.014,0,0,1660268,485912,186340,5558460,45989.074,3303.033,0,694.325,0,8.978,712,1036,2.480,1.500,0.790,0,0,0,0,0,10,49,6,28,0
17-04 14:13:42,0.500,1.000,97.514,0,0.500,1660200,485912,186340,5558528,90654.236,3294.481,0,488.071,0,31.005,952,1446,2.480,1.500,0.790,0,0,0,0,0,10,49,6,28,0
17-04 14:13:43,2.252,1.001,96.084,0,0,1674536,471576,186340,5558528,71078.478,3074.703,0,120.106,0,5.004,742,1005,2.280,1.480,0.780,1,0,0,0,0,10,48,6,29,0
17-04 14:13:44,17.027,9.265,70.862,1.753,0.501,1672224,471244,186436,5560772,7461.812,1696.686,4.006,5232.283,1.002,352.558,2882,4021,2.280,1.480,0.780,1,0,74.117,0,0,10,48,6,29,0
17-04 14:13:45,14.474,9.982,73.119,1.248,0,1691596,404612,186440,5606116,22112.242,1678.981,63.885,3924.943,3.993,98.822,1990,2506,2.280,1.480,0.780,1,0,40.926,0,0,10,48,6,29,0
17-04 14:13:46,17.994,8.247,73.476,0,0,1695888,400260,186440,5606128,7119.707,1693.455,0,0,0,0,1463,1645,2.280,1.480,0.780,1,0,54.982,0,0,10,48,6,29,0
17-04 14:13:47,21.525,4.005,73.586,0,0,1717528,378604,186440,5606128,12833.040,1716.011,0,0,0,0,1223,1324,2.280,1.480,0.780,2,0,17.020,0,0,10,48,6,29,0
17-04 14:13:48,18.988,6.496,73.705,0,0,1642236,501120,186440,5559984,11518.939,1692.962,0,3.998,0,0.999,1601,1829,2.180,1.470,0.790,1,0,68.958,0,0,10,48,6,29,0
17-04 14:13:49,15.534,14.281,69.903,0.251,0.251,1653888,489300,186444,5560488,8238.033,1515.317,144.316,1739.808,6.013,153.336,3844,6650,2.180,1.470,0.790,1,0,268.588,0,0,10,48,6,29,0
17-04 14:13:50,10.471,7.230,81.022,0,0.249,1654504,488572,186444,5560156,9838.325,1615.456,0,291.181,0,2.992,2846,6744,2.180,1.470,0.790,0,0,60.829,0,0,10,48,6,29,0
17-04 14:13:51,0.500,0.750,97.994,0,0,1654492,488584,186444,5560156,6961.596,1619.906,0,4.000,0,1.000,606,932,2.180,1.470,0.790,0,0,3.000,0,0,10,48,6,29,0
17-04 14:13:52,0.749,0.999,96.924,0.500,0,1654736,488332,186444,5560164,13357.554,1564.776,0,407.681,0,30.976,943,1484,2.180,1.470,0.790,0,0,2.998,0,0,10,48,6,29,0
17-04 14:13:53,0.500,0.250,98.569,0,0,1654960,488108,186444,5560164,7853.482,1661.159,0,36.025,0,4.003,687,1014,2,1.440,0.780,0,0,1.001,0,0,10,48,6,29,0
17-04 14:13:54,2.501,3.001,92.782,0.250,0.250,1587032,556036,186444,5560156,8554.986,1620.566,0,1560.545,0,104.036,1307,1804,2,1.440,0.780,0,0,49.017,0,0,10,48,6,29,0
17-04 14:13:55,16.999,15.499,66.497,0,0.250,1591200,551888,186444,5560172,10279.609,1619.938,0,0,0,0,4660,8704,2,1.440,0.780,0,0,231.991,0,0,10,48,6,29,0
17-04 14:13:56,7.501,15.001,75.756,0,0,1646424,496596,186444,5560184,6246.481,1620.125,0,4.000,0,1.000,2540,3786,2,1.440,0.780,2,0,246.019,0,0,11,48,6,29,0
17-04 14:13:57,16.748,17.998,65.243,0,0.250,1653264,489672,186444,5560216,6871.217,1857.788,0,4.000,0,1.000,4525,9255,2,1.440,0.780,0,0,235.973,0,0,11,48,6,29,0
17-04 14:13:58,5.249,4.749,89.478,0,0,1648908,493872,186444,5560344,7426.143,1619.595,0,355.911,0,9.998,1382,2081,1.840,1.420,0.780,1,0,106.973,0,0,11,48,6,27,0
17-04 14:13:59,16.047,16.298,66.946,0,0.251,1651568,491132,186444,5560376,6906.194,1462.276,0,20.059,0,4.012,3387,10267,1.840,1.420,0.780,1,0,206.604,0,0,13,48,6,27,0
17-04 14:14:00,9.258,16.514,73.311,0,0,1651540,491028,186444,5560404,10608.816,1621.347,0,20.017,0,5.004,3033,4825,1.840,1.420,0.780,2,0,407.338,0,0,13,50,6,22,0
17-04 14:14:01,13.988,16.736,68.691,0,0.250,1652040,490380,186444,5560908,6370.490,1692.536,0,39.965,0,9.991,3676,7601,1.840,1.420,0.780,3,0,266.769,0,0,13,50,6,22,0
17-04 14:14:02,28.677,19.949,49.623,0,0.249,1711320,431024,186464,5560996,12733.415,1731.569,0,722.152,0,34.911,4032,9671,1.840,1.420,0.780,3,0,372.048,0,0,13,50,6,21,0
17-04 14:14:03,34.836,10.275,54.885,0,0,1760840,380068,186572,5561852,6997.220,1623.997,0,356.878,0,11.027,2230,6608,1.850,1.430,0.780,1,0,61.150,0,0,13,52,6,21,0
17-04 14:14:04,12.469,5.736,80.800,0,0,1637592,503124,186588,5562028,5951.241,1615.992,0,35.911,0,2.993,1350,1864,1.850,1.430,0.780,1,0,10.973,0,0,13,50,6,29,0
17-04 14:14:05,0.500,0.500,98.297,0,0,1637780,502900,186588,5562064,19997.619,1620.780,0,0,0,0,805,1159,1.850,1.430,0.780,1,0,3.001,0,0,13,50,6,29,0
17-04 14:14:06,0.499,0.250,98.378,0,0,1637780,502900,186588,5562064,6006.528,1456.189,0,35.955,0,0.999,590,923,1.850,1.430,0.780,0,0,1.998,0,0,13,50,6,27,0
17-04 14:14:07,3.505,3.505,92.393,0,0.250,1582608,558072,186588,5562056,8018.388,1712.646,0,845.306,0,8.012,1282,1948,1.850,1.430,0.780,1,0,54.084,0,0,12,50,6,27,0
17-04 14:14:08,16.983,14.236,67.434,0,0.250,1589004,551700,186588,5562080,15460.910,1618.420,0,435.575,0,3.996,5115,9832,1.790,1.420,0.790,1,0,246.759,0,0,12,50,6,25,0
17-04 14:14:09,15.286,14.283,69.162,0.501,0.251,1655228,485496,186588,5562432,11940.966,1697.977,0,10677.006,0,412.967,3409,10762,1.790,1.420,0.790,1,0,205.481,0,0,13,50,6,25,0
17-04 14:14:10,19.208,12.972,66.355,0,0.249,1656544,484012,186588,5562212,11864.030,1690.300,0,39.913,0,8.980,5435,10403,1.790,1.420,0.790,1,0,208.543,0,0,11,48,6,21,0
17-04 14:14:11,17.022,18.273,64.082,0,0,1660788,479792,186588,5562248,14029.958,1622.076,0,0,0,0,4904,8224,1.790,1.420,0.790,2,0,267.342,0,0,13,48,6,21,0
17-04 14:14:12,31.289,21.276,46.808,0,0,1720736,419744,186588,5562284,6920.540,1459.801,0,452.558,0,5.006,3682,6366,1.790,1.420,0.790,3,0,615.760,0,0,13,50,6,19,0
17-04 14:14:13,36.908,20.948,40.150,0,0.249,1799724,340020,186588,5563348,8662.318,1615.955,0,626.432,0,10.973,4506,10654,1.720,1.410,0.790,3,0,349.126,0,0,13,58,6,23,0
17-04 14:14:14,24.749,11.999,63.747,0,0,1713976,425748,186588,5562992,8173.599,1619.921,0,4.000,0,1.000,2359,4718,1.720,1.410,0.790,2,0,177.991,0,0,13,50,6,27,0
17-04 14:14:15,23.753,3.750,71.759,0,0,1757100,381852,186664,5563616,11957.447,1620.196,0,41100.973,0,43.005,1146,1892,1.720,1.410,0.790,2,0,3.000,0,0,13,50,6,27,0
17-04 14:14:16,22.983,5.246,64.703,5.996,0.250,1777564,348008,186956,5576132,11823.463,1618.831,139.899,20992.843,34.975,1608.838,8871,14814,1.720,1.410,0.790,1,2,3.997,0,0,13,52,6,24,0
17-04 14:14:17,25.577,6.269,56.170,9.780,0,1776240,340532,187012,5584636,8413.451,1789.413,0,23318.539,0,2887.735,15262,24763,1.720,1.410,0.790,1,1,4.012,0,0,13,52,6,24,0
17-04 14:14:18,34.232,19.240,44.976,0,0.250,1944740,168984,187100,5587196,9235.068,1619.135,0,1595.148,0,92.950,6629,17035,1.660,1.410,0.790,2,1,238.872,0,0,14,77,5,32,0
17-04 14:14:19,10.231,19.714,69.374,0.250,0,1948468,165104,187100,5587312,9780.229,1455.356,0,3605.449,0,68.875,2993,4678,1.660,1.410,0.790,1,0,355.354,0,0,14,77,5,32,0
17-04 14:14:20,16.786,16.535,65.639,0,0.251,1953920,159316,187100,5587948,9464.102,1623.448,0,1182.512,0,61.130,4326,9112,1.660,1.410,0.790,2,1,275.585,0,0,14,77,5,29,0
17-04 14:14:21,39.639,11.966,45.871,1.994,0,2034956,133688,185364,5535256,10043.777,1657.343,7.978,13721.443,1.994,878.531,3406,5430,1.660,1.410,0.790,1,1,126.644,0,0,14,78,5,29,0
17-04 14:14:22,29.265,11.756,57.279,0.500,0.250,2086404,125804,183552,5493704,7165.683,1620.833,664.341,1612.829,19.010,108.056,2929,4543,1.660,1.410,0.790,1,1,153.079,0,0,14,81,5,30,0
17-04 14:14:23,8.266,19.036,71.888,0,0.250,2090388,124552,183408,5491120,8632.549,1623.112,0,140.269,0,15.029,2899,4336,1.690,1.420,0.790,1,0,341.655,0,0,14,81,5,30,0
17-04 14:14:24,6.993,19.729,71.674,0,0.250,2093560,131524,182948,5481556,12900.287,1618.280,0,39.958,0,3.996,2650,3860,1.690,1.420,0.790,1,0,316.663,0,0,14,81,5,30,0
17-04 14:14:25,16.236,11.240,71.188,0.250,0.250,2124996,132380,182156,5450428,17890.417,1618.590,1642.569,0,43.962,0,2057,2820,1.690,1.420,0.790,2,0,183.840,0,0,14,81,5,30,0
17-04 14:14:26,22.538,4.758,71.621,0.501,0,2105428,188868,182056,5413940,7358.421,1534.590,2424.092,0,50.085,0,1940,3051,1.690,1.420,0.790,1,0,25.042,0,0,14,83,5,31,0
17-04 14:14:27,27.432,6.235,65.338,0.499,0,2165836,125008,182056,5417392,9939.360,1779.588,3503.315,111.723,52.869,9.975,2394,5801,1.690,1.420,0.790,1,0,72.819,0,0,14,85,5,32,0
17-04 14:14:28,36.017,5.753,56.526,1.501,0,2208632,127676,180684,5373800,9168.227,1620.747,1612.743,4478.064,241.111,529.244,4762,7425,1.720,1.430,0.800,2,1,8.004,0,0,14,98,5,33,0
17-04 14:14:29,18.755,7.252,70.517,1.000,0.250,2199624,138560,180444,5372208,9140.239,1736.425,84.021,3932.964,5.001,250.061,1990,3381,1.720,1.430,0.800,2,0,111.027,0,0,14,98,5,33,0
17-04 14:14:30,24.496,3.749,70.237,1.000,0.250,2245344,127340,179300,5339164,16733.022,1619.712,859.847,2939.477,72.987,322.943,2937,4086,1.720,1.430,0.800,6,0,2.000,0,0,14,105,5,33,0
17-04 14:14:31,22.063,6.268,69.949,1.254,0,2230248,149364,179148,5332424,12238.856,1666.747,340.971,2318.603,54.154,271.774,2745,4151,1.720,1.430,0.800,2,0,90.257,0,0,14,103,5,35,0
17-04 14:14:32,22.726,4.495,71.425,0.250,0,2200288,179140,179148,5332608,18936.155,1456.474,167.824,287.698,12.986,25.973,1715,2288,1.720,1.430,0.800,2,0,56.940,0,0,14,107,5,36,0
17-04 14:14:33,22.965,2.995,73.388,0,0.499,2256464,122692,179148,5332880,14779.373,1617.524,255.609,179.725,1.997,11.982,1283,1695,1.660,1.420,0.800,1,0,0,0,0,14,109,5,36,0
17-04 14:14:34,20.745,5.749,72.484,0,0,2244380,134760,179148,5332896,7448.384,1693.632,0,147.968,0,8.998,1256,1664,1.660,1.420,0.800,1,0,52.989,0,0,14,107,5,37,0
17-04 14:14:35,22.003,6.501,70.510,0.500,0,2225256,153700,179284,5332944,6146.879,1846.264,136.019,1232.176,4.001,103.015,2384,4173,1.660,1.420,0.800,3,0,82.012,0,0,14,107,6,38,0
17-04 14:14:36,23.547,3.257,72.646,0.251,0,2209040,185748,178864,5317568,5627.277,1697.402,4.008,1667.341,1.002,212.426,1541,2007,1.660,1.420,0.800,2,0,14.028,0,0,14,107,6,40,0
17-04 14:14:37,21.198,5.237,73.322,0.249,0,2269624,125136,178876,5317584,7394.025,1616.071,11.971,0,2.993,0,1265,1690,1.660,1.420,0.800,1,0,40.901,0,0,14,107,6,40,0
17-04 14:14:38,26.066,5.013,65.916,1.253,0,2232316,161964,178880,5318060,8543.478,1698.269,192.484,1916.819,9.023,260.655,4122,7685,1.610,1.410,0.800,2,1,55.139,0,0,14,111,6,41,0
17-04 14:14:39,22.697,3.242,73.080,0.249,0,2275900,118368,178880,5318072,4965.480,1454.625,0,873.972,0,56.868,1304,1882,1.610,1.410,0.800,1,0,0,0,0,14,113,6,41,0
17-04 14:14:40,31.495,2.500,62.740,1.250,0.500,2279068,118632,178772,5314752,9383.517,1661.737,3.999,2755.565,1.000,353.944,3851,6405,1.610,1.410,0.800,3,1,0,0,0,14,111,6,42,0
17-04 14:14:41,27.257,5.752,66.268,0.500,0,2287628,126292,178296,5299052,12183.350,1620.446,0,1736.478,0,199.055,2245,3455,1.610,1.410,0.800,2,0,69.019,0,0,14,112,6,42,0
17-04 14:14:42,19.990,8.496,68.967,1.000,0.250,2240732,171948,178296,5300292,6742.770,1693.189,1179.435,983.529,21.989,112.946,3166,5078,1.610,1.410,0.800,1,2,146.930,0,0,14,111,6,43,0
17-04 14:14:43,24.075,3.009,72.476,0.251,0,2291744,120792,178300,5300432,8653.032,1773.541,4.013,1340.187,1.003,88.276,1489,2226,1.560,1.410,0.810,2,0,0,0,0,14,113,6,43,0
17-04 14:14:44,27.746,3.499,66.490,1.250,0,2293016,121604,177888,5298804,7314.859,1619.747,1703.734,2279.644,88.986,293.954,3402,5674,1.560,1.410,0.810,3,0,4.999,0,0,14,113,6,43,0
17-04 14:14:45,34.925,15.217,47.648,1.497,0,2244412,167332,177896,5301656,15764.139,1782.172,2578.461,5975.165,72.844,401.138,5088,9469,1.560,1.410,0.810,2,0,285.387,0,0,14,111,6,43,0
17-04 14:14:46,30.473,3.997,63.695,0.500,0,2294328,133356,177288,5286440,7579.406,1794.439,0,2461.858,0,387.663,2344,3232,1.560,1.410,0.810,1,0,3.997,0,0,14,113,6,44,0
17-04 14:14:47,12.003,15.004,71.269,0.500,0,2255776,171532,177288,5286880,7910.112,1964.525,564.151,332.089,5.001,15.004,2614,3934,1.560,1.410,0.810,1,0,301.080,0,0,14,111,6,45,0
17-04 14:14:48,14.003,18.503,67.013,0.250,0.250,2264392,162852,177288,5287476,9653.825,1620.306,196.037,592.112,13.002,40.008,4013,6931,1.590,1.420,0.810,1,0,363.069,0,0,14,111,6,45,0
17-04 14:14:49,26.002,17.251,56.254,0,0.250,2296212,130856,177292,5287288,12092.859,1620.115,168.012,284.020,6.000,10.001,4181,7913,1.590,1.420,0.810,3,1,323.023,0,0,14,111,6,45,0
17-04 14:14:50,31.571,22.801,44.099,0.251,0,2333164,126300,176220,5256040,9026.363,1665.758,192.434,3836.655,6.014,543.226,3799,5451,1.590,1.420,0.810,2,1,435.984,0,0,14,113,6,45,0
17-04 14:14:51,34.504,21.003,43.005,1.250,0.500,2425560,122952,173836,5170656,6362.776,1606.196,2324.284,9265.130,88.011,1248.152,9052,17867,1.590,1.420,0.810,4,0,148.018,0,0,16,123,6,45,0
17-04 14:14:52,51.742,26.246,21.497,0.250,0,2530648,131176,172644,5060152,16355.350,1689.726,83.986,203.967,15.997,15.997,3479,5834,1.590,1.420,0.810,5,0,581.906,0,0,16,123,6,45,0
17-04 14:14:53,60.789,16.761,20.013,0.250,0,2609684,122364,172156,4991516,7967.059,1621.029,832.529,488.310,73.046,31.020,5877,15912,1.870,1.470,0.840,4,0,265.168,0,0,16,139,6,45,0
17-04 14:14:54,29.742,26.993,41.738,1.500,0,2684496,131648,171988,4909552,4858.659,1619.553,13312.326,5754.412,237.934,395.891,4431,6329,1.870,1.470,0.840,2,0,566.844,0,0,16,139,6,45,0
17-04 14:14:55,22.967,20.720,54.920,0,0,2720884,132316,171988,4873360,7003.809,1617.646,3.994,491.285,0.999,17.974,3273,5406,1.870,1.470,0.840,1,0,388.435,0,0,17,139,6,45,0
17-04 14:14:56,19.255,14.004,65.769,0.500,0,2729880,122088,171988,4874608,10861.085,1710.486,1212.344,560.159,67.019,53.015,5620,12015,1.870,1.470,0.840,1,0,170.048,0,0,17,139,6,45,0
17-04 14:14:57,30.512,21.508,46.268,0.250,0,2778760,127204,171988,4821876,6888.652,1620.624,504.194,120.046,34.013,8.003,3568,6183,1.870,1.470,0.840,3,0,500.193,0,0,17,139,6,45,0
17-04 14:14:58,40.632,20.192,37.890,0.748,0.249,2870604,128312,171988,4731500,10613.264,1689.108,203.411,4929.724,15.954,452.689,7423,17273,1.880,1.480,0.840,2,0,210.391,0,0,17,155,6,45,0
17-04 14:14:59,29.358,21.579,47.173,0.753,0.251,2923864,127052,171956,4680400,39878.514,1463.376,782.876,2794.266,45.166,283.040,4569,6526,1.880,1.480,0.840,3,0,537.977,0,0,17,155,6,45,0
17-04 14:15:00,33.503,25.002,41.503,0,0.250,3012928,130184,171956,4590084,12638.973,1620.125,48.004,652.050,3.000,43.003,6583,12733,1.880,1.480,0.840,2,0,666.051,0,0,17,161,6,45,0
17-04 14:15:01,12.500,19.749,66.498,0.500,0,3028572,120360,171956,4584680,7193.799,1689.953,423.988,531.985,5.000,37.999,4520,7296,1.880,1.480,0.840,1,0,362.990,0,0,17,167,6,45,0
17-04 14:15:02,29.591,12.184,55.700,0.995,0,3071800,122580,171956,4539664,20581.252,1611.329,278.501,4619.144,13.925,347.132,4103,8004,1.880,1.480,0.840,2,0,150.192,0,0,17,167,6,45,0
17-04 14:15:03,46.404,8.277,45.651,0,0,3188024,129224,171956,4419172,11185.112,1625.393,4.013,513.704,1.003,72.240,1850,2119,1.890,1.490,0.850,4,0,1.003,0,0,17,167,6,45,0
17-04 14:15:04,43.062,8.262,46.067,0.501,0.250,3169132,226760,172088,4341888,8177.809,1622.343,3693.333,160.231,116.168,4.006,3155,5211,1.890,1.490,0.850,3,0,16.023,0,0,17,171,6,45,0
17-04 14:15:05,46.026,26.765,26.515,0.500,0,3256592,131612,172276,4349356,14700.217,1620.906,2901.622,980.548,70.039,49.027,6094,11803,1.890,1.490,0.850,4,0,580.324,0,0,17,173,6,37,0
17-04 14:15:06,45.239,27.243,27.243,0.250,0,3224088,160616,172280,4353092,6098.451,1547.607,291.926,819.792,16.996,56.986,5481,11609,1.890,1.490,0.850,2,0,463.882,0,0,17,187,6,37,0
17-04 14:15:07,55.766,21.756,21.756,0,0.250,3316116,135408,172296,4287996,7842.219,1768.500,296.084,14676.153,9.003,510.144,6011,9775,1.890,1.490,0.850,6,0,200.057,0,0,17,198,6,37,0
17-04 14:15:08,79.983,14.997,3.249,0.250,0.500,3418368,128796,172300,4194636,5438.858,1693.644,879.815,711.851,19.996,25.995,2551,5301,2.220,1.570,0.880,4,0,66.986,0,0,17,207,6,38,0
17-04 14:15:09,80.686,14.239,4.247,0,0,3437544,138532,172388,4166204,6702.712,1618.723,551.565,1458.849,14.988,55.956,3906,18733,2.220,1.570,0.880,5,1,62.950,0,0,17,207,6,43,0
17-04 14:15:10,44.536,24.270,28.273,1.501,0,3444092,153944,172392,4144872,8278.755,1695.383,692.565,23643.293,32.026,993.811,10636,26938,2.220,1.570,0.880,3,1,534.436,0,0,17,216,6,43,0
17-04 14:15:11,42.539,16.515,39.286,0.500,0,3441440,177864,172392,4124100,16414.905,1621.472,236.214,2838.577,9.008,177.161,5080,11458,2.220,1.570,0.880,3,1,253.230,0,0,17,216,6,43,0
17-04 14:15:12,52.711,25.231,21.734,0,0,3551344,124752,172392,4068668,48682.975,1618.802,7.994,507.624,0.999,36.973,3971,5897,2.220,1.570,0.880,3,1,474.649,0,0,17,216,6,43,0
17-04 14:15:13,55.214,20.487,22.236,0.500,0.250,3582468,133248,172484,4029384,7722.988,1618.949,339.779,987.359,41.973,70.954,7755,17669,2.920,1.720,0.930,3,0,208.864,0,0,17,224,6,43,0
17-04 14:15:14,53.777,22.511,22.011,0.250,0.250,3631792,135024,172484,3979680,12632.304,1458.728,292.146,192.096,16.008,12.006,4703,8669,2.920,1.720,0.930,24,0,535.267,0,0,17,224,6,44,0
17-04 14:15:15,55.983,19.994,23.993,0.500,0.250,3682100,132820,172496,3932040,8651.318,1693.475,239.926,5514.291,31.990,396.877,7217,19687,2.920,1.720,0.930,3,2,218.932,0,0,17,232,6,46,0
17-04 14:15:16,65.265,10.752,22.755,1.000,0,3769556,169940,172496,3809868,7995.807,1826.413,612.138,5361.212,57.013,509.115,3357,4355,2.920,1.720,0.930,4,0,6.001,0,0,17,236,6,43,0
17-04 14:15:17,62.489,12.248,23.746,0.750,0,3834528,161852,172508,3754500,7324.725,1693.705,635.889,2715.527,25.995,337.941,5287,11270,2.920,1.720,0.930,6,0,132.977,0,0,17,242,6,50,0
17-04 14:15:18,48.490,24.495,26.245,0,0,3833528,162400,172508,3754936,10501.942,1619.683,679.867,603.882,15.997,44.991,4363,8176,2.930,1.750,0.940,8,0,601.882,0,0,17,242,6,50,0
17-04 14:15:19,51.263,19.255,27.507,0.750,0.250,3834268,157308,172860,3759196,8634.271,1694.446,4677.230,1363.359,82.022,78.021,5793,13920,2.930,1.750,0.940,6,0,236.062,0,0,18,242,6,51,0
17-04 14:15:20,76.935,14.192,7.967,0.249,0.249,3905372,152056,172864,3695044,10694.197,1683.106,840.557,1007.872,8.963,61.747,2681,4387,2.930,1.750,0.940,4,1,151.380,0,0,18,247,6,42,0
17-04 14:15:21,62.686,9.779,26.579,0,0,3985140,118284,172896,3650144,14043.724,1504.470,866.575,734.181,10.030,44.131,2447,3920,2.930,1.750,0.940,5,1,18.054,0,0,18,251,6,42,0
17-04 14:15:22,24.517,14.510,60.042,0,0,3995512,125016,172912,3633380,11461.943,2870.990,596.413,292.202,13.009,18.012,3822,10553,2.930,1.750,0.940,3,0,218.151,0,0,18,249,6,43,0
17-04 14:15:23,19.434,6.976,72.254,0.249,0.498,3994520,125840,172912,3633548,20521.023,5655.714,797.281,454.450,7.973,25.912,2010,2781,2.770,1.730,0.940,2,0,9.966,0,0,18,254,6,43,1
17-04 14:15:24,20.242,5.998,73.471,0.250,0.250,3998204,122156,172912,3633548,8356.716,1727.321,767.698,1591.375,5.998,71.972,1993,2741,2.770,1.730,0.940,1,1,10.996,0,0,18,254,6,42,0
17-04 14:15:25,18.510,7.004,70.288,2.001,0,3994768,134652,172920,3624700,14011.496,1620.867,768.411,7892.222,6.003,711.381,3785,4501,2.770,1.730,0.940,2,0,14.007,0,0,18,265,6,42,0
17-04 14:15:26,18.777,11.016,68.598,0,0,4006164,125612,172920,3622840,16565919.000,84504.503,520.743,276.394,5.007,24.034,6239,4320,2.770,1.730,0.940,2,0,135.193,0,0,18,263,6,42,0
17-04 14:15:27,25.693,9.728,63.859,0.499,0.249,4034240,125692,172920,3595276,10975.711,1658.330,187.585,5515.794,8.980,219.514,3244,6643,2.770,1.730,0.940,1,1,157.651,0,0,18,269,6,43,0
17-04 14:15:28,24.592,3.262,69.509,0.753,0,4046860,134964,172920,3573640,13116.821,1463.447,437.629,329.225,23.086,37.138,3615,7273,2.710,1.740,0.950,1,1,1.004,0,0,18,278,6,44,0
17-04 14:15:29,21.492,8.247,68.725,0.250,0,3996480,186344,172920,3572908,9098.679,1661.394,191.930,535.804,7.997,53.980,3999,8146,2.710,1.740,0.950,1,1,70.974,0,0,18,275,6,45,0
17-04 14:15:30,13.460,15.953,69.045,0,0.249,4031540,151016,172920,3573176,9499.805,1615.206,131.609,315.065,5.982,13.959,3210,5438,2.710,1.740,0.950,2,0,393.831,0,0,18,275,6,43,0
17-04 14:15:31,20.806,7.019,71.441,0,0,3996888,202720,172920,3556172,8033.514,1698.549,20.054,220.591,1.003,11.030,2006,3016,2.710,1.740,0.950,2,1,105.282,0,0,18,275,6,43,0
17-04 14:15:32,9.231,18.463,70.357,0.249,0.249,4005980,193596,172920,3556204,12742.159,1690.572,7.984,12837.965,0.998,90.816,3433,5567,2.710,1.740,0.950,1,1,340.310,0,0,18,275,6,41,0
17-04 14:15:33,6.995,9.244,83.194,0.250,0.500,4003748,195756,172920,3556276,17044.461,1618.904,31.978,231.843,2.998,18.987,2474,3859,2.570,1.730,0.950,0,0,214.855,0,0,18,275,6,41,0
17-04 14:15:34,13.502,2.500,82.763,0,0,4042292,157200,172924,3556284,17136.639,1620.250,0,15958.458,0,16.002,1391,1942,2.570,1.730,0.950,1,0,11.002,0,0,18,275,6,39,0
17-04 14:15:35,20.096,8.038,70.337,0.251,0,4014356,184964,172924,3556456,9189.974,1465.010,12.058,265.269,1.005,27.130,2447,3908,2.570,1.730,0.950,1,0,105.505,0,0,18,277,6,39,0
17-04 14:15:36,12.232,15.727,70.396,0,0,4013592,185624,172928,3556556,13278.388,1617.611,7.988,287.575,1.997,22.966,3041,4999,2.570,1.730,0.950,1,0,215.681,0,0,18,281,6,38,0
17-04 14:15:37,12.002,14.503,71.513,0.750,0,4008036,188960,173224,3558480,7625.426,1620.303,2168.405,172.032,117.022,4.001,2873,4396,2.570,1.730,0.950,1,0,204.038,0,0,18,281,6,38,0
17-04 14:15:38,14.694,9.215,74.714,0.747,0,4004960,187724,173340,3562648,9154.937,1613.819,625.604,4363.289,81.687,13.947,4276,20531,2.450,1.710,0.950,1,0,17.931,0,0,18,283,6,35,0
17-04 14:15:39,1.750,1.000,95.228,0.250,0,4004944,187724,173340,3562664,6648.477,1693.612,0,159.963,0,21.995,1319,2319,2.450,1.710,0.950,1,0,1.000,0,0,18,285,6,35,0
17-04 14:15:40,2.250,0.500,96.016,0.250,0,4004944,187724,173340,3562664,11387.890,1694.281,0,316.052,0,25.004,1146,1901,2.450,1.710,0.950,0,0,0,0,0,18,285,6,35,0
17-04 14:15:41,2.250,0.500,95.991,0,0.750,4004944,187724,173340,3562664,10477.026,1457.864,0,0,0,0,1098,1921,2.450,1.710,0.950,0,0,0,0,0,18,285,6,35,0
17-04 14:15:42,2.250,1.000,94.264,1.000,0.250,4004944,187724,173340,3562664,8309.197,1620.233,0,6276.904,0,523.075,2048,2049,2.450,1.710,0.950,0,0,0,0,0,18,285,6,33,0
17-04 14:15:43,2.252,0.501,96.096,0,0,4004944,187724,173340,3562664,13042.081,1621.626,0,0,0,0,1123,1812,2.250,1.680,0.940,0,0,0,0,0,18,285,6,33,0
17-04 14:15:44,2.498,1.249,95.667,0,0,4004944,187724,173340,3562664,7794.266,1618.602,0,0,0,0,1077,1769,2.250,1.680,0.940,0,0,1.998,0,0,18,285,6,33,0
17-04 14:15:45,4.000,0.750,94.496,0.500,0,4004944,187724,173340,3562664,14363.425,1619.935,0,219.991,0,30.999,1500,2445,2.250,1.680,0.940,0,0,0,0,0,18,285,6,33,0
17-04 14:15:46,1.250,1.000,97.020,0,0,4004944,187724,173340,3562664,8131.691,1620.337,0,160.033,0,11.002,1151,1991,2.250,1.680,0.940,0,0,0,0,0,18,285,6,32,0
17-04 14:15:47,2.249,1.000,95.219,0,0,4004872,187724,173340,3562736,8417.264,1787.419,67.978,31.990,1.000,3.999,1200,1995,2.250,1.680,0.940,1,0,0,0,0,18,285,6,32,0
17-04 14:15:48,3.251,0,94.281,0,0.250,3988792,203600,173368,3562912,10649.546,125287.721,288.096,160.053,10.003,12.004,1480,2317,2.070,1.660,0.940,0,0,0,0,0,18,285,5,30,0
17-04 14:15:49,2.749,0.500,95.472,0.250,0.250,3988792,203600,173368,3562912,7365.812,1619.519,0,215.936,0,19.994,1275,2193,2.070,1.660,0.940,0,0,0,0,0,18,285,5,30,0
17-04 14:15:50,1.500,1.000,95.770,0,0,3988792,203600,173368,3562912,7935.627,1620.332,0,124.025,0,9.002,996,1650,2.070,1.660,0.940,0,0,0,0,0,18,285,5,30,0
17-04 14:15:51,1.500,0.500,95.978,0,0,3988792,203600,173368,3562912,10039.651,1619.621,0,143.966,0,9.998,1139,1940,2.070,1.660,0.940,0,0,0,0,0,18,285,5,30,0
17-04 14:15:52,1.500,0.750,97.015,0.250,0,3988792,203600,173368,3562912,11949.852,1620.251,0,208.032,0,15.002,1053,1823,2.070,1.660,0.940,0,0,0,0,0,18,285,5,30,0
17-04 14:15:53,2.500,1.250,95.745,0,0.250,3989016,203376,173368,3562912,11119.422,1619.916,0,0,0,0,1188,1845,1.900,1.630,0.930,0,0,0,0,0,18,285,5,30,0
17-04 14:15:54,2.250,1.750,95.747,0,0,3989264,203128,173368,3562912,6379.828,1689.954,0,0,0,0,1166,1900,1.900,1.630,0.930,0,0,2.000,0,0,18,285,5,30,0
17-04 14:15:55,2.502,0.751,95.589,0,0.250,3989136,203128,173368,3563040,6710.241,1459.357,0,112.104,0,17.016,1247,2111,1.900,1.630,0.930,0,0,0,0,0,18,285,5,30,0
17-04 14:15:56,2.497,0.499,95.878,0,0,3989132,203128,173368,3563044,8882.719,1691.851,0,159.797,0,10.986,1134,2002,1.900,1.630,0.930,0,0,0,0,0,18,285,5,30,0
17-04 14:15:57,1.250,0.500,96.481,0.250,0,3989132,203128,173368,3563044,7436.557,1619.686,0,75.985,0,8.998,1087,1901,1.900,1.630,0.930,0,0,0,0,0,18,285,5,30,0
17-04 14:15:58,3.501,1.000,94.538,0.500,0.500,3989224,203128,173368,3563048,7683.058,1694.674,0,5034.004,0,328.131,1590,1948,1.750,1.600,0.930,1,0,0,0,0,18,285,5,30,0
17-04 14:15:59,2.250,1.250,95.758,0.250,0,3989216,203128,173368,3563056,6530.529,1620.131,0,116.009,0,17.001,1265,2125,1.750,1.600,0.930,0,0,0,0,0,18,285,5,30,0
17-04 14:16:00,3.001,1.000,95.021,0.250,0,3989216,203128,173368,3563056,13158.934,1694.378,0,2016.450,0,106.024,1415,2299,1.750,1.600,0.930,1,0,0,0,0,18,285,5,30,0
17-04 14:16:01,1.250,0.500,96.012,0,0,3989216,203128,173368,3563056,8709.097,1458.184,0,32.004,0,4.001,1090,1821,1.750,1.600,0.930,0,0,0,0,0,18,285,5,30,0
17-04 14:16:02,2.750,1.500,95.739,0,0,3989216,203128,173368,3563056,26088.895,1619.807,0,0,0,0,1222,1923,1.750,1.600,0.930,0,0,0,0,0,18,285,5,30,0
17-04 14:16:03,1.750,1.000,96.000,0.250,0.500,3989216,203128,173368,3563056,13483.960,1619.995,0,723.998,0,96.000,1370,1836,1.610,1.570,0.920,0,0,0,0,0,18,285,5,30,0
17-04 14:16:04,7.781,1.757,88.605,0,0,3989008,203128,173368,3563264,12439.784,1700.807,84.338,152.611,6.024,12.048,2475,4746,1.610,1.570,0.920,0,0,2.008,0,0,18,285,5,30,0
17-04 14:16:05,2.988,1.245,93.883,0.498,0,3988964,203128,173368,3563308,23707.304,1838.810,0,521.959,0,35.860,1694,2714,1.610,1.570,0.920,1,0,0,0,0,18,285,6,30,0
17-04 14:16:06,2.250,0.750,96.246,0.500,0,3988964,203128,173368,3563308,9389.596,1693.927,0,91.996,0,8.000,1103,1905,1.610,1.570,0.920,0,0,0,0,0,18,285,6,30,0
17-04 14:16:07,1.999,0.500,96.448,0,0,3988964,203128,173368,3563308,7362.002,1511.179,0,139.924,0,11.993,1027,1798,1.610,1.570,0.920,0,0,0,0,0,18,285,6,30,0
17-04 14:16:08,1.750,1.000,96.229,0,0,3988964,203128,173368,3563308,8398.178,1639.644,0,159.965,0,2.999,1133,1811,1.480,1.550,0.920,2,0,0,0,0,18,285,6,30,0
17-04 14:16:09,2.251,0.750,95.529,0,0.250,3988956,203128,173368,3563316,9034.783,1662.512,0,260.080,0,14.004,1268,2164,1.480,1.550,0.920,0,0,0,0,0,18,285,6,28,0
17-04 14:16:10,2.251,1.501,95.287,0.250,0.500,3988956,203128,173368,3563316,14259.518,1662.643,0,436.169,0,36.014,1274,2049,1.480,1.550,0.920,0,0,1.000,0,0,18,287,6,28,0
17-04 14:16:11,2.249,0.750,96.473,0,0,3988956,203128,173368,3563316,14221.975,1661.530,0,0,0,0,1132,1869,1.480,1.550,0.920,0,0,0,0,0,18,287,6,24,0
17-04 14:16:12,2.000,0.500,96.234,0,0,3988956,203128,173368,3563316,12681.857,1693.714,0,0,0,0,1022,1728,1.480,1.550,0.920,0,0,0,0,0,18,287,6,24,0
17-04 14:16:13,2.001,1.001,96.317,0,0,3988956,203128,173368,3563316,7513.192,1769.223,0,136.094,0,1.001,1143,1828,1.360,1.520,0.910,0,0,0,0,0,18,287,6,24,0
17-04 14:16:14,2.750,1.250,95.487,0.250,0,3988948,203128,173368,3563324,6901.061,1457.802,0,187.974,0,20.997,1268,2010,1.360,1.520,0.910,0,0,2.000,0,0,18,287,6,24,0
17-04 14:16:15,3.500,0.750,95.241,0,0,3988948,203128,173368,3563324,8813.128,1619.840,0,151.985,0,23.998,1458,2379,1.360,1.520,0.910,1,0,0,0,0,18,287,6,17,0
17-04 14:16:16,2.750,1.250,95.242,0,0,3988940,203128,173368,3563332,7616.398,1619.872,0,239.981,0,14.999,1107,1915,1.360,1.520,0.910,0,0,0,0,0,18,287,6,17,0
17-04 14:16:17,2.999,0.500,95.962,0,0.250,3988940,203128,173368,3563332,9066.437,1619.364,0,35.986,0,3.998,1131,1935,1.360,1.520,0.910,0,0,0,0,0,18,287,6,14,0
17-04 14:16:18,2.749,0.500,94.732,0,0.250,3988940,203128,173368,3563332,6342.820,647.879,0,91.983,0,13.997,1413,2359,1.250,1.500,0.910,0,0,0,0,0,18,287,6,14,0
17-04 14:16:19,8.010,3.254,87.357,0.501,0.250,3991736,199904,173408,3563720,230241.124,5266.430,396.484,328.401,12.015,26.032,1686,2497,1.250,1.500,0.910,0,0,19.023,0,0,18,287,6,8,0
17-04 14:16:20,10.782,3.761,82.999,0,0,3995452,195960,173416,3563940,350348.344,9394.164,212.637,216.650,9.027,10.030,1731,2227,1.250,1.500,0.910,1,0,27.081,0,0,18,287,6,8,0
