"pcp-dstat 6.2.0 CSV Output"
"Author:","PCP team <pcp@groups.io> and Dag Wieers <dag@wieers.com>",,,,"URL:","https://pcp.io/ and http://dag.wieers.com/home-made/dstat/"
"Host:","ubuntu",,,,"User:","ubuntu"
"Cmdline:","dstat -tcmndrylpg --tcp --output /tmp/devstack_logs/dstat-csv.log",,,,"Date:","18 May 2026 17:12:56 UTC"
"system","total usage",,,,,"memory usage",,,,"net/total",,"dsk/total",,"io/total",,"system",,"load avg",,,"procs",,,"paging",,"tcp sockets",,,,
"time","total usage:usr","total usage:sys","total usage:idl","total usage:wai","total usage:stl","used","free","buf","cach","net/total:recv","net/total:send","dsk/total:read","dsk/total:writ","read","writ","int","csw","1m","5m","15m","run","blk","new","in","out","lis","act","syn","tim","clo"
18-05 17:12:56,,1006576,1654996,161912,4999104,,,,,,,1.290,0.920,0.470,3,0,,,,10,4,0,17,0
18-05 17:12:57,17.744,20.493,60.231,0.750,0.250,1013708,1647176,162028,4999544,25726.766,11192.418,0,3334.933,0,85.972,6628,5566,1.350,0.940,0.480,1,0,495.841,0,0,10,5,0,17,0
18-05 17:12:58,21.973,19.227,57.430,0.499,0,1005304,1654772,162220,5000024,49676.545,15884.669,0,2161.370,0,74.909,6057,5482,1.350,0.940,0.480,7,0,352.571,0,0,10,6,0,17,0
18-05 17:12:59,28.889,17.682,51.302,0.498,0,1035960,1623508,162416,5000724,65374.062,13387.408,0,1713.397,0,56.781,5611,6260,1.350,0.940,0.480,3,1,292.871,0,0,10,6,0,17,0
18-05 17:13:00,28.385,10.550,60.035,0.502,0,1167040,1491416,162560,5125776,26426.536,13318.267,16.076,1446.873,1.005,47.224,4623,4175,1.350,0.940,0.480,1,0,105.501,0,0,11,7,0,17,1
18-05 17:13:01,34.092,12.442,51.512,0.995,0,1180440,1453252,163160,5148144,175754.594,7921.339,207.042,3336.558,8.959,114.470,4877,3765,1.350,0.940,0.480,3,0,190.120,0,0,11,6,0,19,2
18-05 17:13:02,42.521,7.003,48.024,1.251,0,1243312,1363396,164228,5170552,11644.756,1458.721,1692.837,6423.175,114.056,62.031,3287,1995,1.400,0.960,0.490,3,0,0,0,0,11,6,0,19,2
18-05 17:13:03,41.431,5.775,48.210,5.022,0,1292852,1288712,165044,5192756,9684.234,1627.096,128.561,11952.124,6.026,700.053,6951,7996,1.400,0.960,0.490,4,0,10.044,0,0,11,8,0,19,2
18-05 17:13:04,26.736,6.497,44.227,19.240,0.250,1284568,1273636,166856,5211732,11196.221,1619.164,0,44748.902,0,3240.327,17718,25489,1.400,0.960,0.490,1,1,45.976,0,0,11,8,0,19,2
18-05 17:13:05,33.678,8.232,43.906,13.222,0.499,1179688,1348456,168288,5237828,11541.191,1454.873,0,39598.879,0,2788.007,13810,18515,1.400,0.960,0.490,2,1,82.822,0,0,11,6,0,19,2
18-05 17:13:06,41.851,9.272,44.608,3.759,0,1249812,1292816,168608,5222776,9789.662,2105.088,0,15445.333,0,949.295,5564,4914,1.400,0.960,0.490,2,0,38.092,0,0,11,4,0,19,0
18-05 17:13:07,41.343,4.234,52.799,0.498,0,1286860,1249656,168700,5228376,16073.927,3954.973,0,6925.686,0,323.770,3373,1640,1.370,0.960,0.490,4,0,16.936,0,0,11,4,0,19,0
18-05 17:13:08,39.763,6.752,51.267,1.500,0,1280228,1253344,168792,5230892,43391.122,4562.485,0,7234.354,0,374.122,3957,3229,1.370,0.960,0.490,3,0,29.009,0,0,11,5,0,19,0
18-05 17:13:09,43.672,8.785,46.182,0.251,0.251,1306392,1222464,169180,5234056,6880.150,1638.466,0,1096.326,0,25.099,10729,18194,1.370,0.960,0.490,2,0,13.052,0,0,11,4,0,19,0
18-05 17:13:10,29.700,24.459,43.427,0,0,1270936,1257576,169260,5234268,11265.016,1617.275,0,191.677,0,5.990,12047,18969,1.370,0.960,0.490,3,0,406.315,0,0,11,4,0,19,0
18-05 17:13:11,33.810,21.538,44.078,0.250,0,1200940,1340224,169272,5223096,7020.495,1622.888,0,3902.947,0,203.362,6532,6404,1.370,0.960,0.490,3,0,388.692,0,0,11,4,0,19,0
18-05 17:13:12,41.337,15.190,41.586,0.249,0,1228368,1304880,169272,5231392,7479.518,1613.640,7673.753,123.513,77.694,2.988,5065,5215,1.340,0.960,0.500,3,0,237.066,0,0,11,5,0,19,0
18-05 17:13:13,45.529,5.253,49.032,0,0,1262072,1270188,169280,5232448,10473.777,1621.049,512.332,424.275,12.008,40.026,2794,1244,1.340,0.960,0.500,3,0,0,0,0,11,5,0,19,0
18-05 17:13:14,42.516,8.753,47.517,0,0.250,1290144,1240792,169320,5233732,13663.986,1662.607,0,740.270,0,62.023,2985,2981,1.340,0.960,0.500,5,0,1.000,0,0,11,5,0,19,0
18-05 17:13:15,11.998,6.499,80.986,0.250,0.250,1299872,1230080,169364,5234640,14537.556,1619.728,0,2255.621,0,50.991,2871,3058,1.340,0.960,0.500,1,0,117.980,0,0,11,4,0,20,0
18-05 17:13:16,19.752,5.500,73.757,0.250,0.250,1365596,1164344,169368,5234648,10008.882,1620.143,0,472.042,0,28.002,2121,1756,1.340,0.960,0.500,3,0,22.002,0,0,11,4,0,20,0
18-05 17:13:17,23.248,3.000,73.244,0,0,1398204,1131740,169368,5234648,8407.343,1457.886,0,14274.885,0,77.994,2031,1347,1.310,0.960,0.500,3,0,0,0,0,11,4,0,20,0
18-05 17:13:18,22.292,2.755,71.884,1.252,0.250,1355512,1174108,169460,5234880,9926.494,1665.102,0,1959.651,0,197.368,3928,4646,1.310,0.960,0.500,1,0,9.017,0,0,11,4,0,22,0
18-05 17:13:19,20.462,5.739,72.116,0.499,0,1368664,1160508,169656,5235104,11703.249,1616.995,371.310,2555.251,12.976,144.731,2519,2041,1.310,0.960,0.500,2,0,33.937,0,0,11,4,0,22,0
18-05 17:13:20,23.233,2.748,72.696,0.749,0,1394532,1134048,169704,5235532,35111.101,1618.806,267.802,1291.048,65.951,25.981,2740,2632,1.310,0.960,0.500,3,0,0.999,0,0,11,17,0,22,0
18-05 17:13:21,21.568,5.517,72.980,0.251,0,1416148,1112404,169708,5235552,9036.510,1462.614,0,1115.519,0,18.057,2720,2221,1.310,0.960,0.500,2,0,45.142,0,0,11,28,0,16,0
18-05 17:13:22,22.915,4.732,71.235,0,0.249,1420164,1108372,169708,5235568,11878.794,1655.838,0,40274.124,0,242.099,3123,2470,1.280,0.960,0.500,2,0,0,0,0,11,28,0,16,0
18-05 17:13:23,30.533,13.515,54.809,0,0,1438740,1089776,169708,5235588,12389.351,1621.748,0,12.013,0,3.003,3677,2461,1.280,0.960,0.500,3,0,156.168,0,0,11,28,0,16,0
18-05 17:13:24,44.263,6.252,47.764,0,0,1488396,1039696,169716,5235996,6687.950,1620.473,0,1272.371,0,21.006,6434,8416,1.280,0.960,0.500,2,0,1.000,0,0,11,29,0,18,0
18-05 17:13:25,56.660,26.575,16.547,0.251,0,1489428,1038660,169716,5236000,7186.234,1462.117,0,2591.296,0,43.121,5818,5101,1.280,0.960,0.500,6,0,579.632,0,0,11,28,0,18,0
18-05 17:13:26,82.753,16.751,0.250,0,0.500,1729704,798340,169716,5236044,10412.418,1620.065,0,2860.115,0,108.004,6301,4837,1.280,0.960,0.500,7,0,0,0,0,11,29,0,18,0
18-05 17:13:27,83.751,13.500,2.250,0,0.250,1686100,841744,169720,5236240,10004.119,1620.019,0,2360.028,0,44.001,8591,11594,1.580,1.030,0.530,8,0,140.002,0,0,11,28,0,18,0
18-05 17:13:28,28.408,10.217,60.056,0,0,1601080,926644,169732,5236316,9305.977,1453.311,0,466.495,0,37.878,4648,4965,1.580,1.030,0.530,3,0,169.453,0,0,11,28,0,18,0
18-05 17:13:29,22.967,2.996,73.645,0,0,1582772,944944,169736,5236320,7319.589,1617.699,0,119.830,0,7.989,2170,1687,1.580,1.030,0.530,2,0,0,0,0,11,29,0,17,0
18-05 17:13:30,18.271,7.258,72.084,0,0,1523372,1004324,169740,5236336,12266.227,1621.881,0,208.242,0,20.023,3571,3547,1.580,1.030,0.530,2,0,68.079,0,0,11,28,0,17,0
18-05 17:13:31,22.772,3.503,73.321,0.250,0,1534312,993372,169740,5236348,9145.824,1621.564,0,1181.140,0,120.116,3061,2895,1.580,1.030,0.530,2,0,0,0,0,11,29,0,17,0
18-05 17:13:32,10.520,19.286,68.128,0.250,0.250,1424084,1103548,169768,5236372,5709.722,1623.048,0,27259.188,0,199.374,5941,4823,1.540,1.030,0.530,2,0,396.745,0,0,11,28,0,17,0
18-05 17:13:33,49.659,28.947,21.211,0.250,0.250,1492968,1034664,169780,5236360,6638.803,1455.326,0,846.445,0,22.958,6057,4971,1.540,1.030,0.530,6,0,640.823,0,0,11,28,0,16,0
18-05 17:13:34,87.696,11.275,0.251,0,0.251,1705692,821824,169800,5236420,10777.065,1623.626,0,926.068,0,58.130,6624,5482,1.540,1.030,0.530,6,0,1.002,0,0,11,31,0,16,0
18-05 17:13:35,81.506,14.001,4.000,0,0.250,1662664,864324,169820,5236928,14923.137,1620.123,0,528.040,0,67.005,8822,15744,1.540,1.030,0.530,8,0,171.013,0,0,11,29,0,18,0
18-05 17:13:36,82.508,17.252,0,0,0,1651764,875164,169880,5236928,11206.079,1620.156,0,4072.392,0,221.021,6369,5270,1.540,1.030,0.530,6,0,139.013,0,0,11,28,0,18,0
18-05 17:13:37,87.003,11.000,1.750,0,0,1788444,738368,169880,5237032,10028.378,1620.061,0,264.010,0,12.000,7228,9878,1.890,1.110,0.560,5,0,0,0,0,11,31,0,18,0
18-05 17:13:38,68.456,16.739,13.991,0.500,0,1664420,862260,169884,5237280,11462.667,1618.964,0,66501.458,0,680.565,10655,14584,1.890,1.110,0.560,2,0,267.829,0,0,11,28,0,19,0
18-05 17:13:39,42.061,8.213,48.034,0,0.249,1578552,948092,169884,5237316,6505.789,1612.759,0,250.874,0,12.942,3134,2231,1.890,1.110,0.560,3,0,29.866,0,0,11,28,0,19,0
18-05 17:13:40,48.987,16.580,34.165,0,0,1560192,966284,169896,5237472,11379.066,1465.090,0,992.804,0,32.156,5999,7679,1.890,1.110,0.560,5,0,329.595,0,0,11,28,0,20,0
18-05 17:13:41,66.244,9.999,22.748,0,0.500,1617228,909188,169900,5237528,9770.158,1713.852,0,275.976,0,12.999,4374,2904,1.890,1.110,0.560,5,0,49.996,0,0,11,28,0,20,0
18-05 17:13:42,59.279,17.258,22.511,0,0,1519036,1007312,169916,5237580,9503.653,1620.794,0,524.257,0,48.024,7929,10437,1.900,1.130,0.570,4,0,258.126,0,0,11,28,0,21,0
18-05 17:13:43,85.411,12.237,2.248,0,0,1638668,887632,169920,5237624,9244.418,1618.323,0,303.685,0,8.991,5420,3754,1.900,1.130,0.570,4,0,0,0,0,11,29,0,21,0
18-05 17:13:44,66.565,17.267,15.015,0,0.250,1582648,943568,169928,5237700,11226.894,1459.416,0,528.513,0,39.038,8392,12490,1.900,1.130,0.570,5,0,326.317,0,0,11,28,0,22,0
18-05 17:13:45,68.248,11.750,19.999,0.250,0,1592292,933832,169932,5237756,9622.671,1619.945,0,271.991,0,21.999,5075,9495,1.900,1.130,0.570,5,0,40.999,0,0,11,29,0,21,0
18-05 17:13:46,57.002,18.001,23.751,0.250,0,1496160,1029696,169944,5238012,13839.477,1620.056,0,404.014,0,39.001,8291,11002,1.900,1.130,0.570,5,0,299.010,0,0,11,28,0,22,0
18-05 17:13:47,64.174,9.988,25.220,0,0,1608140,917552,169952,5238168,10307.776,1456.273,0,2676.826,0,89.893,3964,2228,1.990,1.160,0.580,4,0,0,0,0,11,31,0,22,0
18-05 17:13:48,55.694,17.732,25.474,0.250,0,1486068,1039436,169956,5238352,7520.410,1618.367,0,527.468,0,28.971,7312,9614,1.990,1.160,0.580,4,0,286.711,0,0,11,28,0,23,0
18-05 17:13:49,64.295,10.257,24.767,0,0.500,1604520,920964,169964,5238364,13323.342,1621.137,0,272.191,0,12.008,3982,1972,1.990,1.160,0.580,6,0,0,0,0,11,28,0,19,0
18-05 17:13:50,59.344,12.770,27.293,0.250,0,1519464,1005728,169984,5238636,31933.823,1622.582,0,420.670,0,42.067,7224,9346,1.990,1.160,0.580,3,0,112.179,0,0,11,28,0,19,0
18-05 17:13:51,65.657,8.987,25.214,0,0.250,1588412,936624,169984,5238792,8357.183,1455.941,0,235.667,0,12.982,4461,2887,1.990,1.160,0.580,3,0,0,0,0,11,29,0,19,0
18-05 17:13:52,53.956,17.236,27.727,0,0,1457652,1067328,169992,5238840,10277.544,1618.668,0,427.648,0,45.962,8163,9767,2.150,1.210,0.600,6,0,319.737,0,0,11,28,0,20,0
18-05 17:13:53,77.404,22.294,0,0,0.250,1617152,907788,169996,5238876,10579.101,1623.238,0,500.999,0,25.050,5608,4552,2.150,1.210,0.600,7,0,434.867,0,0,11,28,0,17,0
18-05 17:13:54,80.989,18.440,0.748,0,0,1758168,766700,169996,5238952,10540.987,1614.789,0,267.138,0,9.968,6306,6074,2.150,1.210,0.600,9,0,320.964,0,0,11,28,0,17,1
18-05 17:13:55,76.757,21.321,1.003,0,0.251,1715300,809380,170040,5239100,7779.067,1625.447,0,1577.285,0,113.380,8119,10498,2.150,1.210,0.600,10,0,418.402,0,0,11,29,0,18,0
18-05 17:13:56,76.708,23.237,0,0,0,1611972,912388,170056,5239416,8381.387,1619.109,0,423.767,0,36.980,6366,6146,2.150,1.210,0.600,5,0,361.801,0,0,11,28,0,19,0
18-05 17:13:57,86.210,10.495,2.499,0,0,1697936,826408,170060,5239428,14295.420,1619.255,0,143.934,0,5.997,6354,6520,2.300,1.250,0.620,9,0,0,0,0,11,31,0,19,0
18-05 17:13:58,70.059,19.266,10.008,0,0.250,1507992,1016092,170064,5239684,10624.958,1621.367,0,124.105,0,11.009,9392,14954,2.300,1.250,0.620,4,0,407.343,0,0,11,28,0,20,0
18-05 17:13:59,16.004,27.006,55.262,0,0.250,1518312,1005736,170064,5239720,9478.080,1620.356,0,572.126,0,24.005,6741,5756,2.300,1.250,0.620,3,0,707.155,0,0,11,28,0,20,0
18-05 17:14:00,72.502,24.751,2.500,0,0.250,1582244,941740,170064,5239768,7690.262,1458.050,0,208.007,0,16.001,5546,4381,2.300,1.250,0.620,4,0,488.017,0,0,11,28,0,20,0
18-05 17:14:01,79.205,12.493,7.995,0.250,0,1623632,900268,170092,5239824,11578.466,1661.063,0,343.806,0,40.977,7826,10092,2.300,1.250,0.620,4,0,133.924,0,0,11,29,0,20,0
18-05 17:14:02,80.781,17.006,1.501,0,0,1620220,903484,170104,5240008,8045.057,1620.616,0,296.113,0,24.009,5628,4736,2.440,1.300,0.630,4,0,134.051,0,0,11,28,0,19,0
18-05 17:14:03,74.756,9.001,14.751,0,0.250,1639844,883616,170108,5240248,7937.596,1620.122,0,184.014,0,8.001,8153,15040,2.440,1.300,0.630,3,0,0,0,0,11,31,0,20,0
18-05 17:14:04,72.894,12.482,14.229,0,0,1564352,959016,170108,5240336,7831.649,1617.655,0,511.259,0,48.929,10200,16081,2.440,1.300,0.630,4,0,90.868,0,0,11,29,0,20,0
18-05 17:14:05,83.074,12.761,4.004,0,0,1624048,899140,170120,5240504,9527.488,1459.300,0,268.239,0,22.020,6169,5719,2.440,1.300,0.630,6,0,30.027,0,0,11,29,0,20,0
18-05 17:14:06,75.043,9.505,14.008,0,0.250,1665336,857592,170120,5240764,12272.026,1620.928,0,148.085,0,9.005,8348,16200,2.440,1.300,0.630,5,0,55.032,0,0,11,29,0,22,0
18-05 17:14:07,76.750,16.500,6.500,0,0,1582948,939732,170124,5241004,10632.990,1619.998,0,148.000,0,9.000,7986,12389,2.480,1.330,0.650,4,0,150.000,0,0,11,28,0,22,0
18-05 17:14:08,80.155,12.985,5.743,0,0,1654340,868248,170132,5241084,9006.300,1456.270,0,163.805,0,9.988,6893,9990,2.480,1.330,0.650,6,0,54.935,0,0,11,30,0,22,0
18-05 17:14:09,80.301,13.509,6.254,0,0.250,1515596,1006908,170152,5241168,9958.358,1621.035,0,600.383,0,75.048,6751,11777,2.480,1.330,0.650,6,0,102.065,0,0,11,28,0,22,0
18-05 17:14:10,84.801,12.257,2.501,0,0.250,1635876,886472,170152,5241320,6686.997,1620.969,0,116.069,0,6.004,4997,3520,2.480,1.330,0.650,5,0,26.016,0,0,11,29,0,23,0
18-05 17:14:11,75.499,12.750,9.750,0,0,1555832,966228,170172,5241584,92025.525,1457.977,0,1843.970,0,43.999,9175,16174,2.480,1.330,0.650,5,0,119.998,0,0,11,28,0,23,0
18-05 17:14:12,82.107,16.173,1.493,0,0.249,1609628,912424,170176,5241588,57299.419,1612.274,0,179.142,0,7.962,4968,3248,2.600,1.370,0.670,6,0,140.328,0,0,11,29,0,23,0
18-05 17:14:13,82.596,12.553,4.770,0,0.251,1627236,894576,170180,5241816,11077.430,1626.819,0,152.640,0,10.042,6768,11295,2.600,1.370,0.670,4,0,86.362,0,0,11,28,0,25,0
18-05 17:14:14,84.091,14.473,0.998,0,0,1634764,887044,170180,5241820,7227.338,1616.943,0,179.660,0,9.981,4739,2819,2.600,1.370,0.670,5,0,68.870,0,0,11,28,0,25,0
18-05 17:14:15,70.069,14.264,14.264,0.250,0,1581664,939912,170208,5242024,26430.149,1621.604,0,532.527,0,64.063,8863,11694,2.600,1.370,0.670,3,0,258.256,0,0,11,28,0,25,0
18-05 17:14:16,65.445,9.742,24.479,0,0.500,1622160,899384,170208,5242052,14085.203,1618.644,0,211.823,0,9.992,4354,2478,2.600,1.370,0.670,4,0,0,0,0,11,28,0,25,0
18-05 17:14:17,59.359,12.273,27.300,0,0,1517492,1003936,170212,5242160,11030.319,1460.691,0,244.450,0,20.037,8146,11054,2.640,1.400,0.680,3,0,162.299,0,0,11,28,0,25,0
18-05 17:14:18,65.254,10.751,24.251,0,0,1604932,916484,170212,5242172,8386.499,1620.096,0,4548.271,0,153.009,4418,2547,2.640,1.400,0.680,3,0,20.001,0,0,11,28,0,24,0
18-05 17:14:19,53.478,12.495,32.237,0.250,0,1501520,1019416,170224,5242628,6038.498,1619.329,0,527.781,0,41.983,8360,12060,2.640,1.400,0.680,3,0,172.928,0,0,11,28,0,24,0
18-05 17:14:20,41.203,8.490,48.944,0,0.250,1518248,1002684,170224,5242632,32453.126,1618.161,0,179.796,0,10.988,3467,2322,2.640,1.400,0.680,4,0,47.946,0,0,11,29,0,24,0
18-05 17:14:21,41.550,10.012,47.807,0,0.250,1463704,1057012,170228,5242844,11754.064,1621.941,0,392.470,0,37.044,5929,7405,2.640,1.400,0.680,4,0,104.125,0,0,11,32,0,24,0
18-05 17:14:22,43.186,8.238,47.680,0,0.250,1502412,1018288,170228,5242820,5352.130,1659.560,0,191.718,0,10.984,3270,2216,2.580,1.410,0.690,3,0,37.944,0,0,11,32,0,22,0
18-05 17:14:23,41.076,10.207,47.300,0.498,0,1478712,1041952,170232,5242848,9261.848,1613.181,0,362.468,0,31.865,5962,6442,2.580,1.410,0.690,4,0,64.726,0,0,11,32,0,23,0
18-05 17:14:24,43.975,6.785,49.001,0,0,1496144,1024476,170240,5242880,10353.071,1465.512,0,245.257,0,12.062,4035,4356,2.580,1.410,0.690,3,0,1.005,0,0,11,33,0,23,0
18-05 17:14:25,42.148,8.230,47.634,0.249,0,1455716,1064852,170248,5242924,9818.130,1616.071,0,391.049,0,35.913,4559,5645,2.580,1.410,0.690,3,0,47.884,0,0,11,32,0,24,0
18-05 17:14:26,45.583,5.760,48.588,0,0.250,1481800,1038604,170256,5243080,10431.902,1622.941,0,180.327,0,11.020,4157,4350,2.580,1.410,0.690,3,0,0,0,0,11,33,0,23,0
18-05 17:14:27,31.990,12.246,55.232,0.500,0,1380544,1139752,170264,5243176,5817.118,1499.515,0,407.868,0,37.988,5915,6918,2.620,1.440,0.700,2,0,281.909,0,0,11,32,0,23,0
18-05 17:14:28,22.790,3.005,73.127,0,0,1402396,1117880,170264,5243196,9713.845,1622.814,0,212.368,0,10.017,3103,3251,2.620,1.440,0.700,1,0,0,0,0,11,33,0,23,0
18-05 17:14:29,13.710,14.707,70.044,0,0.249,1382572,1137672,170276,5243216,10597.839,1615.251,0,458.651,0,32.903,5199,4660,2.620,1.440,0.700,2,0,283.167,0,0,11,32,0,23,0
18-05 17:14:30,22.280,3.505,73.349,0,0,1442424,1077812,170276,5243224,7179.681,1459.969,0,204.275,0,10.014,2032,1692,2.620,1.440,0.700,3,0,0,0,0,11,32,0,23,0
18-05 17:14:31,20.978,5.994,72.173,0.250,0,1420200,1100004,170280,5243248,12683.513,1618.279,0,731.222,0,50.946,4027,4596,2.620,1.440,0.700,3,0,45.951,0,0,11,32,0,23,0
18-05 17:14:32,21.982,3.247,73.439,0,0,1423372,1096828,170280,5243252,8359.029,1618.650,0,279.767,0,35.970,2129,1684,2.490,1.430,0.700,2,0,0,0,0,11,32,0,23,0
18-05 17:14:33,19.824,8.030,70.763,0,0,1397708,1122224,170288,5243508,10588.309,1463.433,0,136.507,0,15.056,5865,7155,2.490,1.430,0.700,1,0,107.399,0,0,11,32,0,23,0
18-05 17:14:34,10.503,24.258,64.271,0,0.250,1396064,1123764,170288,5243608,11607.793,1620.530,0,344.112,0,15.005,6121,4671,2.490,1.430,0.700,3,0,483.158,0,0,11,34,0,24,0
18-05 17:14:35,42.676,8.485,48.167,0.250,0.250,1475608,1043956,170316,5243840,7482.075,1617.206,35.938,571.014,0.998,31.945,3357,2415,2.490,1.430,0.700,4,0,36.936,0,0,11,32,0,25,0
18-05 17:14:36,37.228,7.246,45.723,8.245,0,1531476,981780,170696,5249160,13372.191,1619.055,435.746,17038.050,16.990,1580.077,12697,16781,2.490,1.430,0.700,3,1,70.959,0,0,11,36,0,25,0
18-05 17:14:37,34.064,8.767,40.076,14.778,0,1482832,1026384,171472,5252204,12293.227,1623.067,0,44500.078,0,3664.924,20501,28719,2.610,1.470,0.720,2,1,85.161,0,0,11,36,0,25,0
18-05 17:14:38,38.896,7.231,43.883,8.477,0.249,1475744,1033188,171748,5252188,8768.533,1615.676,0,28954.511,0,2263.941,13696,18211,2.610,1.470,0.720,3,0,21.941,0,0,11,32,0,22,0
18-05 17:14:39,44.119,6.267,46.124,2.005,0,1551004,957840,171800,5252220,10039.973,1624.364,0,11218.139,0,650.748,5207,4887,2.610,1.470,0.720,3,1,2.005,0,0,11,34,0,22,0
18-05 17:14:40,34.975,6.495,46.217,10.742,0.250,1606784,901004,172396,5252684,12082.314,1618.836,0,19042.310,0,2915.904,14896,24856,2.610,1.470,0.720,4,0,1.999,0,0,11,34,0,22,0
18-05 17:14:41,28.870,7.466,60.976,1.244,0,1537800,969808,172520,5252732,13246.411,1706.324,0,5841.721,0,372.325,4092,4157,2.610,1.470,0.720,4,0,98.557,0,0,11,32,0,22,0
18-05 17:14:42,22.537,3.506,73.369,0.501,0,1540148,967424,172536,5252752,7333.895,1460.369,0,1726.801,0,54.088,1947,1500,2.480,1.460,0.720,2,0,3.005,0,0,11,32,0,22,0
18-05 17:14:43,22.278,4.005,71.088,1.502,0,1521332,986152,172620,5252756,6392.934,1622.013,0,7573.399,0,413.513,2892,3213,2.480,1.460,0.720,2,0,0,0,0,11,32,0,20,0
18-05 17:14:44,22.006,4.001,73.269,0,0,1466408,1041064,172620,5252768,11051.845,1620.417,0,4.001,0,1.000,1868,1224,2.480,1.460,0.720,2,0,4.001,0,0,11,32,0,20,0
18-05 17:14:45,26.065,8.020,65.162,0,0.251,1475788,1031668,172620,5252772,7325.262,1624.049,0,0,0,0,3114,13591,2.480,1.460,0.720,3,0,44.110,0,0,11,32,0,21,0
18-05 17:14:46,21.697,3.242,73.320,0,0,1411384,1095996,172620,5252848,10965.070,1454.428,0,0,0,0,1796,1204,2.480,1.460,0.720,2,0,0.998,0,0,11,32,0,21,0
18-05 17:14:47,22.180,3.240,74.017,0,0.249,1477748,1029632,172620,5252848,11873.675,1614.924,0,0,0,0,1816,1264,2.360,1.450,0.720,3,0,0,0,0,11,32,0,18,0
18-05 17:14:48,22.240,3.748,72.966,0,0,1469200,1038080,172624,5252936,9539.498,1739.179,0,183.913,0,1.999,1841,1188,2.360,1.450,0.720,3,0,2.999,0,0,11,32,0,18,0
18-05 17:14:49,22.003,3.501,74.011,0,0.250,1511668,995588,172624,5252960,9101.355,1578.235,0,0,0,0,1820,1334,2.360,1.450,0.720,2,0,1.000,0,0,11,32,0,18,0
18-05 17:14:50,21.332,4.768,73.029,0,0,1570868,936380,172628,5252964,28891.492,1626.219,0,152.584,0,10.038,2078,1808,2.360,1.450,0.720,3,0,2.008,0,0,11,32,0,18,0
18-05 17:14:51,22.937,3.989,73.549,0.249,0,1552424,954788,172644,5252984,8673.239,1735.246,0,382.951,0,28.921,1861,1323,2.360,1.450,0.720,2,0,0.997,0,0,11,32,0,17,0
18-05 17:14:52,21.984,2.998,73.446,0,0,1534808,972368,172644,5253016,11467.497,1660.769,0,0,0,0,1844,1278,2.250,1.450,0.720,2,0,0.999,0,0,11,32,0,17,0
18-05 17:14:53,21.113,4.524,73.391,0,0,1515324,991852,172644,5253016,9945.015,1508.039,0,241.286,0,52.279,1972,1378,2.250,1.450,0.720,1,0,2.011,0,0,11,32,0,17,0
18-05 17:14:54,19.689,6.480,73.273,0,0.498,1509468,997596,172644,5253124,10547.352,1615.001,0,0,0,0,2660,1847,2.250,1.450,0.720,2,0,79.753,0,0,11,32,0,17,0
18-05 17:14:55,8.524,21.562,68.445,0,0,1483932,1023056,172644,5253188,22266.589,1624.640,0,982.807,0,12.034,6525,5164,2.250,1.450,0.720,1,0,548.567,0,0,11,32,0,16,0
18-05 17:14:56,7.748,20.746,69.237,0,0,1464992,1041812,172644,5253364,12029.666,1619.686,0,455.912,0,9.998,6049,4701,2.250,1.450,0.720,2,0,436.915,0,0,11,32,0,16,0
18-05 17:14:57,11.975,15.967,70.854,0,0.249,1458608,1048168,172644,5253392,17453.002,1616.665,0,0,0,0,4826,3710,2.150,1.440,0.730,2,0,305.370,0,0,11,32,0,16,0
18-05 17:14:58,21.743,4.249,73.725,0,0,1512924,993860,172644,5253380,5139.275,1457.511,0,451.848,0,83.972,1869,1314,2.150,1.440,0.730,2,0,1.999,0,0,11,32,0,16,0
18-05 17:14:59,23.181,2.991,73.532,0,0,1497504,1009260,172644,5253396,9362.204,1615.204,0,15.953,0,0.997,1765,1209,2.150,1.440,0.730,3,0,0.997,0,0,11,32,0,13,0
18-05 17:15:00,21.077,4.516,73.266,0.251,0,1550692,956080,172648,5253384,10678.788,1625.906,0,152.554,0,9.033,2040,1779,2.150,1.440,0.730,2,0,2.007,0,0,11,32,0,13,0
18-05 17:15:01,21.987,3.498,73.457,0,0,1515888,990856,172656,5253404,8638.964,1619.056,0,411.760,0,29.983,1831,1408,2.150,1.440,0.730,2,0,0.999,0,0,11,32,0,13,0
18-05 17:15:02,22.216,3.744,72.890,0,0,1555464,951292,172656,5253392,9522.582,1659.487,0,3.994,0,0.998,1912,1387,2.060,1.430,0.730,2,0,4.992,0,0,11,32,0,13,0
18-05 17:15:03,22.482,3.247,73.690,0,0.250,1506068,1000676,172656,5253404,10138.797,1618.690,0,11.990,0,0.999,1821,1237,2.060,1.430,0.730,3,0,0.999,0,0,11,32,0,11,0
18-05 17:15:04,21.487,3.748,73.454,0,0,1534856,971908,172656,5253384,11636.751,1618.992,0,19.988,0,0.999,1869,1253,2.060,1.430,0.730,3,0,2.998,0,0,11,32,0,11,0
18-05 17:15:05,22.755,3.001,73.517,0,0,1486516,1020228,172656,5253404,11301.626,1458.339,0,460.107,0,5.001,1837,1248,2.060,1.430,0.730,3,0,1.000,0,0,11,32,0,11,0
18-05 17:15:06,22.108,3.266,73.862,0,0,1510512,996244,172656,5253392,9072.469,1627.980,0,104.512,0,3.015,1756,1144,2.060,1.430,0.730,1,0,2.010,0,0,11,32,0,11,0
18-05 17:15:07,21.692,3.989,73.803,0,0,1483320,1023420,172656,5253408,12128.625,1615.687,0,7.979,0,0.997,1823,1316,1.970,1.420,0.730,3,0,0.997,0,0,11,32,0,9,0
18-05 17:15:08,22.760,3.251,73.783,0,0.250,1465140,1041600,172656,5253408,10673.825,1458.659,0,32.014,0,2.001,1820,1179,1.970,1.420,0.730,3,0,3.001,0,0,11,32,0,9,0
18-05 17:15:09,22.272,3.253,73.573,0.250,0,1519156,987672,172656,5253320,6258.193,1621.605,0,308.305,0,63.062,1803,1287,1.970,1.420,0.730,3,0,0,0,0,11,32,0,9,0
18-05 17:15:10,22.432,3.489,73.029,0,0.249,1502940,1003868,172664,5253328,9710.638,1615.116,0,2508.415,0,88.732,2078,1555,1.970,1.420,0.730,2,0,2.991,0,0,11,32,0,9,0
18-05 17:15:11,21.732,3.747,73.189,0,0,1493076,1013648,172672,5253404,98426.184,1456.789,0,519.568,0,29.975,1830,1359,1.970,1.420,0.730,2,0,0,0,0,11,32,0,8,0
18-05 17:15:12,21.237,3.998,73.956,0,0,1490716,1015996,172672,5253416,10718.673,1619.044,0,0,0,0,1819,1294,1.900,1.420,0.730,4,0,0.999,0,0,11,32,0,8,0
18-05 17:15:13,22.575,3.512,73.745,0,0,1490268,1016444,172672,5253416,7185.851,1625.395,0,20.067,0,1.003,1758,1141,1.900,1.420,0.730,2,0,3.010,0,0,11,32,0,8,0
18-05 17:15:14,21.739,3.998,73.461,0,0,1507284,999420,172672,5253424,5973.840,1619.144,0,119.937,0,24.987,1831,1405,1.900,1.420,0.730,3,0,0.999,0,0,11,32,0,8,0
18-05 17:15:15,22.488,3.498,73.460,0,0,1485864,1020840,172672,5253424,10392.374,1457.211,0,23.987,0,0.999,1839,1347,1.900,1.420,0.730,2,0,0.999,0,0,11,32,0,6,0
18-05 17:15:16,22.206,3.244,73.356,0.250,0,1513596,993120,172672,5253412,10395.579,1616.824,0,75.851,0,2.994,1746,1230,1.900,1.420,0.730,2,0,1.996,0,0,11,32,0,6,0
18-05 17:15:17,9.300,21.113,68.617,0,0.251,1466364,1040292,172672,5253472,10692.193,1628.712,0,257.377,0,11.059,5887,4554,1.980,1.440,0.740,1,0,462.474,0,0,11,32,0,6,0
18-05 17:15:18,21.445,4.239,73.811,0,0.499,1475156,1031500,172672,5253472,7365.184,1615.872,0,0,0,0,1814,1329,1.980,1.440,0.740,2,0,0,0,0,11,32,0,6,0
18-05 17:15:19,21.956,3.992,73.604,0,0,1460708,1045688,172672,5253724,9448.239,1616.790,0,0,0,0,1883,1207,1.980,1.440,0.740,3,0,8.982,0,0,11,32,0,6,0
18-05 17:15:20,21.982,3.747,72.939,0,0,1474888,1031508,172672,5253724,30960.225,1618.652,0,399.667,0,38.968,2059,1807,1.980,1.440,0.740,3,0,0,0,0,11,32,0,6,0
18-05 17:15:21,13.571,17.090,68.108,0,0,1442736,1063512,172676,5253864,8550.917,1628.555,40.211,414.176,2.011,25.132,4878,3674,1.980,1.440,0.740,1,0,342.801,0,0,11,32,0,6,0
18-05 17:15:22,7.748,21.245,69.235,0,0.250,1435556,1070660,172676,5253892,6464.606,1457.686,0,111.976,0,3.999,5818,4381,1.910,1.440,0.750,3,0,416.910,0,0,11,32,0,6,0
18-05 17:15:23,8.758,22.271,67.813,0,0,1435280,1070916,172676,5253912,10309.504,1663.534,0,212.196,0,5.005,6759,5468,1.910,1.440,0.750,1,0,576.531,0,0,11,32,0,6,0
18-05 17:15:24,8.490,22.225,68.172,0,0,1425768,1080364,172676,5253960,7490.474,1618.158,0,1438.363,0,15.982,6717,5583,1.910,1.440,0.750,3,0,597.320,0,0,11,32,0,5,0
18-05 17:15:25,8.760,21.776,68.330,0,0,1416700,1089388,172676,5253988,9966.719,1621.907,0,1105.300,0,12.014,6193,4756,1.910,1.440,0.750,2,0,486.572,0,0,11,32,0,5,0
18-05 17:15:26,8.491,20.230,69.180,0,0,1414368,1091676,172676,5254016,14619.194,1618.361,0,807.183,0,37.962,6117,4686,1.910,1.440,0.750,1,0,451.543,0,0,11,32,0,5,0
18-05 17:15:27,7.748,21.244,69.979,0,0.250,1404124,1101888,172676,5254048,9989.015,1661.503,0,195.941,0,6.998,5804,4318,1.830,1.430,0.750,2,0,404.879,0,0,11,32,0,5,0
18-05 17:15:28,8.508,21.771,68.064,0,0,1387864,1118120,172676,5254072,9680.159,1621.534,0,248.235,0,12.011,6237,4854,1.830,1.430,0.750,1,0,496.470,0,0,11,32,0,3,0
18-05 17:15:29,9.000,20.999,69.497,0,0,1334056,1171756,172676,5254236,5974.783,1457.947,0,39.999,0,10.000,6478,5389,1.830,1.430,0.750,3,0,552.980,0,0,11,32,0,3,0
18-05 17:15:30,37.029,28.272,33.776,0.500,0,1432908,1072796,172704,5254288,4777.728,1621.265,0,1052.821,0,65.051,7190,6970,1.830,1.430,0.750,4,0,745.582,0,0,11,32,0,9,0
18-05 17:15:31,63.249,11.500,24.000,0.250,0.500,1651796,852868,172728,5255304,12027.837,1619.978,16.000,1319.982,1.000,159.998,4329,2114,1.830,1.430,0.750,4,0,2.000,0,0,11,32,0,9,0
18-05 17:15:32,43.243,8.499,32.745,14.248,0,1665540,826716,173500,5265648,7226.805,1457.759,427.929,36238.006,8.999,2708.552,18480,26210,2.010,1.470,0.760,1,1,107.982,0,0,11,38,0,11,0
18-05 17:15:33,34.494,11.415,33.005,18.860,0.248,1628444,856024,173928,5272760,10821.577,1608.049,0,73065.004,0,4791.392,23040,35519,2.010,1.470,0.760,4,0,119.115,0,0,11,36,0,11,0
18-05 17:15:34,37.773,9.066,33.744,16.117,0,1648816,828092,174128,5279824,12445.036,1631.806,0,54071.187,0,3974.756,21735,32566,2.010,1.470,0.760,4,1,52.379,0,0,11,36,0,11,0
18-05 17:15:35,37.259,11.003,31.758,17.504,0,1686332,783988,174436,5285880,13739.363,1458.357,0,50884.456,0,4270.045,20602,31281,2.010,1.470,0.760,3,1,103.025,0,0,11,36,0,11,0
18-05 17:15:36,41.727,17.490,27.235,11.744,0.250,1656376,807024,175008,5292376,10118.431,1619.109,371.795,36244.051,5.997,2614.561,17622,26421,2.010,1.470,0.760,16,1,319.824,0,0,11,35,0,10,0
18-05 17:15:37,44.023,18.510,25.263,10.005,0,1628392,829272,175308,5297148,7122.734,1620.850,1116.585,39689.805,20.010,2829.483,20612,31889,2.410,1.560,0.800,3,1,202.106,0,0,11,34,0,11,0
18-05 17:15:38,34.165,12.469,35.910,15.461,0,1656868,795824,175504,5301716,10001.045,1454.371,666.337,46324.408,11.970,3348.644,18695,27321,2.410,1.560,0.800,3,0,127.681,0,0,11,34,0,11,0
18-05 17:15:39,34.081,8.270,41.849,14.284,0,1647052,803488,175596,5303712,7967.843,1623.840,0,44910.207,0,3405.053,21030,32507,2.410,1.560,0.800,6,0,39.092,0,0,11,35,0,11,0
18-05 17:15:40,28.500,11.000,42.250,15.000,0.250,1609676,837688,175732,5306684,15098.175,1620.019,0,39364.455,0,3177.037,16892,25971,2.410,1.560,0.800,4,1,113.001,0,0,11,34,0,12,0
18-05 17:15:41,33.186,8.234,40.671,15.470,0,1628268,820264,175928,5305296,13313.181,1710.682,0,40349.749,0,3193.806,16857,27539,2.410,1.560,0.800,4,1,11.977,0,0,11,35,0,13,0
18-05 17:15:42,33.571,8.518,41.838,14.531,0.251,1566444,880076,176152,5307064,59797.127,1623.424,0,42325.274,0,3471.322,20563,30812,2.690,1.640,0.830,3,2,63.133,0,0,11,36,0,13,0
18-05 17:15:43,33.494,6.999,40.492,16.497,0.250,1616868,829240,176308,5307292,10607.941,1619.686,0,42699.714,0,3522.316,18817,28915,2.690,1.640,0.830,1,1,20.996,0,0,11,36,0,14,0
18-05 17:15:44,35.998,7.000,42.747,11.499,0,1610492,833832,176404,5308936,8463.470,1619.898,0,34573.834,0,2914.817,19184,30697,2.690,1.640,0.830,4,1,30.998,0,0,11,36,0,15,0
18-05 17:15:45,37.489,9.247,37.989,13.246,0,1580760,861360,176468,5313304,21112.910,1619.533,0,25956.513,0,2744.208,16398,29358,2.690,1.640,0.830,4,2,145.958,0,0,11,36,0,15,0
18-05 17:15:46,35.470,7.743,41.215,13.738,0,1563540,875816,176536,5313584,12822.228,1618.640,0,28807.797,0,2851.604,16472,34405,2.690,1.640,0.830,4,0,74.937,0,0,11,36,0,16,0
18-05 17:15:47,30.937,9.481,39.669,17.464,0,1625720,810836,176752,5316108,11219.175,1455.040,0,51746.725,0,3965.932,21279,30297,2.720,1.660,0.840,2,1,44.909,0,0,11,36,0,16,0
18-05 17:15:48,30.599,9.531,42.638,15.550,0.251,1611080,822784,176856,5318620,8255.706,1625.257,0,41273.511,0,3434.109,20706,30007,2.720,1.660,0.840,1,1,129.419,0,0,11,36,0,15,0
18-05 17:15:49,33.694,7.737,38.187,17.721,0,1622184,809468,176896,5320732,11975.120,1617.315,0,51195.012,0,3992.372,21690,32029,2.720,1.660,0.840,7,0,65.891,0,0,11,36,0,16,0
18-05 17:15:50,33.464,8.990,41.205,14.984,0,1550856,880384,176924,5321068,30894.431,1618.242,0,36328.527,0,3350.360,19766,29748,2.720,1.660,0.840,3,2,66.927,0,0,11,36,0,17,0
18-05 17:15:51,33.298,7.261,41.310,16.274,0.250,1594184,841140,176952,5316972,16348.744,1460.121,0,38884.474,0,3334.843,18126,28158,2.720,1.660,0.840,1,1,15.022,0,0,11,36,0,17,0
18-05 17:15:52,28.702,6.988,55.656,7.737,0.250,1451872,982900,177024,5317448,9333.280,1617.276,0,19155.735,0,1634.247,11444,17641,2.660,1.670,0.840,2,0,108.817,0,0,11,32,0,19,0
18-05 17:15:53,8.510,23.028,63.576,3.504,0,1446176,988372,177040,5317656,10580.677,1621.943,0,16107.298,0,902.081,8858,8844,2.660,1.670,0.840,2,0,548.657,0,0,11,32,0,19,0
18-05 17:15:54,38.779,20.015,39.530,0.500,0,1490076,944272,177040,5317856,12042.988,1621.210,0,1861.389,0,106.079,6160,5148,2.660,1.670,0.840,3,0,377.282,0,0,11,32,0,25,0
18-05 17:15:55,65.669,9.738,23.221,0.499,0.250,1659264,773696,177076,5319208,7907.229,1456.200,0,5545.148,0,265.672,4437,2713,2.660,1.670,0.840,4,0,2.996,0,0,11,32,0,25,0
18-05 17:15:56,66.961,8.245,23.986,0.250,0,1802484,625800,177128,5323284,13517.029,1619.045,0,6468.186,0,214.873,4401,2195,2.660,1.670,0.840,5,0,5.996,0,0,11,32,0,25,0
18-05 17:15:57,27.822,7.519,45.367,17.295,0,1813528,605180,177244,5332328,9542.698,1624.204,0,65449.392,0,4663.069,23402,35475,3.170,1.790,0.890,6,0,156.405,0,0,11,38,0,25,0
18-05 17:15:58,21.124,6.462,48.710,20.627,0.249,1810060,599636,177304,5341020,12784.829,1610.405,0,71068.577,0,5100.611,26328,39952,3.170,1.790,0.890,2,1,178.934,0,0,11,38,0,25,0
18-05 17:15:59,18.367,6.290,51.831,20.883,0,1808016,594092,177348,5348268,8925.969,1467.365,0,67285.443,0,5164.965,25418,38937,3.170,1.790,0.890,0,1,141.906,0,0,11,38,0,25,0
18-05 17:16:00,32.482,8.495,38.978,17.490,0,1682884,712284,177436,5354868,7611.775,1619.101,0,53590.254,0,4231.651,22539,33825,3.170,1.790,0.890,7,0,212.882,0,0,11,36,0,25,0
18-05 17:16:01,34.487,8.997,32.738,19.992,0,1742152,644748,177540,5362764,9397.414,1661.366,0,74115.715,0,5052.072,24420,37251,3.170,1.790,0.890,3,1,111.957,0,0,11,36,0,25,0
18-05 17:16:02,40.725,7.995,34.729,15.241,0,1807180,572480,177564,5369720,10484.564,1619.006,0,57024.996,0,3858.631,18295,29780,3.320,1.840,0.910,1,1,21.987,0,0,11,38,0,25,0
18-05 17:16:03,26.486,9.495,43.976,17.490,0.250,1750544,620864,177588,5377656,8456.389,1619.117,0,69713.988,0,4737.417,19265,33863,3.320,1.840,0.910,2,2,86.953,0,0,11,36,0,25,0
18-05 17:16:04,16.259,7.254,53.779,19.761,0,1741856,625984,177624,5381072,10006.435,1620.880,0,59356.239,0,4670.537,22828,35300,3.320,1.840,0.910,3,1,70.038,0,0,11,36,0,25,0
18-05 17:16:05,33.045,7.761,40.305,15.521,0,1606172,759252,177636,5383396,13576.387,1622.197,0,42529.600,0,3391.593,19517,26453,3.320,1.840,0.910,4,0,177.240,0,0,11,34,0,25,0
18-05 17:16:06,19.411,8.461,70.676,0.498,0,1468660,896724,177636,5383436,15955.940,1451.354,0,1118.877,0,62.713,3222,2295,3.320,1.840,0.910,3,1,134.385,0,0,11,32,0,25,0
18-05 17:16:07,22.258,4.251,73.276,0.250,0.250,1522660,842728,177636,5383432,9623.381,1620.569,0,4601.617,0,102.036,2201,1726,3.130,1.830,0.910,3,0,1.000,0,0,11,32,0,25,0
18-05 17:16:08,24.217,2.996,69.407,1.498,0,1548176,817228,177636,5383444,5355.796,1617.824,0,6283.548,0,375.495,3519,3628,3.130,1.830,0.910,2,1,2.996,0,0,11,34,0,25,0
18-05 17:16:09,20.699,5.487,71.075,0.998,0.249,1467352,898048,177636,5383448,7254.171,1616.028,0,7194.318,0,329.191,3160,2795,3.130,1.830,0.910,3,0,27.931,0,0,11,32,0,25,0
18-05 17:16:10,22.418,3.526,73.551,0.504,0,1517028,848372,177636,5383448,10990.321,1632.226,0,2458.414,0,128.966,2184,1703,3.130,1.830,0.910,3,0,0,0,0,11,32,0,25,0
18-05 17:16:11,19.765,10.758,68.551,0.751,0.250,1462904,902472,177636,5383472,12905.688,1459.095,0,1489.118,0,86.065,3932,3263,3.130,1.830,0.910,4,0,227.171,0,0,11,32,0,25,0
18-05 17:16:12,12.216,36.149,49.363,0,0,1458840,906484,177636,5383524,14380.004,1615.507,0,1080.993,0,88.753,8417,7945,3.040,1.830,0.920,3,0,1088.971,0,0,11,32,0,25,0
18-05 17:16:13,7.771,22.562,68.689,0,0,1460072,905160,177636,5383600,12356.062,1624.478,0,701.935,0,112.310,6124,4356,3.040,1.830,0.920,1,0,471.299,0,0,11,32,0,25,0
18-05 17:16:14,8.750,19.751,70.004,0,0,1430820,934256,177636,5383764,10264.560,1620.088,0,20.001,0,5.000,5962,4597,3.040,1.830,0.920,1,0,415.023,0,0,11,32,0,25,0
18-05 17:16:15,15.751,18.501,64.505,0,0,1432204,932824,177636,5384216,7650.560,1458.107,0,32.002,0,8.001,7389,8864,3.040,1.830,0.920,1,0,410.030,0,0,11,32,0,25,0
18-05 17:16:16,38.339,11.203,49.542,0,0.249,1475072,889936,177648,5384252,9022.212,1613.243,0,91.616,0,4.979,3788,2578,3.040,1.830,0.920,3,0,130.454,0,0,11,33,0,25,0
18-05 17:16:17,42.698,7.241,49.190,0,0.250,1584284,780612,177648,5384368,10498.281,1618.040,0,7.990,0,0.999,2766,1285,2.960,1.830,0.920,3,0,0,0,0,11,33,0,25,0
18-05 17:16:18,44.813,5.508,48.318,0.501,0,1638224,725372,177708,5385564,9820.868,1460.062,104.147,1514.138,1.001,141.199,4175,3126,2.960,1.830,0.920,4,0,19.027,0,0,11,49,0,25,0
18-05 17:16:19,27.094,13.045,58.453,0,0,1665024,695176,177724,5388548,6242.713,1625.654,0,3335.602,0,220.768,6042,8447,2.960,1.830,0.920,1,0,178.621,0,0,11,48,0,26,0
18-05 17:16:20,16.648,16.400,65.350,0.248,0,1674576,685564,177724,5388560,33042.669,1610.141,0,186.856,0,10.933,6458,7764,2.960,1.830,0.920,2,0,289.229,0,0,11,48,0,26,0
18-05 17:16:21,2.498,2.248,94.919,0,0,1674568,685564,177724,5388568,12053.662,1618.612,0,83.928,0,8.992,1709,2401,2.960,1.830,0.920,1,0,27.976,0,0,11,48,0,26,0
18-05 17:16:22,0,0.502,97.672,0,0,1674568,685564,177724,5388568,10845.876,1627.032,0,1152.983,0,24.104,839,1092,2.720,1.800,0.920,1,0,3.013,0,0,11,48,0,26,0
18-05 17:16:23,0.999,0.749,98.423,0,0,1674568,685564,177724,5388568,8394.432,1456.860,0,0,0,0,775,1004,2.720,1.800,0.920,1,0,2.998,0,0,11,48,0,26,0
18-05 17:16:24,0,0.250,98.237,0,0.250,1674568,685564,177724,5388568,6191.152,1619.778,0,0,0,0,715,1005,2.720,1.800,0.920,1,0,2.000,0,0,11,48,0,26,0
18-05 17:16:25,10.786,10.284,78.510,0,0.251,1667524,692600,177724,5388660,11208.165,1625.390,0,0,0,0,4210,4606,2.720,1.800,0.920,1,0,202.672,0,0,11,48,0,26,0
18-05 17:16:26,14.225,14.724,69.377,0,0.250,1629156,730940,177724,5388576,9798.671,1617.140,0,7.986,0,1.996,5014,5886,2.720,1.800,0.920,2,0,252.553,0,0,11,48,0,26,0
18-05 17:16:27,14.203,19.435,64.535,0.249,0.249,1666272,693612,177724,5389192,5894.371,1893.694,0,3281.074,0,27.907,6467,6898,2.500,1.770,0.910,2,0,360.799,0,0,12,48,0,26,0
18-05 17:16:28,15.033,14.031,69.154,0.251,0,1663700,696164,177724,5388756,10321.936,1623.608,0,633.407,0,40.089,5534,6742,2.500,1.770,0.910,1,0,260.579,0,0,12,64,0,26,0
18-05 17:16:29,4.764,9.779,84.003,0,0,1659624,700208,177724,5388772,8336.061,1624.885,0,0,0,0,2847,2241,2.500,1.770,0.910,4,0,117.353,0,0,14,64,0,26,0
18-05 17:16:30,17.254,13.253,68.015,0,0,1666336,693448,177724,5388788,9188.982,1458.315,0,32.007,0,7.002,5382,6843,2.500,1.770,0.910,1,0,214.046,0,0,14,64,0,26,0
18-05 17:16:31,9.749,20.499,68.745,0,0,1651968,707708,177724,5388844,23446.346,1619.886,0,159.989,0,14.999,6466,5292,2.500,1.770,0.910,1,0,458.968,0,0,14,66,0,26,0
18-05 17:16:32,15.173,18.904,64.174,0,0,1663640,696000,177724,5389308,6288.088,1737.184,0,489.516,0,34.823,7397,8411,2.380,1.760,0.910,13,0,332.314,0,0,14,66,0,26,0
18-05 17:16:33,26.393,21.617,52.031,0,0,1734720,624892,177732,5388896,10666.665,1465.925,0,120.652,0,5.027,5750,4800,2.380,1.760,0.910,3,0,394.131,0,0,14,66,0,18,0
18-05 17:16:34,28.948,25.205,44.670,0.250,0.499,1796340,562768,177792,5389328,9696.737,1617.121,0,5118.887,0,365.350,7189,5171,2.380,1.760,0.910,4,0,529.058,0,0,14,66,0,18,0
18-05 17:16:35,28.778,25.553,43.912,0,0,1903184,454712,177812,5390424,8006.311,1607.613,7.939,27.786,0.992,6.946,6813,7689,2.380,1.760,0.910,2,0,436.636,0,0,14,70,0,20,0
18-05 17:16:36,37.447,20.106,41.971,0,0,1970540,387116,177812,5390920,14579.612,1628.558,0,56.296,0,10.053,6749,7089,2.380,1.760,0.910,3,0,302.590,0,0,14,70,0,20,0
18-05 17:16:37,49.941,25.096,24.845,0,0.502,2056528,300832,177828,5391156,9087.758,1553.943,0,558.135,0,5.019,5913,4599,2.350,1.760,0.920,4,0,375.436,0,0,14,70,0,18,0
18-05 17:16:38,57.166,21.968,19.970,0,0,2164204,192360,177856,5392372,11873.454,1617.610,0,998.524,0,19.970,7184,7948,2.350,1.760,0.920,5,0,305.548,0,0,14,70,0,18,0
18-05 17:16:39,65.374,26.300,7.765,0.501,0,2226576,196752,172084,5332012,9574.148,1623.077,176.334,8047.254,44.084,620.176,6289,6105,2.350,1.760,0.920,6,0,433.822,0,0,14,74,0,18,0
18-05 17:16:40,67.904,23.467,4.743,1.997,0.250,2389800,135460,169984,5235408,6559.718,1455.940,175.751,6626.623,20.970,587.169,10406,13538,2.350,1.760,0.920,3,1,338.521,0,0,14,74,0,18,0
18-05 17:16:41,59.629,26.446,8.233,4.491,0,2463932,178496,169636,5121468,13544.403,1710.515,6594.564,31707.396,310.368,2086.748,17887,26653,2.350,1.760,0.920,5,0,387.211,0,0,14,76,0,17,0
18-05 17:16:42,71.796,22.765,3.752,1.001,0,2576696,208756,169064,4982500,9252.914,1621.036,128.082,3250.077,10.006,209.134,9595,17941,2.400,1.780,0.930,5,0,362.232,0,0,14,82,0,23,0
18-05 17:16:43,56.484,25.742,15.995,0.750,0,2684276,174476,169048,4910600,12046.488,1619.528,1539.551,1315.616,95.972,67.980,7584,11022,2.400,1.780,0.930,4,0,370.892,0,0,14,93,0,27,0
18-05 17:16:44,49.637,28.077,22.562,0,0.501,2796736,202736,169048,4773000,8516.481,1624.479,0,1427.937,0,67.185,7877,10312,2.400,1.780,0.930,3,0,533.471,0,0,14,93,0,27,0
18-05 17:16:45,39.716,17.985,40.216,0.500,1.499,2876316,122532,169052,4773620,11435.254,1618.621,199.830,983.162,30.974,51.956,6310,8039,2.400,1.780,0.930,6,0,211.819,0,0,14,95,0,24,0
18-05 17:16:46,53.806,16.441,28.148,0.747,0.498,3001952,130636,169060,4642948,12020.607,1614.173,2124.331,4858.461,93.662,235.151,5803,15952,2.400,1.780,0.930,2,0,163.410,0,0,14,98,0,28,0
18-05 17:16:47,29.369,11.798,56.981,0.502,0,3061284,138268,169080,4577440,10196.260,1716.948,4.016,658.665,1.004,49.199,4737,4444,2.370,1.790,0.940,1,0,156.634,0,0,14,101,0,28,0
18-05 17:16:48,8.477,19.446,70.555,0.499,0,3077988,121536,169080,4577468,7103.392,1615.541,0,1017.192,0,60.832,5571,4126,2.370,1.790,0.940,2,0,321.114,0,0,14,101,0,28,0
18-05 17:16:49,7.268,20.550,70.673,0,0,3071136,128356,169080,4577500,12473.609,1461.587,4.010,64.157,1.002,7.017,5694,4234,2.370,1.790,0.940,1,0,343.844,0,0,14,101,0,28,0
18-05 17:16:50,15.997,9.498,72.734,0.500,0,3113056,153628,169084,4511980,31245.183,1619.647,1031.775,103.977,41.991,9.998,3443,2782,2.370,1.790,0.940,1,0,169.963,0,0,14,101,0,26,0
18-05 17:16:51,23.191,3.242,73.065,0,0,3137040,129628,169088,4511992,12971.185,1615.912,11.970,578.536,2.992,15.960,2738,2699,2.370,1.790,0.940,3,0,0,0,0,14,103,0,26,0
18-05 17:16:52,19.736,7.245,71.948,0.250,0,3122824,143808,169088,4512032,12342.143,1618.838,0,235.831,0,13.990,2658,1938,2.260,1.780,0.940,2,0,63.954,0,0,14,105,0,26,0
18-05 17:16:53,22.739,3.248,72.216,0.500,0.500,3143260,123184,169100,4512208,11407.622,1619.237,3.998,359.830,1.000,38.982,2900,3063,2.260,1.780,0.940,2,0,1.999,0,0,14,112,0,26,0
18-05 17:16:54,24.525,6.256,67.569,1.251,0,3150324,181384,168976,4448412,10274.435,1459.482,36.037,1773.802,3.003,232.236,5761,7866,2.260,1.780,0.940,2,0,4.004,0,0,14,115,0,23,0
18-05 17:16:55,21.779,9.012,67.339,0.751,0,3130936,200756,168976,4448520,18768.806,1622.144,0,1165.540,0,111.147,5128,5677,2.260,1.780,0.940,2,0,112.148,0,0,14,116,0,25,0
18-05 17:16:56,31.761,5.752,60.021,0.750,0,3250796,146028,168976,4385088,11162.915,1620.568,36.013,2796.981,3.001,182.064,3816,3626,2.260,1.780,0.940,2,0,4.001,0,0,14,121,0,26,0
18-05 17:16:57,25.953,4.242,67.129,0.998,0,3258120,138672,168976,4385104,26006.966,1617.076,11.978,2028.332,2.995,171.689,5035,6437,2.160,1.760,0.940,6,0,2.995,0,0,14,125,0,27,0
18-05 17:16:58,40.673,11.478,45.913,0.499,0,3371532,153716,168984,4259776,6605.493,1545.075,7.985,1301.536,1.996,108.794,4652,4108,2.160,1.760,0.940,4,0,99.811,0,0,14,124,0,22,0
18-05 17:16:59,38.332,6.764,54.617,0,0.501,3389504,135472,168984,4260184,9824.970,1623.465,176.376,400.856,1.002,21.045,3235,2093,2.160,1.760,0.940,1,0,30.064,0,0,14,124,0,22,0
18-05 17:17:00,21.259,4.752,71.779,1.000,0,3444372,143572,168984,4198748,8515.476,1620.662,0,10576.317,0,566.231,3056,1619,2.160,1.760,0.940,2,0,25.010,0,0,14,124,0,22,0
18-05 17:17:01,21.321,5.518,72.492,0.251,0,3446128,141808,168984,4198756,12247.905,1571.248,0,1460.879,0,20.067,2652,2092,2.160,1.760,0.940,3,0,51.171,0,0,14,124,0,22,0
18-05 17:17:02,23.162,3.238,71.978,0.498,0.249,3440916,146968,168984,4198808,8738.917,1506.298,15.940,1139.686,3.985,78.702,2516,2292,2.070,1.750,0.940,3,0,2.989,0,0,14,125,0,22,0
18-05 17:17:03,20.514,8.506,69.796,0.750,0.250,3389836,198020,168984,4198836,6621.368,1621.069,0,644.425,0,73.048,3811,4025,2.070,1.750,0.940,2,0,84.055,0,0,14,126,0,22,2
18-05 17:17:04,23.227,2.997,72.428,0,0,3426332,161500,168984,4198860,12119.916,1618.386,0,303.697,0,16.983,2203,1639,2.070,1.750,0.940,3,0,0.999,0,0,14,126,0,22,2
18-05 17:17:05,19.330,7.029,73.053,0.251,0,3428664,159144,168988,4198880,9205.229,1626.756,4.017,261.084,1.004,16.067,2456,1739,2.070,1.750,0.940,2,0,55.229,0,0,14,126,0,22,2
18-05 17:17:06,29.361,4.230,63.449,0.995,0,3429580,157948,168988,4199160,9896.071,1612.354,0,1345.619,0,169.198,5497,8125,2.070,1.750,0.940,2,0,6.967,0,0,14,130,0,22,2
18-05 17:17:07,23.096,7.531,65.773,1.506,0,3378552,208860,168988,4199272,13230.833,1464.068,0,4153.212,0,345.432,6926,9722,2.220,1.790,0.950,3,0,54.225,0,0,14,129,0,23,2
18-05 17:17:08,22.640,3.483,72.646,0.498,0,3433296,153980,168988,4199408,11241.148,1612.133,0,796.115,0,51.747,2106,1642,2.220,1.790,0.950,3,0,0,0,0,14,129,0,23,2
18-05 17:17:09,21.786,5.759,69.364,0.751,0.250,3430648,156564,168992,4199468,11334.612,1622.665,16.026,1298.132,1.002,143.235,6408,9621,2.220,1.790,0.950,2,0,0,0,0,14,130,0,23,2
18-05 17:17:10,26.941,7.982,62.612,0.998,0.249,3416668,170468,168992,4199544,11878.911,1616.450,0,1365.002,0,119.737,8216,12175,2.220,1.790,0.950,2,0,77.829,0,0,14,131,0,23,2
18-05 17:17:11,22.628,2.766,73.668,0.251,0.503,3465604,121516,168992,4199560,8549.513,1629.245,0,3821.686,0,46.263,2058,1720,2.220,1.790,0.950,1,0,0,0,0,14,132,0,23,2
18-05 17:17:12,19.421,8.963,69.467,0.747,0,3417720,169364,168992,4199596,60303.179,1613.423,0,1155.291,0,132.460,4801,5316,2.200,1.790,0.960,2,0,146.403,0,0,14,131,0,23,2
18-05 17:17:13,24.509,3.501,70.275,1.250,0,3456476,130588,168992,4199616,7328.564,1620.567,0,5718.001,0,340.119,3617,3939,2.200,1.790,0.960,4,0,1.000,0,0,14,134,0,23,2
18-05 17:17:14,23.053,4.510,69.910,0.501,0,3451704,135316,168996,4199656,8471.391,1461.345,0,1086.487,0,115.264,5214,7051,2.200,1.790,0.960,2,0,1.002,0,0,14,134,0,23,2
18-05 17:17:15,26.764,8.254,61.031,1.251,0,3452944,133832,168996,4199904,8158.177,1620.830,32.016,3605.846,2.001,362.185,12911,20850,2.200,1.790,0.960,2,0,3.002,0,0,14,133,0,24,2
18-05 17:17:16,31.148,13.705,52.080,0.498,0.249,3382232,204428,168996,4200004,14080.933,2117.074,0,1706.417,0,163.465,8570,12107,2.200,1.790,0.960,2,0,286.064,0,0,14,135,0,24,2
18-05 17:17:17,23.250,3.000,73.000,0.500,0,3423288,163364,168996,4200012,9198.995,1617.999,0,524.000,0,32.000,2263,1778,2.110,1.780,0.960,2,0,0,0,0,14,135,0,24,2
18-05 17:17:18,10.787,18.063,69.491,0,0,3390428,196164,169000,4200052,6174.414,1715.951,0,505.754,0,28.097,5813,4613,2.110,1.780,0.960,1,0,390.354,0,0,14,135,0,24,2
18-05 17:17:19,14.006,18.508,66.528,0,0,3370204,216372,169000,4200076,5161.166,1620.680,0,580.244,0,37.016,6361,6844,2.110,1.780,0.960,1,0,317.133,0,0,14,135,0,24,2
18-05 17:17:20,25.254,19.503,53.508,0.500,0.250,3414920,171632,169004,4200096,31571.541,1620.233,0,472.068,0,29.004,6984,7508,2.110,1.780,0.960,2,0,389.056,0,0,14,135,0,24,2
18-05 17:17:21,33.018,23.013,42.023,0.750,0.500,3462672,123356,169016,4200916,12279.858,1500.838,36.020,5995.348,4.002,530.296,8427,7685,2.110,1.780,0.960,2,0,493.275,0,0,14,137,0,24,2
18-05 17:17:22,33.932,16.966,47.404,0.249,0,3512984,134612,169016,4140712,11593.601,1686.596,59.879,311.372,3.992,22.954,6333,7559,2.020,1.760,0.960,6,0,297.400,0,0,16,141,0,24,2
18-05 17:17:23,54.600,29.170,15.208,0.249,0,3662104,125220,168660,4003240,8892.645,1615.575,175.519,534.536,7.978,35.902,9523,13259,2.020,1.760,0.960,4,0,559.468,0,0,16,147,0,24,2
18-05 17:17:24,59.730,19.826,17.818,0.502,0.251,3763996,124080,168664,3903776,10573.645,1626.251,68.262,377.451,7.027,23.089,8010,15451,2.020,1.760,0.960,5,0,267.026,0,0,16,163,0,24,2
18-05 17:17:25,29.440,24.201,45.158,0.249,0,3757724,234976,168836,3801168,9346.924,1455.030,1516.904,490.998,77.841,12.974,6979,6089,2.020,1.760,0.960,2,0,596.782,0,0,16,163,0,24,2
18-05 17:17:26,8.995,20.739,68.713,0,0.250,3748488,244172,168836,3801208,6897.287,1709.080,0,335.819,0,17.990,5936,4612,2.020,1.760,0.960,1,0,379.796,0,0,16,163,0,24,2
18-05 17:17:27,20.530,16.524,61.339,0.501,0,3769848,222796,168836,3801236,48179.699,1622.347,12.017,616.892,3.004,50.072,6833,8490,1.940,1.750,0.960,3,0,255.369,0,0,16,163,0,24,2
18-05 17:17:28,30.763,24.010,44.769,0,0,3841732,150856,168844,3801284,10334.459,1662.717,0,568.245,0,49.021,7245,6624,1.940,1.750,0.960,3,0,524.226,0,0,16,163,0,24,2
18-05 17:17:29,33.865,16.434,48.058,0,0,3878508,169528,168708,3747280,8358.579,1613.548,0,302.789,0,13.944,6215,7093,1.940,1.750,0.960,3,0,239.044,0,0,16,169,0,24,2
18-05 17:17:30,36.703,26.899,34.943,0,0.251,3987844,133108,168580,3676232,8994.714,1629.004,24.133,482.668,3.017,26.145,8209,13603,1.940,1.750,0.960,3,0,608.362,0,0,16,175,0,24,2
18-05 17:17:31,28.244,26.994,44.240,0,0,4068964,139028,168584,3591256,10170.686,1689.616,11.997,571.870,2.999,40.991,8644,13840,1.940,1.750,0.960,2,0,615.860,0,0,16,181,0,24,2
18-05 17:17:32,12.700,20.170,65.491,0.249,0.249,4074168,133780,168584,3591740,10194.700,1697.290,0,410.378,0,28.886,6587,6843,2.020,1.770,0.970,2,0,393.445,0,0,16,187,0,24,2
18-05 17:17:33,28.364,14.810,55.474,0.251,0.251,4129240,154512,168584,3517004,7567.543,1626.565,112.454,566.286,4.016,20.081,5466,6193,2.020,1.770,0.970,2,0,191.774,0,0,16,187,0,24,2
18-05 17:17:34,44.427,8.935,45.668,0.496,0,4256680,124292,168584,3420992,6934.589,1447.477,345.488,563.901,7.942,53.610,3569,2422,2.020,1.770,0.970,2,0,9.928,0,0,16,203,0,24,2
18-05 17:17:35,37.557,8.012,53.581,0.250,0,4350108,154728,168700,3299732,11413.359,1622.468,248.378,288.439,17.026,22.034,3306,2317,2.020,1.770,0.970,2,0,12.018,0,0,16,208,0,24,2
18-05 17:17:36,30.676,23.887,44.003,0.251,0,4292928,210956,168704,3300680,11762.672,1719.895,925.323,490.824,10.058,35.203,6676,6403,2.020,1.770,0.970,2,0,536.084,0,0,16,207,0,24,2
18-05 17:17:37,37.368,27.403,33.880,0,0,4342040,159688,168712,3303304,6362.524,1614.297,1132.001,4320.737,20.926,40.856,7690,8871,2.180,1.810,0.990,4,0,487.279,0,0,16,211,0,25,2
18-05 17:17:38,55.533,19.011,24.264,0.250,0,4402676,144340,168724,3258424,10570.210,1458.857,120.071,1200.705,5.003,33.019,5978,7067,2.180,1.810,0.990,7,0,230.135,0,0,16,216,0,25,2
18-05 17:17:39,73.471,14.794,11.033,0.251,0.502,4445956,186900,168728,3174592,7842.545,1624.878,1913.746,521.566,41.123,35.105,5469,4995,2.180,1.810,0.990,3,0,28.084,0,0,16,228,0,24,2
18-05 17:17:40,64.011,12.952,16.688,5.978,0,4568424,135956,168828,3104500,11946.314,1613.963,6607.285,1641.859,484.189,139.478,6473,6069,2.180,1.810,0.990,6,0,27.896,0,0,16,228,0,29,2
18-05 17:17:41,38.884,23.430,35.893,0.249,0.499,4509552,230176,168836,3069912,10632.378,1547.398,87.739,1064.833,5.982,43.870,8304,9275,2.180,1.810,0.990,3,0,477.580,0,0,16,229,0,29,2
18-05 17:17:42,42.188,20.969,33.451,1.498,0,4590296,147964,168840,3071672,7878.453,1617.629,7.988,28937.588,1.997,1082.414,8956,10978,2.410,1.860,1.010,4,0,299.561,0,0,16,230,0,29,3
18-05 17:17:43,56.301,25.386,18.097,0.251,0,4624500,153128,168840,3033636,11727.778,1628.718,4.022,619.315,1.005,59.318,6963,7579,2.410,1.860,1.010,6,0,498.669,0,0,16,229,0,21,2
18-05 17:17:44,59.935,21.227,17.231,0.499,0,4606880,210848,169292,2994692,7683.611,1456.410,1474.390,903.014,70.923,38.957,6866,9017,2.410,1.860,1.010,4,0,329.640,0,0,16,231,0,23,2
18-05 17:17:45,58.495,25.998,14.249,0,0.250,4730484,151300,169300,2931308,5338.501,1619.849,299.972,819.923,13.999,46.996,8184,11885,2.410,1.860,1.010,6,0,468.956,0,0,16,238,0,25,2
18-05 17:17:46,60.632,26.698,10.729,0.250,0,4723224,184096,169308,2906916,10430.636,1616.843,514.995,3105.936,30.940,266.480,9340,24779,2.410,1.860,1.010,5,0,400.219,0,0,16,241,0,28,0
18-05 17:17:47,62.423,19.476,17.978,0.250,0.499,4886344,138088,169312,2791304,9516.327,1707.905,387.525,383.530,23.971,26.967,5913,6066,2.530,1.900,1.030,6,0,195.760,0,0,16,247,0,23,0
18-05 17:17:48,71.244,13.295,14.550,0.251,0,4962524,126596,169324,2728188,11422.071,1695.801,598.046,874.993,39.134,29.100,5387,5015,2.530,1.900,1.030,5,0,23.079,0,0,16,252,0,24,0
18-05 17:17:49,67.826,14.463,16.208,0.499,0.249,5009284,142004,169188,2667304,9825.807,1615.857,2086.650,901.688,74.808,81.790,8404,20599,2.530,1.900,1.030,5,0,16.957,0,0,16,257,0,27,0
18-05 17:17:50,48.320,29.042,20.780,0.250,0,4967292,183508,169380,2667584,29268.316,1622.346,1422.056,1336.933,30.043,59.085,7714,7586,2.530,1.900,1.030,6,0,572.828,0,0,16,257,0,27,0
18-05 17:17:51,53.076,24.786,20.780,0.501,0,4918652,228492,169492,2671236,16245.326,1460.097,4053.821,937.346,55.079,70.101,8029,9863,2.530,1.900,1.030,4,0,395.568,0,0,16,257,0,28,0
18-05 17:17:52,73.685,18.172,7.219,0.249,0,5060368,154636,169496,2605360,11065.685,1613.103,1035.572,12892.872,47.796,1067.436,7751,5716,2.890,1.980,1.060,5,1,166.289,0,0,17,260,0,28,0
18-05 17:17:53,78.736,15.997,2.750,1.750,0.250,5123984,118888,169508,2578148,11734.911,1619.712,3675.346,719.872,185.967,58.990,6139,4223,2.890,1.980,1.060,5,0,21.996,0,0,17,260,0,28,0
18-05 17:17:54,75.566,16.624,6.549,0.504,0,5215444,139060,169532,2469548,11387.238,1632.218,955.150,1398.468,33.249,86.649,7572,7590,2.890,1.980,1.060,13,0,111.837,0,0,17,263,0,31,0
18-05 17:17:55,48.731,16.493,33.487,0.500,0,5200824,172332,169536,2451460,12203.181,2655.951,1335.473,1803.288,41.983,223.912,6224,7675,2.890,1.980,1.060,3,0,129.949,0,0,17,272,0,29,0
18-05 17:17:56,38.758,8.944,50.186,0.248,0.497,5197696,175244,169548,2451660,19700.759,3536.875,524.718,795.027,7.950,66.583,4822,4801,2.890,1.980,1.060,3,0,47.702,0,0,17,277,0,29,0
18-05 17:17:57,20.278,7.260,71.348,0.250,0.250,5195668,177000,169548,2451916,16068.024,4345.957,817.120,664.911,9.012,50.069,3560,3655,2.740,1.970,1.060,2,0,10.014,0,0,17,282,0,29,0
18-05 17:17:58,27.395,11.812,59.313,0.503,0,5206252,147980,169548,2470304,16643207.817,94120.974,3056.137,9148.305,31.165,58.308,8505,4476,2.740,1.970,1.060,3,0,158.839,0,0,17,280,0,29,0
18-05 17:17:59,19.666,8.713,69.454,0.249,0,5243948,136524,169548,2444744,10211.443,1654.941,15.932,708.976,0.996,52.775,3640,3204,2.740,1.970,1.060,2,0,108.537,0,0,17,286,0,26,0
18-05 17:18:00,23.579,4.013,71.490,0,0,5244448,135792,169548,2444976,9025.311,1505.055,84.283,413.388,6.020,30.101,4398,5298,2.740,1.970,1.060,2,0,0,0,0,17,291,0,29,0
18-05 17:18:01,23.678,4.237,68.542,1.246,0,5251012,145016,169556,2430092,16233.780,1615.103,534.380,1004.953,27.915,97.704,6588,8829,2.740,1.970,1.060,2,0,2.991,0,0,17,292,0,33,0
18-05 17:18:02,11.040,20.072,66.991,0,0.251,5180556,215364,169556,2430188,25265.994,1625.855,32.116,16941.012,3.011,58.210,6339,5451,2.680,1.970,1.060,1,0,466.681,0,0,17,292,0,33,0
18-05 17:18:03,22.627,3.232,72.855,0.249,0,5231036,164748,169556,2430324,9211.005,1611.255,0,5263.431,0,37.795,1847,1554,2.680,1.970,1.060,2,0,0,0,0,17,292,0,33,0
18-05 17:18:04,10.284,18.311,70.234,0.502,0,5211084,184644,169556,2430376,13006.368,1462.878,4.013,2207.360,1.003,114.381,5961,4989,2.680,1.970,1.060,5,0,319.064,0,0,17,292,0,33,0
18-05 17:18:05,7.484,20.458,70.354,0,0.249,5213552,182132,169556,2430420,6964.546,1616.645,0,259.462,0,22.952,5601,4573,2.680,1.970,1.060,1,0,351.271,0,0,17,292,0,33,0
18-05 17:18:06,2.001,1.251,94.564,0.500,0.250,5209004,186684,169556,2430424,8735.896,1621.094,0,292.197,0,38.026,1414,1931,2.680,1.970,1.060,2,0,9.006,0,0,17,292,0,33,0
18-05 17:18:07,22.955,3.992,72.357,0.250,0,5267656,128016,169560,2430436,12991.409,1616.815,0,303.402,0,20.959,2311,1890,2.550,1.950,1.060,3,0,0,0,0,17,292,0,32,0
18-05 17:18:08,17.101,10.059,71.672,0,0.251,5242812,152628,169564,2430664,9685.072,1629.603,76.451,56.332,7.041,6.036,4293,3517,2.550,1.950,1.060,1,0,156.925,0,0,17,296,0,33,0
18-05 17:18:09,11.494,16.241,69.961,0,0,5237432,157804,169564,2430856,8671.154,1457.186,3.998,215.879,0.999,20.988,5364,4080,2.550,1.950,1.060,3,0,194.891,0,0,17,300,0,33,0
18-05 17:18:10,10.715,17.443,70.022,0,0,5233116,162032,169564,2430928,7489.632,1614.746,0,0,0,0,5215,3884,2.550,1.950,1.060,4,0,240.218,0,0,17,300,0,33,0
18-05 17:18:11,12.764,14.265,70.075,1.752,0,5204876,187164,169624,2433612,12847.775,1621.739,2506.688,8465.076,106.114,57.061,4218,3512,2.550,1.950,1.060,3,0,98.105,0,0,17,304,0,33,0
18-05 17:18:12,9.721,5.235,83.255,0.499,0.249,5197280,191744,169624,2436616,9148.097,1615.250,813.607,3062.992,40.880,154.546,4390,10576,2.340,1.920,1.060,1,0,11.965,0,0,17,304,0,33,0
18-05 17:18:13,0.750,1.000,96.475,0.500,0.250,5188476,200544,169624,2436620,6452.303,1457.617,0,907.761,0,133.965,1301,1716,2.340,1.920,1.060,2,0,0,0,0,17,304,0,33,0
18-05 17:18:14,1.503,0.250,97.187,0,0,5183240,205780,169624,2436620,14118.122,1623.118,0,168.323,0,12.023,1032,1423,2.340,1.920,1.060,1,0,2.004,0,0,17,306,0,33,0
18-05 17:18:15,1.249,1.000,97.208,0,0,5178392,210628,169624,2436620,10969.301,1619.306,0,91.961,0,10.995,1052,1344,2.340,1.920,1.060,1,0,0,0,0,17,306,0,33,0
18-05 17:18:16,2.249,0.500,95.437,0.250,0,5173248,215760,169624,2436632,9968.380,1457.032,0,223.851,0,29.980,1364,1959,2.340,1.920,1.060,2,0,1.999,0,0,17,310,0,32,0
18-05 17:18:17,1.249,1.249,95.945,0.500,0,5170360,218648,169624,2436632,11391.496,1619.076,0,9202.746,0,544.689,1887,1686,2.150,1.890,1.050,2,0,0,0,0,17,310,0,32,0
18-05 17:18:18,0.999,0.499,95.133,1.748,0,5153900,235308,169624,2436640,8832.155,1618.013,0,8949.012,0,1071.684,2712,1494,2.150,1.890,1.050,1,0,0,0,0,17,310,0,32,0
18-05 17:18:19,1.251,0.751,97.599,0,0.501,5153088,236120,169624,2436640,11503.704,1459.485,0,352.358,0,2.002,970,1306,2.150,1.890,1.050,1,0,0,0,0,17,310,0,32,0
18-05 17:18:20,0.753,1.004,97.371,0,0.251,5151668,237540,169624,2436640,32285.888,1626.190,0,0,0,0,897,1240,2.150,1.890,1.050,1,0,0,0,0,17,310,0,32,0
18-05 17:18:21,1.246,0.498,97.168,0,0.249,5150384,238776,169624,2436688,11117.025,1614.485,47.837,103.646,1.993,11.959,1032,1601,2.150,1.890,1.050,1,0,0,0,0,17,310,0,32,0
18-05 17:18:22,1.999,0.750,95.700,0.250,0,5136604,252556,169624,2436688,12700.364,124083.165,3.998,379.802,0.999,28.985,1165,1437,1.980,1.860,1.050,1,0,0,0,0,17,310,0,32,0
18-05 17:18:23,1.499,0.750,97.195,0.250,0,5135864,253328,169624,2436660,10164.281,1619.089,47.973,47.973,1.999,5.997,894,1310,1.980,1.860,1.050,1,0,0,0,0,17,310,0,32,0
18-05 17:18:24,1.501,0.500,96.798,0,0,5134604,254588,169624,2436660,5939.970,1690.846,0,0,0,0,944,1396,1.980,1.860,1.050,1,0,1.001,0,0,17,310,0,31,0
18-05 17:18:25,1.001,0.501,97.366,0,0,5134604,254588,169624,2436660,8603.279,1459.744,0,0,0,0,927,1308,1.980,1.860,1.050,1,0,0,0,0,17,310,0,31,0
18-05 17:18:26,1.500,1.000,97.012,0.250,0,5134604,254588,169624,2436660,11656.389,1620.193,0,104.012,0,12.001,1097,1616,1.980,1.860,1.050,1,0,0,0,0,17,310,0,31,0
18-05 17:18:27,1.500,0.500,96.504,0.250,0,5134604,254588,169624,2436660,9141.372,1620.066,0,256.010,0,24.001,1208,1728,1.820,1.820,1.040,1,0,0,0,0,17,310,0,31,0
18-05 17:18:28,1.250,0.750,96.983,0,0.250,5134604,254588,169624,2436660,8553.495,1619.715,0,231.959,0,20.996,1067,1626,1.820,1.820,1.040,1,0,0,0,0,17,310,0,31,0
18-05 17:18:29,1.000,0.250,97.514,0,0.250,5134596,254588,169624,2436668,6577.927,1620.228,0,144.020,0,10.001,823,1214,1.820,1.820,1.040,1,0,0,0,0,17,310,0,31,0
18-05 17:18:30,1.248,0.749,97.348,0.250,0,5134596,254588,169624,2436668,10856.007,1455.721,0,95.850,0,9.984,1017,1423,1.820,1.820,1.040,1,0,0,0,0,17,310,0,31,0
18-05 17:18:31,0.751,0.500,96.842,0,0,5134536,254588,169624,2436728,9611.172,1621.547,48.046,88.084,2.002,11.011,1186,1730,1.820,1.820,1.040,1,0,0,0,0,17,310,0,31,0
18-05 17:18:32,1.249,1.249,96.194,0,0.250,5134536,254588,169624,2436728,10424.902,1565.085,0,16234.504,0,51.970,1106,1433,1.680,1.790,1.030,2,0,0,0,0,17,310,0,31,0
18-05 17:18:33,1.000,0.250,97.229,0.250,0,5134532,254588,169624,2436732,9871.885,1511.676,0,87.981,0,8.998,898,1254,1.680,1.790,1.030,1,0,0,0,0,17,310,0,31,0
18-05 17:18:34,0.751,0.751,97.352,0,0,5134532,254588,169624,2436732,11680.190,1621.692,0,0,0,0,986,1319,1.680,1.790,1.030,1,0,1.001,0,0,17,310,0,31,0
18-05 17:18:35,1.496,0.748,97.262,0,0.499,5134532,254588,169624,2436732,9003.941,1616.041,0,0,0,0,944,1288,1.680,1.790,1.030,1,0,1.995,0,0,17,310,0,31,0
18-05 17:18:36,1.753,1.252,95.397,0.250,0,5134784,254336,169624,2436732,10447.062,1568.411,8.012,140.216,2.003,18.028,1263,1804,1.680,1.790,1.030,1,0,0,0,0,17,310,0,31,0
18-05 17:18:37,0.751,0.501,97.363,0.250,0.250,5134636,254440,169624,2436776,6730.828,1513.761,0,220.256,0,18.021,1050,1443,1.540,1.760,1.030,1,0,0,0,0,17,310,0,31,0
18-05 17:18:38,1.000,0.750,97.258,0,0,5134632,254440,169628,2436776,9711.773,1620.129,0,128.010,0,11.001,954,1300,1.540,1.760,1.030,1,0,0,0,0,17,310,0,31,0
18-05 17:18:39,0.998,0.250,97.102,0.250,0,5134632,254440,169628,2436776,9823.016,1563.615,0,794.788,0,170.740,1158,1322,1.540,1.760,1.030,1,0,0,0,0,17,310,0,31,0
18-05 17:18:40,1.752,1.001,97.619,0,0,5134632,254440,169628,2436776,13328.303,1621.984,0,0,0,0,932,1293,1.540,1.760,1.030,1,0,0,0,0,17,310,0,29,0
18-05 17:18:41,1.251,0.500,97.063,0,0,5134520,254440,169628,2436888,12368.036,1621.053,112.073,116.075,5.003,13.008,1120,1680,1.540,1.760,1.030,1,0,0,0,0,17,310,0,29,0
18-05 17:18:42,1.499,0.750,96.216,0.250,0.250,5134516,254440,169628,2436892,60912.641,1619.432,0,735.742,0,38.986,1299,1810,1.420,1.730,1.020,2,0,0,0,0,17,310,0,29,0
18-05 17:18:43,1.248,0.499,96.628,0,0,5134512,254440,169628,2436896,9189.441,1510.101,0,219.724,0,19.975,1168,1703,1.420,1.730,1.020,1,0,0,0,0,17,310,0,29,0
18-05 17:18:44,1.248,0.998,96.585,0.250,0.250,5142324,246628,169628,2436896,6223.366,1617.237,0,135.768,0,10.981,1079,1548,1.420,1.730,1.020,1,0,2.995,0,0,17,312,0,22,0
18-05 17:18:45,1.504,1.504,96.755,0,0,5142820,246128,169628,2436900,7326.278,1624.274,0,108.285,0,9.024,1080,1421,1.420,1.730,1.020,1,0,6.016,0,0,17,312,0,22,0
18-05 17:18:46,6.533,3.267,88.700,0.251,0.503,5165712,223224,169628,2440320,11094.305,1573.988,0,237.204,0,24.122,2347,11228,1.420,1.730,1.020,3,0,37.189,0,0,18,313,0,22,0
18-05 17:18:47,3.729,1.243,92.972,0,0,5138620,250204,169628,2437024,10053.857,1503.455,95.457,290.350,5.966,17.898,1936,4826,1.300,1.710,1.020,1,0,2.983,0,0,17,312,0,23,0
18-05 17:18:48,4.000,1.000,94.251,0.250,0,5138608,250204,169628,2437036,8919.100,1620.018,80.001,76.001,5.000,6.000,1383,1713,1.300,1.710,1.020,1,0,2.000,0,0,17,312,0,17,0
18-05 17:18:49,1.999,1.000,95.719,0.250,0.250,5138776,249952,169628,2437120,10284.709,1565.499,0,1047.665,0,195.937,1373,1736,1.300,1.710,1.020,1,0,1.000,0,0,17,312,0,17,0
18-05 17:18:50,1.001,0.500,97.076,0,0,5138772,249952,169628,2437124,33967.484,1513.180,0,196.153,0,13.010,940,1292,1.300,1.710,1.020,1,0,0,0,0,17,312,0,17,0
18-05 17:18:51,1.251,0.750,97.306,0.250,0,5138740,249952,169628,2437156,11843.826,1620.934,32.018,196.113,1.001,20.012,1102,1672,1.300,1.710,1.020,1,0,0,0,0,17,312,0,17,0
18-05 17:18:52,1.000,0.750,97.296,0.250,0,5138740,249952,169628,2437156,6552.096,486.230,0,560.265,0,70.033,1077,1437,1.200,1.680,1.010,1,0,0,0,0,17,312,0,12,0
18-05 17:18:53,9.741,2.747,86.418,0,0.250,5168180,220496,169648,2437152,279959.616,4967.274,11.989,67.935,0.999,6.993,2021,1680,1.200,1.680,1.010,2,0,19.981,0,0,17,312,0,12,0
18-05 17:18:54,11.040,4.767,82.549,0,0.251,5161152,227356,169664,2437304,428110.921,9062.832,124.451,120.436,6.022,4.015,2587,2198,1.200,1.680,1.010,2,0,29.105,0,0,17,314,0,12,0
