"pcp-dstat 5.3.6 CSV Output"
"Author:","PCP team <pcp@groups.io> and Dag Wieers <dag@wieers.com>",,,,"URL:","https://pcp.io/ and http://dag.wieers.com/home-made/dstat/"
"Host:","ubuntu",,,,"User:","ubuntu"
"Cmdline:","dstat -tcmndrylpg --tcp --output /tmp/devstack_logs/dstat-csv.log",,,,"Date:","17 Sep 2024 17:04:32 UTC"
"system","total usage",,,,,"memory usage",,,,"net/total",,"dsk/total",,"io/total",,"system",,"load avg",,,"procs",,,"paging",,"tcp sockets",,,,
"time","total usage:usr","total usage:sys","total usage:idl","total usage:wai","total usage:stl","used","free","buf","cach","net/total:recv","net/total:send","dsk/total:read","dsk/total:writ","read","writ","int","csw","1m","5m","15m","run","blk","new","in","out","lis","act","syn","tim","clo"
17-09 17:04:32,,1063620,1926692,162568,4663528,,,,,,,1.550,1.010,0.520,2,0,,,,9,8,3,17,0
17-09 17:04:33,24.738,20.241,52.975,1.499,0.250,1073120,1902672,162616,4677692,495338.668,22873.364,0,4721.804,0,138.935,4314,7109,1.510,1.010,0.520,3,0,559.740,0,0,9,7,3,17,1
17-09 17:04:34,27.975,23.229,46.458,0.749,0,1093580,1869524,162628,4690128,221392.968,6721.957,11765.423,1214.908,132.881,51.953,4704,8718,1.510,1.010,0.520,2,0,465.581,0,0,9,6,3,17,2
17-09 17:04:35,28.504,21.003,49.007,0,0,1225860,1736412,162628,4815680,75253.514,3864.591,0,140.021,0,22.003,6634,14304,1.510,1.010,0.520,2,0,241.037,0,0,10,8,3,17,2
17-09 17:04:36,35.754,15.002,48.256,1.000,0,1206324,1735552,162768,4833900,76161.444,4090.507,1244.154,3776.468,15.002,113.014,2870,3859,1.510,1.010,0.520,2,0,196.024,0,0,10,8,4,19,2
17-09 17:04:37,41.729,7.246,49.226,1.749,0,1282032,1634512,163992,4854852,30314.994,2418.803,0,6260.901,0,194.904,1941,2871,1.510,1.010,0.520,2,0,22.989,0,0,10,8,4,19,2
17-09 17:04:38,37.773,5.503,52.031,5.003,0.500,1313992,1571984,165292,4881160,21725.992,3967.372,0,15561.306,0,817.489,5405,8883,1.550,1.030,0.530,1,1,10.006,0,0,10,11,4,19,2
17-09 17:04:39,32.734,7.246,46.727,13.243,0,1262808,1630712,166076,4872948,115696.846,5999.036,0,31640.370,0,2834.600,14078,23918,1.550,1.030,0.530,2,0,50.975,0,0,10,8,4,19,0
17-09 17:04:40,41.765,10.504,42.015,6.502,0,1181244,1709816,166412,4875040,116120.803,5193.870,0,29986.795,0,2061.742,16386,29662,1.550,1.030,0.530,2,0,103.037,0,0,10,6,4,19,0
17-09 17:04:41,45.670,7.237,44.921,0.250,0,1211080,1679308,166424,4875688,243690.542,7888.196,0,4228.600,0,277.514,9839,18337,1.550,1.030,0.530,4,0,12.977,0,0,10,6,4,19,0
17-09 17:04:42,54.747,7.000,37.248,0.250,0.250,1140640,1749896,166456,4875444,57647.118,3659.817,0,8699.565,0,431.978,2661,3262,1.550,1.030,0.530,3,0,22.999,0,0,10,4,4,19,0
17-09 17:04:43,48.043,4.254,46.792,0.250,0,1191552,1698700,166456,4875728,10780.692,3761.381,0,432.389,0,17.015,1436,1634,1.580,1.050,0.540,2,0,53.048,0,0,10,5,4,19,0
17-09 17:04:44,31.278,16.765,51.546,0.250,0,1107072,1780692,166464,4878104,1302186.666,18735.844,0,1605.443,0,31.028,3751,5498,1.580,1.050,0.540,2,0,467.420,0,0,10,4,4,19,0
17-09 17:04:45,33.743,17.746,46.991,0,0,1122096,1765244,166464,4878484,12285.543,4777.045,0,243.951,0,12.997,5477,10513,1.580,1.050,0.540,1,0,333.933,0,0,10,6,4,19,0
17-09 17:04:46,64.670,9.488,24.969,0,0.250,1227144,1657572,166464,4881504,1297349.476,17509.358,0,1582.045,0,11.985,2371,2451,1.580,1.050,0.540,5,0,123.847,0,0,10,5,4,19,0
17-09 17:04:47,63.422,5.244,31.711,0,0,1283060,1599956,166464,4883124,25415.561,5750.886,0,767.051,0,45.943,1564,3567,1.580,1.050,0.540,6,1,2.996,0,0,10,7,4,13,0
17-09 17:04:48,40.847,7.768,51.371,0.501,0.251,1291420,1587268,166492,4887052,1294316.765,16335.617,0,14221.620,0,523.237,3305,4743,1.620,1.060,0.540,1,0,119.282,0,0,10,4,4,13,0
17-09 17:04:49,13.473,1.746,83.580,0,0,1305716,1572908,166496,4887164,17258.947,5692.439,0,455.076,0,3.992,837,1145,1.620,1.060,0.540,0,0,2.994,0,0,10,6,3,13,0
17-09 17:04:50,14.012,3.753,81.568,0.500,0.250,1347640,1530856,166512,4887348,142357.153,6306.278,0,1100.921,0,49.041,1605,2186,1.620,1.060,0.540,1,0,21.018,0,0,10,6,3,13,0
17-09 17:04:51,24.257,2.001,73.772,0,0,1401804,1476200,166512,4887840,155649.761,5655.663,0,0,0,0,1057,1212,1.620,1.060,0.540,1,0,0,0,0,10,6,3,13,0
17-09 17:04:52,22.993,2.749,70.730,1.999,0,1409264,1468416,166544,4888132,154484.817,6478.147,0,6794.057,0,394.887,3501,6049,1.620,1.060,0.540,1,0,1.000,0,0,10,6,3,15,0
17-09 17:04:53,21.757,5.752,72.024,0,0.250,1369668,1507708,166548,4888540,81088.165,3469.162,0,16817.634,0,42.014,1343,1772,1.570,1.060,0.550,1,0,42.014,0,0,10,11,3,14,0
17-09 17:04:54,20.980,4.246,71.931,0.749,0.250,1338976,1537832,166548,4888964,87135.611,4189.990,231.778,2253.843,57.945,19.981,2345,3524,1.570,1.060,0.550,1,0,47.954,0,0,10,30,3,15,0
17-09 17:04:55,23.997,3.750,72.992,0,0,1385036,1491476,166548,4889248,163412.351,5777.376,0,0,0,0,1435,1987,1.570,1.060,0.550,2,0,0,0,0,10,30,3,15,0
17-09 17:04:56,35.734,9.996,54.726,0,0.250,1432996,1443408,166548,4889352,97441.029,4719.919,0,19.991,0,4.998,1820,2437,1.570,1.060,0.550,2,0,155.931,0,0,10,30,3,15,0
17-09 17:04:57,43.868,11.531,43.367,0,0,1370612,1505364,166560,4889736,49568.587,2827.620,0,461.243,0,25.068,5493,10595,1.570,1.060,0.550,6,0,278.751,0,0,10,30,3,15,0
17-09 17:04:58,81.497,15.000,2.750,0,0,1590900,1284912,166560,4889884,93030.023,4721.849,0,31814.982,0,68.998,2759,4906,1.840,1.130,0.570,7,0,274.991,0,0,10,31,3,15,0
17-09 17:04:59,81.248,13.750,4.750,0,0,1459544,1415848,166572,4890364,77618.982,3863.900,0,1207.969,0,35.999,4420,12263,1.840,1.130,0.570,3,0,224.994,0,0,10,31,3,15,0
17-09 17:05:00,31.180,5.987,61.861,0,0,1362320,1512856,166584,4890560,74955.575,3286.615,0,299.327,0,25.942,2631,5817,1.840,1.130,0.570,2,0,109.753,0,0,10,30,3,15,0
17-09 17:05:01,23.024,3.003,73.577,0.250,0,1409396,1465732,166588,4890604,9204.573,1621.687,0,160.167,0,10.010,1486,3065,1.840,1.130,0.570,1,0,0,0,0,10,31,3,15,0
17-09 17:05:02,20.478,5.744,73.172,0,0.499,1402616,1472380,166588,4890732,147705.841,5837.789,0,247.736,0,22.976,1748,2298,1.840,1.130,0.570,1,0,67.928,0,0,10,30,3,15,0
17-09 17:05:03,34.579,12.278,53.373,0.501,0.251,1346736,1528116,166608,4890784,87192.193,4420.149,0,1687.875,0,35.081,3449,5769,1.850,1.140,0.580,3,0,353.812,0,0,10,28,3,15,0
17-09 17:05:04,65.744,21.498,12.749,0,0.250,1502468,1372028,166612,4891112,17735.492,4973.577,0,3963.663,0,45.996,3056,5375,1.850,1.140,0.580,6,0,687.942,0,0,10,30,3,15,0
17-09 17:05:05,86.248,10.500,3.250,0,0,1602252,1269636,166640,4893572,1336814.590,18358.596,0,2707.940,0,95.998,5417,10880,1.850,1.140,0.580,7,0,4.000,0,0,10,29,3,15,0
17-09 17:05:06,86.487,11.748,1.000,0,0,1564832,1306568,166656,4894036,7663.820,1787.725,0,859.868,0,60.991,4450,9488,1.850,1.140,0.580,6,0,92.986,0,0,10,28,3,13,0
17-09 17:05:07,83.020,13.503,3.251,0,0,1569724,1296768,166708,4898652,2402988.105,27875.579,0,2916.688,0,32.008,6228,9291,1.850,1.140,0.580,8,0,212.050,0,0,10,29,3,13,0
17-09 17:05:08,85.989,11.998,1.250,0,0,1510824,1355136,166716,4899172,5603.277,1585.795,0,227.971,0,11.998,4724,9431,2.350,1.250,0.620,5,0,113.985,0,0,10,29,3,13,0
17-09 17:05:09,59.983,12.996,25.243,0.250,0,1393068,1470868,166736,4900984,887622.477,16110.344,0,62010.079,0,208.940,6506,11379,2.350,1.250,0.620,3,0,195.943,0,0,10,30,3,16,0
17-09 17:05:10,49.370,4.738,45.131,0,0.499,1426812,1434088,166760,4903828,1519159.131,13680.035,0,2712.868,0,31.916,2654,4295,2.350,1.250,0.620,4,0,0,0,0,10,29,3,16,0
17-09 17:05:11,58.427,15.046,25.828,0,0,1450984,1409852,166768,4903884,6832.717,1624.927,0,228.693,0,17.052,2610,5457,2.350,1.250,0.620,3,0,379.150,0,0,10,28,3,16,0
17-09 17:05:12,56.502,14.251,28.751,0.250,0,1333300,1527256,166780,4904144,6761.291,1566.067,0,3912.168,0,125.005,6121,13515,2.350,1.250,0.620,4,0,248.011,0,0,10,28,3,20,0
17-09 17:05:13,82.989,11.249,4.749,0,0.500,1545004,1315392,166780,4904304,4943.352,1619.788,0,151.980,0,5.999,2336,3999,2.480,1.300,0.640,4,0,9.999,0,0,10,30,3,20,0
17-09 17:05:14,61.497,14.499,22.499,0,0,1403704,1456568,166800,4904408,5885.729,1693.922,0,2707.875,0,48.998,5204,11652,2.480,1.300,0.640,3,0,325.985,0,0,10,28,3,21,0
17-09 17:05:15,62.284,8.254,27.265,0,0,1493344,1366852,166824,4904456,5944.222,1512.820,0,392.213,0,31.017,5184,12026,2.480,1.300,0.640,3,0,34.018,0,0,10,30,3,24,0
17-09 17:05:16,61.472,16.493,21.740,0,0,1463588,1396364,166832,4904692,7692.538,1619.271,0,675.696,0,87.960,3218,5735,2.480,1.300,0.640,3,0,298.866,0,0,10,28,3,25,0
17-09 17:05:17,54.251,13.500,31.251,0,0,1331344,1528404,166840,4904888,7735.162,1714.036,0,272.006,0,23.000,4473,10706,2.480,1.300,0.640,3,0,287.006,0,0,10,28,3,28,0
17-09 17:05:18,66.742,7.249,25.997,0.250,0,1488656,1370904,166840,4905076,5374.366,1619.809,0,227.973,0,11.999,2589,4456,2.520,1.330,0.650,3,0,0,0,0,10,29,3,29,0
17-09 17:05:19,63.706,9.493,26.732,0,0.500,1441012,1417968,166852,4905628,6397.579,1618.881,0,4229.078,0,50.965,3580,7382,2.520,1.330,0.650,3,0,111.923,0,0,10,28,3,31,0
17-09 17:05:20,55.040,12.759,30.772,0.250,0,1328232,1530524,166872,4905828,5924.289,1567.135,0,512.371,0,53.038,5691,10778,2.520,1.330,0.650,3,0,214.155,0,0,10,28,3,31,0
17-09 17:05:21,81.756,15.751,2.000,0,0,1554276,1304364,166908,4905876,9941.766,1620.125,0,4888.376,0,191.015,2862,4631,2.520,1.330,0.650,6,0,261.020,0,0,10,29,3,31,0
17-09 17:05:22,80.247,16.749,3.250,0,0.250,1476008,1382372,166920,4906120,5221.828,1511.950,0,723.976,0,47.998,4930,9382,2.520,1.330,0.650,7,0,306.990,0,0,10,28,3,27,0
17-09 17:05:23,82.734,13.997,2.000,0,0.250,1511668,1346492,166944,4906316,6239.802,1619.689,0,411.921,0,32.994,4243,7352,2.800,1.410,0.680,6,0,211.959,0,0,10,29,3,28,0
17-09 17:05:24,71.244,21.748,6.999,0,0.250,1422000,1435928,166952,4906540,6285.441,1619.856,0,5075.548,0,352.969,4437,10061,2.800,1.410,0.680,3,0,524.953,0,0,10,28,3,28,0
17-09 17:05:25,42.472,23.485,32.728,0,0,1314468,1543244,166952,4906756,5004.697,1618.932,0,203.865,0,10.993,4910,10515,2.800,1.410,0.680,1,0,673.555,0,0,10,28,3,28,0
17-09 17:05:26,18.260,25.514,55.530,0,0,1339192,1518492,166956,4906780,7756.181,1620.874,0,240.129,0,17.009,3874,6293,2.800,1.410,0.680,4,0,815.440,0,0,10,28,3,28,0
17-09 17:05:27,77.778,20.007,2.501,0,0,1518180,1339436,166960,4906844,7113.525,1662.590,0,260.092,0,20.007,3160,6631,2.800,1.410,0.680,6,1,454.161,0,0,10,29,3,29,0
17-09 17:05:28,77.502,14.000,7.500,0,0.250,1409568,1447816,166976,4907060,7328.198,1620.044,0,1648.044,0,123.003,4639,10102,2.900,1.450,0.700,4,0,261.007,0,0,10,28,3,29,0
17-09 17:05:29,77.148,10.986,10.486,0,0.250,1540620,1316552,166980,4907268,6786.063,1456.082,0,459.395,0,10.986,4164,10422,2.900,1.450,0.700,2,0,6.991,0,0,10,32,3,30,0
17-09 17:05:30,69.829,9.010,21.274,0,0,1462752,1394032,166996,4907640,6658.571,1621.844,0,420.478,0,39.044,3914,15480,2.900,1.450,0.700,4,0,51.058,0,0,10,29,3,28,0
17-09 17:05:31,81.545,11.685,6.464,0.249,0.249,1518436,1338268,167000,4907716,7157.049,1611.007,0,4331.820,0,134.251,4501,9211,2.900,1.450,0.700,5,0,68.617,0,0,10,29,3,28,0
17-09 17:05:32,73.932,16.345,9.556,0,0,1422168,1434228,167000,4908008,5740.513,1629.513,0,4.023,0,1.006,4620,12150,2.900,1.450,0.700,5,0,195.139,0,0,10,29,3,30,0
17-09 17:05:33,83.472,9.497,5.998,0,0.250,1529068,1327244,167000,4908092,7676.382,1619.448,0,0,0,0,3301,9077,2.980,1.490,0.710,4,0,72.975,0,0,10,29,3,31,0
17-09 17:05:34,77.525,11.754,10.253,0.250,0,1416676,1439368,167008,4908352,8440.769,1620.532,0,1512.496,0,23.008,4369,10102,2.980,1.490,0.710,4,0,134.044,0,0,10,28,3,31,0
17-09 17:05:35,79.499,12.500,8.000,0,0,1497564,1358320,167016,4908504,6182.913,1619.977,0,359.995,0,33.000,4365,8499,2.980,1.490,0.710,6,0,63.999,0,0,10,30,3,31,0
17-09 17:05:36,79.501,15.750,3.750,0,0.250,1519692,1336132,167016,4908564,6983.070,1458.015,0,276.003,0,21.000,2615,4728,2.980,1.490,0.710,5,0,183.002,0,0,10,29,3,31,1
17-09 17:05:37,78.753,11.000,9.250,0,0.250,1373128,1482340,167016,4908920,5126.179,1620.057,0,148.005,0,8.000,6102,14047,2.980,1.490,0.710,5,0,128.004,0,0,10,28,3,34,0
17-09 17:05:38,83.249,10.750,5.000,0,0,1491900,1363512,167024,4908968,6585.895,1693.973,0,291.995,0,28.000,3421,7138,3.070,1.530,0.730,5,0,56.999,0,0,10,29,3,32,0
17-09 17:05:39,69.729,15.745,13.746,0.250,0.500,1463348,1391880,167028,4909148,5785.270,1693.494,0,3958.816,0,47.986,4171,7399,3.070,1.530,0.730,3,0,238.929,0,0,10,29,3,32,0
17-09 17:05:40,61.719,10.995,27.486,0,0,1366060,1488916,167032,4909376,7926.045,1693.155,0,307.846,0,17.991,4182,10058,3.070,1.530,0.730,4,0,180.910,0,0,10,28,3,35,0
17-09 17:05:41,65.550,9.507,25.770,0,0.250,1438540,1416408,167036,4909400,6458.954,1695.300,0,288.221,0,22.017,2580,4814,3.070,1.530,0.730,4,0,60.046,0,0,10,30,3,36,0
17-09 17:05:42,65.402,9.486,24.963,0,0,1457672,1397144,167040,4909528,6235.671,1659.517,0,331.504,0,27.958,2623,5934,3.070,1.530,0.730,4,0,71.892,0,0,10,28,3,36,0
17-09 17:05:43,62.581,9.012,27.285,0,0,1377028,1477456,167052,4909848,5921.633,1556.006,0,264.341,0,22.028,5049,10969,3.140,1.580,0.750,3,0,82.106,0,0,10,28,3,38,0
17-09 17:05:44,69.617,4.990,25.701,0.499,0,1490504,1363804,167064,4910012,5909.671,1563.004,0,2678.865,0,40.922,2755,6108,3.140,1.580,0.750,4,0,1.996,0,0,10,29,3,38,0
17-09 17:05:45,63.138,11.024,24.804,0,0,1483716,1370556,167068,4910044,5842.772,1623.549,0,336.736,0,27.059,2325,3596,3.140,1.580,0.750,5,0,137.300,0,0,10,28,3,38,1
17-09 17:05:46,58.748,14.749,25.999,0,0.500,1368644,1485344,167092,4910276,7376.698,1693.931,0,403.983,0,33.999,5790,11979,3.140,1.580,0.750,4,0,343.986,0,0,10,28,3,42,0
17-09 17:05:47,64.969,9.495,25.238,0,0,1501744,1352124,167092,4910388,7701.273,1619.216,0,223.892,0,9.995,2944,5635,3.140,1.580,0.750,5,0,78.962,0,0,10,29,3,45,0
17-09 17:05:48,31.944,13.476,55.153,0,0.250,1357144,1496496,167104,4910604,7083.498,1617.146,0,355.373,0,24.956,3100,6348,3.210,1.620,0.770,3,0,408.279,0,0,10,28,3,45,0
17-09 17:05:49,22.524,3.504,72.827,0,0.250,1380676,1472808,167104,4910760,7749.175,1621.711,0,140.148,0,10.011,2168,4662,3.210,1.620,0.770,2,0,0,0,0,10,29,3,45,0
17-09 17:05:50,13.765,16.017,69.324,0.250,0,1322044,1531288,167120,4910896,6516.980,1513.621,0,328.352,0,25.027,2584,4158,3.210,1.620,0.770,1,0,290.311,0,0,10,28,3,45,0
17-09 17:05:51,27.209,15.726,56.414,0,0,1402164,1451044,167148,4910984,6422.251,1563.626,0,6530.087,0,186.717,2880,3806,3.210,1.620,0.770,2,0,304.538,0,0,10,28,3,47,0
17-09 17:05:52,44.503,5.250,48.753,1.750,0,1514152,1336296,167448,4913216,5828.385,1662.110,0,5412.357,0,433.029,2998,5592,3.210,1.620,0.770,1,1,23.002,0,0,10,32,3,47,0
17-09 17:05:53,38.044,8.760,41.047,12.514,0,1451536,1392652,168192,4918428,6391.324,1621.859,0,40702.645,0,3558.078,13404,28009,3.110,1.620,0.770,2,1,112.128,0,0,10,32,3,45,0
17-09 17:05:54,41.253,7.001,41.003,8.251,0,1460588,1382620,168512,4919008,5881.423,1694.122,0,22309.606,0,1909.137,8047,16001,3.110,1.620,0.770,2,0,21.002,0,0,10,28,3,45,0
17-09 17:05:55,46.665,3.743,47.913,0.998,0,1471824,1371312,168556,4919036,6023.032,1617.055,0,3202.169,0,377.313,2663,3495,3.110,1.620,0.770,1,1,1.996,0,0,10,30,3,44,0
17-09 17:05:56,37.722,7.744,44.467,8.993,0,1518100,1323936,169164,4919520,9406.124,1618.817,0,17127.480,0,2421.230,15241,26706,3.110,1.620,0.770,2,0,1.999,0,0,10,30,3,44,0
17-09 17:05:57,29.823,6.015,63.155,1.504,0.501,1404828,1437160,169176,4919540,5049.401,1515.723,0,6078.930,0,343.844,2489,3600,3.110,1.620,0.770,1,0,99.244,0,0,10,28,3,44,0
17-09 17:05:58,22.967,2.746,73.144,0.250,0.250,1345300,1496664,169188,4919552,9053.845,1617.650,0,303.559,0,20.970,1024,1326,2.940,1.610,0.780,2,0,2.996,0,0,10,28,3,44,0
17-09 17:05:59,22.258,3.751,73.525,0.500,0,1417600,1424340,169212,4919552,6772.316,1566.536,0,2568.879,0,146.050,1315,1719,2.940,1.610,0.780,1,0,2.001,0,0,10,28,3,44,0
17-09 17:06:00,23.242,2.749,73.225,0.250,0.250,1364056,1477860,169212,4919576,6101.877,1619.436,0,243.915,0,18.993,1059,1309,2.940,1.610,0.780,1,0,1.000,0,0,10,32,3,44,0
17-09 17:06:01,22.502,3.250,74.008,0,0,1443936,1397976,169212,4919580,6388.652,1620.165,0,0,0,0,981,1120,2.940,1.610,0.780,1,0,2.000,0,0,10,32,3,44,0
17-09 17:06:02,22.282,3.755,73.607,0,0,1388448,1453452,169212,4919592,6384.276,1622.357,0,4.006,0,1.001,927,1092,2.940,1.610,0.780,1,0,1.001,0,0,10,32,3,44,0
17-09 17:06:03,22.695,2.494,73.321,0,0,1450440,1391460,169216,4919588,7945.621,1508.321,0,0,0,0,918,1138,2.790,1.600,0.780,3,0,1.995,0,0,10,32,3,44,0
17-09 17:06:04,23.030,3.004,73.596,0,0.250,1394580,1447264,169216,4919640,6770.829,1622.115,0,0,0,0,1002,1221,2.790,1.600,0.780,2,0,3.004,0,0,10,32,3,44,0
17-09 17:06:05,24.460,1.747,74.130,0,0,1453956,1387796,169216,4919732,5493.107,1617.381,0,183.703,0,2.995,946,1156,2.790,1.600,0.780,3,0,1.997,0,0,10,32,3,44,0
17-09 17:06:06,23.070,3.260,73.222,0.251,0,1341880,1499824,169232,4919756,7227.944,1797.457,0,670.034,0,44.134,1399,1925,2.790,1.600,0.780,3,0,2.006,0,0,10,32,4,44,0
17-09 17:06:07,22.920,2.491,73.495,0,0,1419196,1422496,169232,4919768,6195.483,1688.137,0,11.958,0,1.993,958,1131,2.790,1.600,0.780,3,0,1.993,0,0,10,32,4,44,0
17-09 17:06:08,23.282,2.754,73.351,0,0.250,1368072,1473488,169240,4919844,6065.370,1664.297,0,8.011,0,2.003,913,1100,2.640,1.590,0.780,1,0,1.001,0,0,10,32,4,44,0
17-09 17:06:09,22.741,2.999,73.720,0,0,1373208,1468332,169240,4919864,5755.634,1693.304,0,0,0,0,935,1105,2.640,1.590,0.780,1,0,1.000,0,0,10,32,4,43,0
17-09 17:06:10,22.985,2.998,73.953,0,0,1439484,1402056,169240,4919864,7584.146,1584.986,0,239.846,0,1.999,937,1178,2.640,1.590,0.780,1,0,1.999,0,0,10,32,4,43,0
17-09 17:06:11,13.037,15.042,71.451,0,0.251,1343956,1497424,169248,4920012,5822.390,1750.929,0,517.457,0,6.017,2363,3470,2.640,1.590,0.780,1,0,296.836,0,0,10,32,4,41,0
17-09 17:06:12,8.492,20.730,69.683,0,0,1342244,1499092,169252,4920040,5604.608,1618.443,0,655.370,0,9.990,2970,4637,2.640,1.590,0.780,1,0,428.588,0,0,10,32,4,41,0
17-09 17:06:13,9.256,20.764,69.046,0.250,0.500,1343280,1497952,169252,4920136,5423.634,1695.136,0,604.405,0,17.011,3124,5506,2.590,1.600,0.790,1,0,464.311,0,0,10,32,4,37,0
17-09 17:06:14,18.255,9.253,73.020,0,0.250,1394572,1446648,169252,4920144,5264.453,1566.432,0,4.001,0,1.000,1814,2682,2.590,1.600,0.790,1,0,188.052,0,0,10,32,4,37,0
17-09 17:06:15,25.445,4.989,68.353,0,0.249,1444528,1396692,169252,4920144,5993.151,1616.534,0,15.966,0,0.998,1393,3688,2.590,1.600,0.790,1,0,35.923,0,0,10,32,4,36,0
17-09 17:06:16,23.003,3.751,73.010,0.250,0,1406096,1435112,169260,4920148,6605.938,1620.230,0,460.065,0,37.005,1202,1571,2.590,1.600,0.790,3,0,1.000,0,0,10,32,4,36,0
17-09 17:06:17,23.055,2.757,73.927,0,0,1334140,1507048,169260,4920168,7745.574,1609.860,0,20.048,0,1.002,933,1097,2.590,1.600,0.790,1,0,3.007,0,0,10,32,4,29,0
17-09 17:06:18,22.689,2.244,73.801,0,0,1415040,1426160,169260,4920152,5493.157,1615.635,0,19.946,0,2.992,948,1170,2.460,1.590,0.790,1,0,1.995,0,0,10,32,4,29,0
17-09 17:06:19,21.799,3.758,73.916,0,0,1356204,1484988,169260,4920160,7873.692,1623.648,0,28.063,0,3.007,954,1113,2.460,1.590,0.790,1,0,1.002,0,0,10,32,3,26,0
17-09 17:06:20,23.252,2.750,73.756,0,0,1429508,1411684,169260,4920160,8181.695,1620.138,0,4.000,0,1.000,922,1132,2.460,1.590,0.790,1,0,2.000,0,0,10,32,3,26,0
17-09 17:06:21,23.715,1.498,73.889,0,0,1384124,1457076,169260,4920152,7975.069,1563.661,0,11.982,0,0.999,869,1004,2.460,1.590,0.790,4,0,0.999,0,0,10,32,3,26,0
17-09 17:06:22,22.242,3.998,73.222,0.500,0,1439940,1401132,169260,4920280,6187.667,1693.362,0,743.720,0,128.951,1113,1120,2.460,1.590,0.790,4,0,1.999,0,0,10,32,3,26,0
17-09 17:06:23,22.747,2.500,73.491,0,0.250,1411172,1429892,169260,4920288,6917.108,1511.805,0,0,0,0,867,1034,2.350,1.580,0.790,1,0,1.000,0,0,10,32,3,25,0
17-09 17:06:24,22.748,3.500,73.995,0,0,1349632,1491416,169260,4920300,7533.480,1619.888,0,11.999,0,1.000,950,1133,2.350,1.580,0.790,3,0,5.000,0,0,10,32,3,25,0
17-09 17:06:25,23.258,3.751,73.274,0,0.250,1431216,1409852,169260,4920276,6684.233,1620.541,0,2368.791,0,100.033,1081,1173,2.350,1.580,0.790,2,0,2.001,0,0,10,32,3,25,0
17-09 17:06:26,22.993,3.499,71.729,1.000,0.250,1365136,1475988,169264,4920216,6881.963,1619.521,0,5122.484,0,271.920,1673,2638,2.350,1.580,0.790,4,0,1.000,0,0,10,32,3,25,0
17-09 17:06:27,23.750,3.000,73.500,0,0,1437964,1403160,169264,4920216,6272.994,1619.998,0,0,0,0,895,1097,2.350,1.580,0.790,5,0,2.000,0,0,10,32,3,24,0
17-09 17:06:28,22.554,3.007,73.926,0,0.251,1377292,1463752,169264,4920296,8238.649,1623.873,0,92.220,0,1.002,876,1038,2.240,1.570,0.790,2,0,1.002,0,0,10,32,3,24,0
17-09 17:06:29,23.251,2.500,74.253,0,0.250,1396144,1444908,169264,4920288,6849.240,1566.055,0,12.000,0,1.000,897,1083,2.240,1.570,0.790,2,0,1.000,0,0,10,32,3,24,0
17-09 17:06:30,22.696,2.993,73.325,0,0,1440996,1400056,169264,4920288,5988.723,1508.404,0,19.952,0,0.998,909,1107,2.240,1.570,0.790,4,0,1.995,0,0,10,32,3,23,0
17-09 17:06:31,23.249,2.250,73.747,0,0,1331228,1509824,169264,4920288,7414.718,1619.938,0,75.997,0,4.000,927,1132,2.240,1.570,0.790,2,0,2.000,0,0,10,32,3,23,0
17-09 17:06:32,22.955,3.244,73.605,0,0,1408812,1432228,169264,4920300,5528.077,1616.805,0,87.826,0,20.959,1025,1189,2.240,1.570,0.790,2,1,3.992,0,0,10,32,3,22,0
17-09 17:06:33,19.577,7.027,72.785,0,0.251,1337008,1504004,169264,4920328,6281.574,1626.362,0,168.660,0,19.075,1519,2173,2.140,1.560,0.790,1,0,134.526,0,0,10,32,3,22,0
17-09 17:06:34,17.253,11.002,71.262,0,0,1385700,1455272,169268,4920364,8621.474,1620.277,0,60.010,0,5.001,2118,3174,2.140,1.560,0.790,1,0,260.044,0,0,10,32,3,19,0
17-09 17:06:35,22.932,3.240,73.780,0,0,1339872,1500868,169272,4920588,7330.142,1615.184,0,0,0,0,966,1206,2.140,1.560,0.790,1,0,8.973,0,0,10,32,3,19,0
17-09 17:06:36,23.531,2.003,72.846,0.501,0,1417948,1422776,169280,4920596,6432.459,1459.920,0,893.175,0,51.067,1380,1890,2.140,1.560,0.790,1,0,0,0,0,10,32,3,19,0
17-09 17:06:37,14.776,16.028,69.372,0,0.250,1342808,1497808,169280,4920688,5705.041,1622.856,0,80.141,0,4.007,2424,3772,2.140,1.560,0.790,1,0,344.607,0,0,10,32,3,19,0
17-09 17:06:38,10.244,20.239,68.963,0,0.250,1341976,1498596,169280,4920724,6016.763,1693.089,0,427.770,0,32.982,3639,5944,2.050,1.550,0.790,2,0,616.668,0,0,10,32,3,16,0
17-09 17:06:39,11.004,18.758,69.278,0,0.250,1340836,1499696,169280,4920756,5711.330,1620.661,0,712.291,0,13.005,3053,4711,2.050,1.550,0.790,1,0,449.183,0,0,10,32,3,16,0
17-09 17:06:40,9.500,20.749,69.247,0,0.250,1342824,1497672,169280,4920784,8034.598,1619.919,0,1379.931,0,14.999,3279,5216,2.050,1.550,0.790,1,0,541.973,0,0,10,32,3,16,0
17-09 17:06:41,8.503,22.009,68.778,0,0,1345292,1495172,169284,4920808,6504.641,1620.658,0,1560.634,0,17.007,3089,4788,2.050,1.550,0.790,2,0,474.193,0,0,10,32,3,16,0
17-09 17:06:42,8.746,19.492,69.971,0,0.250,1344156,1496280,169284,4920836,5746.621,1619.330,0,279.884,0,5.998,2884,4478,2.050,1.550,0.790,1,0,415.828,0,0,10,32,3,12,0
17-09 17:06:43,8.501,20.253,70.012,0,0.500,1342472,1497936,169284,4920864,5578.954,1554.266,0,172.029,0,8.001,2732,4154,1.880,1.520,0.790,1,0,385.066,0,0,10,32,3,12,0
17-09 17:06:44,22.021,25.775,51.049,0,0.250,1389872,1450492,169304,4920888,6361.126,1641.581,0,1209.164,0,88.085,4437,7606,1.880,1.520,0.790,5,0,784.756,0,0,10,32,3,14,0
17-09 17:06:45,66.205,11.742,21.735,0.250,0,1587648,1251712,169436,4921664,7722.779,1618.906,0,483.673,0,24.983,1765,2592,1.880,1.520,0.790,3,0,122.917,0,0,10,32,3,16,0
17-09 17:06:46,46.244,8.999,31.496,12.748,0,1647468,1181024,170228,4930700,6386.202,1693.788,399.950,47758.030,4.000,3503.562,17945,29816,1.880,1.520,0.790,1,1,96.988,0,0,10,38,3,15,0
17-09 17:06:47,39.749,9.250,34.249,16.749,0.250,1626704,1191924,171004,4939404,5185.834,1693.946,0,68953.793,0,5275.831,22972,37823,1.880,1.520,0.790,2,1,134.996,0,0,10,36,3,15,0
17-09 17:06:48,38.988,12.246,30.991,18.244,0,1596660,1213180,171556,4947344,8395.456,1689.488,0,75561.105,0,5605.302,23664,41002,2.130,1.580,0.810,3,1,111.966,0,0,10,36,3,11,0
17-09 17:06:49,47.040,10.759,25.021,17.515,0.250,1641816,1160568,171980,4954204,5746.856,1737.468,0,60787.365,0,5155.356,20686,34174,2.130,1.580,0.810,3,0,36.030,0,0,10,37,3,11,0
17-09 17:06:50,40.474,18.738,31.980,9.494,0,1562716,1233484,172304,4960052,6226.065,1511.045,363.770,44008.187,5.996,3256.942,19771,35281,2.130,1.580,0.810,2,1,311.803,0,0,10,34,3,11,0
17-09 17:06:51,40.760,15.254,30.757,12.753,0,1558448,1231156,172636,4965744,5969.397,1620.379,1088.255,53881.608,16.004,3887.910,17917,31063,2.130,1.580,0.810,1,1,175.041,0,0,10,34,3,11,0
17-09 17:06:52,36.521,9.505,41.024,11.507,0.250,1499220,1285572,172828,4970240,5008.880,1566.901,528.304,35012.132,8.005,3066.763,17201,30436,2.130,1.580,0.810,2,1,168.097,0,0,10,34,3,14,0
17-09 17:06:53,36.716,7.243,41.462,13.987,0.250,1552796,1230636,173124,4971188,7505.080,1692.440,0,40926.266,0,3454.815,15340,27007,2.200,1.610,0.820,3,0,8.992,0,0,10,35,3,14,0
17-09 17:06:54,36.467,7.743,42.711,13.488,0,1495808,1285200,173320,4973368,6165.340,1618.514,0,39395.835,0,3573.719,16677,31797,2.200,1.610,0.820,2,1,43.960,0,0,10,34,3,16,0
17-09 17:06:55,36.293,8.510,39.047,13.266,0,1554776,1225256,173508,4974100,8101.665,1621.935,0,39575.213,0,3547.232,15359,28471,2.200,1.610,0.820,2,0,37.044,0,0,10,34,3,16,0
17-09 17:06:56,39.214,7.493,41.712,10.490,0,1512608,1265160,173644,4976208,8364.322,1618.514,0,34871.988,0,3043.206,16117,29005,2.200,1.610,0.820,3,1,86.920,0,0,10,36,3,17,0
17-09 17:06:57,37.779,6.505,41.532,12.259,0.250,1552204,1222320,173828,4979208,6034.671,1621.255,0,32785.376,0,3130.423,15772,26794,2.200,1.610,0.820,3,0,39.030,0,0,10,37,3,18,0
17-09 17:06:58,33.534,8.759,41.292,15.516,0,1540316,1231236,174000,4981928,6778.840,1513.527,0,45489.899,0,3887.923,17419,29598,2.190,1.610,0.830,2,0,67.068,0,0,10,36,3,18,0
17-09 17:06:59,32.473,8.493,41.965,15.487,0,1517924,1250252,174096,4985072,8669.752,1618.647,0,43599.551,0,3882.754,17266,31517,2.190,1.610,0.830,1,1,104.912,0,0,10,36,3,19,0
17-09 17:07:00,37.004,7.251,42.504,13.251,0,1554512,1210464,174292,4987992,6953.668,1566.150,0,38583.704,0,3392.326,16481,29183,2.190,1.610,0.830,5,1,69.007,0,0,10,37,3,20,0
17-09 17:07:01,34.990,8.498,42.238,13.746,0,1546072,1217104,174388,4989592,7308.924,1693.519,0,39388.814,0,3575.984,16244,29630,2.190,1.610,0.830,2,2,63.982,0,0,10,36,3,21,0
17-09 17:07:02,30.018,8.755,46.527,13.508,0.250,1505052,1262544,174472,4985080,6683.917,1620.950,0,31154.256,0,3445.019,17693,32850,2.190,1.610,0.830,2,0,84.049,0,0,10,34,3,25,0
17-09 17:07:03,16.735,11.739,64.192,4.996,0,1382088,1385568,174492,4985000,7331.402,1618.543,0,20061.944,0,1217.904,5646,8727,2.010,1.590,0.830,3,0,228.794,0,0,10,32,3,25,0
17-09 17:07:04,16.980,22.972,57.930,0.499,0.499,1401740,1365720,174516,4985172,5866.942,1618.053,0,1130.640,0,85.897,4330,7262,2.010,1.590,0.830,3,0,715.140,0,0,10,32,3,31,0
17-09 17:07:05,68.227,7.747,24.742,0,0.250,1599904,1166700,174536,4985988,7075.601,1553.473,0,547.814,0,16.994,1554,1424,2.010,1.590,0.830,3,0,2.999,0,0,10,32,3,31,0
17-09 17:07:06,65.560,8.758,24.022,0.250,0,1776196,987144,174720,4988812,6212.703,1621.489,0,5673.208,0,249.229,2238,2244,2.010,1.590,0.830,3,0,0,0,0,10,32,3,31,0
17-09 17:07:07,36.301,5.758,41.558,17.024,0,1775092,977600,174876,4998764,7604.639,1622.270,0,55838.118,0,4299.014,20710,33917,2.010,1.590,0.830,4,0,159.223,0,0,10,38,3,31,0
17-09 17:07:08,30.492,6.248,42.489,19.995,0,1774124,968540,175016,5008320,5431.599,1565.596,0,76612.234,0,5849.491,25570,42628,1.930,1.580,0.830,1,1,191.950,0,0,10,38,3,31,0
17-09 17:07:09,34.006,6.501,40.257,20.004,0.250,1774924,957984,175124,5017660,5082.915,1620.292,0,74365.386,0,5778.040,25219,41819,1.930,1.580,0.830,4,0,132.024,0,0,10,38,3,31,0
17-09 17:07:10,39.213,11.239,32.469,15.985,0,1699376,1026172,175224,5024680,8602.870,1618.471,0,69306.505,0,5350.943,22393,36781,1.930,1.580,0.830,5,0,219.792,0,0,10,36,3,31,0
17-09 17:07:11,45.523,9.505,30.265,14.758,0,1752968,964432,175316,5032452,5670.892,1694.864,0,61287.257,0,4721.408,20541,32860,1.930,1.580,0.830,1,2,72.037,0,0,10,36,3,31,0
17-09 17:07:12,37.022,9.005,36.522,16.510,0,1659104,1045644,175372,5044636,4740.821,1512.900,0,70409.894,0,5273.138,21276,36161,1.930,1.580,0.830,3,1,75.045,0,0,10,36,3,31,0
17-09 17:07:13,25.457,5.990,48.418,18.968,0,1657444,1040960,175424,5050700,5046.487,1617.272,0,69690.432,0,5433.833,22473,40148,2.020,1.600,0.840,2,0,41.929,0,0,10,36,3,31,0
17-09 17:07:14,28.719,10.489,58.686,0.999,0,1406856,1291324,175424,5050908,5733.785,1618.246,0,8127.190,0,502.455,3396,4938,2.020,1.600,0.840,1,0,250.728,0,0,10,32,3,31,0
17-09 17:07:15,26.493,5.998,67.232,0.250,0.250,1462040,1236140,175424,5050908,5852.402,1619.558,0,1163.682,0,75.979,1790,4589,2.020,1.600,0.840,1,0,34.990,0,0,10,32,3,32,0
17-09 17:07:16,24.505,1.750,72.014,1.000,0,1509156,1189016,175424,5050916,6486.239,1566.299,0,4192.801,0,262.050,1853,2735,2.020,1.600,0.840,1,0,0,0,0,10,38,3,32,0
17-09 17:07:17,22.001,4.500,73.002,0,0.500,1435704,1262460,175424,5050916,6004.150,1788.045,0,3300.083,0,17.000,1195,1424,2.020,1.600,0.840,1,0,28.001,0,0,10,32,3,31,0
17-09 17:07:18,23.498,2.500,73.743,0,0.250,1500840,1197192,175424,5051044,5608.445,1619.840,0,203.980,0,4.000,968,1171,1.930,1.590,0.840,1,0,0,0,0,10,32,3,31,0
17-09 17:07:19,18.800,16.294,63.922,0.251,0,1396740,1301216,175424,5051084,6427.257,1516.071,0,192.517,0,27.073,3109,5063,1.930,1.590,0.840,3,0,507.362,0,0,10,32,3,31,0
17-09 17:07:20,14.235,28.969,56.939,0,0,1398400,1299464,175424,5051140,7044.392,1618.252,0,831.102,0,55.940,4543,7317,1.930,1.590,0.840,1,0,911.016,0,0,10,32,3,31,0
17-09 17:07:21,8.991,19.979,69.677,0,0,1395216,1302556,175424,5051216,7504.181,1618.314,0,227.763,0,17.981,3287,5195,1.930,1.590,0.840,1,0,540.437,0,0,10,32,3,31,0
17-09 17:07:22,9.749,18.748,69.991,0,0,1396504,1301188,175424,5051256,5969.272,1619.802,0,71.991,0,10.999,2746,4252,1.930,1.590,0.840,1,0,359.956,0,0,10,32,3,31,0
17-09 17:07:23,16.249,16.749,65.495,0,0,1399316,1298176,175424,5051600,5686.591,1565.887,0,19.999,0,5.000,4554,7727,2.020,1.610,0.850,1,0,239.983,0,0,10,32,3,31,0
17-09 17:07:24,43.816,11.517,45.318,0,0.250,1499700,1197636,175428,5051832,5665.487,1622.430,0,28.042,0,1.002,2174,3211,2.020,1.610,0.850,2,0,132.198,0,0,10,33,3,31,0
17-09 17:07:25,47.975,4.997,45.726,0,0,1590400,1103668,175432,5054976,7167.209,1619.143,0,247.869,0,0.999,4091,11080,2.020,1.610,0.850,3,0,0,0,0,10,35,3,31,0
17-09 17:07:26,44.286,5.505,48.540,0.500,0,1658508,1033816,175500,5056416,5732.707,1513.242,0,5292.345,0,307.252,2242,2760,2.020,1.610,0.850,2,0,35.029,0,0,10,48,3,32,0
17-09 17:07:27,15.726,11.233,72.389,0.250,0.250,1680652,1011588,175500,5056440,5605.401,1712.373,0,1170.205,0,89.862,2297,3294,2.020,1.610,0.850,2,0,228.649,0,0,10,48,3,32,0
17-09 17:07:28,0.750,0.250,97.687,0,0.250,1680564,1011588,175500,5056528,93871.547,4891.850,0,199.871,0,10.993,772,1057,1.860,1.590,0.850,2,0,0,0,0,10,49,3,32,0
17-09 17:07:29,6.515,3.007,90.203,0.251,0,1688588,1003480,175500,5056616,94392.004,4071.144,0,256.576,0,12.027,1119,1569,1.860,1.590,0.850,1,0,8.018,0,0,10,48,3,33,0
17-09 17:07:30,16.218,11.477,70.611,2.495,0,1705000,934832,175612,5107176,5669.808,1616.808,3.992,9429.386,0.998,453.106,3352,4619,1.860,1.590,0.850,2,0,70.860,0,0,10,48,3,33,0
17-09 17:07:31,18.512,7.255,73.297,0,0.250,1727280,911720,175612,5107304,6103.955,1567.015,0,0,0,0,1512,1890,1.860,1.590,0.850,1,0,57.037,0,0,10,48,3,33,0
17-09 17:07:32,22.495,2.999,73.984,0,0,1740600,898392,175612,5107304,5670.769,1511.672,0,3.999,0,1.000,989,1166,1.860,1.590,0.850,1,0,11.997,0,0,10,48,3,33,0
17-09 17:07:33,19.025,6.258,73.595,0,0.250,1662164,1026700,175612,5057940,10211.234,1706.211,0,4.005,0,1.001,1430,1691,1.790,1.580,0.850,2,0,63.082,0,0,10,48,3,33,0
17-09 17:07:34,13.490,13.490,71.699,0,0,1664828,1023900,175764,5058252,6387.459,1618.849,159.886,15.989,9.993,1.999,2219,3198,1.790,1.580,0.850,1,0,247.824,0,0,10,48,3,33,0
17-09 17:07:35,13.730,6.990,77.639,0,0,1672012,1016584,175764,5058100,6897.165,1617.693,0,259.630,0,2.996,4081,8093,1.790,1.580,0.850,0,0,90.870,0,0,10,48,3,33,0
17-09 17:07:36,1.250,0.500,97.530,0.250,0,1672012,1016584,175764,5058100,8085.523,1846.576,0,268.084,0,10.003,767,1146,1.790,1.580,0.850,2,0,3.001,0,0,10,48,4,33,0
17-09 17:07:37,0.500,0.750,98.243,0,0.250,1672684,1015912,175764,5058100,5993.544,1693.871,0,1467.888,0,6.000,694,1028,1.790,1.580,0.850,1,0,3.000,0,0,10,48,4,33,0
17-09 17:07:38,0.250,0.250,98.485,0,0,1672684,1015912,175764,5058100,5710.104,1619.746,0,3.999,0,1.000,637,967,1.650,1.550,0.840,0,0,1.000,0,0,10,48,4,33,0
17-09 17:07:39,2.003,4.007,93.657,0,0.250,1607888,1080728,175764,5058084,4975.339,1534.572,0,244.410,0,13.022,1343,2131,1.650,1.550,0.840,0,0,47.079,0,0,10,48,4,33,0
17-09 17:07:40,17.223,14.977,66.396,0,0,1618452,1070096,175764,5058108,8001.494,1617.472,0,399.376,0,23.963,5086,12075,1.650,1.550,0.840,1,0,253.604,0,0,10,48,4,33,0
17-09 17:07:41,9.262,18.773,69.837,0,0.250,1672964,1015268,175764,5058404,8217.280,1860.327,0,4.005,0,1.001,3046,5017,1.650,1.550,0.840,1,0,346.433,0,0,11,48,4,33,0
17-09 17:07:42,15.486,11.489,71.433,0,0.250,1670332,1017904,175764,5058360,5746.621,1618.485,0,291.727,0,2.997,4684,9168,1.650,1.550,0.840,2,0,151.858,0,0,11,48,4,33,0
17-09 17:07:43,5.001,8.752,85.774,0,0.250,1671236,1016976,175764,5058412,5104.439,1694.478,0,272.077,0,11.003,1664,2668,1.510,1.520,0.840,1,0,167.047,0,0,13,50,4,33,0
17-09 17:07:44,17.299,13.789,68.442,0,0,1675620,1012628,175764,5058444,6159.320,1624.568,0,36.102,0,8.023,5602,9493,1.510,1.520,0.840,1,0,255.719,0,0,13,50,4,34,0
17-09 17:07:45,10.239,19.229,70.173,0,0,1673980,1014212,175764,5058484,5528.935,1456.402,0,39.956,0,9.989,2892,4441,1.510,1.520,0.840,1,0,381.581,0,0,13,50,4,28,0
17-09 17:07:46,20.001,15.251,62.753,0.250,0.250,1690372,997788,175772,5058500,5774.231,1620.065,0,3160.126,0,376.015,4407,8683,1.510,1.520,0.840,2,0,261.010,0,0,13,50,4,28,0
17-09 17:07:47,38.678,16.719,44.666,0,0,1755176,932736,175780,5058740,6434.947,1616.971,0,67.873,0,6.987,4743,10027,1.510,1.520,0.840,1,0,358.329,0,0,13,50,4,27,0
17-09 17:07:48,25.302,4.509,69.392,0,0,1823904,862624,175868,5059972,10269.052,1623.328,32.066,264.542,2.004,6.012,1531,3982,1.470,1.520,0.840,2,0,10.021,0,0,13,58,4,31,0
17-09 17:07:49,22.700,3.492,72.591,0.249,0.249,1868124,818396,175868,5059980,5575.767,1658.362,0,478.949,0,8.980,1156,1737,1.470,1.520,0.840,2,0,4.989,0,0,13,58,3,30,0
17-09 17:07:50,9.747,2.999,86.471,0,0,1894020,791936,175868,5060544,7158.602,1619.457,0,371.875,0,23.992,1503,3155,1.470,1.520,0.840,2,0,2.999,0,0,13,58,3,30,0
17-09 17:07:51,0.750,0.500,98.260,0,0,1894244,791712,175868,5060544,7061.692,1696.166,0,1044.102,0,4.000,657,980,1.470,1.520,0.840,1,0,2.000,0,0,13,58,3,30,0
17-09 17:07:52,13.749,14.499,70.496,0,0,1909276,776684,175868,5060576,8242.588,1619.919,0,51.997,0,7.000,4697,7888,1.470,1.520,0.840,1,0,217.989,0,0,13,56,3,30,0
17-09 17:07:53,14.280,14.280,70.148,0,0.752,1905136,780656,175868,5061036,5511.591,1623.414,0,4.008,0,1.002,5674,10070,1.520,1.520,0.840,4,0,258.544,0,0,13,56,3,30,0
17-09 17:07:54,21.170,14.944,62.514,0,0,1915956,769632,175868,5060828,5741.367,1613.919,0,51.805,0,0.996,5532,10555,1.520,1.520,0.840,1,0,297.878,0,0,13,48,3,25,0
17-09 17:07:55,19.029,13.521,65.350,0,0,1920168,765300,175868,5060848,6141.421,1622.489,0,4.006,0,1.002,4450,7400,1.520,1.520,0.840,1,0,200.307,0,0,13,58,3,25,0
17-09 17:07:56,23.547,12.776,63.878,0,0,1713780,971664,175868,5060864,5921.844,1623.246,0,1178.357,0,11.022,2082,3760,1.520,1.520,0.840,2,0,303.607,0,0,13,50,3,27,0
17-09 17:07:57,32.020,20.263,46.529,0.250,0,1780640,904752,175868,5060916,7111.473,1621.020,0,2949.855,0,193.121,3637,5831,1.520,1.520,0.840,3,0,539.339,0,0,13,50,3,27,0
17-09 17:07:58,42.785,20.266,35.279,0,0,1888056,796612,175868,5061596,6763.465,1459.179,0,1485.200,0,197.159,6103,12212,1.550,1.530,0.850,3,0,301.243,0,0,13,58,3,29,0
17-09 17:07:59,44.213,7.494,46.961,0.749,0,2005252,679496,175880,5061608,7377.884,1618.658,0,5891.116,0,258.785,2177,3185,1.550,1.530,0.850,3,0,6.994,0,0,13,58,3,29,0
17-09 17:08:00,23.750,4.500,71.749,0.250,0.250,2048752,633196,176208,5063908,7950.913,1619.982,139.998,0,35.000,0,1995,4924,1.550,1.530,0.850,2,0,4.000,0,0,13,58,3,28,0
17-09 17:08:01,24.774,5.005,63.062,7.257,0,2049952,619376,176224,5076340,6640.541,1621.597,0,23282.934,0,1878.851,10307,17672,1.550,1.530,0.850,3,0,5.005,0,0,13,60,3,28,0
17-09 17:08:02,31.214,9.489,48.944,7.991,0.499,2169624,489876,176340,5085772,8630.075,1708.036,0,21019.827,0,1963.742,11412,27913,1.550,1.530,0.850,6,0,10.987,0,0,14,74,3,33,0
17-09 17:08:03,24.945,20.205,53.132,0.249,0,2237924,420644,176348,5086532,6960.589,1616.421,0,50675.804,0,160.644,5256,14157,1.590,1.540,0.860,2,0,506.878,0,0,14,85,3,37,0
17-09 17:08:04,14.785,17.291,67.159,0,0.251,2240456,417864,176348,5086716,7979.944,1623.855,0,3071.291,0,41.098,3741,7103,1.590,1.540,0.860,1,0,323.769,0,0,14,85,3,33,0
17-09 17:08:05,38.148,10.971,49.866,0,0,2338444,319840,176348,5087188,6085.666,1495.985,0,578.447,0,31.914,2963,6013,1.590,1.540,0.860,3,0,156.580,0,0,14,86,3,33,0
17-09 17:08:06,34.315,9.518,55.105,0.751,0,2407716,249464,176368,5088224,8703.511,1623.079,0,4240.043,0,166.316,2468,5028,1.590,1.540,0.860,2,0,128.243,0,0,14,89,3,28,0
17-09 17:08:07,9.756,18.511,69.791,1.001,0,2407064,249956,176368,5088380,7608.474,1620.953,0,8392.935,0,555.327,3787,4365,1.590,1.540,0.860,1,0,330.194,0,0,14,89,3,28,0
17-09 17:08:08,8.734,18.465,70.866,0.250,0,2407704,249248,176368,5088444,7231.362,1690.811,0,143.729,0,12.976,2826,4278,1.460,1.510,0.850,1,0,348.343,0,0,14,89,3,28,0
17-09 17:08:09,16.516,10.510,72.820,0,0.250,2447428,209500,176368,5088468,5504.323,1621.568,0,0,0,0,1820,2647,1.460,1.510,0.850,1,0,185.179,0,0,14,89,3,28,0
17-09 17:08:10,20.979,5.994,72.928,0,0,2418084,238824,176368,5088488,9877.241,1618.401,0,131.870,0,12.987,2131,3384,1.460,1.510,0.850,1,0,62.938,0,0,14,91,3,30,0
17-09 17:08:11,24.292,2.755,72.624,0,0.250,2474988,181900,176368,5088508,6049.338,1622.773,0,392.671,0,33.056,1705,3014,1.460,1.510,0.850,2,0,0,0,0,14,93,3,30,0
17-09 17:08:12,25.992,5.248,66.480,1.000,0.250,2444684,211700,176388,5088940,7365.820,1547.542,0,1543.543,0,216.936,4324,8294,1.460,1.510,0.850,1,0,17.995,0,0,14,94,3,32,0
17-09 17:08:13,28.705,8.237,61.903,0.499,0.250,2517920,138432,176388,5088968,5373.606,1617.474,0,1533.605,0,106.833,2491,3998,1.430,1.500,0.850,3,0,99.844,0,0,14,105,3,32,0
17-09 17:08:14,28.801,8.014,61.610,0.501,0,2494048,170164,176392,5081096,5473.749,1622.890,24.043,1570.798,3.005,150.268,3766,6449,1.430,1.500,0.850,2,0,93.166,0,0,14,104,3,33,0
17-09 17:08:15,44.511,10.503,43.761,1.000,0,2600504,132908,173716,5018212,7348.845,1620.407,720.181,5621.411,26.007,578.145,3020,4072,1.430,1.500,0.850,3,1,44.011,0,0,14,106,3,34,0
17-09 17:08:16,23.487,5.497,69.961,0.500,0.250,2566548,165100,173780,5017564,5641.891,1693.067,1767.026,527.709,48.973,35.980,1867,3078,1.430,1.500,0.850,1,0,58.968,0,0,14,108,3,36,0
17-09 17:08:17,21.956,4.990,71.856,0,0,2555648,175780,173780,5017784,6017.964,1784.431,187.625,295.409,3.992,19.960,1664,2277,1.430,1.500,0.850,2,0,50.898,0,0,14,110,3,37,0
17-09 17:08:18,24.979,3.247,72.189,0.500,0,2609520,121872,173780,5017820,5759.151,1618.637,0,1618.637,0,120.898,1963,2906,1.390,1.500,0.850,3,0,0,0,0,14,112,3,37,0
17-09 17:08:19,19.568,6.773,73.253,0.251,0,2601924,129452,173784,5017832,6428.222,1537.314,0,365.263,0,40.139,1681,2526,1.390,1.500,0.850,1,0,82.284,0,0,14,110,3,38,0
17-09 17:08:20,20.450,5.736,72.573,0,0,2587632,143592,173784,5017984,7476.794,1616.065,0,235.427,0,14.964,1489,2068,1.390,1.500,0.850,1,0,54.866,0,0,14,110,3,39,0
17-09 17:08:21,25.807,3.508,68.652,1.503,0,2607400,132504,173616,5009472,7173.883,1665.688,0,3636.050,0,476.054,3489,5456,1.390,1.500,0.850,1,0,0,0,0,14,112,3,39,0
17-09 17:08:22,21.496,6.249,69.486,1.250,0,2603380,135620,173636,5010364,5161.952,1619.671,871.823,4251.137,137.972,286.942,2975,4548,1.390,1.500,0.850,1,0,52.989,0,0,14,110,3,40,0
17-09 17:08:23,25.998,2.500,69.746,0.750,0,2629824,125720,173480,4994100,5400.681,1693.900,0,983.942,0,103.994,2757,4832,1.360,1.490,0.850,2,0,2.000,0,0,14,115,3,41,0
17-09 17:08:24,30.672,5.237,62.092,0.499,0.997,2607016,164224,173316,4978736,6148.334,1615.883,31.919,3698.576,4.987,253.354,3808,6598,1.360,1.490,0.850,1,0,71.817,0,0,14,115,3,42,0
17-09 17:08:25,24.752,2.250,72.506,0.250,0,2650024,121132,173316,4978820,6313.549,1620.141,60.005,652.057,5.000,86.007,1875,3021,1.360,1.490,0.850,1,0,0,0,0,14,117,3,42,0
17-09 17:08:26,19.263,8.756,71.798,0.250,0,2639388,131708,173316,4978880,6438.320,1458.979,0,524.352,0,51.034,2150,3270,1.360,1.490,0.850,1,0,147.099,0,0,14,115,3,43,0
17-09 17:08:27,24.733,3.747,70.701,0.500,0,2655616,131460,173116,4963272,6686.386,1618.883,0,859.407,0,75.948,2343,4150,1.360,1.490,0.850,6,0,0,0,0,14,117,3,44,0
17-09 17:08:28,31.843,4.764,60.928,1.003,0,2608268,177340,173124,4964636,6178.083,1624.756,1171.429,3349.805,16.047,225.661,3611,6366,1.330,1.480,0.860,2,0,42.123,0,0,14,119,3,44,0
17-09 17:08:29,31.729,12.992,55.214,0.250,0,2654060,129084,173124,4967100,7409.154,2036.668,2374.447,811.469,65.957,68.955,3702,7324,1.330,1.480,0.860,2,0,248.837,0,0,14,119,3,44,0
17-09 17:08:30,21.955,7.235,69.609,0.499,0,2623112,180052,172984,4947392,5713.413,1702.547,3.992,3133.645,0.998,360.269,2401,3195,1.330,1.480,0.860,2,0,98.800,0,0,14,119,3,44,0
17-09 17:08:31,9.520,19.290,69.645,0,0,2632556,170408,172992,4947584,7518.601,1948.042,160.333,328.682,7.015,19.040,3221,5166,1.330,1.480,0.860,1,0,432.898,0,0,14,119,3,44,0
17-09 17:08:32,20.260,14.007,63.531,0.250,0,2643804,158596,172992,4948244,6006.943,1620.794,740.363,412.202,33.016,27.013,4746,8738,1.330,1.480,0.860,2,0,202.099,0,0,14,119,3,44,0
17-09 17:08:33,29.741,23.243,46.235,0,0,2679376,124356,173000,4946920,4951.420,1457.535,11.996,199.936,2.999,15.995,3115,4765,1.380,1.490,0.860,3,0,402.871,0,0,14,119,3,44,0
17-09 17:08:34,33.253,23.752,41.504,0.500,0.250,2734044,122212,172776,4895436,9040.805,1704.152,296.026,2664.237,27.002,340.030,5227,8500,1.380,1.490,0.860,5,0,350.031,0,0,14,129,3,44,0
17-09 17:08:35,44.517,20.508,34.013,0.750,0.250,2829104,124488,172460,4800564,7417.759,1690.629,1416.527,5978.224,114.042,445.166,6085,12660,1.380,1.490,0.860,3,0,384.143,0,0,16,131,3,44,0
17-09 17:08:36,52.743,23.997,21.247,0.750,0.500,2949940,120476,172460,4686528,9193.860,1619.799,4871.396,1607.801,266.967,263.967,5282,8970,1.380,1.490,0.860,4,0,494.939,0,0,16,131,3,44,0
17-09 17:08:37,51.740,22.496,23.995,0,0,3018720,125700,172376,4613836,8750.355,1619.695,1307.754,5610.945,42.992,357.933,8369,22318,1.380,1.490,0.860,2,0,263.950,0,0,16,147,3,44,0
17-09 17:08:38,37.007,20.504,41.257,0.500,0,3071900,133172,172384,4554572,5728.020,1620.288,32.006,788.140,4.001,82.015,3483,5847,1.350,1.480,0.860,2,0,539.096,0,0,16,147,3,44,0
17-09 17:08:39,15.720,20.460,62.380,0.250,0,3093092,125752,172428,4541600,7515.488,1706.704,267.483,259.499,29.942,17.965,4237,7315,1.350,1.480,0.860,2,0,332.358,0,0,17,147,3,44,0
17-09 17:08:40,27.290,17.526,53.829,0,0,3134136,120460,172432,4506248,7750.440,1514.235,60.089,532.786,1.001,54.080,5565,10548,1.350,1.480,0.860,3,0,418.618,0,0,17,147,3,44,0
17-09 17:08:41,36.249,20.499,41.999,0,0,3194184,126916,172432,4441528,7891.755,1639.949,0,131.996,0,11.000,4781,10628,1.350,1.480,0.860,2,0,325.990,0,0,17,147,3,44,0
17-09 17:08:42,44.297,21.022,33.035,1.001,0,3305776,126604,172448,4332412,6375.701,1621.704,216.227,5689.980,8.008,426.448,6475,15258,1.350,1.480,0.860,2,0,607.639,0,0,17,163,3,44,0
17-09 17:08:43,32.228,22.984,42.471,0,0,3393912,130200,172448,4242088,7197.084,1618.894,0,459.686,0,26.982,4375,8677,1.410,1.490,0.870,9,0,588.598,0,0,17,168,3,44,0
17-09 17:08:44,15.745,19.744,61.981,0.250,0.500,3413372,126356,172452,4227224,5424.340,1689.483,0,499.847,0,31.990,5306,10782,1.410,1.490,0.870,1,0,383.883,0,0,17,175,3,44,0
17-09 17:08:45,31.164,11.468,56.096,0,0,3468272,136360,172452,4163408,5552.713,1615.552,11.967,247.319,2.992,18.948,4086,7009,1.410,1.490,0.870,4,0,150.585,0,0,17,175,3,43,0
17-09 17:08:46,44.815,8.763,46.317,0.250,0.250,3587160,141284,172452,4041956,5321.738,1622.359,4.006,4506.553,1.001,348.507,2219,1936,1.410,1.490,0.870,3,0,1.001,0,0,17,175,3,43,0
17-09 17:08:47,40.001,5.500,54.001,0.500,0,3551308,245872,172460,3975008,5028.121,1620.039,1348.032,840.020,37.001,88.002,2050,2977,1.410,1.490,0.870,1,0,9.000,0,0,17,178,3,43,0
17-09 17:08:48,34.056,24.040,40.567,0.250,0,3626660,169448,172476,3976032,7513.397,1534.532,116.192,456.754,9.015,28.046,5238,10539,1.450,1.500,0.880,3,0,500.826,0,0,17,179,3,43,0
17-09 17:08:49,41.244,24.496,33.495,0.250,0,3641348,150920,172488,3980188,6623.020,1709.747,1507.777,647.904,32.995,49.993,5506,9981,1.450,1.500,0.880,3,0,489.927,0,0,17,191,3,39,0
17-09 17:08:50,64.891,17.155,17.404,0,0,3652896,178124,172492,3942520,5350.396,1652.855,306.305,962.674,7.956,66.631,5097,12150,1.450,1.500,0.880,5,0,214.811,0,0,17,206,3,41,0
17-09 17:08:51,77.392,16.835,5.025,0,0.251,3806300,155696,172504,3814820,6224.527,1628.247,530.688,2637.358,8.041,145.738,2791,6017,1.450,1.500,0.880,4,0,54.275,0,0,17,212,3,42,0
17-09 17:08:52,77.546,17.510,4.253,0,0.500,3870484,136436,172604,3770196,5734.406,1620.963,144.086,21268.634,10.006,697.414,6006,14118,1.450,1.500,0.880,4,0,74.044,0,0,17,215,3,51,0
17-09 17:08:53,48.683,29.061,22.603,0,0,3850800,162296,172608,3764212,5788.324,1609.524,0,1414.791,0,58.618,10645,21324,1.580,1.520,0.890,6,0,567.307,0,0,17,219,3,51,0
17-09 17:08:54,49.570,19.124,29.189,0,0.252,3866392,143028,172612,3767820,7947.364,1630.538,4.026,583.773,1.007,40.260,8254,18005,1.580,1.520,0.890,3,0,227.470,0,0,17,221,3,51,0
17-09 17:08:55,52.736,24.493,22.744,0.500,0,3944724,130008,172612,3702720,9460.465,1457.609,7.998,14760.044,1.999,578.845,4547,6504,1.580,1.520,0.890,3,0,465.875,0,0,17,221,3,51,0
17-09 17:08:56,62.010,18.003,18.503,0.250,0,3994272,133236,172688,3650640,15021.328,1620.251,308.048,2672.414,28.004,324.050,7881,17570,1.580,1.520,0.890,3,0,231.036,0,0,17,225,3,55,0
17-09 17:08:57,54.987,23.994,20.245,0.250,0,4054552,126512,172688,3597776,7219.253,1693.590,0,683.835,0,54.987,3858,7965,1.580,1.520,0.890,3,0,479.884,0,0,17,229,3,51,0
17-09 17:08:58,58.257,17.502,23.003,0,0.250,4082784,130140,172692,3566660,10008.261,1694.213,32.004,796.100,2.000,56.007,7436,17459,2.090,1.630,0.930,3,0,220.028,0,0,17,235,3,52,0
17-09 17:08:59,68.507,11.751,18.252,0.250,0.250,4178088,136516,172692,3467276,7151.715,1620.162,200.020,8964.896,14.001,743.074,4038,6314,2.090,1.630,0.930,6,0,82.008,0,0,17,240,3,51,0
17-09 17:09:00,68.763,9.252,21.754,0.750,0,4286308,133008,172708,3364644,8965.721,1784.343,764.147,3764.723,42.008,511.098,5156,10140,2.090,1.630,0.930,4,0,10.002,0,0,17,249,3,56,0
17-09 17:09:01,49.491,22.996,26.495,0,0,4273004,153372,172708,3357856,7020.764,1689.703,767.865,631.889,5.999,43.992,4609,9359,2.090,1.630,0.930,2,0,566.900,0,0,17,250,3,56,0
17-09 17:09:02,49.286,20.909,28.626,0.996,0.498,4263372,158848,172796,3361932,6375.344,1613.003,4070.343,1906.729,78.659,105.542,5624,13484,2.090,1.630,0.930,5,0,334.549,0,0,17,250,3,56,0
17-09 17:09:03,71.756,16.308,11.039,0,0,4302240,204728,172800,3279864,5927.124,1463.215,798.847,907.233,8.029,65.232,3497,6100,2.320,1.690,0.950,3,0,204.730,0,0,18,255,3,45,0
17-09 17:09:04,65.048,9.007,25.019,0,0,4399324,152960,172816,3235424,5518.100,1695.260,784.583,752.559,10.007,48.036,2073,2794,2.320,1.690,0.950,4,0,14.010,0,0,18,255,3,45,0
17-09 17:09:05,36.248,16.749,46.247,0,0,4452296,128000,172844,3207492,5175.715,2698.852,755.958,903.950,13.999,62.997,4759,11308,2.320,1.690,0.950,2,0,223.988,0,0,18,257,3,46,0
17-09 17:09:06,19.746,5.249,71.486,0.750,0,4443532,143728,172844,3200584,20425.874,4982.993,639.871,2815.431,4.999,178.964,2542,3738,2.320,1.690,0.950,1,0,8.998,0,0,18,260,4,46,1
17-09 17:09:07,25.006,10.503,63.516,0.250,0.250,4443076,144124,172844,3200720,16554189.993,86680.583,2976.741,128.032,38.009,10.002,6249,4536,2.320,1.690,0.950,3,0,142.035,0,0,18,260,4,45,0
17-09 17:09:08,38.924,11.976,46.658,1.497,0.250,4514668,144820,172828,3129284,5591.014,1616.823,1297.451,24843.183,23.953,874.282,3747,5414,2.380,1.710,0.960,3,0,134.735,0,0,18,265,4,45,0
17-09 17:09:09,41.814,9.014,48.824,0.250,0.250,4532300,139284,172824,3117272,7395.270,1696.586,1726.631,492.751,38.058,54.082,4659,8882,2.380,1.710,0.960,2,0,9.014,0,0,18,274,4,47,0
17-09 17:09:10,23.756,9.752,65.516,0.500,0,4454024,207456,172824,3127428,6716.632,1458.354,520.126,992.241,11.003,114.028,4297,7880,2.380,1.710,0.960,2,0,144.035,0,0,18,277,4,48,0
17-09 17:09:11,16.960,11.224,70.584,0,0,4489848,171528,172824,3127532,6986.582,1616.202,15.962,279.344,1.995,12.970,2754,4594,2.380,1.710,0.960,1,0,324.238,0,0,18,277,4,46,0
17-09 17:09:12,16.038,12.029,71.419,0,0.251,4458544,202816,172824,3127548,7316.362,1698.029,0,328.780,0,18.043,2415,3735,2.380,1.710,0.960,1,0,187.445,0,0,18,277,4,46,0
17-09 17:09:13,9.977,18.707,69.838,0.499,0,4465284,196016,172824,3127608,6734.383,1690.081,15.963,1109.427,1.995,74.826,3910,6585,2.270,1.700,0.960,0,0,472.903,0,0,18,277,4,44,0
17-09 17:09:14,1.497,1.248,95.809,0,0,4465168,196116,172824,3127624,5721.614,1616.783,0,127.746,0,11.976,1205,2065,2.270,1.700,0.960,2,0,3.992,0,0,18,277,4,44,0
17-09 17:09:15,23.250,4.000,71.751,0,0,4517704,143448,172824,3127756,7190.050,1620.011,0,15956.112,0,37.000,1604,2350,2.270,1.700,0.960,3,0,7.000,0,0,18,278,4,42,0
17-09 17:09:16,17.816,17.063,63.986,0.753,0.251,4458840,205180,172828,3124896,6261.122,1463.404,297.097,2561.459,31.115,359.327,4124,6492,2.270,1.700,0.960,1,0,256.949,0,0,18,281,4,43,0
17-09 17:09:17,11.241,16.737,69.946,0.250,0.250,4460424,202820,172828,3125672,5730.570,1712.676,395.694,0,3.997,0,3094,4978,2.270,1.700,0.960,3,0,258.800,0,0,18,281,4,39,0
17-09 17:09:18,22.985,4.497,71.452,0.250,0,4510708,151792,172828,3126416,5649.232,1618.920,727.515,143.904,29.980,11.992,1826,2677,2.170,1.680,0.960,1,0,61.959,0,0,18,283,4,39,0
17-09 17:09:19,24.293,4.758,70.376,0.501,0.250,4560544,138496,172680,3090240,7206.871,1622.898,268.480,2151.843,25.045,289.517,2254,2583,2.170,1.680,0.960,1,0,1.002,0,0,18,285,4,39,0
17-09 17:09:20,25.454,3.743,69.624,0.998,0,4474580,238176,172692,3076564,5563.946,1617.078,147.733,2383.693,8.984,209.621,2469,3691,2.170,1.680,0.960,1,0,6.987,0,0,18,287,4,38,0
17-09 17:09:21,24.474,3.746,71.673,0,0.250,4531464,181224,172692,3076632,8408.935,1618.256,59.935,303.673,13.985,12.986,1473,2061,2.170,1.680,0.960,1,0,0,0,0,18,287,4,38,0
17-09 17:09:22,22.976,3.746,71.176,0,0,4568488,144180,172692,3076652,5827.939,1766.163,3.996,235.755,0.999,12.986,1888,2894,2.170,1.680,0.960,2,0,2.997,0,0,18,293,4,37,0
17-09 17:09:23,23.088,5.019,71.772,0.251,0,4517740,194892,172692,3076688,5348.281,1463.550,28.107,1228.659,1.004,67.255,1669,2435,2.070,1.670,0.960,2,0,15.057,0,0,18,287,4,37,0
17-09 17:09:24,19.269,8.508,71.571,0,0,4475412,236228,172692,3077680,5495.457,1621.610,1357.348,120.119,17.017,11.011,2073,3170,2.070,1.670,0.960,1,0,129.128,0,0,18,287,4,35,0
17-09 17:09:25,9.242,18.484,70.188,0,0.250,4486204,225204,172696,3077908,4908.671,1618.572,11.989,235.792,2.997,3.996,3073,4899,2.070,1.670,0.960,2,0,366.677,0,0,18,287,4,35,0
17-09 17:09:26,20.713,5.989,72.122,0.250,0.250,4504028,206820,172708,3078456,6582.349,1617.138,535.053,3.993,33.940,0.998,1882,2803,2.070,1.670,0.960,2,0,91.837,0,0,18,287,4,33,0
17-09 17:09:27,24.310,5.263,69.170,0.501,0,4528736,181928,172724,3078624,7101.477,1623.997,160.395,4.010,8.020,1.002,10128,20016,2.070,1.670,0.960,1,0,13.032,0,0,18,287,4,33,0
17-09 17:09:28,10.972,2.494,85.782,0.249,0,4499944,210544,172732,3078760,12114.242,5363.382,0,363.078,0,6.982,1421,2192,1.910,1.650,0.960,2,0,0,0,0,18,288,4,32,0
17-09 17:09:29,23.056,5.012,70.671,0.501,0.501,4527372,181120,172888,3080344,8794.256,1690.085,0,986.384,0,49.119,5443,10251,1.910,1.650,0.960,2,0,5.012,0,0,18,288,4,32,0
17-09 17:09:30,23.488,5.497,69.965,0.250,0,4475340,233364,172888,3080132,5305.353,1631.186,51.974,375.812,2.999,32.984,6663,13053,1.910,1.650,0.960,1,0,24.988,0,0,18,287,4,31,0
17-09 17:09:31,15.748,12.248,70.240,0,0,4504932,203752,172888,3080152,5770.158,1619.764,0,235.966,0,8.999,2633,4044,1.910,1.650,0.960,1,0,246.964,0,0,18,287,4,31,0
17-09 17:09:32,22.984,5.996,70.951,0.250,0,4471576,236888,172888,3080372,5459.233,1618.883,23.983,323.777,1.999,25.982,2311,3649,1.910,1.650,0.960,1,0,64.955,0,0,18,287,4,32,0
17-09 17:09:33,23.768,3.753,71.053,0,0,4531600,176844,172888,3080392,7106.259,1705.262,0,148.110,0,8.006,1654,2483,1.830,1.630,0.960,1,0,47.035,0,0,18,287,4,32,0
17-09 17:09:34,23.469,3.745,71.905,0,0.250,4504796,203632,172888,3080408,7016.696,1617.855,0,115.846,0,7.989,1775,2692,1.830,1.630,0.960,2,0,71.905,0,0,18,287,4,32,0
17-09 17:09:35,22.486,5.746,71.205,0,0.250,4490296,217984,172888,3080556,8450.651,1618.975,0,143.909,0,14.991,2060,3040,1.830,1.630,0.960,2,0,55.965,0,0,18,287,4,32,0
17-09 17:09:36,22.727,4.246,71.177,0.250,0,4469372,238892,172888,3080568,6797.998,1688.261,0,383.605,0,14.985,1930,2891,1.830,1.630,0.960,2,0,31.967,0,0,18,287,4,36,0
17-09 17:09:37,24.076,2.006,72.478,0,0,4510888,197312,172888,3080632,6358.041,1462.610,48.152,292.923,3.009,30.095,1712,2806,1.830,1.630,0.960,4,0,0,0,0,18,288,4,36,0
17-09 17:09:38,23.473,4.495,70.920,0.250,0.250,4507828,200360,172888,3080644,7032.040,1692.085,0,199.774,0,14.983,1706,2608,1.770,1.620,0.960,4,0,46.947,0,0,18,287,4,36,0
17-09 17:09:39,22.493,6.248,70.729,0.250,0,4491916,216256,172888,3080660,5468.349,1619.511,0,379.885,0,45.986,2250,3680,1.770,1.620,0.960,4,0,31.990,0,0,18,289,4,39,0
17-09 17:09:40,22.223,6.992,68.667,0.499,0,4463288,244752,172888,3080792,8947.219,1618.050,39.952,2353.164,3.995,336.594,3186,4454,1.770,1.620,0.960,1,0,87.894,0,0,18,289,4,40,0
17-09 17:09:41,24.064,2.757,71.440,0,0,4518660,189312,172888,3080860,6162.386,1624.319,0,304.810,0,19.051,1619,2396,1.770,1.620,0.960,1,0,0,0,0,18,291,4,41,0
17-09 17:09:42,23.156,4.731,71.210,0,0,4507784,200168,172888,3080880,5310.366,1613.427,0,302.767,0,17.927,1640,2284,1.770,1.620,0.960,7,0,46.809,0,0,18,289,4,42,0
17-09 17:09:43,22.515,4.253,71.799,0.500,0.250,4491776,215812,172888,3081244,5368.640,1621.099,212.144,140.095,21.014,9.006,1707,2674,1.710,1.610,0.960,5,0,14.009,0,0,18,289,4,44,0
17-09 17:09:44,28.309,3.507,67.390,0.752,0.251,4515740,190892,172888,3082200,5325.039,1461.029,725.504,1451.008,45.093,194.403,3577,6668,1.710,1.610,0.960,1,0,2.004,0,0,18,291,4,46,0
17-09 17:09:45,22.975,4.495,71.171,0.250,0,4514476,192144,172888,3082212,5740.645,1618.209,0,719.204,0,45.949,1574,2412,1.710,1.610,0.960,1,0,4.994,0,0,18,291,4,46,0
17-09 17:09:46,22.294,7.515,68.887,0.751,0,4466696,239772,172892,3082360,5639.228,1697.379,80.160,1058.107,4.008,133.265,4021,6841,1.710,1.610,0.960,1,0,116.231,0,0,18,291,4,47,0
17-09 17:09:47,8.252,23.254,67.013,0.250,0,4475224,231216,172892,3082388,5071.974,1694.325,0,1116.214,0,72.014,3906,6648,1.710,1.610,0.960,3,0,581.112,0,0,18,291,4,47,0
17-09 17:09:48,10.251,22.753,65.757,0,0.500,4483128,223164,172892,3082536,9212.013,1620.178,0,64.007,0,16.002,4869,8794,1.650,1.600,0.960,3,0,651.072,0,0,18,291,4,47,0
17-09 17:09:49,11.503,22.256,66.268,0,0,4480364,225760,172896,3082700,7459.044,1736.476,0,748.205,0,58.016,4391,7382,1.650,1.600,0.960,3,0,628.172,0,0,18,291,4,48,0
17-09 17:09:50,12.001,19.751,67.253,0.250,0,4478396,227688,172896,3082740,5992.288,1620.078,0,768.037,0,51.002,4124,6955,1.650,1.600,0.960,2,0,565.027,0,0,18,291,4,47,0
17-09 17:09:51,9.250,20.751,68.253,0.250,0.250,4482708,223336,172896,3082780,7468.381,1458.074,0,1496.076,0,136.007,4133,6701,1.650,1.600,0.960,3,0,586.030,0,0,18,291,4,47,0
17-09 17:09:52,11.236,19.226,69.163,0,0,4483388,222584,172896,3082852,6271.136,1617.971,39.950,411.484,1.997,25.967,3758,6064,1.650,1.600,0.960,1,0,517.351,0,0,18,291,4,37,0
17-09 17:09:53,19.692,8.973,68.796,0.748,0.249,4498044,280488,173224,3017600,7327.238,1688.984,15.953,3984.167,2.991,121.639,9472,19186,1.600,1.590,0.960,3,0,53.840,0,0,18,291,4,37,0
17-09 17:09:54,16.982,2.747,79.416,0.499,0,4523600,251088,173224,3020924,8814.700,2676.177,0,1246.685,0,26.972,1608,2547,1.600,1.590,0.960,2,0,4.995,0,0,18,292,4,36,0
17-09 17:09:55,10.280,1.504,86.255,0,0.251,4524700,249828,173224,3021084,19631.147,6434.058,68.202,409.212,8.024,15.045,1231,1892,1.600,1.590,0.960,1,0,0,0,0,18,293,4,36,0
17-09 17:09:56,20.208,1.247,75.842,1.746,0.249,4531684,241792,173224,3022104,26220.383,16307.032,862.204,3883.910,61.871,361.248,2668,3434,1.600,1.590,0.960,0,0,0,0,0,18,293,4,33,0
17-09 17:09:57,20.287,2.004,75.889,1.252,0,4541884,230452,173224,3023252,23327.853,12165.348,929.708,1570.886,52.096,64.118,1616,2277,1.600,1.590,0.960,0,1,0,0,0,18,293,4,33,0
17-09 17:09:58,19.486,1.499,77.444,0.999,0,4551336,220148,173224,3024032,26910.517,16878.780,607.560,1586.851,45.967,59.957,1938,2784,1.630,1.600,0.960,0,0,0,0,0,18,293,4,31,0
17-09 17:09:59,21.317,4.263,72.227,1.756,0,4551452,177848,173224,3064748,10781.942,2418.614,11391.862,2475.794,234.739,104.328,2197,3364,1.630,1.600,0.960,1,0,0,0,0,18,293,4,31,0
17-09 17:10:00,20.902,4.728,71.414,1.244,0,4567896,140956,173224,3083464,7011.048,1743.804,0,4017.120,0,177.167,1869,3200,1.630,1.600,0.960,1,0,0,0,0,18,292,4,23,1
17-09 17:10:01,22.593,3.514,71.042,1.255,0,4576676,143600,173460,3069984,10847.649,1867.687,80.331,9105.478,5.021,355.463,2150,2740,1.630,1.600,0.960,1,0,0,0,0,18,291,4,23,0
17-09 17:10:02,24.202,3.244,70.859,0.499,0,4540704,177368,173460,3072172,8049.981,1690.636,439.126,1241.529,7.984,35.929,1701,2488,1.630,1.600,0.960,3,0,5.988,0,0,18,291,4,23,0
17-09 17:10:03,23.931,6.980,67.804,0.249,0.499,4540052,177632,173460,3072524,7157.287,1689.112,0,3162.847,0,155.550,8973,17917,1.580,1.590,0.960,2,0,12.962,0,0,18,291,4,23,0
17-09 17:10:04,24.054,4.761,69.656,0,0,4516508,201176,173460,3072492,6442.405,1623.630,0,1222.734,0,14.031,9187,18551,1.580,1.590,0.960,3,0,15.034,0,0,18,291,4,23,0
17-09 17:10:05,22.811,6.016,70.437,0,0.251,4498996,218672,173460,3072508,6102.207,1503.995,0,4.011,0,1.003,10048,19836,1.580,1.590,0.960,1,0,58.154,0,0,18,291,4,23,0
17-09 17:10:06,24.198,6.736,67.356,0,0,4538160,179472,173460,3072544,7099.806,1616.541,3.991,67256.072,0.998,201.569,9417,18803,1.580,1.590,0.960,3,0,15.966,0,0,18,291,4,23,0
17-09 17:10:07,22.306,6.516,70.178,0.251,0,4546076,171440,173472,3072648,6280.891,1624.109,0,2089.286,0,45.114,9584,18856,1.580,1.590,0.960,1,0,13.033,0,0,18,291,4,22,0
17-09 17:10:08,22.962,4.243,71.383,0,0,4527844,189744,173472,3072576,6040.100,1617.349,0,7.987,0,1.997,1499,1979,1.530,1.580,0.960,6,0,8.985,0,0,18,291,4,22,0
17-09 17:10:09,23.750,3.750,70.750,0,0,4508312,209248,173472,3072588,6965.014,1620.003,0,432.001,0,32.000,2202,3543,1.530,1.580,0.960,2,0,94.000,0,0,18,291,4,22,0
17-09 17:10:10,21.966,5.991,70.889,0.250,0.250,4529636,171484,174220,3086436,7534.201,2674.811,11.981,1006.424,2.995,7.987,9925,19464,1.530,1.580,0.960,1,0,9.984,0,0,18,292,4,22,0
17-09 17:10:11,7.000,0.750,90.994,0.250,0,4529516,171484,174220,3086552,10442.363,2801.829,0,203.988,0,8.999,1117,1727,1.530,1.580,0.960,3,0,0,0,0,18,292,4,19,0
17-09 17:10:12,19.036,1.002,78.147,0.501,0.250,4541448,159164,174292,3086776,25126.388,13837.097,0,1258.373,0,48.091,1619,2249,1.530,1.580,0.960,0,0,0,0,0,18,293,4,19,0
17-09 17:10:13,10.472,1.496,86.266,0.499,0.249,4541028,159164,174348,3087056,140466.493,16298.733,0,1691.406,0,62.829,1647,2364,1.490,1.570,0.970,1,0,0,0,0,18,294,4,19,0
17-09 17:10:14,14.543,1.755,82.743,0.501,0.251,4555592,144296,174428,3087220,29222.798,9960.243,0,878.580,0,36.106,1492,2156,1.490,1.570,0.970,1,0,2.006,0,0,18,294,4,19,0
17-09 17:10:15,19.522,1.752,77.088,0.751,0,4566392,133248,174504,3087336,27994.886,16493.786,0,1657.888,0,57.065,1706,2391,1.490,1.570,0.970,2,0,0,0,0,18,294,4,19,0
17-09 17:10:16,17.192,3.986,76.241,1.495,0,4546248,159900,174796,3080332,287193.266,22117.932,27.905,5365.789,4.983,209.290,3108,6817,1.490,1.570,0.970,1,0,33.885,0,0,18,293,4,20,1
17-09 17:10:17,16.279,2.254,79.891,1.002,0.250,4550288,146376,174940,3089564,414057.569,20500.121,76.134,1883.318,6.011,89.157,1960,2579,1.490,1.570,0.970,1,0,1.002,0,0,18,293,4,19,1
17-09 17:10:18,9.747,4.749,81.725,1.250,0,4547872,152068,175032,3086360,15513861.328,83888.749,0,59322.144,0,448.865,7013,5647,1.370,1.540,0.960,2,0,4.998,0,0,18,293,4,19,1
17-09 17:10:19,17.970,2.745,77.621,1.498,0,4561200,143116,175216,3081648,1960392.629,11363.171,167.722,21803.871,7.987,247.590,2753,3516,1.370,1.540,0.960,1,0,6.988,0,0,18,293,4,19,1
17-09 17:10:20,20.457,5.489,71.101,1.746,0.249,4554948,140076,178604,3083692,6077.298,1616.621,0,22920.097,0,246.485,2191,3081,1.370,1.540,0.960,3,0,0,0,0,18,293,4,19,1
17-09 17:10:21,23.007,4.251,71.771,0.500,0.250,4576116,139976,179212,3061444,8720.607,1620.485,0,1588.475,0,78.023,1782,2608,1.370,1.540,0.960,4,0,0,0,0,18,293,4,19,1
17-09 17:10:22,21.252,5.251,71.508,1.250,0,4574672,136276,180244,3063204,7531.851,1620.183,0,3044.344,0,108.012,1874,2728,1.370,1.540,0.960,1,0,0,0,0,18,293,4,19,1
17-09 17:10:23,22.827,4.264,71.493,0.502,0.251,4574992,133252,181772,3062160,5984.305,1625.515,0,2215.517,0,46.157,1572,2297,1.340,1.530,0.960,2,0,0,0,0,18,293,4,19,1
17-09 17:10:24,20.956,2.495,74.844,0.998,0.249,4555668,141820,182732,3070020,11574.924,3531.654,19.958,2794.188,2.994,87.817,1781,2704,1.340,1.530,0.960,4,0,1.996,0,0,18,294,4,19,1
17-09 17:10:25,22.788,3.506,72.871,0,0,4531852,195580,182800,3040000,8110.488,2211.678,0,72.120,0,4.007,1433,2028,1.340,1.530,0.960,1,0,6.010,0,0,18,291,4,19,0
17-09 17:10:26,21.004,7.752,69.264,0.250,0,4543964,182224,182848,3041120,6246.262,1620.327,0,984.199,0,12.002,9304,18609,1.340,1.530,0.960,2,0,12.002,0,0,18,291,4,19,0
17-09 17:10:27,24.482,6.495,67.950,0,0,4546604,179480,182848,3041220,7107.740,1692.747,0,2634.051,0,37.972,9698,19291,1.340,1.530,0.960,2,0,12.990,0,0,18,293,4,19,0
17-09 17:10:28,23.318,4.012,72.211,0,0,4504152,221908,182848,3041196,5386.772,1698.975,0,100.294,0,3.009,1499,2012,1.310,1.520,0.960,1,0,6.018,0,0,18,293,4,19,0
17-09 17:10:29,23.214,4.243,70.392,0.499,0,4532376,189552,183124,3044336,7226.914,1659.454,802.769,2416.293,18.971,73.887,3258,5853,1.310,1.520,0.960,3,0,0,0,0,18,295,4,21,0
17-09 17:10:30,25.291,5.509,65.857,1.753,0,4481880,238896,183128,3045480,7093.577,1534.504,853.393,1654.700,45.074,246.402,5019,9684,1.310,1.520,0.960,1,0,72.118,0,0,18,297,4,25,0
17-09 17:10:31,28.165,17.198,50.598,3.240,0,4482028,228696,183128,3055516,5652.027,1615.150,10568.264,3361.904,404.784,368.892,4775,6488,1.310,1.520,0.960,2,0,385.841,0,0,18,297,4,27,0
17-09 17:10:32,13.990,5.996,69.951,9.244,0.500,4467812,234208,183128,3064208,7843.510,2637.154,9069.651,1714.800,1445.988,43.969,4692,5385,1.310,1.520,0.960,2,0,9.993,0,0,18,298,4,27,0
17-09 17:10:33,2.000,1.000,93.513,1.000,0.500,4468312,233704,183128,3064212,44054.991,4963.675,0,2164.294,0,133.018,1571,2428,1.210,1.500,0.960,2,0,0,0,0,18,298,4,25,0
17-09 17:10:34,3.754,2.503,92.356,0.501,0,4450128,249992,183264,3065908,22819.219,126939.854,1762.025,724.833,48.055,12.014,1451,2122,1.210,1.500,0.960,1,0,14.016,0,0,18,297,4,25,0
17-09 17:10:35,2.500,0.750,96.245,0,0,4450124,249992,183268,3065908,6647.674,1619.921,0,159.992,0,14.999,1168,1883,1.210,1.500,0.960,1,0,0,0,0,18,297,4,25,0
17-09 17:10:36,2.500,0.500,95.254,0.250,0,4450368,249740,183268,3065912,6174.247,1846.074,0,252.010,0,10.000,1159,1965,1.210,1.500,0.960,1,0,0,0,0,18,297,5,25,0
17-09 17:10:37,1.250,0.250,96.494,0,0.250,4450368,249740,183268,3065912,5616.680,1531.913,0,15.999,0,2.000,1055,1780,1.210,1.500,0.960,1,0,0,0,0,18,297,5,21,0
17-09 17:10:38,1.750,0.500,96.242,0,0,4450368,249740,183268,3065912,6192.480,1619.864,0,4.000,0,1.000,1073,1738,1.110,1.470,0.950,1,0,0,0,0,18,297,5,21,0
17-09 17:10:39,1.499,0.749,95.181,0,0,4450368,249740,183268,3065912,7290.729,1692.776,0,295.786,0,30.978,1332,2237,1.110,1.470,0.950,2,0,0,0,0,18,297,5,18,0
17-09 17:10:40,5.000,1.000,91.753,0.500,0.250,4450356,249740,183268,3065924,7786.273,1620.057,0,644.023,0,83.003,2007,3287,1.110,1.470,0.950,1,0,0,0,0,18,297,5,18,0
17-09 17:10:41,1.251,0.250,96.810,0.250,0,4450356,249740,183268,3065924,9012.552,1620.999,0,112.069,0,9.006,1055,1730,1.110,1.470,0.950,1,0,0,0,0,18,297,5,17,0
17-09 17:10:42,2.501,0.750,96.056,0.250,0.250,4450356,249740,183268,3065924,6032.523,1694.990,0,148.086,0,14.008,1081,1770,1.110,1.470,0.950,1,0,0,0,0,18,297,5,17,0
17-09 17:10:43,2.000,0.750,95.984,0,0.250,4450356,249740,183268,3065924,5519.095,1585.740,0,207.966,0,15.997,1182,1946,1.020,1.450,0.940,2,0,0,0,0,18,297,5,13,0
17-09 17:10:44,1.750,1.000,95.985,0,0.250,4450356,249740,183268,3065924,5733.094,1565.753,0,3.999,0,1.000,1127,1863,1.020,1.450,0.940,1,0,2.000,0,0,18,297,5,13,0
17-09 17:10:45,2.499,0.750,96.197,0,0,4450356,249740,183268,3065924,5542.962,1619.113,0,0,0,0,1026,1872,1.020,1.450,0.940,1,0,0,0,0,18,297,5,13,0
17-09 17:10:46,1.499,0.500,95.209,0.250,0,4450356,249740,183268,3065924,5411.684,1689.277,0,807.654,0,164.929,1182,1798,1.020,1.450,0.940,1,0,0,0,0,18,297,5,11,0
17-09 17:10:47,1.749,0.999,95.676,0.250,0.250,4450356,249740,183268,3065924,5386.841,1618.750,0,87.932,0,12.990,1160,1927,1.020,1.450,0.940,1,0,0,0,0,18,297,5,11,0
17-09 17:10:48,2.504,1.001,95.888,0,0,4450352,249740,183268,3065928,5521.957,1622.338,0,196.283,0,15.022,1087,1751,0.940,1.420,0.940,1,0,0,0,0,18,297,5,10,0
17-09 17:10:49,2.503,0.751,95.615,0,0,4450340,249740,183272,3065936,8108.755,1621.951,0,164.198,0,19.023,1282,2121,0.940,1.420,0.940,0,0,0,0,0,18,297,5,10,0
17-09 17:10:50,2.998,1.499,93.683,0.500,0,4450308,249740,183276,3065964,5826.857,1510.926,19.986,1223.130,1.999,83.940,1596,2871,0.940,1.420,0.940,1,0,0,0,0,18,297,5,9,0
17-09 17:10:51,4.744,2.746,88.631,2.247,0.250,4452372,247668,183276,3066080,5789.254,1563.907,0,27079.767,0,426.429,2297,4063,0.940,1.420,0.940,1,0,0,0,0,18,297,5,9,0
17-09 17:10:52,3.750,1.500,94.005,0,0.250,4452364,247668,183276,3066088,5920.320,1768.095,0,0,0,0,1329,2118,0.940,1.420,0.940,2,0,0,0,0,18,297,5,11,0
17-09 17:10:53,3.500,0.750,93.506,0,0.250,4452356,247668,183276,3066096,9541.592,1620.100,0,120.007,0,13.001,1522,2337,0.860,1.400,0.930,2,0,0,0,0,18,297,5,11,0
17-09 17:10:54,2.003,1.001,95.893,0.250,0.250,4452604,247420,183276,3066096,5677.448,1622.414,0,32.048,0,4.006,1102,1846,0.860,1.400,0.930,1,0,2.003,0,0,18,297,5,11,0
17-09 17:10:55,2.249,0.750,96.476,0,0,4452600,247420,183276,3066100,6101.487,1619.598,0,19.995,0,1.000,988,1873,0.860,1.400,0.930,2,0,0,0,0,18,297,5,11,0
17-09 17:10:56,1.500,3.249,92.727,0.750,0,4455072,244948,183276,3066116,8477.940,1619.606,0,103082.951,0,409.900,2340,2802,0.860,1.400,0.930,1,0,0,0,0,18,297,5,11,0
17-09 17:10:57,1.501,1.250,95.287,0.250,0,4455072,244948,183276,3066116,5966.339,1512.593,0,2312.907,0,117.046,1291,1869,0.860,1.400,0.930,1,0,0,0,0,18,297,5,11,0
17-09 17:10:58,2.748,0.999,95.947,0,0.250,4455068,244948,183276,3066120,7237.005,1565.136,0,3.998,0,0.999,1230,1978,0.790,1.380,0.930,1,0,0,0,0,18,297,5,11,0
17-09 17:10:59,2.499,1.000,95.467,0.250,0,4455068,244948,183276,3066120,7308.493,1693.419,0,235.919,0,23.992,1263,2082,0.790,1.380,0.930,1,0,0,0,0,18,297,5,11,0
17-09 17:11:00,1.749,0.500,96.187,0,0,4455068,244948,183276,3066120,11109.690,1618.935,0,63.958,0,7.995,1282,2312,0.790,1.380,0.930,1,0,0,0,0,18,297,5,11,0
17-09 17:11:01,2.250,1.000,95.739,0.250,0.250,4455260,244724,183276,3066120,7570.099,1619.807,0,2759.672,0,33.996,1194,1928,0.790,1.380,0.930,1,0,0,0,0,18,297,5,11,0
17-09 17:11:02,2.755,0.751,95.173,0.250,0.250,4455256,244724,183276,3066124,8890.127,1622.944,0,240.436,0,31.056,1336,2190,0.790,1.380,0.930,1,0,0,0,0,18,297,5,11,0
17-09 17:11:03,2.250,0.500,95.758,0,0,4455256,244724,183276,3066124,7742.650,1620.136,0,196.016,0,15.001,1325,2096,0.730,1.350,0.920,2,0,0,0,0,18,297,5,11,0
17-09 17:11:04,2.999,1.000,95.709,0,0.500,4455252,244724,183276,3066128,5865.501,1133.517,0,47.980,0,5.997,1144,1830,0.730,1.350,0.920,1,0,1.999,0,0,18,297,5,11,0
17-09 17:11:05,4.999,1.000,92.725,0,0,4455424,244528,183280,3066148,109190.300,1851.496,19.995,0,1.000,0,1184,2029,0.730,1.350,0.920,1,0,3.999,0,0,18,297,5,11,0
17-09 17:11:06,11.985,5.743,79.903,0.499,0,4475440,224256,183308,3066376,347560.324,9776.083,219.732,946.846,10.987,39.951,2159,2901,0.730,1.350,0.920,2,0,33.959,0,0,18,297,5,11,0
