"pcp-dstat 5.3.6 CSV Output"
"Author:","PCP team <pcp@groups.io> and Dag Wieers <dag@wieers.com>",,,,"URL:","https://pcp.io/ and http://dag.wieers.com/home-made/dstat/"
"Host:","ubuntu",,,,"User:","ubuntu"
"Cmdline:","dstat -tcmndrylpg --tcp --output /tmp/devstack_logs/dstat-csv.log",,,,"Date:","31 Jan 2024 08:06:41 UTC"
"system","total usage",,,,,"memory usage",,,,"net/total",,"dsk/total",,"io/total",,"system",,"load avg",,,"procs",,,"paging",,"tcp sockets",,,,
"time","total usage:usr","total usage:sys","total usage:idl","total usage:wai","total usage:stl","used","free","buf","cach","net/total:recv","net/total:send","dsk/total:read","dsk/total:writ","read","writ","int","csw","1m","5m","15m","run","blk","new","in","out","lis","act","syn","tim","clo"
31-01 08:06:41,,1068160,1562504,159388,5019824,,,,,,,0.690,0.600,0.410,1,0,,,,9,7,1,10,0
31-01 08:06:42,14.479,18.723,65.156,0,0.250,1049508,1581236,159400,5019712,50041.041,5075.701,0,307.558,0,14.978,3285,5100,0.640,0.590,0.400,3,0,422.393,0,0,9,8,0,10,0
31-01 08:06:43,19.240,17.740,61.966,0.250,0,1051560,1578968,159408,5020060,268065.904,7099.131,0,203.889,0,14.992,2895,4637,0.640,0.590,0.400,2,0,360.803,0,0,9,8,0,10,0
31-01 08:06:44,21.297,16.036,61.636,0,0,1046012,1584208,159432,5020248,814331.931,10269.737,0,376.834,0,13.029,3558,9328,0.640,0.590,0.400,1,0,233.517,0,0,9,8,0,10,0
31-01 08:06:45,8.730,7.732,81.560,0,0.499,1144684,1485124,159436,5145260,270142.837,5708.704,0,143.665,0,3.991,2963,5330,0.640,0.590,0.400,2,0,48.886,0,0,10,7,0,10,0
31-01 08:06:46,15.287,9.272,74.179,0,0,1160068,1466728,159448,5148156,1403886.366,20097.435,0,388.937,0,16.039,2414,2408,0.640,0.590,0.400,2,0,105.254,0,0,10,8,0,10,1
31-01 08:06:47,24.191,11.223,63.595,0.249,0,1152772,1472680,159520,5149356,596150.182,15697.745,235.426,3467.550,10.973,47.883,2911,3709,0.660,0.600,0.410,2,0,181.558,0,0,10,7,0,12,1
31-01 08:06:48,27.267,2.502,69.544,0.500,0,1202736,1421092,159700,5150448,47458.804,5491.449,172.108,1897.191,7.004,21.013,1203,1300,0.660,0.600,0.410,2,0,0,0,0,10,6,0,12,2
31-01 08:06:49,14.775,6.761,64.610,12.772,0.250,1208940,1408176,160424,5156184,188754.883,4906.341,12.020,39002.304,1.002,2360.012,10464,19253,0.660,0.600,0.410,1,0,37.063,0,0,10,8,0,12,2
31-01 08:06:50,17.476,6.491,61.916,14.480,0.250,1209552,1402660,161084,5160304,18267.211,2511.592,0,32008.564,0,2805.193,13464,23309,0.660,0.600,0.410,1,1,32.955,0,0,10,8,0,12,2
31-01 08:06:51,24.284,4.757,68.097,2.003,0,1169704,1442356,161204,5160332,29152.396,4290.092,0,8864.588,0,464.660,2958,4230,0.660,0.600,0.410,1,0,75.107,0,0,10,6,0,12,2
31-01 08:06:52,25.445,2.744,71.595,0,0,1121644,1490304,161232,5160380,18369.267,4201.911,0,878.101,0,34.924,1171,1321,0.690,0.600,0.410,1,0,9.978,0,0,10,6,0,12,2
31-01 08:06:53,27.500,2.250,68.750,1.250,0,1191288,1420528,161296,5160440,20167.919,4026.984,0,5675.977,0,317.999,1998,2657,0.690,0.600,0.410,1,0,0,0,0,10,6,0,12,2
31-01 08:06:54,19.537,9.267,70.382,0.250,0,1125232,1486436,161320,5160564,18766.243,4084.671,0,512.963,0,21.040,2277,3421,0.690,0.600,0.410,1,0,259.487,0,0,10,6,0,12,2
31-01 08:06:55,11.253,18.004,69.516,0,0.500,1131204,1480088,161328,5160876,18050.170,3282.758,0,172.040,0,14.003,3154,5093,0.690,0.600,0.410,1,0,448.104,0,0,10,6,0,12,2
31-01 08:06:56,29.501,14.750,54.251,0,0,1183988,1426912,161352,5161620,21161.466,4157.091,100.002,376.008,1.000,10.000,4811,8882,0.690,0.600,0.410,4,0,204.004,0,0,10,6,0,11,2
31-01 08:06:57,54.238,4.749,41.241,0,0,1302720,1306872,161420,5162688,21566.277,4026.118,587.871,871.809,9.998,41.991,1441,1414,0.800,0.630,0.420,2,0,8.998,0,0,10,7,0,11,2
31-01 08:06:58,46.200,5.494,46.449,0,0.250,1337380,1268684,161548,5165780,51349.081,3093.631,0,859.064,0,97.893,1789,4746,0.800,0.630,0.420,3,0,26.971,0,0,10,6,0,11,2
31-01 08:06:59,10.000,7.000,81.496,0,0,1351572,1254144,161584,5166024,155954.514,3731.821,0,10627.490,0,23.999,1988,2346,0.800,0.630,0.420,3,0,116.994,0,0,10,6,0,11,2
31-01 08:07:00,31.464,4.495,63.676,0.250,0,1424348,1181316,161608,5166040,23485.850,4216.126,0,695.196,0,21.975,1788,3790,0.800,0.630,0.420,1,0,28.967,0,0,10,6,0,11,2
31-01 08:07:01,26.294,2.755,67.864,1.252,0,1440288,1164936,161744,5166340,24366.790,4168.979,0,3894.519,0,335.562,3628,5952,0.800,0.630,0.420,1,0,1.002,0,0,10,6,0,13,2
31-01 08:07:02,23.214,5.741,70.890,0.499,0,1400848,1203792,161752,5166832,18697.943,4160.535,35.944,571.112,2.995,8.986,1347,1586,0.810,0.630,0.420,2,0,41.935,0,0,10,6,0,13,2
31-01 08:07:03,22.796,5.261,70.391,0.501,0,1369416,1234504,161808,5167332,47442.217,4521.074,236.475,2012.038,59.119,29.058,2535,3382,0.810,0.630,0.420,1,0,46.093,0,0,10,30,0,13,2
31-01 08:07:04,26.203,2.745,69.625,0.250,0.250,1416900,1186876,161844,5167400,26407.704,4215.450,0,319.428,0,13.975,1384,1690,0.810,0.630,0.420,1,0,0,0,0,10,30,0,13,2
31-01 08:07:05,36.307,11.268,51.581,0.250,0.250,1466092,1137604,161868,5167448,48307.553,4564.138,0,384.602,0,15.023,2058,2497,0.810,0.630,0.420,2,0,156.244,0,0,10,30,0,13,2
31-01 08:07:06,50.024,13.507,35.017,0,0.250,1395244,1206284,162004,5169168,47895.277,4140.012,0,828.403,0,34.017,5055,10995,0.810,0.630,0.420,4,0,273.133,0,0,10,30,0,13,2
31-01 08:07:07,83.708,13.993,1.499,0,0.250,1617396,984052,162016,5169236,17898.123,3404.311,0,379.812,0,14.993,2325,4413,1.230,0.720,0.450,8,0,304.849,0,0,10,31,0,13,2
31-01 08:07:08,82.052,12.508,5.503,0,0,1545596,1055316,162052,5169656,85369.698,4965.123,0,1392.876,0,98.062,6587,12997,1.230,0.720,0.450,7,0,96.060,0,0,10,30,0,13,2
31-01 08:07:09,37.910,9.976,50.131,0.249,0,1397892,1202572,162104,5170044,83033.795,5274.473,0,3100.636,0,68.837,3706,6962,1.230,0.720,0.450,1,0,217.483,0,0,10,30,0,13,2
31-01 08:07:10,27.044,4.758,67.109,1.002,0,1448156,1152200,162136,5170108,28650.586,3631.905,0,43278.371,0,736.197,3068,3927,1.230,0.720,0.450,3,0,0,0,0,10,30,0,13,2
31-01 08:07:11,23.267,7.255,67.800,0.250,0,1445372,1147288,162180,5177528,29906.071,4210.107,0,688.508,0,23.017,1640,2134,1.230,0.720,0.450,2,0,68.050,0,0,10,30,0,13,2
31-01 08:07:12,19.464,10.730,68.374,0.499,0,1393100,1196140,162232,5180780,591392.515,16157.125,0,1325.549,0,38.928,3535,5212,1.130,0.710,0.450,3,0,175.675,0,0,10,30,0,13,2
31-01 08:07:13,33.060,22.792,44.832,0,0.250,1467652,1117804,162324,5184328,222770.556,7792.221,0,825.507,0,33.060,3681,5881,1.130,0.710,0.450,6,0,770.406,0,0,10,30,0,13,2
31-01 08:07:14,80.240,17.498,1.500,0.250,0,1662756,910428,162368,5196348,12590.451,1619.801,11450.592,1247.847,129.984,59.993,3672,6534,1.130,0.710,0.450,6,0,141.983,0,0,10,32,0,13,2
31-01 08:07:15,81.254,12.751,4.750,0,0.250,1631356,940852,162400,5197232,12384.594,1620.078,324.016,2056.099,3.000,71.003,5350,15035,1.130,0.710,0.450,6,0,113.005,0,0,10,31,0,13,2
31-01 08:07:16,82.251,16.250,1.500,0,0.500,1609764,962032,162416,5197532,15870.270,1620.028,0,604.010,0,40.001,3065,6224,1.130,0.710,0.450,8,0,224.004,0,0,10,31,0,13,2
31-01 08:07:17,85.006,12.501,2.000,0,0,1578524,991452,162452,5199200,17069.161,1620.110,1164.079,708.048,14.001,13.001,4496,10452,1.680,0.830,0.490,7,0,121.008,0,0,10,31,0,13,2
31-01 08:07:18,82.518,11.503,4.251,0.500,0,1579312,961060,163500,5224308,14375.148,1458.319,0,2960.648,0,102.022,6154,13652,1.680,0.830,0.490,6,0,111.024,0,0,10,31,0,14,2
31-01 08:07:19,63.011,12.502,23.754,0.750,0.250,1495164,1021496,164564,5244356,14582.567,1620.285,0,3928.691,0,191.034,4051,7561,1.680,0.830,0.490,4,0,158.028,0,0,10,30,0,14,2
31-01 08:07:20,60.227,12.995,26.240,0.500,0,1481496,1005024,165532,5270656,13970.635,1693.350,0,5997.697,0,119.954,4568,9943,1.680,0.830,0.490,6,0,148.943,0,0,10,30,1,13,2
31-01 08:07:21,62.224,15.244,22.491,0,0,1590128,896344,165536,5270680,21648.929,2694.871,0,435.817,0,10.995,2465,3324,1.680,0.830,0.490,4,0,229.904,0,0,10,32,0,13,2
31-01 08:07:22,63.259,15.752,19.253,0.250,0.250,1360612,1140976,165540,5255880,16156.327,3131.451,384.055,824.119,3.000,54.008,6365,13361,1.870,0.880,0.510,5,0,222.032,0,0,10,28,0,20,0
31-01 08:07:23,82.501,14.500,4.000,0,0,1566168,934720,165544,5256576,16984.306,1620.029,0,720.013,0,9.000,3411,27208,1.870,0.880,0.510,6,0,47.001,0,0,10,29,0,20,0
31-01 08:07:24,79.289,10.971,8.477,0,0.249,1469420,1031072,165552,5256936,12787.997,1615.704,0,1807.195,0,24.934,5789,22347,1.870,0.880,0.510,7,0,87.767,0,0,10,28,0,20,1
31-01 08:07:25,74.715,16.798,7.020,0,0.251,1472232,1028044,165556,5257144,13093.736,1516.370,0,950.740,0,39.113,9742,18942,1.870,0.880,0.510,5,0,257.743,0,0,10,29,0,20,0
31-01 08:07:26,71.001,15.500,13.750,0,0,1379436,1120560,165556,5257368,14386.187,1566.020,0,624.008,0,39.001,5427,13254,1.870,0.880,0.510,6,0,244.003,0,0,10,28,0,21,0
31-01 08:07:27,85.999,10.750,2.250,0,0.250,1501900,998064,165556,5257400,14253.886,1619.987,0,239.998,0,7.000,2295,3488,2.040,0.930,0.530,5,0,69.999,0,0,10,28,0,20,0
31-01 08:07:28,63.749,17.750,17.250,0.250,0,1377012,1122720,165560,5257604,14375.856,1619.984,0,451.995,0,30.000,6033,12603,2.040,0.930,0.530,4,0,339.997,0,0,10,28,0,20,0
31-01 08:07:29,63.951,6.445,29.249,0,0,1472304,1027240,165560,5257792,23064.133,1606.220,0,281.584,0,18.838,4379,8771,2.040,0.930,0.530,5,0,0,0,0,10,30,0,21,0
31-01 08:07:30,64.637,9.557,24.899,0,0.252,1438332,1061176,165564,5257824,14931.484,1629.767,0,350.098,0,27.163,2417,3974,2.040,0.930,0.530,4,0,112.675,0,0,10,28,0,22,0
31-01 08:07:31,62.651,16.790,20.550,0,0,1351208,1148052,165572,5258060,21758.460,1623.915,0,8516.533,0,328.793,5442,12561,2.040,0.930,0.530,5,0,344.831,0,0,10,28,0,22,0
31-01 08:07:32,84.916,12.987,1.249,0,0.500,1551536,947520,165580,5258256,13562.627,1618.404,0,371.634,0,23.976,2880,5593,2.430,1.040,0.560,10,0,181.821,0,0,10,30,0,22,0
31-01 08:07:33,82.082,16.516,1.001,0,0,1494660,1004136,165580,5258504,13145.132,1555.554,0,524.524,0,37.037,3777,6827,2.430,1.040,0.560,7,0,302.302,0,0,10,28,0,23,0
31-01 08:07:34,82.234,12.997,3.999,0,0,1492168,1006392,165588,5258732,13583.283,1565.687,0,435.913,0,32.993,5123,11486,2.430,1.040,0.560,9,0,209.958,0,0,10,30,0,23,0
31-01 08:07:35,79.533,15.006,4.502,0,0,1428208,1070108,165588,5258976,12419.079,1620.663,0,572.234,0,11.005,4169,12018,2.430,1.040,0.560,5,0,331.135,0,0,10,28,0,23,0
31-01 08:07:36,42.742,25.745,30.495,0.250,0.250,1317892,1180244,165588,5259148,15647.184,1661.701,0,223.960,0,11.998,5793,14017,2.430,1.040,0.560,2,0,762.863,0,0,10,28,0,23,0
31-01 08:07:37,10.747,18.745,68.231,0,0.250,1314904,1183224,165588,5259156,14596.015,1619.558,0,187.949,0,7.998,2761,3516,2.320,1.030,0.570,2,0,381.896,0,0,10,28,0,20,0
31-01 08:07:38,42.768,32.013,25.010,0,0.250,1426668,1071396,165596,5259212,14343.881,1620.664,0,700.287,0,52.021,3434,6677,2.320,1.030,0.570,6,0,918.377,0,0,10,28,0,20,0
31-01 08:07:39,79.002,11.000,10.000,0.250,0,1420224,1077492,165604,5259548,28174.845,1620.049,0,748.022,0,61.002,4972,12077,2.320,1.030,0.570,5,0,124.004,0,0,10,29,0,20,0
31-01 08:07:40,81.496,13.999,4.750,0,0.250,1495488,1002088,165608,5259676,19943.083,1619.925,0,6411.705,0,217.990,3609,7579,2.320,1.030,0.570,5,0,173.992,0,0,10,30,0,20,0
31-01 08:07:41,61.621,9.480,26.943,0,0,1531284,965548,165608,5260412,29955.124,1508.833,0,3592.459,0,129.728,7481,17447,2.320,1.030,0.570,2,0,0,0,0,10,32,0,26,0
31-01 08:07:42,74.656,10.522,14.781,0,0,1465504,1030828,165608,5260996,16023.457,1569.277,0,613.281,0,62.130,7739,16742,2.450,1.080,0.580,4,0,90.188,0,0,10,28,0,30,0
31-01 08:07:43,80.500,9.250,9.000,0,0,1533352,962740,165616,5261220,21269.957,1619.997,0,176.000,0,11.000,6756,15045,2.450,1.080,0.580,4,0,30.000,0,0,10,31,0,31,0
31-01 08:07:44,63.733,10.497,25.243,0,0.250,1505492,989472,165620,5262324,12854.529,1619.563,0,147.960,0,6.998,6092,19709,2.450,1.080,0.580,7,0,70.981,0,0,10,30,0,37,0
31-01 08:07:45,78.505,13.751,6.250,0,0.500,1465272,1028968,165620,5263032,12692.800,1620.102,0,160.010,0,8.001,4410,11487,2.450,1.080,0.580,6,0,196.012,0,0,10,29,0,37,0
31-01 08:07:46,78.015,12.002,9.502,0,0,1439884,1053888,165624,5263484,14100.778,1620.319,0,480.095,0,21.004,5273,14348,2.450,1.080,0.580,6,0,60.012,0,0,10,28,0,38,0
31-01 08:07:47,81.973,11.746,5.248,0,0,1525316,968348,165628,5263588,21210.958,1619.462,0,115.962,0,7.997,3186,5219,2.580,1.130,0.600,4,0,71.976,0,0,10,31,0,36,0
31-01 08:07:48,77.524,11.754,9.753,0,0.250,1462544,1029472,165632,5265224,18359.655,1512.466,0,436.134,0,45.014,6037,13950,2.580,1.130,0.600,5,0,186.057,0,0,10,28,0,38,0
31-01 08:07:49,75.986,11.248,11.748,0,0,1515092,976448,165632,5265688,16738.853,1619.695,0,147.972,0,7.998,5921,12256,2.580,1.130,0.600,6,0,62.988,0,0,10,30,0,40,0
31-01 08:07:50,83.015,13.002,4.251,0,0,1474416,1017044,165636,5265760,17623.278,1566.291,0,152.028,0,10.002,3110,6541,2.580,1.130,0.600,5,0,163.030,0,0,10,28,0,42,0
31-01 08:07:51,73.746,12.249,11.999,0.250,0.250,1438184,1052792,165652,5266188,15821.067,1619.904,0,77031.455,0,416.975,5574,14547,2.580,1.130,0.600,4,0,120.993,0,0,10,28,0,45,0
31-01 08:07:52,62.485,11.497,25.744,0,0,1488772,1002192,165652,5266200,13090.897,1619.616,0,1991.528,0,16.996,2420,3757,2.610,1.160,0.620,4,0,139.967,0,0,10,31,0,45,0
31-01 08:07:53,59.999,12.750,26.250,0,0.250,1397316,1093372,165652,5266452,13869.736,1619.969,0,247.995,0,18.000,4462,10562,2.610,1.160,0.620,3,0,180.997,0,0,10,28,0,47,0
31-01 08:07:54,63.001,10.000,27.001,0.250,0.250,1431460,1059040,165660,5266632,12996.247,1620.031,0,312.006,0,30.001,4643,9242,2.610,1.160,0.620,3,0,60.001,0,0,10,29,0,48,0
31-01 08:07:55,63.286,11.256,24.514,0.250,0,1463020,1027308,165672,5266784,13722.712,1512.850,0,304.171,0,25.014,2372,3888,2.610,1.160,0.620,3,0,72.040,0,0,10,29,0,48,0
31-01 08:07:56,62.821,10.719,26.425,0,0,1375588,1114484,165672,5267032,13728.845,1615.393,0,1064.963,0,30.912,3859,10335,2.610,1.160,0.620,3,0,81.767,0,0,10,28,0,49,0
31-01 08:07:57,65.147,8.519,27.061,0,0,1484232,1005648,165676,5267220,13933.434,1623.663,0,232.525,0,19.043,2685,7249,2.800,1.230,0.640,3,0,0,0,0,10,30,0,51,0
31-01 08:07:58,61.766,12.503,24.507,0,0.250,1450728,1039128,165680,5267240,14909.981,1566.418,0,344.092,0,32.009,2635,4048,2.800,1.230,0.640,5,0,139.037,0,0,10,29,0,52,0
31-01 08:07:59,57.631,11.975,29.938,0.249,0,1332904,1156516,165680,5267652,12591.910,1616.650,0,367.239,0,30.936,5286,11519,2.800,1.230,0.640,3,0,255.471,0,0,10,28,0,56,0
31-01 08:08:00,63.621,14.528,22.292,0,0.250,1472208,1017172,165680,5267688,31357.611,1717.265,0,228.434,0,14.027,3363,8756,2.800,1.230,0.640,3,0,201.383,0,0,10,29,0,57,0
31-01 08:08:01,42.154,16.463,39.660,0,0.249,1329996,1158884,165680,5268180,15798.044,1616.321,0,618.592,0,38.911,4579,11134,2.800,1.230,0.640,1,0,408.071,0,0,10,28,0,57,0
31-01 08:08:02,23.030,3.755,73.096,0,0,1365268,1123604,165680,5268184,13637.893,1622.128,0,180.236,0,10.013,1407,2551,2.740,1.240,0.650,1,0,0,0,0,10,29,0,57,0
31-01 08:08:03,18.508,10.755,70.031,0.250,0,1313152,1175460,165688,5268432,14090.143,1512.660,0,324.141,0,33.014,2660,6819,2.740,1.240,0.650,1,0,173.075,0,0,10,30,0,56,0
31-01 08:08:04,21.999,18.249,59.748,0,0,1350452,1137980,165700,5268596,13169.500,1619.938,0,443.983,0,27.999,3104,4654,2.740,1.240,0.650,3,0,422.984,0,0,10,30,0,58,0
31-01 08:08:05,43.774,6.754,47.776,2.001,0,1464580,1021360,165748,5270808,14684.017,1620.885,368.201,4290.343,23.013,333.182,3386,4930,2.740,1.240,0.650,3,0,23.013,0,0,10,34,0,58,0
31-01 08:08:06,37.964,5.994,42.710,11.989,0,1433308,1046448,166348,5276040,16500.539,1564.534,0,40350.192,0,3361.850,17010,27844,2.740,1.240,0.650,3,0,111.895,0,0,10,34,0,58,0
31-01 08:08:07,41.459,8.741,45.205,4.995,0.250,1448248,1030776,166648,5276416,14939.121,1618.388,0,16431.634,0,1593.413,9222,15177,2.680,1.250,0.660,5,0,18.981,0,0,10,30,0,58,0
31-01 08:08:08,44.835,6.011,44.585,3.757,0.250,1463304,1015440,166820,5276512,16206.842,1623.089,0,15529.553,0,1148.185,5874,9146,2.680,1.250,0.660,4,0,4.008,0,0,10,32,0,58,0
31-01 08:08:09,33.847,8.462,45.047,9.706,0,1397180,1080804,167108,5276976,15416.441,1612.723,0,14287.535,0,2476.825,13198,26694,2.680,1.250,0.660,2,0,2.987,0,0,10,32,0,58,0
31-01 08:08:10,27.302,8.266,64.874,0,0,1416644,1061320,167108,5276996,17178.932,1514.904,0,1534.942,0,83.159,1833,2324,2.680,1.250,0.660,1,0,100.192,0,0,10,30,0,58,0
31-01 08:08:11,23.311,2.757,73.192,0.501,0,1384016,1093928,167116,5277008,16244.577,1624.257,0,1427.742,0,78.205,1282,1588,2.680,1.250,0.660,1,0,1.003,0,0,10,30,0,58,0
31-01 08:08:12,22.963,3.245,72.134,0.499,0.250,1433884,1044036,167120,5277028,18236.639,1617.396,0,5091.802,0,256.587,1487,2287,2.550,1.250,0.660,1,0,1.997,0,0,10,30,0,58,0
31-01 08:08:13,21.719,4.244,73.145,0.250,0,1395772,1082144,167124,5277028,11425.650,1617.685,0,786.874,0,14.979,1067,1270,2.550,1.250,0.660,1,0,2.996,0,0,10,32,0,58,0
31-01 08:08:14,22.318,4.012,73.723,0,0.251,1350364,1127536,167124,5277044,14229.057,1624.917,0,0,0,0,955,1098,2.550,1.250,0.660,1,0,1.003,0,0,10,32,0,58,0
31-01 08:08:15,22.444,3.242,73.568,0,0,1421648,1056252,167124,5277044,16890.214,1562.135,0,0,0,0,1030,1140,2.550,1.250,0.660,2,0,1.995,0,0,10,32,0,58,0
31-01 08:08:16,22.749,3.500,74.245,0,0,1384376,1093472,167128,5277092,13201.182,1619.900,0,2843.824,0,210.987,1125,1125,2.550,1.250,0.660,2,0,1.000,0,0,10,32,0,58,0
31-01 08:08:17,23.748,2.250,72.994,0,0.250,1442220,1035516,167128,5277216,13182.879,1511.871,0,0,0,0,1028,1113,2.420,1.250,0.660,1,0,2.000,0,0,10,32,0,58,0
31-01 08:08:18,21.507,4.251,73.775,0,0,1350920,1126784,167128,5277248,16789.675,1620.548,0,0,0,0,1099,1151,2.420,1.250,0.660,1,0,4.001,0,0,10,32,0,58,0
31-01 08:08:19,22.993,2.499,72.977,0,0,1424200,1053512,167128,5277248,11038.589,1619.500,0,503.844,0,29.991,1159,1518,2.420,1.250,0.660,1,0,1.999,0,0,10,32,0,58,0
31-01 08:08:20,23.059,3.008,73.688,0,0.251,1347728,1129932,167132,5277296,16083.012,1624.142,0,148.378,0,10.026,1075,1138,2.420,1.250,0.660,1,0,2.005,0,0,10,32,0,56,0
31-01 08:08:21,22.948,2.744,74.083,0,0,1415232,1062428,167132,5277296,14768.800,1616.366,0,0,0,0,945,1157,2.420,1.250,0.660,1,0,1.996,0,0,10,32,0,56,0
31-01 08:08:22,12.757,14.758,71.540,0,0,1320720,1156740,167140,5277436,14510.039,1620.898,0,216.120,0,4.002,2275,3123,2.390,1.260,0.670,2,0,253.140,0,0,10,32,0,52,0
31-01 08:08:23,10.001,19.502,69.757,0,0.250,1323784,1153628,167148,5277472,13415.342,1566.157,0,724.072,0,12.001,3058,4577,2.390,1.260,0.670,1,0,431.043,0,0,10,32,0,52,0
31-01 08:08:24,8.752,18.754,70.015,0,0,1328960,1148416,167148,5277508,17123.647,1512.322,0,264.056,0,3.001,3485,5477,2.390,1.260,0.670,1,0,531.113,0,0,10,32,0,49,0
31-01 08:08:25,20.276,7.009,73.093,0,0.250,1387464,1089912,167148,5277508,14816.862,1622.065,0,0,0,0,1549,2156,2.390,1.260,0.670,1,0,124.158,0,0,10,32,0,49,0
31-01 08:08:26,22.694,2.993,73.570,0.249,0.249,1342776,1134604,167148,5277504,19071.294,1616.042,0,359.121,0,3.990,1111,1153,2.390,1.260,0.670,1,0,2.993,0,0,10,32,0,49,0
31-01 08:08:27,22.251,2.750,73.753,0,0.250,1413808,1063572,167148,5277504,13248.623,1620.076,0,588.028,0,113.005,1097,1145,2.280,1.250,0.670,1,0,2.000,0,0,10,32,0,49,0
31-01 08:08:28,22.549,3.508,73.661,0,0,1359808,1117564,167148,5277512,13509.586,1623.556,0,24.053,0,2.004,1054,1120,2.280,1.250,0.670,1,0,3.007,0,0,10,32,0,48,0
31-01 08:08:29,23.696,2.494,73.331,0.249,0,1411924,1065428,167152,5277528,13010.090,1616.284,0,371.147,0,31.927,1240,1479,2.280,1.250,0.670,1,0,1.995,0,0,10,32,0,48,0
31-01 08:08:30,23.503,2.250,73.260,0,0,1384940,1092420,167152,5277520,21388.823,1620.214,0,92.012,0,10.001,1212,1256,2.280,1.250,0.670,1,0,3.000,0,0,10,32,0,45,0
31-01 08:08:31,22.749,3.500,74.247,0,0,1336012,1141356,167152,5277512,15529.472,1499.949,0,12.000,0,1.000,1060,1076,2.280,1.250,0.670,1,0,1.000,0,0,10,32,0,45,0
31-01 08:08:32,22.499,2.750,73.497,0,0,1398456,1078892,167152,5277532,23009.172,1619.942,0,159.994,0,3.000,1062,1086,2.170,1.250,0.670,1,0,2.000,0,0,10,32,0,45,0
31-01 08:08:33,23.301,2.756,74.162,0,0,1374488,1102872,167152,5277520,13541.534,1623.541,0,0,0,0,935,1100,2.170,1.250,0.670,1,0,1.002,0,0,10,32,0,45,0
31-01 08:08:34,21.755,3.751,73.518,0,0,1317920,1159452,167152,5277508,24298.099,1620.407,0,16.004,0,2.001,1130,1164,2.170,1.250,0.670,1,0,3.001,0,0,10,32,0,44,0
31-01 08:08:35,22.440,2.743,74.051,0,0.249,1383440,1093932,167152,5277508,24362.586,1657.549,0,3.989,0,0.997,1120,1168,2.170,1.250,0.670,1,0,1.995,0,0,10,32,0,44,0
31-01 08:08:36,23.310,2.506,73.690,0,0,1340420,1137012,167152,5277448,14892.378,1624.186,0,80.207,0,3.008,1002,1074,2.170,1.250,0.670,1,0,1.003,0,0,10,32,0,44,0
31-01 08:08:37,23.252,3.000,73.505,0,0.500,1407036,1070324,167152,5277520,16601.179,1620.115,0,1672.119,0,5.000,1048,1115,2.080,1.240,0.670,1,0,2.000,0,0,10,32,0,44,0
31-01 08:08:38,22.197,2.993,73.325,0,0,1312036,1165304,167152,5277536,12523.182,1454.537,0,11.971,0,0.998,1057,1171,2.080,1.240,0.670,1,0,3.990,0,0,10,32,0,44,0
31-01 08:08:39,22.502,4.750,72.757,0.250,0,1388600,1088756,167168,5277504,13799.380,1620.162,0,4748.475,0,233.023,1636,2473,2.080,1.240,0.670,1,0,2.000,0,0,10,32,0,44,0
31-01 08:08:40,23.752,2.750,73.258,0,0,1320764,1156548,167172,5277544,12729.337,1620.170,0,168.018,0,14.001,1118,1300,2.080,1.240,0.670,1,0,2.000,0,0,10,32,0,44,0
31-01 08:08:41,24.247,1.750,73.741,0,0,1393540,1083780,167172,5277536,13748.309,1619.801,0,7.999,0,1.000,1034,1156,2.080,1.240,0.670,1,0,2.000,0,0,10,32,0,44,0
31-01 08:08:42,16.774,11.016,71.352,0,0,1320916,1156368,167172,5277572,12794.321,1622.323,0,72.103,0,6.009,1960,2590,1.910,1.220,0.670,1,0,201.288,0,0,10,32,0,34,0
31-01 08:08:43,17.524,10.013,71.847,0,0,1378396,1098824,167176,5277600,13868.639,1622.180,0,36.048,0,3.004,1879,2596,1.910,1.220,0.670,2,0,191.257,0,0,10,32,0,34,0
31-01 08:08:44,22.011,3.752,74.536,0,0.250,1331248,1145752,167176,5277820,14030.805,1620.786,0,0,0,0,1076,1213,1.910,1.220,0.670,2,0,9.004,0,0,10,32,0,27,0
31-01 08:08:45,22.183,3.240,73.277,0,0.249,1392456,1084544,167176,5277820,18836.699,1507.414,0,0,0,0,1045,1142,1.910,1.220,0.670,2,0,0,0,0,10,32,0,27,0
31-01 08:08:46,11.773,19.037,68.633,0,0,1321708,1155184,167176,5277912,20523.755,1569.039,0,212.411,0,6.012,2907,4143,1.910,1.220,0.670,3,0,399.774,0,0,10,32,0,26,0
31-01 08:08:47,9.985,19.471,69.395,0,0.499,1323540,1153320,167176,5277940,24201.528,1617.562,0,319.518,0,8.986,3108,4392,1.840,1.220,0.670,1,0,420.367,0,0,10,32,0,26,0
31-01 08:08:48,9.517,20.536,69.373,0,0,1320912,1155912,167176,5277972,26442.910,1622.879,0,368.654,0,8.014,3428,5110,1.840,1.220,0.670,1,0,495.880,0,0,10,32,0,26,0
31-01 08:08:49,8.507,20.768,68.558,0,0,1324052,1152740,167180,5277992,24792.900,1621.367,0,1669.407,0,44.037,3534,5261,1.840,1.220,0.670,1,0,494.417,0,0,10,32,0,24,0
31-01 08:08:50,10.996,19.742,68.722,0.250,0,1333436,1143332,167180,5278016,15303.741,1619.338,0,1447.408,0,24.990,3538,5452,1.840,1.220,0.670,1,0,550.775,0,0,10,32,0,24,0
31-01 08:08:51,10.227,17.960,70.592,0,0.249,1328456,1148272,167180,5278056,14633.251,1616.383,0,383.143,0,7.982,3253,4967,1.840,1.220,0.670,2,0,488.906,0,0,10,32,0,20,0
31-01 08:08:52,8.764,20.033,70.365,0,0.250,1325544,1151160,167180,5278080,15721.736,1514.479,0,596.977,0,79.130,2954,4198,1.770,1.220,0.670,1,0,390.639,0,0,10,32,0,20,0
31-01 08:08:53,21.763,28.016,50.029,0.250,0.250,1380544,1096092,167200,5278128,16489.514,1620.935,0,1024.591,0,56.032,4522,7394,1.770,1.220,0.670,4,0,783.452,0,0,10,32,0,21,0
31-01 08:08:54,66.749,11.500,22.500,0,0,1578888,896504,167360,5279044,44623.465,1565.981,12.000,759.991,1.000,23.000,2166,2475,1.770,1.220,0.670,3,0,105.999,0,0,10,32,0,23,0
31-01 08:08:55,44.998,8.750,31.249,12.749,0.250,1614100,850232,168460,5288060,313413.270,1619.924,403.981,37878.220,5.000,3053.856,15068,26700,1.770,1.220,0.670,2,1,99.995,0,0,10,38,0,21,0
31-01 08:08:56,39.745,10.249,32.246,18.498,0,1608744,845132,169392,5297224,17129.705,1619.783,0,66107.142,0,5127.313,20255,37488,1.770,1.220,0.670,1,1,140.981,0,0,10,36,0,21,0
31-01 08:08:57,37.514,9.503,36.513,15.256,0,1582176,863152,169776,5305044,15827.761,1620.590,0,72230.292,0,5409.969,23903,41124,1.950,1.260,0.690,3,1,109.040,0,0,10,36,0,21,0
31-01 08:08:58,44.241,13.497,31.244,10.248,0,1535196,901740,170104,5312852,29748.110,1619.679,363.928,44131.262,5.999,3604.286,17633,28736,1.950,1.260,0.690,3,0,269.947,0,0,10,35,0,22,0
31-01 08:08:59,39.442,15.727,31.204,10.734,0.250,1545436,884716,170284,5319072,27017.123,1617.612,511.245,49770.539,3.994,3792.402,21035,40457,1.950,1.260,0.690,2,0,131.805,0,0,10,34,0,20,0
31-01 08:09:00,44.294,12.012,33.033,9.509,0,1536724,887728,170820,5324000,22882.723,1607.596,1105.097,41678.387,20.020,3169.147,15669,28276,1.950,1.260,0.690,5,1,229.228,0,0,10,35,0,21,0
31-01 08:09:01,35.027,7.506,44.535,11.509,0,1538288,880936,171300,5328600,16498.935,1621.271,0,39655.090,0,3413.676,19515,35549,1.950,1.260,0.690,3,0,18.014,0,0,10,35,0,21,0
31-01 08:09:02,33.974,8.993,43.966,11.491,0.500,1511684,906584,171644,5329120,18985.457,1564.801,0,34869.290,0,3234.522,16265,28878,2.040,1.290,0.700,3,0,82.936,0,0,10,34,0,21,0
31-01 08:09:03,36.746,7.499,42.245,12.749,0,1537024,879424,171784,5330748,14574.397,1619.822,0,40283.569,0,3789.583,17542,32128,2.040,1.290,0.700,4,0,38.996,0,0,10,35,0,23,0
31-01 08:09:04,37.773,7.254,40.774,13.508,0,1508728,906304,171868,5332036,19555.675,1620.968,0,37890.621,0,3455.063,18498,32250,2.040,1.290,0.700,2,0,48.029,0,0,10,34,0,27,0
31-01 08:09:05,40.509,6.251,39.509,11.503,0,1534708,877828,172040,5334332,19744.442,1620.365,0,29938.736,0,2948.663,16014,28736,2.040,1.290,0.700,1,1,36.008,0,0,10,37,0,25,0
31-01 08:09:06,35.483,7.746,44.978,10.245,0,1480096,930108,172144,5336500,15568.418,1619.211,0,35074.919,0,3012.533,17914,30655,2.040,1.290,0.700,2,1,78.962,0,0,10,36,0,28,0
31-01 08:09:07,36.251,9.250,40.251,14.750,0.250,1535128,871700,172384,5339524,13732.343,1620.041,0,45709.143,0,3835.096,17197,28900,2.030,1.300,0.710,2,0,36.001,0,0,10,37,0,28,0
31-01 08:09:08,35.502,8.000,42.252,14.001,0.250,1518548,884688,172568,5342828,18241.003,1512.083,0,40174.210,0,3534.194,17038,31317,2.030,1.300,0.710,1,1,111.006,0,0,10,36,0,28,0
31-01 08:09:09,36.755,8.751,41.005,13.252,0,1504484,895908,172736,5345416,13981.804,1620.209,0,38520.969,0,3362.434,16441,28810,2.030,1.300,0.710,2,0,105.014,0,0,10,36,0,29,0
31-01 08:09:10,37.015,7.753,41.267,12.755,0.250,1542076,861636,172840,5341952,15928.547,1620.666,0,43105.716,0,3786.556,18663,32627,2.030,1.300,0.710,2,0,6.002,0,0,10,37,0,30,0
31-01 08:09:11,42.702,6.493,41.454,9.489,0,1534320,870316,172892,5340988,14903.398,1564.257,0,28907.797,0,2526.186,12836,22210,2.030,1.300,0.710,2,0,60.932,0,0,10,34,0,32,0
31-01 08:09:12,22.493,15.245,60.231,0.750,0.250,1371180,1033260,172896,5341180,43524.420,1619.495,0,2955.078,0,179.944,4347,7231,2.110,1.330,0.720,1,0,300.906,0,0,10,32,0,32,0
31-01 08:09:13,10.010,21.272,66.820,0.250,0,1370712,1033572,172896,5341336,13628.228,1621.693,0,1609.681,0,74.077,3596,5320,2.110,1.330,0.720,2,0,548.573,0,0,10,32,0,33,0
31-01 08:09:14,60.001,12.750,26.000,0.500,0,1536804,866960,172908,5341800,12544.138,1620.018,0,4872.054,0,266.003,3112,4254,2.110,1.330,0.720,6,0,163.002,0,0,10,32,0,38,0
31-01 08:09:15,65.361,9.480,24.698,0,0,1735084,665764,173064,5344316,14205.869,1508.800,0,3281.041,0,134.714,1840,1859,2.110,1.330,0.720,5,0,0,0,0,10,32,0,38,0
31-01 08:09:16,40.334,8.017,38.831,14.280,0.251,1743736,646120,173232,5354624,13259.726,1623.395,0,49058.581,0,3789.925,18515,30471,2.110,1.330,0.720,1,0,147.308,0,0,10,38,0,38,0
31-01 08:09:17,23.997,6.749,48.494,19.248,0.250,1749724,629248,173416,5364936,15212.175,1619.806,0,63776.347,0,5170.380,23138,40352,2.260,1.380,0.740,1,1,224.973,0,0,10,38,0,38,0
31-01 08:09:18,30.752,10.001,37.753,21.002,0,1628040,741336,173644,5373992,19277.407,1620.118,0,89570.539,0,6643.485,23846,45792,2.260,1.380,0.740,9,1,167.012,0,0,10,36,0,38,0
31-01 08:09:19,41.021,9.199,30.331,18.646,0,1692224,667808,173812,5382820,42544.897,1557.321,0,77655.227,0,5841.446,19963,38913,2.260,1.380,0.740,4,1,177.014,0,0,10,36,0,38,0
31-01 08:09:20,50.290,7.543,27.157,15.087,0.251,1745292,606824,173884,5390452,15356.546,1629.395,0,54723.536,0,3886.409,13131,27958,2.260,1.380,0.740,6,0,60.348,0,0,10,38,0,38,0
31-01 08:09:21,26.977,7.993,42.964,23.231,0.250,1631788,707896,173956,5402304,19066.080,1618.648,0,92270.954,0,6412.645,23185,43803,2.260,1.380,0.740,3,1,83.930,0,0,10,36,0,38,0
31-01 08:09:22,34.484,8.496,41.231,16.242,0,1504612,830652,174040,5406508,14715.113,1511.293,0,53546.940,0,4300.987,18010,30518,2.640,1.470,0.770,3,0,143.933,0,0,10,34,0,38,0
31-01 08:09:23,20.723,7.990,69.660,0,0,1397516,937728,174040,5406528,18168.635,1617.919,0,707.091,0,39.949,1869,2238,2.640,1.470,0.770,1,0,138.821,0,0,10,32,0,38,0
31-01 08:09:24,23.496,2.750,73.738,0,0,1467572,867672,174040,5406528,12183.965,1619.730,0,551.908,0,30.995,1128,1259,2.640,1.470,0.770,1,0,0,0,0,10,32,0,38,0
31-01 08:09:25,21.805,4.010,71.930,1.253,0,1394696,940536,174044,5406536,14973.524,1624.070,0,4491.255,0,268.673,2292,3119,2.640,1.470,0.770,1,0,27.068,0,0,10,32,0,38,0
31-01 08:09:26,21.199,4.240,73.573,0,0.249,1454632,880592,174044,5406540,12531.773,1616.102,0,39.904,0,3.990,1006,1189,2.640,1.470,0.770,1,0,0.998,0,0,10,32,0,38,0
31-01 08:09:27,22.321,3.762,73.232,0,0.251,1371972,963236,174048,5406552,15854.258,1570.980,0,585.857,0,46.146,1544,2112,2.510,1.460,0.780,1,0,38.121,0,0,10,32,0,38,0
31-01 08:09:28,14.242,34.230,50.471,0.250,0,1383820,951300,174048,5406620,97456.060,1619.071,0,3885.770,0,71.959,6071,9393,2.510,1.460,0.780,1,0,1211.305,0,0,10,32,0,38,0
31-01 08:09:29,9.241,20.729,69.179,0,0.250,1385008,950048,174048,5406680,37161.872,1618.340,0,227.766,0,18.981,3205,4114,2.510,1.460,0.780,2,0,430.558,0,0,10,32,0,38,0
31-01 08:09:30,10.748,17.746,70.734,0,0.250,1387104,947904,174048,5406712,17780.035,1553.654,0,11.997,0,2.999,2933,4195,2.510,1.460,0.780,2,0,368.918,0,0,10,32,0,38,0
31-01 08:09:31,10.747,19.744,68.980,0,0.250,1384284,950664,174048,5406756,17121.069,1619.534,0,35.990,0,8.997,3106,4565,2.510,1.460,0.780,2,0,389.888,0,0,10,32,0,38,0
31-01 08:09:32,22.272,14.765,61.562,0,0,1401328,933388,174052,5407232,13695.805,1621.635,0,8.008,0,2.002,4383,6837,2.470,1.470,0.780,3,0,186.188,0,0,10,32,0,38,0
31-01 08:09:33,45.445,7.990,46.444,0,0,1512216,822324,174056,5407488,16783.809,1618.053,0,47.942,0,1.998,1550,1646,2.470,1.470,0.780,3,0,64.922,0,0,10,33,0,38,0
31-01 08:09:34,48.715,3.997,47.716,0,0,1579788,752824,174112,5409116,17803.217,1618.838,83.940,687.506,0.999,53.961,1349,3122,2.470,1.470,0.780,4,0,0,0,0,10,33,0,38,0
31-01 08:09:35,33.039,10.513,55.316,0,0,1622596,708508,174116,5410532,15620.589,1621.930,0,412.491,0,28.033,2655,7202,2.470,1.470,0.780,2,0,140.167,0,0,10,48,0,38,0
31-01 08:09:36,14.479,6.740,77.389,0.250,0.499,1642992,688100,174116,5410544,15577.724,1637.658,0,75.891,0,5.991,1664,2155,2.470,1.470,0.780,0,0,121.826,0,0,10,48,1,38,0
31-01 08:09:37,0.500,0.750,97.488,0.500,0,1642992,688100,174116,5410544,15104.172,1585.808,0,479.942,0,37.995,1070,1616,2.270,1.450,0.780,0,0,0,0,0,10,48,1,38,0
31-01 08:09:38,0.750,0.500,98.257,0,0,1643216,687876,174116,5410544,15617.109,1953.139,0,32.002,0,4.000,831,1113,2.270,1.450,0.780,0,0,2.000,0,0,10,49,0,38,0
31-01 08:09:39,0.250,0.750,97.269,0.500,0.250,1643440,687652,174116,5410544,15387.016,1620.318,0,4476.877,0,254.050,1077,1027,2.270,1.450,0.780,0,0,0,0,0,10,49,0,38,0
31-01 08:09:40,0.250,0.750,98.460,0,0,1643440,687652,174116,5410544,14784.012,1619.344,0,3.998,0,1.000,728,965,2.270,1.450,0.780,0,0,0,0,0,10,49,0,38,0
31-01 08:09:41,0.250,0.250,98.254,0,0,1643440,687652,174116,5410544,13574.557,1620.066,0,0,0,0,726,960,2.270,1.450,0.780,0,0,0,0,0,10,49,0,38,0
31-01 08:09:42,0.500,0.500,98.506,0,0.250,1643440,687652,174116,5410544,20653.342,1620.105,0,0,0,0,758,995,2.090,1.420,0.770,0,0,0,0,0,10,49,0,38,0
31-01 08:09:43,0.750,0.500,98.251,0,0,1643440,687652,174116,5410544,12964.078,1566.009,0,376.002,0,2.000,733,975,2.090,1.420,0.770,0,0,0,0,0,10,49,0,38,0
31-01 08:09:44,0.500,0.250,98.251,0.250,0,1643440,687652,174116,5410544,19682.217,1512.017,0,64.001,0,2.000,760,977,2.090,1.420,0.770,0,0,0,0,0,10,49,0,38,0
31-01 08:09:45,0.250,0.250,98.483,0,0.500,1643440,687652,174116,5410544,12879.836,1619.728,0,591.901,0,1.000,697,954,2.090,1.420,0.770,1,0,0,0,0,10,49,0,38,0
31-01 08:09:46,1.250,0.750,97.973,0,0,1643420,687652,174116,5410564,47383.017,3263.106,0,35.990,0,1.999,815,962,2.090,1.420,0.770,0,0,0,0,0,10,49,0,38,0
31-01 08:09:47,0.750,0.250,97.294,0,0.250,1643320,687652,174116,5410660,98927.418,3469.558,0,536.241,0,32.014,1056,1445,1.920,1.400,0.770,0,0,0,0,0,10,49,0,38,0
31-01 08:09:48,0.750,0.750,97.723,0,0,1643784,687176,174116,5410660,26784.607,1661.541,0,1467.595,0,3.999,876,1037,1.920,1.400,0.770,0,0,1.999,0,0,10,49,0,38,0
31-01 08:09:49,0.500,0.250,98.532,0,0,1643784,687176,174116,5410660,17477.628,1620.522,0,0,0,0,679,913,1.920,1.400,0.770,0,0,0,0,0,10,49,0,38,0
31-01 08:09:50,0.250,0,98.500,0,0,1643784,687176,174116,5410660,14953.970,1619.997,0,0,0,0,677,926,1.920,1.400,0.770,0,0,0,0,0,10,49,0,38,0
31-01 08:09:51,0.750,0.250,98.494,0,0,1643784,687176,174116,5410660,15727.072,1499.912,0,0,0,0,689,924,1.920,1.400,0.770,0,0,0,0,0,10,49,0,38,0
31-01 08:09:52,0.499,0.499,98.399,0,0,1643784,687176,174116,5410660,13030.657,1618.343,0,3.996,0,0.999,685,902,1.770,1.370,0.770,0,0,0,0,0,10,49,0,38,0
31-01 08:09:53,0.500,0.250,98.586,0,0.500,1643772,687176,174116,5410668,23486.527,1819.590,0,156.136,0,2.002,748,956,1.770,1.370,0.770,0,0,0,0,0,10,49,0,38,0
31-01 08:09:54,7.004,1.751,90.799,0,0,1658284,672604,174116,5410728,73991.660,2941.577,0,60.032,0,1.001,965,1112,1.770,1.370,0.770,1,0,7.004,0,0,10,48,0,33,0
31-01 08:09:55,15.747,9.748,70.237,3.249,0.250,1702180,625900,174220,5412996,19650.227,1619.689,3.999,9158.242,1.000,438.916,3641,4691,1.770,1.370,0.770,1,0,67.987,0,0,10,48,0,33,0
31-01 08:09:56,15.536,11.026,72.669,0,0,1682240,600532,174220,5456536,14557.935,1623.785,64.150,0,4.009,0,1750,1952,1.770,1.370,0.770,1,0,51.119,0,0,10,48,0,32,0
31-01 08:09:57,18.995,6.748,72.981,0,0,1675740,607004,174220,5456548,18533.089,1457.614,0,475.874,0,31.992,1751,2026,1.700,1.370,0.770,1,0,44.988,0,0,10,48,0,32,0
31-01 08:09:58,21.502,4.250,73.758,0,0,1694004,588632,174220,5456548,13177.502,1620.185,0,8.001,0,2.000,1288,1330,1.700,1.370,0.770,1,0,22.003,0,0,10,48,0,30,0
31-01 08:09:59,14.222,10.729,72.855,0.250,0.250,1632444,695128,174224,5412352,14106.000,1616.791,99.802,1301.417,2.994,160.681,2126,2620,1.700,1.370,0.770,1,0,155.691,0,0,10,48,0,30,0
31-01 08:10:00,20.514,15.510,62.292,0,0,1627548,699880,174224,5412364,14888.049,1715.158,0,28.019,0,2.001,5282,11083,1.700,1.370,0.770,1,0,257.174,0,0,10,48,0,28,0
31-01 08:10:01,0.999,0,98.163,0,0,1627544,699880,174224,5412368,22570.048,1618.569,0,0,0,0,820,971,1.700,1.370,0.770,0,0,2.997,0,0,10,48,0,28,0
31-01 08:10:02,1.250,0.500,98.249,0,0,1627544,699880,174224,5412368,14562.883,1619.987,0,0,0,0,723,917,1.570,1.350,0.760,0,0,1.000,0,0,10,48,0,22,0
31-01 08:10:03,0.750,0.750,97.946,0,0.500,1627848,699628,174224,5412368,13426.535,1619.100,0,267.851,0,3.998,836,1048,1.570,1.350,0.760,1,0,2.998,0,0,10,48,0,22,0
31-01 08:10:04,1.250,0.750,97.738,0,0,1627848,699628,174224,5412368,24526.934,1457.818,0,7.999,0,2.000,856,1019,1.570,1.350,0.760,0,0,1.000,0,0,10,48,0,15,0
31-01 08:10:05,12.738,12.488,73.680,0,0,1625408,702064,174224,5412704,21251.747,1618.458,0,0,0,0,3667,5776,1.570,1.350,0.760,5,0,187.821,0,0,10,48,0,15,0
31-01 08:10:06,9.772,15.785,72.161,0,0.251,1618560,708944,174224,5412380,17318.725,1623.630,0,4.009,0,1.002,3114,5201,1.570,1.350,0.760,1,0,253.567,0,0,11,48,0,12,0
31-01 08:10:07,15.743,17.493,64.722,0,0,1631632,695672,174224,5412896,18500.100,1857.207,0,0,0,0,5038,8133,1.520,1.340,0.760,1,0,271.884,0,0,11,48,0,12,0
31-01 08:10:08,8.745,7.996,83.206,0.250,0.250,1623624,703632,174224,5412548,14534.297,1619.142,0,871.538,0,15.992,2208,3347,1.520,1.340,0.760,0,0,150.920,0,0,11,48,0,12,0
31-01 08:10:09,10.255,13.257,74.540,0,0,1629992,697248,174224,5412572,15672.353,1620.864,0,4.002,0,1.001,3053,5729,1.520,1.340,0.760,1,0,177.094,0,0,13,48,0,12,0
31-01 08:10:10,13.017,14.519,71.092,0,0,1628648,698588,174224,5412584,18141.457,1622.097,0,1141.476,0,165.214,4053,7517,1.520,1.340,0.760,1,0,207.268,0,0,13,50,0,10,0
31-01 08:10:11,9.245,19.241,69.466,0.500,0.500,1628856,698344,174224,5412620,15836.272,1511.263,0,1795.124,0,209.898,3143,4295,1.520,1.340,0.760,1,0,336.836,0,0,13,50,0,10,0
31-01 08:10:12,15.275,16.026,67.611,0,0,1629852,697156,174224,5412768,25734.410,1652.724,0,96.158,0,6.010,4534,9376,1.480,1.330,0.770,1,0,197.325,0,0,13,50,0,8,0
31-01 08:10:13,35.467,19.482,44.708,0,0,1700400,626596,174240,5413168,13787.040,1618.479,0,67.936,0,5.994,5622,12518,1.480,1.330,0.770,2,0,378.644,0,0,13,50,0,8,0
31-01 08:10:14,25.473,6.243,67.428,0,0,1739788,586196,174288,5413764,15451.590,1618.281,31.966,11.987,1.998,2.997,1947,3402,1.480,1.330,0.770,3,0,28.969,0,0,13,54,0,10,0
31-01 08:10:15,22.986,6.496,69.707,0,0,1813864,512080,174296,5413780,14417.004,1618.990,0,147.908,0,0.999,1339,1600,1.480,1.330,0.770,2,0,10.993,0,0,13,58,0,6,0
31-01 08:10:16,16.490,2.249,80.203,0,0.250,1848576,476800,174300,5414332,15552.948,1619.058,0,3.998,0,0.999,1405,2792,1.480,1.330,0.770,1,0,3.998,0,0,13,58,0,6,0
31-01 08:10:17,1.251,2.001,95.792,1.000,0.250,1848988,476352,174300,5414368,17331.626,1710.753,0,5294.330,0,248.109,1301,2114,1.360,1.310,0.760,0,0,1.000,0,0,13,58,0,6,0
31-01 08:10:18,7.264,9.518,81.905,0,0,1809124,516208,174300,5414728,17160.416,1514.862,0,753.423,0,9.017,3112,5666,1.360,1.310,0.760,1,0,169.320,0,0,13,56,0,6,2
31-01 08:10:19,14.236,12.737,71.180,0,0,1801556,523672,174300,5414380,15572.645,1564.457,0,147.854,0,2.997,3543,8438,1.360,1.310,0.760,1,0,169.833,0,0,12,56,0,7,2
31-01 08:10:20,18.010,14.007,67.286,0,0.250,1855440,469756,174300,5414408,16418.735,1620.862,0,0,0,0,5061,8419,1.360,1.310,0.760,1,0,171.091,0,0,13,56,0,7,2
31-01 08:10:21,17.973,15.976,64.152,0,0,1845672,479340,174300,5414500,14012.575,1617.527,0,35.945,0,7.988,4884,9993,1.360,1.310,0.760,4,0,259.603,0,0,11,50,0,9,4
31-01 08:10:22,19.505,13.003,65.517,0,0.250,1853336,471516,174300,5414680,14685.862,1662.437,0,56.015,0,5.001,4255,7093,1.330,1.310,0.760,0,0,210.055,0,0,13,56,0,9,4
31-01 08:10:23,13.530,6.013,79.175,0,0.251,1727428,597340,174300,5414768,14269.507,1623.585,80.177,144.319,3.007,2.004,1374,2071,1.330,1.310,0.760,3,0,79.175,0,0,13,50,0,15,0
31-01 08:10:24,32.471,22.230,44.711,0,0,1702804,621912,174300,5414820,15392.439,1618.574,0,283.750,0,4.996,3563,6025,1.330,1.310,0.760,4,0,584.485,0,0,13,50,0,15,0
31-01 08:10:25,37.297,20.276,42.053,0,0.250,1788800,535484,174304,5415572,14215.898,1513.906,0,28.035,0,7.009,5331,9874,1.330,1.310,0.760,3,0,304.383,0,0,13,58,0,19,0
31-01 08:10:26,44.934,12.482,41.938,0,0,1898096,426176,174312,5415260,16946.952,1617.609,0,7.988,0,1.997,2681,3636,1.330,1.310,0.760,2,0,179.734,0,0,13,58,0,19,0
31-01 08:10:27,28.715,4.744,65.670,0,0,1957096,365724,174376,5416616,11931.467,1653.985,0,31.961,0,7.990,1334,3885,1.310,1.300,0.760,2,0,2.996,0,0,13,58,0,19,0
31-01 08:10:28,23.558,5.263,62.906,7.017,0,1979240,330496,174692,5429080,13357.139,1624.029,152.378,20899.853,38.095,1443.582,8690,14247,1.310,1.300,0.760,1,1,6.015,0,0,13,60,0,19,0
31-01 08:10:29,23.732,6.995,55.209,13.490,0,1979848,320232,174800,5438288,11833.208,1618.797,0,65227.536,0,2754.953,15195,26561,1.310,1.300,0.760,1,0,3.997,0,0,13,60,0,19,0
31-01 08:10:30,32.996,18.248,48.494,0.500,0.250,2155640,142336,174820,5440080,15194.222,1661.806,0,3283.616,0,184.978,6622,15136,1.310,1.300,0.760,1,0,238.972,0,0,14,85,0,30,0
31-01 08:10:31,10.755,18.759,68.031,0.500,0,2160748,137060,174820,5440244,12825.823,1620.736,0,11217.093,0,545.248,4128,5152,1.310,1.300,0.760,1,0,420.191,0,0,14,85,0,30,0
31-01 08:10:32,16.470,13.725,65.881,0.998,0,2161764,135956,174820,5440268,14022.731,1509.280,0,4611.690,0,245.558,5189,8884,1.280,1.300,0.770,1,0,214.613,0,0,14,85,0,30,0
31-01 08:10:33,43.914,12.476,42.667,0.250,0.250,2252352,125400,172456,5364256,12868.880,1616.844,227.556,4982.275,9.981,538.948,2473,2555,1.280,1.300,0.770,4,0,126.753,0,0,14,86,0,30,0
31-01 08:10:34,22.783,15.272,59.586,0.751,0.250,2302920,121940,172412,5317744,18244.180,1622.328,2515.610,1674.403,49.070,96.138,2981,4925,1.280,1.300,0.770,1,0,207.297,0,0,14,89,0,31,0
31-01 08:10:35,9.017,18.034,72.136,0,0.250,2307376,124568,172412,5310712,20422.578,1568.964,0,0,0,0,2956,4144,1.280,1.300,0.770,2,0,362.685,0,0,14,89,0,31,0
31-01 08:10:36,9.502,18.503,71.262,0,0.250,2314392,125620,172412,5302768,17226.963,1620.279,0,128.022,0,12.002,2955,4199,1.280,1.300,0.770,1,0,346.060,0,0,14,89,0,31,0
31-01 08:10:37,19.708,6.486,72.098,0.249,0,2365844,124264,172412,5253240,18780.317,1616.584,279.410,27.941,24.947,3.992,1478,1972,1.260,1.290,0.770,2,0,76.838,0,0,14,89,0,31,0
31-01 08:10:38,20.507,7.003,71.026,0.500,0,2330952,171160,172300,5241624,13408.854,1710.619,4445.609,0,116.042,0,2400,3820,1.260,1.290,0.770,2,0,65.024,0,0,14,91,0,32,0
31-01 08:10:39,24.559,3.258,71.422,0,0,2380164,138428,172028,5225588,20739.859,1515.644,224.540,88.212,30.072,7.017,2051,3282,1.260,1.290,0.770,1,0,1.002,0,0,14,97,0,32,0
31-01 08:10:40,34.946,5.741,56.414,1.997,0,2373844,182532,170572,5190060,16221.165,1617.524,511.217,5455.647,38.940,606.072,5125,8096,1.260,1.290,0.770,1,0,25.960,0,0,14,104,0,34,0
31-01 08:10:41,19.223,7.240,72.647,0.250,0.250,2433556,122808,170572,5190072,15741.647,1617.703,3.994,423.399,0.999,28.959,1502,2040,1.260,1.290,0.770,2,0,89.872,0,0,14,104,0,34,0
31-01 08:10:42,25.753,3.500,69.759,1.000,0.250,2455628,128100,169660,5164196,15403.879,1566.191,528.064,2684.327,88.011,314.038,2959,4616,1.240,1.290,0.770,2,0,2.000,0,0,14,109,0,35,0
31-01 08:10:43,20.242,6.497,70.722,0.250,0,2444380,139260,169664,5164280,12467.100,1619.364,51.980,835.672,9.996,74.971,2247,3336,1.240,1.290,0.770,1,0,89.965,0,0,14,107,0,36,0
31-01 08:10:44,22.050,6.264,71.662,0.251,0,2428012,171084,169268,5149616,12796.921,1623.669,176.399,469.060,22.050,38.086,1805,2404,1.240,1.290,0.770,1,0,57.129,0,0,14,111,0,37,0
31-01 08:10:45,22.761,3.252,73.287,0.250,0,2437892,161180,169268,5149640,15387.725,1620.814,16.008,300.151,4.002,19.010,1362,1688,1.240,1.290,0.770,1,0,0,0,0,14,111,0,38,0
31-01 08:10:46,20.712,5.989,72.618,0,0.250,2468680,130376,169268,5149656,18384.485,1509.249,0,267.512,0,14.973,1513,1814,1.240,1.290,0.770,1,0,50.907,0,0,14,111,0,38,0
31-01 08:10:47,21.541,6.763,71.134,0.501,0.250,2439020,159872,169268,5149820,20823.252,1623.059,0,705.330,0,74.140,2425,3491,1.220,1.280,0.770,1,0,82.155,0,0,14,111,0,39,0
31-01 08:10:48,19.965,6.489,71.874,0,0,2416568,182088,169272,5150052,21350.658,1617.172,195.658,347.392,10.981,21.962,1768,2255,1.220,1.280,0.770,1,0,56.900,0,0,14,111,0,40,0
31-01 08:10:49,24.782,4.005,71.343,0.751,0,2465412,133200,169272,5150096,29796.915,1622.118,0,861.125,0,121.158,2409,3321,1.220,1.280,0.770,1,0,0,0,0,14,113,0,40,0
31-01 08:10:50,23.760,7.003,67.029,1.251,0,2447716,150640,169272,5150352,17357.533,1608.698,8.003,5506.390,2.001,429.186,3862,6333,1.220,1.280,0.770,1,0,54.023,0,0,14,113,0,41,0
31-01 08:10:51,23.699,1.996,71.346,0.998,0.249,2478920,134540,169008,5135684,15985.392,1616.500,3.991,2722.107,0.998,324.298,2471,3215,1.220,1.280,0.770,1,0,0,0,0,14,115,0,42,0
31-01 08:10:52,38.093,4.260,56.136,0.752,0.251,2437756,174924,169008,5136624,18703.468,1623.948,749.823,4715.463,129.314,343.836,4259,7903,1.200,1.280,0.770,1,0,15.037,0,0,14,113,0,43,0
31-01 08:10:53,22.423,5.232,70.756,0.498,0,2495528,132084,168740,5122328,16026.836,1506.814,11.959,1263.651,2.990,156.461,1680,2030,1.200,1.280,0.770,1,0,53.815,0,0,14,113,0,43,0
31-01 08:10:54,20.819,10.284,68.727,0.752,0,2485872,140484,168740,5123584,16851.644,1625.367,1199.962,1248.121,20.066,129.427,3081,5022,1.200,1.280,0.770,1,0,148.490,0,0,14,115,0,44,0
31-01 08:10:55,23.431,2.493,72.038,0.249,0,2515632,129744,168464,5105232,22272.386,1615.241,3.988,1344.040,0.997,193.430,1914,2444,1.200,1.280,0.770,1,0,0,0,0,14,117,0,43,0
31-01 08:10:56,32.326,3.508,63.149,0.752,0.251,2524468,134596,168080,5092256,18926.648,1623.831,1222.885,2084.918,20.047,268.634,3316,5359,1.200,1.280,0.770,3,0,3.007,0,0,14,115,0,44,0
31-01 08:10:57,41.454,12.486,43.452,0.499,0.250,2508744,148256,168080,5094288,19108.808,2121.647,1746.064,1626.197,53.940,148.835,4927,8631,1.260,1.290,0.780,4,0,285.683,0,0,14,115,0,44,0
31-01 08:10:58,24.988,9.496,64.720,0.500,0,2473080,183760,168080,5094448,14721.111,1725.193,0,727.659,0,59.972,2800,4632,1.260,1.290,0.780,1,0,136.936,0,0,14,115,0,46,0
31-01 08:10:59,9.771,18.790,69.650,0.251,0.251,2482012,174524,168216,5094616,13665.422,1713.690,256.552,521.122,8.017,30.065,2973,4481,1.260,1.290,0.780,4,0,379.818,0,0,14,115,0,46,0
31-01 08:11:00,19.728,17.230,60.931,0.250,0.250,2479332,176104,168216,5096804,15326.650,1604.184,1022.842,651.263,31.964,39.955,5850,11442,1.260,1.290,0.780,6,0,226.743,0,0,14,115,0,47,0
31-01 08:11:01,32.541,21.277,44.557,1.001,0,2530224,133400,167840,5088112,22520.601,1622.060,20.025,3596.568,5.006,461.586,4597,7117,1.260,1.290,0.780,3,0,639.813,0,0,14,115,0,47,0
31-01 08:11:02,43.228,19.490,35.982,1.249,0.250,2647300,124632,164812,4985968,13551.197,1815.089,1071.462,6240.867,63.968,806.595,7877,14177,1.800,1.400,0.820,6,0,242.878,0,0,16,127,0,46,0
31-01 08:11:03,53.818,24.667,19.434,0,0,2749416,126524,164800,4884292,21290.167,1614.552,326.897,4142.025,42.855,380.715,5885,10680,1.800,1.400,0.820,3,0,639.841,0,0,16,127,0,46,0
31-01 08:11:04,58.446,21.823,19.315,0,0,2824856,135424,164828,4801572,35220.022,1625.447,730.448,1392.667,48.161,209.703,8934,22048,1.800,1.400,0.820,5,0,208.699,0,0,16,139,0,46,0
31-01 08:11:05,35.761,25.258,37.262,1.000,0.250,2901052,128248,164840,4733736,25400.128,1620.519,160.051,6266.005,8.003,410.131,4429,6544,1.800,1.400,0.820,2,0,534.171,0,0,16,145,0,46,0
31-01 08:11:06,21.957,20.959,55.642,0,0,2946780,126940,164868,4690408,38744.603,1616.854,23.953,894.260,4.990,123.759,3949,5600,1.800,1.400,0.820,1,0,440.143,0,0,17,145,0,46,0
31-01 08:11:07,18.542,17.289,63.644,0,0.251,2959188,134888,164868,4670280,13178.824,1659.756,56.127,1310.967,1.002,213.483,4988,8465,1.820,1.410,0.820,3,1,183.415,0,0,17,145,0,46,0
31-01 08:11:08,31.515,22.511,44.522,0.500,0.250,3013100,129856,164868,4622488,15065.337,1512.737,988.481,1492.727,58.028,206.100,4252,7439,1.820,1.410,0.820,2,0,547.267,0,0,17,149,0,46,0
31-01 08:11:09,42.996,20.248,36.496,0.750,0,3110656,130340,164884,4526488,14126.644,1619.844,827.921,3623.652,47.995,529.949,7236,13016,1.820,1.410,0.820,3,0,263.975,0,0,17,161,0,46,0
31-01 08:11:10,31.745,22.746,44.243,0,0,3175712,130668,164884,4462648,15205.567,1689.730,47.992,459.926,3.000,41.993,4477,7564,1.820,1.410,0.820,3,0,723.884,0,0,17,163,0,46,0
31-01 08:11:11,24.244,21.244,52.486,0.250,0,3243588,126132,164892,4400772,15403.995,1619.579,3.999,5006.698,1.000,468.878,6987,12320,1.820,1.410,0.820,2,0,552.856,0,0,17,169,0,46,0
31-01 08:11:12,18.712,14.470,65.615,0.249,0,3247464,128668,164892,4394580,13560.161,1616.681,0,4231.313,0,339.303,4882,9856,1.750,1.400,0.830,2,0,177.635,0,0,17,175,0,46,0
31-01 08:11:13,40.796,11.263,46.052,0,0.501,3362088,128916,164892,4282192,12538.269,1621.846,64.073,324.369,7.008,18.021,2197,3043,1.750,1.400,0.830,3,0,110.125,0,0,17,175,0,46,0
31-01 08:11:14,46.155,6.736,45.905,0.499,0,3458360,132876,164892,4183912,13691.781,1616.668,2790.249,227.531,58.879,28.940,2085,2655,1.750,1.400,0.830,2,0,2.994,0,0,17,177,0,46,0
31-01 08:11:15,44.127,23.317,33.346,0.251,0,3456428,152300,164924,4166804,17875.374,1462.202,1556.473,3638.457,35.101,174.502,5932,13428,1.750,1.400,0.830,4,0,410.179,0,0,17,181,0,46,0
31-01 08:11:16,47.004,28.002,24.002,0.250,0,3428268,184208,164932,4163216,11544.924,1620.130,56.004,828.066,3.000,52.004,5622,10889,1.750,1.400,0.830,3,0,555.044,0,0,17,191,0,42,0
31-01 08:11:17,45.923,21.464,31.447,0,0.499,3508928,139304,164932,4128444,20363.911,1707.142,0,419.298,0,24.958,4814,15338,2.010,1.460,0.850,9,0,196.671,0,0,17,197,0,43,0
31-01 08:11:18,82.123,15.774,2.253,0.250,0,3608552,137976,164940,4032084,15947.810,1622.422,236.353,1157.728,13.019,53.079,2887,5513,2.010,1.460,0.850,4,0,135.202,0,0,17,206,0,42,0
31-01 08:11:19,77.063,17.208,4.739,0,0,3661980,140796,165028,3976924,14409.087,1616.084,634.463,1767.717,12.969,99.758,5437,10988,2.010,1.460,0.850,4,7,61.850,0,0,17,220,0,42,0
31-01 08:11:20,61.344,20.782,15.774,0.250,0,3664596,165104,165036,3950888,13640.939,1622.491,440.676,24509.622,27.042,696.068,11394,39033,2.010,1.460,0.850,3,0,299.460,0,0,17,220,0,50,0
31-01 08:11:21,36.754,19.502,42.004,0.500,0,3710344,134620,165036,3936136,21192.183,1620.167,128.013,1312.135,8.001,146.015,5193,9387,2.010,1.460,0.850,3,0,332.034,0,0,17,222,0,51,0
31-01 08:11:22,49.042,21.769,28.274,0,0.500,3741624,127088,165036,3912760,15125.023,1513.303,0,436.376,0,25.022,4477,7392,2.170,1.510,0.860,4,0,453.390,0,0,17,224,0,49,0
31-01 08:11:23,56.340,21.190,21.190,0.249,0,3788632,123768,165056,3870240,12727.815,1561.560,15.955,717.959,2.991,49.858,4900,10553,2.170,1.510,0.860,3,0,289.178,0,0,17,222,0,49,0
31-01 08:11:24,57.909,26.071,14.791,0.251,0.251,3840132,122356,165056,3821224,11485.470,1624.451,144.396,12630.608,12.033,632.734,6506,13292,2.170,1.510,0.860,4,0,581.594,0,0,17,230,0,49,0
31-01 08:11:25,55.229,20.492,23.241,0.250,0,3868564,155516,165068,3760664,13043.083,1689.363,175.934,887.665,15.994,69.974,6686,17626,2.170,1.510,0.860,4,0,242.908,0,0,17,238,0,50,0
31-01 08:11:26,65.512,12.502,21.754,0.250,0.250,4022132,139552,165068,3624296,12798.406,1620.305,4.001,8489.596,1.000,722.136,3431,4009,2.170,1.510,0.860,5,0,56.011,0,0,17,238,0,47,0
31-01 08:11:27,65.477,10.996,22.992,0.250,0,4074608,121992,165088,3590032,13769.167,1619.432,171.940,731.743,11.996,53.981,4251,7573,2.400,1.560,0.890,3,0,13.995,0,0,17,248,0,52,0
31-01 08:11:28,46.730,23.740,27.988,0,0,4054004,160268,165088,3572684,20429.297,1709.272,767.673,599.745,5.997,44.981,4378,7876,2.400,1.560,0.890,2,0,541.769,0,0,17,248,0,52,0
31-01 08:11:29,50.497,22.499,25.998,0.750,0.250,4038148,171712,165308,3577236,14785.054,1661.894,4467.714,1602.897,81.995,82.995,7302,14168,2.400,1.560,0.890,3,0,367.976,0,0,17,248,0,52,0
31-01 08:11:30,68.437,16.485,13.987,0,0,4092552,165356,165308,3530448,14880.310,1510.610,771.290,6545.978,6.994,612.437,4511,7021,2.400,1.560,0.890,3,0,200.815,0,0,18,251,0,41,0
31-01 08:11:31,59.307,14.013,26.525,0.250,0,4179856,137972,165328,3471764,16547.853,1567.502,772.740,600.575,7.007,30.029,2328,2936,2.400,1.560,0.890,3,0,15.014,0,0,18,251,0,41,0
31-01 08:11:32,40.680,14.475,43.674,0.250,0.250,4194236,142072,165364,3453704,13131.283,1934.653,1134.038,547.054,14.974,22.960,3998,10164,2.290,1.550,0.890,1,0,218.622,0,0,18,249,0,42,0
31-01 08:11:33,19.272,5.757,74.336,0,0,4218384,134584,165372,3437412,18185.987,2385.753,808.934,1049.211,10.012,64.074,1978,2769,2.290,1.550,0.890,2,0,9.010,0,0,18,251,0,42,0
31-01 08:11:34,19.702,7.482,72.571,0.499,0.249,4229408,123536,165376,3437432,14537.238,2485.885,770.106,1017.497,6.983,41.897,2197,3107,2.290,1.550,0.890,1,0,9.975,0,0,18,254,1,41,0
31-01 08:11:35,19.262,7.254,71.293,0,0.250,4242372,127192,165376,3421136,20127.197,2740.661,512.310,596.361,4.002,21.013,2309,4051,2.290,1.550,0.890,1,0,11.007,0,0,18,259,1,41,0
31-01 08:11:36,9.740,3.247,85.658,0.250,0,4231932,137620,165376,3421148,23116.219,3023.759,511.452,383.589,3.996,40.956,1843,2702,2.290,1.550,0.890,0,0,3.996,0,0,18,261,1,41,0
31-01 08:11:37,3.001,1.250,94.025,0.500,0.250,4232320,137172,165376,3421208,25514.787,2701.719,48.013,328.087,3.001,37.010,1655,2615,2.100,1.530,0.880,0,0,3.001,0,0,18,266,1,41,1
31-01 08:11:38,2.251,1.750,95.523,0.250,0,4232440,136948,165376,3421312,251535.878,3690.908,0,152.037,0,11.003,1375,1973,2.100,1.530,0.880,1,0,2.000,0,0,18,266,1,40,0
31-01 08:11:39,2.502,1.001,94.563,0,0,4233336,134484,165376,3422880,1523846.310,13154.722,0,208.138,0,15.010,1496,1769,2.100,1.530,0.880,0,0,0,0,0,18,266,1,40,0
31-01 08:11:40,4.246,0.749,93.658,0.250,0,4232052,133588,165376,3425060,2265923.926,12695.584,0,183.820,0,18.981,1783,2084,2.100,1.530,0.880,0,0,0,0,0,18,266,1,40,0
31-01 08:11:41,4.500,1.000,94.000,0,0.250,4229396,133364,165376,3427940,3002887.994,11857.976,0,36.000,0,3.000,1800,1872,2.100,1.530,0.880,0,0,0,0,0,18,266,1,38,0
31-01 08:11:42,2.500,1.250,94.748,0,0,4229744,130856,165376,3430084,2239934.961,10001.790,0,4.000,0,1.000,1688,2008,1.940,1.500,0.880,0,0,0,0,0,18,266,1,38,0
31-01 08:11:43,3.751,1.000,93.769,0,0.250,4229332,128420,165376,3432932,2975323.991,12710.580,0,0,0,0,1809,1963,1.940,1.500,0.880,0,0,0,0,0,18,266,1,37,0
31-01 08:11:44,4.261,0.752,94.490,0,0.251,4230172,125060,165376,3435452,2723970.505,9125.224,0,0,0,0,1598,1804,1.940,1.500,0.880,1,0,0,0,0,18,266,1,37,0
31-01 08:11:45,5.999,8.499,83.492,0,0,4217128,134852,165376,3438708,1688553.899,7271.302,2059.802,39.996,22.998,4.000,2375,3018,1.940,1.500,0.880,3,0,119.988,0,0,18,265,1,35,0
31-01 08:11:46,18.698,11.468,68.559,0.997,0.249,4244424,124376,165376,3422264,13707.906,1561.660,0,9852.620,0,539.501,3428,3903,1.940,1.500,0.880,2,0,134.626,0,0,18,271,1,35,0
31-01 08:11:47,23.849,5.021,70.793,0,0,4267468,129196,165376,3394920,15124.525,1626.725,68.282,249.029,4.017,21.087,3096,5528,1.860,1.490,0.880,1,0,1.004,0,0,18,278,1,35,0
31-01 08:11:48,26.403,4.483,67.252,1.245,0,4280996,123572,165376,3387316,16339.690,1614.043,386.573,2725.939,22.915,188.305,3790,8259,1.860,1.490,0.880,2,0,6.974,0,0,18,284,1,36,0
31-01 08:11:49,13.275,16.030,69.382,0.250,0.250,4224004,188228,165376,3379832,23198.030,1623.081,264.502,500.951,11.021,36.068,4064,6459,1.860,1.490,0.880,2,0,441.839,0,0,18,281,1,35,0
31-01 08:11:50,22.968,4.743,71.151,0,0,4228332,183888,165376,3379844,16241.473,1733.596,3.994,283.607,0.999,16.976,1773,2418,1.860,1.490,0.880,1,0,41.942,0,0,18,281,1,35,0
31-01 08:11:51,9.276,19.052,70.695,0.251,0,4229424,182760,165380,3379876,17726.784,1516.173,4.011,13071.974,1.003,100.276,3220,4672,1.860,1.490,0.880,1,0,287.792,0,0,18,281,1,34,0
31-01 08:11:52,8.717,17.684,71.731,0.249,0.498,4228652,183448,165380,3379960,14629.141,1613.948,39.851,310.834,3.985,16.936,3391,5311,1.710,1.470,0.870,0,0,354.670,0,0,18,281,1,34,0
31-01 08:11:53,3.999,2.000,93.237,0,0,4233828,178188,165380,3380044,16777.701,1619.778,79.989,131.982,4.999,12.998,1404,2099,1.710,1.470,0.870,1,0,8.999,0,0,18,281,1,32,0
31-01 08:11:54,25.011,3.251,71.281,0.250,0.250,4288744,123252,165384,3380060,12447.377,1566.677,0,16114.962,0,45.019,1625,2438,1.710,1.470,0.870,1,0,0,0,0,18,282,1,32,0
31-01 08:11:55,15.801,12.791,70.980,0,0,4236868,174916,165388,3380252,13696.321,1695.487,8.026,0,2.006,0,2841,4156,1.710,1.470,0.870,1,0,210.682,0,0,18,283,1,31,0
31-01 08:11:56,14.742,15.742,69.464,0,0,4234736,176940,165388,3380360,21538.864,1619.163,0,291.849,0,20.989,3365,5311,1.710,1.470,0.870,1,0,229.881,0,0,18,283,1,31,0
31-01 08:11:57,20.952,7.982,69.841,0,0,4269912,145324,165388,3376784,14550.781,1616.310,7.982,87.800,1.995,5.986,2058,2883,1.650,1.460,0.880,1,0,100.770,0,0,18,283,1,30,0
31-01 08:11:58,23.289,5.509,70.366,0,0,4319736,126660,165388,3346376,18083.911,1514.505,12.020,48.080,3.005,7.012,1580,2155,1.650,1.460,0.880,3,0,4.007,0,0,18,289,1,30,0
31-01 08:11:59,23.779,3.254,70.836,1.001,0,4264852,197304,165388,3331032,15871.188,1621.961,224.271,853.031,10.012,75.091,1966,2858,1.650,1.460,0.880,1,0,7.008,0,0,18,287,1,28,0
31-01 08:12:00,24.163,4.235,70.746,0,0,4322744,139344,165388,3331100,16466.966,1707.877,67.757,223.200,0.996,19.929,1695,2309,1.650,1.460,0.880,1,0,0.996,0,0,18,287,1,28,0
31-01 08:12:01,28.992,6.248,64.981,0.250,0,4246536,231044,165388,3315852,21965.586,1619.527,251.926,151.956,27.992,13.996,2652,5890,1.650,1.460,0.880,1,0,53.984,0,0,18,287,1,29,0
31-01 08:12:02,23.761,2.501,72.283,0,0.500,4289124,188456,165388,3315852,26700.068,1566.708,0,104.047,0,6.003,1527,2010,1.600,1.450,0.880,1,0,0,0,0,18,287,1,29,0
31-01 08:12:03,13.056,14.312,70.304,0,0.251,4245280,231040,165392,3317108,24168.432,1627.030,1498.475,393.701,19.082,15.065,2881,4028,1.600,1.450,0.880,1,0,246.063,0,0,18,287,1,29,0
31-01 08:12:04,16.475,13.479,70.143,0.250,0.250,4250484,225600,165392,3317344,21165.680,1617.530,127.805,515.213,31.951,15.976,3207,4817,1.600,1.450,0.880,1,0,333.491,0,0,18,287,1,29,0
31-01 08:12:05,23.684,2.493,71.800,0.249,0,4273080,195724,165412,3324604,20825.854,1615.490,7239.787,0,104.708,0,1757,2217,1.600,1.450,0.880,1,0,4.986,0,0,18,287,1,29,0
31-01 08:12:06,24.334,5.268,68.738,0,0,4290984,177612,165420,3324804,13968.288,1591.502,172.597,377.304,8.028,29.101,8822,17147,1.600,1.450,0.880,2,0,12.042,0,0,18,287,1,29,0
31-01 08:12:07,7.477,1.495,89.975,0.249,0,4263736,204504,165420,3325160,26754.186,2761.555,271.171,191.415,4.985,6.979,1364,1916,1.470,1.430,0.870,0,0,0,0,0,18,290,1,29,0
31-01 08:12:08,8.496,1.499,89.207,0,0,4266672,201536,165428,3325184,18031.273,4133.000,0,167.919,0,11.994,1384,1904,1.470,1.430,0.870,0,0,1.999,0,0,18,290,1,29,0
31-01 08:12:09,22.332,1.004,75.526,0.251,0,4272024,195768,165436,3325560,20533.990,1692.180,200.733,321.173,9.033,20.073,1682,2199,1.470,1.430,0.870,1,0,0,0,0,18,290,1,29,0
31-01 08:12:10,25.502,4.500,69.006,0.500,0,4301432,164560,165580,3326960,17408.427,1566.128,0,644.053,0,36.003,8175,15714,1.470,1.430,0.870,1,0,5.000,0,0,18,290,1,29,0
31-01 08:12:11,23.497,4.499,71.741,0.250,0.250,4290312,175648,165588,3326984,21745.282,1619.798,4.000,343.957,1.000,23.997,2551,3989,1.470,1.430,0.870,1,0,7.999,0,0,18,290,1,29,0
31-01 08:12:12,13.214,15.208,70.307,0,0.249,4250260,215944,165588,3326724,17264.523,1789.080,0,143.605,0,3.989,2881,4188,1.430,1.420,0.870,2,0,264.273,0,0,18,289,1,29,0
31-01 08:12:13,23.491,2.999,71.971,0,0,4299968,166048,165588,3326912,14800.095,1511.397,0,0,0,0,1670,2429,1.430,1.420,0.870,1,0,0,0,0,18,292,1,30,0
31-01 08:12:14,21.321,7.274,71.740,0,0,4282236,183736,165588,3326956,14030.962,1625.440,24.081,24.081,2.007,1.003,2030,2907,1.430,1.420,0.870,1,0,112.376,0,0,18,289,1,31,0
31-01 08:12:15,30.144,5.730,61.782,0,0.249,4262344,203488,165588,3327096,15128.581,1614.300,0,143.493,0,8.968,2727,4942,1.430,1.420,0.870,1,0,69.754,0,0,18,289,1,31,0
31-01 08:12:16,23.003,4.251,70.760,0,0.250,4242216,223468,165588,3327244,14746.035,1620.224,0,312.043,0,31.004,2048,3075,1.430,1.420,0.870,2,0,29.004,0,0,18,289,1,31,0
31-01 08:12:17,22.497,4.749,70.492,0.750,0,4303132,162512,165588,3327284,14000.390,1619.814,0,3867.555,0,448.948,2400,2344,1.430,1.420,0.870,1,0,26.997,0,0,18,289,1,31,0
31-01 08:12:18,23.492,4.498,71.225,0,0,4292988,172644,165588,3327296,15962.301,1565.441,0,39.986,0,3.999,1867,2608,1.400,1.410,0.870,1,0,29.989,0,0,18,289,1,33,0
31-01 08:12:19,24.253,4.501,70.010,0.250,0,4273992,191588,165596,3327340,14339.979,1512.209,16.002,588.081,1.000,65.009,2599,3964,1.400,1.410,0.870,1,0,47.006,0,0,18,289,1,33,0
31-01 08:12:20,22.517,5.254,70.803,0,0.500,4255008,210556,165596,3327356,17729.191,1621.206,0,140.104,0,9.007,1978,2735,1.400,1.410,0.870,1,0,28.021,0,0,18,289,1,36,0
31-01 08:12:21,23.984,3.748,71.703,0,0,4303136,162424,165596,3327360,16181.401,1618.940,0,315.793,0,32.978,1859,2710,1.400,1.410,0.870,1,0,0,0,0,18,289,1,37,0
31-01 08:12:22,20.262,8.005,71.541,0.250,0,4283728,181804,165596,3327388,17317.923,1620.929,0,1092.626,0,32.018,2071,2910,1.400,1.410,0.870,1,0,88.050,0,0,18,289,1,27,0
31-01 08:12:23,22.984,5.246,70.702,0,0,4271912,193468,165596,3327540,15599.361,1618.896,0,131.910,0,11.992,2024,2752,1.370,1.410,0.870,1,0,46.968,0,0,18,289,1,29,0
31-01 08:12:24,24.731,3.247,71.694,0.250,0,4250920,214076,165596,3327924,13653.282,1618.729,375.705,7.994,25.980,0.999,1688,2274,1.370,1.410,0.870,1,0,0.999,0,0,18,289,1,30,0
31-01 08:12:25,24.766,5.003,71.045,0,0,4306232,158756,165596,3327932,14069.004,1567.003,0,172.110,0,10.006,1820,2521,1.370,1.410,0.870,1,0,13.008,0,0,18,291,1,31,0
31-01 08:12:26,29.256,3.251,65.264,1.000,0,4274412,189492,165604,3329008,14881.170,1620.345,836.178,1704.363,55.012,203.043,3775,6553,1.370,1.410,0.870,1,0,6.001,0,0,18,295,1,25,0
31-01 08:12:27,25.589,3.261,69.491,0.753,0,4298012,165804,165604,3329096,14143.034,1517.260,24.083,1284.453,3.010,128.445,3040,5294,1.370,1.410,0.870,1,0,0,0,0,18,295,1,26,0
31-01 08:12:28,13.233,18.226,67.910,0.250,0.250,4241492,222312,165604,3329108,22076.859,1617.864,0,567.251,0,36.951,3322,4965,1.420,1.420,0.880,1,0,338.553,0,0,18,295,1,20,0
31-01 08:12:29,9.768,21.290,67.376,0,0.250,4252052,211720,165608,3329136,14304.736,1623.033,0,585.094,0,45.084,3862,6249,1.420,1.420,0.880,1,0,506.947,0,0,18,295,1,20,0
31-01 08:12:30,10.478,21.456,66.113,0.748,0.249,4253560,210168,165616,3329172,22694.999,1616.652,0,4885.881,0,286.407,5158,8236,1.420,1.420,0.880,2,0,615.725,0,0,18,295,1,20,0
31-01 08:12:31,10.005,20.010,68.285,0,0.250,4252540,211028,165616,3329332,15434.010,1662.863,0,92.048,0,20.010,4133,6646,1.420,1.420,0.880,2,0,622.323,0,0,18,295,1,20,0
31-01 08:12:32,9.256,21.514,67.793,0,0,4255976,207564,165616,3329360,26474.891,1621.034,0,132.084,0,14.009,3669,5817,1.420,1.420,0.880,1,0,492.314,0,0,18,295,1,20,0
31-01 08:12:33,8.992,22.480,67.940,0,0,4257616,205896,165616,3329388,21077.536,1456.724,0,31.972,0,7.993,3361,5164,1.460,1.430,0.890,1,0,408.642,0,0,18,295,1,20,0
31-01 08:12:34,10.509,20.267,67.556,0,0.500,4255224,208244,165616,3329416,18535.236,1621.333,0,40.033,0,10.008,3993,6448,1.460,1.430,0.890,3,0,540.444,0,0,18,295,1,19,0
31-01 08:12:35,12.505,15.256,70.777,0,0.250,4267288,284384,165616,3246248,14075.363,1620.617,48.018,40.015,4.002,5.002,2865,4513,1.460,1.430,0.890,2,0,284.108,0,0,18,295,1,19,0
31-01 08:12:36,22.419,7.224,68.005,0.249,0,4292348,254008,165792,3254880,15254.945,1614.174,0,3395.745,0,57.791,9503,18604,1.460,1.430,0.890,1,0,9.964,0,0,18,297,1,19,0
31-01 08:12:37,21.493,2.499,75.725,0,0,4302800,241436,165900,3256652,13785.492,1693.446,31.990,1055.655,1.000,29.990,1745,2532,1.460,1.430,0.890,0,0,3.999,0,0,18,297,2,19,0
31-01 08:12:38,3.000,0,93.491,0.750,0,4303724,240512,165900,3256652,17840.287,2769.734,0,2787.732,0,318.969,1768,1961,1.350,1.400,0.880,0,0,2.000,0,0,18,298,1,19,0
31-01 08:12:39,3.749,1.250,94.226,0,0,4304688,239504,165912,3256680,21862.381,4132.938,19.995,391.899,3.999,21.994,1295,1840,1.350,1.400,0.880,1,0,0,0,0,18,298,1,19,0
31-01 08:12:40,5.502,0.750,91.531,0.250,0,4305628,238496,165924,3256736,33012.257,4014.369,24.008,540.184,3.001,43.015,1629,2157,1.350,1.400,0.880,1,0,0,0,0,18,298,1,19,0
31-01 08:12:41,7.750,1.000,90.496,0.250,0.250,4312148,231944,165936,3256756,23257.070,3987.840,0,303.988,0,11.000,1306,1799,1.350,1.400,0.880,0,0,0,0,0,18,298,1,19,0
31-01 08:12:42,4.251,1.250,92.518,0.250,0.250,4312352,231720,165948,3256760,22774.464,4148.813,0,1000.196,0,10.002,1360,1941,1.350,1.400,0.880,2,0,0,0,0,18,298,1,19,0
31-01 08:12:43,4.499,0.750,92.970,0,0.250,4312264,231720,165960,3256804,32578.607,4072.701,0,939.700,0,10.996,1324,1851,1.240,1.380,0.880,0,0,0,0,0,18,298,1,19,0
31-01 08:12:44,4.748,1.249,93.455,0.250,0,4313196,230712,165972,3256868,19869.343,4147.984,31.984,303.852,3.998,11.994,1241,1842,1.240,1.380,0.880,0,0,0,0,0,18,298,1,19,0
31-01 08:12:45,5.254,1.251,92.571,0,0.250,4314092,229704,165984,3256968,19591.124,4149.203,0,272.210,0,9.007,1319,1909,1.240,1.380,0.880,0,0,0,0,0,18,298,1,19,0
31-01 08:12:46,5.000,1.500,92.494,0.250,0,4314528,229200,166000,3257016,19387.759,4004.744,0,579.963,0,44.997,1593,2407,1.240,1.380,0.880,0,0,1.000,0,0,18,300,1,19,0
31-01 08:12:47,5.251,1.000,92.517,0.500,0,4315312,228192,166012,3257196,24764.581,3983.737,0,484.090,0,32.006,1493,2264,1.240,1.380,0.880,0,0,0,0,0,18,300,1,19,0
31-01 08:12:48,9.004,1.251,88.293,0.250,0.250,4328736,214836,166024,3257208,18756.209,3288.615,0,3349.645,0,176.086,1510,1992,1.300,1.390,0.880,1,0,2.001,0,0,18,300,1,17,0
31-01 08:12:49,9.000,1.250,89.002,0.250,0,4327864,214836,166040,3258064,21155.423,4931.099,0,424.008,0,20.000,1451,2094,1.300,1.390,0.880,0,0,0,0,0,18,300,1,17,0
31-01 08:12:50,4.747,0.999,92.436,0,0,4328052,214584,166052,3258116,25364.321,4057.172,0,295.794,0,12.991,1315,1889,1.300,1.390,0.880,0,0,0,0,0,18,300,1,16,0
31-01 08:12:51,5.250,0.500,92.743,0.250,0.250,4329028,213324,166064,3258388,20370.370,4803.616,0,343.972,0,11.999,1355,1951,1.300,1.390,0.880,2,0,0,0,0,18,300,1,16,0
31-01 08:12:52,6.501,1.250,91.510,0,0,4331404,210860,166080,3258428,21356.285,4796.513,0,360.039,0,13.001,1253,1859,1.300,1.390,0.880,0,0,0,0,0,18,300,1,16,0
31-01 08:12:53,4.501,0,93.266,0.250,0.250,4331836,210388,166088,3258460,23514.951,4011.674,16.003,372.063,3.001,13.002,1262,1826,1.200,1.370,0.880,1,0,0,0,0,18,300,1,16,0
31-01 08:12:54,10.501,1.000,88.262,0.250,0,4332268,209912,166100,3258496,21150.940,4165.579,0,184.026,0,6.001,1254,1764,1.200,1.370,0.880,0,0,0,0,0,18,300,1,16,0
31-01 08:12:55,9.498,0.500,87.984,0,0.250,4334844,207168,166108,3258624,19689.456,3959.287,0,355.936,0,14.997,1398,1981,1.200,1.370,0.880,1,0,0,0,0,18,300,1,16,0
31-01 08:12:56,14.749,2.000,81.996,0.500,0.250,4335352,192804,166124,3272432,17163.262,3272.859,411.982,527.977,14.999,28.999,1596,2333,1.200,1.370,0.880,1,0,0,0,0,18,300,1,16,0
31-01 08:12:57,22.251,5.250,71.004,0.750,0,4344060,152860,166704,3300780,14924.806,1620.087,4.000,2996.162,1.000,122.007,2048,3005,1.200,1.370,0.880,1,0,0,0,0,18,300,1,16,0
31-01 08:12:58,21.855,4.270,72.095,1.507,0,4352704,135792,167192,3306912,13080.643,1627.796,0,4115.710,0,249.193,2191,2977,1.180,1.360,0.880,1,0,2.010,0,0,18,300,1,16,0
31-01 08:12:59,22.897,4.231,71.428,0.498,0,4337256,157660,167540,3298636,13190.458,1678.424,0,2237.898,0,82.627,1753,2353,1.180,1.360,0.880,1,0,0.996,0,0,18,299,1,16,1
31-01 08:13:00,33.634,7.781,58.484,0,0,4320200,172852,167540,3300396,14554.173,1829.312,341.364,1273.089,10.040,30.120,5352,9569,1.180,1.360,0.880,3,0,16.064,0,0,18,299,1,16,0
31-01 08:13:01,39.358,10.462,47.827,0,0.249,4301408,191452,167540,3300540,14806.593,1614.178,765.240,83.698,5.978,1.993,6229,15005,1.180,1.360,0.880,1,0,49.820,0,0,18,299,1,17,0
31-01 08:13:02,24.491,4.998,68.976,0,0,4297804,194980,167540,3300616,20654.730,1511.468,0,1427.498,0,12.995,10202,20188,1.180,1.360,0.880,2,0,12.995,0,0,18,299,1,15,0
31-01 08:13:03,23.254,3.251,71.763,0,0,4268156,224692,167540,3300528,22274.165,1566.293,0,16.003,0,2.000,1993,2779,1.330,1.390,0.890,1,0,51.010,0,0,18,299,1,15,0
31-01 08:13:04,24.983,5.246,68.203,0.250,0.250,4298852,193976,167540,3300544,18829.140,1844.740,0,507.653,0,11.992,7617,15910,1.330,1.390,0.890,1,0,11.992,0,0,18,299,2,15,0
31-01 08:13:05,25.518,5.754,68.047,0,0,4305044,187680,167540,3300648,15166.450,1695.168,0,96.066,0,3.002,13705,27537,1.330,1.390,0.890,2,0,17.012,0,0,18,299,2,15,0
31-01 08:13:06,23.504,5.251,70.263,0.250,0.250,4277892,214896,167540,3300548,19105.496,1620.297,0,744.136,0,45.008,5433,10048,1.330,1.390,0.890,1,0,10.002,0,0,18,299,2,15,0
31-01 08:13:07,23.569,3.761,71.459,0.251,0,4293312,199452,167540,3300568,13341.089,1698.978,0,328.964,0,25.073,1766,2451,1.330,1.390,0.890,3,0,9.026,0,0,18,299,2,15,0
31-01 08:13:08,23.421,5.980,69.765,0,0.249,4255224,237624,167540,3300576,17381.511,1614.567,0,16927.041,0,71.759,2258,3189,1.460,1.410,0.900,1,0,68.769,0,0,18,299,2,15,0
31-01 08:13:09,22.329,5.770,69.998,0,0,4286516,189756,168156,3314840,13317.129,1601.668,4.014,1525.398,1.004,132.469,10737,20525,1.460,1.410,0.900,2,0,35.124,0,0,18,299,2,15,0
31-01 08:13:10,14.197,1.993,82.445,0,0,4298636,175180,168228,3316812,14828.062,2447.930,0,1151.733,0,27.897,1570,2175,1.460,1.410,0.900,0,0,3.985,0,0,18,300,2,15,0
31-01 08:13:11,3.251,1.000,95.771,0,0,4298636,175180,168228,3316812,21849.720,2769.598,0,40.009,0,5.001,1179,1745,1.460,1.410,0.900,0,0,0,0,0,18,300,2,15,0
31-01 08:13:12,14.497,1.000,84.230,0.250,0,4298708,174928,168236,3316976,13699.808,1924.552,0,59.986,0,2.999,1354,1828,1.460,1.410,0.900,1,0,0,0,0,18,301,2,15,0
31-01 08:13:13,4.748,0.750,93.719,0,0.500,4298700,174928,168240,3316980,17939.044,4179.612,0,135.955,0,2.999,1163,1733,1.500,1.420,0.910,1,0,0,0,0,18,301,2,15,0
31-01 08:13:14,5.751,0.750,91.514,0,0.250,4298664,174928,168248,3317008,17235.585,5075.761,0,468.070,0,25.004,1455,2204,1.500,1.420,0.910,0,0,0,0,0,18,301,2,15,0
31-01 08:13:15,8.999,1.000,89.994,0.250,0,4298620,174928,168260,3317036,16626.836,4083.714,7.999,483.966,1.000,19.999,1449,2003,1.500,1.420,0.910,0,0,0,0,0,18,301,2,13,0
31-01 08:13:16,8.003,1.000,89.536,0.250,0,4298552,174928,168260,3317104,18777.624,3909.587,56.023,500.203,8.003,29.012,1691,2463,1.500,1.420,0.910,1,0,0,0,0,18,301,2,13,0
31-01 08:13:17,11.005,3.001,85.286,0.500,0,4298724,174452,168272,3317360,18342.667,4944.067,56.023,508.212,8.003,28.012,2519,4422,1.500,1.420,0.910,3,0,0,0,0,18,300,2,15,1
31-01 08:13:18,5.995,1.249,91.181,0.749,0,4299060,173948,168288,3317508,21896.337,4754.382,39.970,5835.559,5.995,324.753,1800,2176,1.540,1.430,0.920,1,0,1.998,0,0,18,300,2,15,1
31-01 08:13:19,5.251,1.000,92.268,0.250,0,4299560,173444,168316,3317580,42070.120,4442.857,16.003,692.134,3.001,32.006,1543,2107,1.540,1.430,0.920,2,0,0,0,0,18,300,2,13,1
31-01 08:13:20,3.504,0.751,94.598,0,0.250,4300508,172464,168320,3317608,20696.462,2927.035,0,516.536,0,87.090,1305,1805,1.540,1.430,0.920,1,0,0,0,0,18,301,2,13,1
31-01 08:13:21,3.495,0.999,93.615,0.250,0.250,4300908,171960,168352,3317644,44532.873,4441.604,0,295.574,0,17.974,1306,1868,1.540,1.430,0.920,0,0,0.999,0,0,18,301,2,10,1
31-01 08:13:22,3.502,1.501,93.298,0.250,0.250,4302396,170208,168396,3317860,137126.935,5873.996,0,708.361,0,23.012,1398,2004,1.540,1.430,0.920,0,0,0,0,0,18,301,2,10,1
31-01 08:13:23,3.250,0.500,94.498,0.250,0.250,4302524,169956,168428,3317904,27776.361,4119.905,0,327.992,0,15.000,1235,1847,1.500,1.430,0.920,1,0,0,0,0,18,301,2,8,1
31-01 08:13:24,6.251,1.750,91.013,0.250,0,4303852,168444,168444,3318068,20151.962,5018.738,0,468.069,0,24.004,1379,2026,1.500,1.430,0.920,0,0,0,0,0,18,301,2,8,1
31-01 08:13:25,11.493,1.249,86.697,0,0,4313532,157888,168456,3318932,17259.385,4141.453,0,291.821,0,8.994,1416,2044,1.500,1.430,0.920,0,0,0,0,0,18,301,2,6,1
31-01 08:13:26,8.254,1.501,88.798,0.250,0,4314116,157216,168472,3318972,17265.375,4208.285,20.011,1092.593,3.002,131.071,1911,2763,1.500,1.430,0.920,1,0,0,0,0,18,301,2,6,1
31-01 08:13:27,7.000,1.000,90.502,0.500,0.250,4314040,156768,168484,3319448,18400.460,5082.127,188.005,632.016,30.001,43.001,1650,2569,1.500,1.430,0.920,0,0,0,0,0,18,301,2,4,1
31-01 08:13:28,6.006,1.001,92.098,0,0,4314424,156264,168504,3319548,20410.656,4933.234,48.051,364.387,8.008,15.016,1371,2031,1.460,1.420,0.920,2,0,2.002,0,0,18,301,2,4,1
31-01 08:13:29,5.742,2.496,90.124,0.749,0.250,4317696,152888,168516,3319648,22320.684,4198.110,55.922,50872.626,8.987,157.779,1718,2313,1.460,1.420,0.920,0,1,0,0,0,18,301,2,3,1
31-01 08:13:30,7.498,0.750,88.722,0.250,0,4318352,152132,168532,3319696,26078.759,4824.475,19.994,631.800,3.999,38.988,1710,2464,1.460,1.420,0.920,0,0,0,0,0,18,301,2,3,1
31-01 08:13:31,5.003,0.500,91.811,0,0.250,4324152,146084,168552,3319924,179166.145,6800.522,64.043,632.421,11.007,55.037,1464,1947,1.460,1.420,0.920,2,0,0,0,0,18,301,2,3,1
31-01 08:13:32,6.003,0.750,92.041,0.500,0,4325536,144572,168600,3319964,35511.661,5099.249,0,468.206,0,25.011,1387,2002,1.460,1.420,0.920,0,0,0,0,0,18,301,2,3,1
31-01 08:13:33,2.499,1.500,94.221,0.250,0,4325680,144348,168664,3319976,29964.711,5002.449,0,495.846,0,23.993,1221,1880,1.340,1.400,0.910,0,0,0,0,0,18,301,2,3,1
31-01 08:13:34,4.750,1.750,92.743,0.500,0,4325740,144096,168712,3320044,35366.489,4181.703,0,23334.343,0,81.994,1768,2570,1.340,1.400,0.910,0,0,0,0,0,18,301,2,3,1
31-01 08:13:35,4.250,0.500,93.490,0.250,0.500,4326128,143592,168756,3320076,26769.216,4331.550,0,639.933,0,40.996,1559,2399,1.340,1.400,0.910,0,0,0,0,0,18,301,2,3,1
31-01 08:13:36,5.249,1.500,90.488,0.750,0,4326292,143340,168792,3320120,40817.530,4631.379,0,2907.610,0,194.974,1911,3197,1.340,1.400,0.910,0,0,0,0,0,18,301,2,3,1
31-01 08:13:37,2.751,0.750,93.767,0.250,0.250,4326184,143340,168836,3320152,35900.678,4333.806,0,824.153,0,93.017,1511,2237,1.340,1.400,0.910,0,0,0,0,0,18,301,2,3,1
31-01 08:13:38,3.250,1.000,94.495,0.250,0,4326260,142840,168880,3320492,128677.794,6706.624,0,447.975,0,17.999,1493,2163,1.230,1.370,0.910,0,0,3.000,0,0,18,301,2,3,1
31-01 08:13:39,4.000,1.000,94.742,0.250,0.250,4326432,142588,168924,3320524,33775.994,4387.610,0,851.924,0,39.996,1333,1943,1.230,1.370,0.910,2,0,0,0,0,18,301,2,3,1
31-01 08:13:40,8.010,1.252,88.609,0.250,0,4326992,141832,168940,3320672,27385.575,4359.345,0,380.466,0,26.032,1481,2162,1.230,1.370,0.910,0,0,0,0,0,18,301,2,3,1
31-01 08:13:41,7.738,0.499,90.357,0,0,4328216,140572,168956,3320688,15335.724,3343.707,3.994,179.716,0.998,5.991,1241,1869,1.230,1.370,0.910,0,0,0,0,0,18,301,2,3,1
31-01 08:13:42,12.005,1.251,85.539,0.500,0,4330336,138304,168968,3320820,15274.904,3406.540,80.036,472.213,13.006,49.022,1387,1913,1.230,1.370,0.910,1,0,0,0,0,18,301,2,3,1
31-01 08:13:43,6.242,0.999,91.380,0.250,0.499,4331600,124612,168976,3333172,961973.814,18673.538,2001.378,0,333.563,0,2156,2268,1.300,1.380,0.910,1,0,0.999,0,0,18,301,2,3,1
31-01 08:13:44,5.254,2.752,89.810,0,0.250,4329604,138980,168992,3320988,1585521.543,35515.689,0,17455.643,0,63.042,2917,2947,1.300,1.380,0.910,1,0,1.001,0,0,18,301,2,3,1
31-01 08:13:45,4.501,1.750,90.023,0.250,0,4329552,135424,169004,3324584,1858379.595,29291.323,0,3684.921,0,21.005,2608,2858,1.300,1.380,0.910,0,0,0,0,0,18,301,2,3,1
31-01 08:13:46,7.248,2.249,90.475,0.500,0.250,4328896,132904,169020,3327740,1638530.958,28596.250,0,659.821,0,52.986,2794,3147,1.300,1.380,0.910,1,0,1.000,0,0,18,301,2,3,1
31-01 08:13:47,5.751,2.250,89.510,0.250,0,4331560,125288,169020,3332692,2658736.413,24338.823,0,152.018,0,16.002,2435,2620,1.300,1.380,0.910,1,0,0,0,0,18,301,2,3,1
31-01 08:13:48,6.246,1.999,90.944,0,0,4327224,140032,169020,3322308,2478526.185,17317.367,0,299.816,0,53.967,1941,2213,1.190,1.360,0.910,0,0,1.999,0,0,18,301,2,3,1
31-01 08:13:49,6.261,1.753,89.906,0.250,0.501,4330872,131156,169020,3327532,2738903.041,14316.782,0,3221.577,0,192.333,2141,2109,1.190,1.360,0.910,1,0,0,0,0,18,301,2,3,1
31-01 08:13:50,4.994,2.747,90.645,0.499,0,4335008,153308,169032,3301552,1801088.538,10329.029,407.528,11183.039,67.921,45.947,1900,2240,1.190,1.360,0.910,0,0,0,0,0,18,301,2,3,1
31-01 08:13:51,6.002,0.750,91.788,0.250,0,4333124,150396,169056,3306292,1880283.198,24269.096,372.155,1336.556,62.026,17.007,2354,2512,1.190,1.360,0.910,0,0,3.001,0,0,18,301,2,3,1
31-01 08:13:52,4.497,0.999,93.189,0.500,0.250,4330308,148820,169100,3310592,662128.630,9476.812,631.588,1730.870,104.931,19.987,1708,2104,1.190,1.360,0.910,0,0,1.999,0,0,18,301,2,3,1
31-01 08:13:53,8.758,2.002,88.331,0.250,0,4330868,147084,169132,3311700,316429.799,5494.049,116.107,664.611,19.017,18.017,1560,2054,1.100,1.340,0.900,1,0,3.003,0,0,18,301,2,3,1
31-01 08:13:54,22.246,3.749,71.985,1.000,0,4332568,137812,170044,3315936,13705.232,1619.673,3.999,2499.495,1.000,80.984,1847,2578,1.100,1.340,0.900,1,0,0,0,0,18,301,2,3,1
31-01 08:13:55,22.012,4.753,71.789,0.750,0.250,4335996,131176,172508,3314080,12740.944,1566.854,0,3770.055,0,76.041,1761,2548,1.100,1.340,0.900,1,0,0,0,0,18,301,2,3,1
31-01 08:13:56,21.751,6.000,70.504,1.000,0,4334456,126520,173372,3317584,12786.665,1512.079,0,3120.162,0,140.007,2130,3081,1.100,1.340,0.900,2,0,0,0,0,18,301,2,3,1
31-01 08:13:57,21.990,4.498,71.469,0.750,0.250,4334708,125564,174120,3315216,11756.862,1619.292,0,2386.957,0,85.962,1731,2510,1.100,1.340,0.900,1,0,0,0,0,18,301,2,3,1
31-01 08:13:58,21.749,5.750,70.747,0.750,0,4335704,135700,175044,3300668,14761.454,1619.940,0,3195.882,0,130.995,1957,2670,1.090,1.330,0.900,1,0,2.000,0,0,18,301,2,3,1
31-01 08:13:59,13.501,2.750,82.007,0.750,0.250,4343232,125568,175584,3301392,12795.126,1933.170,0,2780.245,0,59.005,1608,2319,1.090,1.330,0.900,0,0,1.000,0,0,18,302,2,3,1
31-01 08:14:00,15.254,4.501,78.270,0.250,0,4362512,167660,175584,3240100,24032.128,3746.955,1200.306,528.135,14.004,18.005,1821,2500,1.090,1.330,0.900,2,0,5.001,0,0,18,299,2,3,3
31-01 08:14:01,41.254,10.001,48.005,0,0,4295676,234108,175608,3240492,14979.453,1944.189,768.075,32.003,6.001,5.000,2377,4730,1.090,1.330,0.900,1,0,48.005,0,0,18,299,2,4,0
31-01 08:14:02,23.776,6.257,69.075,0.501,0.250,4306972,221508,175640,3241700,12783.870,1621.760,0,1713.860,0,13.014,9058,17913,1.090,1.330,0.900,2,0,12.013,0,0,18,299,2,3,0
31-01 08:14:03,24.542,3.506,71.121,0,0,4310408,217988,175640,3241784,21670.992,1460.493,0,1194.038,0,7.012,5551,10308,1.080,1.320,0.900,1,0,5.009,0,0,18,299,2,3,0
31-01 08:14:04,21.951,5.488,70.093,0,0,4299944,228376,175640,3241860,18295.074,1616.384,0,634.580,0,102.770,5651,10374,1.080,1.320,0.900,2,0,7.982,0,0,18,299,2,3,0
31-01 08:14:05,24.815,3.258,71.687,0,0,4277756,249656,175788,3242532,17062.465,1624.233,300.784,16.042,7.018,2.005,1582,2047,1.080,1.320,0.900,1,0,7.018,0,0,18,299,2,3,0
31-01 08:14:06,23.927,4.736,69.537,0.498,0.249,4286112,237868,175880,3245220,16030.961,1615.060,797.560,3269.997,30.905,151.536,4360,7596,1.080,1.320,0.900,2,0,0,0,0,18,302,2,9,0
31-01 08:14:07,22.291,9.768,65.621,1.252,0.250,4244364,279020,175880,3245816,12230.492,1622.985,456.840,2015.707,24.044,225.415,5372,9555,1.080,1.320,0.900,1,0,170.313,0,0,18,301,2,12,0
31-01 08:14:08,12.978,15.224,69.881,0.749,0,4236004,285968,175888,3247188,13327.264,1691.115,1349.697,283.516,61.894,15.973,3006,4571,1.070,1.320,0.900,1,0,280.521,0,0,18,301,2,14,0
31-01 08:14:09,9.494,1.999,86.692,0.749,0,4236544,285020,175892,3247564,16967.581,2469.338,367.753,4061.267,6.995,150.898,1804,2663,1.070,1.320,0.900,0,0,4.997,0,0,18,302,2,14,0
31-01 08:14:10,2.500,0.500,95.487,0,0,4236544,285020,175892,3247564,37677.027,3061.596,0,103.986,0,12.998,1485,2216,1.070,1.320,0.900,0,0,0,0,0,18,302,2,14,0
31-01 08:14:11,2.750,0.750,94.757,0,0.250,4236440,285020,175892,3247668,163356.435,4337.304,0,36.003,0,5.000,1326,1916,1.070,1.320,0.900,0,0,2.000,0,0,18,302,2,14,0
31-01 08:14:12,5.749,1.750,91.238,0.250,0,4223100,297564,175976,3248356,72103.627,127225.461,315.959,843.890,6.999,12.998,1553,2163,1.070,1.320,0.900,0,0,11.998,0,0,18,301,2,14,0
31-01 08:14:13,1.500,0.500,96.248,0,0,4223100,297564,175976,3248356,14035.761,1619.972,0,0,0,0,1116,1720,0.990,1.300,0.900,1,0,0,0,0,18,301,2,14,0
31-01 08:14:14,1.000,0.750,95.489,0.250,0.500,4223324,297340,175976,3248356,12952.446,1619.806,0,1503.820,0,245.970,1594,1920,0.990,1.300,0.900,0,0,0,0,0,18,301,2,14,0
31-01 08:14:15,3.000,3.750,92.759,0.500,0.250,4223996,296660,175976,3248356,15331.441,1694.159,0,79183.443,0,417.039,2360,2880,0.990,1.300,0.900,0,0,0,0,0,18,301,2,14,0
31-01 08:14:16,2.749,0.750,94.469,0.250,0,4223996,296660,175976,3248356,14481.178,1457.515,0,1903.366,0,31.989,1432,2268,0.990,1.300,0.900,0,0,0,0,0,18,301,2,14,0
31-01 08:14:17,9.247,2.249,86.975,0.500,0,4223800,296660,175976,3248544,13596.044,1619.529,3.999,607.823,1.000,76.978,2830,5124,0.990,1.300,0.900,0,0,0,0,0,18,301,2,14,0
31-01 08:14:18,2.003,0.501,95.889,0,0,4224296,296160,175976,3248548,13870.153,1622.357,0,20.029,0,1.001,1208,1828,0.910,1.270,0.890,0,0,2.003,0,0,18,301,2,12,0
31-01 08:14:19,2.498,0.749,95.917,0,0.250,4224296,296160,175976,3248548,19040.511,1618.598,0,327.716,0,18.984,1335,1992,0.910,1.270,0.890,0,0,0,0,0,18,301,2,12,0
31-01 08:14:20,2.499,2.499,92.976,0.250,0,4227672,292716,175976,3248548,15450.076,1619.589,0,82547.033,0,431.890,2321,2605,0.910,1.270,0.890,0,0,0,0,0,18,301,2,12,0
31-01 08:14:21,1.750,0.750,96.516,0,0,4227604,292716,175976,3248548,17758.984,1620.272,0,0,0,0,1130,1675,0.910,1.270,0.890,0,0,0,0,0,18,301,2,12,0
31-01 08:14:22,2.499,1.000,95.971,0.250,0.250,4227600,292716,175980,3248548,15153.363,1619.504,3.999,63.980,1.000,6.998,1165,1731,0.910,1.270,0.890,0,0,0,0,0,18,301,2,12,0
31-01 08:14:23,2.251,0.250,96.813,0,0.250,4227600,292716,175980,3248548,16742.883,1458.948,0,8.005,0,1.001,1139,1704,0.840,1.250,0.890,0,0,0,0,0,18,301,2,12,0
31-01 08:14:24,2.998,0.750,95.947,0,0,4227600,292716,175980,3248548,14981.775,1619.111,0,0,0,0,1119,1726,0.840,1.250,0.890,0,0,0,0,0,18,301,2,12,0
31-01 08:14:25,2.501,1.000,94.793,0,0,4227600,292716,175980,3248548,14864.719,1620.733,0,1344.608,0,5.002,1304,1986,0.840,1.250,0.890,0,0,0,0,0,18,301,2,12,0
31-01 08:14:26,3.499,0.750,95.483,0.250,0.500,4227600,292716,175980,3248548,16784.995,1619.710,0,87.984,0,11.998,1386,2223,0.840,1.250,0.890,0,0,0,0,0,18,301,2,12,0
31-01 08:14:27,2.000,0.500,95.264,0,0.250,4227584,292716,175980,3248564,12653.873,1620.240,0,244.036,0,26.004,1445,2292,0.840,1.250,0.890,0,0,0,0,0,18,301,2,12,0
31-01 08:14:28,1.500,1.000,95.764,0.250,0,4227552,292748,175980,3248564,12815.884,1620.238,0,112.016,0,9.001,1162,1849,0.770,1.230,0.890,2,0,2.000,0,0,18,301,2,12,0
31-01 08:14:29,3.252,1.751,95.301,0.250,0,4227540,292748,175984,3248572,15128.063,1620.864,0,2825.506,0,147.078,1606,2477,0.770,1.230,0.890,0,0,0,0,0,18,301,2,12,0
31-01 08:14:30,3.498,1.249,93.950,0.750,0,4227540,292748,175984,3248572,14572.277,1511.199,0,935.504,0,153.918,1689,2492,0.770,1.230,0.890,0,0,0,0,0,18,301,2,12,0
31-01 08:14:31,2.500,0.500,96.486,0,0,4227540,292748,175984,3248572,13420.094,1565.778,0,0,0,0,1077,1707,0.770,1.230,0.890,0,0,0,0,0,18,301,2,12,0
31-01 08:14:32,1.751,0.500,96.050,0,0.250,4227540,292748,175984,3248572,19898.347,1620.843,0,32.017,0,4.002,1209,1795,0.770,1.230,0.890,0,0,0,0,0,18,301,2,12,0
31-01 08:14:33,1.999,0.750,96.196,0,0.250,4227540,292748,175984,3248572,15021.498,1619.084,0,0,0,0,1102,1674,0.710,1.210,0.880,0,0,0,0,0,18,301,2,12,0
31-01 08:14:34,3.250,0.500,95.003,0.250,0,4227540,292748,175984,3248572,16242.552,1846.063,0,316.011,0,11.000,1375,2089,0.710,1.210,0.880,0,0,0,0,0,18,301,3,12,0
31-01 08:14:35,2.000,0.750,95.486,0,0.500,4227536,292748,175984,3248576,18897.241,1693.753,0,35.995,0,3.999,1283,1899,0.710,1.210,0.880,1,0,0,0,0,18,301,3,12,0
31-01 08:14:36,3.500,1.000,94.501,0,0,4227536,292748,175984,3248576,14826.119,1620.013,0,312.002,0,36.000,1496,2418,0.710,1.210,0.880,0,0,0,0,0,18,301,3,12,0
31-01 08:14:37,2.749,0.500,95.714,0.250,0,4227504,292748,175984,3248608,12989.168,1585.410,31.988,83.969,1.000,10.996,1306,2261,0.710,1.210,0.880,0,0,0,0,0,18,301,3,12,0
31-01 08:14:38,1.750,1.000,96.515,0,0,4227504,292748,175984,3248608,15952.441,1566.240,0,0,0,0,1111,1800,0.730,1.210,0.880,0,0,2.000,0,0,18,301,3,12,0
31-01 08:14:39,2.001,0.500,95.813,0,0,4227504,292748,175984,3248608,14899.849,1705.127,0,280.185,0,18.012,1172,1819,0.730,1.210,0.880,0,0,0,0,0,18,301,3,12,0
31-01 08:14:40,2.998,0.500,95.180,0,0,4227372,292748,175984,3248740,13845.837,1618.812,0,111.918,0,14.989,1279,1973,0.730,1.210,0.880,2,0,0,0,0,18,301,3,12,0
31-01 08:14:41,2.251,0.750,96.283,0,0,4227372,292748,175984,3248740,12810.368,1620.553,0,0,0,0,1120,1666,0.730,1.210,0.880,0,0,0,0,0,18,301,3,12,0
31-01 08:14:42,1.750,0.500,96.017,0,0.750,4227368,292748,175984,3248744,19311.457,560.100,0,0,0,0,1181,1827,0.730,1.210,0.880,0,0,0,0,0,18,301,3,12,0
31-01 08:14:43,9.508,3.753,86.827,0.250,0,4227496,292340,176020,3248988,343472.943,6359.609,252.222,0,10.009,0,1615,2095,0.750,1.200,0.880,2,0,24.021,0,0,18,301,3,12,0
31-01 08:14:44,13.523,5.259,80.389,0,0,4237308,281812,176048,3249672,251447.507,7943.759,288.500,4.007,11.019,1.002,1895,2381,0.750,1.200,0.880,1,0,32.056,0,0,18,301,3,12,0
