"pcp-dstat 6.2.0 CSV Output"
"Author:","PCP team <pcp@groups.io> and Dag Wieers <dag@wieers.com>",,,,"URL:","https://pcp.io/ and http://dag.wieers.com/home-made/dstat/"
"Host:","ubuntu",,,,"User:","ubuntu"
"Cmdline:","dstat -tcmndrylpg --tcp --output /tmp/devstack_logs/dstat-csv.log",,,,"Date:","25 May 2026 16:16:45 UTC"
"system","total usage",,,,,"memory usage",,,,"net/total",,"dsk/total",,"io/total",,"system",,"load avg",,,"procs",,,"paging",,"tcp sockets",,,,
"time","total usage:usr","total usage:sys","total usage:idl","total usage:wai","total usage:stl","used","free","buf","cach","net/total:recv","net/total:send","dsk/total:read","dsk/total:writ","read","writ","int","csw","1m","5m","15m","run","blk","new","in","out","lis","act","syn","tim","clo"
25-05 16:16:45,,943884,2464216,149952,4289636,,,,,,,2.630,2.280,1.130,3,0,,,,10,6,0,17,0
25-05 16:16:46,12.005,20.008,66.525,0.250,0,958316,2449456,150032,4289816,299491.952,23936.107,0,1364.519,0,52.020,6619,5547,2.630,2.280,1.130,1,0,475.181,0,0,10,6,0,17,0
25-05 16:16:47,17.496,18.496,62.486,0.250,0.250,939080,2468316,150104,4290084,317060.546,24851.243,0,339.921,0,16.996,6617,5678,2.630,2.280,1.130,1,0,345.920,0,0,10,6,0,17,0
25-05 16:16:48,20.502,18.252,59.756,0,0,945416,2461752,150148,4290596,376269.632,22945.234,0,3296.321,0,17.002,6594,6410,2.630,2.280,1.130,3,0,289.028,0,0,10,5,0,17,1
25-05 16:16:49,13.469,4.989,80.565,0,0,1095688,2311104,150184,4415336,748817.914,29011.320,0,0,0,0,3704,3348,2.580,2.280,1.140,1,0,14.966,0,0,11,4,0,17,2
25-05 16:16:50,20.556,8.523,69.440,0,0,1110536,2296016,150244,4415480,376092.118,24163.993,4.011,28.077,1.003,7.019,3898,2744,2.580,2.280,1.140,1,0,105.288,0,0,11,6,0,17,2
25-05 16:16:51,23.948,9.978,65.108,0.499,0,1141044,2264988,150324,4415920,446350.213,25247.089,307.332,686.507,14.967,17.961,4686,3535,2.580,2.280,1.140,2,0,174.620,0,0,11,6,0,19,2
25-05 16:16:52,29.238,4.748,63.974,0.750,0.250,1201984,2200304,150512,4418892,709220.967,27968.602,1547.369,1227.500,111.954,14.994,3415,2144,2.580,2.280,1.140,2,0,1.000,0,0,11,6,0,19,2
25-05 16:16:53,22.247,4.499,65.241,7.249,0,1221780,2176420,150976,4422556,353704.875,20154.258,15.998,20309.237,1.000,1505.795,8412,9983,2.580,2.280,1.140,1,0,9.999,0,0,11,8,0,19,2
25-05 16:16:54,13.015,5.506,65.073,14.016,0.501,1219016,2172164,151944,4428404,820643.419,27398.630,0,30409.996,0,2717.037,14272,22453,2.620,2.290,1.150,3,0,46.051,0,0,11,8,0,19,2
25-05 16:16:55,20.967,9.485,59.905,8.487,0.250,1130008,2253060,152576,4435656,6422802.953,75551.018,0,34601.050,0,2361.250,16411,19948,2.620,2.290,1.150,2,0,102.837,0,0,11,6,0,19,2
25-05 16:16:56,27.226,3.747,67.441,0,0,1205356,2174436,152588,4438792,3165503.047,46039.452,0,599.472,0,23.979,3517,2013,2.620,2.290,1.150,2,0,0.999,0,0,11,6,0,19,2
25-05 16:16:57,27.739,4.748,64.975,1.499,0,1216344,2158308,152684,4443660,5044075.500,59518.044,0,7013.295,0,382.852,5322,3678,2.620,2.290,1.150,2,0,11.995,0,0,11,6,0,19,2
25-05 16:16:58,40.321,7.012,50.839,0.751,0,1274480,2085680,153316,4455648,1148724.964,11557.212,0,1638.866,0,81.142,3546,2228,2.620,2.290,1.150,3,0,2.004,0,0,11,6,0,19,2
25-05 16:16:59,46.265,4.251,48.265,0.250,0,1278720,2062872,153608,4471840,58713.710,1620.516,0,1336.426,0,35.011,3078,1735,2.570,2.280,1.150,2,0,0,0,0,11,6,0,19,2
25-05 16:17:00,29.037,22.279,46.310,0.751,0.501,1151420,2166256,154108,4493236,21069.136,1622.089,0,2803.611,0,107.138,6670,5252,2.570,2.280,1.150,2,0,426.549,0,0,11,6,0,19,2
25-05 16:17:01,31.996,21.997,43.994,0.750,0.250,1152516,2134952,154920,4519912,15824.855,1619.780,0,3063.585,0,103.986,6701,6187,2.570,2.280,1.150,2,0,315.957,0,0,11,6,0,19,2
25-05 16:17:02,54.464,15.990,28.231,1.249,0,1227260,2056720,155484,4521196,15907.572,2098.624,7730.932,2390.433,79.948,77.949,5924,5985,2.570,2.280,1.150,4,0,204.866,0,0,11,5,0,19,0
25-05 16:17:03,62.590,7.232,28.926,0,0,1289020,1994572,155536,4521720,56330.368,4013.766,35.908,15281.036,4.987,86.779,3918,1726,2.570,2.280,1.150,4,0,18.952,0,0,11,5,0,19,0
25-05 16:17:04,57.051,11.761,31.278,0.500,0,1358448,1924040,155588,4522772,252998.419,9665.650,492.441,328.294,7.006,18.016,3949,15416,2.760,2.330,1.170,4,0,52.047,0,0,11,7,0,20,0
25-05 16:17:05,35.462,7.991,55.190,0,0,1367996,1904844,155716,4530848,1164148.168,13601.292,0,3520.193,0,84.908,4855,5546,2.760,2.330,1.170,2,0,122.867,0,0,11,4,0,21,0
25-05 16:17:06,33.237,9.746,55.979,0,0,1393256,1878176,155724,4532020,11659.539,1619.380,23.991,771.705,3.998,5.998,10865,18793,2.760,2.330,1.170,3,0,36.986,0,0,11,4,0,21,0
25-05 16:17:07,43.960,9.294,45.970,0,0.251,1419760,1851580,155736,4532040,10020.945,1669.990,0,1659.942,0,15.072,10178,16906,2.760,2.330,1.170,3,0,19.091,0,0,11,4,0,14,0
25-05 16:17:08,41.399,6.235,50.128,1.247,0.249,1430780,1848728,155836,4524984,10143.288,2831.103,19.951,12206.262,0.998,229.441,4673,5038,2.760,2.330,1.170,1,0,26.934,0,0,11,11,0,14,0
25-05 16:17:09,32.181,7.983,58.625,0.499,0.499,1389316,1890172,155848,4524992,54644.029,2919.750,43.906,2662.301,2.994,144.690,3342,2581,2.700,2.320,1.180,1,0,91.803,0,0,11,4,0,16,0
25-05 16:17:10,23.338,2.509,73.025,0.502,0,1396908,1881796,156128,4525424,9253.818,1626.118,453.707,4131.545,12.045,150.567,2604,2139,2.700,2.320,1.180,2,0,1.004,0,0,11,13,0,16,0
25-05 16:17:11,21.727,4.495,72.672,0.749,0,1340204,1937924,156280,4525696,8946.343,1618.253,407.560,1414.473,82.911,19.978,2999,2725,2.700,2.320,1.180,2,0,44.951,0,0,11,28,0,16,0
25-05 16:17:12,22.495,3.749,72.985,0,0,1401412,1876716,156280,4525712,11700.644,1619.674,0,0,0,0,2087,1555,2.700,2.320,1.180,2,0,1.000,0,0,11,28,0,16,0
25-05 16:17:13,22.501,11.751,65.004,0,0,1393784,1884324,156280,4525732,10846.673,1620.101,0,12.001,0,3.000,3644,2678,2.700,2.320,1.180,3,0,156.010,0,0,11,28,0,16,0
25-05 16:17:14,44.760,7.002,47.761,0,0.250,1472088,1805952,156296,4525768,11238.596,1620.374,16.004,35304.154,4.001,176.041,3719,2638,2.640,2.320,1.180,2,0,0,0,0,11,28,0,16,0
25-05 16:17:15,44.092,16.284,37.829,0,0,1422564,1855268,156304,4525968,9201.259,1461.058,0,340.713,0,39.082,7149,8926,2.640,2.320,1.180,5,0,373.782,0,0,11,28,0,15,0
25-05 16:17:16,80.999,19.250,0,0,0,1621780,1656004,156304,4526016,6824.903,1619.977,0,1199.983,0,116.998,5486,3553,2.640,2.320,1.180,6,0,204.997,0,0,11,29,0,15,0
25-05 16:17:17,85.880,11.484,1.997,0,0.499,1757024,1520520,156312,4526240,7071.092,1617.733,0,163.771,0,10.985,7802,10540,2.640,2.320,1.180,7,0,0,0,0,11,31,0,15,0
25-05 16:17:18,65.527,15.006,19.008,0.250,0,1547052,1730360,156348,4526296,11151.652,1620.676,0,592.247,0,61.025,6858,7996,2.640,2.320,1.180,3,0,267.111,0,0,11,28,0,15,0
25-05 16:17:19,20.470,5.492,72.894,0,0,1576580,1700828,156348,4526300,8271.996,1617.652,0,387.438,0,8.987,2263,1683,2.510,2.300,1.180,2,0,42.938,0,0,11,28,0,14,0
25-05 16:17:20,20.258,7.003,72.027,0,0,1458364,1818884,156364,4526444,14530.445,1620.607,0,172.064,0,17.006,3854,3789,2.510,2.300,1.180,1,0,68.025,0,0,11,28,0,14,0
25-05 16:17:21,21.484,3.747,73.946,0,0.250,1527796,1749444,156372,4526444,8811.512,1618.808,0,127.906,0,8.993,1825,1330,2.510,2.300,1.180,2,0,0,0,0,11,29,0,14,0
25-05 16:17:22,18.529,9.765,70.109,0.250,0.250,1488376,1788800,156388,4526492,10745.776,1622.533,16.025,360.563,1.002,47.073,4706,4712,2.510,2.300,1.180,1,0,161.252,0,0,11,28,0,14,0
25-05 16:17:23,15.513,29.024,54.545,0.250,0,1479324,1797764,156468,4526500,12808.574,1621.339,0,3987.292,0,220.182,7032,6305,2.510,2.300,1.180,6,0,727.601,0,0,11,28,0,14,0
25-05 16:17:24,82.019,17.004,0.500,0,0,1610576,1666640,156488,4526524,7295.715,1458.343,0,11178.628,0,625.147,5615,3513,2.710,2.340,1.200,5,0,153.036,0,0,11,28,0,14,0
25-05 16:17:25,81.200,8.994,9.244,0,0,1694448,1582692,156524,4526588,95803.477,1660.968,0,1367.151,0,71.955,9053,11705,2.710,2.340,1.200,6,0,0,0,0,11,30,0,14,0
25-05 16:17:26,77.562,18.765,3.503,0.500,0.250,1568800,1708044,156572,4526836,8982.207,1621.301,0,636.511,0,71.057,7911,10507,2.710,2.340,1.200,6,0,310.249,0,0,11,28,0,14,0
25-05 16:17:27,86.486,12.748,0.750,0,0.250,1686700,1589960,156580,4527012,8970.500,1619.729,0,183.969,0,10.998,5261,3326,2.710,2.340,1.200,6,0,0,0,0,11,29,0,14,0
25-05 16:17:28,84.560,12.721,1.746,0,0.249,1737584,1539032,156584,4527048,10479.415,1616.362,0,275.380,0,22.948,9233,13076,2.710,2.340,1.200,5,0,49.888,0,0,11,29,0,14,0
25-05 16:17:29,65.620,19.035,15.278,0.250,0,1596044,1680272,156588,4527312,9540.433,1460.669,0,16033.298,0,102.187,7443,10411,2.980,2.400,1.230,2,0,248.454,0,0,11,28,0,15,0
25-05 16:17:30,45.708,4.746,48.705,0.250,0.250,1600048,1676216,156600,4527340,10015.803,1660.475,0,331.695,0,20.981,4493,4898,2.980,2.400,1.230,1,0,0,0,0,11,29,0,17,0
25-05 16:17:31,54.309,19.521,25.778,0,0,1545996,1730096,156604,4527504,10689.654,1621.768,0,212.231,0,15.016,5916,5482,2.980,2.400,1.230,3,0,378.413,0,0,11,28,0,18,0
25-05 16:17:32,63.266,6.752,28.757,0,0.250,1559448,1716572,156604,4527576,10898.819,1620.419,0,268.069,0,19.005,6780,8044,2.980,2.400,1.230,3,0,1.000,0,0,11,29,0,19,0
25-05 16:17:33,73.507,19.752,6.001,0,0,1535052,1740928,156612,4527608,11021.086,1620.160,0,540.053,0,49.005,6567,6053,2.980,2.400,1.230,4,0,260.026,0,0,11,28,0,19,0
25-05 16:17:34,79.116,9.734,9.983,0,0,1612128,1663712,156644,4527676,13348.428,1617.265,15.973,70329.075,3.993,374.367,8138,9141,3.060,2.430,1.240,4,0,0,0,0,11,31,0,21,0
25-05 16:17:35,67.766,17.254,13.753,0,0,1516992,1758772,156652,4527744,5861.391,1620.385,0,360.085,0,25.006,7275,8640,3.060,2.430,1.240,3,0,324.077,0,0,11,28,0,21,0
25-05 16:17:36,64.662,8.988,25.965,0,0,1568740,1706912,156664,4527844,10306.932,1617.792,0,1146.435,0,33.954,5340,5216,3.060,2.430,1.240,3,0,0,0,0,11,29,0,16,0
25-05 16:17:37,62.646,17.541,18.543,0.251,0.251,1488576,1786892,156676,4528016,6900.065,1461.402,0,2786.487,0,107.250,7445,8579,3.060,2.430,1.240,3,0,299.698,0,0,11,28,0,18,0
25-05 16:17:38,65.687,7.743,25.975,0.250,0.250,1565040,1710088,156684,4528344,11553.890,1618.444,0,1342.709,0,23.977,5248,6279,3.060,2.430,1.240,6,0,0,0,0,11,29,0,19,0
25-05 16:17:39,60.575,19.274,20.025,0,0.250,1514848,1760252,156684,4528372,16024.855,1622.010,0,692.858,0,23.029,5795,5781,3.050,2.440,1.250,3,0,287.356,0,0,11,28,0,19,0
25-05 16:17:40,65.087,8.229,26.184,0,0.249,1552908,1722068,156696,4528480,6534.618,1615.949,0,391.020,0,27.930,6094,6981,3.050,2.440,1.250,4,0,0,0,0,11,30,0,19,0
25-05 16:17:41,60.231,14.245,24.492,0.250,0,1525448,1749364,156704,4528636,9943.817,1619.482,0,335.892,0,26.991,4921,4192,3.050,2.440,1.250,4,0,111.964,0,0,11,28,0,19,0
25-05 16:17:42,66.557,7.006,26.022,0,0,1529096,1745504,156708,4528840,13910.891,1621.386,0,312.267,0,28.024,5980,8312,3.050,2.440,1.250,4,0,10.009,0,0,11,29,0,19,0
25-05 16:17:43,60.110,25.797,13.525,0,0,1533364,1741200,156736,4528848,11222.463,1622.959,0,456.833,0,43.079,6047,5402,3.050,2.440,1.250,8,0,570.039,0,0,11,28,0,19,0
25-05 16:17:44,81.018,18.254,0,0,0.250,1696524,1577980,156736,4528908,10343.285,1458.322,0,424.094,0,13.003,5648,5237,3.370,2.510,1.290,8,0,366.081,0,0,11,28,0,16,0
25-05 16:17:45,81.238,18.247,1.000,0,0,1710872,1563376,156752,4529144,9433.635,1619.766,0,1359.803,0,85.988,8251,10552,3.370,2.510,1.290,6,0,406.941,0,0,11,29,0,16,0
25-05 16:17:46,76.024,22.257,1.500,0,0,1588696,1685432,156776,4529236,9453.958,1620.507,0,604.189,0,46.014,7299,8866,3.370,2.510,1.290,7,0,481.151,0,0,11,28,0,16,0
25-05 16:17:47,85.251,13.500,0.500,0,0.750,1658948,1615136,156780,4529276,7356.057,1620.012,0,2280.018,0,115.001,6132,4734,3.370,2.510,1.290,6,0,22.000,0,0,11,29,0,16,0
25-05 16:17:48,76.360,14.224,8.484,0,0,1639412,1634420,156780,4529520,5331.236,1617.039,0,119.781,0,9.982,9257,15461,3.370,2.510,1.290,4,0,234.570,0,0,11,30,0,16,0
25-05 16:17:49,23.985,21.486,52.966,0,0,1500584,1773072,156788,4529688,9986.592,1618.961,0,351.774,0,19.987,6874,6733,3.420,2.540,1.300,2,0,502.677,0,0,11,28,0,16,0
25-05 16:17:50,45.108,37.089,17.291,0,0,1544924,1728712,156796,4529700,7078.976,1555.731,0,192.462,0,22.053,6264,5569,3.420,2.540,1.300,5,0,848.034,0,0,11,28,0,16,0
25-05 16:17:51,85.246,10.499,4.500,0.250,0,1617844,1655700,156796,4529780,8272.573,1619.916,0,131.993,0,12.999,6102,6209,3.420,2.540,1.300,5,0,17.999,0,0,11,29,0,16,0
25-05 16:17:52,74.783,19.194,5.235,0,0,1536624,1736856,156824,4529816,9848.431,1615.314,0,546.415,0,50.852,7178,8483,3.420,2.540,1.300,4,0,268.222,0,0,11,28,0,14,0
25-05 16:17:53,82.742,12.249,4.750,0,0.250,1624636,1648632,156828,4530024,11253.930,1619.846,0,183.983,0,7.999,6612,7491,3.420,2.540,1.300,3,0,0,0,0,11,31,0,14,0
25-05 16:17:54,64.404,8.270,25.561,0,0,1586288,1686700,156832,4530296,10024.983,1623.885,0,240.576,0,20.048,12293,19999,3.390,2.550,1.310,3,0,30.072,0,0,11,31,0,16,0
25-05 16:17:55,80.556,13.259,6.004,0.250,0.500,1516936,1755884,156852,4530456,11894.335,1621.136,0,2129.492,0,88.062,7118,8233,3.390,2.550,1.310,4,0,90.063,0,0,11,28,0,16,0
25-05 16:17:56,80.053,10.973,8.479,0,0.249,1609232,1663488,156856,4530548,8247.743,1616.031,0,147.637,0,9.975,7469,10960,3.390,2.550,1.310,4,0,0,0,0,11,30,0,16,0
25-05 16:17:57,68.630,11.021,18.285,0,0,1613444,1658864,156864,4530948,10526.940,1460.767,0,160.304,0,10.019,12189,19819,3.390,2.550,1.310,6,0,71.135,0,0,11,29,0,17,0
25-05 16:17:58,79.708,16.991,2.499,0,0,1551088,1721188,156864,4530976,10731.280,1619.137,0,155.917,0,9.995,5413,6059,3.390,2.550,1.310,5,0,188.899,0,0,11,29,0,17,0
25-05 16:17:59,80.299,11.257,8.255,0,0,1575176,1696792,156880,4531252,8533.171,1620.982,0,216.131,0,18.011,7773,12499,3.360,2.560,1.320,5,0,30.018,0,0,11,30,0,20,0
25-05 16:18:00,81.779,14.505,3.251,0,0.250,1565496,1706424,156880,4531292,6779.378,1620.568,0,240.084,0,21.007,6413,7329,3.360,2.560,1.320,4,0,98.034,0,0,11,28,0,20,0
25-05 16:18:01,81.224,10.747,7.747,0,0,1598500,1673164,156912,4531512,12675.887,1619.475,0,335.891,0,36.988,7226,11206,3.360,2.560,1.320,6,0,59.981,0,0,11,29,0,20,0
25-05 16:18:02,80.725,15.245,3.499,0,0.500,1625772,1645824,156916,4531564,10251.790,1619.493,0,159.950,0,9.997,6674,8842,3.360,2.560,1.320,4,0,125.961,0,0,11,29,0,20,0
25-05 16:18:03,80.245,11.999,7.500,0,0.250,1603740,1667636,156920,4531772,47045.022,1619.897,0,155.990,0,10.999,7280,10313,3.360,2.560,1.320,4,0,118.992,0,0,11,29,0,20,0
25-05 16:18:04,82.305,15.761,1.251,0,0,1569760,1701588,156928,4531716,11739.882,1621.088,0,120.081,0,8.005,6086,12983,3.410,2.580,1.330,5,0,119.080,0,0,11,29,0,20,0
25-05 16:18:05,83.504,10.750,5.000,0,0,1617660,1653492,156960,4531972,7152.301,1458.061,0,332.014,0,34.001,6780,8484,3.410,2.580,1.330,5,0,34.001,0,0,11,29,0,20,0
25-05 16:18:06,68.750,15.000,15.500,0,0,1554528,1716548,156980,4532016,7034.962,1619.991,0,423.998,0,36.000,5863,5485,3.410,2.580,1.330,3,0,257.999,0,0,11,28,0,21,0
25-05 16:18:07,65.180,7.463,26.122,0,0,1596744,1674224,156992,4532112,13198.161,1612.080,0,1735.474,0,20.897,6853,7534,3.410,2.580,1.330,4,0,0,0,0,11,28,0,21,0
25-05 16:18:08,61.812,13.820,24.373,0,0.251,1558800,1711996,156992,4532276,10300.968,1628.214,0,196.994,0,11.056,6238,6206,3.410,2.580,1.330,3,0,182.923,0,0,11,28,0,20,0
25-05 16:18:09,65.800,8.474,24.177,0,0.249,1595652,1674908,157004,4532460,24699.987,1615.095,0,295.104,0,24.924,6928,8540,3.370,2.590,1.340,4,0,1.994,0,0,11,30,0,20,0
25-05 16:18:10,49.015,12.504,38.012,0.250,0,1501820,1768688,157016,4532496,7227.257,1620.506,0,556.174,0,30.009,5469,6023,3.370,2.590,1.340,2,0,167.052,0,0,11,28,0,21,0
25-05 16:18:11,42.364,9.024,47.879,0,0,1500160,1770324,157024,4532516,11548.022,1461.927,0,312.840,0,29.078,4306,4255,3.370,2.590,1.340,2,0,90.242,0,0,11,32,0,21,0
25-05 16:18:12,42.500,8.750,49.000,0,0.500,1527716,1742736,157028,4532548,11278.941,1619.992,0,207.999,0,17.000,4563,5041,3.370,2.590,1.340,2,0,78.000,0,0,11,33,0,19,0
25-05 16:18:13,40.887,9.474,48.366,0.249,0,1532816,1737568,157044,4532600,19239.768,1615.530,0,275.238,0,25.928,3950,3224,3.370,2.590,1.340,2,0,86.760,0,0,11,32,0,19,0
25-05 16:18:14,45.422,5.241,48.666,0.250,0,1499948,1770388,157056,4532636,10203.472,1617.222,0,427.266,0,51.911,4527,4898,3.260,2.580,1.350,3,0,4.991,0,0,11,32,0,20,0
25-05 16:18:15,42.164,9.788,47.685,0,0,1531820,1738400,157076,4532728,9597.262,1626.314,0,305.185,0,25.097,5500,5948,3.260,2.580,1.350,2,0,43.168,0,0,11,33,0,20,0
25-05 16:18:16,44.758,5.751,48.009,0.250,0.250,1477572,1792452,157104,4532892,9954.862,1458.273,0,2152.403,0,137.026,4970,5409,3.260,2.580,1.350,2,0,5.001,0,0,11,32,0,20,0
25-05 16:18:17,39.768,11.255,48.022,0.250,0.250,1495464,1774384,157112,4533056,10187.701,1620.748,0,224.103,0,20.009,5501,6404,3.260,2.580,1.350,2,0,165.076,0,0,11,32,0,20,0
25-05 16:18:18,23.898,8.215,66.715,0,0,1466300,1803456,157124,4533136,8751.607,1613.108,0,4592.378,0,175.251,4820,5206,3.260,2.580,1.350,2,0,116.502,0,0,11,32,0,20,0
25-05 16:18:19,22.286,3.005,74.119,0,0.250,1490576,1779164,157128,4533144,6897.118,1622.616,0,136.220,0,9.015,2429,2288,3.160,2.570,1.350,1,0,0,0,0,11,33,0,20,0
25-05 16:18:20,14.525,14.274,69.118,0.751,0,1427656,1842048,157140,4533168,10488.918,1622.772,0,781.335,0,52.089,5202,4972,3.160,2.570,1.350,1,0,252.431,0,0,11,32,0,20,0
25-05 16:18:21,20.987,5.247,73.705,0,0,1442140,1827556,157140,4533172,11721.847,1619.012,0,123.924,0,9.994,2210,1622,3.160,2.570,1.350,1,0,31.980,0,0,11,32,0,20,0
25-05 16:18:22,20.219,6.490,71.642,0,0.250,1412744,1856928,157140,4533196,13089.224,1617.556,0,79.879,0,6.989,4310,4701,3.160,2.570,1.350,5,0,46.929,0,0,11,32,0,20,0
25-05 16:18:23,22.558,4.261,73.690,0,0,1459684,1809984,157140,4533200,12989.445,1624.182,0,0,0,0,1934,1315,3.160,2.570,1.350,1,0,0,0,0,11,33,0,20,0
25-05 16:18:24,23.936,2.743,71.560,0,0.249,1452640,1816848,157144,4533368,13319.589,1615.705,0,143.618,0,11.968,5078,6600,2.990,2.540,1.350,2,0,0,0,0,11,32,0,20,0
25-05 16:18:25,8.517,22.294,67.885,0,0.250,1367952,1901384,157148,4533516,12377.607,1460.904,0,328.653,0,43.086,5958,4284,2.990,2.540,1.350,1,0,449.894,0,0,11,32,0,20,0
25-05 16:18:26,37.991,12.747,48.738,0.500,0,1470456,1798708,157188,4533644,8886.844,1619.607,159.961,627.848,4.999,33.992,4195,3477,2.990,2.540,1.350,3,0,176.957,0,0,11,32,0,22,0
25-05 16:18:27,38.547,5.757,46.557,6.758,0,1504396,1758960,157832,4538228,11376.829,1621.972,496.604,12351.014,22.027,1151.400,9586,12041,2.990,2.540,1.350,3,0,63.077,0,0,11,36,0,22,0
25-05 16:18:28,33.643,8.473,39.873,16.447,0.249,1474080,1784912,158452,4541804,10823.442,1614.844,0,42607.960,0,3317.408,19437,26806,2.990,2.540,1.350,1,0,78.749,0,0,11,36,0,22,0
25-05 16:18:29,35.105,8.024,39.870,15.296,0,1544316,1713444,159140,4542260,55693.117,1624.876,0,35069.232,0,2996.993,17628,24473,3.070,2.570,1.360,2,0,32.096,0,0,11,36,0,22,0
25-05 16:18:30,45.158,5.988,46.156,2.245,0,1487400,1770168,159356,4542236,9239.172,1616.705,0,9871.883,0,524.930,4765,4131,3.070,2.570,1.360,2,0,5.988,0,0,11,32,0,22,0
25-05 16:18:31,36.822,7.014,44.336,9.769,0,1558724,1697620,160176,4542612,7505.642,1502.932,0,11610.651,0,1649.217,13912,19104,3.070,2.570,1.360,1,1,3.006,0,0,11,34,0,22,0
25-05 16:18:32,35.393,8.973,47.108,7.228,0.498,1484992,1770616,160768,4542748,11708.648,1615.123,0,11006.767,0,1306.057,11387,14627,3.070,2.570,1.360,3,0,99.699,0,0,11,32,0,22,0
25-05 16:18:33,22.020,3.753,73.318,0.250,0.250,1509444,1746084,160792,4542796,10009.278,1621.503,0,872.809,0,41.038,2119,1649,3.070,2.570,1.360,3,0,2.002,0,0,11,32,0,17,0
25-05 16:18:34,22.769,3.753,70.558,2.002,0,1425312,1830148,160884,4542768,6214.098,1621.330,40.033,7570.211,3.002,397.326,3098,2941,2.900,2.540,1.360,2,0,1.001,0,0,11,32,0,17,0
25-05 16:18:35,22.483,3.497,73.945,0,0,1481804,1773560,160884,4542860,9596.927,1618.807,0,55.959,0,3.997,1884,1303,2.900,2.540,1.360,2,0,1.999,0,0,11,32,0,17,0
25-05 16:18:36,22.250,3.000,73.251,0,0,1411732,1843616,160884,4542876,9388.086,1458.013,0,0,0,0,1842,1231,2.900,2.540,1.360,3,0,1.000,0,0,11,32,0,17,0
25-05 16:18:37,22.496,3.499,73.987,0,0,1476392,1778952,160884,4542876,12410.810,1619.714,0,0,0,0,1857,1219,2.900,2.540,1.360,2,0,2.000,0,0,11,32,0,13,0
25-05 16:18:38,22.755,3.251,73.266,0.250,0.250,1408100,1847152,160888,4542952,10486.322,1662.368,0,1736.384,0,152.034,2085,1226,2.900,2.540,1.360,2,0,1.000,0,0,11,32,0,13,0
25-05 16:18:39,22.000,4.000,73.750,0,0,1435820,1819432,160888,4542952,16782.069,1620.007,0,4.000,0,1.000,1876,1378,2.750,2.510,1.360,2,0,2.000,0,0,11,32,0,13,0
25-05 16:18:40,22.790,3.256,73.630,0,0.250,1450452,1804800,160888,4542952,12301.654,1622.857,0,0,0,0,1743,1092,2.750,2.510,1.360,1,0,0,0,0,11,32,0,13,0
25-05 16:18:41,21.955,3.493,73.349,0.249,0,1427992,1827152,160900,4543040,9748.909,1616.668,0,494.980,0,15.967,2092,1780,2.750,2.510,1.360,2,0,0.998,0,0,11,32,0,12,0
25-05 16:18:42,22.248,4.500,72.994,0.250,0,1454996,1800072,160908,4543072,7951.310,1619.859,0,419.964,0,30.997,1988,1490,2.750,2.510,1.360,3,0,2.000,0,0,11,32,0,12,0
25-05 16:18:43,22.499,3.250,73.497,0,0,1472856,1782208,160908,4543076,10103.564,1457.937,0,0,0,0,1794,1182,2.750,2.510,1.360,2,0,2.000,0,0,11,32,0,12,0
25-05 16:18:44,22.250,3.500,73.248,0,0.250,1458088,1796956,160912,4543092,9351.795,1619.964,0,0,0,0,1811,1355,2.610,2.490,1.360,2,0,1.000,0,0,11,32,0,12,0
25-05 16:18:45,22.264,3.502,73.796,0,0,1424396,1830592,160912,4543128,5789.607,1621.010,0,8.005,0,2.001,1806,1297,2.610,2.490,1.360,2,0,1.001,0,0,11,32,0,12,0
25-05 16:18:46,22.507,3.751,73.522,0,0,1474364,1780624,160912,4543128,9031.646,1620.475,0,0,0,0,1827,1285,2.610,2.490,1.360,3,0,2.001,0,0,11,32,0,12,0
25-05 16:18:47,12.521,15.527,71.372,0,0.250,1376908,1877920,160920,4543272,13066.405,1622.783,0,176.302,0,2.003,4183,2834,2.610,2.490,1.360,1,0,223.383,0,0,11,32,0,12,0
25-05 16:18:48,8.478,20.697,68.825,0,0,1335492,1919132,160928,4543448,12751.607,1615.895,0,929.638,0,13.965,6047,4713,2.610,2.490,1.360,3,0,465.817,0,0,11,32,0,12,0
25-05 16:18:49,9.023,21.053,69.173,0,0.251,1354600,1899988,160932,4543480,5758.366,1624.052,4.010,717.791,1.003,85.213,6284,4987,2.480,2.460,1.350,2,0,489.221,0,0,11,32,0,12,0
25-05 16:18:50,16.719,10.481,72.116,0,0.250,1404836,1849728,160932,4543496,5625.551,1549.123,0,0,0,0,3482,2730,2.480,2.460,1.350,2,0,190.646,0,0,11,32,0,12,0
25-05 16:18:51,22.251,3.750,73.254,0,0,1450900,1803680,160932,4543480,10077.487,1620.078,0,200.010,0,15.001,2081,1658,2.480,2.460,1.350,2,0,2.000,0,0,11,32,0,12,0
25-05 16:18:52,22.497,3.250,73.241,0,0,1421400,1833148,160940,4543504,16062.029,1619.801,0,335.959,0,21.997,2018,1472,2.480,2.460,1.350,4,0,2.000,0,0,11,32,0,12,0
25-05 16:18:53,22.488,3.498,73.711,0,0,1468192,1786372,160940,4543488,10364.565,1619.151,0,19.990,0,0.999,1832,1229,2.480,2.460,1.350,2,0,1.999,0,0,11,32,0,12,0
25-05 16:18:54,22.500,3.000,73.751,0,0,1454060,1800484,160940,4543508,10055.173,1620.028,0,0,0,0,1819,1338,2.360,2.440,1.350,3,0,1.000,0,0,11,32,0,12,0
25-05 16:18:55,22.500,3.750,73.750,0,0.250,1496604,1757952,160940,4543496,6203.001,1620.000,0,12.000,0,1.000,1751,1217,2.360,2.440,1.350,3,0,2.000,0,0,11,32,0,12,0
25-05 16:18:56,22.765,3.252,73.298,0.500,0.250,1483036,1771508,160940,4543508,11358.435,1458.955,0,2041.336,0,201.132,2108,1191,2.360,2.440,1.350,4,0,1.001,0,0,11,32,0,12,0
25-05 16:18:57,21.234,4.497,73.693,0,0,1492140,1762424,160940,4543484,10220.126,1618.753,0,67.948,0,1.998,1774,1082,2.360,2.440,1.350,5,1,1.998,0,0,11,32,0,9,0
25-05 16:18:58,22.955,2.994,73.604,0,0,1454440,1800100,160940,4543508,6765.618,1616.802,0,39.921,0,3.992,1711,1193,2.360,2.440,1.350,2,0,0.998,0,0,11,32,0,9,0
25-05 16:18:59,22.514,3.752,73.295,0,0,1486264,1768256,160940,4543528,12792.879,1620.998,0,0,0,0,1807,1207,2.250,2.410,1.350,2,0,2.001,0,0,11,32,0,9,0
25-05 16:19:00,22.295,3.507,73.399,0,0.251,1451472,1803036,160940,4543540,22271.357,1460.975,0,12.024,0,1.002,1862,1280,2.250,2.410,1.350,3,0,1.002,0,0,11,32,0,9,0
25-05 16:19:01,22.752,3.750,73.257,0.250,0,1485760,1768776,160944,4543512,8846.860,1620.157,0,2196.213,0,20.002,2072,1667,2.250,2.410,1.350,2,0,2.000,0,0,11,32,0,9,0
25-05 16:19:02,22.969,4.993,71.403,0.250,0.250,1440408,1814064,160952,4543540,12414.059,1617.792,0,427.417,0,28.960,2123,1495,2.250,2.410,1.350,2,0,7.989,0,0,11,32,0,6,0
25-05 16:19:03,21.492,4.498,73.973,0,0,1490008,1764552,160952,4543452,11536.751,1619.404,0,3.999,0,1.000,1866,1267,2.250,2.410,1.350,2,0,1.999,0,0,11,32,0,6,0
25-05 16:19:04,28.052,5.510,65.622,0,0,1394492,1859980,160952,4543540,10320.142,1623.010,0,88.164,0,1.002,3210,12653,2.150,2.390,1.350,3,0,37.069,0,0,11,32,0,7,0
25-05 16:19:05,22.253,3.500,73.508,0,0,1361016,1893456,160952,4543540,7774.896,1620.187,0,12.001,0,1.000,1846,1360,2.150,2.390,1.350,3,0,1.000,0,0,11,32,0,7,0
25-05 16:19:06,22.527,3.004,74.089,0,0.250,1422428,1832064,160952,4543520,5593.705,1621.944,0,0,0,0,1771,1301,2.150,2.390,1.350,2,0,1.001,0,0,11,32,0,5,0
25-05 16:19:07,22.188,4.238,73.296,0,0,1394516,1859956,160952,4543540,10944.510,1615.499,0,67.811,0,2.992,1905,1232,2.150,2.390,1.350,2,0,1.994,0,0,11,32,0,5,0
25-05 16:19:08,22.496,2.749,73.487,0,0,1434212,1820284,160952,4543516,12894.633,1619.703,0,31.994,0,2.000,1856,1221,2.150,2.390,1.350,2,0,0,0,0,11,32,0,5,0
25-05 16:19:09,22.784,3.756,73.360,0,0,1431988,1822492,160952,4543532,18240.231,1460.180,0,8.012,0,2.003,1886,1323,2.060,2.370,1.350,2,0,1.001,0,0,11,32,0,5,0
25-05 16:19:10,22.488,2.998,73.460,0,0,1456248,1798228,160952,4543536,7755.796,1619.122,0,11.993,0,0.999,1767,1149,2.060,2.370,1.350,2,0,1.999,0,0,11,32,0,5,0
25-05 16:19:11,8.507,21.518,68.558,0,0.500,1367672,1886724,160952,4543600,9469.004,1621.370,0,540.457,0,33.028,5614,4236,2.060,2.370,1.350,1,0,376.318,0,0,11,32,0,5,0
25-05 16:19:12,17.736,9.243,71.443,0.500,0.250,1427196,1827180,160968,4543604,8587.109,1618.701,0,2553.951,0,123.901,3211,2579,2.060,2.370,1.350,2,0,84.932,0,0,11,32,0,5,0
25-05 16:19:13,24.020,1.751,73.561,0,0.250,1460668,1793516,160968,4543796,9622.003,1621.349,0,0,0,0,1655,944,2.060,2.370,1.350,3,0,0,0,0,11,32,0,5,0
25-05 16:19:14,21.232,4.496,73.438,0,0,1446540,1807568,160968,4543864,6619.372,1456.761,0,0,0,0,1922,1421,1.970,2.340,1.350,2,0,8.992,0,0,11,32,0,4,0
25-05 16:19:15,20.305,8.272,71.191,0,0,1353740,1900240,160968,4543988,11157.992,1624.366,40.108,324.873,2.005,65.175,2970,2092,1.970,2.340,1.350,2,0,162.437,0,0,11,32,0,4,0
25-05 16:19:16,7.977,21.688,68.802,0,0,1356692,1897240,160968,4544020,10072.049,1615.357,0,203.415,0,7.977,6782,5567,1.970,2.340,1.350,1,0,602.269,0,0,11,32,0,4,0
25-05 16:19:17,8.271,22.809,68.177,0,0,1351928,1901964,160968,4544056,10121.283,1624.218,0,389.010,0,6.016,6508,5088,1.970,2.340,1.350,1,0,527.369,0,0,11,32,0,4,0
25-05 16:19:18,7.749,22.497,68.240,0,0,1362328,1891524,160968,4544084,19781.018,1619.756,0,1011.847,0,10.998,6107,4512,1.970,2.340,1.350,1,0,452.932,0,0,11,32,0,3,0
25-05 16:19:19,7.997,22.740,68.221,0,0.500,1347808,1906020,160968,4544104,13448.311,1619.315,0,1103.533,0,11.995,6084,4438,1.900,2.320,1.340,1,0,451.809,0,0,11,32,0,3,0
25-05 16:19:20,8.752,21.004,68.264,0,0.250,1333252,1920556,160968,4544124,9515.916,1458.294,0,920.185,0,10.002,5696,4136,1.900,2.320,1.340,2,0,399.080,0,0,11,32,0,3,0
25-05 16:19:21,9.256,20.263,69.796,0.250,0,1340328,1913432,160976,4544164,13670.954,1621.062,0,484.317,0,45.029,6108,4806,1.900,2.320,1.340,2,0,418.274,0,0,11,32,0,3,0
25-05 16:19:22,7.995,21.488,69.211,0.250,0.250,1326644,1927068,160988,4544192,8946.927,1619.082,0,759.569,0,34.980,6092,4733,1.900,2.320,1.340,1,0,434.753,0,0,11,32,0,3,0
25-05 16:19:23,8.231,22.946,67.592,0,0,1335440,1918232,160988,4544216,11249.765,1616.231,0,39.907,0,9.977,5743,4105,1.900,2.320,1.340,1,0,396.076,0,0,11,32,0,3,0
25-05 16:19:24,9.268,19.538,69.134,0,0,1309340,1944280,161004,4544252,11292.810,1623.135,0,24.046,0,6.012,5988,4632,1.820,2.300,1.340,1,0,429.830,0,0,11,32,0,3,0
25-05 16:19:25,28.763,30.264,39.519,0.500,0,1379188,1874364,161032,4544292,10612.977,1620.760,0,1124.527,0,66.031,7404,6931,1.820,2.300,1.340,4,0,790.371,0,0,11,32,0,9,0
25-05 16:19:26,63.997,11.704,23.905,0,0,1568364,1684280,161112,4545056,8063.076,1613.611,15.937,625.523,0.996,83.669,4011,1884,1.820,2.300,1.340,4,0,0,0,0,11,32,0,7,0
25-05 16:19:27,45.691,9.987,29.712,11.985,0.250,1633328,1608352,162176,4553908,10979.840,1617.913,371.521,35721.930,2.996,2613.629,16717,23989,1.820,2.300,1.340,5,0,81.894,0,0,11,38,0,7,0
25-05 16:19:28,37.184,11.055,33.165,17.336,0,1685528,1547508,162652,4561644,14354.209,1628.077,0,59442.886,0,4356.612,21932,33612,1.820,2.300,1.340,2,1,145.723,0,0,11,36,0,8,0
25-05 16:19:29,38.022,7.254,35.521,16.760,0.250,1694616,1530664,163208,4568576,5069.939,1512.877,0,68451.685,0,4841.807,23116,37014,2,2.330,1.360,1,2,45.026,0,0,11,36,0,10,0
25-05 16:19:30,39.001,10.750,30.250,17.250,0.250,1686376,1532692,163820,4573948,10519.159,1608.024,0,55828.845,0,4283.065,20934,30594,2,2.330,1.360,3,0,103.002,0,0,11,36,0,10,0
25-05 16:19:31,42.722,16.739,27.732,10.743,0,1639756,1571440,164464,4581300,8639.368,1618.945,627.591,35596.795,18.988,2733.218,18675,28975,2,2.330,1.360,3,3,333.782,0,0,11,35,0,12,0
25-05 16:19:32,42.032,21.266,24.018,11.259,0,1547784,1658176,164868,4585504,8375.355,1621.230,1793.361,46700.434,34.026,3167.403,19690,32741,2,2.330,1.360,2,1,257.195,0,0,11,34,0,13,0
25-05 16:19:33,30.711,8.240,40.449,17.977,0,1603560,1596744,165028,4590784,11774.018,1617.941,0,53907.403,0,3790.177,19063,29076,2,2.330,1.360,2,1,65.916,0,0,11,34,0,13,0
25-05 16:19:34,33.790,6.758,43.051,13.516,0.250,1601044,1596628,165272,4593104,9077.836,1621.936,0,46899.983,0,3474.147,20408,33102,2.080,2.340,1.370,3,1,39.047,0,0,11,35,0,13,0
25-05 16:19:35,30.473,10.741,39.965,16.236,0,1540368,1653132,165560,4596856,9249.945,1498.695,0,40081.096,0,3334.097,18528,26374,2.080,2.340,1.370,3,1,112.902,0,0,11,34,0,13,0
25-05 16:19:36,33.746,7.749,39.745,15.498,0,1573620,1620692,165928,4595668,9225.942,1619.814,0,35503.929,0,3088.646,18563,26377,2.080,2.340,1.370,2,0,11.999,0,0,11,35,0,13,0
25-05 16:19:37,34.275,8.756,43.782,12.259,0.250,1494676,1697644,166164,4597404,7810.791,1621.202,0,37035.459,0,3010.232,19544,30643,2.080,2.340,1.370,1,2,61.045,0,0,11,34,0,16,0
25-05 16:19:38,32.938,6.987,40.674,15.970,0,1550036,1641952,166212,4597672,13754.288,1616.977,0,37322.229,0,3325.783,18598,26938,2.080,2.340,1.370,7,0,25.951,0,0,11,36,0,16,0
25-05 16:19:39,37.770,6.504,42.023,11.256,0.250,1552028,1638184,166292,4599324,26800.465,1512.817,0,25701.872,0,2353.270,17316,26874,2.310,2.380,1.380,2,1,39.021,0,0,11,37,0,16,0
25-05 16:19:40,34.043,9.512,41.553,14.018,0,1526332,1661620,166460,4601364,18188.127,1567.994,0,35100.632,0,3193.060,17985,28270,2.310,2.380,1.380,1,3,94.120,0,0,11,36,0,16,0
25-05 16:19:41,33.015,6.503,40.519,17.008,0.250,1546316,1638980,166680,4603732,7157.271,1620.741,0,54436.876,0,4099.874,20656,32276,2.310,2.380,1.380,4,1,39.018,0,0,11,37,0,16,0
25-05 16:19:42,30.639,8.967,42.097,15.693,0,1567944,1614504,166852,4606332,11246.154,1614.137,0,39022.270,0,3193.401,16891,27477,2.310,2.380,1.380,1,1,82.700,0,0,11,36,0,17,0
25-05 16:19:43,34.610,6.019,40.880,16.302,0.251,1570220,1609648,166920,4608772,11017.060,1625.172,0,45456.657,0,3662.656,18595,30172,2.310,2.380,1.380,4,2,77.246,0,0,11,36,0,17,0
25-05 16:19:44,30.983,11.244,39.229,15.492,0,1569404,1608188,166988,4610920,6236.586,1619.114,0,41849.090,0,3387.146,19104,28496,2.290,2.380,1.390,4,0,114.937,0,0,11,36,0,17,0
25-05 16:19:45,37.176,5.739,42.915,12.226,0,1579212,1598076,167064,4611088,6004.064,1616.786,0,29369.616,0,2574.881,14843,24790,2.290,2.380,1.390,2,1,23.952,0,0,11,36,0,17,0
25-05 16:19:46,32.256,10.252,40.507,15.003,0,1568384,1613128,167120,4606824,11179.921,1620.278,0,53969.272,0,4161.715,14553,29603,2.290,2.380,1.390,3,1,55.009,0,0,11,36,0,17,0
25-05 16:19:47,38.713,6.244,45.457,7.743,0.250,1568200,1612372,167192,4607684,10265.214,1618.457,0,34291.308,0,2620.502,12122,22367,2.290,2.380,1.390,3,0,46.955,0,0,11,34,0,19,0
25-05 16:19:48,10.280,22.315,64.436,2.006,0,1426256,1754464,167196,4607532,12334.658,1462.227,0,7987.090,0,444.284,7512,6796,2.290,2.380,1.390,2,0,522.511,0,0,11,32,0,19,0
25-05 16:19:49,29.266,22.012,46.776,0.750,0.250,1473812,1706484,167212,4607940,9062.974,1620.890,0,1216.668,0,91.050,6529,5701,2.260,2.370,1.390,3,0,468.257,0,0,11,32,0,25,0
25-05 16:19:50,64.493,11.249,22.748,0.750,0,1583728,1595180,167268,4609272,8872.055,1619.828,0,5079.459,0,292.969,4340,2836,2.260,2.370,1.390,4,0,3.000,0,0,11,32,0,25,0
25-05 16:19:51,67.975,7.719,23.405,0.249,0.249,1758632,1416272,167408,4612732,9988.611,1707.097,11.952,4617.330,1.992,107.565,4209,1825,2.260,2.370,1.390,3,0,5.976,0,0,11,32,0,25,0
25-05 16:19:52,35.392,7.028,40.914,14.809,0.251,1774408,1390636,167520,4621908,5652.665,1626.522,0,58088.915,0,3824.334,20100,30282,2.260,2.370,1.390,4,0,130.523,0,0,11,38,0,25,0
25-05 16:19:53,22.999,7.500,47.748,19.999,0,1775640,1379856,167592,4631092,7761.675,1619.932,0,74288.886,0,5289.778,26589,42101,2.260,2.370,1.390,4,1,203.991,0,0,11,38,0,25,0
25-05 16:19:54,19.998,7.249,50.245,21.748,0.250,1775344,1372800,167692,4638028,12772.718,1619.837,0,80135.954,0,5763.421,26197,41028,2.400,2.400,1.410,2,0,137.986,0,0,11,38,0,25,0
25-05 16:19:55,32.989,9.747,37.237,18.244,0,1698216,1444188,167760,4643520,6752.721,1457.508,0,64618.188,0,4532.470,23143,35710,2.400,2.400,1.410,3,4,200.932,0,0,11,36,0,25,0
25-05 16:19:56,36.779,8.006,34.777,18.515,0.250,1761424,1372804,167824,4651336,12548.838,1621.271,0,69930.824,0,5066.972,23198,36409,2.400,2.400,1.410,2,1,121.095,0,0,11,36,0,25,0
25-05 16:19:57,39.252,7.500,35.502,16.001,0,1810164,1315196,167876,4659844,13469.759,1620.091,0,46174.602,0,3157.178,18051,26186,2.400,2.400,1.410,2,1,29.002,0,0,11,38,0,25,0
25-05 16:19:58,26.745,10.248,41.992,18.246,0,1696348,1420128,167932,4668316,11129.864,1619.689,0,84055.866,0,5246.993,23155,36023,2.400,2.400,1.410,2,2,80.984,0,0,11,36,0,25,0
25-05 16:19:59,18.748,7.249,54.493,17.498,0,1681344,1432120,167940,4671244,57596.959,1619.802,0,64760.084,0,4983.391,23127,36553,2.290,2.370,1.400,3,1,68.992,0,0,11,36,0,25,0
25-05 16:20:00,32.003,5.000,47.504,13.751,0.250,1677268,1432856,167948,4674456,5298.425,1620.130,0,47167.782,0,3521.282,17472,26046,2.290,2.370,1.400,2,0,69.006,0,0,11,34,0,25,0
25-05 16:20:01,20.664,14.191,62.241,1.992,0.249,1454552,1655532,167956,4674488,10095.001,1451.959,0,10145.790,0,594.527,5822,5511,2.290,2.370,1.400,2,0,247.968,0,0,11,32,0,25,0
25-05 16:20:02,22.511,6.003,69.785,0.500,0,1526728,1583264,167960,4674564,9887.942,1620.810,76.038,1284.642,10.005,75.038,2528,2009,2.290,2.370,1.400,2,0,11.006,0,0,11,32,0,25,0
25-05 16:20:03,23.582,3.512,70.998,1.505,0.251,1555668,1554320,167960,4674564,8810.716,1625.667,0,5832.333,0,319.113,3169,3061,2.290,2.370,1.400,1,0,2.007,0,0,11,38,0,25,0
25-05 16:20:04,25.758,6.752,67.020,0,0,1451192,1658788,167960,4677848,9831.924,1620.482,0,80.024,0,6.002,2873,8934,2.190,2.350,1.400,4,0,63.019,0,0,11,32,0,25,0
25-05 16:20:05,22.692,4.239,71.567,0,0,1498796,1611176,167960,4674580,8089.331,1615.871,0,71.817,0,6.982,2208,4688,2.190,2.350,1.400,2,0,0.997,0,0,11,32,0,26,0
25-05 16:20:06,24.000,3.500,71.251,1.500,0,1475132,1634840,167960,4674580,11576.119,1620.017,0,7296.075,0,361.004,2965,3053,2.190,2.350,1.400,3,0,6.000,0,0,11,32,0,26,0
25-05 16:20:07,12.534,35.347,49.887,0.501,0,1465824,1644112,167968,4674604,9275.478,1624.462,4.011,3642.004,1.003,258.711,8386,8011,2.190,2.350,1.400,2,0,1040.859,0,0,11,32,0,25,0
25-05 16:20:08,8.996,24.489,65.470,0,0.250,1443500,1666300,167968,4674720,9728.498,1619.251,0,199.907,0,19.991,6485,5085,2.190,2.350,1.400,1,0,599.722,0,0,11,32,0,25,0
25-05 16:20:09,8.250,19.750,69.751,0,0,1419604,1690168,167968,4674748,20159.342,1458.025,0,176.003,0,13.000,5858,4341,2.090,2.330,1.400,1,0,393.007,0,0,11,32,0,25,0
25-05 16:20:10,9.252,21.254,68.011,0,0.250,1397548,1712060,167968,4674912,9584.618,1620.273,0,180.030,0,11.002,5768,4445,2.090,2.330,1.400,3,0,385.065,0,0,11,32,0,25,0
25-05 16:20:11,19.491,15.493,63.720,0,0,1401972,1707572,167972,4675276,5427.457,1619.241,0,7.996,0,1.999,6190,7598,2.090,2.330,1.400,4,0,214.899,0,0,11,32,0,25,0
25-05 16:20:12,46.139,9.976,43.395,0,0.499,1501968,1607552,167976,4675404,12110.760,1616.098,0,51.875,0,1.995,3687,2164,2.090,2.330,1.400,2,0,108.737,0,0,11,33,0,25,0
25-05 16:20:13,45.492,5.249,47.991,0.250,0.250,1602720,1506500,167988,4675692,11077.971,1619.703,103.981,735.865,1.000,22.996,3724,2758,2.090,2.330,1.400,5,0,16.997,0,0,11,49,0,25,0
25-05 16:20:14,46.033,6.254,47.034,0.250,0,1641064,1464644,168044,4678800,10102.208,1621.157,4.003,1501.071,1.001,151.108,4012,5538,2.080,2.320,1.400,5,0,2.001,0,0,11,49,0,25,0
25-05 16:20:15,13.033,20.552,65.166,0,0,1646408,1458300,168048,4680144,9179.355,1624.132,0,300.765,0,8.020,7202,8487,2.080,2.320,1.400,1,0,406.033,0,0,11,48,0,25,0
25-05 16:20:16,13.708,7.726,77.013,0.249,0,1632968,1471596,168052,4679812,6737.234,1453.520,103.680,219.324,9.969,20.935,3578,4741,2.080,2.320,1.400,1,0,91.717,0,0,11,48,0,25,0
25-05 16:20:17,0.750,1.000,97.784,0,0.250,1633220,1471344,168052,4679812,15253.309,1620.564,0,324.113,0,19.007,871,1084,2.080,2.320,1.400,1,0,3.001,0,0,11,48,0,25,0
25-05 16:20:18,0.500,0.750,96.939,0.500,0,1633444,1471120,168052,4679812,11536.728,1618.980,0,4493.168,0,326.794,1328,1082,2.080,2.320,1.400,1,0,1.999,0,0,11,48,0,25,0
25-05 16:20:19,1.251,0.250,97.840,0,0,1633444,1471120,168052,4679812,14118.007,1621.494,0,0,0,0,827,995,1.920,2.280,1.390,1,0,2.002,0,0,11,48,0,25,0
25-05 16:20:20,2.000,2.751,94.772,0,0,1583092,1521464,168052,4679808,10528.410,1620.371,0,0,0,0,1371,1573,1.920,2.280,1.390,1,0,29.007,0,0,11,48,0,25,0
25-05 16:20:21,18.001,16.001,65.252,0,0,1632364,1472176,168052,4679820,11197.416,1458.054,0,8.000,0,2.000,5960,7681,1.920,2.280,1.390,4,0,271.010,0,0,11,48,0,25,0
25-05 16:20:22,9.233,16.470,72.368,0,0.250,1635540,1468968,168052,4679868,7457.427,1617.057,15.971,3.993,0.998,0.998,5059,4587,1.920,2.280,1.390,1,0,286.479,0,0,12,48,0,25,0
25-05 16:20:23,18.235,18.735,61.950,0.500,0.749,1648368,1455988,168060,4680324,8605.117,1856.515,79.936,2901.679,16.986,45.963,7001,7925,1.920,2.280,1.390,3,0,292.766,0,0,12,64,0,25,0
25-05 16:20:24,8.256,8.506,81.805,0,0,1649576,1454800,168060,4679964,11260.588,1621.092,0,236.159,0,10.007,2950,3289,1.760,2.250,1.390,0,0,186.125,0,0,12,64,0,25,0
25-05 16:20:25,11.538,12.291,74.749,0,0,1653704,1450652,168060,4680000,9091.276,1625.413,0,0,0,0,4874,5567,1.760,2.250,1.390,1,0,211.705,0,0,14,64,0,25,0
25-05 16:20:26,13.487,14.986,70.434,0,0,1658004,1446304,168060,4680024,15462.528,1618.485,0,211.802,0,17.983,5792,5791,1.760,2.250,1.390,1,0,314.705,0,0,14,66,0,25,0
25-05 16:20:27,9.262,20.277,68.843,0.501,0,1645388,1458732,168060,4680192,11081.910,1514.037,0,468.630,0,32.043,5887,4480,1.760,2.250,1.390,1,0,379.511,0,0,14,66,0,25,0
25-05 16:20:28,17.505,16.005,65.269,0,0,1652488,1451620,168060,4680204,11347.311,1692.494,0,24.007,0,6.002,5953,7178,1.760,2.250,1.390,3,0,231.067,0,0,14,66,0,18,0
25-05 16:20:29,28.505,24.254,46.258,0,0.250,1733456,1370616,168072,4680228,10922.781,1620.264,0,412.067,0,10.002,6853,5684,1.860,2.260,1.390,2,0,563.092,0,0,14,66,0,18,0
25-05 16:20:30,29.691,24.951,44.412,0,0.250,1784452,1318372,168128,4681408,7731.674,1658.712,31.937,47.905,1.996,3.992,7365,8728,1.860,2.260,1.390,4,0,609.791,0,0,14,66,0,18,0
25-05 16:20:31,31.024,24.769,43.534,0,0,1897568,1204732,168152,4682240,5928.568,1621.249,0,68.052,0,13.010,6730,6732,1.860,2.260,1.390,2,0,411.317,0,0,14,70,0,20,0
25-05 16:20:32,54.169,17.224,27.958,0,0.250,1969316,1132956,168160,4682136,7225.208,1617.584,0,535.201,0,2.996,5147,5358,1.860,2.260,1.390,6,0,318.524,0,0,14,70,0,16,0
25-05 16:20:33,60.898,22.555,16.540,0,0,2092200,1009792,168164,4682680,11754.658,1714.179,0,1046.552,0,132.323,6441,5872,1.860,2.260,1.390,9,0,403.985,0,0,14,70,0,16,0
25-05 16:20:34,68.254,23.251,7.000,0.250,0.250,2186896,914044,168240,4683528,7573.406,1620.087,0,5832.313,0,372.020,6040,6544,1.950,2.270,1.400,4,0,454.024,0,0,14,70,0,16,0
25-05 16:20:35,74.259,22.753,2.250,0.250,0,2331784,766040,168908,4685748,9371.137,1554.189,572.069,756.092,70.008,36.004,6338,8674,1.950,2.270,1.400,6,0,334.041,0,0,14,74,0,16,0
25-05 16:20:36,68.003,24.751,5.250,2.250,0,2497652,588236,168912,4696988,7466.292,1566.061,0,23448.919,0,1418.056,12697,18735,1.950,2.270,1.400,6,1,371.015,0,0,14,76,0,15,0
25-05 16:20:37,65.578,22.940,8.228,1.995,0,2600100,476876,169024,4705720,12266.916,1615.774,0,16792.081,0,1423.277,14042,24450,1.950,2.270,1.400,20,0,361.056,0,0,14,76,0,16,0
25-05 16:20:38,73.208,21.238,4.747,0,0.250,2701376,373652,169024,4707188,12465.869,1619.074,0,1918.902,0,85.951,7637,12958,1.950,2.270,1.400,7,0,302.827,0,0,14,85,0,25,0
25-05 16:20:39,53.919,23.825,21.567,0,0.251,2801312,272140,169024,4708748,15484.456,1625.085,4.013,1199.754,1.003,66.207,8059,11549,2.040,2.280,1.410,3,0,504.579,0,0,14,91,0,26,0
25-05 16:20:40,39.145,18.201,41.638,0.249,0.249,2864768,208348,169024,4709476,13678.189,1615.652,0,1136.940,0,60.836,7019,8028,2.040,2.280,1.410,3,0,306.176,0,0,14,93,0,23,0
25-05 16:20:41,52.894,12.785,33.842,0,0,2981848,154520,168744,4647740,8089.996,1624.417,0,4909.348,0,57.155,5559,6682,2.040,2.280,1.410,3,0,136.371,0,0,14,96,0,26,0
25-05 16:20:42,28.495,12.748,56.491,1.250,0,3034380,165404,168660,4585380,5206.127,1457.756,0,5955.002,0,300.950,5618,5450,2.040,2.280,1.410,2,0,176.970,0,0,14,99,0,27,0
25-05 16:20:43,8.501,18.753,70.762,0.250,0,3041256,158568,168660,4585416,11616.986,1710.292,0,1280.219,0,69.012,5841,4464,2.040,2.280,1.410,3,0,338.058,0,0,14,99,0,27,0
25-05 16:20:44,8.747,19.742,70.472,0,0.250,3037364,162428,168660,4585448,16426.476,1619.357,0,123.951,0,9.996,5596,4087,1.950,2.260,1.410,2,0,342.864,0,0,14,99,0,26,0
25-05 16:20:45,15.231,11.736,71.662,0,0.499,3075800,191408,168656,4519476,9008.921,1618.010,0,7.990,0,1.998,3379,2324,1.950,2.260,1.410,4,0,133.835,0,0,14,99,0,26,0
25-05 16:20:46,22.286,3.756,73.117,0.250,0,3106784,160412,168660,4519484,10251.345,1622.587,4.006,604.965,1.002,17.027,2805,2799,1.950,2.260,1.410,1,0,0,0,0,14,101,0,26,0
25-05 16:20:47,19.912,6.223,72.680,0,0,3086764,180416,168660,4519500,8454.745,1612.893,0,199.123,0,10.952,2565,1927,1.950,2.260,1.410,1,0,62.724,0,0,14,101,0,26,0
25-05 16:20:48,24.024,2.753,71.822,0.250,0,3109964,157020,168668,4519692,15197.201,1621.622,0,328.328,0,32.032,3116,3061,1.950,2.260,1.410,4,0,1.001,0,0,14,106,0,24,0
25-05 16:20:49,25.262,4.752,68.032,1.000,0,3119784,146996,168672,4519860,34124.219,1458.693,0,1904.905,0,235.112,5734,7750,1.960,2.260,1.410,3,0,4.002,0,0,14,111,0,24,0
25-05 16:20:50,25.443,8.481,64.107,0.748,0,3127496,139216,168672,4519928,6773.906,1616.398,0,1265.181,0,100.775,4224,4351,1.960,2.260,1.410,1,0,110.753,0,0,14,110,0,25,0
25-05 16:20:51,32.898,6.027,60.272,0.753,0.251,3209276,125224,168676,4454380,9909.643,1721.757,0,2266.209,0,138.625,3857,3606,1.960,2.260,1.410,3,0,4.018,0,0,14,115,0,26,0
25-05 16:20:52,28.169,6.232,62.819,1.246,0.249,3230532,169468,168676,4390440,7858.332,1615.340,0,3242.646,0,244.295,5856,7452,1.960,2.260,1.410,3,0,5.983,0,0,14,118,0,20,0
25-05 16:20:53,39.252,13.501,46.252,0,0,3258956,204060,168676,4328508,12450.519,1710.071,0,548.023,0,43.002,4182,3209,1.960,2.260,1.410,3,0,98.004,0,0,14,118,0,20,0
25-05 16:20:54,36.750,9.000,53.000,1.000,0.500,3254068,272036,168676,4266796,7871.995,1619.999,184.000,5167.997,1.000,469.000,4253,2350,1.960,2.250,1.420,1,0,56.000,0,0,14,118,0,20,0
25-05 16:20:55,21.738,3.748,73.458,0.250,0,3329276,196996,168676,4266772,5709.760,1619.081,0,339.807,0,12.993,1958,1541,1.960,2.250,1.420,2,0,0,0,0,14,118,0,20,0
25-05 16:20:56,21.745,5.249,72.483,0,0,3314284,211984,168676,4266776,10149.597,1619.617,0,255.939,0,14.996,2568,1878,1.960,2.250,1.420,2,0,50.988,0,0,14,118,0,20,0
25-05 16:20:57,23.341,3.012,72.030,0.502,0.251,3331184,195028,168676,4266832,8091.403,1463.681,0,654.540,0,72.281,2852,2840,1.960,2.250,1.420,1,0,1.004,0,0,14,121,0,21,0
25-05 16:20:58,19.440,7.975,71.279,0.249,0,3311172,215028,168676,4266840,13584.836,1614.987,0,4342.522,0,123.616,3624,3476,1.960,2.250,1.420,3,0,81.746,0,0,14,120,0,21,0
25-05 16:20:59,23.292,3.005,72.379,0.501,0,3260572,265592,168676,4266876,11550.598,1622.894,0,5549.897,0,220.393,2656,1718,1.880,2.230,1.410,3,0,6.011,0,0,14,120,0,21,0
25-05 16:21:00,20.232,6.244,72.934,0,0,3323768,202368,168676,4266904,24974.421,1618.537,0,0,0,0,2443,1675,1.880,2.230,1.410,1,0,48.956,0,0,14,120,0,21,0
25-05 16:21:01,29.493,5.499,62.486,1.500,0.250,3342920,182512,168676,4267608,9315.868,1619.629,0,1743.601,0,234.946,7275,10907,1.880,2.230,1.410,2,0,4.999,0,0,14,124,0,21,0
25-05 16:21:02,22.500,7.000,69.251,0.750,0.250,3360016,165384,168676,4267640,7100.064,1458.013,0,2360.021,0,168.002,4469,5481,1.880,2.230,1.410,4,0,61.001,0,0,14,125,0,23,0
25-05 16:21:03,23.020,3.503,72.812,0,0,3398784,126592,168676,4267648,11502.863,1621.390,0,588.505,0,40.034,2210,1834,1.880,2.230,1.410,3,0,0,0,0,14,126,0,23,0
25-05 16:21:04,24.257,4.251,69.519,0.750,0.250,3391520,133812,168676,4267692,13370.599,1620.436,0,1408.379,0,149.040,5053,6706,1.810,2.210,1.410,1,0,0,0,0,14,126,0,23,0
25-05 16:21:05,34.945,10.484,52.667,0.250,0,3343416,244344,168676,4206856,9467.146,1617.462,7.987,1437.744,0.998,122.807,6744,21077,1.810,2.210,1.410,1,0,113.821,0,0,14,127,0,24,0
25-05 16:21:06,25.529,3.754,69.831,0.501,0,3385676,201816,168680,4207120,8376.658,1621.870,0,941.085,0,97.112,3458,3949,1.810,2.210,1.410,4,0,0,0,0,14,128,0,25,0
25-05 16:21:07,19.227,8.989,69.667,1.498,0.250,3376024,211444,168680,4207144,9251.998,1456.268,0,6312.493,0,397.527,4402,5020,1.810,2.210,1.410,2,0,146.825,0,0,14,127,0,25,0
25-05 16:21:08,24.157,3.487,71.225,0.249,0,3375428,212032,168680,4207152,12555.567,1613.775,0,553.863,0,43.831,3253,3373,1.810,2.210,1.410,4,0,0,0,0,14,128,0,25,0
25-05 16:21:09,22.349,6.027,68.804,1.256,0,3378212,209204,168688,4207196,16157.362,1627.187,0,3419.101,0,382.690,6361,8076,1.750,2.190,1.410,3,0,0,0,0,14,128,0,24,0
25-05 16:21:10,38.572,15.529,44.583,0,0.250,3363336,223716,168688,4207512,6684.412,1951.624,32.060,1610.991,2.004,157.292,11020,15438,1.750,2.190,1.410,2,0,290.539,0,0,14,129,0,24,0
25-05 16:21:11,45.655,5.239,47.402,0.748,0.249,3431404,155356,168688,4207804,7340.790,1792.286,0,1277.353,0,138.713,7327,10056,1.750,2.190,1.410,2,0,0,0,0,14,130,0,24,0
25-05 16:21:12,16.033,11.273,71.399,0,0,3413804,172908,168692,4207832,10112.058,1783.715,4.008,1495.114,1.002,28.058,4165,3242,1.750,2.190,1.410,3,0,176.367,0,0,14,129,0,24,0
25-05 16:21:13,9.247,20.743,69.226,0.250,0,3377584,209088,168692,4207872,11394.982,1709.397,0,559.803,0,34.988,6047,4626,1.750,2.190,1.410,2,0,399.859,0,0,14,129,0,24,0
25-05 16:21:14,19.235,16.238,62.702,0.500,0.250,3318768,267880,168692,4207884,10626.879,1618.763,0,2765.886,0,154.882,6427,7652,1.690,2.170,1.410,2,0,229.824,0,0,14,129,0,24,0
25-05 16:21:15,29.742,23.493,45.737,0,0,3392664,193908,168700,4207936,8864.530,1499.582,0,283.921,0,21.994,6559,5252,1.690,2.170,1.410,2,0,464.870,0,0,14,129,0,24,0
25-05 16:21:16,31.059,21.290,46.087,0.250,0,3444204,141352,168708,4209284,9668.352,1777.374,16.030,252.479,1.002,19.036,8320,11177,1.690,2.170,1.410,1,0,395.751,0,0,14,135,0,24,0
25-05 16:21:17,46.330,21.172,31.883,0,0.249,3548144,157656,168716,4092224,7574.126,1683.803,91.663,263.032,4.982,11.956,7076,11969,1.690,2.170,1.410,6,0,436.394,0,0,16,139,0,24,0
25-05 16:21:18,56.392,22.807,19.800,0,0,3686104,123984,168716,3990100,9435.751,1624.088,24.061,553.393,2.005,41.103,6862,7536,1.690,2.170,1.410,4,0,465.171,0,0,16,141,0,24,0
25-05 16:21:19,42.791,22.772,33.282,0,0.500,3756608,144816,168720,3899144,10819.436,1621.564,0,404.390,0,27.026,8431,14061,1.790,2.190,1.420,2,0,406.392,0,0,16,157,0,24,0
25-05 16:21:20,17.491,24.987,55.222,1.249,0,3705196,193332,168884,3901876,10758.606,1619.188,2766.613,5241.372,84.957,440.779,7166,15337,1.790,2.190,1.420,2,0,465.766,0,0,16,157,0,24,0
25-05 16:21:21,12.943,20.658,64.215,0.249,0,3715640,181868,168884,3903252,9051.794,1702.438,0,525.665,0,39.823,7310,7911,1.790,2.190,1.420,2,0,365.377,0,0,16,159,0,24,0
25-05 16:21:22,25.016,18.012,56.286,0.250,0,3761292,136192,168884,3902924,11696.531,1458.939,0,352.227,0,24.015,6259,6447,1.790,2.190,1.420,2,0,282.182,0,0,16,161,0,24,0
25-05 16:21:23,30.396,25.372,43.208,0.251,0,3820512,132024,168740,3849212,11195.858,1698.169,72.348,574.765,1.005,49.237,7612,7593,1.790,2.190,1.420,10,0,510.456,0,0,16,161,0,24,0
25-05 16:21:24,30.408,17.946,50.846,0,0.249,3868800,126676,168744,3806464,9694.725,1615.123,0,530.398,0,18.943,6047,6894,2.130,2.250,1.440,3,0,255.229,0,0,16,167,0,24,0
25-05 16:21:25,37.864,28.085,32.348,1.003,0,3968724,129072,168740,3706576,9427.419,1624.898,0,9637.051,0,607.832,10085,14509,2.130,2.250,1.440,2,1,653.971,0,0,16,175,0,24,0
25-05 16:21:26,24.728,24.977,48.456,0,0.500,4017332,158876,168740,3630448,5912.633,1618.531,0,1758.404,0,189.828,9944,15659,2.130,2.250,1.440,2,0,590.464,0,0,16,187,0,24,0
25-05 16:21:27,15.716,18.710,64.362,0,0,4040884,135316,168740,3630920,9938.734,1454.887,0,247.470,0,12.972,6379,6910,2.130,2.250,1.440,2,0,308.340,0,0,16,187,0,24,0
25-05 16:21:28,34.944,13.229,51.418,0.250,0.250,4143696,144128,168740,3522356,13514.496,1617.426,0,567.098,0,23.962,4231,3236,2.130,2.250,1.440,2,0,116.814,0,0,16,187,0,24,0
25-05 16:21:29,43.612,9.775,45.366,0.251,0,4261640,137892,168740,3413084,51905.053,1624.163,8.021,340.874,2.005,37.095,3374,2091,2.120,2.250,1.440,3,0,11.028,0,0,16,203,0,24,0
25-05 16:21:30,31.545,10.765,56.830,0.250,0,4196404,263732,168744,3353524,10806.296,1622.296,12.017,360.510,3.004,31.044,3964,3554,2.120,2.250,1.440,4,0,138.196,0,0,16,206,0,24,0
25-05 16:21:31,33.223,24.230,40.967,0,0,4268636,190152,168748,3354868,10093.772,1750.573,1179.039,611.502,12.989,37.969,7318,7561,2.120,2.250,1.440,2,0,567.537,0,0,16,209,0,24,0
25-05 16:21:32,41.550,25.129,32.593,0.249,0.249,4307876,148956,168752,3357252,9721.118,1612.225,808.103,3519.029,13.933,191.078,7637,10491,2.120,2.250,1.440,3,0,406.042,0,0,16,211,0,25,0
25-05 16:21:33,65.885,17.220,15.972,0.250,0,4394060,131848,168760,3290204,12958.355,1617.174,567.009,1365.614,13.976,47.916,5262,5023,2.120,2.250,1.440,4,0,148.740,0,0,16,216,0,23,0
25-05 16:21:34,69.229,15.860,12.839,1.762,0,4441068,161008,168768,3215088,6005.535,1468.154,5425.524,620.290,257.783,46.320,5856,5157,2.190,2.260,1.450,3,1,35.244,0,0,16,228,0,23,0
25-05 16:21:35,54.551,18.267,24.273,2.002,0.250,4521800,149280,168804,3146816,11549.834,1621.521,2922.742,1997.874,246.231,146.137,7830,9451,2.190,2.260,1.450,4,0,250.235,0,0,16,229,0,27,0
25-05 16:21:36,41.839,25.153,32.873,0,0.249,4526604,141796,168804,3149904,7492.111,1655.616,15.939,1159.529,0.996,64.750,7611,10217,2.190,2.260,1.450,3,0,462.218,0,0,16,231,0,27,0
25-05 16:21:37,52.061,24.279,22.026,0.501,0.250,4510192,198952,168804,3109452,8573.081,1691.990,12.014,8874.436,3.004,41.048,7132,8863,2.190,2.260,1.450,4,0,405.477,0,0,16,231,0,28,0
25-05 16:21:38,58.844,25.541,15.274,0.250,0,4625524,125700,168808,3068788,13779.000,1622.591,56.090,5448.699,4.006,64.102,6774,7722,2.190,2.260,1.450,4,0,422.675,0,0,16,231,0,29,0
25-05 16:21:39,60.977,22.241,14.994,0.250,0.250,4618284,170788,168816,3031312,18652.869,1619.381,1271.514,811.690,54.979,55.979,7866,12279,2.260,2.270,1.460,5,0,387.852,0,0,16,235,0,33,0
25-05 16:21:40,57.773,25.649,15.937,0.249,0,4721472,176776,168824,2924804,8685.831,1613.652,171.326,2008.100,8.965,214.158,7049,7752,2.260,2.270,1.460,5,0,432.299,0,0,16,241,0,34,0
25-05 16:21:41,56.363,25.301,16.032,0.752,0,4760144,170624,168824,2892600,5835.695,1551.109,392.787,5975.977,24.048,739.482,9518,14540,2.260,2.270,1.460,4,0,285.572,0,0,16,247,0,21,0
25-05 16:21:42,71.776,15.756,12.755,0,0,4901816,181196,168824,2742044,5583.997,1620.579,336.120,656.235,3.001,17.006,4704,3913,2.260,2.270,1.460,4,0,18.006,0,0,16,247,0,23,0
25-05 16:21:43,67.151,15.786,15.786,0.752,0.251,4934684,142456,168828,2747924,11528.998,1623.661,1691.815,894.016,97.219,66.149,9852,15267,2.260,2.270,1.460,5,0,19.043,0,0,16,256,0,28,0
25-05 16:21:44,55.184,19.976,21.724,2.247,0.250,4866136,246796,168828,2712660,36886.942,1618.067,1058.735,791.055,12.984,53.936,6352,5529,2.400,2.300,1.480,2,4,234.720,0,0,16,257,0,28,0
25-05 16:21:45,48.093,29.056,20.790,0.751,0.250,4928300,180840,169080,2716140,8169.793,1623.138,4640.971,1874.624,72.139,82.159,7879,8293,2.400,2.300,1.480,3,0,563.088,0,0,16,258,0,27,0
25-05 16:21:46,59.954,21.146,16.419,0.746,0,4942644,165648,169084,2717212,7469.140,1612.045,541.329,14838.772,7.961,871.698,8489,10957,2.400,2.300,1.480,7,0,219.915,0,0,17,257,0,27,0
25-05 16:21:47,77.037,20.875,1.243,0.249,0,5068984,138512,169088,2620628,9632.160,1610.330,1650.091,294.233,77.534,16.899,5694,3851,2.400,2.300,1.480,5,0,126.242,0,0,17,260,0,27,0
25-05 16:21:48,82.626,13.897,2.274,1.263,0.253,5111468,129796,169104,2588296,11931.459,1473.619,2817.866,1584.797,144.532,59.632,5886,4046,2.400,2.300,1.480,8,0,18.193,0,0,17,264,0,27,0
25-05 16:21:49,60.996,17.249,20.249,0.500,0.250,5167456,130220,169120,2533492,8998.435,2105.868,1323.917,1575.901,40.997,129.992,8348,10503,2.840,2.390,1.510,5,1,221.986,0,0,17,270,0,28,0
25-05 16:21:50,43.175,10.731,45.671,0.250,0,5184776,138484,169120,2508776,13039.329,3820.358,674.827,1197.917,13.976,144.748,4803,5620,2.840,2.390,1.510,4,0,18.967,0,0,17,273,0,28,0
25-05 16:21:51,46.284,10.258,42.782,0.500,0,5118164,219080,169120,2495364,12661985.052,70030.935,840.623,872.647,12.009,78.058,8260,6516,2.840,2.390,1.510,5,0,46.034,0,0,17,278,0,29,0
25-05 16:21:52,33.423,16.712,47.890,0.249,0,5190456,140416,169120,2501720,3903823.866,18383.772,2777.620,510.827,28.934,25.940,5994,4660,2.840,2.390,1.510,3,0,265.390,0,0,17,278,0,29,0
25-05 16:21:53,33.318,6.263,58.619,0.501,0.251,5168060,178420,169120,2486884,12198.841,1623.306,513.045,877.787,4.008,87.178,4309,4548,2.840,2.390,1.510,4,0,6.012,0,0,17,288,0,31,0
25-05 16:21:54,24.714,3.994,68.899,0.749,0.250,5156044,190048,169124,2487268,10503.567,1659.562,495.272,758.885,26.960,66.902,5720,8219,2.700,2.370,1.510,2,0,3.994,0,0,17,294,0,31,0
25-05 16:21:55,19.242,11.995,68.221,0.250,0,5099108,230440,169124,2503780,11437.132,1457.380,47.980,1379.413,3.998,93.960,6574,7251,2.700,2.370,1.510,2,0,224.904,0,0,17,290,0,33,0
25-05 16:21:56,19.236,9.993,68.700,0.250,0,5147936,181296,169124,2504096,8166.110,1618.832,191.862,507.634,9.993,28.979,4650,4795,2.700,2.370,1.510,2,0,240.826,0,0,17,290,0,33,0
25-05 16:21:57,16.062,12.046,71.777,0,0,5148260,180900,169128,2504164,6022.232,1626.274,0,27221.012,0,85.329,4176,3071,2.700,2.370,1.510,2,0,193.747,0,0,17,290,0,33,0
25-05 16:21:58,7.745,20.237,69.956,0.250,0.250,5148756,180344,169128,2504208,11402.780,1618.975,0,3597.722,0,26.983,6068,4723,2.700,2.370,1.510,1,0,384.756,0,0,17,290,0,32,0
25-05 16:21:59,3.984,4.980,88.644,0.498,0.249,5142880,186148,169128,2504232,7865.369,1613.511,15.936,1418.296,0.996,83.664,2555,2688,2.480,2.330,1.500,1,0,90.636,0,0,17,290,0,32,0
25-05 16:22:00,17.261,4.253,78.048,0.250,0,5197768,131216,169128,2504276,5909.638,1620.998,0,176.108,0,20.012,1999,1747,2.480,2.330,1.500,2,0,9.006,0,0,17,290,0,32,0
25-05 16:22:01,22.578,7.275,68.235,0,0,5130108,220852,169128,2483040,13083.076,1625.601,68.235,305.051,5.017,40.138,4349,4634,2.480,2.330,1.500,3,0,97.335,0,0,17,294,0,33,0
25-05 16:22:02,12.261,17.516,68.563,0.500,0,5129308,221180,169132,2483476,9997.255,1459.351,60.056,1593.475,5.005,90.083,5766,4608,2.480,2.330,1.500,1,0,232.215,0,0,17,294,0,32,0
25-05 16:22:03,12.481,16.725,69.645,0.250,0.250,5126524,223736,169132,2483688,15251.102,1617.571,0,231.652,0,27.958,5110,3732,2.480,2.330,1.500,2,0,177.733,0,0,17,298,0,32,0
25-05 16:22:04,12.220,14.215,70.327,0.748,0.249,5116560,230960,169180,2486220,10216.898,1616.030,2398.108,0,95.765,0,4902,3610,2.360,2.310,1.500,2,0,183.549,0,0,17,298,0,32,0
25-05 16:22:05,16.726,10.984,71.896,0.250,0.250,5131888,212544,169180,2489120,5584.929,1687.561,1110.395,9458.332,58.915,120.825,6424,24360,2.360,2.310,1.500,1,0,53.922,0,0,17,302,0,33,0
25-05 16:22:06,4.002,1.501,92.545,1.000,0,5124420,219908,169180,2489224,10010.820,1620.780,0,4726.276,0,626.302,2622,2518,2.360,2.310,1.500,1,0,0,0,0,17,302,0,31,0
25-05 16:22:07,1.499,0.500,97.431,0.250,0,5122652,221676,169180,2489224,7929.348,1618.846,0,135.903,0,11.991,932,1249,2.360,2.310,1.500,1,0,0,0,0,17,302,0,31,0
25-05 16:22:08,1.503,0.751,96.437,0.250,0.250,5110692,233628,169180,2489232,9918.197,1460.827,0,308.597,0,35.068,1271,1954,2.360,2.310,1.500,1,0,0,0,0,17,302,0,31,0
25-05 16:22:09,1.251,0.750,97.058,0.250,0.250,5109104,235216,169180,2489232,18275.897,1620.966,0,148.088,0,11.007,1015,1372,2.250,2.290,1.490,1,0,0,0,0,17,302,0,31,0
25-05 16:22:10,1.499,0.749,97.177,0,0,5107716,236604,169180,2489232,7194.632,1618.792,0,119.911,0,10.992,1014,1280,2.250,2.290,1.490,1,0,0,0,0,17,302,0,30,0
25-05 16:22:11,5.744,2.248,89.659,0.749,0,5105392,238888,169184,2489476,9120.713,1618.352,0,8603.240,0,549.441,3285,3979,2.250,2.290,1.490,2,0,0.999,0,0,17,304,0,30,0
25-05 16:22:12,1.250,0.750,95.482,1.500,0.250,5099948,244332,169184,2489476,15043.217,1619.700,0,6126.866,0,596.890,1973,1489,2.250,2.290,1.490,1,0,1.000,0,0,17,304,0,30,0
25-05 16:22:13,2.251,0.500,96.051,0,0,5099032,245248,169184,2489476,9122.874,1620.866,0,32.017,0,4.002,959,1317,2.250,2.290,1.490,1,0,0,0,0,17,304,0,30,0
25-05 16:22:14,1.500,0.750,97.763,0,0,5098864,245416,169184,2489476,9302.226,1458.192,0,0,0,0,909,1228,2.070,2.250,1.490,1,0,0,0,0,17,304,0,30,0
25-05 16:22:15,2.250,1.000,95.980,0,0.250,5091484,252836,169220,2489400,10378.890,126224.344,87.982,139.972,4.999,9.998,1265,1659,2.070,2.250,1.490,1,0,0,0,0,17,304,0,30,0
25-05 16:22:16,3.751,1.500,94.515,0.250,0.500,5091220,252836,169224,2489660,11958.924,1620.261,0,572.092,0,23.004,1369,1976,2.070,2.250,1.490,1,0,0,0,0,17,304,0,30,0
25-05 16:22:17,1.000,0,97.498,0,0,5091200,252836,169224,2489680,9223.782,1619.962,0,0,0,0,892,1223,2.070,2.250,1.490,1,0,0,0,0,17,304,0,30,0
25-05 16:22:18,1.499,1.249,97.454,0.250,0,5091200,252836,169224,2489680,14494.103,1619.229,0,91.956,0,11.994,983,1303,2.070,2.250,1.490,1,0,0,0,0,17,304,0,30,0
25-05 16:22:19,1.499,0.500,96.667,0,0,5091196,252836,169224,2489684,11554.021,1618.602,0,755.348,0,3.997,1134,1459,1.910,2.210,1.480,1,0,0,0,0,17,304,0,30,0
25-05 16:22:20,1.753,0.751,97.179,0,0.250,5091416,252612,169224,2489688,7088.020,1622.981,0,0,0,0,950,1261,1.910,2.210,1.480,1,0,0,0,0,17,304,0,30,0
25-05 16:22:21,3.995,1.498,93.392,0,0,5091416,252612,169224,2489688,6921.019,1618.134,0,155.820,0,15.982,1620,2360,1.910,2.210,1.480,1,0,0,0,0,17,304,0,30,0
25-05 16:22:22,1.001,0.751,97.368,0,0,5091304,252612,169224,2489800,11584.073,1459.773,0,140.170,0,9.011,1000,1311,1.910,2.210,1.480,2,0,1.001,0,0,17,304,0,30,0
25-05 16:22:23,1.998,0.749,96.148,0.499,0,5091304,252612,169224,2489800,10809.563,1618.288,0,291.691,0,33.964,1325,1953,1.910,2.210,1.480,3,0,0,0,0,17,304,0,30,0
25-05 16:22:24,1.250,1.250,97.731,0.250,0.250,5091304,252612,169224,2489800,8311.369,1619.682,0,143.972,0,9.998,942,1322,1.750,2.170,1.470,1,0,0,0,0,17,304,0,30,0
25-05 16:22:25,1.000,0.500,96.002,0.500,0.250,5091528,252388,169224,2489800,11296.291,1620.042,96.002,1360.035,4.000,194.005,1620,1806,1.750,2.170,1.470,1,0,2.000,0,0,17,304,0,30,0
25-05 16:22:26,3.747,1.998,93.419,0.250,0.250,5090872,252388,169224,2490456,36053.921,1618.605,0,16649.648,0,74.935,2051,2729,1.750,2.170,1.470,1,0,0,0,0,17,304,0,30,0
25-05 16:22:27,1.504,0.501,97.996,0,0,5090740,252388,169224,2490588,7959.961,1461.665,0,4.010,0,1.003,910,1207,1.750,2.170,1.470,1,0,0,0,0,17,304,0,30,0
25-05 16:22:28,1.249,0.500,97.200,0,0,5090740,252388,169224,2490588,8840.443,1619.165,0,0,0,0,937,1298,1.750,2.170,1.470,2,0,0,0,0,17,304,0,30,0
25-05 16:22:29,1.500,0.750,97.482,0,0.250,5090740,252388,169224,2490588,7528.579,1619.694,0,0,0,0,879,1246,1.610,2.140,1.460,1,0,0,0,0,17,304,0,30,0
25-05 16:22:30,4.015,1.505,94.844,0,0,5089300,253792,169232,2490616,79716.059,1625.896,84.306,144.524,6.022,7.025,1543,1980,1.610,2.140,1.460,2,0,4.015,0,0,17,306,0,30,0
25-05 16:22:31,5.230,1.743,91.143,0.249,0,5088956,253948,169232,2490804,9923.114,1613.676,0,159.375,0,22.910,2115,3170,1.610,2.140,1.460,2,0,2.988,0,0,17,307,0,30,0
25-05 16:22:32,3.746,1.498,93.648,0,0.250,5088948,253948,169232,2490812,9925.234,1618.245,95.896,239.740,5.993,23.974,1666,2296,1.610,2.140,1.460,1,0,2.997,0,0,17,306,0,30,0
25-05 16:22:33,1.250,0.750,96.743,0.250,0.250,5088844,253948,169232,2490916,9548.337,1457.899,0,215.985,0,20.999,999,1402,1.610,2.140,1.460,1,0,0,0,0,17,306,0,30,0
25-05 16:22:34,2.003,0.751,97.135,0.250,0,5088844,253948,169232,2490916,8941.450,1622.259,0,104.145,0,7.010,1054,1479,1.480,2.100,1.450,2,0,0,0,0,17,306,0,30,0
25-05 16:22:35,1.001,0.500,97.063,0.250,0.250,5088756,253948,169232,2491004,8719.618,1621.044,80.052,576.371,4.003,22.014,1205,1777,1.480,2.100,1.450,1,0,0,0,0,17,306,0,29,0
25-05 16:22:36,3.498,1.749,93.694,0,0,5088488,253948,169232,2491272,7054.787,1619.033,0,799.523,0,31.981,1740,2798,1.480,2.100,1.450,1,0,0,0,0,17,306,0,29,0
25-05 16:22:37,1.749,0.500,97.205,0.500,0.250,5088396,253948,169232,2491364,10506.186,1619.258,0,1847.154,0,279.872,1344,1278,1.480,2.100,1.450,1,0,0,0,0,17,306,0,29,0
25-05 16:22:38,1.249,0.749,95.918,0,0,5088396,253948,169232,2491364,11995.780,1618.621,0,255.782,0,28.975,1370,1919,1.480,2.100,1.450,1,0,0,0,0,17,306,0,29,0
25-05 16:22:39,2.501,1.251,96.290,0.250,0.250,5088392,253948,169232,2491368,15226.311,1620.672,0,160.066,0,15.006,1349,1903,1.360,2.070,1.440,2,0,1.000,0,0,17,308,0,23,0
25-05 16:22:40,1.500,0.500,97.263,0,0,5088644,253696,169232,2491368,11125.522,1620.222,0,108.015,0,8.001,956,1277,1.360,2.070,1.440,1,0,0,0,0,17,308,0,23,0
25-05 16:22:41,4.750,1.750,92.750,0,0.250,5088412,253696,169232,2491600,5561.015,1458.004,0,512.001,0,59.000,1973,3129,1.360,2.070,1.440,1,0,0,0,0,17,308,0,23,0
25-05 16:22:42,1.252,0.501,96.894,0.250,0.250,5088660,253444,169232,2491604,9339.905,1622.415,0,280.417,0,23.034,1187,1517,1.360,2.070,1.440,1,0,1.001,0,0,17,308,0,23,0
25-05 16:22:43,1.500,0.750,97.479,0,0.250,5088660,253444,169232,2491604,9535.970,1619.655,0,31.993,0,3.999,941,1319,1.360,2.070,1.440,1,0,0,0,0,17,308,0,15,0
25-05 16:22:44,1.501,0.250,97.319,0,0,5088656,253444,169232,2491608,6649.685,1621.142,0,0,0,0,914,1305,1.250,2.030,1.440,1,0,0,0,0,17,308,0,15,0
25-05 16:22:45,1.499,0.750,97.453,0,0.250,5088648,253444,169232,2491616,8272.018,809.610,0,127.938,0,13.993,1093,1607,1.250,2.030,1.440,1,0,0,0,0,17,308,0,15,0
25-05 16:22:46,10.753,3.251,84.522,0.750,0,5096940,245132,169240,2491628,277439.282,3776.984,4.001,480.125,1.000,24.006,2048,2877,1.250,2.030,1.440,2,0,8.002,0,0,17,308,0,15,0
25-05 16:22:47,9.979,4.490,84.320,0,0,5097520,244436,169244,2491740,283752.221,9405.952,107.770,3.991,4.989,0.998,2454,1943,1.250,2.030,1.440,3,0,35.923,0,0,17,308,0,10,0
