"pcp-dstat 6.2.0 CSV Output"
"Author:","PCP team <pcp@groups.io> and Dag Wieers <dag@wieers.com>",,,,"URL:","https://pcp.io/ and http://dag.wieers.com/home-made/dstat/"
"Host:","ubuntu",,,,"User:","ubuntu"
"Cmdline:","dstat -tcmndrylpg --tcp --output /tmp/devstack_logs/dstat-csv.log",,,,"Date:","19 Jan 2026 15:00:56 UTC"
"system","total usage",,,,,"memory usage",,,,"net/total",,"dsk/total",,"io/total",,"system",,"load avg",,,"procs",,,"paging",,"tcp sockets",,,,
"time","total usage:usr","total usage:sys","total usage:idl","total usage:wai","total usage:stl","used","free","buf","cach","net/total:recv","net/total:send","dsk/total:read","dsk/total:writ","read","writ","int","csw","1m","5m","15m","run","blk","new","in","out","lis","act","syn","tim","clo"
19-01 15:00:56,,988244,1715144,163220,4953984,,,,,,,1.250,0.910,0.500,3,0,,,,10,5,1,17,1
19-01 15:00:57,20.249,20.999,57.248,0.750,0,1024736,1678148,163288,4954308,41852.320,12131.513,0,2599.896,0,101.996,7036,6006,1.250,0.910,0.500,1,0,548.978,0,0,10,5,1,17,1
19-01 15:00:58,22.197,19.453,56.614,0.499,0,1026752,1660548,163348,4969344,158126.872,15707.142,0,2529.902,0,126.695,6659,6204,2.350,1.140,0.580,1,0,352.151,0,0,10,4,1,17,2
19-01 15:00:59,38.046,18.773,41.550,0.501,0,1129796,1537192,164124,5078064,51191.820,2158.607,0,2082.515,0,70.085,7147,7447,2.350,1.140,0.580,4,0,235.284,0,0,11,4,1,17,2
19-01 15:01:00,22.912,3.487,72.971,0.249,0,1161492,1486704,164608,5126564,10785.713,1687.540,0,1402.631,0,30.882,2211,1851,2.350,1.140,0.580,3,0,2.989,0,0,11,6,1,17,2
19-01 15:01:01,38.166,13.057,48.460,0.753,0.251,1187724,1437688,165156,5146908,11189.588,1538.681,16.070,1799.815,1.004,69.301,4426,2785,2.350,1.140,0.580,5,0,138.602,0,0,11,6,1,17,2
19-01 15:01:02,38.517,11.255,48.271,1.000,0,1220480,1388228,166080,5160156,7568.250,1694.728,32.014,4978.138,2.001,193.083,4572,3434,2.350,1.140,0.580,3,0,145.062,0,0,11,6,1,19,2
19-01 15:01:03,42.889,6.483,48.374,0.997,0,1270044,1306760,167360,5187740,6263.742,1689.614,0,4580.112,0,111.710,3340,2069,2.320,1.160,0.580,5,0,0,0,0,11,6,1,19,2
19-01 15:01:04,31.068,5.763,51.363,10.273,0,1260176,1326676,168292,5176264,16006.138,4425.716,0,20949.991,0,1686.703,10885,15200,2.320,1.160,0.580,3,1,29.064,0,0,11,6,1,19,0
19-01 15:01:05,28.001,7.750,45.252,16.501,0,1306720,1274716,169220,5180704,12773.489,2892.111,0,43941.684,0,3474.133,18170,26348,2.320,1.160,0.580,1,0,82.003,0,0,11,7,1,19,0
19-01 15:01:06,39.927,9.732,44.419,5.240,0.250,1278268,1295068,169552,5187504,12908.554,2696.103,0,23984.438,0,1414.431,8114,9722,2.320,1.160,0.580,2,0,83.848,0,0,11,4,1,19,0
19-01 15:01:07,38.246,6.249,54.744,0.500,0,1335776,1229924,170052,5193284,18132.077,4616.510,0,1903.798,0,58.994,2922,1807,2.320,1.160,0.580,3,0,16.998,0,0,11,4,1,19,1
19-01 15:01:08,43.243,9.748,44.742,1.000,0,1319740,1245032,170172,5193928,9635.356,1727.705,0,6730.852,0,439.925,12121,19595,2.300,1.170,0.590,3,0,23.996,0,0,11,4,1,19,0
19-01 15:01:09,43.508,9.752,45.758,0.250,0,1351548,1212928,170216,5194092,7440.336,1458.262,0,2220.399,0,74.013,12070,19694,2.300,1.170,0.590,5,0,19.003,0,0,11,4,1,19,0
19-01 15:01:10,34.571,17.536,46.847,0.251,0.251,1226268,1352960,170232,5181148,7579.618,1697.498,0,420.867,0,35.072,5544,4159,2.300,1.170,0.590,2,0,367.758,0,0,11,4,1,19,0
19-01 15:01:11,28.171,23.185,46.868,0,1.246,1171704,1407356,170232,5181740,7328.355,1709.185,0,43.876,0,10.969,7664,19089,2.300,1.170,0.590,1,0,525.520,0,0,11,4,1,20,0
19-01 15:01:12,32.520,14.259,51.532,0,0,1196036,1382968,170236,5181792,10578.533,1621.001,0,8.005,0,1.001,5302,5619,2.300,1.170,0.590,3,0,195.120,0,0,11,5,1,20,0
19-01 15:01:13,46.247,4.750,48.997,0,0,1266584,1312140,170248,5182124,7087.583,1619.905,0,387.977,0,27.998,2652,1199,2.270,1.180,0.600,3,0,0,0,0,11,5,1,20,0
19-01 15:01:14,42.868,9.025,47.632,0,0.251,1276336,1301344,170268,5183132,11971.071,1624.488,0,15029.520,0,90.249,2971,2079,2.270,1.180,0.600,4,0,0,0,0,11,5,1,20,0
19-01 15:01:15,25.680,8.726,63.079,0.249,0.249,1345012,1231204,170324,5184528,11623.429,1615.612,0,2684.708,0,119.675,4900,5263,2.270,1.180,0.600,1,0,139.621,0,0,11,4,1,19,0
19-01 15:01:16,23.001,2.500,73.503,0,0,1393036,1183164,170340,5184528,9095.362,1620.064,0,396.016,0,30.001,1881,1358,2.270,1.180,0.600,1,0,0,0,0,11,4,1,19,0
19-01 15:01:17,23.551,2.255,72.157,1.503,0,1415808,1160072,170412,5184776,11918.892,1623.527,0,1439.126,0,215.468,3829,4558,2.270,1.180,0.600,2,0,1.002,0,0,11,10,1,19,0
19-01 15:01:18,20.945,5.735,71.313,0.748,0.249,1359020,1216392,170732,5184880,5392.848,1527.990,371.026,4883.186,19.948,227.403,3070,2535,2.250,1.200,0.610,1,0,47.874,0,0,11,4,1,21,0
19-01 15:01:19,23.497,3.999,70.991,0.500,0,1369024,1206356,170744,5185068,5380.305,1619.791,0,26472.582,0,430.944,3326,2616,2.250,1.200,0.610,1,0,1.000,0,0,11,16,1,15,0
19-01 15:01:20,19.753,6.251,72.760,0.750,0,1384748,1190236,170784,5185312,11861.570,1620.214,268.035,1188.157,66.009,21.003,2904,2182,2.250,1.200,0.610,1,0,46.006,0,0,11,28,1,15,0
19-01 15:01:21,22.749,3.000,72.998,0,0.250,1425756,1149160,170784,5185380,9653.771,1619.962,0,0,0,0,1950,1341,2.250,1.200,0.610,1,0,0,0,0,11,29,1,15,0
19-01 15:01:22,28.974,12.489,57.448,0,0.250,1491164,1083680,170784,5185404,9690.257,1618.540,0,315.715,0,52.952,3908,2784,2.250,1.200,0.610,2,0,155.859,0,0,11,28,1,16,0
19-01 15:01:23,46.045,5.005,48.547,0,0,1530884,1043632,170784,5185732,8695.498,1621.585,0,128.125,0,7.007,4911,5985,2.230,1.210,0.610,2,0,0,0,0,11,30,1,17,0
19-01 15:01:24,55.411,27.079,17.050,0,0,1466176,1108268,170796,5185788,11472.403,1624.731,0,16323.527,0,92.269,6459,6373,2.230,1.210,0.610,6,0,577.682,0,0,11,28,1,17,0
19-01 15:01:25,84.487,14.748,0.500,0,0,1690884,883536,170800,5185804,11649.176,1619.746,0,2851.554,0,18.997,5534,3863,2.230,1.210,0.610,6,0,2.000,0,0,11,28,1,18,0
19-01 15:01:26,85.685,11.991,1.749,0,0.250,1737408,836760,170816,5186040,4699.438,1456.896,0,443.664,0,45.965,7576,12798,2.230,1.210,0.610,6,0,94.928,0,0,11,29,1,18,0
19-01 15:01:27,28.176,13.215,57.350,0,0.249,1497816,1076332,170816,5186064,8542.697,1615.782,0,1065.219,0,37.901,4479,4834,2.230,1.210,0.610,1,0,214.440,0,0,11,28,1,17,0
19-01 15:01:28,22.519,3.753,73.061,0.250,0,1498264,1075868,170820,5186076,6709.617,1621.357,0,216.181,0,6.005,2568,2686,2.130,1.210,0.620,2,0,0,0,0,11,29,1,17,0
19-01 15:01:29,19.041,7.265,72.905,0.251,0,1470424,1103696,170828,5186080,5436.571,1623.455,0,13612.972,0,74.158,2906,2443,2.130,1.210,0.620,1,0,68.145,0,0,11,28,1,17,0
19-01 15:01:30,23.248,3.500,72.245,0,0.250,1382812,1191284,170828,5186104,10177.302,1619.889,0,631.957,0,18.999,3315,3581,2.130,1.210,0.620,1,0,13.999,0,0,11,28,1,17,0
19-01 15:01:31,8.756,23.267,66.798,0.250,0.250,1372592,1201484,170832,5186120,9243.690,1621.173,0,776.562,0,43.031,6438,4991,2.130,1.210,0.620,2,0,592.429,0,0,11,28,1,16,0
19-01 15:01:32,67.498,27.249,5.000,0,0,1547804,1026236,170836,5186152,11778.725,1619.962,0,151.996,0,17.000,5593,4133,2.130,1.210,0.620,5,0,432.990,0,0,11,28,1,16,0
19-01 15:01:33,87.240,10.220,1.994,0,0,1682924,890948,170836,5186336,11036.071,1453.663,0,143.572,0,11.964,6701,8060,2.360,1.270,0.640,5,0,0,0,0,11,31,1,16,0
19-01 15:01:34,75.478,15.798,6.770,0.251,0,1614904,958636,170876,5186628,6089.367,1699.125,0,7081.359,0,298.902,9731,14058,2.360,1.270,0.640,8,0,272.823,0,0,11,28,1,16,0
19-01 15:01:35,82.501,17.250,0.250,0,0.500,1682892,890624,170876,5186632,9255.072,1620.013,0,80220.625,0,301.002,5583,3547,2.360,1.270,0.640,6,0,38.000,0,0,11,28,1,16,0
19-01 15:01:36,84.712,12.209,2.492,0,0,1739432,833884,170876,5186828,10601.984,1614.515,0,291.011,0,15.946,8260,10576,2.360,1.270,0.640,5,0,32.888,0,0,11,32,1,16,0
19-01 15:01:37,63.645,16.538,19.294,0.251,0.251,1517392,1055628,170892,5187088,5986.603,1623.689,0,637.448,0,41.093,8075,12718,2.360,1.270,0.640,2,0,265.604,0,0,11,28,1,18,0
19-01 15:01:38,45.746,5.500,48.996,0,0,1564692,1008316,170892,5187100,10102.106,1619.857,0,303.973,0,14.999,3414,2875,2.330,1.280,0.650,2,0,0,0,0,11,29,1,18,0
19-01 15:01:39,50.310,20.024,27.533,0.250,0.250,1492796,1080004,170908,5187292,7699.122,1621.922,0,432.512,0,34.040,6370,7186,2.330,1.280,0.650,3,0,378.448,0,0,11,28,1,18,0
19-01 15:01:40,65.666,7.241,26.966,0,0,1591748,981008,170912,5187332,9640.735,1617.942,0,295.624,0,12.983,5377,6211,2.330,1.280,0.650,2,0,0.999,0,0,11,31,1,19,0
19-01 15:01:41,63.814,22.773,12.513,0.250,0.250,1541008,1031668,170936,5187388,10319.340,1621.625,0,512.514,0,50.050,7191,7526,2.330,1.280,0.650,4,0,258.259,0,0,11,28,1,19,0
19-01 15:01:42,83.381,9.486,6.241,0,0,1617728,954888,170948,5187436,5313.416,1455.922,0,283.595,0,13.980,6616,7617,2.330,1.280,0.650,5,0,0,0,0,11,29,1,20,1
19-01 15:01:43,55.837,20.782,22.786,0,0,1552060,1020456,170976,5187508,8869.826,1622.529,0,1229.917,0,80.125,7421,9036,2.390,1.310,0.660,3,0,324.506,0,0,11,28,1,22,0
19-01 15:01:44,66.091,8.729,24.940,0,0,1572660,999832,170976,5187532,7822.158,1616.107,0,251.394,0,22.945,4513,3687,2.390,1.310,0.660,3,0,0,0,0,11,29,1,22,0
19-01 15:01:45,50.879,20.552,27.319,0,0.251,1485088,1087100,170984,5187796,12338.229,1624.111,0,501.269,0,39.099,7701,10028,2.390,1.310,0.660,4,0,299.759,0,0,11,28,1,23,0
19-01 15:01:46,66.254,8.500,25.001,0.250,0.250,1589896,982152,170984,5187936,8482.486,1620.093,0,176.010,0,9.001,4214,2691,2.390,1.310,0.660,4,0,0,0,0,11,29,1,23,0
19-01 15:01:47,54.477,17.243,26.988,0.250,0,1488320,1083532,170984,5188132,13169.352,1619.306,0,259.889,0,26.988,7256,9276,2.390,1.310,0.660,3,0,286.877,0,0,11,28,1,18,0
19-01 15:01:48,65.475,8.497,25.490,0,0.250,1545964,1025876,170984,5188144,9313.495,1619.391,0,187.929,0,5.998,4053,2618,2.440,1.340,0.670,3,0,0,0,0,11,29,1,18,0
19-01 15:01:49,57.280,15.758,25.763,0.250,0.250,1492336,1079236,170988,5188408,5577.917,1620.848,0,408.213,0,38.020,7572,9015,2.440,1.340,0.670,3,0,112.059,0,0,11,28,1,18,0
19-01 15:01:50,64.218,8.496,26.987,0.250,0,1552356,1019048,170996,5188568,5844.130,1457.284,0,4581.750,0,281.862,5203,4412,2.440,1.340,0.670,2,0,1.000,0,0,11,31,1,19,0
19-01 15:01:51,61.295,26.769,11.008,0.250,0,1535088,1036264,171028,5188656,9637.997,1621.177,0,1525.107,0,112.081,8029,9279,2.440,1.340,0.670,7,0,507.368,0,0,11,28,1,19,0
19-01 15:01:52,80.003,19.501,0,0,0,1693228,878092,171028,5188688,6922.285,1620.067,0,192.008,0,13.001,6058,5429,2.440,1.340,0.670,7,0,375.015,0,0,11,28,1,19,0
19-01 15:01:53,81.338,17.216,1.248,0,0,1774852,796212,171036,5188936,9089.942,1616.788,0,415.175,0,37.925,8057,10085,2.880,1.450,0.710,8,0,376.253,0,0,11,28,1,19,0
19-01 15:01:54,74.299,25.267,0.500,0,0.500,1602896,968064,171056,5189020,6989.623,1663.100,0,3270.163,0,134.089,7396,8058,2.880,1.450,0.710,6,0,484.320,0,0,11,28,1,20,0
19-01 15:01:55,82.859,15.771,1.252,0,0,1673448,897356,171056,5189176,9189.079,1622.132,0,280.369,0,10.013,6262,5437,2.880,1.450,0.710,6,0,111.146,0,0,11,31,1,18,0
19-01 15:01:56,80.746,11.749,6.250,0,0.250,1675572,895132,171056,5189276,9556.495,1619.914,0,8.000,0,2.000,8357,13296,2.880,1.450,0.710,4,0,165.991,0,0,11,29,1,18,0
19-01 15:01:57,18.477,24.719,56.179,0,0,1485732,1084808,171056,5189440,5613.868,1617.944,0,15.980,0,3.995,6215,6622,2.880,1.450,0.710,1,0,552.298,0,0,11,28,1,18,0
19-01 15:01:58,51.003,34.752,14.001,0,0.250,1546768,1023720,171056,5189492,10783.565,1500.079,0,48.003,0,12.001,6296,5807,3.130,1.530,0.740,4,0,883.046,0,0,11,28,1,18,0
19-01 15:01:59,85.597,9.511,5.256,0.250,0,1612200,958224,171072,5189540,10047.417,1695.927,0,532.605,0,41.047,6254,7736,3.130,1.530,0.740,4,0,0,0,0,11,28,1,19,0
19-01 15:02:00,75.234,20.746,3.499,0,0.250,1552456,1017888,171088,5189604,6380.662,1693.645,0,2019.577,0,165.965,6692,6830,3.130,1.530,0.740,5,0,270.943,0,0,11,28,1,19,0
19-01 15:02:01,82.516,9.002,7.752,0,0,1627576,942564,171092,5189804,11553.282,1694.335,0,208.041,0,11.002,6992,9959,3.130,1.530,0.740,4,0,0,0,0,11,31,1,20,0
19-01 15:02:02,59.505,8.251,30.503,0.250,0.250,1593136,976712,171108,5190080,9965.899,1694.153,0,380.034,0,41.004,11979,20517,3.130,1.530,0.740,5,0,60.005,0,0,11,29,1,23,0
19-01 15:02:03,82.501,16.750,1.000,0,0,1605876,963820,171112,5190228,13132.171,1694.022,0,288.004,0,26.000,5458,3880,3.200,1.570,0.760,4,0,60.001,0,0,11,29,1,23,0
19-01 15:02:04,68.917,9.738,20.226,0,0.250,1622700,946748,171116,5190472,7591.840,1733.908,0,151.817,0,10.987,8755,15153,3.200,1.570,0.760,4,0,0,0,0,11,32,1,24,0
19-01 15:02:05,66.828,14.767,17.270,0,0,1500108,1069076,171120,5190732,5511.454,1621.899,0,160.188,0,9.011,8790,15023,3.200,1.570,0.760,4,0,236.277,0,0,11,28,1,24,0
19-01 15:02:06,84.724,12.496,2.249,0,0.250,1602360,966800,171120,5190756,8893.315,1531.538,0,1591.519,0,12.996,5233,3853,3.200,1.570,0.760,4,0,23.993,0,0,11,29,1,24,0
19-01 15:02:07,71.270,9.753,18.755,0,0,1562156,1006720,171140,5191020,9698.689,1620.449,0,232.064,0,19.005,10270,17898,3.200,1.570,0.760,5,0,43.012,0,0,11,29,1,25,0
19-01 15:02:08,83.503,15.001,0.750,0,0.250,1582660,986196,171152,5191028,8820.354,1620.065,0,232.009,0,23.001,5327,3157,3.270,1.610,0.780,4,0,85.003,0,0,11,28,1,25,0
19-01 15:02:09,81.693,13.491,4.497,0,0,1641520,927120,171156,5191240,10442.720,1618.871,0,371.741,0,37.974,7455,11279,3.270,1.610,0.780,4,0,119.916,0,0,11,30,1,28,0
19-01 15:02:10,79.674,17.983,2.248,0,0,1611428,957140,171156,5191328,7323.019,1692.387,0,155.851,0,8.991,6513,10438,3.270,1.610,0.780,6,0,141.865,0,0,11,29,1,29,0
19-01 15:02:11,77.880,17.279,4.257,0,0.250,1579152,989228,171164,5191508,10352.259,1716.862,0,164.274,0,10.017,6033,18893,3.270,1.610,0.780,4,0,122.204,0,0,11,28,1,30,0
19-01 15:02:12,81.143,14.980,3.745,0,0,1572188,996124,171180,5191560,10609.071,1617.876,0,119.843,0,7.990,6217,7154,3.270,1.610,0.780,4,0,67.911,0,0,11,29,1,29,0
19-01 15:02:13,77.402,14.482,7.491,0,0,1554012,1014100,171196,5191744,8829.865,1617.960,0,387.511,0,35.955,6038,7715,3.330,1.650,0.790,3,0,137.826,0,0,11,28,1,30,0
19-01 15:02:14,61.831,13.518,24.532,0,0.250,1568976,998932,171216,5191928,9903.981,1622.126,0,424.556,0,39.051,5624,5482,3.330,1.650,0.790,3,0,120.157,0,0,11,29,1,30,0
19-01 15:02:15,63.561,11.011,24.774,0,0.250,1561784,1006088,171216,5191964,7094.771,1459.393,0,3547.385,0,161.154,6172,6328,3.330,1.650,0.790,3,0,96.092,0,0,11,30,1,30,0
19-01 15:02:16,64.004,12.001,24.502,0,0,1483936,1083692,171228,5192192,11753.765,1620.105,0,264.017,0,15.001,6609,8119,3.330,1.650,0.790,4,0,86.006,0,0,11,28,1,30,0
19-01 15:02:17,50.509,7.251,40.757,0,0,1525464,1042120,171236,5192228,10812.829,1620.274,0,212.036,0,11.002,5248,5783,3.330,1.650,0.790,3,0,86.015,0,0,11,30,1,30,0
19-01 15:02:18,38.864,12.456,46.586,0.249,0,1482908,1084632,171240,5192252,9584.350,1688.073,0,374.684,0,36.871,5562,5903,3.220,1.650,0.800,2,0,140.507,0,0,11,28,1,30,0
19-01 15:02:19,45.979,5.498,47.728,0.250,0.250,1540196,1027140,171248,5192448,10803.119,1619.268,0,303.863,0,28.987,4635,5092,3.220,1.650,0.800,4,0,1.000,0,0,11,32,1,30,0
19-01 15:02:20,39.902,11.544,47.933,0.251,0,1506460,1060848,171248,5192472,6933.402,1626.193,0,738.813,0,43.164,4561,3953,3.220,1.650,0.800,2,0,139.531,0,0,11,30,1,28,0
19-01 15:02:21,44.259,6.751,47.760,0,0,1517420,1049848,171260,5192476,6982.402,1620.325,0,672.135,0,94.019,4978,5565,3.220,1.650,0.800,4,0,63.013,0,0,11,32,1,28,0
19-01 15:02:22,42.091,8.219,48.318,0.249,0.249,1524528,1042704,171288,5192484,9121.648,1613.922,0,207.220,0,19.925,3241,2786,3.220,1.650,0.800,2,0,4.981,0,0,11,32,1,28,0
19-01 15:02:23,44.497,7.249,47.746,0,0,1505176,1061812,171336,5192676,9410.307,1457.893,0,1931.858,0,129.990,4793,7439,3.120,1.660,0.810,3,0,42.997,0,0,11,32,1,29,0
19-01 15:02:24,43.027,8.005,48.530,0,0,1465760,1101224,171336,5192680,10007.285,1621.018,0,144.090,0,8.005,3099,1801,3.120,1.660,0.810,3,0,5.003,0,0,11,32,1,27,0
19-01 15:02:25,39.807,11.516,47.067,0.501,0,1381592,1185332,171352,5192724,7197.308,1622.323,0,264.379,0,29.042,6529,8402,3.120,1.660,0.810,4,0,162.232,0,0,11,32,1,27,0
19-01 15:02:26,24.274,7.257,68.317,0,0,1382496,1184356,171352,5192788,9093.901,1621.587,0,404.396,0,13.013,2962,2403,3.120,1.660,0.810,2,0,120.118,0,0,11,32,1,28,0
19-01 15:02:27,16.259,11.757,70.541,0,0,1317444,1249244,171356,5192948,8914.132,1620.933,0,272.157,0,26.015,5111,5115,3.120,1.660,0.810,2,0,167.096,0,0,11,32,1,28,0
19-01 15:02:28,18.443,7.976,72.278,0,0.249,1376912,1189772,171356,5192952,5927.797,1615.041,0,171.473,0,10.966,2728,1981,2.950,1.650,0.810,1,0,116.642,0,0,11,32,1,27,0
19-01 15:02:29,23.031,3.254,72.348,0.250,0.250,1389488,1177172,171356,5192976,6912.330,1622.190,0,112.151,0,8.011,3696,4181,2.950,1.650,0.810,4,0,10.014,0,0,11,32,1,28,0
19-01 15:02:30,20.206,5.737,73.340,0,0,1455764,1110896,171356,5192976,8869.653,1616.474,0,159.652,0,7.983,2136,1409,2.950,1.650,0.810,3,0,36.919,0,0,11,32,1,28,0
19-01 15:02:31,24.002,3.000,72.255,0,0.250,1448452,1118160,171364,5193016,6340.445,1458.102,0,404.028,0,23.002,4810,6385,2.950,1.650,0.810,2,0,0,0,0,11,32,1,28,0
19-01 15:02:32,8.784,23.340,67.260,0,0,1361428,1205024,171368,5193168,8947.556,1626.281,0,172.667,0,12.047,6121,4539,2.950,1.650,0.810,3,0,509.970,0,0,11,32,1,28,0
19-01 15:02:33,40.637,9.723,47.866,0.249,0.249,1496244,1069948,171412,5193368,7174.976,1615.492,0,805.751,0,31.911,4033,3034,2.870,1.650,0.820,2,0,117.672,0,0,11,32,1,30,0
19-01 15:02:34,37.789,7.257,46.047,7.508,0,1563408,996368,172052,5198556,10045.334,1695.744,0,16220.687,0,1473.516,11583,15228,2.870,1.650,0.820,2,1,77.079,0,0,11,36,1,30,0
19-01 15:02:35,33.877,8.220,41.350,14.447,0,1580416,975240,172948,5201676,7493.743,1614.129,0,49882.559,0,4129.978,21891,31660,2.870,1.650,0.820,2,0,87.681,0,0,11,36,1,30,0
19-01 15:02:36,42.093,6.264,44.348,5.512,0,1549368,1006416,173236,5201232,5374.904,1623.596,0,24931.218,0,1776.936,8562,13006,2.870,1.650,0.820,2,0,13.029,0,0,11,32,1,30,0
19-01 15:02:37,41.886,7.023,46.150,3.762,0,1576344,979180,173324,5201400,10849.259,1625.282,0,4277.903,0,706.295,7770,9519,2.870,1.650,0.820,6,1,2.007,0,0,11,34,1,30,0
19-01 15:02:38,36.004,9.751,45.255,8.001,0,1527440,1027408,173600,5201788,8119.839,1620.167,0,17317.789,0,2139.221,15957,21322,2.970,1.690,0.830,3,0,53.005,0,0,11,32,1,30,0
19-01 15:02:39,22.240,6.247,70.219,0.250,0,1519792,1035028,173624,5201788,6057.283,1457.346,0,3466.445,0,182.918,2959,2552,2.970,1.690,0.830,2,0,49.978,0,0,11,32,1,30,0
19-01 15:02:40,22.671,2.491,72.995,0.498,0,1506540,1048252,173632,5201808,10619.924,1656.218,0,581.968,0,36.871,1949,1523,2.970,1.690,0.830,1,0,1.993,0,0,11,32,1,30,0
19-01 15:02:41,22.247,4.249,72.741,0.500,0,1560968,993804,173652,5201808,9087.884,1619.801,0,3867.525,0,231.972,2440,2184,2.970,1.690,0.830,1,0,2.000,0,0,11,32,1,27,0
19-01 15:02:42,21.754,4.001,73.764,0,0.250,1483584,1071176,173652,5201820,9882.917,1662.322,0,36.007,0,1.000,1812,1208,2.970,1.690,0.830,1,0,1.000,0,0,11,32,1,27,0
19-01 15:02:43,22.067,3.511,73.474,0,0,1542044,1012716,173652,5201820,10573.231,1624.953,0,0,0,0,1825,1230,2.810,1.680,0.840,1,0,2.006,0,0,11,32,1,27,0
19-01 15:02:44,22.434,3.240,73.784,0,0.499,1487740,1066908,173656,5201892,5975.470,1615.261,0,3.988,0,0.997,1764,1262,2.810,1.680,0.840,1,0,0.997,0,0,11,32,1,27,0
19-01 15:02:45,21.994,3.749,73.480,0,0,1519164,1035396,173656,5201980,10691.038,1619.551,0,0,0,0,1836,1226,2.810,1.680,0.840,1,0,1.999,0,0,11,32,1,24,0
19-01 15:02:46,22.012,3.502,73.789,0,0.250,1460280,1094260,173656,5201992,7653.025,1620.852,0,0,0,0,1824,1345,2.810,1.680,0.840,2,0,1.001,0,0,11,32,1,24,0
19-01 15:02:47,22.547,3.507,73.151,0.251,0,1455356,1099152,173664,5202012,5824.041,1461.021,0,348.721,0,11.023,1901,1581,2.810,1.680,0.840,1,0,1.002,0,0,11,32,1,24,0
19-01 15:02:48,21.975,3.746,73.665,0,0,1458884,1095592,173672,5202032,9426.090,1618.127,0,391.547,0,28.966,1954,1346,2.660,1.670,0.840,1,0,2.997,0,0,11,32,1,24,0
19-01 15:02:49,21.486,3.997,73.953,0,0,1512620,1041856,173672,5202032,7910.942,1618.965,0,0,0,0,1814,1377,2.660,1.670,0.840,2,0,0,0,0,11,32,1,23,0
19-01 15:02:50,21.511,4.252,73.538,0,0,1502496,1051948,173672,5202060,9433.877,1620.838,0,4.002,0,1.001,1862,1341,2.660,1.670,0.840,2,0,2.001,0,0,11,32,1,23,0
19-01 15:02:51,22.991,2.999,73.470,0.250,0,1517480,1036948,173672,5202076,8927.390,1619.345,0,2131.138,0,262.894,2012,1116,2.660,1.670,0.840,1,0,1.999,0,0,11,32,1,23,0
19-01 15:02:52,7.514,21.791,68.380,0,0.250,1463120,1091160,173676,5202212,6426.178,1623.076,0,440.835,0,5.009,5465,3887,2.660,1.670,0.840,1,0,358.680,0,0,11,32,1,23,0
19-01 15:02:53,8.490,20.725,69.167,0.250,0.250,1423244,1131000,173676,5202244,9835.218,1618.062,0,667.201,0,9.988,5392,3689,2.690,1.690,0.850,1,0,323.612,0,0,11,32,1,22,0
19-01 15:02:54,7.259,21.778,68.837,0,0,1417328,1136884,173676,5202276,7303.248,1622.054,0,268.340,0,4.005,5851,4297,2.690,1.690,0.850,1,0,411.521,0,0,11,32,1,22,0
19-01 15:02:55,12.013,15.267,71.329,0,0,1447884,1106316,173676,5202288,10527.604,1459.609,0,0,0,0,4624,3407,2.690,1.690,0.850,1,0,280.309,0,0,11,32,1,22,0
19-01 15:02:56,21.421,4.483,73.729,0,0,1501788,1052408,173676,5202288,6617.644,1614.060,0,430.416,0,81.699,1928,1279,2.690,1.690,0.850,1,0,1.993,0,0,11,32,1,22,0
19-01 15:02:57,22.022,3.754,73.324,0,0.501,1483736,1070472,173676,5202292,8906.956,1621.631,0,204.205,0,11.011,1938,1556,2.690,1.690,0.850,2,0,1.001,0,0,11,32,1,20,0
19-01 15:02:58,21.494,3.749,73.729,0,0,1533680,1020524,173676,5202292,8662.591,1661.538,0,327.909,0,22.994,1870,1339,2.550,1.680,0.850,1,0,1.999,0,0,11,32,1,20,0
19-01 15:02:59,22.302,3.258,73.922,0,0,1531944,1022252,173676,5202300,5293.325,1697.954,0,0,0,0,1719,1263,2.550,1.680,0.850,1,0,1.002,0,0,11,32,1,20,0
19-01 15:03:00,22.943,3.242,73.567,0,0,1515332,1038852,173676,5202312,6095.803,1689.787,0,11.970,0,0.998,1800,1202,2.550,1.680,0.850,1,0,2.993,0,0,11,32,1,20,0
19-01 15:03:01,21.767,4.003,73.558,0,0,1459984,1094220,173676,5202292,10717.456,1695.338,0,0,0,0,1890,1279,2.550,1.680,0.850,1,0,1.001,0,0,11,32,1,19,0
19-01 15:03:02,22.217,3.495,73.640,0,0,1450296,1103888,173676,5202312,8269.671,1691.478,0,151.774,0,27.958,1874,1193,2.550,1.680,0.850,1,0,2.996,0,0,11,32,1,19,0
19-01 15:03:03,21.304,4.261,73.438,0,0,1476968,1077228,173676,5202300,9162.425,1578.034,0,0,0,0,1876,1259,2.430,1.670,0.850,1,0,2.005,0,0,11,32,1,19,0
19-01 15:03:04,22.424,3.239,73.253,0,0.249,1459924,1094284,173676,5202288,9796.011,1730.173,0,55.812,0,3.987,1807,1195,2.430,1.670,0.850,1,0,0.997,0,0,11,32,1,19,0
19-01 15:03:05,22.023,3.754,73.577,0,0.250,1480436,1073772,173676,5202288,9682.099,1621.692,0,0,0,0,1799,1176,2.430,1.670,0.850,3,0,2.002,0,0,11,32,1,12,0
19-01 15:03:06,21.567,3.762,74.232,0,0,1492472,1061800,173676,5202224,7946.840,1699.312,0,24.075,0,1.003,1833,1256,2.430,1.670,0.850,1,0,1.003,0,0,11,32,1,12,0
19-01 15:03:07,22.426,3.239,73.258,0.249,0.498,1524616,1029648,173676,5202224,5174.892,1614.662,0,2567.512,0,21.928,1941,1626,2.430,1.670,0.850,1,0,1.993,0,0,11,32,1,12,0
19-01 15:03:08,22.514,3.502,72.794,0,0,1446272,1107912,173676,5202304,5307.225,1620.985,0,504.306,0,31.019,1925,1496,2.310,1.660,0.850,2,0,1.001,0,0,11,32,1,12,0
19-01 15:03:09,22.006,3.751,73.771,0,0,1442504,1111688,173676,5202296,8913.581,1620.469,0,12.003,0,1.000,1770,1244,2.310,1.660,0.850,2,0,1.000,0,0,11,32,1,10,0
19-01 15:03:10,21.992,3.499,73.472,0,0,1509176,1044996,173676,5202316,6956.356,1531.418,0,19.992,0,1.000,1791,1196,2.310,1.660,0.850,2,0,2.999,0,0,11,32,1,10,0
19-01 15:03:11,27.022,6.505,66.054,0,0.250,1433216,1120976,173676,5202296,9327.672,1715.411,0,0,0,0,2874,13143,2.310,1.660,0.850,1,0,37.030,0,0,11,32,1,11,0
19-01 15:03:12,21.806,4.010,73.689,0,0.251,1485868,1068316,173676,5202304,6298.153,1624.166,0,20.051,0,1.003,1790,1258,2.310,1.660,0.850,2,0,1.003,0,0,11,32,1,11,0
19-01 15:03:13,22.183,2.991,73.529,0,0,1540348,1013824,173676,5202316,8679.894,1615.142,0,59.820,0,2.991,1798,1211,2.210,1.650,0.850,2,0,1.994,0,0,11,32,1,6,0
19-01 15:03:14,11.982,17.224,69.396,0,0,1465336,1088780,173676,5202356,7370.932,1617.571,0,179.730,0,8.987,4824,3607,2.210,1.650,0.850,2,0,348.477,0,0,11,32,1,6,0
19-01 15:03:15,18.828,8.535,72.549,0,0,1505148,1048948,173676,5202376,6904.447,1626.702,0,48.199,0,2.008,2803,2061,2.210,1.650,0.850,2,0,111.459,0,0,11,32,1,6,0
19-01 15:03:16,23.006,2.001,73.769,0,0.250,1426404,1127416,173676,5202620,11018.842,1620.418,0,0,0,0,1805,1055,2.210,1.650,0.850,1,0,9.002,0,0,11,32,1,6,0
19-01 15:03:17,22.935,3.490,72.792,0.249,0,1502708,1051100,173680,5202628,9173.843,1615.394,0,358.976,0,30.912,2168,1787,2.210,1.650,0.850,1,0,0,0,0,11,32,1,6,0
19-01 15:03:18,15.289,16.040,67.420,0.501,0.251,1467904,1085728,173700,5202764,8310.972,1590.012,40.101,3893.826,2.005,182.460,5030,4238,2.190,1.650,0.860,6,0,340.860,0,0,11,32,1,6,0
19-01 15:03:19,8.251,21.503,68.509,0,0,1447656,1105920,173700,5202800,9533.314,1566.216,0,296.041,0,7.001,6763,5435,2.190,1.650,0.860,1,0,589.081,0,0,11,32,1,6,0
19-01 15:03:20,7.750,22.749,68.497,0,0,1439456,1114072,173700,5202836,7906.603,1619.919,0,359.982,0,6.000,6661,5295,2.190,1.650,0.860,4,0,560.972,0,0,11,32,1,6,0
19-01 15:03:21,8.733,22.456,67.868,0,0.250,1423060,1130432,173700,5202872,9456.585,1616.851,0,1277.512,0,13.973,6321,4809,2.190,1.650,0.860,1,0,514.997,0,0,11,32,1,6,0
19-01 15:03:22,8.014,22.290,68.373,0,0,1399120,1154348,173700,5202892,6340.362,1622.908,0,1210.169,0,14.025,6217,4672,2.190,1.650,0.860,1,0,504.905,0,0,11,32,1,6,0
19-01 15:03:23,8.245,20.987,69.209,0,0.250,1402556,1150876,173704,5202924,5379.775,1619.029,0,623.626,0,9.994,5792,4296,2.020,1.620,0.850,2,0,411.753,0,0,11,32,1,6,0
19-01 15:03:24,8.256,20.765,69.551,0,0,1392736,1160664,173704,5202956,9453.939,1621.190,0,192.141,0,7.005,5963,4440,2.020,1.620,0.850,2,0,436.320,0,0,11,32,1,6,0
19-01 15:03:25,8.249,22.247,68.241,0,0,1394584,1158776,173704,5202992,8679.820,1619.780,0,243.967,0,10.999,6036,4436,2.020,1.620,0.850,2,0,455.938,0,0,11,32,1,6,0
19-01 15:03:26,9.495,19.739,69.213,0,0,1387352,1165980,173704,5203020,6838.327,1619.130,0,43.976,0,10.994,5922,4332,2.020,1.620,0.850,1,0,418.775,0,0,11,32,1,5,0
19-01 15:03:27,23.015,26.267,49.783,0.250,0,1397884,1155384,173716,5203076,8953.891,1458.960,0,1104.727,0,116.076,7559,6778,2.020,1.620,0.850,4,0,751.494,0,0,11,34,1,8,0
19-01 15:03:28,62.761,15.003,21.254,0.250,0,1580084,972164,173752,5203892,7036.256,1620.289,0,1120.200,0,71.013,4472,3233,2.100,1.650,0.870,3,0,172.031,0,0,11,32,1,11,0
19-01 15:03:29,48.242,9.748,28.995,10.998,0,1645204,896952,174260,5212464,9279.412,1619.723,371.936,25839.577,2.999,1877.679,12514,17968,2.100,1.650,0.870,4,0,73.987,0,0,11,38,1,13,0
19-01 15:03:30,34.210,9.988,35.708,16.980,0.499,1617112,916388,175056,5219980,10643.499,1618.100,0,56741.357,0,4286.965,20668,33713,2.100,1.650,0.870,2,0,147.826,0,0,11,36,1,11,0
19-01 15:03:31,38.559,8.763,32.550,18.278,0.250,1642780,882116,175488,5227872,7280.077,1622.469,0,80306.191,0,5326.104,21143,39046,2.100,1.650,0.870,2,0,60.091,0,0,11,36,2,11,0
19-01 15:03:32,39.751,10.500,30.001,17.501,0.250,1684052,832872,175692,5235372,8719.329,1620.061,0,54774.065,0,4391.166,19817,30940,2.100,1.650,0.870,7,0,104.004,0,0,11,36,1,11,0
19-01 15:03:33,43.487,17.495,25.493,11.497,0,1603304,907744,176164,5240928,7191.903,1661.516,371.892,49681.514,5.998,3420.003,18170,29179,2.410,1.720,0.890,3,0,327.904,0,0,11,35,1,11,0
19-01 15:03:34,45.618,18.945,24.180,10.220,0,1582840,921740,176652,5246192,10266.280,1689.110,1651.220,43953.759,30.911,3108.003,19676,32978,2.410,1.720,0.890,3,0,206.402,0,0,11,34,1,11,0
19-01 15:03:35,33.348,10.029,40.619,15.044,0,1631628,868060,176836,5250780,7745.702,1624.762,128.376,45308.795,1.003,3362.856,17191,26058,2.410,1.720,0.890,1,1,120.353,0,0,11,34,1,11,0
19-01 15:03:36,31.404,6.979,43.118,14.207,0,1623060,874064,177008,5253096,9238.759,1453.557,0,46202.770,0,3624.920,21440,33190,2.410,1.720,0.890,2,1,44.863,0,0,11,35,1,12,0
19-01 15:03:37,31.850,9.781,41.129,16.301,0,1562112,934060,177092,5253900,8480.685,1625.114,0,42878.921,0,3555.187,15265,27499,2.410,1.720,0.890,2,0,104.328,0,0,11,34,1,12,0
19-01 15:03:38,36.469,6.994,41.215,14.238,0.250,1583992,911368,177360,5254424,6416.558,1618.627,0,27748.467,0,2890.549,15235,25101,2.460,1.740,0.900,1,2,26.977,0,0,11,35,1,12,0
19-01 15:03:39,32.525,9.757,41.532,15.011,0.250,1586356,908356,177528,5254884,6099.639,1663.265,0,35178.756,0,3071.336,19030,28665,2.460,1.740,0.900,3,0,60.046,0,0,11,36,1,13,0
19-01 15:03:40,36.244,6.999,38.994,15.498,0,1623032,869852,177660,5256532,9607.533,1619.753,0,37902.212,0,3184.514,17095,25630,2.460,1.740,0.900,5,0,33.995,0,0,11,37,1,13,0
19-01 15:03:41,37.231,6.747,40.230,13.993,0,1601632,889316,177716,5258368,7468.239,1619.185,0,35909.916,0,3157.410,19921,31825,2.460,1.740,0.900,1,1,60.969,0,0,11,36,1,13,0
19-01 15:03:42,32.511,8.753,43.765,13.505,0,1595596,892724,177748,5260892,8882.077,1620.561,0,40630.076,0,3320.150,17921,26394,2.460,1.740,0.900,3,1,72.025,0,0,11,36,1,13,0
19-01 15:03:43,31.758,9.752,41.260,15.254,0,1527088,958712,177892,5263208,8953.253,1620.408,0,50152.619,0,3794.955,20048,30286,2.420,1.750,0.910,2,1,79.020,0,0,11,36,1,13,0
19-01 15:03:44,31.497,7.749,41.496,16.498,0.250,1582880,899536,178032,5266368,10169.922,1457.846,0,36396.144,0,3089.673,18221,26559,2.420,1.750,0.910,3,0,62.993,0,0,11,36,1,13,0
19-01 15:03:45,30.257,9.752,41.760,16.504,0,1604820,874968,178144,5268768,11247.644,1620.381,0,45922.795,0,3761.884,19952,30394,2.420,1.750,0.910,2,1,132.031,0,0,11,36,1,13,0
19-01 15:03:46,34.657,6.981,40.142,15.957,0,1629824,848140,178176,5270496,8225.866,1615.653,0,48712.925,0,3679.100,18735,29575,2.420,1.750,0.910,2,1,29.919,0,0,11,37,1,13,0
19-01 15:03:47,31.087,8.775,41.366,16.296,0.251,1594036,889288,178208,5265100,9763.335,1624.548,0,39787.394,0,3492.779,20179,30079,2.420,1.750,0.910,1,1,49.138,0,0,11,36,1,13,0
19-01 15:03:48,35.407,7.231,41.640,14.213,0.249,1608828,873568,178276,5265940,11591.518,1615.751,0,48675.997,0,3565.624,18253,29852,2.470,1.770,0.920,2,0,38.898,0,0,11,34,1,15,0
19-01 15:03:49,20.807,17.799,60.164,0.501,0.251,1442796,1039388,178280,5266148,8211.392,1624.430,0,4339.835,0,315.861,5984,4529,2.470,1.770,0.920,1,0,334.913,0,0,11,32,1,15,0
19-01 15:03:50,12.999,24.997,60.993,0.250,0,1431288,1050756,178280,5266288,11132.736,1619.816,0,943.893,0,60.993,7012,5836,2.470,1.770,0.920,3,0,655.926,0,0,11,36,1,17,0
19-01 15:03:51,64.426,10.738,23.473,0.999,0,1590916,890256,178296,5267100,8615.162,1618.152,0,6900.121,0,400.543,5315,3784,2.470,1.770,0.920,3,0,22.974,0,0,11,32,1,21,0
19-01 15:03:52,66.331,8.260,24.530,0.250,0,1742136,735836,178368,5269912,9378.466,1459.785,0,3880.744,0,122.149,4040,1811,2.470,1.770,0.920,4,0,0,0,0,11,32,1,21,0
19-01 15:03:53,46.988,6.998,33.991,10.497,0.250,1807308,661800,178492,5278212,6942.239,1619.589,0,38194.309,0,2525.359,14704,20160,2.670,1.820,0.940,1,3,107.973,0,0,11,38,1,21,0
19-01 15:03:54,21.502,7.501,48.504,19.751,0,1802384,656580,178604,5287840,5706.420,1662.122,0,84446.212,0,5954.438,27569,42921,2.670,1.820,0.940,3,1,186.014,0,0,11,38,1,21,0
19-01 15:03:55,20.236,7.745,48.217,20.736,0,1798440,651676,178652,5296352,8558.115,1618.887,0,75444.123,0,5702.079,27182,41708,2.670,1.820,0.940,1,1,176.878,0,0,11,38,1,21,0
19-01 15:03:56,28.459,6.241,41.191,19.722,0,1795568,646916,178744,5303696,12828.511,1617.669,0,68541.215,0,4884.960,24879,36874,2.670,1.820,0.940,6,0,146.788,0,0,11,38,1,21,0
19-01 15:03:57,33.814,11.021,34.065,18.285,0,1753144,681628,178832,5311020,7194.671,1623.084,0,64262.109,0,4611.763,22661,34654,2.670,1.820,0.940,1,1,187.356,0,0,11,36,1,21,0
19-01 15:03:58,39.446,7.739,34.952,15.229,0,1812832,614740,178868,5317944,9912.305,1659.707,0,47346.587,0,3279.469,18225,26674,2.700,1.840,0.960,3,1,22.968,0,0,11,36,1,21,0
19-01 15:03:59,28.023,9.758,37.280,21.768,0.250,1763388,655068,178884,5326640,10013.058,1621.305,0,79628.081,0,5022.042,21464,35293,2.700,1.840,0.960,2,1,83.067,0,0,11,36,0,21,0
19-01 15:04:00,16.761,6.754,53.785,20.013,0,1746016,669728,178932,5329216,11165.168,1621.041,0,62900.382,0,4935.168,22514,35525,2.700,1.840,0.960,2,0,70.045,0,0,11,36,0,21,0
19-01 15:04:01,34.752,3.750,46.253,13.501,0.250,1737068,676640,178948,5331172,8218.564,1458.100,0,33798.319,0,2717.186,14983,20689,2.700,1.840,0.960,2,2,57.004,0,0,11,32,0,21,0
19-01 15:04:02,19.691,11.216,65.552,2.742,0,1466544,947140,178948,5331192,6531.286,1615.125,0,12262.985,0,735.779,6106,6133,2.700,1.840,0.960,1,0,249.248,0,0,11,32,0,21,0
19-01 15:04:03,23.003,4.251,71.010,1.250,0,1518596,895084,178948,5331192,9664.300,1620.218,0,8421.132,0,250.034,2627,2330,2.560,1.830,0.960,1,0,0,0,0,11,32,0,21,0
19-01 15:04:04,23.815,2.507,73.451,0,0.251,1403676,1009996,178948,5331200,10318.250,1624.447,0,148.406,0,12.033,2248,1761,2.560,1.830,0.960,1,0,6.016,0,0,11,32,0,21,0
19-01 15:04:05,21.197,4.489,73.316,0,0.249,1464108,949564,178948,5331200,10350.005,1615.941,0,39.900,0,3.990,2119,1429,2.560,1.830,0.960,1,0,23.940,0,0,11,32,0,21,0
19-01 15:04:06,22.499,3.000,73.746,0.250,0,1517540,896128,178948,5331204,9241.537,1619.919,0,99.995,0,16.999,2022,1485,2.560,1.830,0.960,1,0,2.000,0,0,11,34,0,21,0
19-01 15:04:07,17.290,20.547,59.888,1.002,0,1461292,952336,178952,5331240,9422.747,1623.747,0,7870.164,0,396.916,6033,5647,2.560,1.830,0.960,2,0,488.127,0,0,11,32,0,21,0
19-01 15:04:08,11.749,31.748,54.747,0.750,0,1449144,964412,178952,5331292,10423.413,1619.909,0,3115.825,0,171.990,8081,7283,2.430,1.810,0.960,2,0,963.946,0,0,11,32,0,21,0
19-01 15:04:09,8.741,20.728,68.927,0,0,1447468,966000,178952,5331376,7545.061,1618.297,0,671.294,0,25.973,6357,4874,2.430,1.810,0.960,1,0,507.466,0,0,11,32,0,21,0
19-01 15:04:10,9.508,21.018,68.308,0.250,0.250,1434076,979212,178952,5331544,5615.756,1459.236,0,768.651,0,128.108,6076,4706,2.430,1.810,0.960,1,0,399.338,0,0,11,32,0,21,0
19-01 15:04:11,17.677,17.428,64.233,0,0,1413976,999264,178952,5331996,9455.712,1706.908,0,95.603,0,7.967,6749,7803,2.430,1.810,0.960,2,0,275.854,0,0,11,32,0,21,0
19-01 15:04:12,44.202,13.813,40.937,0,0,1502640,910136,178956,5332516,6706.574,1627.419,257.172,64.293,2.009,3.014,4789,12020,2.430,1.810,0.960,2,0,157.719,0,0,11,33,0,22,0
19-01 15:04:13,44.523,6.503,48.775,0,0,1599008,813748,178956,5332536,8751.426,1620.820,0,0,0,0,2985,1821,2.400,1.820,0.960,1,0,9.005,0,0,11,45,0,22,0
19-01 15:04:14,44.584,5.729,48.818,0,0,1642288,768640,179008,5333972,5440.771,1613.999,0,1964.695,0,172.359,3998,2714,2.400,1.820,0.960,2,0,9.963,0,0,11,49,0,22,0
19-01 15:04:15,20.286,16.529,60.606,0.751,0.501,1648344,759956,179012,5336528,9135.989,1622.840,0,4303.532,0,301.528,7516,8878,2.400,1.820,0.960,1,0,295.517,0,0,11,48,0,21,0
19-01 15:04:16,16.725,12.481,69.395,0,0.250,1653332,754872,179012,5336544,8816.649,1617.551,0,119.819,0,11.982,5449,7610,2.400,1.820,0.960,0,0,199.698,0,0,11,48,0,21,0
19-01 15:04:17,1.000,1.000,97.505,0,0,1653332,754872,179012,5336544,5354.300,1620.091,0,360.020,0,23.001,927,1333,2.400,1.820,0.960,0,0,3.000,0,0,11,48,0,21,0
19-01 15:04:18,1.000,1.000,97.011,0.250,0,1653000,755244,179012,5336548,5126.572,1458.163,0,36.004,0,4.000,868,1100,2.210,1.790,0.960,0,0,8.001,0,0,11,48,0,21,0
19-01 15:04:19,0.250,0.250,98.204,0,0,1653000,755244,179012,5336548,10042.295,1619.241,0,0,0,0,719,938,2.210,1.790,0.960,0,0,1.999,0,0,11,48,0,21,0
19-01 15:04:20,0.751,1.501,96.824,0,0,1651604,756644,179012,5336540,8638.642,1621.247,0,4.003,0,1.001,943,1197,2.210,1.790,0.960,1,0,10.008,0,0,11,48,0,21,0
19-01 15:04:21,16.007,14.256,68.280,0,0,1659956,748248,179012,5336984,8646.737,1620.701,0,0,0,0,5435,7070,2.210,1.790,0.960,1,0,274.118,0,0,11,48,0,21,0
19-01 15:04:22,11.759,16.012,72.054,0,0.250,1641612,766584,179012,5336576,7850.931,1621.225,0,4.003,0,1.001,5024,4787,2.210,1.790,0.960,3,0,296.224,0,0,12,48,0,21,0
19-01 15:04:23,16.760,19.261,62.286,0,0,1646844,761288,179012,5337036,12040.926,1859.069,0,3233.860,0,24.014,6450,6888,2.110,1.770,0.960,2,0,287.165,0,0,12,52,0,21,0
19-01 15:04:24,10.713,8.969,78.731,0.249,0,1646012,762004,179012,5336732,7278.108,1614.478,0,430.528,0,34.881,3531,3808,2.110,1.770,0.960,0,0,192.342,0,0,12,64,0,21,0
19-01 15:04:25,10.766,12.519,75.613,0,0.250,1649624,758364,179012,5336852,6543.736,1622.414,0,0,0,0,4536,4601,2.110,1.770,0.960,0,0,204.304,0,0,14,64,0,21,0
19-01 15:04:26,13.502,16.503,68.761,0,0.250,1656548,751424,179012,5336800,4971.761,1458.223,0,164.025,0,15.002,5902,6203,2.110,1.770,0.960,2,0,309.047,0,0,14,66,0,21,0
19-01 15:04:27,9.776,19.552,69.687,0.251,0,1638828,769100,179012,5336840,9094.355,1624.350,0,409.096,0,26.070,5940,4610,2.110,1.770,0.960,2,0,365.980,0,0,14,66,0,19,0
19-01 15:04:28,16.728,16.229,65.164,0,0,1657284,750644,179012,5336848,7470.158,1743.703,0,111.853,0,10.986,6471,7662,2.020,1.760,0.960,3,0,251.668,0,0,14,66,0,19,0
19-01 15:04:29,28.746,24.747,45.994,0,0.250,1742848,665016,179020,5336908,9780.727,1619.789,0,2031.736,0,82.989,6622,5297,2.020,1.760,0.960,4,0,490.936,0,0,14,66,0,19,0
19-01 15:04:30,29.291,24.785,44.813,0,0,1853796,552464,179092,5338360,8844.449,1622.284,0,116.164,0,5.007,7719,8946,2.020,1.760,0.960,4,0,534.753,0,0,14,68,0,20,0
19-01 15:04:31,33.638,21.927,43.356,0,0.249,1964268,441892,179104,5338840,10118.405,1614.639,0,39.868,0,9.967,6562,6588,2.020,1.760,0.960,2,0,439.541,0,0,14,70,0,15,0
19-01 15:04:32,55.766,23.257,21.006,0,0.250,2034308,371588,179116,5339076,9982.864,1620.465,0,4.001,0,1.000,5631,5138,2.020,1.760,0.960,4,0,409.117,0,0,14,70,0,15,0
19-01 15:04:33,55.102,25.182,18.700,0,0,2163608,241588,179128,5340152,11557.894,1747.297,0,638.282,0,12.965,6527,6322,2.100,1.780,0.970,4,0,468.738,0,0,14,70,0,15,0
19-01 15:04:34,66.225,22.828,11.288,0,0,2256848,146528,179220,5341152,12025.854,1625.522,0,1557.290,0,53.181,5790,5895,2.100,1.780,0.970,4,0,375.275,0,0,14,70,0,15,0
19-01 15:04:35,71.879,24.209,2.246,0.749,0.250,2399020,133964,167112,5226556,8730.351,1455.558,539.095,5969.983,63.893,431.276,7078,8206,2.100,1.780,0.970,7,0,386.352,0,0,14,74,0,13,0
19-01 15:04:36,63.876,26.302,5.761,3.256,0,2505636,173272,166408,5084212,5939.738,1623.208,1170.313,35221.603,87.172,2261.469,15468,23680,2.100,1.780,0.970,5,1,375.743,0,0,14,76,0,13,0
19-01 15:04:37,63.555,24.271,9.258,2.002,0.250,2613340,137728,166488,5013896,20895.221,1621.414,80.070,13251.556,12.010,1080.943,12546,20596,2.100,1.780,0.970,5,0,327.285,0,0,14,80,0,15,0
19-01 15:04:38,69.832,23.528,5.506,0.501,0.250,2712076,162148,166076,4893896,13166.510,1621.911,824.972,1221.439,76.090,69.081,8965,16289,2.410,1.850,1,4,0,358.422,0,0,14,93,0,23,0
19-01 15:04:39,46.718,26.732,24.983,0.250,0.250,2819496,196032,166084,4755696,11484.078,1618.883,59.959,851.413,7.994,44.969,8105,11894,2.410,1.850,1,2,0,505.651,0,0,14,93,0,21,0
19-01 15:04:40,39.647,19.200,40.395,0,0,2902980,182836,165964,4687472,7389.715,1615.783,0,598.438,0,32.914,6521,8318,2.410,1.850,1,2,0,306.201,0,0,14,95,0,21,0
19-01 15:04:41,53.143,13.536,32.588,0.251,0,3035792,179104,165976,4560820,5804.613,1624.369,2081.599,2976.005,27.073,155.418,5517,8029,2.410,1.850,1,2,0,136.367,0,0,14,98,0,24,0
19-01 15:04:42,25.453,13.725,58.643,0.749,0,3080152,201288,165996,4495764,10221.268,1617.037,7.985,1840.627,1.996,135.751,5302,4973,2.410,1.850,1,1,0,230.577,0,0,14,101,0,24,0
19-01 15:04:43,8.759,18.770,71.076,0.250,0,3095992,185408,165996,4495804,7563.086,1549.657,8.009,140.150,2.002,13.014,5600,4225,2.300,1.840,1,1,0,337.361,0,0,14,101,0,24,0
19-01 15:04:44,8.486,19.717,70.631,0,0,3102468,178900,165996,4495836,6848.466,1617.276,0,43.926,0,3.993,5796,4306,2.300,1.840,1,1,0,368.380,0,0,14,101,0,24,0
19-01 15:04:45,20.304,6.016,72.942,0,0,3162108,185012,165996,4431608,9735.657,1624.281,24.063,0,2.005,0,2326,1693,2.300,1.840,1,1,0,54.143,0,0,14,101,0,24,0
19-01 15:04:46,20.199,6.234,72.069,0.249,0.499,3150384,196668,165996,4431676,9994.880,1615.939,39.900,758.095,3.990,24.937,3462,3249,2.300,1.840,1,1,0,62.842,0,0,14,103,0,24,0
19-01 15:04:47,21.521,4.254,73.071,0,0.250,3211124,135920,165996,4431684,10569.274,1621.576,4.004,104.101,1.001,13.013,2090,1584,2.300,1.840,1,1,0,0,0,0,14,104,0,24,0
19-01 15:04:48,23.471,3.995,71.412,0.499,0.250,3205480,141252,166008,4431940,7227.132,1618.015,3.995,854.951,0.999,84.896,3162,3554,2.190,1.820,1,1,0,0.999,0,0,14,108,0,24,0
19-01 15:04:49,27.488,4.498,64.973,1.999,0,3208944,137536,166008,4432176,6358.339,1619.322,47.980,2123.112,2.999,242.898,5964,8383,2.190,1.820,1,1,0,2.999,0,0,14,110,0,25,0
19-01 15:04:50,18.310,8.528,72.238,0.251,0,3191632,154716,166008,4432292,9502.332,1517.002,0,489.614,0,27.089,3039,2386,2.190,1.820,1,1,0,112.371,0,0,14,110,0,25,0
19-01 15:04:51,32.019,5.503,61.286,0,0,3269008,143420,166008,4367812,7854.669,1566.932,0,556.331,0,31.018,3195,2861,2.190,1.820,1,2,0,4.002,0,0,14,115,0,25,0
19-01 15:04:52,30.734,7.746,58.719,1.249,0,3232076,243060,165900,4306568,8410.563,1619.146,15.992,2382.743,3.998,219.884,5693,7348,2.190,1.820,1,2,0,43.977,0,0,14,120,0,17,0
19-01 15:04:53,41.855,10.215,46.588,0.997,0,3353208,121908,165900,4306588,7634.520,1704.090,7.972,3328.456,1.993,204.291,4083,3128,2.180,1.830,1,2,0,59.793,0,0,14,120,0,17,0
19-01 15:04:54,29.494,7.998,61.736,0,0,3325580,213144,165900,4244836,9395.944,1619.646,179.961,395.913,1.000,21.995,3146,2248,2.180,1.830,1,4,0,54.988,0,0,14,120,0,18,0
19-01 15:04:55,23.004,2.500,73.262,0,0.250,3372944,165768,165900,4244848,9661.621,1662.279,0,284.048,0,15.003,2060,1491,2.180,1.830,1,1,0,0,0,0,14,120,0,18,0
19-01 15:04:56,20.007,7.003,71.526,1.000,0,3425152,176524,165900,4183420,5963.209,1620.600,0,10347.833,0,568.210,3248,1822,2.180,1.830,1,2,0,51.019,0,0,14,120,0,18,0
19-01 15:04:57,22.286,4.507,71.366,0.501,0,3397540,203948,165900,4183608,6584.691,1622.635,8.013,981.594,2.003,105.171,3539,3768,2.180,1.830,1,1,0,18.029,0,0,14,122,0,19,0
19-01 15:04:58,20.465,5.990,72.626,0,0,3470312,131168,165900,4183616,9564.695,1497.447,0,323.449,0,13.976,2441,1877,2.080,1.810,1,3,0,64.889,0,0,14,122,0,19,0
19-01 15:04:59,21.068,6.270,71.730,0.752,0.752,3409148,192324,165900,4183624,7917.396,1667.348,0,1400.492,0,81.261,2879,2495,2.080,1.810,1,3,0,56.180,0,0,14,124,0,19,0
19-01 15:05:00,22.986,2.998,72.705,0.250,0,3406108,195316,165900,4183672,10153.778,1619.008,3.998,547.664,0.999,73.955,2849,2985,2.080,1.810,1,2,0,0.999,0,0,14,125,0,19,0
19-01 15:05:01,30.731,7.995,57.214,1.749,0,3370392,230660,165904,4184040,7722.161,1618.986,47.970,6479.940,2.998,352.779,12040,20394,2.080,1.810,1,1,0,67.957,0,0,14,135,0,22,0
19-01 15:05:02,21.216,4.992,72.882,0,0,3442324,158724,165904,4184044,10250.465,1617.391,0,622.995,0,38.937,1985,1748,2.080,1.810,1,3,0,19.968,0,0,14,136,0,22,0
19-01 15:05:03,23.997,3.250,72.242,0.750,0.250,3441040,159952,165908,4184080,7351.154,1619.813,4.000,1035.881,1.000,81.991,3105,3399,2,1.800,1,2,0,0,0,0,14,136,0,22,0
19-01 15:05:04,31.061,5.761,60.620,0.501,0,3445896,155020,165908,4184156,8950.662,1693.341,0,1739.432,0,165.326,6460,9527,2,1.800,1,2,0,0,0,0,14,135,0,22,0
19-01 15:05:05,24.450,5.988,68.859,0.249,0,3431420,169468,165908,4184184,9540.466,1616.690,0,782.398,0,62.871,2906,3193,2,1.800,1,1,0,68.859,0,0,14,135,0,22,0
19-01 15:05:06,20.315,7.023,70.226,1.254,0,3425000,175688,165912,4184380,7790.091,1462.711,32.103,3756.098,2.006,399.286,4723,4815,2,1.800,1,2,0,112.362,0,0,14,135,0,23,0
19-01 15:05:07,21.006,6.002,72.021,0.250,0.250,3479316,121384,165912,4184384,7134.056,1620.467,0,676.195,0,48.014,2477,2051,2,1.800,1,1,0,36.010,0,0,14,135,0,23,0
19-01 15:05:08,22.924,4.485,70.517,0.748,0.249,3457008,143656,165912,4184420,9333.192,1614.670,0,1335.591,0,118.608,4621,5623,1.920,1.780,1,1,0,0.997,0,0,14,136,0,23,0
19-01 15:05:09,26.075,8.023,62.178,1.254,0.251,3456956,143556,165920,4184548,8260.637,1624.649,36.103,6265.929,3.009,404.156,7005,9685,1.920,1.780,1,2,0,3.009,0,0,14,138,0,23,0
19-01 15:05:10,40.599,15.193,42.591,0.747,0.249,3423796,176400,165924,4184796,10125.302,2026.455,0,2462.830,0,191.288,14276,22110,1.920,1.780,1,1,0,285.935,0,0,14,137,0,23,0
19-01 15:05:11,23.248,2.750,72.243,0.250,0.250,3463720,136468,165924,4184804,8729.145,1963.808,0,463.955,0,20.998,2302,1765,1.920,1.780,1,2,0,0,0,0,14,137,0,23,0
19-01 15:05:12,14.765,19.771,64.067,0,0,3459624,140396,165928,4184996,5114.335,1711.786,28.029,1417.479,3.003,27.028,6165,10105,1.920,1.780,1,2,0,378.395,0,0,14,137,0,23,0
19-01 15:05:13,12.754,20.256,65.520,0,0,3414836,185168,165928,4185452,10883.376,1620.503,0,452.140,0,30.009,6766,6681,1.840,1.770,1,1,0,359.111,0,0,14,137,0,23,0
19-01 15:05:14,24.282,17.774,57.076,0.250,0,3410964,189008,165928,4185048,7804.343,1459.935,0,1830.426,0,97.129,5818,5928,1.840,1.770,1,2,0,226.300,0,0,14,137,0,23,0
19-01 15:05:15,29.667,23.684,44.625,0,0,3470548,129236,165936,4185228,6627.481,1769.057,27.922,255.287,2.992,21.939,6204,4638,1.840,1.770,1,2,0,383.927,0,0,14,139,0,23,0
19-01 15:05:16,21.568,18.057,59.186,0.251,0,3486976,174500,165944,4125504,9739.649,1625.114,64.202,541.705,4.013,29.092,6842,9099,1.840,1.770,1,2,0,349.099,0,0,14,143,0,24,0
19-01 15:05:17,48.218,23.734,25.983,1.249,0.500,3615512,164904,165956,4009608,9055.067,1618.939,111.927,8010.751,8.994,737.517,8426,9991,1.840,1.770,1,3,0,475.688,0,0,16,149,0,24,0
19-01 15:05:18,55.309,24.276,19.521,0,0,3716828,156244,165592,3918396,9467.038,1621.720,16.017,256.272,1.001,20.021,6575,6711,1.940,1.790,1.010,4,0,440.467,0,0,16,153,0,24,0
19-01 15:05:19,42.649,21.449,34.668,0.748,0.249,3803260,164428,165596,3824600,7060.278,1616.172,11.972,1117.354,2.993,55.868,8726,13173,1.940,1.790,1.010,6,1,406.038,0,0,16,167,0,24,2
19-01 15:05:20,33.338,23.813,42.111,0,0,3860140,151440,165600,3781372,5670.951,1714.520,4.011,320.846,1.003,18.048,7202,5913,1.940,1.790,1.010,2,0,575.517,0,0,17,169,0,24,2
19-01 15:05:21,16.492,17.742,63.221,0.500,0,3873088,138448,165600,3781852,9420.616,1619.246,7.996,343.840,1.999,35.983,7360,9022,1.940,1.790,1.010,2,0,311.855,0,0,17,171,0,24,2
19-01 15:05:22,27.745,22.246,49.241,0.250,0.250,3940860,122756,165484,3730384,10761.095,1619.713,7.999,2767.510,2.000,43.992,6149,5221,1.940,1.790,1.010,3,0,349.938,0,0,17,171,0,24,2
19-01 15:05:23,36.017,21.010,42.020,0,0,3981892,135480,165488,3678372,5630.638,1528.716,24.011,420.197,5.002,33.015,7481,8214,2.100,1.830,1.030,6,0,378.177,0,0,17,177,0,24,2
19-01 15:05:24,39.510,25.006,33.258,1.250,0,4090688,130200,165976,3576540,9684.336,1840.444,8085.951,1104.266,166.040,70.017,9060,12037,2.100,1.830,1.030,3,0,523.126,0,0,17,183,1,24,2
19-01 15:05:25,29.901,25.665,43.356,0.249,0,4165148,143172,165980,3491096,9440.646,1730.253,15.947,279.073,0.997,16.944,7122,6052,2.100,1.830,1.030,5,0,587.050,0,0,17,185,1,24,2
19-01 15:05:26,15.262,22.267,61.048,0.250,0,4184232,158832,165984,3457192,12090.411,1695.320,20.016,660.514,5.004,45.035,8016,9700,2.100,1.830,1.030,4,0,432.337,0,0,17,195,1,24,2
19-01 15:05:27,20.287,15.528,62.613,0,0.250,4209892,133076,165984,3457292,7355.318,1697.073,16.029,593.074,1.002,26.047,7634,10371,2.100,1.830,1.030,4,0,281.510,0,0,17,195,1,24,2
19-01 15:05:28,41.260,10.503,46.762,0,0.250,4319596,158052,165984,3325052,5170.282,1694.420,452.112,212.053,7.002,11.003,3703,2462,2.090,1.830,1.030,2,0,77.019,0,0,17,195,1,24,2
19-01 15:05:29,45.299,9.707,43.557,0.249,0,4451536,183128,165984,3170444,9294.761,1686.517,230.975,788.502,14.934,71.682,4054,3070,2.090,1.830,1.030,4,0,12.943,0,0,17,213,1,24,2
19-01 15:05:30,30.410,16.085,53.532,0.251,0,4377960,256100,165988,3171128,8866.733,1719.061,16.085,237.250,1.005,10.053,5335,4959,2.090,1.830,1.030,3,0,338.786,0,0,17,217,1,24,2
19-01 15:05:31,35.496,23.997,38.495,0.500,0,4423368,208520,165992,3173284,9077.906,1531.815,943.886,451.946,11.999,34.996,8165,10170,2.090,1.830,1.030,3,0,489.941,0,0,17,223,1,25,2
19-01 15:05:32,44.923,23.460,30.448,0,0,4421568,208380,165996,3175192,7588.007,1617.231,1106.106,539.077,17.969,35.938,7634,10340,2.090,1.830,1.030,2,0,321.450,0,0,17,225,1,25,2
19-01 15:05:33,68.503,17.686,13.202,0.498,0.498,4581464,139000,166012,3087488,9427.063,1656.038,510.163,1255.480,15.943,48.824,5882,5388,2.250,1.870,1.050,5,0,141.491,0,0,17,230,1,28,2
19-01 15:05:34,66.449,17.553,10.782,4.012,0.251,4640948,152952,166060,3015684,9552.605,1624.866,6844.495,1227.676,389.165,45.135,5857,5445,2.250,1.870,1.050,5,0,33.099,0,0,17,238,1,28,2
19-01 15:05:35,52.066,20.025,25.532,1.252,0,4628068,196344,166116,2986088,7363.324,1696.148,921.166,1894.399,125.158,165.209,7594,9951,2.250,1.870,1.050,5,0,332.421,0,0,17,239,1,34,2
19-01 15:05:36,40.342,22.412,35.859,0.498,0.249,4658680,200700,166120,2952416,6404.875,1613.670,207.187,529.921,3.984,34.863,7164,8515,2.250,1.870,1.050,2,0,388.476,0,0,17,239,1,34,2
19-01 15:05:37,51.752,23.866,23.615,0,0,4683564,174276,166120,2953964,11564.286,1627.923,12.059,9626.856,3.015,97.474,7228,8319,2.250,1.870,1.050,4,0,431.098,0,0,17,239,1,34,2
19-01 15:05:38,59.166,25.214,12.732,1.748,0,4764396,172948,166136,2876716,9599.322,1687.595,1006.566,12997.480,43.937,1018.549,9240,9287,2.550,1.940,1.080,3,0,389.445,0,0,17,239,1,34,2
19-01 15:05:39,58.749,25.749,14.250,0,0,4817256,150376,166136,2847060,9803.807,1457.971,231.995,723.986,12.000,51.999,8335,12664,2.550,1.940,1.080,5,0,395.992,0,0,17,247,1,36,2
19-01 15:05:40,59.256,25.002,14.501,0.250,0.250,4827532,185104,166148,2803568,7579.713,1620.152,308.029,972.091,18.002,67.006,6910,9307,2.550,1.940,1.080,3,0,446.042,0,0,17,249,1,37,2
19-01 15:05:41,55.569,21.527,20.525,0.501,0.250,4928732,145636,166152,2742452,10065.457,1712.119,428.530,624.773,27.033,40.050,7474,12969,2.550,1.940,1.080,3,0,270.335,0,0,17,255,1,27,2
19-01 15:05:42,71.051,14.709,12.465,0.997,0.249,5020312,142948,166168,2654480,11130.766,1615.467,243.317,4176.281,1.994,318.107,5190,4415,2.550,1.940,1.080,4,0,28.919,0,0,17,255,1,27,2
19-01 15:05:43,70.159,14.231,13.982,0.999,0,5039528,178380,166184,2601116,5740.521,1617.892,2045.335,4070.696,113.852,103.865,13807,23071,2.660,1.970,1.090,3,0,14.980,0,0,17,264,1,33,2
19-01 15:05:44,53.926,22.824,22.574,0.251,0.251,5070504,147044,166188,2601456,5677.526,1699.546,1179.850,718.344,15.049,37.121,6669,6241,2.660,1.970,1.090,5,0,415.355,0,0,17,265,1,34,2
19-01 15:05:45,50.538,27.136,20.414,0.747,0,5044508,200744,166188,2574856,9338.885,1613.243,4883.546,1791.496,77.675,100.579,8052,9626,2.660,1.970,1.090,2,0,466.048,0,0,17,265,1,31,2
19-01 15:05:46,67.595,22.364,10.303,0,0,5120352,160080,166188,2540820,7266.047,1628.302,731.731,1009.145,23.118,35.179,6922,9685,2.660,1.970,1.090,5,0,251.281,0,0,18,268,1,32,2
19-01 15:05:47,79.549,16.305,1.482,1.976,0,5220668,118100,166188,2483904,10192.146,1600.861,3537.704,743.116,207.519,45.457,6107,4471,2.660,1.970,1.090,6,0,17.787,0,0,18,268,1,32,2
19-01 15:05:48,82.599,13.388,2.779,1.263,0.505,5241188,194920,166220,2389108,11659.812,1473.137,1434.743,6991.845,51.529,792.140,8681,7460,2.850,2.020,1.110,5,1,55.571,0,0,18,269,1,34,2
19-01 15:05:49,47.782,16.511,33.773,0.250,0.250,5332112,135336,166224,2358632,9857.605,2658.782,772.518,7997.359,20.013,387.259,6946,6838,2.850,2.020,1.110,2,0,184.123,0,0,18,280,1,34,0
19-01 15:05:50,35.343,8.711,53.513,0.498,0,5305132,161820,166232,2359124,26635.821,4953.024,1079.212,1461.515,26.881,167.258,5142,6099,2.850,2.020,1.110,3,0,46.792,0,0,18,282,1,35,1
19-01 15:05:51,27.780,12.263,57.812,0.751,0,5289588,161100,166232,2375360,16575986.546,114001.083,900.973,1301.405,11.012,50.054,9595,6376,2.850,2.020,1.110,2,1,98.106,0,0,18,285,1,35,0
19-01 15:05:52,31.239,11.746,54.980,0.250,0,5321492,149920,166232,2355360,9083.751,1619.421,2719.027,551.803,29.989,46.983,4580,4039,2.850,2.020,1.110,2,0,173.938,0,0,18,285,1,35,0
19-01 15:05:53,25.589,3.512,69.742,0.502,0.251,5329140,142000,166232,2355636,8785.465,1625.637,32.111,9340.389,2.007,81.282,4504,5652,2.620,1.990,1.110,1,0,3.010,0,0,18,295,1,36,0
19-01 15:05:54,25.417,4.735,67.281,0.997,0,5315112,139476,166240,2372164,5864.950,1698.483,478.446,1124.348,24.919,100.673,6557,9293,2.620,1.990,1.110,1,0,2.990,0,0,18,297,1,40,0
19-01 15:05:55,11.497,19.744,66.731,0.250,0,5252428,202028,166240,2372280,8547.592,1661.532,47.986,723.796,3.999,46.987,6498,6105,2.620,1.990,1.110,1,0,464.869,0,0,18,297,1,40,0
19-01 15:05:56,24.034,3.505,71.102,0.250,0.250,5306536,147872,166240,2372328,7050.088,1460.089,48.069,452.648,2.003,22.032,2468,2153,2.620,1.990,1.110,1,0,3.004,0,0,18,297,1,40,0
19-01 15:05:57,9.022,19.298,70.425,0.251,0,5310280,144080,166240,2372376,8887.086,1624.036,0,352.877,0,20.050,5739,4413,2.620,1.990,1.110,1,0,311.775,0,0,18,297,1,38,0
19-01 15:05:58,7.470,17.430,72.706,0.249,0.249,5308800,145460,166244,2372456,7923.987,1655.313,31.871,5645.193,1.992,103.582,5943,5175,2.490,1.970,1.110,0,0,353.572,0,0,18,297,1,38,0
19-01 15:05:59,4.500,1.500,92.008,0.500,0,5315936,138320,166244,2372460,7383.652,1620.143,4.000,140.012,1.000,17.002,1612,2067,2.490,1.970,1.110,1,0,10.001,0,0,18,299,1,38,0
19-01 15:06:00,24.255,5.001,69.764,0.250,0.250,5358000,151440,166244,2318708,10720.112,1694.334,0,16251.202,0,72.014,2709,2335,2.490,1.970,1.110,1,0,1.000,0,0,18,299,1,38,0
19-01 15:06:01,17.015,12.011,69.811,0.250,0,5305744,203564,166248,2318820,9153.038,1621.424,76.067,364.320,7.006,29.025,5135,4433,2.490,1.970,1.110,1,0,156.137,0,0,18,305,1,38,0
19-01 15:06:02,11.280,17.797,69.933,0,0,5300592,208332,166248,2319172,5674.889,1624.262,4.011,168.442,1.003,19.050,5488,4254,2.490,1.970,1.110,1,0,203.534,0,0,18,305,1,38,0
19-01 15:06:03,13.453,14.699,69.756,0.249,0.249,5284488,224200,166248,2319400,9561.615,1614.363,3.986,5564.571,0.997,158.447,5397,4392,2.370,1.950,1.110,2,0,242.155,0,0,18,305,1,38,0
19-01 15:06:04,24.095,4.016,71.030,0.251,0,5331396,177252,166248,2319440,6453.464,1463.776,32.127,228.903,2.008,27.107,2767,2572,2.370,1.950,1.110,2,0,3.012,0,0,18,309,1,38,0
19-01 15:06:05,23.743,3.249,70.979,0.500,0,5378856,129372,166248,2319860,9219.300,1619.526,403.882,847.752,12.996,62.982,2838,2775,2.370,1.950,1.110,3,0,3.999,0,0,18,313,1,36,0
19-01 15:06:06,23.510,3.001,72.530,0,0,5378116,130076,166248,2319896,8055.371,1620.678,20.008,124.052,4.002,9.004,2340,2008,2.370,1.950,1.110,1,0,5.002,0,0,18,309,1,36,0
19-01 15:06:07,23.402,4.481,70.953,0.249,0,5361344,178888,166248,2289436,8436.681,1613.246,0,163.316,0,21.908,2545,2350,2.370,1.950,1.110,2,0,3.983,0,0,18,309,1,36,0
19-01 15:06:08,24.008,4.251,70.025,0.500,0.500,5328460,211732,166252,2289472,9702.410,1690.594,0,12280.316,0,61.021,3408,3472,2.260,1.940,1.100,2,0,17.006,0,0,18,309,1,37,0
19-01 15:06:09,23.958,3.743,71.376,0.250,0,5370188,170004,166252,2289472,9455.571,1617.190,0,594.966,0,100.825,2418,1820,2.260,1.940,1.100,2,0,0,0,0,18,309,1,36,0
19-01 15:06:10,14.336,13.833,70.421,0,0.252,5351860,188040,166260,2289756,10964.491,1629.734,398.380,285.707,6.036,7.042,4672,3677,2.260,1.940,1.100,1,0,224.340,0,0,18,309,1,36,0
19-01 15:06:11,12.944,16.180,68.455,0.498,0.249,5358192,181572,166260,2289928,7943.786,1706.649,55.760,3142.465,4.979,164.292,6125,5713,2.260,1.940,1.100,1,0,359.452,0,0,18,309,1,36,0
19-01 15:06:12,23.727,6.244,68.684,0.250,0,5375480,164060,166292,2290104,13263.286,3493.651,167.839,111.893,8.991,3.996,3337,10426,2.260,1.940,1.100,0,0,68.934,0,0,18,310,1,37,0
19-01 15:06:13,24.280,3.254,71.837,0,0,5349292,183032,166860,2296624,7005.517,1862.264,0,756.920,0,11.013,2337,2059,2.160,1.920,1.100,1,0,2.002,0,0,18,309,1,37,0
19-01 15:06:14,16.999,3.000,78.496,0,0,5346008,184848,166872,2298080,14100.320,4550.781,127.994,583.972,6.000,13.999,2263,2118,2.160,1.920,1.100,3,0,16.999,0,0,18,310,1,36,0
19-01 15:06:15,24.505,5.501,68.765,0.250,0,5328472,196676,167440,2303064,7068.584,1794.402,80.018,1404.315,5.001,38.009,10913,19786,2.160,1.920,1.100,2,0,14.003,0,0,18,309,1,36,0
19-01 15:06:16,16.768,3.253,78.834,0.250,0.250,5323488,201212,167504,2303444,16488.580,4555.857,20.021,464.495,4.004,11.012,2034,1936,2.160,1.920,1.100,1,0,4.004,0,0,18,310,1,36,0
19-01 15:06:17,21.716,6.739,69.641,0,0,5301344,223204,167552,2303532,11864.351,1617.458,0,439.309,0,8.986,10975,19214,2.160,1.920,1.100,1,0,15.975,0,0,18,310,1,36,0
19-01 15:06:18,14.810,14.057,68.778,0.502,0,5286708,249412,167628,2291964,10617.862,1843.442,0,1232.977,0,39.158,4855,4170,2.070,1.910,1.100,1,0,274.107,0,0,18,309,1,35,0
19-01 15:06:19,22.665,4.234,70.982,0.747,0.498,5334840,201280,167628,2291964,9781.112,1613.913,0,3506.775,0,447.313,3187,2233,2.070,1.910,1.100,1,0,1.992,0,0,18,309,1,35,0
19-01 15:06:20,20.559,7.522,70.953,0,0.251,5305380,230500,167628,2292204,9948.487,1462.187,32.092,8.023,2.006,1.003,3705,3075,2.070,1.910,1.100,2,0,105.302,0,0,18,309,1,37,0
19-01 15:06:21,22.410,4.980,71.462,0.249,0,5338700,197172,167628,2292212,10858.308,1613.507,0,338.637,0,23.904,2716,2482,2.070,1.910,1.100,1,0,11.952,0,0,18,309,1,37,0
19-01 15:06:22,21.257,6.252,70.774,0,0,5352952,182908,167628,2292224,6972.338,1620.543,0,152.051,0,16.005,3205,2981,2.070,1.910,1.100,1,0,72.024,0,0,18,309,1,38,0
19-01 15:06:23,24.767,3.002,71.048,0.250,0,5385104,150680,167628,2292300,7336.913,1621.085,64.043,256.172,3.002,25.017,2838,2837,1.980,1.890,1.100,1,0,1.001,0,0,18,309,1,38,0
19-01 15:06:24,21.242,6.748,70.724,0.250,0,5376280,159324,167628,2292484,9399.569,1619.409,175.936,223.918,3.999,17.993,3039,2785,1.980,1.890,1.100,1,0,56.979,0,0,18,309,0,38,0
19-01 15:06:25,21.744,5.249,71.481,0,0,5346604,188980,167628,2292504,8393.711,1619.558,0,283.923,0,17.995,2940,2607,1.980,1.890,1.100,1,0,31.991,0,0,18,309,0,40,0
19-01 15:06:26,24.263,3.252,71.790,0,0.250,5365492,170088,167628,2292508,11557.420,1620.900,0,148.082,0,9.005,2450,2185,1.980,1.890,1.100,2,0,0,0,0,18,309,0,40,0
19-01 15:06:27,21.501,5.500,71.252,0.500,0,5337400,198120,167632,2292564,12172.412,1620.055,32.001,376.013,2.000,37.001,3351,3301,1.980,1.890,1.100,1,0,47.002,0,0,18,309,0,40,0
19-01 15:06:28,22.754,4.751,71.262,0.250,0.250,5325868,209636,167632,2292580,9205.495,1620.263,0,168.027,0,10.002,2954,2551,1.980,1.890,1.110,1,0,32.005,0,0,18,309,0,42,0
19-01 15:06:29,22.486,4.247,71.705,0,0.250,5349764,185736,167632,2292584,8263.798,1457.083,0,119.925,0,6.996,2453,2211,1.980,1.890,1.110,1,0,0,0,0,18,309,0,43,0
19-01 15:06:30,16.265,9.759,72.066,0.751,0,5276784,258236,167728,2292968,7542.942,2745.527,232.214,736.678,58.053,48.044,4767,4526,1.980,1.890,1.110,0,1,183.169,0,0,18,311,0,43,0
19-01 15:06:31,4.261,1.504,91.986,1.253,0.251,5267752,266508,168040,2293416,26560.147,4407.308,761.955,473.214,190.489,50.129,2233,2860,1.980,1.890,1.110,1,0,6.015,0,0,18,313,0,44,1
19-01 15:06:32,4.983,6.977,86.212,0,0,5277256,256956,168040,2293464,14647.078,4645.484,0,207.308,0,14.950,2962,2776,1.980,1.890,1.110,1,0,118.604,0,0,18,315,0,44,0
19-01 15:06:33,5.502,10.254,82.785,0,0,5275476,258672,168040,2293528,6284.651,2070.874,0,264.111,0,20.008,3779,3549,1.980,1.900,1.110,1,0,179.076,0,0,18,313,0,45,0
19-01 15:06:34,20.762,6.003,70.791,1.251,0.500,5320344,204828,168064,2302480,9852.694,1620.937,1164.673,2113.221,128.074,115.066,3301,2971,1.980,1.900,1.110,2,0,35.020,0,0,18,313,0,39,0
19-01 15:06:35,17.733,2.747,77.424,1.249,0,5336956,180424,168076,2310164,14130.110,4221.850,871.144,3152.901,10.989,336.669,2831,2127,1.980,1.900,1.110,2,0,15.984,0,0,18,315,0,39,0
19-01 15:06:36,14.309,7.029,76.567,1.004,0,5305040,210144,168080,2312308,15570.505,3557.739,1188.925,3365.944,19.079,107.445,3852,3760,1.980,1.900,1.110,2,0,83.345,0,0,18,313,0,39,0
19-01 15:06:37,16.691,12.705,69.257,0,0,5337960,177104,168080,2312428,9277.477,1452.907,3.986,286.994,0.997,23.916,4499,3994,1.980,1.900,1.110,2,0,221.224,0,0,18,313,0,39,0
19-01 15:06:38,25.281,3.504,70.586,0.501,0,5283396,231648,168080,2312448,6659.152,1621.986,0,444.544,0,34.042,3126,2886,1.910,1.880,1.110,1,0,16.020,0,0,18,313,0,34,0
19-01 15:06:39,25.721,6.493,66.174,0,0.250,5334424,180500,168080,2312568,10046.490,1618.146,0,151.826,0,9.989,4608,5828,1.910,1.880,1.110,2,0,33.961,0,0,18,315,0,34,0
19-01 15:06:40,23.500,6.000,68.749,0.750,0,5326084,188304,168080,2313104,11993.792,1661.971,511.991,179.997,29.999,24.000,3541,3157,1.910,1.880,1.110,4,0,15.000,0,0,18,316,0,36,0
19-01 15:06:41,26.276,3.503,68.568,0.250,0,5356780,157572,168080,2313140,9181.103,1621.608,16.016,428.425,1.001,44.044,3512,3485,1.910,1.880,1.110,1,0,0,0,0,18,316,0,37,0
19-01 15:06:42,24.465,6.241,66.904,1.248,0.250,5321092,191116,168088,2315276,10017.696,1617.690,2065.051,1465.907,81.883,156.776,5365,7105,1.910,1.880,1.110,1,0,6.990,0,0,18,317,0,34,0
19-01 15:06:43,25.043,3.506,69.869,0.250,0.250,5359732,152300,168088,2315452,11337.387,1622.775,16.027,693.185,1.002,67.115,3415,3561,1.830,1.870,1.110,1,0,0,0,0,18,318,0,34,0
19-01 15:06:44,17.270,12.514,67.827,1.001,0.250,5267704,244164,168088,2315616,9296.549,1621.840,112.127,1349.531,5.006,112.127,6277,7132,1.830,1.870,1.110,1,0,217.247,0,0,18,317,0,34,0
19-01 15:06:45,8.251,23.502,67.007,0,0,5264120,247720,168088,2315644,10748.079,1458.146,0,524.053,0,33.003,7028,6122,1.830,1.870,1.110,1,0,581.058,0,0,18,317,0,34,0
19-01 15:06:46,7.753,24.008,66.522,0.500,0,5262168,249644,168088,2315672,6657.248,1620.547,0,2888.976,0,170.057,7627,6934,1.830,1.870,1.110,1,0,627.212,0,0,18,317,0,26,0
19-01 15:06:47,9.502,22.505,67.014,0.250,0,5261444,250340,168088,2315700,11229.270,1620.328,0,348.070,0,33.007,7015,6198,1.830,1.870,1.110,3,0,574.116,0,0,18,317,0,26,0
19-01 15:06:48,7.748,22.995,67.485,0,0,5254260,257484,168088,2315740,8063.197,1619.638,0,127.971,0,16.996,7329,6476,1.850,1.870,1.110,2,0,650.854,0,0,18,317,0,26,0
19-01 15:06:49,9.239,21.474,67.419,0,0.499,5256984,254720,168092,2315776,9620.396,1618.048,3.995,1757.880,0.999,21.973,6931,6067,1.850,1.870,1.110,1,0,537.352,0,0,18,319,0,26,0
19-01 15:06:50,8.267,23.048,66.640,0.251,0,5260128,251552,168092,2315800,7246.178,1623.400,0,1980.148,0,321.674,6631,5342,1.850,1.870,1.110,1,0,454.953,0,0,18,319,0,23,0
19-01 15:06:51,13.442,13.442,70.942,0.249,0,5286140,340472,168104,2212988,8876.429,1612.991,43.810,2560.872,4.978,35.844,4428,4186,1.850,1.870,1.110,1,0,196.148,0,0,18,319,0,23,0
19-01 15:06:52,23.481,4.247,71.194,0.500,0.250,5302384,313600,168584,2223136,5082.991,1618.723,0,1682.673,0,21.983,2404,2393,1.850,1.870,1.110,1,0,3.997,0,0,18,319,0,23,0
19-01 15:06:53,15.011,2.502,80.560,0.500,0.250,5316104,298760,168656,2224180,16115.964,7210.353,532.395,1176.874,28.021,55.041,2429,2466,1.700,1.840,1.110,3,0,17.013,0,0,18,320,0,23,0
19-01 15:06:54,11.497,1.500,83.226,1.250,0,5315792,298520,168720,2224664,17173.065,9297.328,327.906,2831.186,31.991,149.957,2536,2913,1.700,1.840,1.110,1,0,0,0,0,18,320,0,17,0
19-01 15:06:55,11.740,1.998,83.181,1.499,0,5323640,289700,168756,2225596,25818.527,11658.304,471.608,1498.753,48.959,51.957,2070,2030,1.700,1.840,1.110,0,0,0,0,0,18,320,0,17,0
19-01 15:06:56,16.764,1.751,80.318,0.751,0.250,5342044,270044,168792,2226808,19747.728,8631.311,1084.919,2061.746,47.040,79.067,2331,2237,1.700,1.840,1.110,0,0,0,0,0,18,320,0,17,0
19-01 15:06:57,11.257,1.251,85.053,1.001,0.250,5345836,265508,168836,2227500,21267.273,9308.810,500.312,1036.647,34.021,34.021,1897,1929,1.700,1.840,1.110,0,0,0,0,0,18,320,0,17,0
19-01 15:06:58,14.497,1.250,81.983,0.750,0.250,5355028,255176,168888,2228584,21510.509,10890.726,787.836,1183.753,50.989,36.992,2113,2060,1.640,1.820,1.110,0,0,0,0,0,18,320,0,17,0
19-01 15:06:59,19.754,3.751,73.267,1.750,0,5369516,198236,168932,2270848,11977.707,2418.547,14427.261,1936.438,149.034,68.015,2812,2410,1.640,1.820,1.110,1,0,1.000,0,0,18,320,0,17,0
19-01 15:07:00,23.246,3.499,71.739,0.250,0,5372108,178340,168996,2287756,7863.805,1619.754,0,1419.784,0,30.995,2519,2256,1.640,1.820,1.110,2,0,1.000,0,0,18,320,0,17,0
19-01 15:07:01,30.236,5.497,62.471,0.750,0.250,5418120,144716,168936,2276320,8239.229,1457.333,255.883,2190.997,1.999,186.914,3563,3006,1.640,1.820,1.110,4,0,4.998,0,0,18,320,0,17,0
19-01 15:07:02,41.260,9.252,47.511,1.250,0,5419512,128020,168988,2291260,5050.173,1620.376,516.120,3624.842,5.001,154.036,4028,2993,1.640,1.820,1.110,3,0,9.002,0,0,18,320,0,17,0
19-01 15:07:03,24.759,3.751,69.524,0.750,0.250,5381092,139508,168988,2317872,9272.191,1620.558,256.088,2444.841,2.001,87.030,2940,2616,1.590,1.810,1.110,2,0,0,0,0,18,320,0,16,0
19-01 15:07:04,23.743,4.249,70.479,0.500,0,5357620,175936,168988,2304788,10095.021,1793.471,31.991,8721.427,1.000,94.972,3034,2848,1.590,1.810,1.110,1,0,1.999,0,0,18,319,0,16,0
19-01 15:07:05,18.506,3.501,77.026,0,0.250,5372708,159812,168988,2305828,16399.636,3726.281,0,444.153,0,12.004,2369,2121,1.590,1.810,1.110,1,0,33.011,0,0,18,320,0,16,0
19-01 15:07:06,21.753,4.501,71.511,0.250,0,5352024,174528,169052,2311316,8966.410,2036.320,0,1300.204,0,17.003,2572,2171,1.590,1.810,1.110,1,0,19.003,0,0,18,319,1,16,0
19-01 15:07:07,17.994,3.749,76.224,0.250,0.250,5338664,180748,169228,2317252,16599.308,4415.486,0,1263.567,0,32.989,5810,9514,1.590,1.810,1.110,2,0,6.998,0,0,18,319,0,16,0
19-01 15:07:08,23.748,6.249,67.744,0.250,0,5342884,175972,169244,2317724,10629.000,1457.863,0,2039.808,0,36.997,12643,22783,1.540,1.800,1.100,2,0,13.999,0,0,18,319,0,16,0
19-01 15:07:09,20.552,7.770,70.427,0.251,0.251,5278208,254980,169256,2304876,7306.392,1624.088,4.010,16020.327,1.003,294.742,5564,7615,1.540,1.800,1.100,1,0,15.038,0,0,18,319,0,16,0
19-01 15:07:10,22.949,4.739,71.340,0,0,5307864,225292,169256,2304908,9378.033,1700.199,0,127.714,0,2.993,4201,5046,1.540,1.800,1.100,1,0,55.875,0,0,18,319,0,16,0
19-01 15:07:11,24.857,5.524,69.046,0.251,0.753,5354344,178796,169256,2304928,7956.114,1697.278,0,992.255,0,22.095,9621,16897,1.540,1.800,1.100,2,0,21.090,0,0,18,319,0,15,0
19-01 15:07:12,23.248,5.000,70.243,0,0,5335712,190580,169256,2311456,11343.869,3992.602,0,1123.888,0,21.998,3357,13250,1.540,1.800,1.100,2,0,52.995,0,0,18,319,0,16,0
19-01 15:07:13,18.404,2.736,76.847,0,0,5370264,154824,169256,2312660,16147.372,4461.617,0,370.061,0,10.943,2386,2194,1.500,1.780,1.100,2,0,16.911,0,0,18,320,0,16,0
19-01 15:07:14,22.521,6.256,68.313,0.500,0,5368144,150708,169256,2317904,11265.420,1795.661,32.030,1605.485,1.001,45.042,9858,17775,1.500,1.780,1.100,1,0,14.013,0,0,18,319,0,16,0
19-01 15:07:15,22.253,7.251,69.258,0,0.250,5364104,154556,169260,2318060,11890.356,1620.185,0,340.039,0,6.001,10456,18362,1.500,1.780,1.100,2,0,20.002,0,0,18,319,0,15,0
19-01 15:07:16,21.532,4.757,71.857,0.250,0.751,5371932,160992,169260,2304980,8325.416,1460.178,12.018,1173.750,1.001,179.267,2795,2106,1.500,1.780,1.100,2,0,22.033,0,0,18,319,0,15,0
19-01 15:07:17,22.300,5.512,71.412,0,0,5329952,203008,169260,2305012,6271.199,1623.676,4.009,601.362,1.002,10.023,3312,3009,1.500,1.780,1.100,1,0,94.213,0,0,18,319,0,15,0
19-01 15:07:18,23.500,4.500,70.749,0.500,0,5344720,177484,169260,2315304,11517.846,1619.978,0,815.989,0,9.000,2576,2096,1.460,1.770,1.100,1,0,9.000,0,0,18,319,0,15,0
19-01 15:07:19,15.680,2.240,80.142,0.249,0,5353624,168160,169260,2315676,20903.592,7531.346,3.982,915.907,0.996,17.920,2184,2094,1.460,1.770,1.100,2,0,15.929,0,0,18,320,0,15,0
19-01 15:07:20,13.009,1.501,84.307,0.500,0,5354020,167252,169260,2316124,23575.004,13622.248,0,1573.068,0,48.033,1835,1979,1.460,1.770,1.100,1,0,1.001,0,0,18,320,0,15,0
19-01 15:07:21,7.995,1.249,88.697,0.500,0,5355080,165908,169260,2316344,153440.352,10957.455,0,1423.150,0,71.957,2158,2405,1.460,1.770,1.100,1,0,0,0,0,18,321,0,15,0
19-01 15:07:22,17.005,2.001,79.274,0.750,0,5371660,149052,169260,2316556,26475.024,10262.110,0,1344.407,0,65.020,2418,2557,1.460,1.770,1.100,0,0,1.000,0,0,18,321,0,15,0
19-01 15:07:23,14.503,1.500,82.019,0.250,0.250,5373168,147196,169320,2316764,26336.167,11840.773,0,1528.358,0,64.015,2287,2566,1.420,1.760,1.100,0,1,1.000,0,0,18,321,0,12,0
19-01 15:07:24,14.752,2.000,81.260,1.000,0.500,5383148,136496,169468,2317240,306059.421,14520.728,0,1908.227,0,80.010,2504,2546,1.420,1.760,1.100,1,0,0,0,0,18,321,0,12,0
19-01 15:07:25,8.247,2.249,86.723,1.000,0,5373288,145712,169656,2317536,102005.713,17746.557,31.990,13335.910,4.998,158.951,2295,2461,1.420,1.760,1.100,0,0,0,0,0,18,321,0,12,0
19-01 15:07:26,15.002,1.750,81.509,0.500,0.250,5368456,141456,169680,2326536,25307.691,10867.156,104.011,1628.173,6.001,60.006,2201,2077,1.420,1.760,1.100,0,0,0,0,0,18,321,0,12,0
19-01 15:07:27,7.502,2.251,87.777,0.750,0,5364492,127536,169744,2344272,9331683.497,52285.887,0,6277.908,0,45.014,4237,3033,1.420,1.760,1.100,1,0,4.001,0,0,18,321,0,10,0
19-01 15:07:28,12.500,3.250,82.247,1.000,0.500,5351364,147168,169884,2338740,8470977.279,44693.635,163.995,12983.603,4.000,76.998,4210,2918,1.310,1.730,1.100,1,0,1.000,0,0,18,321,0,10,0
19-01 15:07:29,21.242,5.248,70.973,0.750,0,5361896,139024,173460,2330164,7271.185,1619.373,0,5313.943,0,128.950,3123,2982,1.310,1.730,1.100,3,0,1.000,0,0,18,321,0,10,0
19-01 15:07:30,23.504,4.501,69.761,0.250,0,5366676,145804,173980,2318020,9283.419,1620.248,0,16434.512,0,77.012,2806,2385,1.310,1.730,1.100,1,0,3.000,0,0,18,321,0,10,0
19-01 15:07:31,24.261,3.502,71.031,1.000,0,5374900,147368,174428,2307876,9018.990,1620.717,0,1844.816,0,77.034,2974,2801,1.310,1.730,1.100,1,0,0,0,0,18,321,0,7,0
19-01 15:07:32,22.741,5.248,70.471,1.000,0,5390044,147080,175336,2291640,8181.655,1619.338,0,3102.732,0,235.904,3018,2498,1.310,1.730,1.100,1,0,0,0,0,18,321,0,7,0
19-01 15:07:33,24.591,8.532,62.482,3.262,0,5385236,136156,176068,2305268,4556.946,1463.442,64.239,168675.270,16.060,911.389,5379,6209,1.280,1.710,1.090,1,1,0,0,0,18,321,0,7,0
19-01 15:07:34,25.150,3.984,68.229,0.498,0,5388812,137660,177264,2298136,9240.304,1613.592,3.984,2589.715,0.996,58.767,3284,3168,1.280,1.710,1.090,2,0,0.996,0,0,18,321,0,7,0
19-01 15:07:35,24.757,4.751,68.018,1.250,0.250,5386880,134956,178312,2300932,8750.346,1620.435,56.015,3232.867,6.002,121.032,3562,3254,1.280,1.710,1.090,1,0,0,0,0,18,321,0,5,0
19-01 15:07:36,19.250,2.000,77.751,0.250,0.250,5266240,285720,178584,2269968,15663.283,4210.076,4.000,1260.023,1.000,38.001,2191,1968,1.280,1.710,1.090,1,0,1.000,0,0,18,319,0,5,0
19-01 15:07:37,20.243,4.249,73.976,0,0,5329888,222020,178584,2270020,11625.212,2891.058,3.999,459.850,1.000,17.994,2731,2423,1.280,1.710,1.090,0,0,34.989,0,0,18,320,0,5,0
19-01 15:07:38,22.520,5.505,70.063,1.752,0.250,5351072,193808,178668,2276560,12084.941,2629.380,8.007,64586.472,2.002,708.642,4314,3402,1.260,1.700,1.090,2,0,4.004,0,0,18,319,0,5,0
19-01 15:07:39,17.985,2.748,77.683,0.250,0,5373080,164676,179004,2282340,27243.549,4613.029,0,1222.947,0,31.972,2463,2267,1.260,1.700,1.090,1,0,16.985,0,0,18,319,0,5,1
19-01 15:07:40,22.512,7.504,68.536,0,0,5355728,181468,179044,2282796,7102.765,1728.917,0,4.002,0,1.001,9797,18298,1.260,1.700,1.090,1,0,14.007,0,0,18,319,0,4,0
19-01 15:07:41,23.755,6.751,68.013,0,0.250,5345724,191120,179076,2283060,5444.044,1500.288,0,2364.454,0,18.003,10493,19021,1.260,1.700,1.090,1,0,13.002,0,0,18,319,0,4,0
19-01 15:07:42,20.744,5.998,72.228,0,0,5313376,237400,179116,2270236,9461.084,1619.501,0,663.795,0,15.995,2487,2028,1.260,1.700,1.090,1,0,6.998,0,0,18,319,0,4,0
19-01 15:07:43,20.980,4.246,71.431,2.248,0,5333536,213928,179280,2273480,9616.674,1618.431,1638.411,1646.403,235.771,14.985,2786,2632,1.240,1.690,1.090,1,0,5.994,0,0,18,319,0,4,0
19-01 15:07:44,23.873,4.775,69.358,1.256,0,5342836,202616,179280,2275492,10317.204,1628.397,1161.992,2758.224,97.503,147.762,5349,6892,1.240,1.690,1.090,1,0,2.010,0,0,18,320,0,4,0
19-01 15:07:45,20.746,9.498,64.237,2.749,0.250,5288128,256084,179284,2276728,7346.565,1619.684,1023.800,6974.638,54.989,530.896,8728,11880,1.240,1.690,1.090,1,0,152.970,0,0,18,321,0,6,0
19-01 15:07:46,13.701,15.195,69.748,0.996,0.249,5292076,250660,179284,2278204,9410.060,1614.178,1351.127,275.008,43.842,14.946,5335,4323,1.240,1.690,1.090,1,0,285.969,0,0,18,321,0,8,0
19-01 15:07:47,4.494,3.495,84.390,4.993,0.250,5276696,261460,179284,2282784,13649.215,3238.780,4574.040,1430.136,857.882,35.953,2712,3730,1.240,1.690,1.090,1,0,15.979,0,0,18,322,0,8,0
19-01 15:07:48,3.251,1.500,94.273,0.250,0,5255736,282228,179284,2282976,46384.412,6031.484,184.045,1780.438,5.001,305.075,1765,1943,1.140,1.660,1.090,1,0,0,0,0,18,322,0,8,0
19-01 15:07:49,2.751,0.750,95.281,0.250,0,5255220,282680,179284,2283040,89063.771,2184.706,0,204.066,0,8.003,1499,2014,1.140,1.660,1.090,0,0,2.001,0,0,18,322,0,8,0
19-01 15:07:50,4.500,2.750,92.244,0,0,5231388,306528,179288,2283024,98379.314,126921.374,239.984,959.935,13.999,20.999,1854,2113,1.140,1.660,1.090,0,0,13.999,0,0,18,321,0,8,0
19-01 15:07:51,2.503,0.751,94.344,0.751,0,5231180,306736,179288,2283024,7984.985,1621.622,0,440.440,0,43.043,1750,2597,1.140,1.660,1.090,0,0,0,0,0,18,321,0,8,0
19-01 15:07:52,2.248,0.500,95.410,0.250,0,5231388,306512,179288,2283040,8998.551,1618.480,0,199.812,0,26.975,1630,2402,1.140,1.660,1.090,0,0,0.999,0,0,18,321,0,8,0
19-01 15:07:53,2.250,0.750,95.734,0.250,0.750,5231388,306512,179288,2283040,7014.837,1619.732,0,175.971,0,20.997,1396,2071,1.050,1.630,1.080,0,0,1.000,0,0,18,321,0,8,0
19-01 15:07:54,1.497,0.749,96.073,0,0,5223528,314372,179288,2283040,8932.554,1617.023,0,107.802,0,7.985,1266,1740,1.050,1.630,1.080,0,0,0,0,0,18,321,0,8,0
19-01 15:07:55,2.505,1.754,93.691,0.501,0,5223516,314372,179288,2283052,6824.879,1623.301,0,1030.095,0,93.190,1930,2821,1.050,1.630,1.080,0,0,0,0,0,18,321,0,8,0
19-01 15:07:56,2.001,0.500,96.052,0,0.250,5223516,314372,179288,2283052,5292.869,1620.878,0,0,0,0,1288,1741,1.050,1.630,1.080,0,0,0,0,0,18,321,0,8,0
19-01 15:07:57,1.749,0.999,96.450,0.250,0,5223512,314372,179288,2283056,8502.567,1457.240,0,51.973,0,6.996,1159,1640,1.050,1.630,1.080,0,0,0,0,0,18,321,0,8,0
19-01 15:07:58,1.500,1.250,95.977,0,0,5226548,311336,179288,2283056,7499.176,1619.606,0,0,0,0,1231,1769,1.040,1.620,1.080,1,0,0,0,0,18,321,0,8,0
19-01 15:07:59,2.000,2.750,94.508,0,0.250,5225184,312700,179288,2283056,6997.587,1620.136,0,4.000,0,1.000,1184,1619,1.040,1.620,1.080,0,0,0,0,0,18,321,0,8,0
19-01 15:08:00,2.000,0.750,96.272,0,0,5225432,312452,179288,2283056,10317.314,1620.363,0,0,0,0,1201,1732,1.040,1.620,1.080,0,0,1.000,0,0,18,321,0,8,0
19-01 15:08:01,8.251,3.001,86.766,0.250,0.250,5252888,284996,179288,2283056,9419.691,1620.291,256.046,344.062,2.000,35.006,2043,2385,1.040,1.620,1.080,1,0,3.001,0,0,18,321,0,8,0
19-01 15:08:02,21.254,6.001,72.012,0,0,5265140,272728,179288,2283072,9874.665,1620.273,768.130,148.025,6.001,19.003,2779,2355,1.040,1.620,1.080,1,0,9.002,0,0,18,323,0,8,0
19-01 15:08:03,2.996,0.999,93.613,0.250,0,5244380,293488,179288,2283072,7341.272,1617.636,0,1110.377,0,212.689,1581,1784,0.960,1.600,1.070,0,0,0,0,0,18,323,0,8,0
19-01 15:08:04,1.751,1.751,94.824,0,0.250,5233504,304236,179288,2283200,4727.673,1459.134,0,15496.039,0,71.055,1442,1946,0.960,1.600,1.070,1,0,0,0,0,18,323,0,8,0
19-01 15:08:05,2.000,1.000,96.008,0.500,0,5225628,312092,179288,2283220,9595.764,1620.129,16.001,772.061,1.000,34.003,1431,2079,0.960,1.600,1.070,0,0,0,0,0,18,323,0,8,0
19-01 15:08:06,1.500,0.500,96.753,0,0.250,5225624,312092,179288,2283224,9146.313,1620.055,0,76.003,0,6.000,1160,1599,0.960,1.600,1.070,0,0,0,0,0,18,323,0,8,0
19-01 15:08:07,2.251,0.750,96.023,0,0.250,5225624,312092,179288,2283224,10487.558,1620.395,0,64.016,0,9.002,1267,1794,0.960,1.600,1.070,1,0,1.000,0,0,18,323,0,8,0
19-01 15:08:08,2.250,0.750,95.233,0.250,0.250,5225616,312092,179288,2283232,9401.337,1619.714,0,411.927,0,32.994,1518,2271,0.880,1.570,1.070,0,0,1.000,0,0,18,323,0,8,0
19-01 15:08:09,1.750,2.500,94.249,0.500,0,5225912,311792,179292,2283232,9689.937,1619.990,4.000,58247.624,1.000,660.996,2310,2722,0.880,1.570,1.070,0,0,0,0,0,18,323,0,8,0
19-01 15:08:10,2.000,0.500,96.257,0.250,0,5226084,311620,179292,2283232,7996.590,1620.119,0,840.062,0,5.000,1237,1764,0.880,1.570,1.070,0,0,1.000,0,0,18,323,0,8,0
19-01 15:08:11,2.248,0.749,95.405,0,0,5226256,311620,179292,2283232,7600.424,1618.387,0,283.717,0,25.974,1515,2080,0.880,1.570,1.070,0,0,0,0,0,18,323,0,8,0
19-01 15:08:12,7.007,3.754,88.590,0.250,0,5220860,317084,179292,2283248,4556.645,1459.488,0,36.037,0,5.005,2363,6442,0.880,1.570,1.070,1,0,36.037,0,0,18,323,0,8,0
19-01 15:08:13,1.500,1.000,96.751,0,0,5220744,317196,179292,2283236,9967.130,1620.021,0,0,0,0,1197,1694,0.810,1.540,1.060,1,0,0,0,0,18,323,0,8,0
19-01 15:08:14,1.750,1.250,95.479,0,0.750,5219436,318504,179292,2283236,7149.446,1619.648,0,2563.443,0,7.998,1212,1670,0.810,1.540,1.060,0,0,0,0,0,18,323,0,8,0
19-01 15:08:15,2.002,0.500,96.323,0,0,5219404,318504,179292,2283268,11575.734,1621.223,32.024,592.447,1.001,28.021,1456,2103,0.810,1.540,1.060,0,0,0,0,0,18,323,0,8,0
19-01 15:08:16,1.748,0.499,96.381,0,0.250,5219404,318504,179292,2283268,9933.692,1617.995,0,31.960,0,3.995,1178,1653,0.810,1.540,1.060,0,0,0,0,0,18,323,0,8,0
19-01 15:08:17,2.252,0.751,96.567,0,0,5219404,318504,179292,2283268,8900.134,1621.117,0,60.041,0,7.005,1220,1676,0.810,1.540,1.060,0,0,0,0,0,18,323,0,8,0
19-01 15:08:18,2.000,2.000,94.478,0.250,0,5220652,317248,179292,2283276,10107.649,1619.623,0,87.980,0,6.998,1517,1861,0.750,1.520,1.060,0,0,5.999,0,0,18,323,0,8,0
19-01 15:08:19,2.500,0.500,95.515,0.500,0,5220652,317248,179292,2283276,7662.173,1620.248,0,576.088,0,122.019,1442,1812,0.750,1.520,1.060,0,0,0,0,0,18,323,0,8,0
19-01 15:08:20,1.750,1.250,96.518,0,0,5220652,317248,179292,2283276,5733.045,324.059,0,0,0,0,1212,1696,0.750,1.520,1.060,0,0,1.000,0,0,18,323,0,8,0
19-01 15:08:21,11.273,3.758,82.921,0,0,5240352,297544,179296,2283276,414416.345,5747.850,4.008,352.727,1.002,23.048,2701,2510,0.750,1.520,1.060,1,0,25.052,0,0,18,323,0,8,0
19-01 15:08:22,13.748,4.999,80.740,0.250,0.500,5245764,291904,179300,2283500,293167.197,7989.052,123.985,199.976,5.999,13.998,2730,2379,0.750,1.520,1.060,2,0,22.997,0,0,18,323,0,8,0
