"pcp-dstat 5.3.6 CSV Output"
"Author:","PCP team <pcp@groups.io> and Dag Wieers <dag@wieers.com>",,,,"URL:","https://pcp.io/ and http://dag.wieers.com/home-made/dstat/"
"Host:","ubuntu",,,,"User:","ubuntu"
"Cmdline:","dstat -tcmndrylpg --tcp --output /tmp/devstack_logs/dstat-csv.log",,,,"Date:","17 Apr 2024 11:55:38 UTC"
"system","total usage",,,,,"memory usage",,,,"net/total",,"dsk/total",,"io/total",,"system",,"load avg",,,"procs",,,"paging",,"tcp sockets",,,,
"time","total usage:usr","total usage:sys","total usage:idl","total usage:wai","total usage:stl","used","free","buf","cach","net/total:recv","net/total:send","dsk/total:read","dsk/total:writ","read","writ","int","csw","1m","5m","15m","run","blk","new","in","out","lis","act","syn","tim","clo"
17-04 11:55:38,,1042256,1411428,171000,5159692,,,,,,,1.490,1.090,0.620,3,0,,,,9,4,4,17,2
17-04 11:55:39,26.983,20.237,51.467,0.250,0.250,1057804,1395192,171096,5159968,94989.637,15704.855,0,5148.674,0,120.922,4169,6337,1.490,1.090,0.620,3,0,558.639,0,0,9,6,4,17,2
17-04 11:55:40,35.003,18.252,45.754,1.000,0.500,1037108,1412460,171296,5162908,974115.670,22753.048,0,4476.403,0,154.014,4306,7480,1.530,1.100,0.630,2,0,387.035,0,0,9,4,4,17,2
17-04 11:55:41,41.994,13.998,43.243,0,0,1189820,1258768,171420,5288372,151868.764,11103.301,0,1087.834,0,42.993,3576,9295,1.530,1.100,0.630,2,0,158.976,0,0,10,6,4,15,2
17-04 11:55:42,32.520,11.507,54.784,0.250,0,1191924,1255800,171564,5288972,108487.262,13223.198,80.050,1372.851,1.001,55.034,2508,3319,1.530,1.100,0.630,1,0,204.127,0,0,10,8,4,16,2
17-04 11:55:43,34.910,4.987,59.596,0.249,0,1197696,1246276,171868,5292116,1022298.314,21820.550,327.154,3770.246,16.956,71.814,2447,2615,1.530,1.100,0.630,2,0,35.907,0,0,10,6,4,13,2
17-04 11:55:44,34.305,3.005,59.596,4.006,0,1231236,1210056,172252,5294160,44903.474,8178.200,12.019,8581.851,1.002,667.077,4699,7680,1.530,1.100,0.630,2,0,10.016,0,0,10,8,4,13,2
17-04 11:55:45,15.253,6.501,64.764,13.003,0,1234800,1192524,172952,5307028,3485121.361,36579.718,0,32162.786,0,3086.651,15568,26833,1.730,1.150,0.650,2,0,50.011,0,0,10,8,4,13,2
17-04 11:55:46,22.993,8.247,60.981,7.498,0,1189468,1228344,173428,5315724,2471529.184,25005.373,0,33469.792,0,1925.413,8497,14471,1.730,1.150,0.650,1,0,96.970,0,0,10,6,4,13,2
17-04 11:55:47,28.219,1.998,69.175,0.999,0.250,1240876,1173436,173648,5318792,1200731.604,13234.601,0,3288.422,0,99.891,1631,1847,1.730,1.150,0.650,1,0,3.996,0,0,10,6,4,13,2
17-04 11:55:48,26.482,3.747,67.454,1.249,0,1218976,1189200,173860,5324464,2833297.358,30683.135,0,11268.338,0,512.651,3436,4212,1.730,1.150,0.650,1,0,15.989,0,0,10,6,4,13,2
17-04 11:55:49,35.087,7.268,56.389,1.253,0.501,1196236,1196380,173980,5339616,436400.600,5294.060,13870.218,1535.789,154.381,70.173,2076,2755,1.730,1.150,0.650,2,0,115.284,0,0,10,6,4,12,2
17-04 11:55:50,25.502,26.752,47.003,0,0,1199056,1192564,173980,5340560,9058.670,1620.120,460.034,212.016,6.000,39.003,4165,7168,1.830,1.180,0.660,2,0,721.053,0,0,10,6,4,12,2
17-04 11:55:51,45.484,17.494,35.987,0.250,0,1231348,1157504,174092,5343396,8872.788,1619.414,1427.483,399.855,19.993,15.994,4738,8450,1.830,1.180,0.660,3,0,250.909,0,0,10,7,4,12,2
17-04 11:55:52,66.254,8.500,24.251,1.000,0.250,1328656,1031928,174916,5368264,6000.324,1566.085,592.032,5320.287,12.001,283.015,1767,2056,1.830,1.180,0.660,3,0,2.000,0,0,10,7,4,12,2
17-04 11:55:53,65.478,8.747,23.992,1.749,0,1369200,965084,176152,5390364,12807.786,1585.478,0,5322.249,0,341.888,3582,6698,1.830,1.180,0.660,2,0,34.988,0,0,10,6,4,13,2
17-04 11:55:54,19.720,6.989,70.891,1.498,0,1375468,932876,176996,5412708,18167.059,3727.267,0,32330.276,0,641.014,2495,2787,1.830,1.180,0.660,1,0,83.871,0,0,10,7,4,13,2
17-04 11:55:55,26.553,5.761,67.634,0.250,0,1338540,985364,177068,5397184,11164.083,2344.638,384.761,444.880,3.006,10.020,1471,1606,1.770,1.180,0.660,2,0,28.055,0,0,10,4,4,13,0
17-04 11:55:56,46.164,5.989,45.664,0.250,0,1395168,928304,177084,5397648,6935.011,1690.833,0,5210.241,0,181.660,10591,19937,1.770,1.180,0.660,2,0,11.978,0,0,10,4,4,13,0
17-04 11:55:57,47.328,5.259,46.577,0.501,0.250,1409964,913076,177124,5398040,8565.090,1622.669,0,2616.304,0,196.323,10865,22129,1.770,1.180,0.660,2,0,14.023,0,0,10,10,4,13,0
17-04 11:55:58,42.946,8.240,48.190,0.499,0.250,1369396,953544,177136,5398112,7907.124,1659.927,35.955,2564.797,2.996,147.815,1909,2343,1.770,1.180,0.660,2,0,54.931,0,0,10,4,4,15,0
17-04 11:55:59,44.820,5.759,48.326,0.250,0,1351340,971028,177136,5398636,7555.848,1664.610,236.371,13256.787,59.093,31.049,2352,3533,1.770,1.180,0.660,2,0,49.077,0,0,10,28,4,15,0
17-04 11:56:00,23.245,6.749,69.236,0,0.250,1295168,1027124,177136,5398772,12671.428,1457.704,0,21907.553,0,72.985,1952,2740,1.790,1.190,0.670,1,0,97.980,0,0,10,28,4,16,0
17-04 11:56:01,39.786,9.258,50.045,0,0.250,1414300,907956,177136,5398808,7416.712,1695.534,0,20.018,0,5.005,1773,2773,1.790,1.190,0.670,2,0,108.098,0,0,10,29,4,16,0
17-04 11:56:02,48.474,15.492,37.230,0.250,0,1369936,952080,177144,5399012,9814.641,1619.116,0,1231.328,0,29.984,4274,11539,1.790,1.190,0.670,5,0,381.792,0,0,10,28,4,19,0
17-04 11:56:03,83.972,14.745,1.499,0,0,1581236,740680,177152,5399100,10032.619,1845.378,0,319.892,0,12.996,3182,5204,1.790,1.190,0.670,6,0,197.933,0,0,10,30,5,19,0
17-04 11:56:04,77.016,15.003,7.502,0,0,1434748,886844,177152,5399416,9896.098,1694.359,0,356.075,0,34.007,6079,13305,1.790,1.190,0.670,3,0,200.042,0,0,10,29,5,18,0
17-04 11:56:05,27.689,7.234,64.358,0.249,0,1350980,970416,177164,5399600,14669.741,1616.445,0,2207.146,0,29.934,2616,4966,1.800,1.210,0.670,1,0,109.759,0,0,10,28,5,18,0
17-04 11:56:06,19.761,5.753,72.542,0,0,1319172,1002224,177176,5399588,11008.308,1694.971,0,380.218,0,14.008,2317,3903,1.800,1.210,0.670,1,0,47.027,0,0,10,28,5,19,0
17-04 11:56:07,21.995,5.249,72.734,0.250,0.250,1378788,942560,177184,5399624,6912.500,1457.684,0,1251.728,0,45.990,1578,2295,1.800,1.210,0.670,1,0,20.995,0,0,10,28,5,20,0
17-04 11:56:08,15.013,14.013,69.562,0,0.250,1323668,997660,177184,5399644,7578.783,1663.489,0,312.279,0,35.031,3386,5448,1.800,1.210,0.670,2,0,340.305,0,0,10,28,5,20,0
17-04 11:56:09,43.545,24.525,31.783,0,0.250,1446052,875268,177184,5399652,8332.616,1695.753,0,48.050,0,12.012,3130,5199,1.800,1.210,0.670,6,0,688.712,0,0,10,28,5,20,0
17-04 11:56:10,83.494,9.999,6.750,0,0.250,1608600,712224,177200,5400116,8397.395,1693.878,0,4655.665,0,65.995,5363,10013,2.060,1.270,0.700,6,0,9.999,0,0,10,31,5,22,0
17-04 11:56:11,73.748,11.250,14.250,0.250,0,1412868,907592,177220,5400460,13987.580,1619.951,0,1031.969,0,93.997,6795,14733,2.060,1.270,0.700,5,0,111.997,0,0,10,28,5,22,0
17-04 11:56:12,84.072,13.222,1.746,0,0,1594768,725484,177224,5400664,10388.009,1616.578,0,263.442,0,15.966,3971,7703,2.060,1.270,0.700,5,0,199.577,0,0,10,32,5,22,0
17-04 11:56:13,84.923,10.521,3.006,0,0,1500048,819836,177240,5401016,6390.993,1460.970,0,2208.490,0,132.269,4911,15257,2.060,1.270,0.700,6,0,98.200,0,0,10,30,5,22,0
17-04 11:56:14,43.667,12.726,43.168,0,0,1380040,939636,177240,5401224,18219.401,1616.929,0,451.143,0,36.930,2714,8329,2.060,1.270,0.700,2,0,199.621,0,0,10,28,5,22,0
17-04 11:56:15,44.842,6.764,48.349,0,0.501,1378876,940752,177240,5401272,10695.991,1623.338,0,3423.038,0,35.072,2663,7696,2.050,1.280,0.710,4,0,32.066,0,0,10,29,5,22,0
17-04 11:56:16,61.850,14.714,22.695,0,0,1489904,829680,177248,5401308,16827.177,1616.079,0,1883.431,0,104.746,2715,4961,2.050,1.280,0.710,4,0,345.163,0,0,10,29,5,22,0
17-04 11:56:17,59.896,14.034,26.565,0,0.251,1360556,958184,177252,5402148,8536.821,1623.961,0,296.724,0,37.090,4762,13693,2.050,1.280,0.710,4,0,258.631,0,0,10,28,5,22,0
17-04 11:56:18,82.754,10.751,6.250,0,0.250,1560540,758152,177256,5402192,6596.336,1768.090,0,180.009,0,10.001,3117,5187,2.050,1.280,0.710,9,0,0,0,0,10,29,5,22,0
17-04 11:56:19,58.998,11.999,27.749,0,0,1351024,967312,177268,5402528,7475.686,1619.932,0,287.988,0,31.999,6191,16295,2.050,1.280,0.710,5,0,298.987,0,0,10,28,5,24,0
17-04 11:56:20,65.701,7.744,25.481,0,0.250,1504128,814128,177276,5402600,11289.578,1456.913,0,423.684,0,9.993,2763,5506,2.130,1.310,0.720,3,0,24.981,0,0,10,31,5,25,0
17-04 11:56:21,62.800,13.010,24.019,0.250,0,1429544,888508,177300,5402780,6909.452,1715.353,0,500.395,0,43.034,5609,12206,2.130,1.310,0.720,4,0,299.236,0,0,10,28,5,28,0
17-04 11:56:22,61.449,11.990,26.478,0.250,0,1451404,866396,177328,5403004,14519.992,1618.661,0,603.501,0,37.969,6737,13583,2.130,1.310,0.720,6,0,152.874,0,0,10,29,5,29,0
17-04 11:56:23,70.798,10.507,18.763,0,0,1503780,813960,177332,5403060,6948.711,1621.099,0,224.152,0,11.007,2612,4180,2.130,1.310,0.720,4,0,136.092,0,0,10,28,5,29,0
17-04 11:56:24,63.251,12.500,23.000,0,0.250,1424992,892540,177348,5403380,15436.232,1620.024,0,5300.080,0,148.002,4341,14241,2.130,1.310,0.720,3,0,148.002,0,0,10,28,5,27,0
17-04 11:56:25,64.722,8.496,26.988,0.500,0,1446000,871284,177356,5403440,23601.780,1693.267,0,70429.504,0,510.779,5528,11016,2.200,1.340,0.730,3,0,44.981,0,0,10,29,5,28,0
17-04 11:56:26,79.033,16.757,3.251,0,0,1543756,773476,177364,5403504,6638.762,1620.674,0,1364.568,0,38.016,2323,4200,2.200,1.340,0.730,7,0,404.168,0,0,10,29,5,28,0
17-04 11:56:27,81.501,14.500,3.000,0,0.500,1495464,821564,177380,5403692,10386.073,1620.011,0,1672.012,0,194.001,5345,11047,2.200,1.340,0.730,7,0,274.002,0,0,10,28,5,28,0
17-04 11:56:28,84.516,13.002,2.250,0,0.250,1618904,697876,177388,5403932,5271.001,1458.277,0,364.069,0,24.005,3259,5426,2.200,1.340,0.730,7,0,225.043,0,0,10,30,5,28,0
17-04 11:56:29,78.739,14.748,5.749,0,0,1506444,809952,177388,5404316,7836.950,1619.783,0,327.956,0,21.997,8060,19627,2.200,1.340,0.730,6,0,346.954,0,0,10,29,5,28,0
17-04 11:56:30,59.749,21.250,18.250,0.250,0,1448492,867780,177388,5404440,8119.911,1661.982,0,1547.983,0,15.000,5851,13534,2.270,1.370,0.740,4,0,674.993,0,0,10,28,5,28,0
17-04 11:56:31,22.990,19.491,56.975,0,0,1328824,987180,177388,5404704,10923.117,1619.276,0,311.861,0,11.995,4315,9753,2.270,1.370,0.740,1,0,571.744,0,0,10,28,5,28,0
17-04 11:56:32,49.023,28.013,22.010,0,0.250,1453920,862040,177388,5404748,11209.212,1620.754,0,240.112,0,21.010,3392,6392,2.270,1.370,0.740,7,0,897.417,0,0,10,28,5,28,0
17-04 11:56:33,79.220,10.746,9.996,0,0,1520380,795380,177412,5404924,16583.698,1619.385,0,791.699,0,61.976,6029,12395,2.270,1.370,0.740,5,0,89.966,0,0,10,28,5,28,0
17-04 11:56:34,80.779,15.255,3.251,0,0,1521312,794072,177428,5405284,11530.128,1694.607,0,312.112,0,29.010,3751,7448,2.270,1.370,0.740,5,0,201.072,0,0,10,29,5,25,0
17-04 11:56:35,66.356,6.236,27.440,0,0,1558576,756328,177432,5405756,11437.170,1602.521,0,283.385,0,19.957,7918,18706,2.400,1.410,0.760,5,0,0,0,0,10,31,5,30,0
17-04 11:56:36,76.141,9.768,14.026,0,0.250,1413484,900796,177444,5406360,7530.962,1623.009,0,480.892,0,46.085,6430,17909,2.400,1.410,0.760,5,0,94.175,0,0,10,28,5,33,0
17-04 11:56:37,80.599,10.730,7.985,0,0.499,1558264,755672,177444,5406700,7362.218,1690.835,0,179.664,0,7.985,6668,13528,2.400,1.410,0.760,3,0,25.951,0,0,10,31,5,33,0
17-04 11:56:38,64.889,9.019,24.803,0,0.251,1540168,772648,177452,5407812,10548.648,1623.486,0,172.370,0,7.015,8211,23566,2.400,1.410,0.760,5,0,71.153,0,0,10,31,5,37,0
17-04 11:56:39,75.762,14.502,9.001,0,0,1470528,841712,177452,5408388,7813.234,1458.230,0,0,0,0,6769,16104,2.400,1.410,0.760,5,0,196.031,0,0,10,29,5,37,0
17-04 11:56:40,80.973,10.496,7.747,0,0,1476424,835340,177460,5408856,9894.665,1619.454,0,115.961,0,12.996,7199,13907,2.530,1.450,0.780,5,0,63.978,0,0,10,30,5,37,0
17-04 11:56:41,82.484,11.248,4.999,0,0,1528268,783352,177468,5408992,12333.533,1693.661,0,303.939,0,25.995,4387,8153,2.530,1.450,0.780,5,0,67.986,0,0,10,29,5,37,0
17-04 11:56:42,76.770,12.253,10.003,0,0,1462004,848048,177480,5410548,7253.886,1694.441,0,400.104,0,37.010,6487,14498,2.530,1.450,0.780,6,0,186.048,0,0,10,28,5,39,0
17-04 11:56:43,81.245,10.999,6.500,0,0,1506428,803340,177484,5410828,7643.572,1619.909,0,183.990,0,11.999,4259,8251,2.530,1.450,0.780,4,0,105.994,0,0,10,29,5,39,0
17-04 11:56:44,78.249,11.750,10.500,0,0.750,1466776,842664,177484,5411156,8553.906,1693.981,0,179.998,0,10.000,5295,12249,2.530,1.450,0.780,4,0,119.999,0,0,10,29,5,41,0
17-04 11:56:45,79.721,11.246,7.997,0,0,1539928,769176,177500,5411468,14282.773,1619.407,0,403.852,0,38.986,5429,12110,2.650,1.500,0.800,4,0,66.975,0,0,10,30,5,40,0
17-04 11:56:46,69.359,11.976,18.712,0.499,0.249,1485096,823852,177512,5411612,8504.744,1528.898,0,435.117,0,36.925,3266,7031,2.650,1.500,0.800,3,0,193.607,0,0,10,28,5,40,0
17-04 11:56:47,60.407,14.036,26.068,0,0,1402116,906560,177516,5411864,10272.678,1624.218,0,252.656,0,19.049,3945,10045,2.650,1.500,0.800,3,0,181.471,0,0,10,28,5,40,0
17-04 11:56:48,65.471,8.746,25.239,0,0,1493068,815448,177520,5412020,8092.472,1619.294,0,287.874,0,21.990,2884,4810,2.650,1.500,0.800,3,0,59.974,0,0,10,29,5,40,0
17-04 11:56:49,62.242,7.999,28.246,0,0.250,1393628,914660,177528,5412240,14584.148,1619.794,0,379.952,0,35.995,5051,11572,2.650,1.500,0.800,3,0,72.991,0,0,10,28,5,43,0
17-04 11:56:50,65.515,9.752,26.006,0,0,1504240,803848,177536,5412432,8702.010,1768.409,0,296.068,0,25.006,4125,8748,2.680,1.520,0.810,3,0,42.010,0,0,10,30,5,44,0
17-04 11:56:51,63.123,11.477,24.201,0.249,0.249,1464712,843336,177544,5412464,6930.008,1616.736,0,279.436,0,20.958,3146,5664,2.680,1.520,0.810,3,0,110.776,0,0,10,28,5,44,0
17-04 11:56:52,66.000,8.500,24.000,0,0,1445984,861716,177568,5412788,9764.068,1620.011,0,432.003,0,41.000,4813,10229,2.680,1.520,0.810,3,0,67.000,0,0,10,28,5,44,0
17-04 11:56:53,64.648,11.276,25.559,0,0.251,1500692,806872,177568,5412924,11492.375,1515.478,0,220.506,0,11.025,5211,9729,2.680,1.520,0.810,3,0,96.221,0,0,10,29,5,44,0
17-04 11:56:54,51.882,18.209,27.687,0,0.249,1418996,888236,177580,5413240,8927.752,1562.456,0,458.959,0,41.905,4549,8400,2.680,1.520,0.810,2,0,412.065,0,0,10,28,5,44,0
17-04 11:56:55,41.088,8.518,48.103,0.251,0,1396248,910788,177600,5413416,8315.854,1623.486,0,360.775,0,25.054,4996,10286,2.620,1.530,0.810,2,0,170.366,0,0,10,28,5,45,0
17-04 11:56:56,23.699,6.486,69.600,0,0,1394792,912112,177600,5413548,8208.254,1616.505,0,1560.626,0,53.884,1632,2192,2.620,1.530,0.810,1,0,152.670,0,0,10,29,5,45,0
17-04 11:56:57,21.275,5.757,70.082,0.501,0,1336888,969784,177616,5413812,5856.882,1621.906,0,11301.279,0,235.276,3829,6958,2.620,1.530,0.810,2,0,65.076,0,0,10,28,5,46,0
17-04 11:56:58,15.735,21.229,62.438,0,0.250,1362072,944392,177644,5413984,7960.159,1734.292,0,447.559,0,27.972,3348,5227,2.620,1.530,0.810,2,0,529.478,0,0,10,28,5,48,0
17-04 11:56:59,44.000,6.500,48.750,0,0.250,1494748,810548,177712,5415052,8588.017,1694.003,316.001,428.001,18.000,8.000,1361,1513,2.620,1.530,0.810,2,0,5.000,0,0,10,32,5,46,0
17-04 11:57:00,37.080,6.765,44.847,10.773,0,1433964,865652,178388,5419792,8248.760,1461.146,0,28846.106,0,2649.705,15163,24751,2.570,1.540,0.820,3,1,112.242,0,0,10,32,5,46,0
17-04 11:57:01,39.232,8.246,46.978,5.248,0,1501280,796364,179036,5421056,11051.905,1619.254,0,33960.344,0,3136.554,16532,26402,2.570,1.540,0.820,2,0,31.985,0,0,10,32,5,45,0
17-04 11:57:02,44.640,5.736,48.381,0.249,0,1425620,871768,179076,5421224,9219.385,1616.036,0,7928.551,0,472.840,2310,3386,2.570,1.540,0.820,2,0,7.980,0,0,10,28,5,45,0
17-04 11:57:03,39.775,7.505,46.529,6.504,0.250,1502360,794404,179352,5421552,15207.429,1621.005,0,15141.388,0,2090.296,14435,23821,2.570,1.540,0.820,2,1,3.002,0,0,10,30,5,41,0
17-04 11:57:04,34.305,9.014,51.583,3.756,0,1378832,917640,179484,5421708,12876.654,1622.603,0,14531.308,0,1309.100,7809,13209,2.570,1.540,0.820,1,0,99.159,0,0,10,28,5,41,0
17-04 11:57:05,22.006,3.501,74.019,0.250,0,1448580,847864,179488,5421732,15997.999,1662.416,0,1052.263,0,49.012,1082,1533,2.450,1.530,0.820,1,0,2.001,0,0,10,28,5,41,0
17-04 11:57:06,23.687,2.244,72.059,0.997,0.249,1403528,892888,179500,5421748,10809.366,1689.524,0,4994.769,0,264.300,1411,2163,2.450,1.530,0.820,1,0,0.997,0,0,10,28,5,41,0
17-04 11:57:07,23.258,3.251,72.774,0,0.250,1455436,840976,179504,5421748,7486.426,1532.497,0,136.044,0,20.006,1038,1317,2.450,1.530,0.820,1,0,2.001,0,0,10,32,5,40,0
17-04 11:57:08,22.054,3.258,73.931,0,0.251,1416968,879420,179504,5421768,5800.211,1623.979,0,0,0,0,871,1061,2.450,1.530,0.820,1,0,1.002,0,0,10,32,5,40,0
17-04 11:57:09,23.697,1.746,74.083,0,0,1352332,944044,179504,5421780,7838.379,1616.366,0,0,0,0,895,1062,2.450,1.530,0.820,2,0,2.993,0,0,10,32,5,39,0
17-04 11:57:10,22.272,3.754,73.322,0,0,1432440,863936,179504,5421780,43628.844,1621.592,0,0,0,0,1025,1105,2.330,1.520,0.820,2,0,2.002,0,0,10,32,5,39,0
17-04 11:57:11,22.979,2.997,74.183,0,0,1369804,926544,179504,5421804,13242.082,1660.506,0,0,0,0,939,1052,2.330,1.520,0.820,2,0,0.999,0,0,10,32,5,37,0
17-04 11:57:12,22.499,3.250,72.997,0.250,0,1445676,850484,179540,5421952,11857.478,1619.929,179.992,199.991,24.999,2.000,1092,1274,2.330,1.520,0.820,2,0,4.000,0,0,10,32,5,37,0
17-04 11:57:13,23.500,2.750,74.249,0,0,1389384,906580,179544,5422044,12055.831,1457.980,0,8.000,0,2.000,963,1101,2.330,1.520,0.820,2,0,1.000,0,0,10,32,5,37,0
17-04 11:57:14,23.811,2.005,73.439,0,0,1405624,890312,179564,5422052,8217.093,1698.360,0,445.143,0,31.080,1192,1576,2.330,1.520,0.820,2,0,1.003,0,0,10,32,5,37,0
17-04 11:57:15,22.687,2.493,73.797,0,0.249,1456004,839916,179564,5422068,10267.702,1615.548,0,31.912,0,3.989,1014,1142,2.220,1.510,0.820,2,0,1.995,0,0,10,32,5,37,0
17-04 11:57:16,22.259,4.502,73.780,0,0,1381752,914132,179564,5422104,10602.336,1620.663,0,0,0,0,1013,1158,2.220,1.510,0.820,2,0,2.001,0,0,10,32,5,37,0
17-04 11:57:17,23.250,2.750,74.001,0,0.250,1449792,846092,179564,5422104,11810.165,1620.023,0,0,0,0,1001,1177,2.220,1.510,0.820,2,0,2.000,0,0,10,32,5,37,0
17-04 11:57:18,13.772,14.273,71.365,0,0,1349580,946200,179572,5422200,9857.930,1622.622,0,176.285,0,2.003,2238,3134,2.220,1.510,0.820,1,0,255.413,0,0,10,32,5,37,0
17-04 11:57:19,8.742,19.982,70.188,0,0.250,1354048,941660,179576,5422260,7927.032,1618.577,0,743.347,0,11.989,2991,4582,2.220,1.510,0.820,2,0,432.620,0,0,10,32,5,35,0
17-04 11:57:20,9.513,20.779,68.847,0.250,0.250,1352272,943384,179576,5422304,11718.511,1460.057,0,432.610,0,5.007,2961,4561,2.130,1.500,0.830,1,0,417.588,0,0,10,32,5,35,0
17-04 11:57:21,14.716,12.472,71.836,0,0,1388528,907088,179576,5422344,9562.217,1616.318,0,0,0,0,2179,3126,2.130,1.500,0.830,1,0,233.468,0,0,10,32,5,31,0
17-04 11:57:22,22.999,3.000,73.498,0,0,1457340,838292,179576,5422328,6865.808,1713.952,0,0,0,0,1062,1254,2.130,1.500,0.830,1,0,4.000,0,0,10,32,5,31,0
17-04 11:57:23,23.246,2.500,73.737,0,0,1407336,888300,179576,5422324,7272.764,1693.712,0,15.997,0,1.000,964,1136,2.130,1.500,0.830,1,0,1.000,0,0,10,32,5,29,0
17-04 11:57:24,26.490,4.748,67.226,0,0,1446372,849264,179576,5422324,8880.785,1693.387,0,403.854,0,27.990,1819,4112,2.130,1.500,0.830,1,0,35.987,0,0,10,32,5,30,0
17-04 11:57:25,22.253,3.250,74.010,0,0,1412956,882672,179576,5422332,19372.499,1620.209,0,48.006,0,5.001,1124,1186,2.040,1.490,0.830,1,0,3.000,0,0,10,32,5,27,0
17-04 11:57:26,23.259,2.751,73.529,0,0,1347060,948556,179576,5422344,13799.534,1694.680,0,12.005,0,1.000,1004,1036,2.040,1.490,0.830,2,0,1.000,0,0,10,32,5,27,0
17-04 11:57:27,23.772,2.752,73.817,0,0.500,1426700,868928,179576,5422332,11084.031,1459.321,0,2169.964,0,217.197,1354,1133,2.040,1.490,0.830,2,0,2.002,0,0,10,32,5,27,0
17-04 11:57:28,22.730,2.748,73.434,0.250,0,1370128,925488,179576,5422344,9585.421,1618.551,0,675.396,0,124.888,1153,1063,2.040,1.490,0.830,3,0,0.999,0,0,10,32,5,27,0
17-04 11:57:29,23.492,2.999,73.726,0,0,1440708,854928,179576,5422324,11378.234,1619.464,0,0,0,0,981,1113,2.040,1.490,0.830,3,0,1.999,0,0,10,32,5,27,0
17-04 11:57:30,23.032,3.004,73.602,0,0.250,1397256,898360,179576,5422344,12357.115,1622.247,0,76.105,0,3.004,945,1074,1.950,1.480,0.830,2,0,1.001,0,0,10,32,5,27,0
17-04 11:57:31,23.721,1.498,73.659,0,0,1448928,846700,179576,5422332,9218.615,1691.910,0,15.980,0,1.998,973,1106,1.950,1.480,0.830,4,0,1.998,0,0,10,32,5,27,0
17-04 11:57:32,23.006,3.001,73.269,0,0,1411780,883860,179576,5422320,7529.905,1458.369,0,856.217,0,4.001,1045,1213,1.950,1.480,0.830,2,0,3.001,0,0,10,32,5,27,0
17-04 11:57:33,23.000,3.000,73.501,0,0,1346700,948988,179588,5422348,9674.126,1846.024,0,448.006,0,13.000,1244,1464,1.950,1.480,0.830,2,0,3.000,0,0,10,32,6,27,0
17-04 11:57:34,22.994,2.749,73.232,0.250,0.250,1422628,873140,179588,5422268,9021.772,1693.582,0,359.911,0,29.993,1227,1639,1.950,1.480,0.830,3,0,0,0,0,10,32,6,27,0
17-04 11:57:35,23.241,2.999,73.473,0,0.250,1361916,933764,179588,5422356,9124.597,1619.396,0,119.955,0,4.998,998,1136,1.880,1.480,0.830,1,0,2.999,0,0,10,32,6,27,0
17-04 11:57:36,22.513,3.002,73.541,0,0,1376728,918952,179588,5422356,6957.882,1694.946,0,12.007,0,1.001,975,1139,1.880,1.480,0.830,2,0,1.001,0,0,10,32,6,22,0
17-04 11:57:37,23.516,3.252,74.050,0,0,1445036,850660,179588,5422340,10673.140,1621.085,0,108.072,0,4.003,979,1179,1.880,1.480,0.830,2,0,2.001,0,0,10,32,6,22,0
17-04 11:57:38,23.237,2.249,73.460,0,0,1363736,931940,179588,5422360,7613.889,1541.168,0,35.981,0,1.999,1040,1217,1.880,1.480,0.830,1,0,1.999,0,0,10,32,6,19,0
17-04 11:57:39,22.999,3.000,73.747,0,0,1436576,859112,179588,5422348,9393.596,1693.927,0,151.993,0,29.999,1055,1173,1.880,1.480,0.830,1,0,2.000,0,0,10,32,6,19,0
17-04 11:57:40,17.275,11.266,71.354,0.250,0.250,1350600,945076,179588,5422360,8128.884,1770.589,0,160.234,0,8.012,1967,2716,1.810,1.470,0.830,2,0,218.319,0,0,10,32,6,15,0
17-04 11:57:41,16.475,10.983,72.141,0,0,1402520,893120,179600,5422380,18488.009,1617.551,0,35.946,0,2.995,1885,2534,1.810,1.470,0.830,1,0,173.737,0,0,10,32,6,15,0
17-04 11:57:42,21.507,4.502,73.025,0,0,1362972,931800,179652,5423060,6826.300,1620.546,0,0,0,0,1040,1274,1.810,1.470,0.830,1,0,11.004,0,0,10,32,6,14,0
17-04 11:57:43,23.001,2.500,74.004,0,0.250,1430476,864292,179652,5423064,13102.668,1620.083,0,4.000,0,1.000,861,1103,1.810,1.470,0.830,1,0,0,0,0,10,32,6,14,0
17-04 11:57:44,14.774,15.275,69.113,0,0,1352720,942016,179660,5423080,12604.583,1622.650,0,1029.681,0,63.103,2868,4497,1.810,1.470,0.830,1,0,374.612,0,0,10,32,6,11,0
17-04 11:57:45,10.481,18.966,69.125,0.250,0.250,1351004,943628,179664,5423180,16705.879,1455.376,0,383.309,0,10.980,3370,5232,1.740,1.460,0.830,1,0,512.077,0,0,10,32,6,11,0
17-04 11:57:46,7.999,22.498,69.242,0,0.250,1353136,941476,179664,5423192,8125.098,1619.820,0,383.957,0,7.999,2870,4252,1.740,1.460,0.830,1,0,394.956,0,0,10,32,6,10,0
17-04 11:57:47,9.260,21.023,68.576,0,0,1353080,941496,179664,5423224,9630.671,1621.797,0,1197.327,0,13.014,3155,4764,1.740,1.460,0.830,1,0,481.534,0,0,10,32,6,10,0
17-04 11:57:48,8.253,22.258,69.023,0,0.250,1348916,945620,179664,5423248,11589.929,1694.574,0,1472.499,0,16.005,3584,5690,1.740,1.460,0.830,2,0,603.204,0,0,10,32,6,10,0
17-04 11:57:49,9.249,18.497,70.240,0,0,1353152,941356,179664,5423276,9800.599,1693.758,0,375.946,0,7.999,3013,4462,1.740,1.460,0.830,1,0,417.940,0,0,10,32,6,10,0
17-04 11:57:50,9.250,20.500,69.749,0.250,0,1353752,940716,179664,5423316,20131.799,1619.984,0,399.996,0,33.000,3138,4534,1.680,1.450,0.830,1,0,425.996,0,0,10,32,6,7,0
17-04 11:57:51,17.263,23.768,59.045,0,0,1385984,908468,179672,5423324,6703.094,1621.232,0,512.389,0,21.016,3472,5404,1.680,1.450,0.830,2,0,516.392,0,0,10,32,6,9,0
17-04 11:57:52,55.146,20.711,23.206,0,0.499,1535828,758176,179756,5423684,10653.822,1455.244,0,918.261,0,53.898,2935,4690,1.680,1.450,0.830,3,0,401.240,0,0,10,32,6,12,0
17-04 11:57:53,50.133,11.531,31.584,5.264,0,1637492,646472,180472,5431832,9406.900,1666.411,417.104,30721.319,6.016,2235.918,11761,19984,1.680,1.450,0.830,0,1,81.215,0,0,10,38,6,14,0
17-04 11:57:54,39.272,9.755,37.021,14.508,0.250,1614668,656216,181192,5443700,11470.389,1620.903,0,77971.430,0,6035.362,20273,42567,1.680,1.450,0.830,3,0,153.085,0,0,10,36,6,14,0
17-04 11:57:55,41.204,7.991,32.713,16.482,0.250,1581244,680472,181940,5451816,6378.862,1692.107,0,83718.319,0,6150.118,20602,43025,1.790,1.480,0.840,3,1,74.916,0,0,10,36,6,15,0
17-04 11:57:56,48.783,10.257,27.519,15.010,0,1556456,696240,182328,5460116,12892.832,1621.110,0,54233.150,0,4373.996,18701,31231,1.790,1.480,0.840,3,1,120.082,0,0,10,35,6,13,0
17-04 11:57:57,39.691,18.473,31.454,8.487,0,1568464,677592,182536,5466640,8225.842,1659.547,363.463,48072.948,5.991,3441.913,19287,38753,1.790,1.480,0.840,5,0,296.562,0,0,10,35,6,14,0
17-04 11:57:58,41.538,16.765,30.027,11.510,0,1547296,692852,183080,5471332,7330.678,1621.477,1613.470,46111.007,23.021,3398.096,17266,31822,1.790,1.480,0.840,3,0,183.167,0,0,10,34,6,13,0
17-04 11:57:59,35.428,7.734,42.164,11.976,0,1563608,672500,183316,5475012,7199.285,1508.916,0,41986.180,0,3473.899,17688,32850,1.790,1.480,0.840,5,1,62.871,0,0,10,35,6,14,0
17-04 11:58:00,34.318,10.020,43.085,13.026,0,1524420,712236,183484,5474260,10785.323,1569.102,0,41690.422,0,3742.399,18126,32734,1.960,1.520,0.860,2,1,83.164,0,0,10,34,6,14,0
17-04 11:58:01,36.705,9.239,41.449,12.485,0,1568516,666384,183836,5475596,9394.426,1618.007,0,39535.293,0,3527.654,14879,27701,1.960,1.520,0.860,2,0,38.952,0,0,10,35,6,14,0
17-04 11:58:02,38.049,6.008,45.558,9.262,0.501,1568368,665152,184040,5476748,9628.276,1622.068,0,33590.828,0,3223.109,17157,33310,1.960,1.520,0.860,2,0,20.026,0,0,10,34,6,17,0
17-04 11:58:03,40.000,8.500,40.000,11.750,0,1566740,664228,184160,5479124,7835.937,1661.987,0,32071.743,0,3101.975,15370,25643,1.960,1.520,0.860,6,0,68.999,0,0,10,36,6,17,0
17-04 11:58:04,36.435,6.988,45.419,11.480,0.250,1566572,660952,184252,5482376,7384.870,1690.993,0,39294.135,0,3366.015,18422,34502,1.960,1.520,0.860,4,1,26.952,0,0,10,37,6,20,0
17-04 11:58:05,34.298,8.512,48.318,8.512,0,1535656,689548,184476,5484416,15424.811,1770.503,0,35257.855,0,2863.048,14446,24740,1.970,1.530,0.870,2,0,85.120,0,0,10,36,6,20,0
17-04 11:58:06,33.011,7.252,42.514,14.755,0.250,1562924,658048,184600,5488408,9270.013,1512.492,0,38380.474,0,3258.059,16001,29120,1.970,1.530,0.870,2,1,63.020,0,0,10,36,6,21,0
17-04 11:58:07,35.002,7.000,41.002,14.501,0,1562004,656340,184680,5490900,5672.255,1694.076,0,33569.511,0,3155.142,16270,27501,1.970,1.530,0.870,2,1,82.004,0,0,10,37,6,21,0
17-04 11:58:08,33.679,9.480,43.658,12.474,0,1537848,681348,184800,5489876,9462.045,1562.704,0,38007.841,0,3433.758,15579,29131,1.970,1.530,0.870,4,0,74.842,0,0,10,36,6,21,0
17-04 11:58:09,36.073,6.764,41.835,13.026,0,1566160,655952,184920,5486868,10585.457,1623.290,0,38562.166,0,3326.743,15737,30182,1.970,1.530,0.870,2,0,18.037,0,0,10,34,6,22,0
17-04 11:58:10,33.419,10.973,53.370,0.499,0,1451704,770400,184924,5486872,7737.214,1616.076,0,3854.641,0,297.278,2568,3521,1.970,1.540,0.870,2,0,254.382,0,0,10,33,6,22,0
17-04 11:58:11,17.038,10.524,70.659,0.501,0.501,1393072,828876,184928,5487024,13700.854,1623.656,0,1042.347,0,69.156,3267,5467,1.970,1.540,0.870,1,0,185.418,0,0,10,32,6,23,0
17-04 11:58:12,14.502,23.504,61.259,0.250,0,1404544,817252,184936,5487168,7179.091,1586.241,0,1208.184,0,74.011,3715,5948,1.970,1.540,0.870,2,1,603.092,0,0,10,34,6,27,0
17-04 11:58:13,64.861,10.228,24.448,0,0.249,1594992,625956,184940,5488012,18935.478,1690.383,0,2067.575,0,49.893,1860,2004,1.970,1.540,0.870,3,0,13.970,0,0,10,32,6,29,0
17-04 11:58:14,67.246,8.499,24.499,0.250,0,1762952,454928,185028,5490812,6619.609,1693.900,0,5015.704,0,221.987,2160,2319,1.970,1.540,0.870,3,0,0,0,0,10,32,6,29,0
17-04 11:58:15,33.070,7.766,43.091,15.533,0,1768596,438124,185124,5501252,9626.398,1623.440,0,69098.420,0,5121.853,22008,38145,2.210,1.590,0.900,2,1,165.350,0,0,10,38,6,29,0
17-04 11:58:16,24.259,7.253,46.268,20.758,0,1774416,422756,185320,5510260,8453.229,1640.627,0,76329.158,0,5667.165,24973,41680,2.210,1.590,0.900,8,0,189.072,0,0,10,38,6,29,0
17-04 11:58:17,33.244,8.498,41.242,17.247,0,1650876,537440,185444,5518732,10515.991,1619.691,0,58196.884,0,4680.106,21919,36606,2.210,1.590,0.900,3,0,143.973,0,0,10,36,6,29,0
17-04 11:58:18,39.998,9.250,32.749,17.249,0.250,1709880,469476,185608,5527204,10729.560,1619.934,0,72537.026,0,5489.775,22129,37247,2.210,1.590,0.900,1,1,204.992,0,0,10,36,6,29,0
17-04 11:58:19,46.498,8.000,29.249,16.499,0,1770508,402696,185724,5533056,11679.580,1511.946,0,73753.345,0,5327.808,21091,34460,2.210,1.590,0.900,3,0,71.997,0,0,10,38,6,29,0
17-04 11:58:20,31.272,6.505,46.283,14.760,0,1656452,504688,185784,5544524,8359.910,1769.251,0,49058.684,0,3883.746,17911,30736,2.280,1.620,0.910,2,2,75.053,0,0,10,36,6,29,0
17-04 11:58:21,23.740,6.497,46.730,20.991,0.250,1654516,498136,185856,5552660,8634.365,1619.318,0,82797.142,0,6186.396,25254,43421,2.280,1.620,0.910,4,2,23.990,0,0,10,36,6,29,0
17-04 11:58:22,34.237,10.246,51.230,3.998,0.250,1413312,738248,185868,5553716,8300.730,1713.325,0,17960.923,0,1375.458,7746,12092,2.280,1.620,0.910,1,0,268.894,0,0,10,32,6,29,0
17-04 11:58:23,22.218,3.495,72.896,0.250,0,1472184,679364,185868,5553716,8186.269,1617.682,0,2576.308,0,50.927,1215,1731,2.280,1.620,0.910,2,0,0.999,0,0,10,32,6,29,0
17-04 11:58:24,28.461,5.243,65.910,0.999,0,1515832,635700,185876,5553880,7266.111,1563.872,0,5137.009,0,314.572,2916,5564,2.280,1.620,0.910,1,0,33.954,0,0,10,38,6,30,0
17-04 11:58:25,21.265,4.253,73.551,0,0,1451812,699716,185876,5553728,16401.268,1621.114,0,96.066,0,8.005,1255,1368,2.090,1.590,0.900,1,0,28.019,0,0,10,32,6,29,0
17-04 11:58:26,23.270,3.253,73.062,0.250,0,1513044,638480,185876,5553728,10939.255,1513.280,0,660.559,0,109.092,1082,1219,2.090,1.590,0.900,1,0,0,0,0,10,34,6,29,0
17-04 11:58:27,19.028,18.778,62.091,0.501,0.250,1405360,746156,185880,5553732,11410.797,1622.388,0,584.861,0,55.081,3554,5642,2.090,1.590,0.900,2,0,617.910,0,0,10,32,6,29,0
17-04 11:58:28,11.992,27.731,59.710,0,0,1413268,738156,185880,5553808,5090.579,1692.862,0,2066.611,0,30.979,4420,6994,2.090,1.590,0.900,1,0,876.411,0,0,10,32,6,29,0
17-04 11:58:29,8.485,19.465,69.874,0.250,0,1412860,738500,185880,5553864,7981.585,1690.946,0,219.603,0,13.975,2848,4145,2.090,1.590,0.900,2,0,395.286,0,0,10,32,6,29,0
17-04 11:58:30,10.000,19.000,69.749,0,0.250,1410196,741120,185880,5553908,6811.918,1619.981,0,20.000,0,5.000,2749,4169,1.930,1.560,0.900,1,0,350.996,0,0,10,32,6,29,0
17-04 11:58:31,14.003,17.254,67.765,0,0.250,1413268,737964,185880,5553940,7403.607,1620.352,0,32.007,0,8.002,3141,6332,1.930,1.560,0.900,0,0,284.062,0,0,10,32,6,29,0
17-04 11:58:32,35.242,13.497,49.738,0,0.250,1481444,669532,185880,5554472,11793.193,1565.627,0,0,0,0,3331,6078,1.930,1.560,0.900,2,0,166.960,0,0,10,33,6,29,0
17-04 11:58:33,45.509,5.251,48.760,0,0,1583292,567724,185892,5554532,12870.510,1512.295,84.016,540.105,1.000,51.010,1382,1212,1.930,1.560,0.900,3,0,0,0,0,10,33,6,29,0
17-04 11:58:34,48.979,4.998,44.980,0,0,1640528,507048,185948,5557556,13260.232,1619.296,0,1947.153,0,137.940,2095,8256,1.930,1.560,0.900,3,0,6.997,0,0,10,49,6,29,0
17-04 11:58:35,19.254,14.253,66.013,0,0,1664004,483472,185948,5557620,9693.910,1620.319,0,284.056,0,14.003,2443,3504,1.850,1.550,0.900,2,0,255.050,0,0,10,48,6,29,0
17-04 11:58:36,9.264,1.252,88.889,0.250,0,1679084,468352,185948,5557656,21474.565,2566.011,0,92.144,0,7.011,910,1265,1.850,1.550,0.900,1,0,2.003,0,0,10,49,6,29,0
17-04 11:58:37,0.998,0.499,96.841,0.499,0,1679292,468128,185948,5557672,50476.169,3003.072,0,5075.671,0,291.522,1162,1512,1.850,1.550,0.900,1,0,0,0,0,10,49,6,29,0
17-04 11:58:38,0.750,1.499,98.214,0.250,0,1679188,468128,185948,5557772,75647.162,3136.846,0,151.944,0,4.998,758,1069,1.850,1.550,0.900,0,0,0,0,0,10,49,6,29,0
17-04 11:58:39,9.754,6.253,81.283,1.000,0.750,1688592,457488,186020,5558772,54371.912,2713.093,4.002,4237.708,1.000,285.115,2067,3140,1.850,1.550,0.900,2,1,49.020,0,0,10,48,6,30,0
17-04 11:58:40,16.503,9.252,71.762,1.750,0.250,1706720,391344,186040,5605272,9201.555,1620.274,0,5032.851,0,157.027,2181,2739,1.780,1.540,0.900,1,0,43.007,0,0,10,48,6,30,0
17-04 11:58:41,15.532,11.274,73.403,0,0,1713688,383880,186040,5605336,11087.139,1707.564,64.134,0,4.008,0,1661,1816,1.780,1.540,0.900,1,0,56.117,0,0,10,48,6,30,0
17-04 11:58:42,22.211,3.494,73.620,0,0,1731968,365500,186040,5605344,5640.057,1617.149,0,0,0,0,1075,1264,1.780,1.540,0.900,2,0,27.951,0,0,10,48,6,30,0
17-04 11:58:43,20.034,5.008,74.125,0,0,1740000,357488,186040,5605344,5753.689,1622.733,0,540.911,0,4.007,1190,1304,1.780,1.540,0.900,1,0,25.042,0,0,10,48,6,30,0
17-04 11:58:44,18.960,7.484,73.096,0.249,0,1666720,477848,186040,5559348,10086.727,1690.435,143.697,19.958,5.987,2.994,1568,1923,1.780,1.540,0.900,1,0,89.811,0,0,10,48,6,30,0
17-04 11:58:45,14.535,17.042,66.663,0,0,1671116,473304,186044,5559728,16026.104,1623.962,0,324.792,0,3.007,4564,8293,1.720,1.540,0.900,1,0,271.663,0,0,10,48,5,30,0
17-04 11:58:46,3.740,3.491,92.008,0,0,1670296,474100,186044,5559372,6702.346,1454.170,0,0,0,0,1223,3187,1.720,1.540,0.900,0,0,26.929,0,0,10,48,5,30,0
17-04 11:58:47,0.750,0.750,97.487,0.250,0,1670296,474100,186044,5559372,5977.223,1619.789,0,455.941,0,36.995,938,1489,1.720,1.540,0.900,0,0,3.000,0,0,10,48,5,30,0
17-04 11:58:48,0.500,1.000,97.755,0,0.250,1670520,473876,186044,5559372,7806.429,1620.089,0,1380.076,0,6.000,766,1051,1.720,1.540,0.900,0,0,3.000,0,0,10,48,5,30,0
17-04 11:58:49,0.250,0.250,98.502,0,0.250,1670520,473876,186044,5559372,9174.147,1620.026,0,4.000,0,1.000,676,981,1.720,1.540,0.900,0,0,1.000,0,0,10,48,5,30,0
17-04 11:58:50,7.506,6.755,85.317,0,0.250,1609296,535140,186044,5559712,11945.437,1621.281,0,0,0,0,2444,3824,1.580,1.510,0.900,11,0,126.100,0,0,10,48,5,30,0
17-04 11:58:51,16.256,16.506,65.274,0,0.250,1662176,482240,186044,5559376,16117.931,1620.596,0,0,0,0,3888,8985,1.580,1.510,0.900,1,0,256.094,0,0,11,48,5,30,0
17-04 11:58:52,18.027,15.273,66.350,0.250,0,1671864,472396,186044,5559480,15016.645,1698.561,0,192.290,0,4.006,4917,9125,1.580,1.510,0.900,1,0,241.364,0,0,11,48,5,28,0
17-04 11:58:53,4.737,6.483,87.267,0,0,1665380,478724,186044,5559560,6983.327,1615.680,0,223.403,0,9.973,1690,2729,1.580,1.510,0.900,0,0,145.611,0,0,11,48,5,28,0
17-04 11:58:54,15.284,15.284,68.403,0,0,1667932,476128,186044,5559952,8527.058,1697.795,0,0,0,0,4184,7440,1.580,1.510,0.900,1,0,212.475,0,0,13,50,5,22,0
17-04 11:58:55,9.234,15.972,72.871,0,0,1664380,479676,186044,5559584,9295.538,1691.005,0,47.915,0,10.981,2840,4264,1.530,1.500,0.900,1,0,276.510,0,0,13,50,5,23,0
17-04 11:58:56,9.014,19.780,69.605,0,0,1664740,479092,186044,5559788,6778.249,1622.453,0,48.073,0,12.018,2829,4376,1.530,1.500,0.900,1,0,364.551,0,0,13,50,5,22,0
17-04 11:58:57,24.517,16.261,58.540,0.500,0,1688112,455724,186052,5559800,8361.728,1695.161,0,3510.405,0,390.267,5665,9874,1.530,1.500,0.900,3,0,282.193,0,0,13,50,5,22,0
17-04 11:58:58,34.987,13.745,49.981,0,0.250,1759404,384120,186068,5560060,7393.205,1619.388,0,47.982,0,4.998,4115,8890,1.530,1.500,0.900,1,0,186.929,0,0,13,50,5,21,0
17-04 11:58:59,23.200,6.237,70.099,0,0.249,1663700,478352,186188,5561292,8479.743,1454.868,0,27.940,0,0.998,1630,3039,1.530,1.500,0.900,0,0,8.981,0,0,13,50,5,29,0
17-04 11:59:00,0.500,0.250,97.988,0,0.250,1663096,478948,186188,5561300,6301.206,1619.796,0,43.994,0,1.000,714,996,1.490,1.490,0.900,0,0,2.000,0,0,13,50,5,28,0
17-04 11:59:01,0.500,0.500,98.247,0,0,1663096,478948,186188,5561300,6347.816,1693.951,0,4.000,0,1.000,673,995,1.490,1.490,0.900,0,0,3.000,0,0,13,50,5,28,0
17-04 11:59:02,0.751,2.253,96.137,0,0,1662588,479456,186188,5561300,12337.630,1712.447,0,1482.118,0,5.007,935,1317,1.490,1.490,0.900,2,0,20.029,0,0,13,50,5,25,0
17-04 11:59:03,14.487,12.988,70.187,0,0,1664112,477872,186188,5561520,9939.025,1886.297,0,471.574,0,14.986,4431,8035,1.490,1.490,0.900,1,0,200.819,0,0,13,50,6,25,0
17-04 11:59:04,12.497,12.997,73.732,0,0.250,1668492,473492,186188,5561688,9697.663,1693.592,0,7.998,0,2.000,4359,7904,1.490,1.490,0.900,1,0,250.940,0,0,13,50,6,21,0
17-04 11:59:05,18.240,13.743,66.215,0,0,1667612,474324,186188,5561676,14141.463,1457.223,0,171.908,0,0.999,4813,9311,1.450,1.480,0.900,0,0,162.913,0,0,12,50,6,21,0
17-04 11:59:06,18.555,18.805,61.431,0,0.251,1670772,471152,186188,5561688,7196.178,1699.000,0,40.118,0,7.021,5360,9564,1.450,1.480,0.900,2,0,338.998,0,0,13,48,6,20,0
17-04 11:59:07,28.751,17.250,52.751,0,0,1730544,411264,186188,5561472,8156.171,1620.034,0,280.006,0,4.000,3458,5161,1.450,1.480,0.900,2,0,421.009,0,0,13,50,6,20,0
17-04 11:59:08,32.744,22.496,43.242,0,0.250,1793128,348108,186188,5562040,6810.815,1661.711,0,451.921,0,11.998,3365,6501,1.450,1.480,0.900,5,0,488.915,0,0,13,58,6,23,0
17-04 11:59:09,28.989,16.744,51.730,0.250,0.250,1694284,446732,186188,5562200,8345.837,1693.358,0,1835.304,0,216.918,5119,9331,1.450,1.480,0.900,2,0,213.919,0,0,13,50,6,27,0
17-04 11:59:10,24.452,4.491,70.860,0.749,0,1760000,380852,186196,5562392,7558.035,1764.506,0,4503.084,0,219.565,1803,3293,1.420,1.480,0.900,2,0,26.947,0,0,13,50,6,26,0
17-04 11:59:11,22.746,2.750,73.237,0.250,0,1803680,334676,186528,5564316,13401.601,1661.703,139.975,35.994,34.994,7.999,1210,1867,1.420,1.480,0.900,2,0,4.999,0,0,13,52,6,26,0
17-04 11:59:12,23.560,5.514,55.891,13.284,0,1806324,315536,186592,5580196,7595.185,1551.920,0,33235.954,0,2998.574,14504,26463,1.420,1.480,0.900,2,0,4.010,0,0,13,52,6,25,0
17-04 11:59:13,31.740,10.497,52.483,4.998,0.250,1921144,194188,186716,5586272,7009.729,1619.475,0,14327.358,0,1216.606,9838,23207,1.420,1.480,0.900,4,0,13.995,0,0,14,70,6,34,0
17-04 11:59:14,17.723,19.720,59.660,0.499,0,1975844,138968,186724,5586624,6899.637,1617.570,0,47780.234,0,173.739,4667,9144,1.420,1.480,0.900,1,0,351.472,0,0,14,77,6,30,0
17-04 11:59:15,9.766,20.283,68.863,0.250,0,1976112,138656,186724,5586668,12979.312,1622.664,0,4387.204,0,61.100,3072,4696,1.460,1.480,0.910,1,0,346.569,0,0,14,77,6,30,0
17-04 11:59:16,17.006,15.255,65.772,0,0,1988948,125652,186724,5587188,7296.386,1620.530,0,800.262,0,42.014,5089,9380,1.460,1.480,0.910,4,0,175.057,0,0,14,77,6,30,0
17-04 11:59:17,46.501,9.750,42.251,0.750,0,2046484,128348,184244,5530428,9542.258,1620.044,388.010,10708.289,13.000,785.021,2756,3439,1.460,1.480,0.910,3,0,118.003,0,0,14,78,6,30,0
17-04 11:59:18,21.712,14.225,62.140,0.749,0.499,2090724,125012,182812,5490952,9686.883,1764.881,2535.520,2491.597,41.926,265.531,3008,5095,1.460,1.480,0.910,2,0,196.653,0,0,14,81,6,30,0
17-04 11:59:19,8.992,17.734,71.436,0,0,2094680,130604,182452,5481880,6761.921,1510.642,239.784,851.235,9.991,50.954,2866,4287,1.460,1.480,0.910,1,0,313.718,0,0,14,81,6,30,0
17-04 11:59:20,9.009,18.268,71.322,0.751,0.501,2100064,130676,182232,5476656,6540.613,1567.585,0,348.352,0,50.051,2767,4010,1.510,1.490,0.910,1,0,331.335,0,0,14,81,6,30,0
17-04 11:59:21,16.479,10.986,71.660,0.250,0,2129828,126368,181956,5451920,7562.479,1617.963,1929.571,0,49.937,0,1872,2550,1.510,1.490,0.910,1,0,149.811,0,0,14,81,6,30,0
17-04 11:59:22,22.315,6.268,70.955,0.501,0,2106764,180600,181076,5421984,8843.602,1809.238,5820.851,0,92.267,0,2463,3884,1.510,1.490,0.910,1,0,35.102,0,0,14,83,6,31,0
17-04 11:59:23,21.750,5.750,71.249,0.250,0,2164808,122164,181080,5422372,7805.922,1619.984,207.998,231.998,11.000,24.000,1772,2716,1.510,1.490,0.910,1,0,33.000,0,0,14,89,6,31,0
17-04 11:59:24,35.937,6.988,53.407,1.747,0,2226256,137700,178424,5348824,7303.270,1617.181,690.796,4775.676,44.922,736.716,5197,15997,1.510,1.490,0.910,1,0,40.929,0,0,14,108,6,31,0
17-04 11:59:25,19.527,8.261,70.847,0.751,0,2211756,152064,178448,5348940,16065.898,1696.312,176.240,1001.365,9.012,86.117,2272,3656,1.790,1.550,0.930,1,0,111.151,0,0,14,104,6,33,0
17-04 11:59:26,24.246,3.749,70.739,0.750,0,2246916,132468,178164,5333700,11084.249,1619.744,775.877,1819.712,19.997,255.960,2524,3814,1.790,1.550,0.930,1,0,2.000,0,0,14,109,6,34,0
17-04 11:59:27,21.448,6.484,69.830,1.247,0.249,2229020,150164,178168,5333896,13159.956,1496.356,7.981,3499.479,1.995,242.410,2796,4718,1.790,1.550,0.930,1,0,89.781,0,0,14,107,6,36,0
17-04 11:59:28,22.775,3.754,71.577,0,0.250,2208268,182760,177344,5322896,9590.358,1621.751,104.112,896.969,6.006,140.151,1669,2192,1.790,1.550,0.930,1,0,29.031,0,0,14,111,6,37,0
17-04 11:59:29,22.793,3.507,73.388,0,0,2265220,125808,177344,5322896,7618.345,1623.056,0,192.362,0,9.017,1251,1728,1.790,1.550,0.930,1,0,28.053,0,0,14,113,6,37,0
17-04 11:59:30,21.993,4.499,73.227,0,0.750,2260920,130084,177344,5322920,11530.391,1619.493,0,151.952,0,8.997,1288,1848,1.720,1.540,0.930,1,0,50.984,0,0,14,111,6,38,0
17-04 11:59:31,19.970,7.489,70.642,0.499,0,2229620,161336,177348,5322964,5922.962,1617.532,0,651.007,0,77.881,2344,3855,1.720,1.540,0.930,1,0,81.875,0,0,14,111,6,39,0
17-04 11:59:32,23.778,2.002,73.087,0.250,0,2215308,175648,177348,5322964,15864.816,1621.924,0,220.261,0,16.019,1237,1654,1.720,1.540,0.930,1,0,8.009,0,0,14,111,6,41,0
17-04 11:59:33,22.187,5.235,71.795,0.499,0,2277976,128380,177204,5307708,7983.240,1507.702,219.375,1663.258,5.983,211.397,1665,2087,1.720,1.540,0.930,1,0,48.861,0,0,14,111,6,42,0
17-04 11:59:34,25.758,5.502,65.771,1.751,0,2236608,169700,177212,5307796,6946.202,1620.514,4.001,2204.699,1.000,263.083,3735,6774,1.720,1.540,0.930,1,0,56.018,0,0,14,117,6,43,0
17-04 11:59:35,22.754,3.001,73.013,0.250,0,2279644,126636,177216,5307820,6929.192,1714.295,4.001,516.089,1.000,33.006,1323,1927,1.660,1.530,0.930,1,0,0,0,0,14,119,6,43,0
17-04 11:59:36,35.089,3.258,58.899,2.256,0.251,2286644,134520,176896,5293372,8557.711,1698.309,749.903,8345.172,130.331,709.801,4188,7843,1.660,1.530,0.930,2,0,0,0,0,14,117,6,44,0
17-04 11:59:37,21.985,5.996,71.202,0,0,2282500,138632,176896,5293404,8116.481,1618.899,0,415.717,0,31.978,1666,2566,1.660,1.530,0.930,2,0,68.953,0,0,14,117,6,44,0
17-04 11:59:38,18.472,9.486,69.394,0.499,0,2252780,167100,176896,5294656,7552.490,1691.422,1202.168,1154.241,19.970,129.802,2833,4625,1.660,1.530,0.930,1,0,146.776,0,0,14,117,6,45,0
17-04 11:59:39,22.552,4.260,73.921,0,0,2291308,128544,176896,5294684,8062.665,1623.759,0,372.863,0,24.056,1303,1835,1.660,1.530,0.930,1,0,0,0,0,14,119,6,45,0
17-04 11:59:40,29.251,4.000,65.002,1.500,0,2295424,122256,176912,5296840,7530.256,1512.051,1960.067,1056.036,91.003,110.004,3276,5673,1.770,1.560,0.950,1,1,4.000,0,0,14,121,6,45,0
17-04 11:59:41,33.654,11.467,53.598,0.997,0.249,2265244,149556,176916,5299652,14221.625,1942.485,2580.673,1356.150,71.796,124.646,4349,7971,1.770,1.560,0.950,1,0,285.190,0,0,14,119,6,45,0
17-04 11:59:42,29.510,3.001,66.023,0.750,0.250,2304824,128896,175924,5281896,6446.282,1816.643,20.007,2692.953,3.001,322.114,1988,2231,1.770,1.560,0.950,1,0,0,0,0,14,119,6,47,0
17-04 11:59:43,11.248,19.747,67.490,0,0.250,2263080,170652,175924,5281884,10862.371,1853.722,47.993,723.891,3.999,51.992,3381,5326,1.770,1.560,0.950,3,0,377.943,0,0,14,119,6,47,0
17-04 11:59:44,14.250,17.751,67.502,0.250,0.250,2265832,167444,175924,5282364,12230.428,1784.062,208.007,496.017,13.000,32.001,3705,5944,1.770,1.560,0.950,1,0,288.010,0,0,14,119,6,47,0
17-04 11:59:45,24.800,18.037,55.613,0.251,0,2306100,127248,175928,5282308,15525.439,1623.287,152.308,412.836,4.008,21.043,4511,9111,1.950,1.600,0.960,2,0,358.726,0,0,14,119,6,47,0
17-04 11:59:46,33.456,21.721,43.442,0.250,0,2344960,119472,174596,5252992,7422.143,1733.698,251.666,2249.013,13.981,141.812,4234,7309,1.950,1.600,0.960,14,0,454.397,0,0,14,121,6,47,0
17-04 11:59:47,39.798,19.774,38.546,0.751,0,2444068,126956,172760,5149592,7426.912,1734.081,2170.605,7472.968,80.096,701.842,6718,16277,1.950,1.600,0.960,3,0,195.234,0,0,16,131,6,48,0
17-04 11:59:48,52.678,24.716,21.471,0,0,2549708,134048,172168,5038844,24183.087,1509.945,199.728,487.337,32.955,56.923,3592,6678,1.950,1.600,0.960,4,0,565.231,0,0,16,131,6,48,0
17-04 11:59:49,57.862,18.285,22.293,0.751,0,2632160,121588,172068,4970092,40086.527,1623.139,1154.232,6147.890,91.176,426.825,9535,23815,1.950,1.600,0.960,5,0,284.550,0,0,16,147,6,48,0
17-04 11:59:50,31.252,25.752,42.003,1.000,0,2684016,129356,172052,4912164,12963.024,1768.140,13489.066,836.066,240.019,78.006,4503,7343,1.950,1.610,0.970,2,0,569.045,0,0,16,147,6,48,0
17-04 11:59:51,23.245,20.246,55.238,0,0,2721948,127944,172044,4876848,32115.127,1655.646,3.999,351.925,1.000,14.997,4385,8489,1.950,1.610,0.970,17,0,400.914,0,0,17,147,6,48,0
17-04 11:59:52,24.003,16.502,57.757,0.750,0.500,2743320,125020,172028,4858516,14317.632,1620.185,1736.198,264.030,89.010,21.002,4730,7117,1.950,1.610,0.970,2,0,197.022,0,0,17,147,6,48,0
17-04 11:59:53,31.507,22.255,45.259,0.250,0.250,2805716,120412,172036,4801892,10006.071,1620.335,88.018,2664.552,9.002,369.076,4245,6727,1.950,1.610,0.970,2,0,492.102,0,0,17,147,6,48,0
17-04 11:59:54,37.996,16.748,42.996,0.500,0,2896412,129396,172048,4704784,20877.954,1619.841,219.978,283.972,16.998,17.998,7248,17603,1.950,1.610,0.970,3,0,256.975,0,0,17,159,6,48,0
17-04 11:59:55,31.749,22.000,43.749,0.500,0.250,2961176,128608,172048,4641868,20749.647,1511.974,47.999,4623.921,3.000,358.994,4787,6666,1.960,1.610,0.970,2,0,694.988,0,0,17,159,6,47,0
17-04 11:59:56,22.999,22.249,53.498,0,0,3023416,126376,172052,4583220,6963.708,1689.929,0,471.980,0,34.999,6420,12156,1.960,1.610,0.970,1,0,499.979,0,0,17,165,6,48,0
17-04 11:59:57,16.201,16.699,65.302,0,0,3034664,133492,172052,4565348,22246.415,1615.093,370.873,522.413,4.985,33.897,6241,11044,1.960,1.610,0.970,1,0,218.337,0,0,17,171,6,48,0
17-04 11:59:58,39.789,11.261,48.297,0.250,0,3137552,135124,172056,4462852,14512.149,1695.653,132.129,4524.411,8.008,345.337,2912,4195,1.960,1.610,0.970,2,0,117.114,0,0,17,171,6,48,0
17-04 11:59:59,44.460,7.993,45.708,0.749,0,3234880,132636,172204,4369928,8640.146,1638.511,2709.537,579.473,100.908,75.931,1976,2515,1.960,1.610,0.970,3,0,2.997,0,0,17,173,6,46,0
17-04 12:00:00,44.144,20.316,34.112,1.254,0,3238416,153588,172344,4345600,12599.199,1625.315,3314.840,3539.574,87.285,175.574,6663,13453,2.280,1.690,1,3,0,477.562,0,0,17,177,6,47,0
17-04 12:00:01,47.956,25.976,25.477,0,0.500,3209284,178408,172356,4350276,27191.283,1618.529,163.851,879.201,5.995,50.954,6528,12223,2.280,1.690,1,2,0,522.525,0,0,17,187,6,42,0
17-04 12:00:02,56.040,17.262,25.268,0,0.250,3313260,121064,172356,4304680,22183.639,1603.130,656.463,376.265,31.022,27.019,5423,9494,2.280,1.690,1,4,0,220.155,0,0,17,193,6,42,0
17-04 12:00:03,81.529,15.364,1.982,0,0.248,3412436,137840,172384,4191648,26590.699,1605.790,638.351,689.895,21.807,57.491,3292,6446,2.280,1.690,1,6,0,70.377,0,0,17,206,6,43,0
17-04 12:00:04,78.228,16.601,6.288,0.503,0,3439308,148284,172456,4154964,20209.500,1629.961,346.115,19378.422,17.105,591.615,6135,10917,2.280,1.690,1,3,0,72.443,0,0,17,211,6,53,0
17-04 12:00:05,47.370,27.069,23.309,0.251,0,3468540,131092,172472,4143228,17915.416,1666.224,405.027,1600.056,10.025,106.269,12834,27184,2.340,1.710,1.010,5,0,502.273,0,0,17,215,6,54,0
17-04 12:00:06,43.749,19.000,34.999,0.250,0,3492360,119620,172472,4131080,6503.896,1709.973,723.988,1287.979,57.999,151.998,6128,13301,2.340,1.710,1.010,4,0,216.997,0,0,17,220,6,54,0
17-04 12:00:07,53.885,24.448,20.955,0.499,0,3546220,118976,172472,4079288,19588.042,1690.379,259.444,662.581,12.972,51.889,5176,9762,2.340,1.710,1.010,27,0,601.711,0,0,17,220,6,54,0
17-04 12:00:08,62.400,18.043,18.294,0.251,0.251,3581116,123772,172560,4040144,23275.839,1623.896,372.895,886.126,39.094,51.123,7334,15742,2.340,1.710,1.010,4,0,300.721,0,0,17,224,6,56,0
17-04 12:00:09,55.497,22.499,19.999,0.750,0.250,3641468,137608,172560,3967132,11113.467,1553.925,0,20435.019,0,885.957,6031,8537,2.340,1.710,1.010,5,0,420.980,0,0,17,230,6,48,0
17-04 12:00:10,60.745,14.499,23.748,0.250,0.250,3696820,168608,172564,3882772,23514.166,1619.874,95.993,851.934,11.999,61.995,7174,15604,2.950,1.850,1.060,4,0,206.984,0,0,17,236,6,50,0
17-04 12:00:11,68.502,8.250,22.001,0.500,0,3831044,120996,172572,3797692,26892.753,1690.047,232.006,652.018,35.001,66.002,3059,4700,2.950,1.850,1.060,4,0,3.000,0,0,17,243,6,51,0
17-04 12:00:12,58.237,17.996,23.245,0.250,0.250,3839256,130728,172580,3780204,6894.511,1709.631,623.865,763.835,25.994,65.986,4742,11501,2.950,1.850,1.060,4,0,275.940,0,0,17,246,6,58,0
17-04 12:00:13,43.793,25.629,29.113,0.498,0,3845308,120676,172860,3783908,20452.525,1612.394,4741.634,1818.423,78.629,110.479,5591,10488,2.950,1.850,1.060,2,0,549.408,0,0,17,246,6,53,0
17-04 12:00:14,60.042,18.088,20.600,0,0.251,3854088,131528,172936,3764976,25259.712,1648.006,783.808,916.452,16.078,49.239,5624,11160,2.950,1.850,1.060,6,0,139.679,0,0,18,246,6,55,0
17-04 12:00:15,81.270,15.504,3.501,0,0,3928844,168776,172936,3655820,9120.289,1620.407,884.222,860.216,9.002,44.011,2750,4623,3.120,1.900,1.080,4,0,163.041,0,0,18,249,5,51,0
17-04 12:00:16,61.292,9.717,26.909,0.997,0.249,3992696,139576,172972,3621908,7777.572,1506.880,813.237,1750.053,8.970,165.438,3096,8919,3.120,1.900,1.080,9,1,83.716,0,0,18,250,5,53,0
17-04 12:00:17,20.729,9.990,67.432,0.499,0,4004224,128572,172988,3621412,26369.367,3157.811,851.140,11036.853,14.985,832.160,3709,3653,3.120,1.900,1.080,1,0,150.848,0,0,18,251,5,53,0
17-04 12:00:18,18.505,7.502,72.268,0.250,0,4009432,136284,172992,3608844,27521.743,5344.309,800.196,356.087,8.002,26.006,2001,2797,3.120,1.900,1.080,1,0,11.003,0,0,18,256,5,53,0
17-04 12:00:19,21.334,5.271,72.785,0,0.502,4007140,136940,172992,3610480,1772744.613,18998.436,771.021,273.070,6.024,18.071,2825,4023,3.120,1.900,1.080,2,0,9.035,0,0,18,258,5,53,0
17-04 12:00:20,32.140,14.700,51.822,0.249,0,4039104,143508,172996,3572976,14774435.686,95187.507,801.252,1215.830,8.969,83.713,7803,6289,3.110,1.920,1.090,1,0,261.104,0,0,18,261,5,53,0
17-04 12:00:21,24.496,4.499,69.488,0,0,4067392,132476,172996,3555988,39927.332,1619.730,91.985,279.953,3.999,34.994,2956,6036,3.110,1.920,1.090,1,0,1.000,0,0,18,269,5,54,0
17-04 12:00:22,25.731,4.996,67.449,1.249,0,4069168,130480,172996,3556292,8673.495,1592.805,599.550,1019.236,31.976,117.912,5153,10633,3.110,1.920,1.090,2,0,4.996,0,0,18,278,5,55,0
17-04 12:00:23,11.761,17.266,68.814,0.250,0,4021028,178284,172996,3556628,6518.029,1621.500,216.200,436.404,8.007,30.028,3531,5627,3.110,1.920,1.090,1,0,422.391,0,0,18,275,5,56,0
17-04 12:00:24,27.091,6.773,65.720,0,0.251,4040904,193092,172996,3525040,11392.209,1699.701,20.067,240.808,2.007,13.044,2172,5276,3.110,1.920,1.090,2,0,96.323,0,0,19,276,5,55,0
17-04 12:00:25,10.484,18.222,70.144,0.250,0,4028140,206112,172996,3521960,15722.259,1691.446,0,1214.167,0,78.881,3555,5769,2.860,1.880,1.090,1,0,343.481,0,0,18,275,5,56,0
17-04 12:00:26,7.730,14.712,76.799,0,0.249,4023852,210316,172996,3522044,5158.510,1615.775,39.896,155.593,3.990,10.971,2813,4452,2.860,1.880,1.090,0,0,299.218,0,0,18,275,5,53,0
17-04 12:00:27,7.498,2.249,88.979,0,0.500,4047116,187052,172996,3522044,12449.062,1693.600,47.989,43.990,2.000,2.999,1377,2176,2.860,1.880,1.090,1,0,8.998,0,0,18,275,5,53,0
17-04 12:00:28,23.782,4.756,70.096,0.751,0,4029720,204216,173000,3522272,22462.639,1459.991,20.027,18641.427,1.001,193.264,2180,3249,2.860,1.880,1.090,1,0,24.033,0,0,18,279,5,50,0
17-04 12:00:29,11.778,15.788,70.170,0,0,4027020,206892,173004,3522292,8161.719,1623.923,8.019,84.203,2.005,6.015,2978,4609,2.860,1.880,1.090,1,0,232.562,0,0,18,281,5,50,0
17-04 12:00:30,11.468,15.457,71.050,0.748,0,4027552,204668,173264,3523724,13671.556,1615.457,1631.412,215.394,77.781,8.975,2970,4404,2.630,1.850,1.080,1,0,240.324,0,0,18,281,5,48,0
17-04 12:00:31,17.977,10.237,70.162,0.749,0,4018896,209176,173412,3527604,8239.651,1691.875,1026.710,4562.270,115.854,30.961,6461,15411,2.630,1.850,1.080,0,0,45.942,0,0,18,283,5,48,0
17-04 12:00:32,2.253,1.252,94.866,0.250,0,4018692,209016,173412,3527968,12741.557,1621.980,0,740.905,0,29.035,1332,2373,2.630,1.850,1.080,0,0,1.001,0,0,18,285,5,47,0
17-04 12:00:33,2.498,0.999,94.681,0.500,0.250,4019168,208540,173412,3527968,11145.919,1844.663,0,443.678,0,27.980,1373,2269,2.630,1.850,1.080,0,0,2.998,0,0,18,287,6,47,0
17-04 12:00:34,2.500,0.750,95.997,0,0,4019168,208540,173412,3527968,17523.492,1693.951,0,135.996,0,11.000,1279,2009,2.630,1.850,1.080,0,0,0,0,0,18,287,6,44,0
17-04 12:00:35,2.000,1.250,96.253,0,0,4019168,208540,173412,3527968,14166.482,1458.050,0,164.006,0,14.000,1144,1826,2.500,1.840,1.080,0,0,0,0,0,18,287,6,44,0
17-04 12:00:36,2.999,0.750,96.715,0,0.250,4019168,208540,173412,3527968,8045.112,1693.392,0,0,0,0,1095,1834,2.500,1.840,1.080,0,0,0,0,0,18,287,6,43,0
17-04 12:00:37,2.508,0.752,96.316,0,0,4019168,208540,173412,3527968,6643.812,1625.336,0,0,0,0,1111,1821,2.500,1.840,1.080,0,0,0,0,0,18,287,6,43,0
17-04 12:00:38,1.747,0.749,96.058,0,0,4019168,208540,173412,3527968,8355.289,1658.683,0,55.888,0,5.988,1088,1795,2.500,1.840,1.080,0,0,0,0,0,18,287,6,41,0
17-04 12:00:39,1.748,1.249,96.161,0,0.500,4019168,208540,173412,3527968,10304.489,1692.438,0,0,0,0,1051,1706,2.500,1.840,1.080,0,0,0,0,0,18,287,6,41,0
17-04 12:00:40,2.999,0.500,96.233,0,0,4019168,208540,173412,3527968,7658.644,1767.687,0,3.999,0,1.000,1122,1862,2.300,1.810,1.070,0,0,0,0,0,18,287,6,41,0
17-04 12:00:41,2.501,1.500,93.778,0.250,0,4003320,224212,173428,3528128,14786.436,125275.583,276.083,104.031,7.002,15.005,1448,2288,2.300,1.810,1.070,0,0,0,0,0,18,287,6,41,0
17-04 12:00:42,2.250,1.750,91.238,3.750,0,4003304,224212,173428,3528144,7682.986,1619.786,0,15745.922,0,928.877,2513,2692,2.300,1.810,1.070,0,0,0,0,0,18,287,6,40,0
17-04 12:00:43,2.998,1.249,94.948,0.250,0.250,4003300,224212,173432,3528144,7455.884,1619.106,0,279.846,0,21.988,1258,2103,2.300,1.810,1.070,0,0,1.999,0,0,18,287,6,40,0
17-04 12:00:44,2.251,0.750,96.053,0,0.250,4003300,224212,173432,3528144,11684.438,1690.932,0,136.075,0,9.005,1214,1840,2.300,1.810,1.070,0,0,0,0,0,18,287,6,38,0
17-04 12:00:45,1.000,1.500,96.257,0,0,4003300,224212,173432,3528144,18787.315,1620.113,0,104.007,0,8.001,1131,1729,2.110,1.780,1.070,1,0,0,0,0,18,287,6,38,0
17-04 12:00:46,2.750,1.000,95.507,0.250,0,4003092,224212,173432,3528352,6436.463,1620.117,80.006,168.012,5.000,16.001,1142,1929,2.110,1.780,1.070,0,0,0,0,0,18,287,6,38,0
17-04 12:00:47,2.500,1.000,95.236,0.250,0,4003092,224212,173432,3528352,8362.746,1619.757,0,12614.108,0,70.989,1270,1958,2.110,1.780,1.070,0,0,0,0,0,18,287,6,38,0
17-04 12:00:48,1.750,1.000,96.518,0,0,4003092,224212,173432,3528352,9213.732,1532.288,0,0,0,0,1011,1712,2.110,1.780,1.070,1,0,0,0,0,18,287,6,37,0
17-04 12:00:49,1.750,0.750,96.003,0,0.250,4003088,224212,173432,3528356,8086.218,1694.046,0,4.000,0,1.000,1168,1916,2.110,1.780,1.070,0,0,0,0,0,18,287,6,37,0
17-04 12:00:50,2.002,1.001,96.595,0,0.250,4003084,224212,173432,3528360,9419.278,1621.597,0,0,0,0,1041,1646,1.950,1.750,1.060,0,0,0,0,0,18,287,6,37,0
17-04 12:00:51,2.747,0.999,95.384,0,0,4003084,224212,173432,3528360,7045.419,1618.029,0,135.835,0,14.982,1269,2151,1.950,1.750,1.060,0,0,0,0,0,18,287,6,37,0
17-04 12:00:52,2.000,1.500,95.521,0.500,0.250,4003164,224212,173432,3528372,17751.976,1620.363,0,292.065,0,27.006,1390,2271,1.950,1.750,1.060,0,0,0,0,0,18,287,6,37,0
17-04 12:00:53,2.499,1.000,95.465,0.250,0,4003164,224212,173432,3528372,12690.305,1619.401,0,151.944,0,13.995,1195,1910,1.950,1.750,1.060,0,0,1.999,0,0,18,287,6,37,0
17-04 12:00:54,2.250,1.000,95.767,0,0.250,4003164,224212,173432,3528372,10051.809,1458.262,0,0,0,0,1127,1776,1.950,1.750,1.060,0,0,0,0,0,18,287,6,37,0
17-04 12:00:55,3.250,1.500,94.996,0,0,4003116,224212,173432,3528420,10795.493,1693.920,0,259.988,0,20.999,1200,1924,1.790,1.720,1.060,0,0,0,0,0,18,287,6,37,0
17-04 12:00:56,2.501,0.500,96.273,0,0,4003116,224212,173432,3528420,7659.831,1620.387,0,52.012,0,6.001,1144,1797,1.790,1.720,1.060,0,0,0,0,0,18,287,6,36,0
17-04 12:00:57,2.249,0.500,95.726,0,0,4003116,224212,173432,3528420,7274.203,1619.600,0,47.988,0,5.999,1198,1896,1.790,1.720,1.060,0,0,1.000,0,0,18,289,6,36,0
17-04 12:00:58,2.749,1.000,96.205,0,0.250,4003116,224212,173432,3528420,6870.778,1619.241,0,3.998,0,1.000,1083,1761,1.790,1.720,1.060,0,0,0,0,0,18,289,6,36,0
17-04 12:00:59,1.751,0.250,96.286,0,0,4003116,224212,173432,3528420,14449.361,1620.601,0,0,0,0,1099,1705,1.790,1.720,1.060,0,0,0,0,0,18,289,6,36,0
17-04 12:01:00,7.251,2.000,88.768,0.250,0.250,4003040,224212,173432,3528496,9265.890,1458.297,0,136.028,0,15.003,2183,4253,1.730,1.710,1.060,0,0,0,0,0,18,289,6,36,0
17-04 12:01:01,2.250,1.250,95.747,0,0,4002984,224212,173432,3528552,7077.795,1619.953,0,135.996,0,15.000,1341,2245,1.730,1.710,1.060,0,0,0,0,0,18,289,6,35,0
17-04 12:01:02,1.750,0.750,95.251,0.250,0,4002952,224212,173432,3528584,12506.100,1620.013,16.000,208.002,1.000,23.000,1342,2231,1.730,1.710,1.060,1,0,0,0,0,18,289,6,35,0
17-04 12:01:03,1.749,0.500,95.177,0.500,0.500,4002948,224212,173432,3528588,8227.730,1618.766,0,523.601,0,24.981,1260,2095,1.730,1.710,1.060,0,0,1.998,0,0,18,289,6,34,0
17-04 12:01:04,2.251,1.000,95.285,0,0,4002948,224212,173432,3528588,8591.162,1620.596,0,100.037,0,8.003,1231,1960,1.730,1.710,1.060,0,0,0,0,0,18,289,6,34,0
17-04 12:01:05,2.502,0.500,96.060,0,0.250,4002948,224212,173432,3528588,16046.013,1769.104,0,336.210,0,24.015,1117,1769,1.590,1.680,1.050,0,0,0,0,0,18,289,6,23,0
17-04 12:01:06,2.249,0.250,96.225,0,0,4002948,224212,173432,3528588,8377.830,1693.561,0,0,0,0,1046,1720,1.590,1.680,1.050,0,0,0,0,0,18,289,6,23,0
17-04 12:01:07,1.500,1.250,96.515,0,0,4002944,224212,173432,3528592,7827.182,1458.220,0,8.001,0,1.000,1093,1781,1.590,1.680,1.050,0,0,0,0,0,18,289,6,22,0
17-04 12:01:08,1.749,0.250,96.191,0,0,4002944,224212,173432,3528592,7179.563,1692.954,0,0,0,0,1073,1767,1.590,1.680,1.050,0,0,0,0,0,18,289,6,22,0
17-04 12:01:09,1.751,1.001,96.310,0,0.250,4002944,224212,173432,3528592,15241.495,1621.010,0,0,0,0,1163,1746,1.590,1.680,1.050,0,0,0,0,0,18,289,6,20,0
17-04 12:01:10,2.999,0.500,95.478,0.250,0,4002944,224212,173432,3528592,8518.075,1661.624,0,71.984,0,6.998,1211,1989,1.460,1.650,1.040,0,0,0,0,0,18,289,6,20,0
17-04 12:01:11,1.750,1.500,95.274,0.250,0,4002944,224212,173432,3528592,13689.477,972.247,0,124.032,0,19.005,1366,2211,1.460,1.650,1.040,0,0,0,0,0,18,289,6,18,0
17-04 12:01:12,6.002,2.251,89.787,0,0,4015880,210888,173456,3528956,225843.918,2695.097,400.163,252.103,9.004,22.009,1557,2469,1.460,1.650,1.040,1,0,7.003,0,0,18,289,6,18,0
17-04 12:01:13,12.991,5.496,80.446,0.749,0.500,4023008,203328,173484,3529328,243414.669,10672.839,223.850,1347.096,11.992,208.860,2359,2795,1.460,1.650,1.040,1,0,37.975,0,0,18,289,6,9,0
