"pcp-dstat 5.3.6 CSV Output"
"Author:","PCP team <pcp@groups.io> and Dag Wieers <dag@wieers.com>",,,,"URL:","https://pcp.io/ and http://dag.wieers.com/home-made/dstat/"
"Host:","ubuntu",,,,"User:","ubuntu"
"Cmdline:","dstat -tcmndrylpg --tcp --output /tmp/devstack_logs/dstat-csv.log",,,,"Date:","19 Aug 2024 19:13:55 UTC"
"system","total usage",,,,,"memory usage",,,,"net/total",,"dsk/total",,"io/total",,"system",,"load avg",,,"procs",,,"paging",,"tcp sockets",,,,
"time","total usage:usr","total usage:sys","total usage:idl","total usage:wai","total usage:stl","used","free","buf","cach","net/total:recv","net/total:send","dsk/total:read","dsk/total:writ","read","writ","int","csw","1m","5m","15m","run","blk","new","in","out","lis","act","syn","tim","clo"
19-08 19:13:55,,965692,1978732,163888,4707224,,,,,,,1.430,0.820,0.460,2,0,,,,9,6,0,17,0
19-08 19:13:56,23.973,18.979,55.687,0.499,0.250,990944,1953120,163908,4707224,21153.139,9821.921,0,3819.691,0,206.767,3675,6080,1.430,0.820,0.460,1,0,467.473,0,0,9,5,0,17,1
19-08 19:13:57,26.031,16.520,56.068,0.501,0.250,995108,1948444,163928,4707680,99541.948,14089.978,0,2114.548,0,82.099,4428,7714,1.400,0.820,0.470,3,0,377.455,0,0,9,4,0,17,2
19-08 19:13:58,30.758,17.004,50.513,0.500,0,1125800,1814340,163936,4835504,58852.949,12845.263,0,1812.460,0,61.015,4925,12326,1.400,0.820,0.470,3,0,210.053,0,0,10,4,0,17,2
19-08 19:13:59,30.239,13.495,53.231,1.250,0.250,1154288,1761892,163956,4858896,476965.246,10804.132,11527.873,1583.433,130.953,57.979,2863,3615,1.400,0.820,0.470,4,0,212.924,0,0,10,6,0,17,2
19-08 19:14:00,34.763,14.755,49.518,0.250,0,1207700,1707508,163972,4859716,9178.323,1512.548,324.117,1636.592,3.001,52.019,2552,3464,1.400,0.820,0.470,4,0,214.077,0,0,10,6,0,19,2
19-08 19:14:01,42.522,7.754,48.275,1.251,0,1226816,1674224,164032,4872928,7764.099,1714.905,1164.615,16264.588,14.007,571.302,2257,2695,1.400,0.820,0.470,2,0,25.013,0,0,10,8,0,19,2
19-08 19:14:02,30.963,7.741,44.946,16.730,0,1262312,1609256,165552,4897668,7162.419,1564.126,0,42584.983,0,2877.553,11822,24644,1.530,0.860,0.480,3,0,53.935,0,0,10,8,0,19,2
19-08 19:14:03,38.472,9.493,41.220,11.242,0,1189668,1649584,166944,4925596,6693.067,1618.807,0,38963.284,0,2230.356,7329,17432,1.530,0.860,0.480,2,0,91.932,0,0,10,6,0,19,2
19-08 19:14:04,42.792,4.254,51.550,0.500,0,1165236,1681028,167444,4917092,12870.600,4359.268,0,2750.693,0,91.089,1218,1593,1.530,0.860,0.480,2,0,2.002,0,0,10,4,0,19,0
19-08 19:14:05,46.665,7.736,44.918,0.499,0.250,1164416,1681116,167468,4917796,11871.382,1617.055,0,7470.396,0,374.318,8616,17448,1.530,0.860,0.480,3,0,22.958,0,0,10,4,0,19,0
19-08 19:14:06,47.270,6.003,46.020,0.250,0,1217692,1627652,167472,4917976,43871.777,1512.647,0,1844.790,0,32.014,9396,18307,1.530,0.860,0.480,2,0,13.006,0,0,10,4,0,19,0
19-08 19:14:07,36.322,17.284,47.594,0,0,1095480,1749720,167472,4918132,6277.417,1623.211,0,304.603,0,12.024,2952,4759,1.720,0.910,0.500,2,0,416.824,0,0,10,4,0,19,0
19-08 19:14:08,30.933,17.961,49.143,0,0.249,1079764,1765084,167476,4918496,4815.502,1616.476,0,55.878,0,11.974,4313,9361,1.720,0.910,0.500,1,0,437.047,0,0,10,4,0,19,0
19-08 19:14:09,44.342,8.768,46.596,0,0,1196320,1648492,167476,4918768,5189.712,1569.239,0,0,0,0,2191,3081,1.720,0.910,0.500,2,0,130.269,0,0,10,5,0,19,0
19-08 19:14:10,47.421,2.496,48.919,0,0.250,1249912,1594072,167476,4919580,5779.383,1617.309,0,567.056,0,55.907,1335,1351,1.720,0.910,0.500,2,0,0,0,0,10,5,0,19,0
19-08 19:14:11,22.242,9.497,68.725,0,0,1271128,1570456,167480,4921900,5782.895,1619.411,0,139.949,0,3.999,2916,6479,1.720,0.910,0.500,2,0,117.957,0,0,10,4,0,20,0
19-08 19:14:12,0.500,0.500,98.486,0,0.250,1271112,1570456,167480,4921900,4683.349,1619.775,0,3227.551,0,66.991,721,992,1.590,0.900,0.500,0,0,0,0,0,10,4,0,20,0
19-08 19:14:13,16.780,3.005,80.144,0,0,1322516,1518836,167496,4922016,5173.302,1514.723,0,1923.458,0,38.068,1539,2018,1.590,0.900,0.500,2,0,24.043,0,0,10,4,0,14,0
19-08 19:14:14,23.710,1.997,73.375,0,0,1367684,1473476,167496,4922208,4474.407,1617.256,0,31.946,0,3.993,913,1117,1.590,0.900,0.500,1,0,0,0,0,10,4,0,14,0
19-08 19:14:15,22.008,3.751,71.025,1.751,0.250,1293212,1547816,167572,4922256,5791.067,1620.579,0,3717.327,0,346.124,3162,5979,1.590,0.900,0.500,2,0,43.015,0,0,10,4,0,16,0
19-08 19:14:16,23.494,3.499,72.233,0,0,1346920,1493776,167584,4922640,5474.697,1619.615,0,21886.791,0,65.984,1371,2122,1.590,0.900,0.500,1,0,1.000,0,0,10,11,0,16,0
19-08 19:14:17,21.247,4.749,72.488,0.750,0.250,1321816,1518424,167584,4922900,5473.124,1565.749,231.963,1315.789,57.991,20.997,1912,2816,1.540,0.900,0.500,1,0,44.993,0,0,10,28,0,16,0
19-08 19:14:18,20.040,7.265,71.894,0,0,1298976,1541252,167584,4922908,6895.826,1623.255,0,336.675,0,65.131,1796,2541,1.540,0.900,0.500,2,0,123.247,0,0,10,28,0,16,0
19-08 19:14:19,45.731,5.998,48.980,0,0.500,1424684,1415504,167584,4922940,5735.620,1619.328,0,103.957,0,5.998,1746,2429,1.540,0.900,0.500,2,0,32.986,0,0,10,29,0,17,0
19-08 19:14:20,57.276,14.256,26.762,0.250,0,1428648,1411324,167584,4923140,6013.712,1512.682,0,512.231,0,50.023,4518,9354,1.540,0.900,0.500,5,0,457.206,0,0,10,28,0,21,0
19-08 19:14:21,86.490,11.216,1.495,0,0,1627184,1212564,167584,4923356,6159.460,1615.138,0,119.640,0,7.976,3391,6589,1.540,0.900,0.500,6,0,120.637,0,0,10,32,0,21,0
19-08 19:14:22,69.649,13.278,17.036,0,0,1420368,1419084,167600,4923528,6920.762,1623.463,0,34188.925,0,122.261,3737,8545,1.900,0.980,0.530,4,0,200.428,0,0,10,29,0,20,0
19-08 19:14:23,22.268,7.006,70.306,0,0.250,1360980,1478416,167600,4923572,5109.097,1621.300,0,148.119,0,13.010,1870,3495,1.900,0.980,0.530,4,0,112.090,0,0,10,28,0,20,0
19-08 19:14:24,19.495,7.748,72.481,0,0.250,1329804,1509556,167612,4923596,4841.717,1619.571,0,183.951,0,18.995,1993,3770,1.900,0.980,0.530,4,0,67.982,0,0,10,28,0,20,0
19-08 19:14:25,21.706,3.243,74.099,0,0,1383452,1455908,167612,4923596,5480.836,1562.817,0,47.902,0,4.990,1095,1789,1.900,0.980,0.530,4,0,0,0,0,10,28,0,20,0
19-08 19:14:26,14.519,14.269,69.593,0.501,0.501,1324216,1515104,167640,4923608,5680.606,1706.285,0,1213.625,0,85.114,3284,5379,1.900,0.980,0.530,1,0,337.452,0,0,10,28,0,22,0
19-08 19:14:27,45.550,23.776,30.784,0,0,1451244,1388060,167644,4923620,7116.800,1513.659,0,8969.831,0,40.044,3197,5649,1.980,1.020,0.540,5,0,701.769,0,0,10,28,0,22,0
19-08 19:14:28,83.994,10.999,5.000,0,0,1624100,1214964,167652,4923840,6301.553,1619.885,0,191.986,0,16.999,4885,9277,1.980,1.020,0.540,6,0,0,0,0,10,30,0,21,0
19-08 19:14:29,84.485,11.248,3.749,0,0,1444320,1394692,167668,4923876,4941.150,1619.721,0,483.917,0,58.990,3890,10469,1.980,1.020,0.540,7,0,204.965,0,0,10,28,0,21,0
19-08 19:14:30,85.500,12.000,2.250,0,0,1626228,1212276,167672,4924372,6096.988,1619.997,0,188.000,0,11.000,2772,7466,1.980,1.020,0.540,7,0,105.000,0,0,10,29,0,20,0
19-08 19:14:31,72.741,10.499,16.248,0.250,0.250,1574888,1263264,167672,4924720,5434.364,1619.810,0,1259.853,0,164.981,4219,13260,1.980,1.020,0.540,4,0,99.988,0,0,10,31,0,25,0
19-08 19:14:32,50.520,12.505,37.265,0.250,0.500,1424760,1413424,167672,4924888,5158.084,1620.655,0,28075.342,0,579.234,3464,6252,2.150,1.070,0.560,2,0,198.080,0,0,10,28,0,25,0
19-08 19:14:33,44.987,14.996,39.489,0,0,1347520,1490616,167672,4924928,6128.272,1565.559,0,859.758,0,29.992,2879,9141,2.150,1.070,0.560,6,0,376.894,0,0,10,28,0,26,0
19-08 19:14:34,66.008,8.751,25.253,0,0,1510876,1327204,167672,4924984,4891.597,1512.184,0,1140.139,0,14.002,2142,3742,2.150,1.070,0.560,4,0,12.001,0,0,10,30,0,26,0
19-08 19:14:35,71.264,17.003,10.752,0,0,1455592,1382364,167696,4925076,9586.889,1620.319,0,608.120,0,46.009,4804,13036,2.150,1.070,0.560,4,0,283.056,0,0,10,28,0,28,0
19-08 19:14:36,72.454,9.494,17.489,0,0.250,1569852,1267732,167704,4925436,42805.690,1618.967,0,227.855,0,17.989,4627,9822,2.150,1.070,0.560,3,0,0,0,0,10,31,0,30,0
19-08 19:14:37,70.274,14.505,15.255,0,0,1446268,1391256,167708,4925484,6750.315,1620.556,0,45531.617,0,179.061,5044,9611,2.450,1.150,0.590,3,0,324.111,0,0,10,28,0,30,0
19-08 19:14:38,64.018,11.253,25.257,0.250,0,1400852,1436244,167712,4925888,5682.608,1620.459,0,328.093,0,32.009,4629,10451,2.450,1.150,0.590,5,0,238.067,0,0,10,29,0,34,0
19-08 19:14:39,71.739,8.749,19.247,0,0,1514024,1322992,167716,4925932,5982.091,1619.754,0,335.949,0,20.997,2510,4036,2.450,1.150,0.590,3,0,60.991,0,0,10,28,0,34,0
19-08 19:14:40,62.243,11.999,25.247,0,0,1417116,1419724,167720,4926100,6651.202,1619.806,0,331.960,0,24.997,3832,9943,2.450,1.150,0.590,3,0,286.966,0,0,10,28,0,38,0
19-08 19:14:41,65.492,6.499,26.997,0.250,0.500,1449200,1387052,167720,4926684,10941.676,1457.824,0,415.950,0,35.996,2956,8429,2.450,1.150,0.590,3,0,6.999,0,0,10,29,0,39,0
19-08 19:14:42,64.728,9.997,24.742,0,0,1501116,1334976,167724,4926840,6581.802,1619.459,0,255.915,0,9.997,1902,2784,2.500,1.180,0.600,4,0,104.965,0,0,10,28,0,39,0
19-08 19:14:43,65.035,16.759,19.260,0,0.250,1417992,1418044,167728,4926888,6745.649,1620.877,0,564.305,0,56.030,4502,11013,2.500,1.180,0.600,5,0,380.206,0,0,10,28,0,40,0
19-08 19:14:44,85.407,10.489,2.747,0,0,1605744,1230084,167740,4927064,6187.250,1618.235,0,883.037,0,34.962,3131,5641,2.500,1.180,0.600,8,0,155.830,0,0,10,29,0,39,0
19-08 19:14:45,82.077,17.016,1.501,0,0,1536876,1298688,167748,4927320,7143.722,1621.526,0,460.433,0,29.027,3750,6916,2.500,1.180,0.600,6,0,281.265,0,0,10,28,0,39,0
19-08 19:14:46,79.748,16.750,3.500,0,0,1557304,1278032,167756,4927540,6764.838,1619.961,0,503.988,0,34.999,4669,10002,2.500,1.180,0.600,6,0,215.995,0,0,10,29,0,36,0
19-08 19:14:47,76.249,16.500,5.000,0,0.250,1515780,1319496,167756,4927584,5923.959,1619.989,0,795.994,0,15.000,5352,13231,2.860,1.280,0.640,7,0,319.998,0,0,10,31,0,37,0
19-08 19:14:48,39.225,25.983,33.478,0,0.250,1327460,1507604,167764,4927784,5493.462,1457.062,0,279.820,0,15.990,6628,14318,2.860,1.280,0.640,1,0,764.508,0,0,10,28,0,37,0
19-08 19:14:49,15.014,23.522,60.306,0.250,0,1343712,1491144,167780,4927976,5908.465,1621.500,0,1977.829,0,120.111,4067,6839,2.860,1.280,0.640,3,0,816.755,0,0,10,28,0,37,0
19-08 19:14:50,75.444,20.915,3.237,0,0,1541668,1293096,167784,4928044,5789.495,1613.449,0,430.253,0,24.899,2631,5484,2.860,1.280,0.640,4,0,525.865,0,0,10,29,0,37,0
19-08 19:14:51,75.054,15.061,10.041,0,0.251,1396528,1438000,167800,4928260,4839.571,1710.919,0,1510.107,0,124.503,5463,12237,2.860,1.280,0.640,6,0,269.088,0,0,10,28,0,40,0
19-08 19:14:52,80.244,10.249,8.999,0,0.250,1567048,1267396,167800,4928336,5156.613,1619.879,0,435.967,0,10.999,3723,6729,2.950,1.320,0.660,7,0,0,0,0,10,31,0,40,0
19-08 19:14:53,48.975,5.497,44.227,0.250,0,1569648,1264384,167800,4928724,8571.620,1619.173,0,4493.704,0,140.928,8677,18885,2.950,1.320,0.660,5,0,1.999,0,0,10,31,0,48,0
19-08 19:14:54,81.534,11.755,5.502,0.250,0.250,1501348,1332648,167816,4928744,5224.210,1620.686,0,420.178,0,47.020,3219,7426,2.950,1.320,0.660,6,0,120.051,0,0,10,28,0,51,0
19-08 19:14:55,67.260,9.251,22.504,0,0,1573048,1260604,167816,4929080,5402.843,1620.253,0,4.001,0,1.000,5041,15138,2.950,1.320,0.660,4,0,0,0,0,10,32,0,54,0
19-08 19:14:56,56.991,11.248,30.995,0,0,1466604,1366712,167816,4929408,5770.111,1457.776,0,0,0,0,8519,21475,2.950,1.320,0.660,5,0,156.976,0,0,10,29,0,61,0
19-08 19:14:57,85.500,11.500,3.250,0,0,1552340,1280812,167816,4929564,6150.006,1620.002,0,16.000,0,1.000,1879,3482,3.040,1.370,0.680,5,0,110.000,0,0,10,29,0,61,0
19-08 19:14:58,75.999,10.500,12.500,0,0.250,1389584,1443332,167824,4929776,6765.939,1619.985,0,119.999,0,12.000,5578,12972,3.040,1.370,0.680,5,0,130.999,0,0,10,28,0,63,0
19-08 19:14:59,82.689,11.491,4.996,0,0,1519004,1313724,167824,4929960,9781.742,1618.799,0,355.736,0,33.975,3429,5725,3.040,1.370,0.680,7,0,60.955,0,0,10,29,0,63,0
19-08 19:15:00,78.561,12.510,10.008,0,0.500,1538580,1294136,167840,4929956,12705.885,1621.261,0,252.196,0,26.020,5662,10684,3.040,1.370,0.680,6,0,124.097,0,0,10,29,0,61,0
19-08 19:15:01,75.529,13.755,9.504,0,0.250,1466412,1366056,167844,4930192,6876.627,1620.619,0,156.060,0,9.003,5341,11425,3.040,1.370,0.680,7,0,133.051,0,0,10,28,0,61,0
19-08 19:15:02,81.715,11.495,5.748,0,0.250,1523896,1308368,167844,4930392,6193.355,1713.268,0,1571.329,0,57.975,3335,6715,3.190,1.430,0.700,7,0,92.960,0,0,10,30,0,61,0
19-08 19:15:03,70.751,14.000,14.250,0.250,0,1461628,1370520,167864,4930592,4734.062,1458.019,0,4132.054,0,166.002,5542,10597,3.190,1.430,0.700,4,0,203.003,0,0,10,28,0,61,0
19-08 19:15:04,61.540,12.008,25.517,0,0,1443956,1387932,167876,4930804,4479.925,1621.059,0,352.230,0,31.020,4447,8639,3.190,1.430,0.700,3,0,164.107,0,0,10,28,0,61,0
19-08 19:15:05,64.456,9.493,25.982,0,0,1446720,1385136,167880,4930832,11304.200,1618.883,0,183.873,0,7.994,2791,5718,3.190,1.430,0.700,3,0,76.947,0,0,10,28,0,61,0
19-08 19:15:06,66.017,8.002,25.507,0.250,0,1450696,1381108,167884,4930876,44433.686,1620.426,0,388.102,0,37.010,2955,5803,3.190,1.430,0.700,3,0,65.017,0,0,10,28,0,61,0
19-08 19:15:07,64.363,8.731,25.945,0,0,1484032,1347236,167884,4931408,7818.331,1616.554,0,387.175,0,37.919,3925,8404,3.180,1.450,0.710,4,0,66.857,0,0,10,29,0,61,0
19-08 19:15:08,66.120,8.766,25.046,0,0.250,1499936,1331316,167888,4931420,9644.572,1622.957,0,208.380,0,11.020,2696,4932,3.180,1.450,0.710,4,0,48.088,0,0,10,28,0,62,0
19-08 19:15:09,60.660,11.233,26.211,0,0.250,1423948,1407088,167900,4931620,4727.970,1617.595,0,351.477,0,33.950,4646,8954,3.180,1.450,0.710,5,0,110.835,0,0,10,28,0,63,0
19-08 19:15:10,67.588,8.010,24.281,0.250,0,1482728,1348264,167916,4931644,5619.277,1622.101,0,408.529,0,35.045,3189,6473,3.180,1.450,0.710,6,0,60.078,0,0,10,28,0,63,0
19-08 19:15:11,59.999,14.750,25.000,0,0,1465052,1365652,167920,4931904,8357.900,1457.983,0,439.995,0,26.000,4412,8967,3.180,1.450,0.710,4,0,379.995,0,0,10,29,0,63,0
19-08 19:15:12,63.421,10.986,25.718,0,0,1448088,1382552,167924,4931960,5536.063,1617.973,0,223.720,0,14.981,4204,8052,3.160,1.480,0.720,4,0,88.889,0,0,10,28,0,63,0
19-08 19:15:13,45.287,12.010,41.784,0,0.500,1396424,1433880,167940,4932264,9049.312,1621.310,0,432.349,0,29.023,3744,6589,3.160,1.480,0.720,2,0,245.198,0,0,10,28,0,63,0
19-08 19:15:14,21.995,11.498,65.236,0.250,0,1331880,1498332,167944,4932352,6150.678,1619.652,0,1959.579,0,28.994,4095,7662,3.160,1.480,0.720,1,0,327.929,0,0,10,28,0,63,0
19-08 19:15:15,24.957,16.472,57.401,0,0,1401844,1428184,167948,4932528,8335.596,1617.205,0,439.241,0,25.955,2851,4239,3.160,1.480,0.720,2,0,386.332,0,0,10,28,0,65,0
19-08 19:15:16,43.846,6.264,47.855,2.255,0,1517684,1309324,168232,4934880,7184.785,1623.567,4.009,5576.251,1.002,409.901,3330,5731,3.160,1.480,0.720,2,0,29.064,0,0,10,32,0,65,0
19-08 19:15:17,38.437,6.240,43.679,13.228,0.250,1469724,1351440,168876,4939780,4899.015,1509.539,0,38912.573,0,3193.794,11518,25781,3.070,1.490,0.730,2,0,105.828,0,0,10,32,0,63,0
19-08 19:15:18,44.083,6.011,44.584,6.512,0,1478980,1341240,169260,4940264,6021.290,1568.942,0,21336.005,0,1972.699,8197,17316,3.070,1.490,0.730,2,0,19.036,0,0,10,28,0,63,0
19-08 19:15:19,44.286,6.505,49.039,0.500,0,1479860,1340272,169296,4940304,5234.198,1621.300,0,4563.660,0,295.237,2375,3060,3.070,1.490,0.730,2,1,2.002,0,0,10,30,0,63,0
19-08 19:15:20,39.700,4.744,50.437,4.744,0,1526708,1292644,169684,4940696,5677.880,1617.971,0,17290.318,0,2510.851,15729,27657,3.070,1.490,0.730,2,0,1.997,0,0,10,30,0,63,0
19-08 19:15:21,26.960,5.991,65.403,0.749,0,1417856,1401320,169704,4940836,4939.689,1617.606,0,6079.003,0,339.498,2131,3503,3.070,1.490,0.730,1,0,98.854,0,0,10,28,0,58,0
19-08 19:15:22,23.239,3.498,73.464,0.250,0.250,1356868,1462296,169704,4940848,5205.429,1619.200,0,299.852,0,21.989,1021,1428,2.900,1.480,0.730,1,0,2.999,0,0,10,28,0,58,0
19-08 19:15:23,23.535,3.004,73.359,0.250,0,1438760,1380400,169708,4940848,5491.193,1622.421,0,2067.084,0,117.175,1218,1722,2.900,1.480,0.730,2,0,4.006,0,0,10,28,0,58,0
19-08 19:15:24,24.707,2.496,72.374,0,0,1377260,1441880,169712,4940864,5611.242,1455.469,0,143.750,0,21.962,1061,1350,2.900,1.480,0.730,1,0,0.998,0,0,10,32,0,58,0
19-08 19:15:25,23.009,3.501,74.279,0,0,1448068,1371068,169712,4940868,6377.481,1620.630,0,4.002,0,1.000,794,1097,2.900,1.480,0.730,2,0,2.001,0,0,10,32,0,58,0
19-08 19:15:26,23.503,2.000,73.759,0,0.500,1399428,1419696,169712,4940880,4903.608,1704.211,0,0,0,0,843,1029,2.900,1.480,0.730,3,0,1.000,0,0,10,32,0,58,0
19-08 19:15:27,22.995,3.499,73.733,0,0,1452852,1366272,169716,4940876,4589.935,1619.624,0,0,0,0,880,1122,2.750,1.470,0.730,2,0,2.000,0,0,10,32,0,56,0
19-08 19:15:28,22.245,2.999,73.733,0,0.250,1408708,1410364,169716,4940928,4559.965,1619.632,0,0,0,0,906,1190,2.750,1.470,0.730,1,0,1.000,0,0,10,32,0,56,0
19-08 19:15:29,24.010,2.751,73.782,0,0,1349920,1469052,169716,4941020,5201.268,1620.707,0,0,0,0,847,1041,2.750,1.470,0.730,1,0,3.001,0,0,10,32,0,56,0
19-08 19:15:30,22.993,2.749,72.979,0.250,0,1367648,1451272,169728,4941052,5835.319,1619.534,0,719.793,0,37.989,1190,1659,2.750,1.470,0.730,3,0,1.000,0,0,10,32,0,56,0
19-08 19:15:31,22.997,3.000,73.990,0,0,1446760,1372144,169732,4941060,4651.391,1457.809,0,59.992,0,5.999,905,1128,2.750,1.470,0.730,1,0,2.000,0,0,10,32,0,56,0
19-08 19:15:32,23.251,2.750,73.752,0,0,1394080,1424804,169740,4941072,4302.129,1620.049,0,0,0,0,904,1109,2.610,1.460,0.740,1,0,1.000,0,0,10,32,0,56,0
19-08 19:15:33,23.773,3.003,73.071,0,0,1407284,1411560,169740,4941112,5491.316,1621.570,0,2057.992,0,218.211,1390,1230,2.610,1.460,0.740,1,0,3.003,0,0,10,32,0,50,0
19-08 19:15:34,22.974,2.997,73.916,0,0,1453900,1364944,169740,4941112,5247.029,1618.159,0,0,0,0,929,1114,2.610,1.460,0.740,1,0,1.998,0,0,10,32,0,50,0
19-08 19:15:35,13.280,20.045,64.897,0,0.251,1352260,1466268,169748,4941336,9276.975,1623.671,0,737.668,0,8.018,3908,8411,2.610,1.460,0.740,1,0,550.244,0,0,10,32,0,49,0
19-08 19:15:36,9.750,19.000,70.250,0,0,1353460,1465176,169752,4941280,40125.759,1619.990,0,479.997,0,9.000,2773,4020,2.610,1.460,0.740,1,0,349.998,0,0,10,32,0,49,0
19-08 19:15:37,9.253,20.257,69.775,0,0.500,1351304,1467224,169752,4941380,8365.045,1620.590,0,264.096,0,4.001,2910,4439,2.400,1.440,0.730,1,0,406.148,0,0,10,32,0,46,0
19-08 19:15:38,20.750,5.500,73.501,0,0.250,1419128,1399360,169752,4941412,7615.061,1458.012,0,0,0,0,1410,2005,2.400,1.440,0.730,1,0,104.001,0,0,10,32,0,46,0
19-08 19:15:39,22.505,3.251,74.017,0,0,1356416,1462088,169752,4941396,6400.466,1620.371,0,648.148,0,122.028,1143,1165,2.400,1.440,0.730,1,0,3.001,0,0,10,32,0,42,0
19-08 19:15:40,24.192,2.245,73.325,0.249,0,1435024,1383476,169752,4941400,7276.609,1616.137,0,430.970,0,30.926,1151,1690,2.400,1.440,0.730,1,0,1.995,0,0,10,32,0,42,0
19-08 19:15:41,23.253,3.000,73.759,0,0,1375032,1443444,169756,4941416,5681.687,1620.196,0,72.009,0,7.001,915,1175,2.400,1.440,0.730,3,0,1.000,0,0,10,32,0,38,0
19-08 19:15:42,24.002,2.000,73.756,0,0,1453164,1365324,169756,4941404,7516.601,1620.130,0,0,0,0,953,1185,2.290,1.430,0.730,2,0,2.000,0,0,10,32,0,38,0
19-08 19:15:43,23.716,2.247,73.146,0,0,1396956,1421516,169756,4941420,6181.247,1617.709,0,23.966,0,2.996,993,1201,2.290,1.430,0.730,2,0,2.996,0,0,10,32,0,36,0
19-08 19:15:44,23.282,2.754,73.851,0,0,1458456,1360028,169756,4941408,6691.160,1622.221,0,12.016,0,1.001,891,1128,2.290,1.430,0.730,2,0,2.003,0,0,10,32,0,36,0
19-08 19:15:45,23.001,2.750,73.752,0,0,1413092,1405380,169756,4941420,7039.204,1458.042,0,0,0,0,853,1064,2.290,1.430,0.730,2,0,1.000,0,0,10,32,0,36,0
19-08 19:15:46,23.249,2.750,73.996,0,0.250,1353156,1465336,169756,4941400,6616.610,1619.904,0,19.999,0,1.000,826,1085,2.290,1.430,0.730,2,0,3.000,0,0,10,32,0,36,0
19-08 19:15:47,24.250,2.500,73.500,0,0,1431508,1386976,169756,4941408,5290.979,1619.994,0,48.000,0,3.000,926,1164,2.180,1.420,0.730,2,0,2.000,0,0,10,32,0,36,0
19-08 19:15:48,24.002,2.250,74.005,0,0.250,1374552,1443920,169756,4941420,6309.397,1620.102,0,12.001,0,1.000,862,1083,2.180,1.420,0.730,1,0,1.000,0,0,10,32,0,35,0
19-08 19:15:49,23.250,2.750,73.750,0,0,1453868,1364624,169756,4941400,5569.028,1620.008,0,1640.008,0,4.000,820,1134,2.180,1.420,0.730,1,0,2.000,0,0,10,32,0,35,0
19-08 19:15:50,24.000,2.750,73.001,0.250,0,1392096,1426356,169768,4941424,7038.049,1620.011,0,464.003,0,30.000,1089,1571,2.180,1.420,0.730,1,0,1.000,0,0,10,32,0,35,0
19-08 19:15:51,23.500,2.500,73.999,0.250,0,1463188,1355292,169768,4941396,6439.871,1499.970,0,31.999,0,4.000,923,1160,2.180,1.420,0.730,2,0,2.000,0,0,10,32,0,35,0
19-08 19:15:52,23.743,1.749,73.479,0,0.500,1408944,1409444,169768,4941488,4611.681,1619.537,0,91.974,0,1.000,802,1077,2.090,1.420,0.740,1,0,1.000,0,0,10,32,0,32,0
19-08 19:15:53,23.245,3.499,73.735,0,0,1422944,1395444,169768,4941488,6408.705,1619.673,0,19.996,0,2.000,995,1178,2.090,1.420,0.740,1,0,2.999,0,0,10,32,0,32,0
19-08 19:15:54,24.013,2.501,73.539,0,0,1360452,1457936,169768,4941488,5286.839,1620.870,0,20.011,0,1.001,939,1104,2.090,1.420,0.740,1,0,3.002,0,0,10,32,0,18,0
19-08 19:15:55,23.001,2.000,73.755,0,0,1375204,1443180,169768,4941492,6158.394,1620.104,0,28.002,0,3.000,883,1146,2.090,1.420,0.740,1,0,1.000,0,0,10,32,0,18,0
19-08 19:15:56,23.246,3.000,73.988,0,0.500,1454848,1363548,169768,4941480,6281.989,1619.739,0,0,0,0,938,1163,2.090,1.420,0.740,1,0,2.000,0,0,10,32,0,13,0
19-08 19:15:57,16.787,12.277,70.908,0,0,1352784,1465612,169768,4941480,6428.335,1623.621,0,180.402,0,11.025,2348,3657,2,1.410,0.740,1,0,335.749,0,0,10,32,0,13,0
19-08 19:15:58,21.749,4.000,73.498,0,0,1424504,1393812,169772,4941540,5505.868,1457.965,0,0,0,0,1238,1655,2,1.410,0.740,1,0,56.999,0,0,10,32,0,7,0
19-08 19:15:59,22.702,3.493,73.845,0,0,1391884,1426164,169776,4941768,6194.991,1616.605,0,23.950,0,1.996,990,1205,2,1.410,0.740,1,0,8.981,0,0,10,32,0,7,0
19-08 19:16:00,21.791,6.262,72.386,0,0,1349760,1468272,169784,4941776,8577.082,1623.043,0,492.924,0,31.058,1447,2011,2,1.410,0.740,2,0,60.113,0,0,10,32,0,6,0
19-08 19:16:01,9.248,19.995,68.484,0,0.500,1352404,1465544,169784,4941856,7854.186,1619.626,0,187.957,0,9.998,3004,4521,2,1.410,0.740,1,0,427.901,0,0,10,32,0,6,0
19-08 19:16:02,9.500,20.000,68.998,0,0,1352500,1465424,169784,4941880,5683.864,1713.959,0,259.994,0,6.000,3232,5142,1.920,1.400,0.740,2,0,506.988,0,0,10,32,0,6,0
19-08 19:16:03,9.245,20.238,69.709,0,0.250,1353068,1464788,169784,4941932,6834.995,1619.051,0,655.616,0,9.994,2867,4309,1.920,1.400,0.740,2,0,401.765,0,0,10,32,0,6,0
19-08 19:16:04,9.254,20.260,69.284,0,0,1353032,1464816,169784,4941940,5337.594,1620.788,0,1400.681,0,16.008,3347,5415,1.920,1.400,0.740,1,0,557.271,0,0,10,32,0,6,0
19-08 19:16:05,9.502,20.755,69.017,0,0,1351632,1466188,169784,4941968,9897.494,1458.368,0,1200.302,0,14.004,3194,4920,1.920,1.400,0.740,1,0,498.126,0,0,10,32,0,6,0
19-08 19:16:06,8.494,18.737,70.701,0,0.500,1352412,1465380,169784,4941992,42622.505,1618.880,0,291.798,0,6.995,2805,3992,1.920,1.400,0.740,2,0,353.755,0,0,10,32,0,6,0
19-08 19:16:07,8.750,19.749,70.496,0,0.250,1355416,1462348,169784,4942020,9223.511,1619.914,0,147.992,0,7.000,2828,4136,1.930,1.410,0.750,1,0,371.980,0,0,10,32,0,6,0
19-08 19:16:08,14.770,25.035,59.082,0.250,0.250,1379280,1438460,169788,4942040,5213.220,1622.247,0,3396.704,0,158.219,4148,6705,1.930,1.410,0.750,2,0,637.883,0,0,10,32,0,8,0
19-08 19:16:09,62.778,15.507,22.260,0,0,1551752,1265532,169876,4942372,4904.197,1620.726,0,1644.737,0,114.051,2824,4299,1.930,1.410,0.750,4,0,358.160,0,0,10,32,0,12,0
19-08 19:16:10,50.986,8.998,32.991,6.998,0,1647332,1160332,170464,4950360,8237.751,1619.558,399.891,31839.308,3.999,2381.350,12899,21157,1.930,1.410,0.750,3,1,74.980,0,0,10,38,0,11,0
19-08 19:16:11,36.237,9.496,32.488,20.243,0,1630092,1167500,171172,4959388,4894.189,1619.401,0,77987.145,0,5641.912,21759,39493,1.930,1.410,0.750,2,1,143.947,0,0,10,36,0,11,0
19-08 19:16:12,39.507,10.752,33.506,18.253,0,1605284,1181504,171896,4969152,4177.739,1512.268,0,64979.501,0,5074.898,20850,38970,2.090,1.460,0.760,4,0,127.022,0,0,10,36,0,13,0
19-08 19:16:13,45.494,7.249,30.996,13.748,0,1652664,1126356,172192,4976232,4173.428,1565.785,0,45833.721,0,3596.507,17627,28633,2.090,1.460,0.760,3,0,37.995,0,0,10,36,0,14,0
19-08 19:16:14,41.227,16.741,27.235,12.743,0,1571872,1200884,172496,4982124,4601.414,1619.090,363.796,53801.763,5.997,4000.752,21208,39925,2.090,1.460,0.760,7,1,311.825,0,0,10,34,0,18,0
19-08 19:16:15,42.278,14.510,30.270,12.008,0,1550344,1214860,172776,4988796,5671.823,1621.093,1617.090,50358.942,24.016,3791.556,18620,31804,2.090,1.460,0.760,4,1,178.120,0,0,10,34,0,18,0
19-08 19:16:16,39.249,7.750,41.499,12.000,0.500,1567288,1194524,172932,4991900,5974.833,1619.955,0,36542.977,0,3209.910,16788,29578,2.090,1.460,0.760,4,1,89.997,0,0,10,35,0,17,0
19-08 19:16:17,34.487,8.747,45.233,10.246,0,1527452,1232696,173200,4993204,8839.712,1619.398,0,34471.177,0,3048.866,16814,29040,2.090,1.470,0.770,5,0,82.969,0,0,10,34,0,17,0
19-08 19:16:18,37.505,7.251,40.255,14.752,0,1569668,1189632,173412,4993816,8976.221,1620.220,0,35652.849,0,3260.443,13229,27588,2.090,1.470,0.770,2,0,27.004,0,0,10,35,0,17,0
19-08 19:16:19,35.508,6.752,43.760,12.503,0.250,1515084,1242944,173652,4994792,6061.358,1620.363,0,36616.202,0,3375.756,16923,31910,2.090,1.470,0.770,3,0,51.011,0,0,10,34,0,19,0
19-08 19:16:20,40.736,6.998,39.737,11.996,0.250,1564460,1191564,173752,4996656,6821.687,1457.506,0,33284.716,0,2932.006,14076,23886,2.090,1.470,0.770,1,1,23.992,0,0,10,36,0,19,0
19-08 19:16:21,38.986,7.747,40.985,11.996,0,1564792,1188820,173872,4998888,4819.251,1619.412,0,29857.162,0,2917.941,14299,30474,2.090,1.470,0.770,3,0,38.986,0,0,10,36,0,19,0
19-08 19:16:22,34.265,8.254,41.768,15.257,0.250,1561592,1188680,174008,5002012,4486.943,1620.702,0,45283.608,0,3673.591,12092,27812,2,1.460,0.770,2,0,94.041,0,0,10,36,0,19,0
19-08 19:16:23,33.753,8.501,42.004,15.252,0,1536000,1211492,174144,5004584,5479.542,1620.160,0,43304.287,0,3655.362,15206,30286,2,1.460,0.770,3,0,66.007,0,0,10,36,0,21,0
19-08 19:16:24,33.257,9.002,39.509,17.254,0,1510652,1233788,174288,5007404,5049.101,1620.353,0,52579.462,0,4197.915,19834,33257,2,1.460,0.770,3,1,134.029,0,0,10,36,0,21,0
19-08 19:16:25,37.759,5.751,40.759,14.253,0,1573112,1168796,174408,5009708,5628.289,1620.371,0,36268.305,0,3095.709,14665,25734,2,1.460,0.770,3,1,34.008,0,0,10,37,0,21,0
19-08 19:16:26,32.749,7.750,42.499,14.750,0,1543708,1203464,174536,5004312,6259.862,1619.964,0,43055.053,0,3836.916,18945,34192,2,1.460,0.770,2,1,51.999,0,0,10,36,0,23,0
19-08 19:16:27,41.476,10.244,40.227,8.495,0,1461040,1285784,174580,5004612,5059.121,1661.055,0,25645.408,0,1909.913,10161,16850,2,1.470,0.780,2,0,131.925,0,0,10,33,0,24,0
19-08 19:16:28,13.233,19.476,65.418,0.250,0.250,1391980,1354872,174580,5004584,6058.397,1456.173,0,982.767,0,59.925,3363,5561,2,1.470,0.780,2,0,439.448,0,0,10,32,0,24,0
19-08 19:16:29,31.800,18.529,49.327,0.250,0.501,1457212,1289468,174596,5004740,5433.525,1622.546,0,1089.710,0,74.116,3459,5445,2,1.470,0.780,3,0,446.701,0,0,10,32,0,30,0
19-08 19:16:30,64.825,10.721,24.434,0.249,0,1641844,1103832,174648,5005692,5762.441,1615.638,0,1332.403,0,129.650,1874,1814,2,1.470,0.780,3,0,2.992,0,0,10,32,0,30,0
19-08 19:16:31,68.691,4.513,24.819,1.504,0.251,1780424,961072,174832,5009328,6254.419,1624.524,0,8427.471,0,455.268,3275,4070,2,1.470,0.780,1,1,0,0,0,10,38,0,30,0
19-08 19:16:32,27.490,6.748,46.734,19.993,0,1775316,954280,174980,5020552,4775.333,1619.435,0,59031.398,0,4786.330,22305,37482,2,1.480,0.790,4,0,203.929,0,0,10,38,0,30,0
19-08 19:16:33,24.986,7.246,47.473,19.989,0,1781036,937148,175104,5031460,4731.327,1619.085,0,69092.962,0,5345.980,23753,39791,2,1.480,0.790,9,1,208.882,0,0,10,38,0,30,0
19-08 19:16:34,34.786,10.511,35.286,18.769,0,1669232,1039920,175216,5040092,5762.930,1621.669,0,77035.269,0,5731.898,24053,40386,2,1.480,0.790,4,1,174.179,0,0,10,36,0,30,0
19-08 19:16:35,40.413,10.477,28.439,18.959,0,1720484,980196,175316,5048344,7705.433,1454.872,0,72803.473,0,5575.014,23915,41410,2,1.480,0.790,2,1,163.648,0,0,10,36,0,31,0
19-08 19:16:36,49.540,7.506,31.525,12.260,0.250,1778032,916496,175368,5054116,45004.959,1621.295,0,48710.920,0,3998.195,17961,29400,2,1.480,0.790,1,1,60.048,0,0,10,38,0,31,0
19-08 19:16:37,28.773,8.507,42.784,20.266,0,1661772,1020388,175448,5065960,7455.875,1621.278,0,71260.153,0,5100.019,22043,36109,2.080,1.500,0.800,3,0,81.064,0,0,10,36,0,30,0
19-08 19:16:38,24.733,6.496,46.218,19.487,0.250,1661444,1013584,175476,5072780,5782.022,1618.886,0,66682.123,0,5210.415,23034,38841,2.080,1.500,0.800,3,0,35.975,0,0,10,36,0,30,0
19-08 19:16:39,30.704,10.484,58.163,1.747,0,1423824,1251128,175476,5072832,5229.182,1617.582,0,10108.887,0,627.063,3837,5833,2.080,1.500,0.800,1,0,248.628,0,0,10,32,0,30,0
19-08 19:16:40,23.251,3.500,73.003,0.250,0,1489020,1185916,175476,5072844,6113.281,1620.075,0,2648.122,0,115.005,1264,1652,2.080,1.500,0.800,1,0,1.000,0,0,10,32,0,30,0
19-08 19:16:41,24.496,2.000,71.490,1.250,0.250,1525020,1149908,175484,5072844,6922.003,1619.767,0,5271.241,0,391.944,2022,3056,2.080,1.500,0.800,2,0,0,0,0,10,38,0,30,0
19-08 19:16:42,22.545,4.258,71.892,0.751,0.250,1464312,1210600,175484,5072860,7870.592,1460.894,0,6717.307,0,332.659,1630,2636,2.150,1.530,0.810,1,0,28.056,0,0,10,32,0,30,0
19-08 19:16:43,23.496,2.999,72.737,0.500,0,1520500,1154404,175484,5072868,7639.640,1619.712,0,2499.555,0,137.975,1297,1836,2.150,1.530,0.810,1,0,2.000,0,0,10,34,0,30,0
19-08 19:16:44,17.012,20.014,60.291,0.500,0,1408444,1266460,175488,5072864,6305.275,1621.099,0,1348.915,0,92.062,3913,6425,2.150,1.530,0.810,3,0,699.474,0,0,10,32,0,30,0
19-08 19:16:45,12.745,27.489,60.976,0,0,1411372,1263456,175488,5072936,6449.498,1619.372,0,2563.006,0,30.988,4162,6563,2.150,1.530,0.810,1,0,811.685,0,0,10,32,0,30,0
19-08 19:16:46,10.490,18.733,69.687,0,0.250,1411248,1263488,175488,5073004,6992.630,1618.526,0,187.829,0,14.986,2945,4345,2.150,1.530,0.810,3,0,413.623,0,0,10,32,0,30,0
19-08 19:16:47,7.511,20.782,69.857,0,0.250,1410220,1264468,175488,5073032,9857.052,1622.478,0,24.037,0,6.009,2708,3928,2.060,1.520,0.810,2,0,323.494,0,0,10,32,0,30,0
19-08 19:16:48,15.978,16.727,66.158,0,0,1415612,1258360,175488,5074028,8458.209,1617.745,0,23.967,0,5.992,4538,7695,2.060,1.520,0.810,1,0,310.567,0,0,10,32,0,30,0
19-08 19:16:49,43.040,9.759,47.044,0,0,1500636,1172992,175496,5074404,4821.508,1459.365,0,36.034,0,3.003,2181,2806,2.060,1.520,0.810,2,0,130.122,0,0,10,33,0,30,0
19-08 19:16:50,48.420,4.742,46.423,0,0,1595592,1075216,175496,5077224,7750.212,1659.262,0,459.242,0,2.995,1525,6673,2.060,1.520,0.810,2,0,0,0,0,10,33,0,30,0
19-08 19:16:51,46.721,4.497,47.720,0,0,1661976,1007300,175568,5078428,6360.993,1618.980,0,1255.209,0,135.914,2099,3193,2.060,1.520,0.810,2,0,6.996,0,0,10,49,0,30,0
19-08 19:16:52,13.028,14.030,71.655,0.251,0.501,1681668,987156,175568,5078752,5534.944,1623.504,0,256.554,0,7.015,2345,3377,1.980,1.510,0.810,1,0,255.551,0,0,10,48,0,31,0
19-08 19:16:53,5.240,1.248,92.318,0.499,0.250,1687104,981864,175568,5078604,21271.032,2483.101,0,4678.769,0,258.490,1242,1210,1.980,1.510,0.810,0,0,3.992,0,0,10,49,0,31,0
19-08 19:16:54,1.000,0.500,97.239,0.250,0,1687084,981864,175568,5078624,107326.872,4295.515,0,539.939,0,31.996,970,1474,1.980,1.510,0.810,0,0,0,0,0,10,49,0,31,0
19-08 19:16:55,9.273,4.261,85.963,0.251,0,1697296,971296,175588,5078948,68849.678,3344.290,0,934.316,0,57.142,1346,1711,1.980,1.510,0.810,0,1,24.060,0,0,10,48,0,32,0
19-08 19:16:56,15.218,10.229,71.103,2.495,0.249,1713696,903368,175668,5128736,7177.143,1454.988,3.992,8386.640,0.998,389.194,3395,4528,1.980,1.510,0.810,1,0,66.862,0,0,10,48,0,32,0
19-08 19:16:57,19.035,7.013,73.884,0,0,1724772,891776,175668,5128736,5187.410,1665.020,0,0,0,0,1429,1696,1.900,1.500,0.810,1,0,45.082,0,0,10,48,0,32,0
19-08 19:16:58,21.217,4.493,73.386,0,0.250,1745536,870888,175668,5128740,6573.778,1659.420,0,0,0,0,1130,1231,1.900,1.500,0.810,1,0,14.977,0,0,10,48,0,32,0
19-08 19:16:59,15.529,11.772,72.636,0.250,0,1677836,988048,175820,5080092,8017.056,1623.048,160.301,20.038,10.019,3.006,2202,3100,1.900,1.500,0.810,2,0,233.438,0,0,10,48,0,32,0
19-08 19:17:00,13.960,9.473,74.538,0,0,1680020,985652,175820,5080120,6713.939,1615.414,0,805.713,0,1.994,4875,8349,1.900,1.500,0.810,0,0,144.590,0,0,10,48,0,32,0
19-08 19:17:01,0.250,0.500,98.286,0,0.250,1680116,985428,175820,5080248,10750.946,1620.595,0,316.116,0,4.001,651,965,1.900,1.500,0.810,0,0,3.001,0,0,10,48,0,32,0
19-08 19:17:02,1.000,1.000,98.253,0,0,1680116,985428,175820,5080248,6018.181,1714.051,0,0,0,0,713,1053,1.750,1.470,0.810,0,0,5.000,0,0,10,48,0,32,0
19-08 19:17:03,1.000,0.500,98.245,0,0,1680116,985428,175820,5080248,5021.734,1457.923,0,0,0,0,709,1068,1.750,1.470,0.810,1,0,4.000,0,0,10,48,0,32,0
19-08 19:17:04,1.999,2.249,94.210,0.750,0.250,1611468,1054164,175820,5080244,6540.194,1619.305,0,551.763,0,41.982,1200,1954,1.750,1.470,0.810,1,0,28.988,0,0,10,48,0,32,0
19-08 19:17:05,18.781,14.273,67.110,0,0.250,1614944,1050608,175820,5080256,8486.927,1622.663,0,292.480,0,3.005,4265,8474,1.750,1.470,0.810,1,0,257.422,0,0,10,48,0,32,0
19-08 19:17:06,12.502,16.252,70.509,0,0,1666596,998904,175820,5080640,44261.710,1858.240,0,4.001,0,1.000,4106,7584,1.750,1.470,0.810,9,0,376.049,0,0,11,48,0,32,0
19-08 19:17:07,15.729,12.234,70.657,0,0.250,1671280,994068,175824,5080432,7482.116,1617.863,0,315.583,0,12.983,3764,6637,1.680,1.470,0.810,0,0,199.736,0,0,11,48,0,32,0
19-08 19:17:08,4.254,10.509,85.826,0,0,1672656,992688,175824,5080436,5431.791,1621.430,0,604.533,0,4.004,1577,2345,1.680,1.470,0.810,2,0,137.121,0,0,13,48,0,32,0
19-08 19:17:09,15.512,15.262,67.553,0,0,1678992,986308,175824,5080472,6092.789,1621.274,0,16.013,0,3.002,5373,9270,1.680,1.470,0.810,1,0,227.179,0,0,13,50,0,27,0
19-08 19:17:10,10.259,19.517,69.810,0,0.250,1679308,985968,175824,5080496,6077.190,1459.246,0,1357.159,0,170.145,3186,4593,1.680,1.470,0.810,1,0,386.330,0,0,13,50,0,27,0
19-08 19:17:11,20.748,15.499,63.495,0,0,1690668,974404,175828,5080684,5651.525,1619.864,0,15.999,0,4.000,3821,8104,1.680,1.470,0.810,2,0,251.979,0,0,13,50,0,27,0
19-08 19:17:12,38.751,17.501,42.501,0,0,1764536,900332,175840,5080896,4485.144,1620.052,0,60.002,0,5.000,5207,8774,2.190,1.580,0.850,3,0,330.011,0,0,13,50,0,26,0
19-08 19:17:13,25.682,5.984,67.820,0,0.499,1828600,835040,175928,5081928,5275.011,1615.715,31.915,271.281,1.995,7.979,1737,3323,2.190,1.580,0.850,1,0,33.910,0,0,13,58,0,30,0
19-08 19:17:14,22.252,5.000,72.255,0.250,0.250,1886624,776844,175928,5082096,5281.364,1620.112,0,824.057,0,34.002,1332,1758,2.190,1.580,0.850,1,0,8.001,0,0,13,58,0,27,0
19-08 19:17:15,9.743,1.749,87.687,0,0,1912112,750888,175928,5082548,4941.432,1618.831,0,0,0,0,1407,2852,2.190,1.580,0.850,0,0,2.998,0,0,13,58,0,27,0
19-08 19:17:16,1.251,0.500,98.045,0,0,1912000,750888,175928,5082660,14784.801,1710.787,0,72.033,0,4.002,751,1008,2.190,1.580,0.850,0,0,2.001,0,0,13,58,0,22,0
19-08 19:17:17,13.038,12.787,73.463,0,0,1907160,755500,175928,5083164,5082.714,1462.233,0,1006.915,0,3.009,3417,9168,2.180,1.580,0.860,15,0,217.630,0,0,13,56,0,22,0
19-08 19:17:18,13.718,14.966,69.839,0,0,1908024,754588,175928,5083184,7939.731,1616.281,0,87.798,0,8.979,4126,8315,2.180,1.580,0.860,2,0,264.392,0,0,13,56,0,21,0
19-08 19:17:19,20.262,17.760,62.035,0,0,1913108,749364,175928,5083144,6267.573,1620.924,0,252.144,0,13.007,7085,17485,2.180,1.580,0.860,1,0,198.113,0,0,11,48,0,21,0
19-08 19:17:20,21.514,16.261,60.540,0,0.250,1914384,748100,175928,5082976,6492.239,1621.059,0,4.003,0,1.001,5233,10545,2.180,1.580,0.860,3,0,309.202,0,0,13,56,0,19,0
19-08 19:17:21,24.043,12.773,62.862,0,0.250,1697776,964696,175928,5082964,7362.075,1622.882,0,280.498,0,4.007,2450,3860,2.180,1.580,0.860,2,0,331.589,0,0,13,50,0,23,0
19-08 19:17:22,31.661,21.440,46.619,0,0,1769084,893344,175928,5083012,6666.248,1615.456,0,31.910,0,7.978,3633,6145,2.160,1.590,0.860,4,0,566.407,0,0,13,50,0,23,0
19-08 19:17:23,46.313,17.774,35.799,0,0.250,1853768,807968,175928,5083708,6247.547,1514.071,0,4.005,0,1.001,6405,12922,2.160,1.590,0.860,2,0,249.341,0,0,13,58,0,27,0
19-08 19:17:24,44.149,5.737,48.888,0.249,0,1984708,676656,175940,5084068,4821.963,1562.424,0,4525.641,0,211.516,1739,2680,2.160,1.590,0.860,1,0,3.991,0,0,13,58,0,25,0
19-08 19:17:25,23.757,3.251,72.272,0.250,0,2022272,636704,176256,5085928,8633.651,1620.497,124.038,704.216,31.010,13.004,1227,2485,2.160,1.590,0.860,1,0,4.001,0,0,13,58,0,25,0
19-08 19:17:26,24.044,5.009,60.610,8.015,0,2039236,606952,176288,5098348,5347.728,1622.952,16.029,29413.503,4.007,1908.472,10835,18823,2.160,1.590,0.860,2,0,5.009,0,0,13,60,0,24,0
19-08 19:17:27,29.793,9.013,49.822,9.514,0,2147792,487920,176404,5108308,4566.576,1754.527,0,17601.346,0,1846.659,11779,27274,2.070,1.580,0.860,5,0,10.014,0,0,14,70,0,30,0
19-08 19:17:28,22.713,20.717,54.413,0.749,0.499,2223656,411780,176412,5108476,6335.818,1617.401,0,3482.404,0,204.671,5120,9594,2.070,1.580,0.860,1,0,334.463,0,0,14,85,0,33,0
19-08 19:17:29,10.487,20.724,68.663,0.250,0,2224116,411108,176412,5108668,5685.756,1617.939,0,5341.195,0,212.729,3230,4852,2.070,1.580,0.860,1,0,356.546,0,0,14,85,0,33,0
19-08 19:17:30,22.301,15.786,60.638,0.251,0.251,2246556,388440,176412,5109208,5033.426,1623.686,0,3916.891,0,212.482,5024,8132,2.070,1.580,0.860,3,0,234.532,0,0,14,85,0,27,0
19-08 19:17:31,46.638,6.484,46.888,0,0,2356664,278108,176412,5109488,4838.417,1454.518,0,43503.852,0,43.895,1492,1660,2.070,1.580,0.860,2,0,60.854,0,0,14,86,0,27,0
19-08 19:17:32,21.028,14.520,63.585,0.751,0,2395128,239008,176428,5109992,4770.411,1622.180,0,1265.701,0,79.106,3031,5422,1.980,1.570,0.870,1,0,261.351,0,0,14,89,0,28,0
19-08 19:17:33,9.488,18.477,71.412,0,0.250,2393000,241004,176428,5110128,4511.428,1618.002,0,55.931,0,7.990,2834,4205,1.980,1.570,0.870,1,0,329.593,0,0,14,89,0,28,0
19-08 19:17:34,9.269,18.287,71.645,0,0.501,2393184,240776,176428,5110156,6168.442,1623.274,0,112.226,0,10.020,2702,4005,1.980,1.570,0.870,1,0,334.675,0,0,14,89,0,28,0
19-08 19:17:35,24.187,6.982,66.825,0,0.249,2446700,187228,176428,5110028,8127.730,1615.772,0,0,0,0,1799,5281,1.980,1.570,0.870,2,0,102.731,0,0,14,89,0,29,0
19-08 19:17:36,21.793,5.260,71.891,0,0,2417732,216188,176428,5110196,42052.591,1623.188,0,777.527,0,28.055,2431,3835,1.980,1.570,0.870,2,0,63.124,0,0,14,91,0,29,0
19-08 19:17:37,24.766,3.002,72.547,0.250,0,2472920,160804,176448,5110372,8836.717,1711.107,0,336.218,0,34.022,1900,3232,1.900,1.560,0.870,1,0,1.001,0,0,14,95,0,29,0
19-08 19:17:38,31.733,7.496,58.468,1.499,0,2450988,182292,176452,5110768,7327.984,1457.201,0,4253.669,0,385.789,4969,9348,1.900,1.560,0.870,1,0,68.962,0,0,14,106,0,31,0
19-08 19:17:39,21.452,5.488,72.089,0.499,0,2514092,119152,176452,5110804,5644.407,1616.394,0,2542.328,0,95.786,1710,2464,1.900,1.560,0.870,3,0,48.891,0,0,14,107,0,31,0
19-08 19:17:40,23.266,5.504,70.299,0.500,0,2547916,125332,176212,5072252,7198.003,1621.127,0,1164.810,0,103.072,2875,5120,1.900,1.560,0.870,1,0,2.001,0,0,14,115,0,31,0
19-08 19:17:41,40.222,10.243,46.718,1.999,0.250,2571456,142584,173448,5034292,8198.327,1618.880,1730.802,9965.104,59.959,750.481,3668,4276,1.900,1.560,0.870,2,0,99.931,0,0,14,111,0,33,0
19-08 19:17:42,31.258,7.002,60.515,0.750,0.500,2575876,172284,173028,5000792,6613.634,1662.411,1264.312,1028.254,41.010,119.029,1853,2486,1.830,1.550,0.870,1,0,57.014,0,0,14,115,0,34,0
19-08 19:17:43,23.501,3.500,73.002,0,0,2625044,122920,173036,5000980,10891.305,1620.045,28.001,256.007,6.000,12.000,1292,1790,1.830,1.550,0.870,1,0,2.000,0,0,14,115,0,35,0
19-08 19:17:44,19.756,7.002,73.023,0,0,2610812,137132,173036,5001000,6718.130,1620.514,0,276.088,0,16.005,1298,1648,1.830,1.550,0.870,1,0,51.016,0,0,14,115,0,35,0
19-08 19:17:45,21.292,6.012,71.390,0.501,0.250,2590996,156932,173036,5001016,6731.173,1460.859,0,709.388,0,84.165,2436,3901,1.830,1.550,0.870,1,0,82.161,0,0,14,115,0,36,0
19-08 19:17:46,23.935,2.493,72.803,0.249,0,2629116,129220,172884,4990988,6851.439,1615.623,115.687,291.211,0.997,14.959,1228,1695,1.830,1.550,0.870,1,0,0,0,0,14,115,0,37,0
19-08 19:17:47,21.251,4.750,73.004,0.250,0,2624556,133652,172884,4991116,7184.417,1620.094,112.006,248.014,3.000,15.001,1315,1773,1.760,1.540,0.870,1,0,55.003,0,0,14,115,0,37,0
19-08 19:17:48,26.001,5.000,66.502,1.250,0,2587728,170200,172884,4991396,8073.210,1662.043,32.001,2240.058,1.000,282.007,3966,7044,1.760,1.540,0.870,2,0,55.001,0,0,14,119,0,38,0
19-08 19:17:49,23.498,3.250,72.993,0.250,0,2631692,126216,172884,4991436,5976.414,1619.841,0,827.919,0,50.995,1232,1869,1.760,1.540,0.870,1,0,0,0,0,14,121,0,39,0
19-08 19:17:50,35.611,3.762,59.435,1.003,0.251,2586648,171032,172892,4991656,7832.327,1625.047,0,1877.833,0,175.545,4161,7657,1.760,1.540,0.870,1,0,69.215,0,0,14,119,0,40,0
19-08 19:17:51,22.450,4.989,72.838,0.499,0.249,2643120,129836,172748,4976524,4790.365,1616.412,0,514.857,0,33.925,1387,1954,1.760,1.540,0.870,2,0,0,0,0,14,121,0,40,0
19-08 19:17:52,20.489,8.245,69.711,0.500,0.250,2627148,145152,172756,4977276,6526.345,1511.154,703.606,1898.937,14.992,163.908,2988,4848,1.780,1.550,0.870,2,0,146.918,0,0,14,119,0,40,0
19-08 19:17:53,25.569,1.504,72.195,0.251,0,2653720,118536,172756,4977320,6271.934,1570.240,0,758.047,0,68.184,2057,3375,1.780,1.550,0.870,2,0,2.005,0,0,14,121,0,40,0
19-08 19:17:54,32.165,3.989,61.089,1.247,0.249,2657504,128716,172544,4963780,5846.577,1657.627,1918.938,6989.562,144.618,455.798,4317,8038,1.780,1.550,0.870,2,0,3.989,0,0,14,121,0,41,0
19-08 19:17:55,27.246,13.748,57.742,0.500,0,2649872,134612,172548,4965496,6271.097,1947.720,1487.786,1351.805,45.993,109.984,3639,6621,1.780,1.550,0.870,4,0,285.959,0,0,14,121,0,41,0
19-08 19:17:56,21.800,8.019,68.659,1.002,0,2627260,172776,172376,4950452,6120.131,1800.157,92.213,3588.285,3.007,340.787,2590,3253,1.780,1.550,0.870,3,0,105.243,0,0,14,121,0,42,0
19-08 19:17:57,9.488,18.976,70.162,0,0.250,2638932,160988,172384,4950560,5606.946,1867.650,167.789,391.507,7.990,27.965,2878,4504,1.640,1.520,0.870,1,0,351.558,0,0,14,121,0,41,0
19-08 19:17:58,16.977,15.729,64.913,0,0,2638060,161132,172384,4951700,7672.719,1617.832,439.411,239.679,21.971,16.977,4832,7341,1.640,1.520,0.870,3,0,245.671,0,0,14,121,0,41,0
19-08 19:17:59,31.348,20.063,48.402,0.502,0,2673736,126960,172368,4949852,7727.217,1667.225,120.377,272.855,15.047,16.050,3786,6074,1.640,1.520,0.870,2,0,492.544,0,0,14,121,0,41,0
19-08 19:18:00,37.409,18.704,42.646,0,0,2724152,136384,171524,4891924,9604.565,1496.349,159.611,686.325,8.978,43.893,4338,9787,1.640,1.520,0.870,3,0,324.209,0,0,14,127,0,42,0
19-08 19:18:01,54.883,26.063,18.545,0.752,0.501,2855572,136176,169020,4765840,6240.176,1694.120,2161.256,8107.718,170.414,772.880,7715,14155,1.640,1.520,0.870,3,0,559.360,0,0,16,133,0,42,0
19-08 19:18:02,58.447,18.983,19.732,0.500,0,2958884,136400,166588,4667100,9390.530,1712.455,5858.715,1666.497,287.740,295.733,6540,9601,1.910,1.580,0.890,4,0,324.707,0,0,16,133,0,42,0
19-08 19:18:03,59.058,21.271,18.769,0.250,0.250,3043608,134432,164380,4588456,6452.381,1621.604,760.752,9413.310,46.046,1013.002,8020,17724,1.910,1.580,0.890,2,0,573.567,0,0,16,149,0,42,0
19-08 19:18:04,25.988,21.740,51.227,0,0,3089000,131724,164384,4547200,7843.463,1619.270,23.989,267.879,5.997,13.994,4905,9032,1.910,1.580,0.890,16,0,526.762,0,0,17,149,0,42,0
19-08 19:18:05,25.528,16.268,55.812,0,0,3122216,119588,164252,4526284,10644.848,1711.905,332.370,196.218,27.030,10.011,4356,7258,1.910,1.580,0.890,2,0,303.338,0,0,17,149,0,42,0
19-08 19:18:06,33.706,21.222,43.693,0.749,0,3182708,132208,164256,4455080,43084.077,1617.900,35.953,2792.375,5.992,377.510,4948,8070,1.910,1.580,0.890,2,0,408.470,0,0,17,149,0,42,0
19-08 19:18:07,36.784,23.522,37.535,0.250,0.250,3280376,133352,164280,4358172,5586.212,1513.412,284.265,5132.789,15.014,389.363,7053,16731,1.920,1.590,0.900,2,0,378.353,0,0,17,165,0,42,0
19-08 19:18:08,30.466,24.473,44.701,0.250,0,3340808,128708,164280,4303336,10179.792,1618.218,47.947,39.956,2.997,9.989,4090,7277,1.920,1.590,0.900,3,0,685.246,0,0,17,165,0,42,0
19-08 19:18:09,22.509,22.259,54.272,0.250,0,3406836,122984,164284,4244064,6587.615,1566.622,4.002,800.318,1.000,53.021,5528,11803,1.920,1.590,0.900,2,0,490.195,0,0,17,171,0,42,0
19-08 19:18:10,24.469,16.479,57.177,0,0.250,3432424,138288,164288,4204160,6122.206,1687.851,3.995,4602.141,0.999,371.527,5861,9452,1.920,1.590,0.900,2,0,207.736,0,0,17,173,0,42,0
19-08 19:18:11,45.927,7.987,45.178,0.250,0.250,3553428,123100,164300,4100568,5786.770,1617.420,43.930,1026.363,8.986,106.830,1929,2544,1.920,1.590,0.900,2,0,2.995,0,0,17,177,0,41,0
19-08 19:18:12,43.730,6.497,47.729,0.250,0.250,3649504,132340,164300,3997232,4702.893,1619.275,1347.396,223.900,36.983,20.991,2081,2834,2.240,1.660,0.930,4,0,4.998,0,0,17,182,0,41,0
19-08 19:18:13,31.111,18.566,49.928,0.251,0,3619860,161924,164308,3997432,4995.790,1625.789,112.400,353.258,8.029,18.064,3736,6450,2.240,1.660,0.930,3,0,513.830,0,0,17,181,0,41,0
19-08 19:18:14,42.736,21.743,32.989,0.500,0,3615700,162636,164324,4001196,4636.484,1565.488,1543.495,639.791,34.989,47.984,7920,14678,2.240,1.660,0.930,2,0,468.847,0,0,17,193,0,41,0
19-08 19:18:15,64.217,17.741,16.741,0.250,0,3705336,137636,164336,3938124,6221.833,1655.158,287.853,9858.982,9.995,591.699,5782,10601,2.240,1.660,0.930,4,1,200.898,0,0,17,205,0,37,0
19-08 19:18:16,81.050,17.261,1.751,0,0,3804768,137336,164356,3841504,7160.461,1566.976,480.299,516.322,9.006,38.024,2660,5448,2.240,1.660,0.930,7,0,74.046,0,0,17,212,0,37,0
19-08 19:18:17,76.747,15.499,7.000,0,0,3857864,128088,164444,3798400,5883.800,1619.945,63.998,2079.929,3.000,83.997,4821,11448,2.460,1.720,0.950,4,0,107.996,0,0,17,217,0,43,0
19-08 19:18:18,45.007,28.255,25.754,0.250,0,3837080,169276,164488,3778088,6818.111,1620.264,24.004,768.125,4.001,47.008,5674,10716,2.460,1.720,0.950,5,0,523.085,0,0,17,217,0,43,0
19-08 19:18:19,52.000,23.500,23.750,0,0.250,3889716,131060,164488,3763624,6096.957,1619.989,0,703.995,0,46.000,8737,41319,2.460,1.720,0.950,5,0,283.998,0,0,17,219,0,43,0
19-08 19:18:20,55.275,23.010,21.260,0,0,3949344,121680,164488,3714160,6763.070,1620.736,8.004,348.158,2.001,27.012,4921,8719,2.460,1.720,0.950,10,0,513.233,0,0,17,219,0,43,0
19-08 19:18:21,62.224,19.992,16.993,1.000,0.250,3970508,128292,164564,3686084,5704.587,1619.315,259.890,26408.829,24.989,707.701,7664,19171,2.460,1.720,0.950,3,0,266.887,0,0,17,223,0,42,0
19-08 19:18:22,54.962,23.484,20.236,0,0.250,4031280,134396,164564,3620240,6719.397,1510.965,0,559.617,0,35.975,4764,9735,2.670,1.770,0.970,4,0,443.696,0,0,17,227,0,42,0
19-08 19:18:23,67.533,17.008,14.257,0.250,0.250,4144164,123360,164564,3520636,4670.288,1620.794,104.051,940.461,9.004,72.035,5773,16782,2.670,1.770,0.970,4,0,208.102,0,0,17,233,0,41,0
19-08 19:18:24,67.760,10.002,20.503,1.250,0,4237240,128908,164568,3424016,5073.776,1566.240,0,8689.329,0,649.099,3417,4203,2.670,1.770,0.970,5,0,6.001,0,0,17,236,0,41,0
19-08 19:18:25,61.232,17.745,18.745,0.750,0,4225152,158092,164576,3407412,7385.836,1619.525,1919.438,4694.624,64.981,382.888,6527,15793,2.670,1.770,0.970,5,0,254.925,0,0,17,247,0,46,0
19-08 19:18:26,48.956,24.228,25.477,0.500,0,4229308,153476,164584,3407832,10389.639,1708.461,1398.740,1211.908,35.968,75.932,4829,9072,2.670,1.770,0.970,4,0,552.502,0,0,17,248,0,46,0
19-08 19:18:27,58.046,21.767,19.265,0,0.250,4303312,129216,164668,3359364,5162.047,1733.359,3482.730,1435.125,53.042,81.064,6847,15010,2.930,1.840,1,5,0,238.187,0,0,18,248,0,47,0
19-08 19:18:28,81.298,15.509,2.501,0.250,0.250,4401184,120860,164672,3271664,6262.720,1620.963,772.459,8012.760,7.004,667.396,3469,3853,2.930,1.840,1,6,0,46.027,0,0,18,253,0,48,0
19-08 19:18:29,68.957,12.447,18.422,0.249,0,4412704,152140,164700,3229460,4970.908,1613.155,828.485,932.045,12.945,77.670,4590,8017,2.930,1.840,1,5,0,56.759,0,0,18,257,0,37,2
19-08 19:18:30,22.326,14.801,60.958,0.251,0,4425536,138604,164704,3230132,9598.761,2770.456,838.863,268.918,11.038,15.051,3108,5737,2.930,1.840,1,2,0,216.740,0,0,18,257,0,39,0
19-08 19:18:31,20.195,5.236,73.300,0.748,0.249,4439452,126064,164704,3228756,21911.226,5513.958,797.824,370.988,7.978,30.916,2113,3322,2.930,1.840,1,2,0,9.973,0,0,18,262,0,39,1
19-08 19:18:32,19.048,5.013,75.189,0,0.251,4449736,119076,164704,3225460,6803.096,1678.217,769.935,176.443,6.015,10.025,1589,2311,2.780,1.830,1,2,0,9.023,0,0,18,262,0,39,0
19-08 19:18:33,26.514,14.007,57.280,0.250,0,4445760,148976,164704,3200068,16551046.442,84547.796,2829.466,268.139,29.015,19.010,6819,6780,2.780,1.830,1,1,0,253.131,0,0,18,265,0,38,0
19-08 19:18:34,31.493,5.249,61.237,0.500,0,4491604,145848,164704,3157940,5121.919,1619.658,819.827,819.827,20.996,43.991,2204,3410,2.780,1.830,1,2,0,20.996,0,0,18,267,0,38,0
19-08 19:18:35,30.655,5.732,62.058,0.997,0,4500356,168508,164708,3126756,10369.884,1614.998,685.876,757.654,48.849,86.731,5006,12296,2.780,1.830,1,1,0,38.880,0,0,18,283,0,41,0
19-08 19:18:36,18.751,11.251,67.755,1.000,0,4450512,209172,164712,3136120,41383.228,1620.126,312.024,5400.421,13.001,511.040,4604,6984,2.780,1.830,1,3,0,253.020,0,0,18,279,0,42,0
19-08 19:18:37,18.803,9.527,71.452,0.251,0.251,4497988,160812,164712,3137004,5396.288,1516.296,782.216,328.932,11.031,18.051,2298,3927,2.640,1.810,1,1,0,214.608,0,0,18,279,0,42,0
19-08 19:18:38,14.232,14.481,69.411,0,0,4449020,213040,164716,3133740,5084.451,1617.916,31.959,1062.631,4.994,68.911,2949,4689,2.640,1.810,1,1,0,239.691,0,0,18,279,0,41,0
19-08 19:18:39,9.008,20.018,70.564,0.250,0.250,4451028,211040,164716,3133732,6106.551,1621.474,32.029,684.622,3.003,14.013,3366,5399,2.640,1.810,1,3,0,406.369,0,0,18,279,0,41,0
19-08 19:18:40,1.994,1.246,95.705,0,0.249,4450952,211040,164716,3133808,8472.878,1561.187,7.975,11.963,0.997,1.994,1243,2162,2.640,1.810,1,2,0,14.954,0,0,18,279,0,39,0
19-08 19:18:41,23.330,3.763,72.500,0,0.251,4506596,155376,164720,3133824,6215.437,1625.607,0,16103.541,0,55.190,1632,2453,2.640,1.810,1,1,0,10.035,0,0,18,281,0,39,0
19-08 19:18:42,15.493,13.244,70.467,0,0,4446768,215156,164724,3133868,6020.219,1619.252,27.987,159.926,4.998,14.993,2648,4141,2.510,1.800,1,1,0,182.915,0,0,18,285,0,37,0
19-08 19:18:43,14.259,16.260,70.043,0.500,0,4447484,214176,164724,3134116,8528.279,1621.003,12.007,96.059,2.001,9.006,3043,4781,2.510,1.800,1,1,0,233.144,0,0,18,287,0,37,0
19-08 19:18:44,18.174,8.963,69.957,0,0,4489712,171840,164724,3134224,7186.944,1505.703,75.683,5309.794,1.992,123.484,2510,3605,2.510,1.800,1,1,0,128.463,0,0,18,287,0,35,0
19-08 19:18:45,24.527,3.254,71.328,0.250,0,4544300,144880,164700,3106792,7858.645,1621.784,732.806,64.070,44.048,10.011,1559,2254,2.510,1.800,1,1,0,1.001,0,0,18,289,0,35,0
19-08 19:18:46,24.744,2.999,69.983,1.000,0,4464052,246680,164716,3085344,6040.508,1619.600,155.961,967.761,15.996,87.978,2294,3502,2.510,1.800,1,3,0,7.998,0,0,18,291,0,34,0
19-08 19:18:47,24.257,3.501,72.520,0,0,4527520,183176,164728,3085368,6891.944,1620.457,68.019,156.044,16.005,13.004,1480,2179,2.380,1.790,1,3,0,0,0,0,18,291,0,34,0
19-08 19:18:48,25.573,2.006,71.202,0.251,0.251,4565472,145152,164728,3085440,5490.582,1612.576,4.011,104.296,1.003,9.026,1843,2983,2.380,1.790,1,1,0,2.006,0,0,18,297,0,34,0
19-08 19:18:49,23.998,3.250,71.993,0.250,0.750,4506596,203868,164728,3085600,5821.395,1619.832,27.997,11910.761,1.000,24.997,1443,2027,2.380,1.790,1,1,0,14.998,0,0,18,291,0,34,0
19-08 19:18:50,18.745,6.998,72.481,0,0,4465288,244020,164732,3086752,6599.311,1619.585,1491.618,367.906,18.995,8.998,2135,3403,2.380,1.790,1,1,0,140.964,0,0,18,291,0,32,0
19-08 19:18:51,11.714,16.698,70.033,0,0,4470932,238236,164732,3086860,5071.254,1507.320,7.975,0,1.994,0,3030,4799,2.380,1.790,1,2,0,351.907,0,0,18,291,0,32,0
19-08 19:18:52,19.001,8.500,71.752,0,0.250,4482580,225940,164744,3087496,7189.194,1620.044,536.014,4.000,34.001,1.000,1849,2656,2.270,1.770,1,1,0,92.002,0,0,18,291,0,30,0
19-08 19:18:53,23.756,6.752,69.016,0,0,4504692,203792,164756,3087520,6007.430,1662.396,160.038,4.001,8.002,1.000,9996,20516,2.270,1.770,1,1,0,15.004,0,0,18,291,0,30,0
19-08 19:18:54,21.745,1.750,75.731,0.250,0,4492284,215192,164824,3088428,13542.628,5367.663,3.999,939.766,1.000,43.989,1776,2661,2.270,1.770,1,2,1,0,0,0,18,292,0,30,0
19-08 19:18:55,24.006,5.001,69.017,0.250,0,4518944,187232,164924,3089388,7123.795,1620.408,0,396.100,0,22.006,9338,18839,2.270,1.770,1,1,0,11.003,0,0,18,292,0,30,0
19-08 19:18:56,15.279,13.025,71.635,0.250,0,4464016,242312,164924,3089236,7252.664,1743.284,32.060,573.080,2.004,32.060,2618,4151,2.270,1.770,1,3,0,198.374,0,0,18,291,0,29,0
19-08 19:18:57,22.778,5.006,70.837,0.250,0.250,4518404,187644,164924,3089516,8187.021,1513.853,0,164.201,0,16.020,1869,2817,2.170,1.760,1,1,0,68.083,0,0,18,291,0,29,0
19-08 19:18:58,22.196,7.731,70.080,0.249,0,4492984,212888,164924,3089692,7745.218,1657.979,119.710,207.497,7.981,11.971,2387,3753,2.170,1.760,1,2,0,111.729,0,0,18,291,0,30,0
19-08 19:18:59,23.055,4.010,70.419,0.501,0,4459724,246148,164924,3089692,7470.938,1666.000,0,2710.508,0,373.898,2088,2799,2.170,1.760,1,1,0,31.075,0,0,18,291,0,30,0
19-08 19:19:00,23.248,4.750,72.493,0,0.250,4523468,182392,164924,3089704,7367.256,1619.836,0,71.993,0,4.000,1653,2600,2.170,1.760,1,3,0,38.996,0,0,18,291,0,30,0
19-08 19:19:01,22.927,4.984,71.274,0,0.498,4505712,200124,164924,3089728,7478.309,1614.884,0,119.621,0,10.965,1806,2946,2.170,1.760,1,3,0,55.823,0,0,18,291,0,31,0
19-08 19:19:02,24.248,4.500,71.743,0,0,4489048,216720,164924,3089796,7789.252,1783.829,67.993,0,1.000,0,1774,2723,2.080,1.750,1,1,0,31.997,0,0,18,291,0,32,0
19-08 19:19:03,24.552,4.510,71.403,0.251,0.251,4468916,236828,164924,3089820,4580.794,1569.355,0,316.677,0,39.084,2032,3272,2.080,1.750,1,1,0,13.028,0,0,18,291,0,32,0
19-08 19:19:04,22.686,4.737,70.301,0.249,0,4532164,173432,164924,3089968,5220.216,1507.730,0,694.034,0,58.833,1845,3008,2.080,1.750,1,3,0,35.898,0,0,18,291,0,32,0
19-08 19:19:05,24.277,3.754,71.581,0,0,4513516,191900,164924,3090148,9496.703,1621.828,0,52.059,0,3.003,1738,2724,2.080,1.750,1,5,0,32.036,0,0,18,291,0,34,0
19-08 19:19:06,18.283,10.269,68.876,0.751,0,4456076,249328,164924,3090160,41720.223,1622.965,20.037,2696.927,2.004,174.318,3158,4963,2.080,1.750,1,2,0,145.265,0,0,18,291,0,34,0
19-08 19:19:07,5.759,5.508,87.880,0.501,0,4463256,241800,164952,3090448,14002.780,5147.639,164.244,404.600,4.006,29.043,1770,2833,1.910,1.720,0.990,1,0,87.129,0,0,18,291,0,35,0
19-08 19:19:08,4.728,5.724,87.849,0.498,0.249,4466256,238780,164952,3090468,11731.411,5257.982,0,788.399,0,44.795,1954,3035,1.910,1.720,0.990,0,0,86.604,0,0,18,291,0,36,0
19-08 19:19:09,4.255,1.502,93.354,0,0.250,4470868,233992,164952,3090644,4188.658,1621.803,332.370,80.089,21.023,18.020,1165,1877,1.910,1.720,0.990,1,0,3.003,0,0,18,291,0,36,0
19-08 19:19:10,21.508,12.254,64.523,0.750,0.250,4439316,259088,165240,3096592,7882.822,122665.914,4749.700,8.003,167.060,2.001,3093,8204,1.910,1.720,0.990,1,0,76.027,0,0,18,291,0,36,0
19-08 19:19:11,3.499,1.250,93.716,0,0.250,4436520,259160,165240,3099316,5467.032,1457.475,0,283.898,0,1.999,3541,7249,1.910,1.720,0.990,2,0,0,0,0,18,291,0,36,0
19-08 19:19:12,2.749,1.250,95.721,0,0,4436772,258908,165240,3099316,5600.275,1619.501,0,0,0,0,1079,1779,1.840,1.710,1,0,0,0,0,0,18,291,0,36,0
19-08 19:19:13,5.264,1.253,92.501,0,0,4436768,258908,165240,3099320,6390.331,1624.405,0,0,0,0,2202,3868,1.840,1.710,1,1,0,2.005,0,0,18,291,0,36,0
19-08 19:19:14,4.490,0.998,88.551,4.490,0,4436908,258656,165240,3099432,5351.953,1616.362,0,21639.290,0,1057.619,2787,2421,1.840,1.710,1,3,0,0,0,0,18,292,0,36,0
19-08 19:19:15,3.749,1.499,93.964,0.250,0.250,4436988,258656,165240,3099440,16443.768,1619.386,0,239.909,0,19.992,1476,2401,1.840,1.710,1,0,0,0,0,0,18,291,0,36,0
19-08 19:19:16,3.749,0.500,94.732,0.250,0,4436984,258656,165240,3099444,5574.918,1619.686,0,295.943,0,30.994,1410,2474,1.840,1.710,1,0,0,0,0,0,18,291,0,36,0
19-08 19:19:17,2.001,1.250,96.780,0.250,0,4436976,258656,165240,3099452,6975.162,1620.502,0,140.043,0,9.003,1079,1802,1.770,1.690,1,0,0,0,0,0,18,291,0,36,0
19-08 19:19:18,2.502,0.750,96.310,0,0.500,4436976,258656,165240,3099452,6842.263,1458.909,0,156.097,0,14.009,1096,1859,1.770,1.690,1,0,0,0,0,0,18,291,0,30,0
19-08 19:19:19,1.749,0.500,95.935,0,0,4436976,258656,165240,3099452,6996.285,1618.909,0,31.978,0,2.998,1072,1798,1.770,1.690,1,0,0,0,0,0,18,291,0,30,0
19-08 19:19:20,1.500,0.250,96.736,0,0,4436976,258656,165240,3099452,8482.795,1619.770,0,19.997,0,2.000,1070,1874,1.770,1.690,1,0,0,0,0,0,18,291,0,30,0
19-08 19:19:21,2.000,0.500,96.244,0,0.250,4436976,258656,165240,3099452,5392.639,1619.891,0,0,0,0,1005,1800,1.770,1.690,1,0,0,0,0,0,18,291,0,30,0
19-08 19:19:22,1.500,1.000,96.510,0,0.250,4436976,258656,165240,3099452,5904.620,1620.170,0,4.000,0,1.000,1001,1699,1.630,1.670,0.990,0,0,0,0,0,18,291,0,30,0
19-08 19:19:23,2.250,1.000,95.504,0,0,4437224,258404,165240,3099456,4503.203,1620.073,0,4.000,0,1.000,1243,2060,1.630,1.670,0.990,0,0,2.000,0,0,18,291,0,27,0
19-08 19:19:24,3.502,0.500,95.558,0,0,4437224,258404,165240,3099456,6624.054,1620.992,0,372.228,0,31.019,1282,2254,1.630,1.670,0.990,0,0,0,0,0,18,291,0,27,0
19-08 19:19:25,1.749,0.250,95.934,0.250,0,4437312,258180,165244,3099588,6007.855,1456.995,0,1622.880,0,15.989,1157,2106,1.630,1.670,0.990,0,0,0,0,0,18,291,0,24,0
19-08 19:19:26,2.000,0.750,95.766,0,0.250,4437312,258180,165244,3099588,7229.193,1620.267,32.005,328.054,2.000,27.004,1265,2284,1.630,1.670,0.990,1,0,0,0,0,18,291,0,24,0
19-08 19:19:27,3.249,1.000,94.967,0.500,0,4437280,258180,165244,3099620,5789.985,1619.436,0,167.942,0,21.992,1197,2072,1.500,1.640,0.980,0,0,0,0,0,18,291,0,19,0
19-08 19:19:28,2.752,1.251,95.303,0.250,0.250,4437280,258180,165244,3099620,5502.076,1620.906,0,200.112,0,13.007,1221,1923,1.500,1.640,0.980,1,0,0,0,0,18,291,0,19,0
19-08 19:19:29,2.500,1.250,95.485,0,0,4439044,256416,165244,3099620,4560.302,1619.752,0,31.995,0,3.999,1028,1787,1.500,1.640,0.980,0,0,0,0,0,18,291,0,17,0
19-08 19:19:30,1.500,1.500,96.490,0,0.250,4439044,256416,165244,3099620,5492.434,1619.833,0,499.949,0,3.000,1015,1805,1.500,1.640,0.980,1,0,0,0,0,18,291,0,17,0
19-08 19:19:31,3.000,0.500,96.244,0,0,4439044,256416,165244,3099620,8126.521,1457.914,0,0,0,0,1169,1912,1.500,1.640,0.980,0,0,0,0,0,18,291,0,15,0
19-08 19:19:32,1.750,0.500,96.478,0,0,4439044,256416,165244,3099620,7871.166,1619.623,0,0,0,0,1072,1810,1.460,1.630,0.990,0,0,0,0,0,18,291,0,15,0
19-08 19:19:33,2.251,1.000,96.035,0,0,4439040,256416,165244,3099624,6474.376,1620.595,0,0,0,0,1156,1939,1.460,1.630,0.990,0,0,2.001,0,0,18,291,0,15,0
19-08 19:19:34,1.249,0.749,94.675,0,0,4439288,256164,165244,3099628,4870.153,1618.721,0,335.735,0,31.975,1216,2222,1.460,1.630,0.990,0,0,0,0,0,18,291,0,15,0
19-08 19:19:35,2.504,2.003,95.159,0.501,0,4450124,245328,165244,3100144,8051.446,1622.710,0,741.238,0,158.264,1584,2374,1.460,1.630,0.990,5,0,26.043,0,0,18,291,0,13,0
19-08 19:19:36,5.493,1.498,90.890,0.250,0.749,4430224,265188,165244,3099652,42699.504,1659.998,15.981,431.480,0.999,33.959,1778,4199,1.460,1.630,0.990,0,0,7.990,0,0,18,291,0,14,0
19-08 19:19:37,1.751,0.250,96.284,0,0.250,4430160,265188,165244,3099716,6331.267,1620.580,0,88.032,0,9.003,1063,1778,1.420,1.620,0.990,0,0,0,0,0,18,291,0,11,0
19-08 19:19:38,1.750,1.000,95.494,0,0,4430156,265188,165244,3099720,5546.645,1457.907,0,87.994,0,9.999,1139,1912,1.420,1.620,0.990,0,0,0,0,0,18,291,0,11,0
19-08 19:19:39,2.000,0.250,96.487,0,0,4430156,265188,165244,3099720,9930.709,1619.789,0,51.993,0,3.999,1065,1779,1.420,1.620,0.990,0,0,0,0,0,18,291,0,11,0
19-08 19:19:40,1.500,1.000,96.257,0,0,4430156,265188,165244,3099720,6903.532,1620.125,0,216.017,0,3.000,1111,1986,1.420,1.620,0.990,0,0,0,0,0,18,291,0,11,0
19-08 19:19:41,2.000,0.250,96.255,0,0.250,4430156,265188,165244,3099720,3569.175,0,0,0,0,0,985,1800,1.420,1.620,0.990,0,0,0,0,0,18,291,0,11,0
19-08 19:19:42,12.756,4.752,82.541,0.500,0,4447664,247360,165276,3100008,339861.231,10595.245,388.192,0,17.008,0,1765,2254,1.310,1.590,0.980,2,0,33.016,0,0,18,291,0,11,0
19-08 19:19:43,15.049,6.772,78.003,0,0,4453528,235416,165372,3105960,233833.556,4398.268,92.299,4.013,5.016,1.003,1894,2667,1.310,1.590,0.980,1,0,51.166,0,0,18,291,0,11,0
