"pcp-dstat 6.2.0 CSV Output"
"Author:","PCP team <pcp@groups.io> and Dag Wieers <dag@wieers.com>",,,,"URL:","https://pcp.io/ and http://dag.wieers.com/home-made/dstat/"
"Host:","ubuntu",,,,"User:","ubuntu"
"Cmdline:","dstat -tcmndrylpg --tcp --output /tmp/devstack_logs/dstat-csv.log",,,,"Date:","13 Apr 2026 18:21:08 UTC"
"system","total usage",,,,,"memory usage",,,,"net/total",,"dsk/total",,"io/total",,"system",,"load avg",,,"procs",,,"paging",,"tcp sockets",,,,
"time","total usage:usr","total usage:sys","total usage:idl","total usage:wai","total usage:stl","used","free","buf","cach","net/total:recv","net/total:send","dsk/total:read","dsk/total:writ","read","writ","int","csw","1m","5m","15m","run","blk","new","in","out","lis","act","syn","tim","clo"
13-04 18:21:08,,967196,1195244,166672,5467776,,,,,,,1.230,0.890,0.480,1,0,,,,10,5,0,17,0
13-04 18:21:09,14.717,20.953,62.359,0.748,0,994272,1167536,166844,5468124,48051.565,14373.564,0,3077.056,0,172.610,6877,5600,1.300,0.910,0.490,3,0,488.897,0,0,10,6,0,17,0
13-04 18:21:10,28.302,19.536,50.594,0.250,0.250,1019300,1141688,167012,5468612,30653.829,13941.847,0,2853.290,0,71.132,6505,5954,1.300,0.910,0.490,3,0,386.717,0,0,10,6,0,17,0
13-04 18:21:11,29.690,16.217,52.643,0.748,0,1039624,1120640,167200,5469004,49152.459,14385.866,0,1884.184,0,57.883,6767,7254,1.300,0.910,0.490,6,0,260.473,0,0,10,5,0,17,1
13-04 18:21:12,22.065,7.773,68.200,0.752,0,1147764,991436,167544,5613472,183725.999,11238.972,0,2282.697,0,73.215,3915,3622,1.300,0.910,0.490,2,0,84.247,0,0,11,7,0,17,1
13-04 18:21:13,37.001,14.001,47.502,0.500,0,1157972,960808,168500,5630220,11682.430,1686.062,0,2088.077,0,66.002,4630,2981,1.300,0.910,0.490,4,0,175.006,0,0,11,8,0,18,2
13-04 18:21:14,42.668,8.434,47.381,0.744,0.248,1232564,859696,169036,5653504,10707.563,1446.727,0,4143.711,0,121.057,3784,2323,1.350,0.930,0.500,3,0,35.722,0,0,11,6,0,19,2
13-04 18:21:15,43.834,6.011,48.593,1.252,0.250,1265268,808312,170184,5668180,7415.139,1623.095,0,8055.360,0,161.308,3702,2445,1.350,0.930,0.500,3,0,0,0,0,11,8,0,19,2
13-04 18:21:16,30.932,7.293,45.015,15.089,0,1285992,751324,171776,5699924,9581.472,1629.605,0,31264.268,0,2106.415,14210,19925,1.350,0.930,0.500,2,1,41.243,0,0,11,8,0,19,2
13-04 18:21:17,26.908,5.730,45.844,17.939,0,1264984,781636,172488,5689468,16496.770,4265.461,0,47725.327,0,3570.829,17490,25146,1.350,0.930,0.500,3,0,42.854,0,0,11,6,0,19,0
13-04 18:21:18,37.396,9.224,46.870,5.983,0,1251604,794836,172636,5689496,11179.023,3652.878,0,19964.679,0,1219.620,7335,7636,1.350,0.930,0.500,3,0,108.699,0,0,11,5,0,19,0
13-04 18:21:19,44.774,5.253,49.027,0.500,0,1299136,740684,172796,5695216,9547.204,1861.014,0,1756.958,0,97.053,3018,1687,1.400,0.950,0.500,3,0,3.002,0,0,11,4,0,19,0
13-04 18:21:20,38.749,6.750,52.248,1.750,0.250,1276052,756968,173340,5700264,16802.365,4570.827,0,9243.651,0,581.978,4377,3266,1.400,0.950,0.500,3,0,27.999,0,0,11,4,0,19,0
13-04 18:21:21,44.509,8.550,45.515,0,0,1283092,749144,173432,5700768,10923.625,1629.491,0,333.945,0,12.070,12725,21902,1.400,0.950,0.500,4,0,17.100,0,0,11,4,0,19,0
13-04 18:21:22,33.683,18.214,44.162,0.499,0,1224708,818152,173492,5690748,9707.593,1658.684,0,2958.086,0,193.613,12804,18838,1.400,0.950,0.500,5,0,331.338,0,0,11,4,0,19,0
13-04 18:21:23,34.014,22.509,42.767,0,0,1171592,872960,173492,5690200,6094.469,1620.657,0,60.024,0,13.005,6530,6743,1.400,0.950,0.500,3,0,488.198,0,0,11,4,0,19,0
13-04 18:21:24,37.457,15.233,46.946,0,0,1186700,857856,173492,5690300,10292.258,1618.154,0,3.995,0,0.999,5154,5450,1.690,1.010,0.530,2,0,242.723,0,0,11,5,0,19,0
13-04 18:21:25,45.977,4.498,48.726,0,0.250,1265260,778780,173500,5690808,12927.654,1619.205,0,579.715,0,38.981,2880,1237,1.690,1.010,0.530,2,0,0,0,0,11,5,0,19,0
13-04 18:21:26,42.608,8.721,47.841,0,0.249,1294184,749156,173504,5691488,6936.925,1560.808,0,546.183,0,42.857,3093,2152,1.690,1.010,0.530,5,0,0.997,0,0,11,5,0,19,0
13-04 18:21:27,21.065,10.031,66.704,0.752,0,1321164,720420,173572,5693164,11748.994,1610.935,0,2788.543,0,141.433,4388,16345,1.690,1.010,0.530,2,0,154.473,0,0,11,4,0,21,0
13-04 18:21:28,10.502,3.751,84.520,0.250,0.250,1331544,710024,173584,5693172,9106.108,1620.375,0,368.085,0,26.006,1657,1636,1.690,1.010,0.530,1,0,23.005,0,0,11,4,0,20,0
13-04 18:21:29,21.258,4.001,73.526,0,0,1380512,661048,173588,5693172,11333.054,1620.580,0,2264.810,0,47.017,1928,1508,1.640,1.010,0.530,1,0,0,0,0,11,4,0,20,0
13-04 18:21:30,23.272,4.254,71.066,1.501,0,1398592,642884,173620,5693396,9310.659,1621.508,0,21083.608,0,521.485,3723,3212,1.640,1.010,0.530,3,0,1.001,0,0,11,10,0,20,0
13-04 18:21:31,20.488,4.997,72.207,0.999,0,1317588,723832,173660,5693412,4846.119,1457.134,0,2686.403,0,195.884,3199,3230,1.640,1.010,0.530,2,0,41.975,0,0,11,4,0,22,0
13-04 18:21:32,23.243,2.499,73.477,0,0.500,1346020,694876,173932,5693608,10809.648,1619.498,271.916,923.714,9.997,14.995,2146,1729,1.640,1.010,0.530,1,0,1.000,0,0,11,13,0,16,0
13-04 18:21:33,21.757,4.501,72.523,1.000,0,1354516,685896,173972,5693996,7275.327,1620.518,268.086,372.119,66.021,3.001,3091,2693,1.640,1.010,0.530,1,0,45.014,0,0,11,28,0,16,0
13-04 18:21:34,21.913,3.735,72.961,0,0,1417440,622964,173972,5694000,11148.847,1613.610,0,0,0,0,1962,1450,1.590,1.010,0.540,2,0,0,0,0,11,28,0,16,0
13-04 18:21:35,25.096,11.795,62.490,0,0,1456336,584048,173972,5694020,7324.127,1626.245,0,39206.564,0,177.682,4022,3037,1.590,1.010,0.540,3,0,156.601,0,0,11,28,0,16,0
13-04 18:21:36,44.230,6.461,48.455,0,0,1547756,492616,173972,5694032,10675.915,1449.165,0,0,0,0,3388,2225,1.590,1.010,0.540,3,0,0.994,0,0,11,28,0,17,0
13-04 18:21:37,50.330,21.642,27.178,0.252,0,1494216,545924,173980,5694252,8553.017,1630.680,0,4517.587,0,60.396,7170,9666,1.590,1.010,0.540,8,0,481.151,0,0,11,28,0,18,0
13-04 18:21:38,84.440,14.240,0.500,0,0.500,1669964,370128,173980,5694296,5164.331,1618.850,0,223.841,0,11.991,5272,4022,1.590,1.010,0.540,8,0,99.929,0,0,11,30,0,18,0
13-04 18:21:39,87.334,11.011,2.252,0,0,1762544,277420,174000,5694400,5815.622,1621.568,0,428.414,0,42.041,7651,11801,1.860,1.080,0.560,7,0,0,0,0,11,28,0,18,0
13-04 18:21:40,43.057,14.933,40.071,0,0,1576132,463680,174000,5694552,9504.484,1612.786,0,1326.068,0,40.817,5212,5500,1.860,1.080,0.560,2,0,308.619,0,0,11,28,0,17,0
13-04 18:21:41,22.753,3.751,73.010,0,0,1584144,455660,174000,5694560,15400.082,1620.219,0,224.030,0,10.001,2114,1641,1.860,1.080,0.560,2,0,0,0,0,11,28,0,17,0
13-04 18:21:42,18.504,7.752,72.265,0.500,0.500,1543600,496184,174004,5694576,12053.567,1620.345,0,264.056,0,25.005,3661,3522,1.860,1.080,0.560,2,0,68.014,0,0,11,28,0,17,0
13-04 18:21:43,23.831,2.508,72.997,0,0,1525540,514232,174004,5694588,11537.039,1462.950,0,156.530,0,10.034,2859,2829,1.860,1.080,0.560,2,0,0,0,0,11,29,0,17,0
13-04 18:21:44,10.503,19.005,68.519,0.250,0,1497500,542244,174016,5694604,11191.038,1620.440,0,308.084,0,29.008,5562,4181,1.790,1.080,0.560,3,0,403.109,0,0,11,28,0,17,0
13-04 18:21:45,49.777,27.515,21.511,0,0.250,1496400,543308,174016,5694640,8150.349,1620.865,0,1957.044,0,110.059,6189,4955,1.790,1.080,0.560,6,0,635.339,0,0,11,28,0,16,0
13-04 18:21:46,87.310,11.974,0.748,0,0,1684712,354984,174016,5694668,6916.934,1616.479,0,60184.907,0,249.457,6811,5480,1.790,1.080,0.560,5,0,0.998,0,0,11,30,0,16,0
13-04 18:21:47,78.762,12.002,8.001,0.500,0,1590944,448460,174052,5694916,11543.751,1458.221,0,688.104,0,91.014,9352,15125,1.790,1.080,0.560,6,0,118.018,0,0,11,28,0,17,0
13-04 18:21:48,81.044,18.818,0.251,0,0.251,1613860,425360,174060,5695040,10696.742,1625.889,0,3247.763,0,178.647,5969,4522,1.790,1.080,0.560,6,0,192.698,0,0,11,28,0,17,0
13-04 18:21:49,87.271,11.221,0.997,0,0.249,1761816,277248,174068,5695188,6335.384,1615.762,0,303.205,0,13.963,6839,8061,2.130,1.160,0.590,8,0,0,0,0,11,30,0,17,0
13-04 18:21:50,73.105,16.273,10.014,0,0,1582504,456160,174084,5695588,11677.848,1622.341,0,1790.583,0,97.140,9450,15381,2.130,1.160,0.590,4,0,265.383,0,0,11,28,0,18,0
13-04 18:21:51,41.480,9.495,48.227,0,0,1565712,472924,174088,5695620,8146.044,1619.214,0,27666.563,0,65.968,3211,1925,2.130,1.160,0.590,2,0,32.984,0,0,11,29,0,18,0
13-04 18:21:52,45.954,14.486,39.211,0,0.250,1610484,428112,174088,5695660,11085.903,1618.380,0,679.320,0,23.976,5986,7992,2.130,1.160,0.590,5,0,327.672,0,0,11,28,0,18,0
13-04 18:21:53,65.088,11.516,23.031,0.250,0.250,1623028,415520,174092,5695704,10182.790,1459.977,0,196.266,0,11.015,4313,2613,2.130,1.160,0.590,4,0,50.068,0,0,11,29,0,18,0
13-04 18:21:54,60.512,16.003,22.754,0.250,0,1560368,477972,174108,5695896,5138.989,1620.312,0,872.168,0,112.022,8136,10603,2.200,1.190,0.600,6,0,258.050,0,0,11,28,0,20,0
13-04 18:21:55,84.394,12.484,2.497,0,0,1614596,423712,174108,5695928,11489.621,1617.975,0,195.755,0,7.990,5295,3365,2.200,1.190,0.600,5,0,0,0,0,11,29,0,20,0
13-04 18:21:56,69.429,12.987,15.984,0,1.498,1525192,512872,174120,5696160,7514.268,1618.335,0,587.396,0,36.962,9108,13348,2.200,1.190,0.600,6,0,223.770,0,0,11,28,0,20,0
13-04 18:21:57,65.824,14.212,19.697,0,0,1573664,464396,174120,5696164,5115.350,1615.688,0,1176.860,0,21.941,4219,2765,2.200,1.190,0.600,5,0,100.731,0,0,11,28,0,20,0
13-04 18:21:58,58.002,15.568,25.862,0.251,0.502,1496352,541616,174136,5696240,9990.417,1627.071,0,373.624,0,36.157,7755,10911,2.200,1.190,0.600,7,0,265.152,0,0,11,28,0,20,0
13-04 18:21:59,63.799,12.009,23.518,0,0,1606852,430948,174136,5696408,8700.659,1621.241,0,236.181,0,11.008,4030,2044,2.260,1.220,0.620,4,0,35.027,0,0,11,29,0,20,0
13-04 18:22:00,57.203,15.917,25.617,0,0,1516036,521568,174140,5696600,10329.314,1611.624,0,676.484,0,25.866,7734,10103,2.260,1.220,0.620,5,0,285.516,0,0,11,28,0,20,0
13-04 18:22:01,65.020,10.042,25.104,0,0,1600012,437504,174140,5696688,9477.373,1464.082,0,7808.440,0,454.890,4868,2826,2.260,1.220,0.620,5,0,0,0,0,11,29,0,15,0
13-04 18:22:02,58.554,11.260,28.527,0.250,0.250,1512440,524940,174160,5696888,5362.985,1663.546,0,440.409,0,40.037,7132,8621,2.260,1.220,0.620,4,0,112.104,0,0,11,28,0,16,0
13-04 18:22:03,65.835,8.761,25.283,0,0,1578400,458828,174164,5697036,10025.931,1622.092,0,232.300,0,13.017,4336,2614,2.260,1.220,0.620,4,0,0,0,0,11,28,0,16,0
13-04 18:22:04,59.895,18.717,20.215,0,0.499,1486736,550384,174180,5697128,7522.858,1617.175,0,427.254,0,46.918,7530,9712,2.480,1.280,0.640,6,0,422.262,0,0,11,28,0,17,0
13-04 18:22:05,79.764,20.503,0,0,0,1647000,390120,174184,5697124,12911.192,1620.275,0,304.052,0,22.004,5593,4356,2.480,1.280,0.640,8,0,381.065,0,0,11,28,0,14,0
13-04 18:22:06,81.636,17.476,0.749,0,0,1758840,278168,174196,5697224,7235.882,1455.964,0,718.995,0,25.964,8065,9684,2.480,1.280,0.640,9,0,319.553,0,0,11,29,0,14,0
13-04 18:22:07,77.324,21.521,0.500,0,0,1790164,246368,174264,5697632,9995.544,1621.548,0,1649.575,0,110.105,8151,9992,2.480,1.280,0.640,9,0,429.410,0,0,11,28,0,14,0
13-04 18:22:08,78.263,21.254,0.250,0,0.250,1656052,380452,174268,5697656,10392.792,1620.279,0,144.025,0,12.002,5675,4780,2.480,1.280,0.640,6,0,303.052,0,0,11,28,0,15,0
13-04 18:22:09,84.260,10.501,5.251,0,0,1719804,316596,174268,5697760,4892.585,1620.194,0,156.019,0,6.001,7392,11941,2.680,1.350,0.660,6,0,0,0,0,11,29,0,15,0
13-04 18:22:10,40.545,23.777,34.038,0,0,1481416,554804,174272,5697952,6629.401,1621.811,0,132.148,0,13.015,7483,9685,2.680,1.350,0.660,1,0,609.681,0,0,11,28,0,16,0
13-04 18:22:11,35.143,34.894,29.411,0,0.249,1464992,571204,174288,5697960,11114.283,1615.100,0,374.863,0,26.918,6772,6258,2.680,1.350,0.660,6,0,914.227,0,0,11,28,0,16,0
13-04 18:22:12,84.740,12.748,3.000,0,0,1609272,426844,174292,5698036,11785.562,1457.822,0,163.980,0,9.999,5820,5258,2.680,1.350,0.660,5,0,75.991,0,0,11,30,0,16,0
13-04 18:22:13,73.650,19.973,4.744,0.250,0.499,1532752,503144,174316,5698232,11639.210,1617.805,0,511.306,0,60.917,7247,9449,2.680,1.350,0.660,6,0,267.637,0,0,11,28,0,17,0
13-04 18:22:14,85.900,12.559,1.758,0,0,1624508,411308,174320,5698296,11098.707,1669.779,0,188.880,0,9.042,5903,6308,2.790,1.390,0.680,4,0,6.028,0,0,11,31,0,17,0
13-04 18:22:15,61.699,6.994,29.726,0,0,1619892,415608,174344,5698588,12488.713,1618.667,0,371.694,0,39.967,12988,22011,2.790,1.390,0.680,4,0,4.996,0,0,11,29,0,22,0
13-04 18:22:16,80.843,17.020,1.752,0,0,1560508,474832,174352,5698740,12323.216,1621.871,0,324.374,0,25.029,5893,5975,2.790,1.390,0.680,4,0,116.134,0,0,11,28,0,23,0
13-04 18:22:17,75.984,9.218,13.453,0,0.249,1622884,412212,174356,5698980,5893.335,1614.339,0,155.455,0,9.965,9403,13037,2.790,1.390,0.680,5,0,0,0,0,11,32,0,23,0
13-04 18:22:18,68.626,14.026,16.530,0,0,1525668,509156,174356,5699244,5073.288,1460.674,0,148.271,0,9.017,10412,17208,2.790,1.390,0.680,5,0,205.376,0,0,11,29,0,24,0
13-04 18:22:19,83.243,15.249,1.750,0,0.250,1597040,437776,174356,5699252,9566.208,1619.866,0,151.987,0,7.999,5420,4263,2.890,1.430,0.700,6,0,54.995,0,0,11,29,0,24,0
13-04 18:22:20,75.378,9.516,13.773,0,0,1629464,405060,174360,5699532,9566.243,1622.755,0,264.449,0,23.039,9005,16394,2.890,1.430,0.700,4,0,34.058,0,0,11,29,0,25,0
13-04 18:22:21,84.428,14.238,1.499,0,0.250,1592640,441856,174364,5699556,10478.033,1618.615,0,219.812,0,20.982,5356,4284,2.890,1.430,0.700,5,0,93.920,0,0,11,28,0,25,0
13-04 18:22:22,78.971,13.995,5.748,0,0.250,1649044,385212,174384,5699768,10791.091,1619.413,0,403.854,0,37.986,7462,11143,2.890,1.430,0.700,4,0,119.957,0,0,11,30,0,26,0
13-04 18:22:23,79.810,15.962,3.242,0,0,1641180,393000,174384,5699844,9597.176,1454.541,0,155.630,0,7.981,6120,9115,2.890,1.430,0.700,6,0,140.665,0,0,11,29,0,27,0
13-04 18:22:24,83.557,13.009,4.253,0,0,1564216,469760,174384,5700040,11073.506,1621.099,0,156.106,0,10.007,6317,8919,3.060,1.490,0.720,5,0,61.041,0,0,11,29,0,27,0
13-04 18:22:25,82.616,15.021,1.502,0,0.250,1611448,422372,174384,5700192,6120.600,1622.279,0,124.174,0,8.011,5543,4844,3.060,1.490,0.720,5,0,93.131,0,0,11,29,0,27,0
13-04 18:22:26,79.017,13.253,7.001,0.500,0,1540444,493264,174416,5700268,10257.185,1620.345,0,392.084,0,44.009,6830,9475,3.060,1.490,0.720,5,0,99.021,0,0,11,28,0,27,0
13-04 18:22:27,66.073,16.891,16.891,0,0,1562644,471032,174424,5700292,9848.315,1702.987,0,353.713,0,24.839,5098,12823,3.060,1.490,0.720,3,0,194.741,0,0,11,28,0,28,0
13-04 18:22:28,62.180,10.029,26.326,0,0.501,1579740,453692,174428,5700528,6410.573,1624.707,0,1845.347,0,22.064,6116,9092,3.060,1.490,0.720,3,0,96.279,0,0,11,29,0,29,0
13-04 18:22:29,62.256,14.811,23.346,0,0,1542308,491112,174428,5700540,12697.121,1626.677,0,196.808,0,9.037,4492,3336,3.050,1.520,0.740,4,0,86.354,0,0,11,28,0,29,0
13-04 18:22:30,54.750,9.250,35.000,0,0,1571952,461216,174432,5700776,10577.979,1457.997,0,375.999,0,30.000,7064,10571,3.050,1.520,0.740,3,0,102.000,0,0,11,29,0,28,0
13-04 18:22:31,39.239,11.424,47.931,0,0,1521332,511800,174456,5700788,11576.043,1609.302,0,262.257,0,21.855,3963,3162,3.050,1.520,0.740,3,0,118.214,0,0,11,28,0,28,0
13-04 18:22:32,44.015,8.003,47.266,0.500,0,1541524,491412,174468,5700992,8824.054,1620.561,0,5037.743,0,212.073,5092,6086,3.050,1.520,0.740,3,0,37.013,0,0,11,31,0,30,0
13-04 18:22:33,39.908,11.044,47.689,0.251,0.502,1508000,524908,174480,5701008,5097.219,1626.452,0,236.940,0,18.072,4028,2886,3.050,1.520,0.740,3,0,105.418,0,0,11,32,0,30,0
13-04 18:22:34,43.136,8.527,47.901,0,0,1523640,509224,174488,5701004,10599.345,1625.113,0,276.871,0,26.082,4473,4538,2.970,1.530,0.740,2,0,62.196,0,0,11,33,0,28,0
13-04 18:22:35,43.945,5.992,48.689,0,0,1492012,540704,174488,5701152,10564.731,1617.968,0,267.664,0,17.977,4035,3962,2.970,1.530,0.740,4,0,4.994,0,0,11,33,0,28,0
13-04 18:22:36,44.246,6.999,47.996,0.250,0,1508480,524140,174536,5701200,5685.533,1457.880,0,395.967,0,46.996,4730,6537,2.970,1.530,0.740,5,0,43.996,0,0,11,32,0,28,0
13-04 18:22:37,44.269,6.503,48.271,0.250,0,1509980,522588,174568,5701216,11239.822,1620.695,0,2096.900,0,120.052,3337,2990,2.970,1.530,0.740,3,0,5.002,0,0,11,33,0,28,0
13-04 18:22:38,34.726,11.992,52.464,0.250,0.250,1436352,596068,174576,5701348,5691.138,1618.901,0,395.731,0,34.976,6402,8480,2.970,1.530,0.740,4,0,281.809,0,0,11,32,0,27,0
13-04 18:22:39,21.747,3.499,73.489,0.250,0,1499680,532608,174576,5701480,11726.306,1619.766,0,155.977,0,9.999,1858,1323,2.810,1.520,0.750,1,0,0,0,0,11,33,0,27,0
13-04 18:22:40,18.994,7.997,71.476,0,0,1498992,533260,174580,5701508,12481.858,1619.463,0,251.916,0,22.992,4562,5118,2.810,1.520,0.750,3,0,135.955,0,0,11,32,0,28,0
13-04 18:22:41,18.491,7.746,72.466,0,0.250,1474508,557736,174584,5701512,6634.895,1619.242,0,167.921,0,10.995,2925,2171,2.810,1.520,0.750,1,0,147.931,0,0,11,32,0,28,0
13-04 18:22:42,24.060,2.506,72.933,0,0,1402400,629820,174584,5701536,11582.010,1461.661,0,312.783,0,11.028,3477,4136,2.810,1.520,0.750,3,0,1.003,0,0,11,32,0,29,0
13-04 18:22:43,20.181,5.481,73.497,0,0,1464956,567248,174592,5701544,12540.870,1614.448,0,287.013,0,15.945,2227,1665,2.810,1.520,0.750,2,0,44.846,0,0,11,32,0,29,0
13-04 18:22:44,23.435,3.740,71.802,0.249,0.249,1450272,581888,174596,5701584,7180.219,1615.549,0,183.494,0,16.953,4953,6464,2.660,1.510,0.750,2,0,0,0,0,11,32,0,30,0
13-04 18:22:45,10.062,20.125,68.676,0.252,0,1359704,672276,174600,5701760,10973.028,1630.106,0,160.998,0,14.087,5660,4227,2.660,1.510,0.750,1,0,435.701,0,0,11,32,0,30,0
13-04 18:22:46,37.435,12.728,48.915,0.250,0.250,1484644,547208,174608,5701852,9727.023,1617.178,0,678.815,0,31.944,4201,3144,2.660,1.510,0.750,3,0,193.662,0,0,11,32,0,32,0
13-04 18:22:47,39.693,6.740,47.432,5.242,0,1520204,506996,174892,5705676,12840.462,1617.665,0,10201.272,0,890.714,8626,10131,2.660,1.510,0.750,2,1,58.915,0,0,11,36,0,32,0
13-04 18:22:48,35.577,8.268,39.335,15.784,0,1479952,542996,175424,5709276,11856.543,1623.498,0,39368.813,0,3286.079,18644,25634,2.660,1.510,0.750,3,0,82.177,0,0,11,36,0,32,0
13-04 18:22:49,35.214,7.688,42.158,12.399,0,1531980,489888,175772,5709928,5190.912,1446.274,0,28076.358,0,2490.805,14834,21066,2.610,1.520,0.750,3,0,31.743,0,0,11,36,0,32,0
13-04 18:22:50,45.143,6.809,43.630,4.287,0,1533956,487872,175808,5709928,10150.394,1634.232,0,14385.273,0,860.494,5713,5447,2.610,1.520,0.750,2,0,6.053,0,0,11,32,0,30,0
13-04 18:22:51,35.670,8.232,44.899,8.980,0.249,1589852,431500,175964,5710232,8824.186,1616.371,0,9821.946,0,1652.290,11462,17766,2.610,1.520,0.750,2,1,2.993,0,0,11,34,0,30,0
13-04 18:22:52,33.573,9.270,50.108,5.762,0,1513628,507260,176204,5710448,9336.207,1623.514,0,12503.061,0,1308.833,9018,12952,2.610,1.520,0.750,1,0,99.215,0,0,11,32,0,30,0
13-04 18:22:53,23.070,2.729,72.187,0.496,0,1555412,465464,176212,5710452,7044.074,1607.466,0,3913.484,0,271.880,2195,1550,2.610,1.520,0.750,2,0,1.985,0,0,11,32,0,30,0
13-04 18:22:54,21.870,4.022,73.151,0.251,0.251,1535724,485112,176228,5710472,10372.842,1466.034,0,929.091,0,54.298,2157,1801,2.480,1.510,0.760,1,0,1.006,0,0,11,32,0,28,0
13-04 18:22:55,22.979,3.497,71.434,1.499,0,1517640,503132,176280,5710484,9890.901,1618.511,0,5874.596,0,310.714,2702,2427,2.480,1.510,0.760,1,0,2.997,0,0,11,32,0,28,0
13-04 18:22:56,21.420,4.234,73.477,0,0.249,1517120,503644,176284,5710484,5483.646,1614.009,0,59.778,0,4.982,1858,1362,2.480,1.510,0.760,2,0,2.989,0,0,11,32,0,28,0
13-04 18:22:57,22.749,2.750,73.748,0,0,1499020,521652,176292,5710560,5657.809,1619.945,0,0,0,0,1720,1203,2.480,1.510,0.760,2,0,1.000,0,0,11,32,0,28,0
13-04 18:22:58,21.769,3.753,73.564,0,0.250,1530880,489788,176292,5710564,10478.101,1691.469,0,0,0,0,1871,1263,2.480,1.510,0.760,2,0,2.002,0,0,11,32,0,28,0
13-04 18:22:59,22.994,2.749,73.730,0,0,1510248,510332,176292,5710652,11556.893,1619.565,0,455.877,0,1.000,1722,1039,2.360,1.500,0.760,2,0,1.000,0,0,11,32,0,28,0
13-04 18:23:00,21.828,4.265,73.513,0,0,1474564,545948,176300,5710680,10507.563,1463.231,0,0,0,0,1803,1304,2.360,1.500,0.760,1,0,1.004,0,0,11,32,0,28,0
13-04 18:23:01,22.503,3.500,73.009,0,0,1492896,527616,176300,5710680,7866.980,1620.202,0,280.035,0,11.001,1963,1538,2.360,1.500,0.760,2,0,2.000,0,0,11,32,0,28,0
13-04 18:23:02,22.756,3.501,72.770,0.750,0,1479468,541004,176308,5710708,10672.904,1662.452,0,2232.608,0,241.066,2184,1298,2.360,1.500,0.760,1,0,1.000,0,0,11,32,0,27,0
13-04 18:23:03,21.908,3.236,73.689,0,0,1486708,533732,176316,5710732,10059.535,1613.190,0,95.596,0,3.983,1781,1219,2.360,1.500,0.760,2,0,0.996,0,0,11,32,0,27,0
13-04 18:23:04,21.767,4.503,73.806,0,0,1498044,522392,176316,5710732,5467.180,1621.240,0,0,0,0,1776,1265,2.250,1.490,0.760,2,0,2.002,0,0,11,32,0,27,0
13-04 18:23:05,17.336,8.291,72.611,0,0,1473664,546612,176324,5710876,14197.621,1628.098,0,0,0,0,2963,2011,2.250,1.490,0.760,2,0,104.520,0,0,11,32,0,27,0
13-04 18:23:06,8.227,22.189,68.063,0,0.499,1462904,557348,176324,5710896,11306.888,1615.555,0,702.068,0,7.978,5737,4075,2.250,1.490,0.760,3,0,392.919,0,0,11,32,0,26,0
13-04 18:23:07,8.024,21.565,68.957,0,0.251,1454812,565360,176328,5710948,5753.296,1462.396,0,549.652,0,9.027,5999,4461,2.250,1.490,0.760,2,0,424.275,0,0,11,32,0,26,0
13-04 18:23:08,8.732,20.209,69.609,0,0.249,1441772,578360,176328,5710984,12206.332,1616.733,0,159.677,0,3.992,6018,4691,2.250,1.490,0.760,1,0,448.094,0,0,11,32,0,26,0
13-04 18:23:09,21.007,4.502,73.776,0,0,1507488,512660,176328,5710968,12115.203,1620.562,0,0,0,0,1855,1314,2.150,1.480,0.760,1,0,2.001,0,0,11,32,0,26,0
13-04 18:23:10,22.301,3.257,73.416,0,0,1497604,522528,176328,5710984,10352.461,1623.680,0,16.036,0,1.002,1816,1174,2.150,1.480,0.760,1,0,1.002,0,0,11,32,0,26,0
13-04 18:23:11,20.937,4.237,72.782,0,0,1541348,478812,176328,5710972,8127.663,1615.164,0,139.582,0,13.958,2121,1708,2.150,1.480,0.760,2,0,1.994,0,0,11,32,0,24,0
13-04 18:23:12,22.948,3.243,73.084,0.249,0,1532508,487632,176328,5710992,7699.517,1616.330,0,299.320,0,19.955,1801,1244,2.150,1.480,0.760,2,0,0.998,0,0,11,32,0,24,0
13-04 18:23:13,21.310,4.262,73.707,0,0,1578276,441868,176332,5710984,11749.981,1462.104,0,308.867,0,8.023,1895,1293,2.150,1.480,0.760,1,0,2.006,0,0,11,32,0,24,0
13-04 18:23:14,22.429,4.486,72.522,0,0,1549460,470668,176332,5710980,14087.700,1656.790,0,15.950,0,1.994,2004,1210,2.060,1.480,0.760,4,0,6.978,0,0,11,32,0,24,0
13-04 18:23:15,22.253,3.000,73.759,0,0.250,1582948,437180,176332,5710980,6703.863,1620.209,0,0,0,0,1814,1204,2.060,1.480,0.760,2,0,2.000,0,0,11,32,0,21,0
13-04 18:23:16,23.239,2.999,73.467,0,0,1531176,488944,176332,5710988,11528.775,1619.266,0,19.991,0,1.000,1853,1247,2.060,1.480,0.760,2,0,1.999,0,0,11,32,0,21,0
13-04 18:23:17,21.833,3.513,74.031,0,0.251,1567336,452784,176332,5710988,7429.200,1626.173,0,0,0,0,1790,1169,2.060,1.480,0.760,1,0,2.008,0,0,11,32,0,21,0
13-04 18:23:18,21.734,4.247,72.948,0,0,1515140,504996,176332,5710972,10300.628,1618.841,0,2362.309,0,12.991,1854,1297,2.060,1.480,0.760,2,0,0.999,0,0,11,32,0,21,0
13-04 18:23:19,22.187,3.989,73.540,0,0,1540852,479256,176332,5711000,9147.856,1453.845,0,35.897,0,1.994,1791,1223,1.970,1.470,0.760,2,0,1.994,0,0,11,32,0,14,0
13-04 18:23:20,22.216,3.495,73.386,0,0,1496220,523888,176332,5711000,5105.095,1617.495,0,3.994,0,0.998,1751,1190,1.970,1.470,0.760,2,0,0.998,0,0,11,32,0,14,0
13-04 18:23:21,22.015,4.003,73.051,0.250,0,1531356,488820,176344,5710920,10027.976,1621.128,0,196.136,0,12.008,2027,1583,1.970,1.470,0.760,2,0,2.001,0,0,11,32,0,14,0
13-04 18:23:22,21.625,3.772,73.425,0.503,0.251,1558356,461724,176352,5711008,9197.192,1629.424,0,382.211,0,25.145,1849,1417,1.970,1.470,0.760,2,0,1.006,0,0,11,32,0,14,0
13-04 18:23:23,22.575,3.473,73.430,0,0.248,1543984,476104,176352,5711000,9593.514,1607.519,0,67.476,0,4.961,1843,1322,1.970,1.470,0.760,2,0,0.992,0,0,11,32,0,11,0
13-04 18:23:24,22.375,3.017,73.660,0,0.251,1559072,461000,176352,5711016,12218.055,1629.074,0,651.630,0,105.588,1927,1119,1.900,1.460,0.760,1,0,2.011,0,0,11,32,0,11,0
13-04 18:23:25,22.007,4.001,73.273,0,0,1519944,500132,176352,5711016,13984.390,1458.458,0,0,0,0,1880,1246,1.900,1.460,0.760,1,0,1.000,0,0,11,32,0,11,0
13-04 18:23:26,21.753,4.001,73.011,0,0,1495604,524496,176352,5710992,7672.110,1620.234,0,28.004,0,2.000,1904,1314,1.900,1.460,0.760,2,0,2.000,0,0,11,32,0,11,0
13-04 18:23:27,27.246,6.749,65.241,0.250,0,1490368,529708,176352,5711016,6467.115,1713.765,0,123.983,0,12.998,2958,11444,1.900,1.460,0.760,1,0,37.995,0,0,11,32,0,12,0
13-04 18:23:28,11.028,20.302,67.674,0.501,0,1460024,559964,176392,5711064,6319.288,1624.186,0,3890.027,0,173.447,6181,4920,1.900,1.460,0.760,2,0,440.134,0,0,11,32,0,12,0
13-04 18:23:29,20.373,4.969,73.295,0,0,1521300,498672,176392,5711080,10621.998,1609.996,0,79.506,0,3.975,2071,1494,1.820,1.450,0.770,2,0,20.870,0,0,11,32,0,12,0
13-04 18:23:30,22.335,3.764,73.780,0,0,1521980,497748,176392,5711320,12706.244,1626.174,0,0,0,0,1854,1086,1.820,1.450,0.770,1,0,9.034,0,0,11,32,0,12,0
13-04 18:23:31,22.247,3.499,72.989,0.250,0.250,1547324,472396,176396,5711324,9699.575,1457.786,0,167.975,0,10.998,2068,1719,1.820,1.450,0.770,2,0,0,0,0,11,32,0,9,0
13-04 18:23:32,14.272,16.275,68.606,0.250,0,1480512,539060,176396,5711464,9363.534,1622.518,40.062,404.628,2.003,24.037,4718,3570,1.820,1.450,0.770,3,0,339.527,0,0,11,32,0,9,0
13-04 18:23:33,7.750,21.249,68.498,0,0,1477420,542124,176396,5711496,9652.693,1619.948,0,511.984,0,55.998,6031,4395,1.820,1.450,0.770,2,0,417.987,0,0,11,32,0,9,0
13-04 18:23:34,8.755,22.512,67.787,0,0.500,1452000,567516,176396,5711520,8929.858,1620.882,0,216.118,0,4.002,6459,4936,1.760,1.440,0.770,2,0,516.281,0,0,11,32,0,9,0
13-04 18:23:35,7.746,22.739,68.218,0,0,1443624,575860,176396,5711552,7496.441,1619.231,0,1023.514,0,11.994,6193,4714,1.760,1.440,0.770,3,0,484.770,0,0,11,32,0,7,0
13-04 18:23:36,7.495,22.234,67.953,0,0.250,1438304,581152,176396,5711572,5181.382,1456.983,0,1103.230,0,11.992,6102,4657,1.760,1.440,0.770,2,0,473.669,0,0,11,32,0,7,0
13-04 18:23:37,8.260,21.778,69.338,0,0,1416012,603416,176396,5711600,9705.318,1622.059,0,949.205,0,11.014,6269,4704,1.760,1.440,0.770,2,0,471.599,0,0,11,32,0,7,0
13-04 18:23:38,7.477,21.184,69.284,0,0,1416044,603352,176396,5711632,9696.769,1614.965,0,315.018,0,11.963,5959,4356,1.760,1.440,0.770,2,0,420.688,0,0,11,32,0,7,0
13-04 18:23:39,8.768,21.044,69.396,0,0,1412520,606840,176396,5711660,11469.188,1623.424,0,304.642,0,8.017,5742,4089,1.700,1.440,0.770,2,0,395.835,0,0,11,32,0,6,0
13-04 18:23:40,8.005,22.263,68.290,0,0,1397984,621324,176396,5711696,9612.595,1620.943,0,60.035,0,15.009,6649,5257,1.700,1.440,0.770,2,0,584.340,0,0,11,32,0,6,0
13-04 18:23:41,19.248,24.498,55.745,0.250,0,1371260,647976,176416,5711732,9831.176,1619.864,0,611.949,0,32.997,7092,6200,1.700,1.440,0.770,6,0,639.946,0,0,11,32,0,8,0
13-04 18:23:42,59.747,17.426,21.658,0,0,1535872,482988,176488,5712036,9438.966,1451.842,0,1087.388,0,62.734,5122,3971,1.700,1.440,0.770,4,0,321.636,0,0,11,32,0,12,0
13-04 18:23:43,54.510,11.555,25.873,8.038,0.754,1651340,357840,177136,5719940,7884.585,1627.759,373.782,20562.016,3.014,1396.658,11018,14333,1.700,1.440,0.770,2,2,58.278,0,0,11,38,0,10,0
13-04 18:23:44,31.504,9.501,37.754,17.502,0,1675500,323836,177836,5728700,10205.156,1620.184,0,61606.978,0,4625.524,22456,35741,1.880,1.480,0.790,4,0,157.018,0,0,11,36,0,12,0
13-04 18:23:45,36.418,8.481,31.928,19.955,0.249,1697612,293324,177988,5736660,8140.653,1616.357,0,64821.905,0,4675.462,21898,33860,1.880,1.480,0.790,5,1,65.852,0,0,11,36,0,12,0
13-04 18:23:46,37.068,12.022,32.309,17.281,0,1728756,255056,178184,5743364,5751.478,1622.957,0,71402.085,0,5111.312,21658,36777,1.880,1.480,0.790,6,1,104.190,0,0,11,36,0,13,0
13-04 18:23:47,43.363,16.697,24.672,12.710,0,1625700,352424,178604,5748764,10382.236,1614.904,295.069,45233.256,3.987,3130.122,16689,26911,1.880,1.480,0.790,6,0,282.110,0,0,11,35,0,10,0
13-04 18:23:48,44.628,18.052,24.069,10.781,0,1614432,357424,178988,5753960,7522.595,1462.197,938.695,37416.410,16.046,2665.652,19479,32452,1.880,1.480,0.790,3,1,207.596,0,0,11,34,0,11,0
13-04 18:23:49,34.762,12.004,38.513,14.505,0,1671008,295432,179184,5759008,11338.884,1620.555,668.229,43002.731,12.004,3289.127,18506,26493,1.970,1.500,0.800,4,1,158.054,0,0,11,34,0,11,0
13-04 18:23:50,32.515,7.003,43.020,15.007,0.250,1681296,283336,179292,5760656,9519.525,1620.770,0,52372.895,0,3771.793,21600,33306,1.970,1.500,0.800,2,1,42.020,0,0,11,35,0,12,0
13-04 18:23:51,28.487,9.496,43.480,16.242,0,1585168,376028,179384,5763892,6770.837,1619.244,0,49424.910,0,3624.307,18994,28120,1.970,1.500,0.800,2,1,106.950,0,0,11,34,0,14,0
13-04 18:23:52,36.207,5.993,42.699,14.483,0.250,1620180,341400,179612,5763268,9871.291,1618.081,0,26288.817,0,2702.794,16671,24400,1.970,1.500,0.800,2,1,17.979,0,0,11,35,0,14,0
13-04 18:23:53,30.790,7.510,43.306,15.019,0.250,1593668,367032,179832,5763900,8126.480,1622.092,0,36350.877,0,3143.053,20909,32728,1.970,1.500,0.800,2,2,63.081,0,0,11,34,0,14,0
13-04 18:23:54,33.542,7.702,40.002,15.405,0.248,1595248,363984,179936,5765236,10991.910,1449.024,0,34502.273,0,2943.765,14834,25325,2.050,1.530,0.810,4,0,26.834,0,0,11,36,0,14,0
13-04 18:23:55,38.255,7.047,40.017,13.087,0,1593572,363756,180012,5767028,7758.799,1630.888,0,34087.575,0,2972.847,20016,30964,2.050,1.530,0.810,5,0,39.262,0,0,11,37,0,15,0
13-04 18:23:56,31.371,8.216,42.077,15.188,0.249,1549364,405816,180048,5769080,10249.874,1613.369,0,36462.143,0,3140.094,17621,26235,2.050,1.530,0.810,3,1,97.599,0,0,11,36,0,15,0
13-04 18:23:57,33.123,6.775,43.160,15.056,0,1569240,383204,180096,5771700,9128.935,1626.044,0,43931.304,0,3490.977,19428,29387,2.050,1.530,0.810,2,1,45.168,0,0,11,36,0,15,0
13-04 18:23:58,30.498,10.749,39.247,16.999,0.250,1610604,339724,180264,5773588,5367.652,1619.895,0,47708.903,0,3694.760,19839,28553,2.050,1.530,0.810,1,1,72.995,0,0,11,36,0,15,0
13-04 18:23:59,32.746,8.749,41.245,15.998,0,1600956,346140,180372,5776608,6729.140,1457.814,0,42494.569,0,3566.544,20460,30718,2.050,1.540,0.820,3,1,136.982,0,0,11,36,0,16,0
13-04 18:24:00,30.940,8.234,42.667,15.220,0,1622408,322848,180412,5778364,13708.267,1616.847,0,45403.457,0,3456.260,18044,26669,2.050,1.540,0.820,4,0,51.899,0,0,11,36,0,16,0
13-04 18:24:01,34.071,7.766,42.088,13.779,0,1602796,344392,180432,5776360,8946.727,1665.486,0,43122.263,0,3446.214,19523,30173,2.050,1.540,0.820,2,1,48.101,0,0,11,36,0,16,0
13-04 18:24:02,33.304,8.450,40.014,15.658,0,1599348,349896,180480,5774248,12581.778,1610.499,0,43157.406,0,3572.923,20158,28099,2.050,1.540,0.820,3,1,30.818,0,0,11,36,0,16,0
13-04 18:24:03,38.942,10.301,42.962,7.286,0.502,1387808,561100,180524,5774536,7965.279,1628.028,0,21108.091,0,1606.924,11728,16157,2.050,1.540,0.820,5,0,171.847,0,0,11,32,0,17,0
13-04 18:24:04,9.238,22.971,65.917,0.499,0,1377992,570664,180524,5774788,10506.826,1456.174,0,4510.345,0,212.733,7015,5832,2.050,1.550,0.820,2,0,553.306,0,0,11,32,0,17,0
13-04 18:24:05,51.897,16.717,29.691,0.749,0.250,1483492,464952,180544,5774980,8039.103,1616.803,0,4978.156,0,267.471,6275,5124,2.050,1.550,0.820,4,0,302.402,0,0,11,32,0,23,0
13-04 18:24:06,66.471,9.246,24.240,0,0,1666536,279004,180640,5777592,7245.879,1619.303,0,1911.177,0,50.978,3955,1638,2.050,1.550,0.820,5,0,2.999,0,0,11,32,0,23,0
13-04 18:24:07,61.485,9.035,25.849,2.510,0,1798552,141856,180784,5782084,5923.647,1626.217,0,12929.431,0,695.660,6546,5132,2.050,1.550,0.820,2,3,18.069,0,0,11,38,0,23,0
13-04 18:24:08,23.238,6.997,48.476,18.741,0,1779560,150272,180896,5792208,10226.920,1619.196,0,70980.744,0,5029.502,24851,40595,2.050,1.550,0.820,3,1,194.903,0,0,11,38,0,23,0
13-04 18:24:09,20.496,6.249,50.741,20.246,0,1779712,140880,180960,5801080,10441.107,1619.706,0,63952.408,0,4703.147,24607,37683,2.200,1.590,0.840,2,1,200.964,0,0,11,38,0,23,0
13-04 18:24:10,15.987,7.244,51.708,22.732,0.250,1764904,166304,178624,5792836,10422.520,1618.683,0,88028.380,0,5928.177,27482,42114,2.200,1.590,0.840,2,1,95.922,0,0,11,38,0,23,0
13-04 18:24:11,35.287,9.510,38.290,13.765,0.250,1669420,255304,178704,5799168,14372.158,1459.539,0,57728.886,0,4220.451,21682,33807,2.200,1.590,0.840,5,0,210.222,0,0,11,36,0,23,0
13-04 18:24:12,38.469,9.243,33.223,16.487,0.250,1730868,185668,178760,5806996,12852.694,1618.702,3.997,50063.857,0.999,3859.905,20394,29988,2.200,1.590,0.840,5,0,105.915,0,0,11,36,0,23,0
13-04 18:24:13,38.866,7.225,35.876,15.696,0.249,1778076,197008,173244,5755224,13721.623,1614.426,7.972,50138.884,1.993,3354.418,14997,26448,2.200,1.590,0.840,3,3,1.993,0,0,11,38,0,23,0
13-04 18:24:14,19.524,10.763,48.310,18.773,0,1649052,319864,173272,5761340,8639.786,1622.025,32.040,86235.658,2.002,5428.777,22955,38024,2.270,1.610,0.850,4,0,117.146,0,0,11,36,0,23,0
13-04 18:24:15,18.097,7.038,53.538,19.103,0,1642784,322948,173296,5764424,6753.282,1670.977,0,66971.804,0,5074.261,24890,37431,2.270,1.610,0.850,0,1,78.421,0,0,11,36,0,23,0
13-04 18:24:16,30.450,9.235,50.667,7.488,0,1367900,597036,173308,5765172,10310.140,1455.620,3.993,23677.281,0.998,1721.185,10762,13553,2.270,1.610,0.850,2,0,227.628,0,0,11,32,0,23,0
13-04 18:24:17,19.464,8.484,70.370,1.248,0,1479592,484224,173400,5766188,6939.177,1617.012,1093.978,1393.425,72.865,80.851,2678,2131,2.270,1.610,0.850,1,0,52.902,0,0,11,32,0,23,0
13-04 18:24:18,22.001,4.500,71.253,1.000,0,1551144,412656,173400,5766204,10221.467,1620.074,0,4836.221,0,291.013,2635,2640,2.270,1.610,0.850,3,0,2.000,0,0,11,32,0,23,0
13-04 18:24:19,22.755,3.251,73.016,0,0,1526952,436848,173400,5766204,7003.553,1620.359,0,484.107,0,17.004,2472,1924,2.160,1.600,0.850,2,0,27.006,0,0,11,32,0,23,0
13-04 18:24:20,22.000,3.750,73.750,0,0,1568356,395436,173400,5766212,11573.952,1619.993,0,0,0,0,1802,1233,2.160,1.600,0.850,1,0,1.000,0,0,11,32,0,23,0
13-04 18:24:21,24.495,2.499,72.485,0.250,0.250,1601624,362172,173400,5766212,9246.137,1619.674,0,195.961,0,20.996,2095,1708,2.160,1.600,0.850,4,0,2.999,0,0,11,34,0,23,0
13-04 18:24:22,13.799,32.365,52.186,0.502,0.251,1562972,400748,173404,5766284,9123.507,1463.213,60.215,674.403,7.025,43.154,7172,6450,2.160,1.600,0.850,3,0,910.243,0,0,11,32,0,23,0
13-04 18:24:23,9.228,25.938,63.599,0,0,1529352,434288,173404,5766360,9840.648,1616.165,0,834.021,0,136.676,7036,5479,2.160,1.600,0.850,2,0,676.395,0,0,11,32,0,23,0
13-04 18:24:24,8.478,20.199,69.573,0,0.499,1520748,442812,173404,5766440,11513.653,1615.881,0,107.725,0,6.982,6029,4446,2.070,1.590,0.850,2,0,436.886,0,0,11,32,0,23,0
13-04 18:24:25,9.530,20.564,68.214,0,0,1442688,520692,173404,5766612,5285.555,1625.090,0,44.138,0,11.035,5956,4514,2.070,1.590,0.850,3,0,410.285,0,0,11,32,0,23,0
13-04 18:24:26,17.762,16.011,63.542,1.501,0,1438364,524972,173428,5766632,11030.302,1621.073,28.019,7400.899,7.005,336.223,7319,9001,2.070,1.590,0.850,2,0,226.150,0,0,11,32,0,23,0
13-04 18:24:27,44.667,12.477,42.172,0.499,0,1540448,422604,173436,5768688,10270.929,1710.823,179.666,2575.218,0.998,106.802,4454,5627,2.070,1.590,0.850,4,0,158.705,0,0,11,33,0,23,0
13-04 18:24:28,47.327,7.473,44.089,0,0,1611404,351596,173436,5767416,12441.467,1614.093,0,63.767,0,3.985,3809,12617,2.070,1.590,0.850,6,0,12.953,0,0,11,45,0,23,0
13-04 18:24:29,46.010,5.783,47.015,0,0,1656704,303592,173508,5769824,7936.774,1466.272,0,1367.716,0,91.516,3685,4221,2.070,1.600,0.860,4,0,9.051,0,0,11,49,0,23,0
13-04 18:24:30,12.482,18.973,66.906,0,0.499,1649284,309200,173512,5771484,6910.284,1617.725,0,299.579,0,12.982,6193,7350,2.070,1.600,0.860,2,0,333.531,0,0,11,48,0,23,0
13-04 18:24:31,15.650,10.930,71.792,0.248,0,1673704,284772,173512,5771496,9969.381,1609.728,0,190.783,0,14.905,5872,8141,2.070,1.600,0.860,1,0,157.992,0,0,11,48,0,23,0
13-04 18:24:32,1.001,0.501,98.107,0,0,1673704,284772,173512,5771496,10340.276,1621.769,0,320.349,0,19.021,811,1046,2.070,1.600,0.860,1,0,3.003,0,0,11,48,0,23,0
13-04 18:24:33,0.250,0.750,98.010,0,0,1673700,284772,173512,5771500,11261.096,1620.158,0,32.003,0,4.000,737,966,2.070,1.600,0.860,1,0,2.000,0,0,11,48,0,23,0
13-04 18:24:34,0.750,0.500,97.288,0.750,0,1670600,287872,173512,5771500,9675.781,1458.570,0,4313.686,0,331.129,1298,1011,1.900,1.570,0.860,1,0,2.001,0,0,11,48,0,23,0
13-04 18:24:35,1.500,2.000,95.514,0,0.500,1636160,322312,173512,5771492,10910.594,1620.237,0,0,0,0,1249,1391,1.900,1.570,0.860,1,0,27.004,0,0,11,48,0,23,0
13-04 18:24:36,16.982,14.485,67.679,0,0,1669140,289288,173512,5771960,10740.679,1618.294,19.979,0,1.998,0,5209,7135,1.900,1.570,0.860,2,0,253.733,0,0,11,48,0,23,0
13-04 18:24:37,10.327,16.372,71.786,0,0,1671184,287220,173512,5771548,7322.660,1632.183,0,8.060,0,2.015,5125,4690,1.900,1.570,0.860,2,0,310.316,0,0,12,48,0,23,0
13-04 18:24:38,18.739,16.990,62.712,0.250,0,1682412,275888,173516,5771736,10814.447,1856.875,67.959,163.901,12.992,8.995,6824,8169,1.900,1.570,0.860,1,0,273.834,0,0,12,52,0,23,0
13-04 18:24:39,8.449,9.195,80.765,0.249,0,1664932,293116,173520,5771904,13401.576,1449.303,3.976,401.590,0.994,31.809,3692,3986,1.750,1.540,0.850,1,0,191.849,0,0,12,64,0,23,0
13-04 18:24:40,13.816,14.820,69.330,0,0,1675480,282532,173524,5772280,10629.522,1627.737,4.019,2548.111,1.005,77.368,6042,6858,1.750,1.540,0.850,2,0,266.266,0,0,14,64,0,23,0
13-04 18:24:41,11.715,15.703,71.286,0,0,1681452,276480,173524,5771984,11735.778,1615.153,0,350.947,0,23.928,5163,4480,1.750,1.540,0.850,2,0,285.144,0,0,14,66,0,23,0
13-04 18:24:42,8.534,20.581,69.274,0,0.251,1653156,304744,173524,5772016,10168.190,1668.595,0,365.444,0,25.099,5904,4495,1.750,1.540,0.850,2,0,389.540,0,0,14,66,0,23,0
13-04 18:24:43,19.241,16.742,62.720,0,0.250,1666732,291144,173524,5772036,9979.292,1703.197,0,107.949,0,9.995,6377,8292,1.750,1.540,0.850,4,0,230.891,0,0,14,66,0,23,0
13-04 18:24:44,27.793,26.040,44.568,0,0,1759176,198556,173536,5772104,8530.103,1622.492,16.025,412.634,1.002,10.015,6407,4822,1.930,1.580,0.870,3,0,475.731,0,0,14,66,0,23,0
13-04 18:24:45,28.427,25.934,44.885,0.249,0,1829604,126532,173616,5773560,5683.433,1615.858,19.949,0,1.995,0,7043,7825,1.930,1.580,0.870,4,0,523.658,0,0,14,70,0,17,0
13-04 18:24:46,29.791,25.535,43.810,0,0.250,1868616,155096,172060,5708644,5654.705,1459.989,4.005,76.104,1.001,15.020,6540,5740,1.930,1.580,0.870,3,0,512.699,0,0,14,70,0,17,0
13-04 18:24:47,44.518,18.257,36.765,0.250,0.250,1936612,141956,171780,5655628,10182.169,1620.664,2124.870,4.002,38.016,1.000,6284,7361,1.930,1.580,0.870,3,0,246.101,0,0,14,70,0,17,0
13-04 18:24:48,54.011,26.383,18.667,0.249,0,2060188,196928,170972,5481792,7835.314,1702.463,517.708,581.426,13.938,11.947,6570,7000,1.930,1.580,0.870,4,0,538.616,0,0,14,70,0,17,0
13-04 18:24:49,67.678,20.053,12.032,0,0,2159128,179616,170756,5401728,12354.423,1624.263,100.263,1122.947,8.021,29.076,5207,7424,2.090,1.620,0.890,7,0,340.895,0,0,14,70,0,15,0
13-04 18:24:50,71.588,23.863,2.734,0.497,0,2284600,131628,172460,5324660,9801.640,1610.738,1825.503,2056.177,102.411,106.388,6073,6741,2.090,1.620,0.890,5,0,374.845,0,0,14,74,0,15,0
13-04 18:24:51,65.815,23.523,6.006,2.753,0.250,2438996,177324,172172,5128944,14284.179,1621.610,1309.300,20808.655,37.037,1043.035,11766,16393,2.090,1.620,0.890,7,0,303.301,0,0,14,76,0,15,0
13-04 18:24:52,66.830,25.530,5.006,1.752,0,2551916,129904,172252,5065408,12212.543,1459.738,88.105,20908.898,5.006,1816.163,16485,25395,2.090,1.620,0.890,3,0,425.507,0,0,14,76,0,15,0
13-04 18:24:53,72.524,19.825,6.776,0,0,2624784,130980,172292,4992776,5350.187,1626.136,96.364,1489.621,9.034,64.242,9171,14641,2.090,1.620,0.890,7,0,215.814,0,0,14,79,0,16,0
13-04 18:24:54,59.695,26.975,12.239,0,0.500,2732404,167556,172296,4851708,9794.925,1618.501,19.981,1446.660,3.996,80.925,8435,11694,2.170,1.650,0.900,2,0,552.488,0,0,14,93,0,22,0
13-04 18:24:55,38.846,23.057,35.838,1.002,0.251,2816116,150884,172296,4786460,10134.945,1623.997,0,6692.472,0,493.214,8960,10888,2.170,1.650,0.900,12,0,413.017,0,0,14,95,0,22,0
13-04 18:24:56,60.283,14.637,23.071,1.488,0,2981100,122116,172304,4653144,5041.920,1607.540,1278.093,5560.897,15.877,281.816,6456,9076,2.170,1.650,0.900,5,0,136.939,0,0,14,98,0,25,0
13-04 18:24:57,33.663,11.556,53.258,0.251,0,3045960,126740,172328,4585988,9504.094,1627.895,4.019,4952.017,1.005,55.268,4613,4068,2.170,1.650,0.900,2,0,127.619,0,0,14,101,0,25,0
13-04 18:24:58,8.528,19.062,70.479,0.251,0,3034048,205128,172424,4520736,8798.579,1553.045,92.300,955.102,3.010,61.199,5719,4364,2.170,1.650,0.900,1,0,344.118,0,0,14,101,0,25,0
13-04 18:24:59,7.748,20.245,70.732,0,0.250,3052496,186644,172424,4520772,11473.014,1619.579,0,143.963,0,12.997,5785,4201,1.990,1.620,0.890,1,0,334.913,0,0,14,101,0,25,0
13-04 18:25:00,14.967,12.223,71.093,0.499,0,3095556,143564,172424,4520792,10027.912,1616.439,3.991,8401.494,0.998,243.464,3980,2852,1.990,1.620,0.890,1,0,185.591,0,0,14,101,0,25,0
13-04 18:25:01,22.789,5.009,72.125,0,0,3129568,176500,172428,4455284,5564.637,1622.810,24.042,581.006,5.009,17.029,2900,2774,1.990,1.620,0.890,3,0,3.005,0,0,14,104,0,24,0
13-04 18:25:02,20.957,5.738,72.850,0,0.249,3096276,209772,172428,4455304,11345.707,1616.681,0,311.361,0,15.967,2563,1846,1.990,1.620,0.890,1,0,62.871,0,0,14,103,0,24,0
13-04 18:25:03,23.178,3.240,71.528,0.498,0,3121404,184388,172440,4455520,9832.541,1614.997,23.926,482.505,3.988,40.873,2969,2927,1.990,1.620,0.890,2,0,0.997,0,0,14,108,0,24,0
13-04 18:25:04,24.836,5.268,66.479,1.505,0.251,3132024,173564,172440,4455720,4825.623,1463.040,144.498,2030.996,14.048,232.802,5600,7640,1.910,1.610,0.890,2,0,4.014,0,0,14,113,0,24,0
13-04 18:25:05,21.358,8.941,67.551,0.745,0,3141392,164016,172440,4455900,10829.074,1651.034,0,909.956,0,74.505,4971,5422,1.910,1.610,0.890,2,0,111.261,0,0,14,114,0,18,0
13-04 18:25:06,22.900,4.026,72.476,0,0.252,3184040,187784,172440,4390952,12087.320,1630.701,0,467.065,0,31.205,2254,1794,1.910,1.610,0.890,1,0,2.013,0,0,14,116,0,19,0
13-04 18:25:07,33.335,7.712,56.720,1.493,0,3263620,173544,172440,4327420,10688.236,1612.042,127.371,2845.951,7.961,217.924,5243,5907,1.910,1.610,0.890,3,0,4.975,0,0,14,123,0,19,0
13-04 18:25:08,37.786,14.107,45.847,1.008,0,3293436,143456,172584,4327548,10349.388,1723.051,197.496,3567.017,9.069,230.748,5948,6233,1.910,1.610,0.890,3,0,193.465,0,0,14,122,0,19,0
13-04 18:25:09,45.182,14.229,39.940,0.250,0,3342872,158460,172464,4264788,5031.417,1455.806,23.964,643.031,0.998,32.950,4560,3777,1.920,1.620,0.900,2,0,240.637,0,0,14,122,0,19,1
13-04 18:25:10,20.509,5.753,72.782,0,0.250,3331480,169836,172464,4264804,10885.764,1620.709,0,316.138,0,13.006,2431,1725,1.920,1.620,0.900,2,0,55.024,0,0,14,122,0,19,0
13-04 18:25:11,21.164,5.229,72.706,0,0,3314572,186716,172464,4264832,10475.631,1613.474,0,258.953,0,12.948,2766,1924,1.920,1.620,0.900,2,0,50.795,0,0,14,122,0,19,0
13-04 18:25:12,22.806,3.007,73.181,0,0,3380088,121196,172464,4264836,11052.328,1624.016,0,264.654,0,13.032,2023,1482,1.920,1.620,0.900,1,0,0,0,0,14,122,0,19,0
13-04 18:25:13,20.494,7.998,70.230,0.500,0.250,3311980,189264,172464,4264876,11582.645,1619.531,0,1015.706,0,103.970,4065,4133,1.920,1.620,0.900,1,0,82.976,0,0,14,124,0,19,0
13-04 18:25:14,23.932,3.241,72.543,0.499,0.249,3366564,134548,172464,4265008,12053.650,1495.738,0,307.125,0,17.949,2146,1498,1.930,1.620,0.910,2,0,5.983,0,0,14,124,0,19,0
13-04 18:25:15,19.562,7.022,71.477,0.251,0,3385888,178528,172464,4203336,8462.934,1625.172,0,3294.485,0,340.082,3033,2067,1.930,1.620,0.910,1,0,55.176,0,0,14,124,0,19,0
13-04 18:25:16,23.736,4.247,70.208,0.500,0,3402280,162112,172464,4203408,5295.856,1619.039,0,1091.352,0,156.907,4031,5091,1.930,1.620,0.910,3,0,0.999,0,0,14,126,0,19,0
13-04 18:25:17,32.769,7.504,57.033,1.751,0.250,3319420,244600,172464,4203748,7784.549,1620.947,16.009,2801.637,1.001,266.156,12473,22015,1.930,1.620,0.910,4,0,77.045,0,0,14,133,0,24,0
13-04 18:25:18,21.672,4.484,72.988,0.249,0,3390744,173272,172464,4203752,10297.092,1614.214,0,908.743,0,54.804,2145,1692,1.930,1.620,0.910,3,0,8.968,0,0,14,133,0,24,0
13-04 18:25:19,26.055,6.013,64.636,1.002,0,3394364,169556,172468,4203828,8954.822,1623.412,24.051,1715.606,2.004,158.333,5310,6540,1.850,1.610,0.910,2,0,86.181,0,0,14,134,0,24,0
13-04 18:25:20,31.159,8.974,58.579,0.249,0,3313136,250572,172468,4204040,9485.382,1615.297,0,1603.332,0,141.588,7099,9816,1.850,1.610,0.910,2,0,76.776,0,0,14,135,0,24,0
13-04 18:25:21,22.502,3.000,73.757,0.250,0,3369792,193912,172468,4204044,7288.670,1458.134,0,864.079,0,32.003,1875,1383,1.850,1.610,0.910,3,0,0,0,0,14,135,0,24,0
13-04 18:25:22,18.882,9.567,68.228,1.762,0.252,3374352,189292,172472,4204100,11507.572,1631.423,16.113,6114.814,1.007,414.905,5677,6367,1.850,1.610,0.910,3,0,148.037,0,0,14,135,0,25,0
13-04 18:25:23,23.930,3.739,71.790,0,0.249,3425448,138184,172472,4204112,8145.199,1615.280,0,482.590,0,31.907,2329,1910,1.850,1.610,0.910,1,0,0.997,0,0,14,137,0,25,0
13-04 18:25:24,23.267,5.504,68.299,1.251,0,3409452,154084,172476,4204204,5254.775,1621.165,32.023,2802.013,1.001,155.111,7209,10678,1.780,1.600,0.910,2,0,1.001,0,0,14,136,0,25,0
13-04 18:25:25,35.098,10.780,52.646,0.501,0.251,3338256,224776,172488,4204664,12468.668,1624.517,348.970,1399.892,53.148,132.368,9291,13076,1.780,1.600,0.910,3,0,123.343,0,0,14,137,0,25,0
13-04 18:25:26,41.201,10.737,45.945,0.999,0,3388852,173924,172496,4204896,9903.250,1959.675,15.981,2888.573,0.999,298.646,8863,11343,1.780,1.600,0.910,4,1,166.802,0,0,14,137,0,25,0
13-04 18:25:27,20.463,7.486,69.124,0.499,0,3404080,158600,172496,4204944,6355.370,1960.413,0,1417.406,0,54.900,4174,3853,1.780,1.600,0.910,2,0,140.742,0,0,14,137,0,25,0
13-04 18:25:28,13.287,23.064,62.925,0.251,0,3341784,220876,172496,4204996,11878.018,1624.516,8.022,617.717,1.003,38.106,7188,15366,1.780,1.600,0.910,3,0,479.332,0,0,14,137,0,26,0
13-04 18:25:29,21.497,15.748,61.992,0,0.250,3337524,225116,172496,4205020,8713.910,1619.797,0,499.937,0,27.996,7062,9469,1.720,1.590,0.910,2,0,256.968,0,0,14,137,0,26,0
13-04 18:25:30,30.471,23.228,44.458,0.500,0,3400508,161952,172500,4205196,13106.627,1660.433,0,2381.752,0,143.864,7152,5938,1.720,1.590,0.910,2,0,527.502,0,0,14,137,0,25,0
13-04 18:25:31,31.924,17.459,49.133,0.499,0,3430476,182120,172504,4155768,9188.198,1685.999,111.735,4533.243,6.983,404.041,7665,9670,1.720,1.590,0.910,1,0,286.321,0,0,14,143,0,25,0
13-04 18:25:32,50.649,27.080,21.814,0.251,0,3584632,165224,172512,4021184,4711.888,1462.310,120.355,5640.625,5.015,490.446,8708,11512,1.720,1.590,0.910,6,0,520.534,0,0,16,149,0,25,0
13-04 18:25:33,55.798,24.551,19.095,0,0.496,3699148,146492,172512,3926332,9329.380,1606.975,0,476.141,0,31.743,6698,7852,1.720,1.590,0.910,5,0,390.832,0,0,16,149,0,25,2
13-04 18:25:34,42.355,22.690,34.540,0,0.252,3776268,165904,172512,3830760,8656.575,1633.697,0,419.517,0,27.228,8485,12886,1.740,1.600,0.910,2,0,421.534,0,0,16,165,0,25,2
13-04 18:25:35,35.760,23.257,40.511,0,0,3845008,151000,172516,3777780,7540.130,1620.458,0,500.141,0,36.010,7330,6127,1.740,1.600,0.910,3,0,561.159,0,0,16,167,0,25,2
13-04 18:25:36,17.218,16.969,63.882,0,0,3850480,145380,172516,3778372,12448.978,1706.843,0,275.491,0,14.972,7103,9048,1.740,1.600,0.910,2,0,308.430,0,0,17,167,0,25,2
13-04 18:25:37,28.693,21.707,49.402,0.499,0,3902532,148136,172516,3724472,9387.451,1616.805,3.992,239.527,0.998,24.951,6365,5425,1.740,1.600,0.910,4,0,472.067,0,0,17,169,0,25,2
13-04 18:25:38,38.266,20.258,39.766,0.250,0,3966104,122820,172520,3687488,9892.059,1458.599,0,888.365,0,65.027,7812,10137,1.740,1.600,0.910,2,0,325.133,0,0,17,177,0,26,2
13-04 18:25:39,27.748,21.749,49.247,0,0.250,4019320,152496,172520,3606020,9817.408,1619.902,19.999,491.970,2.000,27.998,6029,5072,1.680,1.590,0.920,3,0,368.978,0,0,17,177,0,26,2
13-04 18:25:40,37.561,27.044,34.056,0,0,4119772,154240,172528,3507008,5192.463,1692.759,28.046,468.764,4.007,35.057,10377,16738,1.680,1.590,0.920,3,0,624.017,0,0,17,185,0,27,2
13-04 18:25:41,13.489,22.982,61.951,0.500,0,4157952,143492,172528,3480096,11958.598,1660.694,19.984,599.529,4.996,46.963,7778,9970,1.680,1.590,0.920,2,0,428.663,0,0,17,195,0,27,2
13-04 18:25:42,16.906,16.906,64.390,0,0,4175596,125832,172528,3480572,6966.083,1449.900,3.978,552.911,0.994,23.867,7248,8762,1.680,1.590,0.920,2,0,301.317,0,0,17,195,0,27,2
13-04 18:25:43,34.725,14.595,49.572,0.503,0.252,4279056,159548,172528,3346156,9946.560,1630.584,865.618,402.613,13.085,25.163,4194,3090,1.680,1.590,0.920,3,0,117.764,0,0,17,195,0,27,2
13-04 18:25:44,44.577,9.016,46.080,0.250,0,4391628,132176,172528,3262832,10045.445,1622.818,200.348,296.515,8.014,41.071,3454,2125,1.710,1.600,0.920,3,0,11.019,0,0,17,211,0,27,2
13-04 18:25:45,32.495,10.498,55.742,0,0.500,4334172,247424,172532,3206776,9863.550,1619.762,91.986,407.940,4.999,29.996,3914,3504,1.710,1.600,0.920,5,0,162.976,0,0,17,214,0,27,2
13-04 18:25:46,32.751,24.001,42.501,0.500,0,4403552,177204,172540,3207600,8916.232,1710.044,852.022,456.012,9.000,32.001,6889,6072,1.710,1.600,0.920,3,0,490.013,0,0,17,215,0,25,2
13-04 18:25:47,44.497,26.998,27.498,0.500,0,4372808,232304,172564,3184536,4609.667,1457.895,2199.841,215.984,42.997,13.999,7991,11194,1.710,1.600,0.920,3,0,482.965,0,0,17,217,0,25,2
13-04 18:25:48,64.976,18.422,15.684,0,0,4555600,131984,172568,3104936,5729.876,1613.208,103.564,3987.213,11.950,185.220,5475,5597,1.710,1.600,0.920,5,0,158.333,0,0,17,228,0,25,2
13-04 18:25:49,71.411,14.981,11.236,2.247,0.250,4569688,239976,172600,2986664,11251.990,1617.985,4338.598,1114.612,218.728,51.935,5844,5315,1.810,1.620,0.930,4,0,24.969,0,0,17,234,0,26,2
13-04 18:25:50,57.488,16.066,21.840,3.263,0,4688168,133580,172672,2974840,10380.935,1626.728,3590.852,1891.824,304.258,142.590,7171,8711,1.810,1.620,0.930,5,0,210.872,0,0,17,235,0,31,2
13-04 18:25:51,37.149,25.182,36.401,0.249,0.249,4634428,185796,172672,2976792,9499.254,1615.621,11.968,901.556,2.992,60.835,8394,9513,1.810,1.620,0.930,3,0,501.640,0,0,17,235,0,31,2
13-04 18:25:52,51.205,20.331,27.861,0,0,4697768,196892,172676,2902736,12381.503,1626.503,88.353,10076.286,4.016,62.249,6816,8112,1.810,1.620,0.930,3,0,330.321,0,0,17,235,0,31,2
13-04 18:25:53,57.970,26.986,14.243,0,0.250,4760568,132264,172676,2905064,11757.854,1619.154,31.983,9431.070,0.999,214.888,7136,8369,1.810,1.620,0.930,3,0,488.745,0,0,17,237,0,31,2
13-04 18:25:54,60.682,24.372,12.932,0.746,0.249,4757420,200916,172696,2840344,10344.752,1450.394,1173.844,1301.177,47.750,81.572,8741,13226,2.070,1.670,0.950,4,0,314.352,0,0,17,241,0,24,2
13-04 18:25:55,57.736,28.366,13.806,0.251,0.251,4851024,184792,172704,2765248,5151.073,1626.655,249.019,582.383,7.029,41.168,6827,8256,2.070,1.670,0.950,6,0,485.988,0,0,17,247,0,25,2
13-04 18:25:56,53.993,22.497,21.997,0.250,1.500,4894492,138592,172712,2767924,5106.320,1709.772,307.959,1023.864,18.997,70.991,8648,13367,2.070,1.670,0.950,9,0,276.963,0,0,17,253,0,28,2
13-04 18:25:57,70.606,14.720,14.470,0,0,5034896,150788,172716,2618852,9833.897,1616.695,479.021,646.678,16.965,18.961,4685,4015,2.070,1.670,0.950,3,0,44.908,0,0,17,253,0,31,2
13-04 18:25:58,69.248,14.301,14.050,1.505,0,5096104,140012,172720,2570144,9556.165,1696.064,983.516,18710.894,69.248,1019.645,11989,16765,2.070,1.670,0.950,4,0,19.068,0,0,17,262,0,35,2
13-04 18:25:59,56.069,18.939,23.674,0.249,0.249,5046676,216972,172720,2543500,9690.735,1614.790,1200.128,833.311,15.949,57.813,6547,6093,2.140,1.700,0.970,4,0,318.971,0,0,17,263,0,35,2
13-04 18:26:00,50.217,29.231,18.738,0.250,0.250,5113212,146600,172852,2547448,7486.136,1457.053,4285.216,1434.068,62.959,77.949,8137,10043,2.140,1.700,0.970,3,0,562.634,0,0,17,263,0,36,2
13-04 18:26:01,65.165,19.225,14.481,0.749,0,5127572,131984,172856,2547800,12559.529,1617.878,878.847,806.942,11.984,55.927,6948,8313,2.140,1.700,0.970,7,0,180.763,0,0,18,265,0,36,0
13-04 18:26:02,80.097,16.770,1.752,1.252,0,5222388,145348,172856,2444224,11986.553,1621.969,2683.258,1057.284,121.147,37.045,5959,4556,2.140,1.700,0.970,5,0,87.106,0,0,18,269,0,38,0
13-04 18:26:03,83.297,12.719,2.743,0.748,0.499,5276668,138200,172892,2398280,6334.593,1616.069,1464.438,3635.159,52.871,280.318,5944,4108,2.140,1.700,0.970,12,0,23.942,0,0,18,275,0,38,0
13-04 18:26:04,55.476,16.065,26.357,1.004,0,5244540,203084,172900,2367068,16977.117,2505.199,1196.873,2140.715,37.151,218.891,8285,10153,2.130,1.700,0.970,3,0,221.903,0,0,18,276,0,41,0
13-04 18:26:05,40.656,12.222,45.644,0.249,0,5326892,138944,172920,2349460,20271.084,3646.560,830.079,530.772,12.970,35.917,4744,4240,2.130,1.700,0.970,3,0,13.968,0,0,18,281,0,41,0
13-04 18:26:06,39.165,13.970,44.902,0.499,0,5272648,195556,172920,2348508,16578085.084,109228.733,2825.862,882.084,31.931,71.844,11266,6787,2.130,1.700,0.970,3,0,172.625,0,0,18,284,0,42,0
13-04 18:26:07,36.690,13.478,48.421,0.250,0.250,5318900,163192,172920,2335120,11564.197,1617.370,782.727,395.357,6.989,22.963,4301,2961,2.130,1.700,0.970,3,0,137.776,0,0,18,284,0,40,0
13-04 18:26:08,29.000,4.791,63.799,0.504,0.252,5328448,152928,172920,2335836,11009.777,1634.067,653.627,875.537,27.234,86.747,4961,6310,2.130,1.700,0.970,2,1,4.035,0,0,18,293,0,42,0
13-04 18:26:09,24.870,3.979,68.392,0.497,0,5301976,163120,172928,2352080,10249.369,1653.349,127.334,1177.837,7.958,104.453,6456,8582,2.040,1.690,0.970,2,0,3.979,0,0,18,296,0,45,0
13-04 18:26:10,12.010,18.515,68.055,0.751,0,5261416,203616,172928,2352148,8442.874,1621.320,16.013,632.515,2.002,43.035,6059,5803,2.040,1.690,0.970,1,0,466.380,0,0,18,296,0,45,0
13-04 18:26:11,23.077,5.017,70.486,0.753,0,5315564,149436,172928,2352180,6013.124,1462.896,0,3620.115,0,211.709,3048,2826,2.040,1.690,0.970,2,0,18.060,0,0,18,298,0,45,0
13-04 18:26:12,8.225,19.689,70.284,0,0,5307960,157000,172932,2352216,11631.260,1615.037,0,26187.532,0,91.718,5887,4476,2.040,1.690,0.970,3,0,336.965,0,0,18,298,0,45,0
13-04 18:26:13,7.706,16.407,73.583,0.994,0,5286744,178180,172932,2352252,8826.002,1610.875,0,7760.041,0,477.296,6085,4210,2.040,1.690,0.970,2,0,312.231,0,0,18,298,0,45,0
13-04 18:26:14,4.510,2.255,91.963,0.251,0.251,5278680,186236,172932,2352260,6377.760,1665.855,0,216.501,0,18.042,1342,1575,1.880,1.660,0.970,4,0,11.026,0,0,18,298,0,45,0
13-04 18:26:15,23.742,3.499,72.224,0,0,5336900,128012,172932,2352264,10902.145,1619.427,0,0,0,0,2231,1726,1.880,1.660,0.970,2,0,3.999,0,0,18,298,0,45,0
13-04 18:26:16,16.057,12.545,69.497,0.251,0.753,5262200,202544,172940,2352408,7689.360,1625.785,104.371,525.871,8.029,48.171,4914,4361,1.880,1.660,0.970,2,0,168.600,0,0,18,304,0,45,0
13-04 18:26:17,11.539,15.803,70.237,0,0,5257552,206848,172940,2352704,10515.420,1462.928,0,44.149,0,4.014,5293,3892,1.880,1.660,0.970,2,0,217.733,0,0,18,304,0,45,0
13-04 18:26:18,13.607,15.833,68.776,1.484,0,5255304,208844,172940,2352940,9025.957,1603.119,3.958,4682.691,0.990,709.529,5723,3957,1.880,1.660,0.970,2,0,215.728,0,0,18,304,0,45,0
13-04 18:26:19,23.422,4.533,71.022,0,0,5321804,142092,172940,2353192,5086.364,1631.989,241.776,322.368,5.037,34.252,2484,2346,1.810,1.650,0.970,1,0,3.022,0,0,18,308,0,40,0
13-04 18:26:20,22.245,4.249,71.485,0.500,0,5376888,136148,172940,2304584,10451.866,1619.669,283.942,555.887,9.998,47.990,2543,2287,1.810,1.650,0.970,1,0,3.999,0,0,18,312,0,40,0
13-04 18:26:21,23.248,3.000,72.494,0.250,0,5284376,228660,172940,2304584,9392.192,1619.861,23.998,231.980,4.000,10.999,2186,1774,1.810,1.650,0.970,1,0,5.000,0,0,18,308,0,40,0
13-04 18:26:22,22.246,4.249,72.738,0,0,5344896,168100,172940,2304624,9873.340,1457.755,0,155.974,0,9.998,2102,1636,1.810,1.650,0.970,1,0,1.000,0,0,18,308,0,40,0
13-04 18:26:23,23.996,3.999,70.989,0.250,0,5290924,222048,172940,2304648,10308.426,1619.753,0,351.946,0,28.996,3185,2852,1.810,1.650,0.970,2,0,18.997,0,0,18,308,0,40,0
13-04 18:26:24,23.222,3.745,72.162,0.250,0,5314104,198864,172940,2304652,9476.385,1618.017,0,247.696,0,19.976,2279,1973,1.740,1.640,0.970,1,0,0.999,0,0,18,308,0,40,0
13-04 18:26:25,18.544,8.771,70.917,0,0,5302536,210288,172940,2304796,12076.465,1623.827,392.926,276.652,5.012,12.028,3517,2580,1.740,1.640,0.970,1,0,136.321,0,0,18,308,0,40,0
13-04 18:26:26,11.231,19.717,67.638,0.499,0.499,5309320,203216,172944,2305084,6690.950,1617.329,27.954,730.793,2.995,46.923,6333,5463,1.740,1.640,0.970,2,0,410.322,0,0,18,310,0,40,0
13-04 18:26:27,21.014,4.253,72.799,0.250,0,5343136,169352,172968,2305108,7874.274,2046.371,16.011,236.158,2.001,13.009,2693,2295,1.740,1.640,0.970,3,0,71.048,0,0,18,311,0,40,0
13-04 18:26:28,25.393,5.228,68.711,0.249,0.498,5357972,147976,173476,2311008,15864.170,3461.418,167.295,705.030,8.962,12.945,3137,12691,1.740,1.640,0.970,2,0,37.841,0,0,18,310,0,41,0
13-04 18:26:29,19.492,2.999,75.970,0,0,5353192,154768,173492,2309016,15762.857,4491.250,47.981,507.802,1.999,16.993,2204,1929,1.680,1.630,0.970,2,0,16.993,0,0,18,311,0,41,0
13-04 18:26:30,22.241,6.497,68.971,0,0,5340472,162484,174008,2313364,11721.072,1793.246,0,1175.506,0,29.987,9717,17794,1.680,1.630,0.970,3,0,13.994,0,0,18,310,0,41,0
13-04 18:26:31,19.788,4.258,74.643,0.250,0,5337724,164672,174060,2313856,15395.544,4633.893,44.085,484.931,6.012,11.021,10651,19355,1.680,1.630,0.970,2,0,13.025,0,0,18,311,0,40,0
13-04 18:26:32,20.649,4.785,73.280,0.252,0,5327436,184728,174184,2303964,10833.415,1686.205,0,862.241,0,24.175,2270,1739,1.680,1.630,0.970,1,0,8.058,0,0,18,310,0,40,0
13-04 18:26:33,14.213,12.966,70.564,0,0,5321956,190308,174184,2303940,10009.604,1615.739,0,606.401,0,17.953,4567,3748,1.680,1.630,0.970,1,0,267.295,0,0,18,310,0,40,0
13-04 18:26:34,25.099,2.485,72.067,0.249,0,5361168,150900,174184,2304136,5748.498,1610.335,0,1892.640,0,144.135,2346,1919,1.630,1.620,0.970,2,0,0,0,0,18,310,0,40,0
13-04 18:26:35,18.755,8.252,71.517,0,0,5322560,189464,174184,2304180,6042.456,1690.407,20.005,0,2.000,0,3413,2739,1.630,1.620,0.970,2,0,116.028,0,0,18,310,0,42,0
13-04 18:26:36,24.490,3.249,71.222,0.750,0.250,5363812,148224,174184,2304184,12616.083,1619.369,0,415.838,0,32.987,2661,2386,1.630,1.620,0.970,2,0,1.000,0,0,18,314,0,42,0
13-04 18:26:37,21.218,6.240,71.890,0,0.250,5368620,144176,174184,2303424,9273.843,1617.531,0,87.866,0,5.991,2858,2354,1.630,1.620,0.970,2,0,69.893,0,0,18,314,0,42,0
13-04 18:26:38,21.660,5.289,71.026,0,0,5355796,160748,174184,2299676,11521.364,1468.883,16.119,241.791,1.007,22.164,3153,2721,1.630,1.620,0.970,2,0,50.373,0,0,18,314,0,42,0
13-04 18:26:39,22.178,4.735,71.768,0.498,0.498,5386552,145252,174184,2284552,7939.284,1614.770,15.948,16402.869,0.997,77.748,2547,2477,1.580,1.610,0.970,2,0,7.974,0,0,18,314,0,41,0
13-04 18:26:40,21.182,5.233,71.520,0,0,5350532,181248,174184,2284576,10441.363,1614.798,11.961,155.499,0.997,9.968,2796,2300,1.580,1.610,0.970,2,0,31.897,0,0,18,314,0,44,0
13-04 18:26:41,23.114,3.266,72.859,0,0,5365776,165992,174184,2284588,15095.450,1628.029,0,152.753,0,10.050,2306,1778,1.580,1.610,0.970,2,0,0,0,0,18,315,0,44,0
13-04 18:26:42,21.015,5.754,71.800,0.250,0,5341096,190624,174184,2284636,5627.915,1621.128,32.022,572.398,2.001,45.031,2863,2589,1.580,1.610,0.970,1,0,47.033,0,0,18,314,0,44,0
13-04 18:26:43,21.998,5.000,71.494,0.250,0,5352760,178956,174184,2284640,13426.948,1619.873,0,123.990,0,12.999,2840,2353,1.580,1.610,0.970,3,0,31.997,0,0,18,314,0,45,0
13-04 18:26:44,22.182,4.237,72.526,0.498,0.249,5380236,151464,174184,2284656,9814.741,1615.021,0,2125.447,0,354.906,2575,1604,1.530,1.600,0.970,4,0,0,0,0,18,315,0,44,0
13-04 18:26:45,16.799,8.775,73.462,0.251,0.251,5364060,167500,174188,2284792,6366.394,2278.583,4.012,413.194,1.003,36.104,4165,3990,1.530,1.600,0.970,0,0,182.527,0,0,18,316,0,44,0
13-04 18:26:46,2.499,1.000,92.728,2.000,0,5344444,186020,174592,2285484,17557.754,4151.996,987.761,399.903,246.940,30.993,1955,2534,1.530,1.600,0.970,0,0,2.000,0,0,18,318,0,44,0
13-04 18:26:47,5.703,7.439,85.548,0,0,5333236,197180,174592,2285532,22230.489,5105.088,0,368.971,0,21.821,2924,2534,1.530,1.600,0.970,2,0,123.982,0,0,18,318,0,45,0
13-04 18:26:48,9.031,14.048,74.505,0.502,0,5314128,215976,174592,2285844,10604.293,2034.965,232.797,377.291,17.058,28.096,4576,3604,1.530,1.600,0.970,2,0,208.714,0,0,18,316,0,46,0
13-04 18:26:49,20.266,5.004,72.057,2.002,0,5309468,208540,174596,2297856,13757.828,1459.148,3054.404,1289.015,224.176,29.023,2771,2716,1.490,1.590,0.970,3,0,6.005,0,0,18,316,0,46,0
13-04 18:26:50,14.749,2.250,81.496,0,0.250,5324748,187148,174596,2303872,18449.049,5766.703,0,1047.946,0,30.998,1998,1754,1.490,1.590,0.970,1,0,15.999,0,0,18,318,0,46,0
13-04 18:26:51,16.533,9.769,71.140,1.252,0.250,5280240,229356,174596,2306172,12303.259,1971.888,1286.537,3422.749,23.045,110.217,4597,4175,1.490,1.590,0.970,3,0,170.336,0,0,18,316,0,46,0
13-04 18:26:52,18.295,8.771,71.925,0,0.251,5338176,171392,174596,2306184,9363.786,1623.952,0,8.020,0,2.005,3057,2493,1.490,1.590,0.970,2,0,134.327,0,0,18,316,0,40,0
13-04 18:26:53,21.657,5.477,71.693,0,0.249,5372056,137512,174596,2306184,10332.684,1613.082,0,350.497,0,25.889,3019,2662,1.490,1.590,0.970,3,0,47.795,0,0,18,316,0,41,0
13-04 18:26:54,23.250,4.250,71.250,0.250,0,5406128,171840,173956,2239496,7356.992,1457.998,0,324.000,0,26.000,2550,2303,1.450,1.580,0.970,3,0,1.000,0,0,18,316,0,41,0
13-04 18:26:55,22.502,7.751,68.505,0.500,0,5351396,226212,173956,2239856,11576.796,1620.111,348.024,340.023,22.002,35.002,3030,2631,1.450,1.580,0.970,2,0,16.001,0,0,18,318,0,42,0
13-04 18:26:56,24.846,4.016,69.018,1.004,0,5381840,194288,173956,2241336,11204.467,1626.309,1606.231,746.898,57.222,96.374,4225,4822,1.450,1.580,0.970,2,0,3.012,0,0,18,321,0,35,0
13-04 18:26:57,24.095,4.471,68.807,0.745,0,5360972,214456,173956,2242036,7290.070,1609.638,651.804,1057.194,35.770,108.303,4133,4724,1.450,1.580,0.970,5,0,4.968,0,0,18,320,0,35,0
13-04 18:26:58,24.324,4.012,71.718,0.251,0,5359924,215084,173960,2242452,5725.377,1624.932,96.292,674.046,4.012,72.219,3603,4001,1.450,1.580,0.970,2,0,0,0,0,18,321,0,35,0
13-04 18:26:59,15.345,14.339,66.411,1.761,0.252,5290388,284592,173964,2242476,9755.335,1630.082,36.224,5288.710,2.012,330.041,6394,6938,1.490,1.580,0.980,1,0,235.456,0,0,18,320,0,35,0
13-04 18:27:00,8.985,22.963,66.641,0.499,0.250,5289640,285236,173964,2242580,11719.881,1509.537,0,2420.052,0,367.401,7488,5948,1.490,1.580,0.980,6,0,612.002,0,0,18,320,0,24,0
13-04 18:27:01,9.018,22.044,67.636,0.251,0,5288096,286752,173964,2242608,11140.380,1569.152,0,729.465,0,43.087,7092,6099,1.490,1.580,0.980,4,0,629.264,0,0,18,320,0,24,0
13-04 18:27:02,8.498,23.244,66.732,0.250,0.250,5290060,284616,173968,2242776,7713.968,1619.573,135.964,279.926,9.997,30.992,7036,6213,1.490,1.580,0.980,2,0,582.846,0,0,18,320,0,24,0
13-04 18:27:03,9.995,23.239,65.220,0,0,5283664,290860,173968,2242928,12522.259,1619.258,0,55.974,0,12.994,7710,7765,1.490,1.580,0.980,2,0,620.715,0,0,18,320,0,24,0
13-04 18:27:04,10.699,21.896,66.185,0,0,5280084,294368,173968,2243000,8618.002,1612.330,35.830,47.773,2.986,11.943,7010,6226,1.450,1.580,0.980,2,0,585.216,0,0,18,320,0,19,0
13-04 18:27:05,9.489,21.725,67.421,0.250,0.250,5280972,293400,173968,2243076,6445.467,1702.011,15.981,2205.422,0.999,36.957,6867,6027,1.450,1.580,0.980,3,0,536.373,0,0,18,322,0,19,0
13-04 18:27:06,18.869,8.302,71.702,0,0,5312260,360764,174076,2154552,5269.195,1630.271,96.609,2906.309,7.044,32.203,2997,2849,1.450,1.580,0.980,2,0,44.279,0,0,18,322,0,19,0
13-04 18:27:07,21.316,2.231,74.607,0.248,0,5322344,347228,174076,2158000,16350.120,2772.114,15.863,840.756,2.974,17.846,2215,1756,1.450,1.580,0.980,2,0,15.863,0,0,18,323,0,19,0
13-04 18:27:08,14.493,2.249,80.962,1.249,0.250,5338228,330344,174076,2158992,26787.274,12979.833,795.622,1855.119,52.975,77.963,2319,2235,1.450,1.580,0.980,2,0,1.000,0,0,18,323,0,15,0
13-04 18:27:09,15.632,1.765,80.177,1.261,0,5360280,306916,174088,2160352,29261.063,13925.580,996.413,1734.646,51.434,82.698,2414,2423,1.340,1.550,0.970,2,0,1.009,0,0,18,323,0,15,0
13-04 18:27:10,14.441,1.494,81.419,1.494,0,5360604,305152,174224,2161708,31317.604,14583.675,960.094,6150.979,59.757,291.813,2288,1837,1.340,1.550,0.970,1,0,0,0,0,18,323,0,15,0
13-04 18:27:11,15.535,2.506,78.424,2.004,0,5380960,256264,174336,2190128,27805.791,10857.127,12287.305,1391.091,149.332,54.120,2361,1997,1.340,1.550,0.970,1,0,0,0,0,18,323,0,15,0
13-04 18:27:12,22.736,2.748,72.456,0.750,0.250,5394820,229552,174956,2202360,10501.597,1511.079,0,1463.108,0,63.961,2490,2101,1.340,1.550,0.970,1,0,0.999,0,0,18,323,0,13,0
13-04 18:27:13,23.426,2.991,72.522,0.249,0.498,5393204,214684,175148,2218652,6641.154,1602.968,0,1311.882,0,30.903,2383,1999,1.340,1.550,0.970,2,0,0,0,0,18,323,0,13,0
13-04 18:27:14,21.504,3.501,72.514,1.500,0.250,5405896,177904,175768,2241852,8173.577,1620.313,0,3544.684,0,145.028,2858,2565,1.310,1.540,0.970,2,0,0,0,0,18,323,0,13,0
13-04 18:27:15,23.076,4.264,70.732,0.752,0,5406136,149784,176496,2268652,11766.515,1625.320,52.171,2584.460,3.010,84.276,2722,2228,1.310,1.540,0.970,1,0,7.023,0,0,18,323,0,13,0
13-04 18:27:16,23.137,2.985,71.899,0.498,0,5312168,253608,176880,2258196,8146.193,1785.276,0,2057.944,0,72.645,2655,2378,1.310,1.540,0.970,2,0,2.985,0,0,18,322,0,13,0
13-04 18:27:17,18.024,3.755,77.604,0.250,0,5349036,215864,176880,2259068,16712.405,3800.095,0,452.607,0,11.015,2179,1748,1.310,1.540,0.970,2,0,33.044,0,0,18,323,0,13,0
13-04 18:27:18,22.099,4.018,72.073,0.251,0,5342164,217512,177204,2263928,9032.531,1639.356,0,1293.806,0,23.104,2343,1842,1.310,1.540,0.970,2,0,19.086,0,0,18,322,0,13,0
13-04 18:27:19,18.984,3.747,75.437,0.500,0,5366672,187180,177748,2269064,16676.009,4663.088,35.970,1658.608,1.998,61.948,5808,9805,1.370,1.550,0.980,1,0,5.995,0,0,18,322,0,13,0
13-04 18:27:20,22.814,7.270,67.690,0,0,5389784,163504,177824,2269528,8247.188,1624.568,4.011,12595.414,1.003,64.180,14892,27831,1.370,1.550,0.980,3,0,14.039,0,0,18,322,0,13,0
13-04 18:27:21,20.598,5.460,72.714,0,0.248,5366700,197752,177876,2258344,5589.820,1608.153,0,786.208,0,12.905,2370,1878,1.370,1.550,0.980,2,0,14.890,0,0,18,322,0,13,0
13-04 18:27:22,22.603,6.027,69.818,0,0.502,5382520,181904,177876,2258372,9651.996,1669.610,0,4.018,0,1.005,10759,19165,1.370,1.550,0.980,1,0,55.252,0,0,18,322,0,13,0
13-04 18:27:23,19.408,4.479,74.895,0.746,0,5398104,166304,177876,2258388,13720.035,2944.060,0,1035.099,0,23.887,2581,2325,1.370,1.550,0.980,2,0,35.830,0,0,18,323,0,13,0
13-04 18:27:24,21.182,3.782,73.380,0.252,0,5406088,152460,178008,2264116,7489.304,2490.383,0,1258.808,0,30.260,2360,2193,1.340,1.540,0.980,1,0,4.035,0,0,18,322,0,12,0
13-04 18:27:25,17.750,3.250,77.751,0.250,0,5384480,168632,178368,2269156,17088.125,4667.034,0,4532.033,0,35.000,2177,1816,1.340,1.540,0.980,1,0,18.000,0,0,18,322,0,12,0
13-04 18:27:26,23.973,7.491,65.675,0.499,0,5390644,161932,178408,2269652,6927.139,1618.164,0,1889.855,0,269.694,17357,33029,1.340,1.540,0.980,2,0,17.980,0,0,18,322,0,12,0
13-04 18:27:27,19.957,6.237,72.095,0,0,5359024,204772,178464,2258388,12503.085,1710.318,0,642.617,0,15.966,3195,3558,1.340,1.540,0.980,1,0,15.966,0,0,18,322,0,12,0
13-04 18:27:28,28.137,6.723,64.490,0,0,5315588,248184,178464,2258412,9113.287,1613.500,7.968,3.984,0.996,0.996,3553,10267,1.340,1.540,0.980,3,0,70.715,0,0,18,322,0,13,0
13-04 18:27:29,20.724,5.743,71.911,0.499,0.499,5328192,227836,178464,2266160,7059.228,1617.989,39.950,1430.223,2.996,40.949,3240,3042,1.310,1.530,0.980,2,0,82.897,0,0,18,322,0,12,0
13-04 18:27:30,19.229,2.997,76.417,0,0.250,5338940,213912,178464,2269284,14654.990,3526.148,0,819.105,0,4.995,2030,1623,1.310,1.530,0.980,1,0,15.983,0,0,18,323,0,12,0
13-04 18:27:31,13.286,1.504,82.976,0.752,0,5353432,199156,178464,2269540,31713.443,14386.213,0,1724.701,0,51.139,1846,1644,1.310,1.530,0.980,1,0,0,0,0,18,323,0,12,0
13-04 18:27:32,6.246,1.249,91.190,0.250,0,5350724,201592,178464,2269792,48001.457,9444.794,0,1255.175,0,110.927,1537,1658,1.310,1.530,0.980,1,0,1.999,0,0,18,324,0,12,0
13-04 18:27:33,8.747,1.000,88.465,0.750,0,5359916,192016,178568,2270068,129339.307,11410.440,0,1467.414,0,57.977,1712,1698,1.310,1.530,0.980,1,0,0,0,0,18,324,0,12,0
13-04 18:27:34,28.124,7.218,62.470,0.996,0.498,5388816,211904,178208,2222136,24770.051,11640.859,1115.006,1357.918,22.897,50.773,2988,2190,1.280,1.520,0.980,3,0,5.973,0,0,18,324,0,12,0
13-04 18:27:35,24.873,8.040,66.076,0.251,0,5393660,206832,178272,2222416,92871.453,9776.260,711.512,747.691,18.089,26.129,2953,2036,1.280,1.520,0.980,1,0,6.030,0,0,18,324,0,12,0
13-04 18:27:36,9.000,2.250,85.500,1.000,0.250,5388360,211424,178520,2222868,300636.313,22099.097,32.000,3124.014,5.000,133.001,2521,2715,1.280,1.520,0.980,1,1,1.000,0,0,18,324,0,12,0
13-04 18:27:37,13.239,1.249,83.932,0.749,0,5389672,209408,178716,2223364,55020.731,16230.941,103.916,1846.514,5.995,76.938,1756,1846,1.280,1.520,0.980,2,0,0,0,0,18,324,0,10,0
13-04 18:27:38,13.311,3.767,79.363,2.009,0.251,5397784,149836,178952,2274524,18204818.601,107140.624,168.771,20449.452,5.023,161.739,8404,4895,1.280,1.520,0.980,2,0,6.028,0,0,18,324,0,10,0
13-04 18:27:39,21.928,4.236,71.017,1.246,0.249,5357516,229460,181564,2232676,10487.622,1614.707,3.987,4967.716,0.997,141.536,3130,3107,1.260,1.510,0.980,2,0,1.993,0,0,18,324,0,10,0
13-04 18:27:40,22.585,5.019,70.767,1.004,0,5369716,196688,182436,2251996,10723.534,1626.147,0,23340.225,0,673.546,2928,2057,1.260,1.510,0.980,2,0,0,0,0,18,324,0,10,0
13-04 18:27:41,23.644,2.738,71.928,0.996,0,5376708,169960,182948,2271384,8792.640,1612.780,0,3249.454,0,263.819,2915,2373,1.260,1.510,0.980,3,0,0,0,0,18,324,0,7,0
13-04 18:27:42,21.725,4.495,71.918,0.749,0,5382740,159964,183580,2274872,9355.274,1456.330,0,2257.412,0,75.913,2536,2108,1.260,1.510,0.980,1,1,0,0,0,18,324,0,7,0
13-04 18:27:43,22.383,5.030,70.167,1.509,0,5382404,144676,184212,2289572,7587.141,1629.696,8.048,113567.687,2.012,449.675,2803,2456,1.260,1.510,0.980,1,0,0,0,0,18,324,0,7,0
13-04 18:27:44,23.104,2.981,72.790,0.248,0.248,5391344,150560,184896,2274588,7780.778,1609.816,0,1641.615,0,20.868,2052,1866,1.240,1.500,0.980,3,0,0,0,0,18,324,0,7,0
13-04 18:27:45,22.620,3.770,71.128,1.257,0,5390400,145032,185412,2280180,7878.918,1699.039,0,3454.378,0,123.658,2897,2847,1.240,1.500,0.980,2,0,2.011,0,0,18,324,0,5,0
13-04 18:27:46,19.296,2.757,76.433,0.501,0,5284236,282752,185708,2248308,17896.776,4224.096,0,1635.910,0,55.132,2458,2217,1.240,1.500,0.980,1,0,2.005,0,0,18,322,0,5,0
13-04 18:27:47,17.888,4.969,76.271,0,0.248,5349168,217780,185708,2248348,13222.949,3705.725,23.850,401.478,0.994,8.944,2191,1734,1.240,1.500,0.980,2,0,33.788,0,0,18,323,0,5,0
13-04 18:27:48,24.656,5.032,69.692,0,0.252,5376396,184328,186024,2254224,10967.588,1708.842,0,1433.093,0,31.198,2907,4125,1.240,1.500,0.980,2,0,4.026,0,0,18,322,0,5,0
13-04 18:27:49,19.626,6.956,69.313,2.981,0.248,5358308,197112,186288,2259200,14393.308,4768.951,15.900,116509.875,0.994,827.784,3802,3496,1.220,1.490,0.980,2,0,20.869,0,0,18,322,0,3,0
13-04 18:27:50,24.985,7.495,64.710,1.499,0,5374280,180496,186304,2259812,9576.107,1619.004,0,5420.664,0,170.895,10452,18700,1.220,1.490,0.980,3,0,13.991,0,0,18,322,0,4,0
13-04 18:27:51,21.361,7.037,69.361,0,0,5374284,180380,186308,2259920,10621.257,1670.692,0,562.929,0,7.037,10085,18359,1.220,1.490,0.980,1,0,13.068,0,0,18,322,0,4,0
13-04 18:27:52,20.372,5.963,72.794,0.248,0,5338220,227720,186312,2248640,5126.899,1448.928,0,1276.011,0,185.836,2391,1804,1.220,1.490,0.980,2,0,7.950,0,0,18,322,0,4,0
13-04 18:27:53,22.058,5.013,71.439,0.501,0,5334912,228016,186360,2251604,5363.171,1624.292,685.812,2005.299,22.058,26.069,2503,2306,1.220,1.490,0.980,2,0,6.016,0,0,18,322,0,3,0
13-04 18:27:54,24.091,4.517,67.504,1.506,0,5333968,228016,186364,2252556,10668.159,1626.121,630.373,2682.096,36.136,221.835,7404,10389,1.280,1.500,0.990,3,0,1.004,0,0,18,325,0,6,0
13-04 18:27:55,16.750,14.000,65.998,2.000,0.250,5285308,275852,186372,2253372,9810.726,1619.955,571.984,3027.915,28.999,248.993,7068,7662,1.280,1.500,0.990,4,0,263.993,0,0,18,324,0,6,0
13-04 18:27:56,14.740,10.993,69.704,2.748,0,5278212,270776,186372,2265544,9824.472,1618.924,12203.891,699.535,353.765,32.978,4926,4547,1.280,1.500,0.990,2,0,185.876,0,0,18,324,0,8,0
13-04 18:27:57,5.975,4.233,77.680,10.955,0.249,5273688,260480,186376,2280360,10257.778,2570.420,14695.512,1382.310,1858.351,17.926,3571,5286,1.280,1.500,0.990,1,0,5.975,0,0,18,325,0,7,0
13-04 18:27:58,1.249,0.750,95.687,0.750,0.250,5273676,260480,186376,2280372,16537.124,3011.020,11.992,2514.346,1.999,150.901,1535,2006,1.280,1.500,0.990,1,0,0,0,0,18,325,0,7,0
13-04 18:27:59,2.000,0.750,95.757,0.250,0.250,5273572,260480,186376,2280476,162479.414,4234.297,0,36.003,0,4.000,1170,1489,1.180,1.480,0.980,1,0,2.000,0,0,18,325,0,7,0
13-04 18:28:00,7.787,2.261,87.918,0,0,5258244,273864,186464,2282332,284392.358,129439.061,864.106,1048.985,50.239,20.095,1905,2037,1.180,1.480,0.980,0,0,13.062,0,0,18,324,0,7,1
13-04 18:28:01,0.994,0.994,97.161,0,0,5258368,273868,186464,2282232,7185.440,1729.515,0,0,0,0,879,1271,1.180,1.480,0.980,1,0,0,0,0,18,324,0,7,0
13-04 18:28:02,1.250,0.750,97.012,0,0.250,5258368,273868,186464,2282232,12295.484,1620.195,0,268.032,0,4.000,951,1296,1.180,1.480,0.980,2,0,0,0,0,18,324,0,7,0
13-04 18:28:03,1.002,0.250,97.168,0.501,0,5258368,273868,186464,2282232,5698.826,1622.798,0,1807.116,0,319.551,1151,1311,1.180,1.480,0.980,1,0,0,0,0,18,324,0,7,0
13-04 18:28:04,1.501,0.750,96.790,0.500,0,5258364,273868,186464,2282236,9936.081,1458.599,0,92.038,0,9.004,1156,1643,1.080,1.450,0.980,1,0,0,0,0,18,324,0,7,0
13-04 18:28:05,1.500,1.000,95.766,0.500,0.500,5258360,273868,186464,2282240,7614.279,1620.272,0,540.091,0,57.010,1467,2060,1.080,1.450,0.980,2,0,0,0,0,18,324,0,7,0
13-04 18:28:06,1.756,1.003,95.805,0.251,0,5258356,273868,186464,2282244,9872.398,1625.169,0,124.396,0,17.054,1323,1909,1.080,1.450,0.980,0,0,1.003,0,0,18,324,0,7,0
13-04 18:28:07,1.493,0.249,96.275,0,0.249,5258292,273868,186464,2282308,7134.796,1612.046,63.686,83.588,1.990,11.941,1160,1704,1.080,1.450,0.980,1,0,0,0,0,18,324,0,7,0
13-04 18:28:08,2.249,0.999,95.700,0.250,0,5258292,273868,186464,2282308,7995.784,1619.146,0,615.675,0,55.970,1402,2063,1.080,1.450,0.980,1,0,0.999,0,0,18,324,0,7,0
13-04 18:28:09,1.250,1.250,96.521,0,0,5258288,273868,186464,2282312,9766.078,1620.345,0,80.017,0,12.003,1214,1724,1,1.430,0.970,1,0,1.000,0,0,18,324,0,7,0
13-04 18:28:10,1.760,0,96.530,0.251,0,5258288,273868,186464,2282312,11789.708,1466.046,0,193.060,0,20.110,1321,1790,1,1.430,0.970,0,0,1.006,0,0,18,324,0,7,0
13-04 18:28:11,1.243,1.243,96.728,0,0,5258284,273868,186464,2282316,5855.378,1611.298,0,43.764,0,3.979,1058,1501,1,1.430,0.970,1,0,0,0,0,18,324,0,7,0
13-04 18:28:12,1.250,0.500,97.248,0.250,0,5258280,273868,186464,2282320,13343.776,1619.973,0,243.996,0,15.000,1045,1385,1,1.430,0.970,2,0,0,0,0,18,324,0,7,0
13-04 18:28:13,1.001,4.003,93.813,0,0.250,5253884,278264,186464,2282320,11909.001,1621.089,0,32.022,0,4.003,1181,1428,1,1.430,0.970,1,0,0,0,0,18,324,0,7,0
13-04 18:28:14,1.256,0.502,97.221,0,0.251,5254024,278124,186464,2282320,11462.556,1465.101,0,4.019,0,1.005,1034,1392,0.920,1.400,0.970,1,0,0,0,0,18,324,0,7,0
13-04 18:28:15,1.747,2.745,93.588,0.499,0.499,5244636,287492,186464,2282328,11204.578,1617.197,0,35710.099,0,228.604,1916,2269,0.920,1.400,0.970,0,0,5.990,0,0,18,324,0,7,0
13-04 18:28:16,2.243,1.246,94.716,0.997,0,5244880,287240,186476,2282324,5843.470,1615.155,0,1678.963,0,114.656,1637,2242,0.920,1.400,0.970,1,0,0.997,0,0,18,324,0,7,0
13-04 18:28:17,1.249,0.500,96.935,0,0,5244868,287240,186476,2282336,9961.295,1618.910,0,339.771,0,19.987,1010,1369,0.920,1.400,0.970,1,0,0,0,0,18,324,0,7,0
13-04 18:28:18,1.760,0.754,96.039,0.754,0,5244860,287240,186480,2282340,8193.962,1629.138,0,1934.853,0,98.553,1263,1738,0.920,1.400,0.970,1,0,0,0,0,18,326,0,7,0
13-04 18:28:19,1.243,0.995,96.246,0,0,5244272,287824,186480,2282344,9438.535,1611.554,0,947.037,0,183.041,1469,1668,0.840,1.380,0.960,1,0,0,0,0,18,326,0,7,0
13-04 18:28:20,0.999,1.748,95.652,0.250,0,5244248,287824,186484,2282364,9461.344,1456.513,0,31571.778,0,289.704,1288,1555,0.840,1.380,0.960,1,0,0,0,0,18,326,0,7,0
13-04 18:28:21,1.006,0.252,97.355,0,0,5244248,287824,186484,2282364,5140.941,1630.128,0,8.050,0,1.006,874,1318,0.840,1.380,0.960,0,0,0,0,0,18,326,0,7,0
13-04 18:28:22,1.243,0.497,97.925,0,0.497,5244248,287824,186484,2282364,14310.935,1610.539,0,0,0,0,965,1289,0.840,1.380,0.960,1,0,0,0,0,18,326,0,7,0
13-04 18:28:23,1.001,1.251,96.086,0.250,0,5244296,287824,186484,2282364,7811.973,1621.447,0,724.647,0,23.021,1208,1798,0.840,1.380,0.960,1,0,1.001,0,0,18,326,0,7,0
13-04 18:28:24,1.501,0.500,97.049,0.250,0,5244548,287572,186484,2282364,6459.245,1620.814,0,80.040,0,13.007,1135,1707,0.780,1.360,0.950,1,0,1.001,0,0,18,326,0,7,0
13-04 18:28:25,0.751,1.001,96.322,0,0.250,5244280,287820,186484,2282384,10483.848,1459.092,16.012,3046.280,1.001,27.020,1215,1771,0.780,1.360,0.950,1,0,0,0,0,18,326,0,7,0
13-04 18:28:26,1.756,1.254,95.554,0.251,0,5244280,287820,186484,2282384,8234.239,1625.179,0,212.678,0,22.070,1366,1951,0.780,1.360,0.950,1,0,1.003,0,0,18,326,0,7,0
13-04 18:28:27,0.750,0.500,97.276,0,0,5244280,287820,186484,2282384,10357.816,1620.441,0,128.035,0,8.002,992,1340,0.780,1.360,0.950,0,0,0,0,0,18,326,0,7,0
13-04 18:28:28,7.210,3.978,88.510,0,0.249,5244924,287164,186484,2282396,11015.079,1611.090,11.934,314.262,0.994,19.890,2317,7481,0.780,1.360,0.950,1,0,35.802,0,0,18,326,0,8,0
13-04 18:28:29,1.250,0.500,96.981,0.250,0.250,5245152,286936,186488,2282392,11824.628,1619.675,0,35.993,0,3.999,1069,1430,0.710,1.330,0.950,1,0,0,0,0,18,326,0,8,0
13-04 18:28:30,0.755,0.755,97.336,0,0,5244924,287160,186488,2282396,9294.951,1466.830,0,20.121,0,4.024,948,1334,0.710,1.330,0.950,0,0,0,0,0,18,326,0,7,0
13-04 18:28:31,1.500,0.750,97.247,0,0.250,5244920,287160,186488,2282400,3779.888,323.990,0,0,0,0,869,1321,0.710,1.330,0.950,0,0,0,0,0,18,326,0,7,0
13-04 18:28:32,9.007,3.503,86.070,0.250,0,5248400,283644,186512,2282412,290017.030,6233.051,60.049,12.010,10.008,2.002,2020,1787,0.710,1.330,0.950,2,0,25.020,0,0,18,326,0,7,0
13-04 18:28:33,11.488,3.996,82.911,0.250,0,5255308,276480,186512,2282668,413458.149,8347.019,207.776,147.841,7.991,6.992,2333,1938,0.710,1.330,0.950,1,0,21.976,0,0,18,326,0,7,0
