"pcp-dstat 6.2.0 CSV Output"
"Author:","PCP team <pcp@groups.io> and Dag Wieers <dag@wieers.com>",,,,"URL:","https://pcp.io/ and http://dag.wieers.com/home-made/dstat/"
"Host:","ubuntu",,,,"User:","ubuntu"
"Cmdline:","dstat -tcmndrylpg --tcp --output /tmp/devstack_logs/dstat-csv.log",,,,"Date:","20 May 2026 05:19:05 UTC"
"system","total usage",,,,,"memory usage",,,,"net/total",,"dsk/total",,"io/total",,"system",,"load avg",,,"procs",,,"paging",,"tcp sockets",,,,
"time","total usage:usr","total usage:sys","total usage:idl","total usage:wai","total usage:stl","used","free","buf","cach","net/total:recv","net/total:send","dsk/total:read","dsk/total:writ","read","writ","int","csw","1m","5m","15m","run","blk","new","in","out","lis","act","syn","tim","clo"
20-05 05:19:05,,1033800,1621892,163012,5002792,,,,,,,1.400,1.060,0.550,2,2,,,,10,6,0,17,0
20-05 05:19:06,21.753,21.753,55.258,0.500,0,1047772,1607120,163188,5003296,28865.361,14323.164,0,2860.432,0,107.016,6721,5903,1.400,1.060,0.550,3,0,544.082,0,0,10,6,0,17,0
20-05 05:19:07,24.761,19.509,54.275,0.500,0,1016864,1637312,163348,5003744,46436.373,13496.212,0,1928.888,0,66.030,6351,6587,1.400,1.060,0.550,2,0,375.173,0,0,10,6,0,17,0
20-05 05:19:08,31.426,16.711,50.881,0.249,0.748,1114316,1522232,163560,5145240,185596.151,13750.708,0,2174.893,0,56.866,6689,7899,1.400,1.060,0.550,1,0,225.471,0,0,11,5,0,17,1
20-05 05:19:09,33.566,9.769,56.110,0.501,0,1156216,1462600,164572,5159252,12551.636,1755.445,16.031,1555.052,1.002,66.130,3713,2662,1.530,1.090,0.570,2,0,97.191,0,0,11,6,0,17,2
20-05 05:19:10,36.752,14.501,47.752,0.500,0,1159564,1439440,165092,5176352,7483.359,1458.070,20.001,2800.134,4.000,80.004,5042,3563,1.530,1.090,0.570,2,0,185.009,0,0,11,6,0,19,2
20-05 05:19:11,41.861,6.728,48.091,1.744,0,1225704,1342152,166364,5202736,10360.709,1614.656,1873.798,4832.007,118.607,138.541,3756,2454,1.530,1.090,0.570,2,0,0,0,0,11,6,0,19,2
20-05 05:19:12,43.109,5.514,48.874,2.757,0,1261088,1274800,167560,5230572,7967.234,1624.125,128.326,8541.693,6.015,458.164,5400,5474,1.530,1.090,0.570,3,1,10.025,0,0,11,8,0,19,2
20-05 05:19:13,29.986,7.996,45.479,13.993,0,1283908,1255716,168844,5224748,7374.539,2099.015,0,37414.443,0,2819.677,16564,24216,1.530,1.090,0.570,2,2,56.973,0,0,11,6,0,19,0
20-05 05:19:14,31.540,12.766,45.808,8.511,0,1245980,1286492,169460,5230608,16710.232,3746.761,0,38128.445,0,2450.113,11814,17266,1.480,1.090,0.570,3,1,123.156,0,0,11,4,0,19,0
20-05 05:19:15,40.261,7.002,49.514,2.501,0,1303536,1227336,169544,5231920,11833.317,2892.811,0,11795.306,0,640.179,4112,4438,1.480,1.090,0.570,1,1,22.006,0,0,11,5,0,19,0
20-05 05:19:16,43.235,7.747,47.233,0.500,0.250,1286948,1236892,169916,5237312,12243.666,3395.798,0,2379.158,0,119.958,11399,19269,1.480,1.090,0.570,1,2,23.992,0,0,11,4,0,19,0
20-05 05:19:17,43.763,9.503,44.013,1.751,0,1291520,1231924,170020,5237568,7628.320,1458.444,0,8926.715,0,490.149,12527,20712,1.480,1.090,0.570,2,1,13.004,0,0,11,4,0,19,0
20-05 05:19:18,42.786,7.711,48.507,0.498,0,1162912,1373268,170060,5226320,13762.035,1611.922,0,656.709,0,49.751,3385,1880,1.480,1.090,0.570,3,0,25.870,0,0,11,4,0,19,0
20-05 05:19:19,24.350,23.346,50.959,0,0.251,1160240,1375932,170064,5226360,11195.902,1626.669,0,2040.365,0,202.832,6553,5165,1.440,1.090,0.570,2,0,524.149,0,0,11,4,0,19,0
20-05 05:19:20,14.995,18.244,65.727,0,0,1105424,1430596,170064,5226852,8418.013,1619.425,0,23.991,0,5.998,7155,7877,1.440,1.090,0.570,3,0,311.889,0,0,11,4,0,19,0
20-05 05:19:21,34.496,12.999,50.995,0.250,0.250,1182668,1345472,170064,5234828,5665.395,1619.827,7703.178,4.000,76.992,1.000,3951,2999,1.440,1.090,0.570,2,0,157.983,0,0,11,5,0,19,0
20-05 05:19:22,45.941,4.494,49.436,0,0,1253108,1273960,170076,5235868,11975.588,1617.918,511.342,227.707,7.990,5.992,2606,1228,1.440,1.090,0.570,2,0,0,0,0,11,5,0,19,0
20-05 05:19:23,41.839,9.520,48.604,0.501,0.251,1270180,1255632,170080,5237092,10741.907,1623.462,0,905.932,0,38.081,3164,3078,1.440,1.090,0.570,2,0,1.002,0,0,11,5,0,19,0
20-05 05:19:24,17.459,9.229,71.334,0.249,0,1285552,1239272,170084,5238060,16793.017,1454.623,0,16493.712,0,137.680,4131,5329,1.410,1.080,0.580,2,0,139.676,0,0,11,4,0,19,0
20-05 05:19:25,22.001,4.250,73.505,0.250,0.250,1359628,1165184,170092,5238064,10066.677,1620.109,0,836.056,0,44.003,2007,1539,1.410,1.080,0.580,1,0,0,0,0,11,4,0,19,0
20-05 05:19:26,24.241,1.749,73.472,0,0,1382588,1142024,170092,5238264,9772.217,1619.373,0,0,0,0,1764,1101,1.410,1.080,0.580,1,0,0,0,0,11,6,0,19,0
20-05 05:19:27,20.805,6.016,71.689,1.003,0,1306112,1218404,170136,5238316,12388.681,1624.285,0,2109.565,0,238.630,4494,5088,1.410,1.080,0.580,2,1,43.114,0,0,11,4,0,21,0
20-05 05:19:28,23.201,2.744,72.597,0.998,0,1357468,1166280,170416,5238732,9030.000,1658.510,498.950,2470.801,15.966,143.698,2302,1765,1.410,1.080,0.580,1,0,0,0,0,11,9,0,21,0
20-05 05:19:29,23.552,3.758,71.409,1.002,0,1363392,1160008,170460,5238984,7382.402,1461.247,268.597,25304.219,66.147,500.111,3798,3663,1.380,1.080,0.580,2,0,3.007,0,0,11,28,0,17,0
20-05 05:19:30,20.196,5.984,72.557,0.249,0.249,1398896,1124592,170460,5238988,10222.861,1615.711,0,1819.171,0,37.899,2406,1740,1.380,1.080,0.580,1,0,42.886,0,0,11,28,0,17,0
20-05 05:19:31,23.069,8.776,67.451,0,0.251,1421460,1102004,170460,5239020,7288.681,1666.959,0,160.477,0,13.039,3598,3104,1.380,1.080,0.580,2,1,156.465,0,0,11,28,0,17,0
20-05 05:19:32,44.639,5.736,48.879,0,0,1458192,1065264,170460,5239028,9877.546,1615.999,0,35.911,0,3.990,3302,2325,1.380,1.080,0.580,2,0,0,0,0,11,28,0,17,0
20-05 05:19:33,41.587,16.785,40.084,0,0.251,1366124,1156904,170468,5239432,9190.177,1461.049,0,208.435,0,26.054,7276,9083,1.380,1.080,0.580,7,0,322.673,0,0,11,28,0,16,0
20-05 05:19:34,77.259,23.003,0.250,0,0,1604020,918972,170472,5239464,11071.354,1620.198,0,27763.396,0,140.017,5818,4421,1.750,1.170,0.610,6,0,257.031,0,0,11,28,0,16,0
20-05 05:19:35,85.854,11.980,1.747,0,0.250,1751836,771076,170476,5239524,9305.184,1617.251,0,3545.973,0,123.790,8775,10123,1.750,1.170,0.610,9,0,0,0,0,11,29,0,16,0
20-05 05:19:36,68.434,16.234,13.986,0.250,0,1588660,934016,170496,5239740,8081.152,1618.428,0,2405.664,0,63.938,7512,9670,1.750,1.170,0.610,1,1,309.699,0,0,11,28,0,16,0
20-05 05:19:37,21.989,4.248,73.463,0,0,1576316,946344,170500,5239752,10532.644,1527.223,0,219.888,0,7.996,2211,1782,1.750,1.170,0.610,2,0,0,0,0,11,28,0,15,0
20-05 05:19:38,20.031,6.510,72.112,0,0.250,1541952,980684,170512,5239764,10643.524,1622.519,0,192.299,0,21.033,3596,3509,1.750,1.170,0.610,1,1,68.106,0,0,11,28,0,15,0
20-05 05:19:39,22.488,3.998,73.462,0.250,0.250,1550044,972588,170512,5239768,10400.602,1619.160,0,12681.418,0,107.944,2380,2113,1.690,1.160,0.610,2,0,0,0,0,11,28,0,15,0
20-05 05:19:40,13.507,15.508,69.787,0.500,0,1447508,1075088,170528,5239788,10283.415,1620.853,0,640.337,0,25.013,5596,4958,1.690,1.160,0.610,4,0,309.163,0,0,11,28,0,15,0
20-05 05:19:41,40.337,28.562,30.316,0,0.251,1480532,1042020,170528,5239832,10346.410,1623.516,0,300.651,0,23.050,6393,5393,1.690,1.160,0.610,6,0,730.582,0,0,11,28,0,14,0
20-05 05:19:42,88.249,10.750,0.500,0,0,1695540,827000,170528,5239844,9217.903,1619.983,0,223.998,0,10.000,5342,3489,1.690,1.160,0.610,6,0,0,0,0,11,29,0,15,0
20-05 05:19:43,81.983,12.997,4.249,0,0,1549700,972556,170564,5240088,5929.787,1457.702,0,1271.740,0,112.977,9412,16136,1.690,1.160,0.610,5,0,98.980,0,0,11,28,0,15,0
20-05 05:19:44,80.763,18.753,0,0,0,1638744,883444,170604,5240116,7564.227,1620.263,0,33473.428,0,285.046,6059,4784,2.030,1.240,0.640,8,0,212.034,0,0,11,28,0,15,0
20-05 05:19:45,86.815,12.224,1.746,0,0.249,1772736,749192,170612,5240368,10581.438,1616.553,0,45542.891,0,301.357,8102,9500,2.030,1.240,0.640,3,1,0,0,0,11,33,0,15,0
20-05 05:19:46,69.899,13.028,15.283,0,0,1684780,836752,170656,5240720,49402.635,1515.240,0,2713.803,0,115.246,10954,15544,2.030,1.240,0.640,3,0,185.396,0,0,11,28,0,15,0
20-05 05:19:47,46.002,10.500,43.252,0,0,1513612,1007892,170664,5240740,12034.571,1566.074,0,148.007,0,13.001,3843,2455,2.030,1.240,0.640,2,0,113.005,0,0,11,28,0,15,0
20-05 05:19:48,42.723,9.244,46.721,0.250,0.250,1452576,1068860,170684,5240788,10657.346,1618.989,0,243.848,0,20.987,5449,7028,2.030,1.240,0.640,3,0,135.915,0,0,11,28,0,15,0
20-05 05:19:49,58.282,19.260,22.512,0,0.250,1512504,1008896,170688,5240816,12004.512,1620.879,0,736.399,0,39.021,4450,2743,2.110,1.270,0.650,3,0,242.131,0,0,11,28,0,15,0
20-05 05:19:50,62.743,8.499,27.997,0,0,1525516,995684,170712,5240992,8555.980,1457.826,0,467.944,0,37.995,7039,10049,2.110,1.270,0.650,3,0,29.996,0,0,11,28,0,16,0
20-05 05:19:51,73.729,21.244,4.749,0,0.250,1579636,941476,170716,5241076,5813.374,1619.547,0,627.824,0,34.990,5405,3487,2.110,1.270,0.650,5,0,227.936,0,0,11,29,0,16,0
20-05 05:19:52,76.757,10.751,11.751,0,0.250,1628216,892652,170716,5241300,5243.506,1714.165,0,228.022,0,25.002,8189,13242,2.110,1.270,0.650,4,0,50.005,0,0,11,28,0,16,0
20-05 05:19:53,55.385,16.715,27.443,0,0,1501392,1019412,170724,5241324,13281.526,1616.656,0,411.150,0,37.922,5312,3940,2.110,1.270,0.650,3,0,274.432,0,0,11,28,0,16,0
20-05 05:19:54,66.604,8.263,23.787,0,0,1578624,942116,170724,5241384,9525.873,1460.280,0,184.288,0,8.013,7295,18149,2.260,1.320,0.670,3,0,36.056,0,0,11,30,0,18,0
20-05 05:19:55,55.800,17.766,26.273,0,0,1564496,956196,170744,5241412,8959.949,1621.438,0,408.362,0,35.031,6016,5447,2.260,1.320,0.670,3,0,299.265,0,0,11,28,0,19,0
20-05 05:19:56,63.476,9.496,26.240,0,0,1600804,919680,170748,5241564,8949.647,1619.393,0,215.919,0,9.996,4879,4491,2.260,1.320,0.670,2,0,5.998,0,0,11,31,0,20,0
20-05 05:19:57,58.005,19.001,22.502,0,0,1553268,966996,170748,5241752,10621.833,1620.127,0,264.021,0,27.002,6455,7402,2.260,1.320,0.670,3,0,287.023,0,0,11,28,0,14,0
20-05 05:19:58,63.752,8.500,26.501,0.250,0.250,1628072,892096,170748,5241844,9043.308,1620.055,0,220.007,0,11.000,4938,4992,2.260,1.320,0.670,3,0,0,0,0,11,31,0,14,0
20-05 05:19:59,60.422,12.234,26.216,0.250,0.499,1552480,967488,170764,5242028,10151.938,1617.918,0,395.491,0,39.949,6254,6430,2.320,1.350,0.680,3,0,111.856,0,0,11,28,0,15,0
20-05 05:20:00,65.286,7.754,26.264,0.250,0,1608820,911064,170768,5242200,7202.972,1620.894,0,4318.381,0,273.151,5770,6512,2.320,1.350,0.680,4,0,0,0,0,11,30,0,15,0
20-05 05:20:01,68.805,26.021,5.004,0.250,0,1565084,954724,170776,5242268,10329.295,1459.172,0,468.376,0,44.035,6592,7552,2.320,1.350,0.680,8,0,586.471,0,0,11,28,0,12,0
20-05 05:20:02,80.258,19.502,0,0,0.250,1721264,798512,170780,5242296,9765.010,1620.167,0,272.028,0,11.001,5861,5119,2.320,1.350,0.680,7,0,334.035,0,0,11,28,0,12,0
20-05 05:20:03,80.444,18.237,0.999,0,0,1800744,718928,170788,5242392,11930.679,1618.871,0,483.663,0,37.974,7912,10352,2.320,1.350,0.680,8,0,298.792,0,0,11,28,0,12,0
20-05 05:20:04,76.804,22.266,1.001,0,0,1633476,885936,170808,5242636,11612.228,1459.034,0,612.434,0,49.035,6873,7984,2.620,1.420,0.710,6,0,463.328,0,0,11,28,0,13,0
20-05 05:20:05,81.671,17.733,0.250,0,0,1696636,822780,170812,5242652,10439.917,1618.437,0,367.645,0,12.987,5366,3904,2.620,1.420,0.710,4,0,173.832,0,0,11,31,0,13,0
20-05 05:20:06,82.084,12.763,4.254,0,0.250,1695308,823872,170820,5242884,7537.727,1621.662,0,236.242,0,10.010,8662,13334,2.620,1.420,0.710,6,0,133.136,0,0,11,29,0,14,0
20-05 05:20:07,30.873,24.399,43.322,0,0.249,1541988,977016,170820,5243060,6709.355,1613.352,0,199.179,0,13.943,7767,9012,2.620,1.420,0.710,1,0,521.850,0,0,11,28,0,14,0
20-05 05:20:08,39.119,35.107,24.826,0,0.251,1536072,982888,170820,5243104,10491.987,1462.459,0,248.758,0,19.058,6537,6079,2.620,1.420,0.710,5,0,906.764,0,0,11,28,0,14,0
20-05 05:20:09,82.907,12.985,3.746,0,0,1651308,867616,170820,5243140,10459.252,1618.182,0,183.794,0,8.990,5592,5277,2.810,1.480,0.730,4,0,40.954,0,0,11,30,0,14,0
20-05 05:20:10,76.401,18.286,5.260,0,0,1534364,984448,170852,5243220,9406.559,1623.203,0,841.661,0,78.154,7220,9553,2.810,1.480,0.730,4,0,268.530,0,0,11,28,0,18,0
20-05 05:20:11,85.500,10.250,2.750,0,0.250,1635348,883304,170856,5243376,9139.014,1458.002,0,304.000,0,10.000,5742,4765,2.810,1.480,0.730,4,0,0,0,0,11,30,0,18,0
20-05 05:20:12,55.468,6.496,37.728,0,0,1635060,883304,170868,5243644,7238.765,1619.053,0,255.850,0,19.988,12115,19471,2.810,1.480,0.730,3,0,0,0,0,11,31,0,20,0
20-05 05:20:13,74.808,13.260,10.758,0,0,1552840,965444,170880,5243712,11898.187,1621.252,0,1653.276,0,46.036,8918,12040,2.810,1.480,0.730,4,0,121.093,0,0,11,28,0,21,0
20-05 05:20:14,82.291,11.970,3.740,0,0.249,1638300,879808,170880,5243884,9793.123,1615.895,0,155.605,0,9.975,5888,6494,2.900,1.530,0.750,4,0,0,0,0,11,30,0,20,0
20-05 05:20:15,64.381,11.523,22.796,0,0.251,1621068,896756,170880,5244160,7193.645,1623.305,0,140.286,0,10.020,12407,19969,2.900,1.530,0.750,5,0,71.145,0,0,11,31,0,22,0
20-05 05:20:16,75.538,16.258,7.004,0,0.250,1556400,961224,170884,5244356,11728.888,1620.814,0,4142.079,0,127.064,7520,8168,2.900,1.530,0.750,4,0,189.095,0,0,11,28,0,23,0
20-05 05:20:17,85.616,10.204,3.733,0,0,1634680,882864,170892,5244424,11369.991,1612.765,0,262.821,0,21.902,7390,9417,2.900,1.530,0.750,3,0,0,0,0,11,29,0,23,0
20-05 05:20:18,76.337,14.564,7.784,0,0.251,1595388,921928,170896,5244632,13542.739,1464.460,0,220.975,0,20.089,7778,11662,2.900,1.530,0.750,4,0,100.443,0,0,11,28,0,23,0
20-05 05:20:19,83.299,13.218,3.492,0,0,1646060,871216,170896,5244672,13106.308,1616.092,0,103.749,0,7.981,6119,6688,2.990,1.570,0.770,4,0,29.928,0,0,11,30,0,24,0
20-05 05:20:20,78.813,15.262,5.004,0,0,1600900,916152,170904,5244880,7332.896,1621.304,0,332.267,0,35.028,7216,11257,2.990,1.570,0.770,4,0,179.144,0,0,11,29,0,26,0
20-05 05:20:21,82.373,12.769,5.007,0,0,1626260,890728,170904,5244936,13738.511,1622.422,0,172.257,0,10.015,6182,6759,2.990,1.570,0.770,4,0,82.123,0,0,11,30,0,28,0
20-05 05:20:22,80.132,14.728,4.493,0,0,1582780,933992,170904,5245144,7216.351,1455.852,0,175.741,0,9.985,6126,7568,2.990,1.570,0.770,4,0,119.823,0,0,11,29,0,28,0
20-05 05:20:23,84.597,11.263,4.005,0,0.751,1632272,884460,170904,5245188,19694.499,1621.853,0,136.156,0,9.010,6289,5879,2.990,1.570,0.770,4,0,35.040,0,0,11,30,0,28,0
20-05 05:20:24,69.687,15.431,13.191,0,0,1528800,987732,170932,5245360,14049.831,1612.749,0,597.314,0,58.736,7267,9168,2.990,1.590,0.780,3,0,197.114,0,0,11,28,0,28,0
20-05 05:20:25,62.540,11.805,25.367,0,0.251,1573868,942592,170932,5245428,8914.280,1627.537,0,212.986,0,15.070,5735,5121,2.990,1.590,0.780,5,0,60.279,0,0,11,30,0,28,0
20-05 05:20:26,60.674,13.233,24.969,0,0,1529752,986504,170936,5245624,8521.364,1456.182,0,207.741,0,15.980,7989,9540,2.990,1.590,0.780,3,0,138.827,0,0,11,28,0,28,0
20-05 05:20:27,64.834,10.764,24.281,0,0,1605404,910848,170936,5245644,8771.342,1622.097,0,204.264,0,10.013,4322,3489,2.990,1.590,0.780,4,0,43.056,0,0,11,29,0,28,0
20-05 05:20:28,54.982,10.996,32.989,0.500,0,1599932,916060,170952,5245876,9471.944,1619.478,0,619.800,0,73.976,7016,10077,2.990,1.590,0.780,2,0,152.951,0,0,11,28,0,28,0
20-05 05:20:29,41.758,9.002,48.009,0.250,1.000,1580132,935700,170968,5246020,12015.222,1458.270,0,344.064,0,33.006,4113,3372,2.830,1.580,0.780,2,0,70.013,0,0,11,33,0,28,0
20-05 05:20:30,44.003,7.001,48.004,0,0,1531072,984688,170972,5246084,6972.524,1662.125,0,208.016,0,14.001,4549,4987,2.830,1.580,0.780,2,0,34.003,0,0,11,32,0,28,0
20-05 05:20:31,40.631,10.220,47.860,0,0.499,1567496,948232,170984,5246076,6007.453,1615.282,0,506.520,0,55.837,4408,3539,2.830,1.580,0.780,2,0,105.691,0,0,11,32,0,28,0
20-05 05:20:32,41.755,9.251,48.256,0,0,1439144,1076552,170988,5246104,10966.331,1662.202,0,280.034,0,25.003,4812,5254,2.830,1.580,0.780,2,0,63.008,0,0,11,32,0,28,0
20-05 05:20:33,43.877,6.770,48.641,0,0.251,1498172,1017376,170988,5246252,7239.947,1624.701,0,132.383,0,6.017,4089,3766,2.830,1.580,0.780,2,0,3.009,0,0,11,33,0,28,0
20-05 05:20:34,43.114,8.224,47.599,0.249,0,1481524,1033936,171020,5246304,11795.692,1614.892,0,394.751,0,42.864,4818,6045,2.770,1.590,0.790,2,0,47.849,0,0,11,32,0,28,0
20-05 05:20:35,44.521,6.003,48.773,0,0,1518472,996944,171040,5246328,10239.724,1458.673,0,1932.892,0,111.051,3691,4156,2.770,1.590,0.790,2,0,0,0,0,11,33,0,28,0
20-05 05:20:36,34.083,13.282,52.377,0.251,0,1424848,1090464,171052,5246420,10337.135,1623.949,0,376.916,0,36.088,6071,7318,2.770,1.590,0.790,1,0,282.687,0,0,11,32,0,28,0
20-05 05:20:37,22.505,2.751,73.516,0,0,1425292,1090012,171052,5246424,8767.877,1620.347,0,180.039,0,9.002,2246,1882,2.770,1.590,0.790,1,0,0,0,0,11,33,0,28,0
20-05 05:20:38,14.721,14.222,69.862,0,0,1357344,1157800,171056,5246580,5732.640,1455.116,0,3696.675,0,201.601,5896,5639,2.770,1.590,0.790,1,0,283.438,0,0,11,32,0,28,0
20-05 05:20:39,21.482,4.246,73.438,0,0,1428152,1086988,171056,5246584,10728.929,1618.631,0,167.858,0,6.994,1900,1315,2.620,1.580,0.790,1,0,0,0,0,11,33,0,28,0
20-05 05:20:40,21.752,5.751,72.257,0.250,0,1424044,1091068,171060,5246608,10719.046,1620.158,0,116.011,0,9.001,4068,4332,2.620,1.580,0.790,1,0,46.004,0,0,11,32,0,28,0
20-05 05:20:41,21.999,3.750,73.745,0,0,1417968,1097140,171060,5246612,10847.317,1619.898,0,259.984,0,8.999,2170,1790,2.620,1.580,0.790,1,0,0,0,0,11,32,0,28,0
20-05 05:20:42,21.741,4.998,70.972,0,0.500,1330648,1184396,171080,5246652,8738.534,1457.422,0,295.883,0,26.989,5190,6653,2.620,1.580,0.790,2,0,42.983,0,0,11,32,0,27,0
20-05 05:20:43,10.783,24.324,64.194,0,0.251,1332392,1182488,171084,5246808,10128.685,1624.923,0,1624.923,0,29.088,6540,5384,2.620,1.580,0.790,2,0,566.717,0,0,11,32,0,29,0
20-05 05:20:44,42.176,7.487,48.665,0.499,0.250,1476504,1037904,171108,5247212,11895.256,1617.180,35.937,427.255,0.998,19.965,3153,2201,2.570,1.590,0.800,2,0,18.967,0,0,11,32,0,29,0
20-05 05:20:45,37.432,7.736,44.918,8.235,0,1514052,993588,171788,5252724,8702.165,1617.057,435.208,18318.666,16.969,1994.371,13640,17966,2.570,1.590,0.800,5,0,85.844,0,0,11,36,0,29,0
20-05 05:20:46,35.807,8.013,39.813,14.523,0,1531556,971968,172416,5256016,5429.627,1622.578,0,42327.255,0,3784.013,16486,29445,2.570,1.590,0.800,1,1,82.130,0,0,11,36,0,29,0
20-05 05:20:47,42.424,7.237,45.169,3.993,0,1539384,964624,172620,5255320,10969.341,1455.392,0,19876.378,0,1407.478,7519,11136,2.570,1.590,0.800,2,0,9.982,0,0,11,32,0,29,0
20-05 05:20:48,41.645,6.774,45.910,5.017,0,1554868,948780,172836,5255460,7358.639,1625.664,0,8076.139,0,1038.619,9536,12036,2.570,1.590,0.800,2,0,2.007,0,0,11,34,0,29,0
20-05 05:20:49,35.764,10.004,44.267,8.503,0,1519640,983408,173068,5255824,7850.083,1620.637,0,16006.287,0,1978.777,14959,20888,2.610,1.610,0.810,2,0,100.039,0,0,11,32,0,29,0
20-05 05:20:50,21.943,3.740,72.312,0.748,0,1524512,978488,173092,5255844,12860.616,1615.806,0,3091.974,0,170.557,2425,2317,2.610,1.610,0.810,1,0,0.997,0,0,11,32,0,28,0
20-05 05:20:51,22.511,4.002,73.035,0.250,0.250,1549916,953048,173096,5255876,10690.126,1620.777,0,880.422,0,47.023,1940,1430,2.610,1.610,0.810,2,0,2.001,0,0,11,32,0,28,0
20-05 05:20:52,22.985,4.247,71.205,1.499,0.250,1512452,990464,173124,5255896,11734.579,1712.917,0,7407.315,0,399.747,2866,3265,2.610,1.610,0.810,1,0,0.999,0,0,11,32,0,28,0
20-05 05:20:53,22.752,3.000,73.007,0,0,1538436,964480,173124,5255896,9726.896,1620.149,0,36.003,0,5.000,1928,1298,2.610,1.610,0.810,1,0,3.000,0,0,11,32,0,28,0
20-05 05:20:54,26.991,6.498,65.978,0,0,1493656,1009244,173124,5255912,9529.827,1457.515,0,0,0,0,2807,14180,2.480,1.600,0.810,2,0,36.988,0,0,11,32,0,29,0
20-05 05:20:55,22.503,2.750,73.760,0,0,1529916,972984,173128,5255908,9605.325,1620.224,0,0,0,0,1815,1197,2.480,1.600,0.810,1,0,2.000,0,0,11,32,0,26,0
20-05 05:20:56,22.058,4.261,72.690,0,0.251,1525236,977520,173128,5255992,9377.569,1624.255,0,0,0,0,1950,1314,2.480,1.600,0.810,1,0,7.018,0,0,11,32,0,26,0
20-05 05:20:57,22.485,3.248,74.200,0,0.250,1559932,942824,173128,5255992,49019.165,1457.024,0,95.936,0,0.999,1835,1194,2.480,1.600,0.810,1,0,1.999,0,0,11,32,0,26,0
20-05 05:20:58,22.951,3.492,72.843,0.249,0,1495092,1007536,173148,5256092,10712.924,1616.518,0,299.355,0,10.976,1987,1633,2.480,1.600,0.810,1,0,0.998,0,0,11,32,0,26,0
20-05 05:20:59,22.503,3.500,73.259,0,0,1493328,1009284,173152,5256104,12640.582,1620.203,0,1128.141,0,155.019,2112,1435,2.440,1.610,0.820,3,0,1.000,0,0,11,32,0,24,0
20-05 05:21:00,22.496,3.499,73.737,0.250,0.250,1518052,984560,173152,5256104,11935.865,1457.739,0,59.989,0,3.999,1841,1159,2.440,1.610,0.820,3,0,2.000,0,0,11,32,0,24,0
20-05 05:21:01,22.514,3.502,73.546,0,0,1467744,1034852,173156,5256132,8179.132,1621.017,0,0,0,0,1828,1337,2.440,1.610,0.820,1,0,1.001,0,0,11,32,0,24,0
20-05 05:21:02,22.001,3.500,73.005,0.250,0.250,1462636,1039936,173156,5256156,7450.508,1620.110,0,1828.125,0,194.013,2103,1268,2.440,1.610,0.820,1,0,1.000,0,0,11,32,0,24,0
20-05 05:21:03,22.247,3.499,73.489,0,0,1504624,997948,173156,5256156,10076.460,1619.752,0,0,0,0,1919,1301,2.440,1.610,0.820,1,0,3.000,0,0,11,32,0,24,0
20-05 05:21:04,14.524,13.272,71.116,0,0,1457288,1045120,173164,5256308,10898.769,1460.381,0,176.287,0,2.003,4231,2957,2.320,1.600,0.820,2,0,241.394,0,0,11,32,0,24,0
20-05 05:21:05,9.257,21.015,69.299,0,0,1449324,1052904,173168,5256476,10997.853,1621.158,0,936.669,0,16.011,6239,4838,2.320,1.600,0.820,2,0,489.349,0,0,11,32,0,24,0
20-05 05:21:06,7.754,22.762,68.535,0,0,1434904,1067300,173168,5256500,11942.151,1620.835,0,264.136,0,3.002,5785,4230,2.320,1.600,0.820,2,0,386.199,0,0,11,32,0,24,0
20-05 05:21:07,14.457,11.965,72.286,0,0.249,1462536,1039652,173172,5256504,10691.366,1615.221,0,187.445,0,0.997,4204,3318,2.320,1.600,0.820,2,0,252.254,0,0,11,32,0,22,0
20-05 05:21:08,23.005,3.501,73.015,0,0.500,1532352,969832,173180,5256512,8444.784,1620.342,0,176.037,0,10.002,1963,1544,2.320,1.600,0.820,2,0,2.000,0,0,11,32,0,22,0
20-05 05:21:09,22.246,3.249,73.488,0.250,0,1499248,1002924,173196,5256508,8047.686,1619.736,0,323.947,0,22.996,1820,1380,2.220,1.590,0.820,1,0,1.000,0,0,11,32,0,22,0
20-05 05:21:10,22.752,3.750,73.506,0,0,1559068,943104,173196,5256508,6529.528,1458.118,0,456.037,0,84.007,1886,1140,2.220,1.590,0.820,2,0,2.000,0,0,11,32,0,22,0
20-05 05:21:11,22.249,3.000,73.747,0,0.250,1517348,984812,173196,5256520,10447.581,1619.935,0,23.999,0,2.000,1747,1205,2.220,1.590,0.820,2,0,1.000,0,0,11,32,0,18,0
20-05 05:21:12,22.502,3.500,73.756,0,0,1534584,967576,173196,5256520,8284.668,1620.131,0,0,0,0,1749,1189,2.220,1.590,0.820,1,0,2.000,0,0,11,32,0,18,0
20-05 05:21:13,22.250,3.500,73.750,0,0,1536152,966016,173196,5256512,8635.002,1458.000,0,12.000,0,1.000,1797,1282,2.220,1.590,0.820,2,0,2.000,0,0,11,32,0,18,0
20-05 05:21:14,22.747,3.000,73.489,0,0,1574052,928108,173200,5256512,11842.208,1619.755,0,87.987,0,4.999,1732,1214,2.120,1.580,0.820,1,0,2.000,0,0,11,32,0,18,0
20-05 05:21:15,21.752,3.750,73.758,0,0.250,1529068,973084,173200,5256520,10551.090,1662.172,0,0,0,0,1765,1192,2.120,1.580,0.820,1,0,1.000,0,0,11,32,0,13,0
20-05 05:21:16,23.000,3.000,73.750,0,0,1563460,938692,173200,5256520,46390.098,1458.003,0,12.000,0,1.000,1765,1099,2.120,1.580,0.820,2,0,2.000,0,0,11,32,0,13,0
20-05 05:21:17,23.005,3.751,73.264,0,0,1521220,980948,173200,5256504,6997.378,1620.319,0,2076.409,0,12.002,1808,1311,2.120,1.580,0.820,1,0,1.000,0,0,11,32,0,13,0
20-05 05:21:18,22.246,3.249,73.736,0,0.250,1559500,942668,173200,5256504,6873.689,1619.691,0,227.957,0,10.998,1893,1515,2.120,1.580,0.820,1,0,2.000,0,0,11,32,0,13,0
20-05 05:21:19,22.747,3.250,73.239,0,0,1507852,994376,173200,5256444,12916.041,1511.771,0,391.941,0,28.996,1868,1401,2.030,1.570,0.820,1,0,1.000,0,0,11,32,0,11,0
20-05 05:21:20,21.998,3.500,73.743,0,0,1534176,968052,173200,5256444,10097.018,1565.848,0,0,0,0,1783,1159,2.030,1.570,0.820,2,0,2.000,0,0,11,32,0,11,0
20-05 05:21:21,22.507,3.001,73.524,0,0,1497308,1004844,173200,5256520,12135.941,1620.526,0,224.073,0,31.010,1833,1262,2.030,1.570,0.820,3,0,1.000,0,0,11,32,0,11,0
20-05 05:21:22,22.248,3.750,73.492,0,0,1492752,1009408,173200,5256512,8216.155,1619.833,0,47.995,0,2.000,1801,1299,2.030,1.570,0.820,1,0,1.000,0,0,11,32,0,11,0
20-05 05:21:23,22.254,3.751,73.515,0,0,1525968,976192,173200,5256512,11100.214,1620.323,0,24.005,0,2.000,1828,1218,2.030,1.570,0.820,1,0,3.001,0,0,11,32,0,6,0
20-05 05:21:24,22.400,3.733,73.673,0,0.249,1502120,1000044,173200,5256508,12436.727,1612.832,0,75.664,0,1.991,1822,1274,1.950,1.560,0.820,1,0,0.996,0,0,11,32,0,6,0
20-05 05:21:25,22.351,3.014,73.584,0,0.251,1498600,1003552,173200,5256520,6730.547,1627.386,0,24.109,0,1.005,1725,1139,1.950,1.560,0.820,1,0,1.005,0,0,11,32,0,6,0
20-05 05:21:26,22.240,3.748,73.217,0,0,1525776,976368,173200,5256528,8760.074,1457.347,0,171.923,0,26.988,1877,1320,1.950,1.560,0.820,1,0,1.999,0,0,11,32,0,6,0
20-05 05:21:27,15.765,13.263,69.317,1.001,0,1481360,1020700,173236,5256576,6622.393,1621.565,0,4796.630,0,208.201,4433,3617,1.950,1.560,0.820,3,0,213.206,0,0,11,32,0,6,0
20-05 05:21:28,13.493,15.243,69.966,0,0,1509304,992728,173244,5256596,6864.661,1619.212,0,323.842,0,17.991,4405,3424,1.950,1.560,0.820,1,0,246.880,0,0,11,32,0,6,0
20-05 05:21:29,22.742,3.249,73.475,0.250,0.250,1551428,950584,173244,5256616,11043.289,1661.442,0,283.905,0,18.994,1873,1255,1.870,1.550,0.820,1,0,0,0,0,11,32,0,6,0
20-05 05:21:30,22.502,3.500,73.256,0,0.250,1534612,967156,173244,5256856,9636.734,1458.111,0,108.008,0,4.000,1956,1257,1.870,1.550,0.820,1,0,9.001,0,0,11,32,0,6,0
20-05 05:21:31,22.795,2.755,74.145,0,0,1530452,971316,173244,5256856,9632.874,1623.180,0,0,0,0,1680,1003,1.870,1.550,0.820,1,0,0,0,0,11,32,0,4,0
20-05 05:21:32,8.499,22.748,67.243,0,0,1474304,1027312,173244,5257000,8245.131,1619.829,39.996,331.965,2.000,32.997,6534,5395,1.870,1.550,0.820,1,0,577.939,0,0,11,32,0,4,0
20-05 05:21:33,8.006,22.268,68.305,0,0,1457368,1044212,173244,5257028,6306.092,1459.178,0,204.165,0,3.002,6174,4688,1.870,1.550,0.820,1,0,470.380,0,0,11,32,0,4,0
20-05 05:21:34,8.730,22.199,68.591,0,0,1439768,1061760,173244,5257068,96154.391,1616.258,0,442.974,0,5.986,6283,4720,1.880,1.550,0.830,1,0,482.882,0,0,11,32,0,4,0
20-05 05:21:35,8.515,22.541,68.123,0,0.250,1430264,1071228,173248,5257092,7482.526,1622.934,0,1270.296,0,17.031,6279,4804,1.880,1.550,0.830,2,0,504.913,0,0,11,32,0,4,0
20-05 05:21:36,7.755,23.514,68.040,0,0.250,1420380,1081092,173248,5257112,7038.086,1458.847,0,1232.716,0,14.008,6338,4969,1.880,1.550,0.830,1,0,532.309,0,0,11,32,0,3,0
20-05 05:21:37,7.493,20.980,70.431,0,0,1411240,1090196,173248,5257148,11016.242,1618.419,0,227.778,0,5.994,5940,4451,1.880,1.550,0.830,1,0,405.604,0,0,11,32,0,3,0
20-05 05:21:38,7.245,21.735,68.702,0.250,0,1401844,1099560,173248,5257180,11363.067,1660.841,0,1111.224,0,94.934,6221,4766,1.880,1.550,0.830,2,0,462.677,0,0,11,32,0,3,0
20-05 05:21:39,8.510,22.527,68.083,0,0.250,1395716,1105656,173248,5257212,16333.869,1621.973,0,56.068,0,14.017,6433,5084,1.890,1.560,0.840,1,0,549.669,0,0,11,32,0,3,0
20-05 05:21:40,11.750,22.000,65.250,0,0,1351516,1149780,173248,5257248,8978.065,1620.012,0,432.003,0,19.000,6253,5148,1.890,1.560,0.840,2,0,488.004,0,0,11,32,0,5,0
20-05 05:21:41,44.900,25.444,27.689,0.499,0,1509428,991756,173252,5257324,7368.643,1616.412,0,909.980,0,60.865,6632,6117,1.890,1.560,0.840,3,0,592.684,0,0,11,32,0,9,0
20-05 05:21:42,61.891,11.526,24.807,2.255,0,1665652,831736,173468,5260548,9832.459,1623.709,445.016,5797.242,10.023,418.957,5191,5406,1.890,1.560,0.840,2,1,28.064,0,0,11,34,0,9,0
20-05 05:21:43,36.021,7.755,36.521,17.010,0,1677956,808832,174400,5269276,8788.127,1458.851,0,57717.671,0,4019.345,19269,32082,1.890,1.560,0.840,5,0,95.055,0,0,11,36,0,11,0
20-05 05:21:44,36.984,9.246,35.235,16.243,0.500,1732880,746076,174796,5276420,11143.282,1619.314,0,53253.451,0,4021.297,20251,30699,2.060,1.600,0.850,2,1,113.952,0,0,11,36,0,9,0
20-05 05:21:45,34.971,9.742,34.971,17.485,0,1722808,747736,175080,5284236,7710.603,1618.657,0,63495.318,0,4822.998,23470,36818,2.060,1.600,0.850,3,2,108.910,0,0,11,36,0,9,0
20-05 05:21:46,44.014,9.503,28.509,15.255,0,1717496,746048,175356,5290732,10467.316,1620.513,0,49375.640,0,3764.192,19249,28066,2.060,1.600,0.850,2,1,39.012,0,0,11,36,0,9,0
20-05 05:21:47,40.527,19.513,26.768,11.758,0,1618148,839568,175808,5295920,8626.848,1621.099,372.252,46967.836,6.004,3196.166,21188,32427,2.060,1.600,0.850,4,0,327.222,0,0,11,35,0,9,0
20-05 05:21:48,42.265,22.258,21.257,12.254,0,1619224,832892,176296,5300720,6290.197,1458.509,1656.578,47833.704,31.011,3198.117,18762,30869,2.060,1.600,0.850,5,0,210.073,0,0,11,34,0,11,0
20-05 05:21:49,32.234,11.744,38.481,14.243,0,1632732,814804,176392,5305040,8662.612,1619.180,127.935,40175.649,0.999,3125.417,18578,26351,1.980,1.590,0.860,2,1,122.938,0,0,11,35,0,11,0
20-05 05:21:50,31.734,9.495,42.729,15.742,0,1553752,891260,176504,5307376,9740.136,1619.191,0,44817.619,0,3434.285,22120,33388,1.980,1.590,0.860,1,1,107.946,0,0,11,34,0,11,0
20-05 05:21:51,32.032,8.258,41.292,16.016,0.250,1618816,823724,176628,5309604,11000.150,1459.479,0,40705.260,0,3428.475,19336,27284,1.980,1.590,0.860,1,1,38.039,0,0,11,34,0,11,0
20-05 05:21:52,35.720,6.495,42.215,13.489,0,1613576,828684,176832,5309664,9907.756,1712.575,0,39607.044,0,3227.315,18672,30803,1.980,1.590,0.860,2,2,20.983,0,0,11,35,0,12,0
20-05 05:21:53,32.012,8.253,41.515,15.006,0.250,1582192,859208,177092,5310216,9782.600,1620.596,0,43892.152,0,3539.302,16766,29384,1.980,1.590,0.860,6,0,64.024,0,0,11,36,0,12,0
20-05 05:21:54,39.736,9.497,38.486,11.496,0,1600952,838572,177172,5311992,11784.805,1619.424,0,35035.528,0,2957.947,16414,38384,2.060,1.620,0.870,1,1,65.977,0,0,11,37,0,13,0
20-05 05:21:55,37.004,8.251,40.254,11.751,0,1565664,871860,177236,5313892,8749.847,1620.157,0,30991.001,0,2741.265,18530,28548,2.060,1.620,0.870,2,0,91.009,0,0,11,36,0,14,0
20-05 05:21:56,33.521,9.006,39.775,15.510,0.250,1584604,850724,177264,5315964,8658.422,1458.914,0,38768.279,0,3170.986,17436,26419,2.060,1.620,0.870,5,0,48.030,0,0,11,36,0,13,0
20-05 05:21:57,32.881,7.971,43.592,14.199,0,1593864,838520,177364,5318732,7323.524,1614.164,0,42797.280,0,3402.699,18926,28986,2.060,1.620,0.870,2,1,78.715,0,0,11,36,0,13,0
20-05 05:21:58,31.556,6.512,45.080,15.027,0.250,1638132,791616,177536,5321104,12712.560,1622.880,0,37169.962,0,3364.972,17776,27088,2.060,1.620,0.870,2,1,54.096,0,0,11,36,0,13,0
20-05 05:21:59,31.017,10.005,42.523,14.758,0,1614268,812888,177628,5323536,11616.255,1620.873,0,42662.974,0,3502.886,18409,27642,2.050,1.620,0.870,2,1,138.074,0,0,11,36,0,13,0
20-05 05:22:00,34.504,5.751,41.505,16.252,0,1609096,816396,177664,5325104,9555.213,1620.206,0,41993.333,0,3463.440,18797,27364,2.050,1.620,0.870,3,0,36.005,0,0,11,37,0,13,0
20-05 05:22:01,33.035,8.008,42.045,14.766,0,1607060,822208,177696,5321276,8662.170,1621.717,0,31789.654,0,2819.985,18370,27956,2.050,1.620,0.870,1,1,52.055,0,0,11,36,0,13,0
20-05 05:22:02,32.754,5.501,40.255,18.252,0,1635652,793960,177712,5320924,12023.469,1458.178,0,49694.073,0,3739.457,20454,31471,2.050,1.620,0.870,2,1,33.004,0,0,11,37,0,14,0
20-05 05:22:03,24.499,13.500,58.248,1.750,0.250,1402768,1026796,177724,5320960,9237.704,1619.948,0,6139.803,0,501.984,7481,7921,2.050,1.620,0.870,1,0,215.993,0,0,11,32,0,15,0
20-05 05:22:04,8.744,22.236,67.956,0.250,0.250,1408000,1021404,177724,5321120,7940.832,1618.946,0,691.550,0,34.977,6520,5207,2.130,1.650,0.890,2,0,529.655,0,0,11,32,0,15,0
20-05 05:22:05,53.009,16.753,29.255,0.500,0,1533488,895700,177740,5321320,9379.535,1620.265,0,1156.189,0,82.013,5339,4031,2.130,1.650,0.890,3,0,273.045,0,0,11,32,0,21,0
20-05 05:22:06,67.036,9.005,23.263,1.251,0,1701412,725092,177832,5323760,12858.943,1458.788,0,8252.456,0,408.220,4787,2982,2.130,1.650,0.890,3,0,0,0,0,11,32,0,21,0
20-05 05:22:07,62.271,7.971,25.656,1.744,0,1813708,607476,177988,5328400,7145.718,1614.063,0,10784.335,0,519.091,5885,4759,2.130,1.650,0.890,0,1,14.945,0,0,11,38,0,21,0
20-05 05:22:08,24.072,6.269,48.395,18.305,0,1811012,599440,178100,5338684,10857.462,1624.858,0,63754.616,0,4653.914,23253,37351,2.130,1.650,0.890,4,1,201.603,0,0,11,38,0,21,0
20-05 05:22:09,21.194,7.730,49.120,19.947,0.249,1811028,590872,178160,5346884,11656.226,1615.734,0,74810.489,0,5372.815,25848,41848,2.120,1.650,0.890,1,1,188.502,0,0,11,38,0,21,0
20-05 05:22:10,17.293,6.015,54.133,19.047,0.251,1812260,583564,178200,5352728,9643.742,1461.598,0,64342.408,0,4959.209,23758,36742,2.120,1.650,0.890,4,1,111.274,0,0,11,38,0,21,0
20-05 05:22:11,38.781,9.257,33.027,16.513,0,1743804,645004,178280,5359380,9485.635,1621.305,0,60672.833,0,4542.656,22227,34047,2.120,1.650,0.890,1,1,201.162,0,0,11,36,0,21,0
20-05 05:22:12,35.959,8.490,32.962,18.229,0,1798692,582320,178340,5366884,6947.029,1618.143,0,70003.681,0,4960.309,22331,36304,2.120,1.650,0.890,1,1,105.879,0,0,11,36,0,21,0
20-05 05:22:13,42.788,8.758,33.530,13.512,0.250,1836664,536204,178356,5374700,10268.192,1459.306,0,61190.778,0,3961.546,18777,28822,2.120,1.650,0.890,3,1,6.005,0,0,11,38,0,21,0
20-05 05:22:14,18.000,8.500,50.999,19.500,0.250,1765676,598032,178388,5383516,9419.893,1619.982,0,65119.263,0,4407.950,22138,34382,2.190,1.670,0.900,0,2,98.999,0,0,11,36,0,21,0
20-05 05:22:15,17.748,5.499,55.493,17.998,0,1741996,618720,178400,5386364,10381.660,1661.785,0,53221.128,0,4298.445,21143,32173,2.190,1.670,0.900,3,1,77.990,0,0,11,36,0,21,0
20-05 05:22:16,35.258,6.502,47.511,9.502,0,1453256,906080,178428,5387676,11680.792,1620.387,0,41181.842,0,2841.679,14081,20263,2.190,1.670,0.900,2,0,96.023,0,0,11,32,0,21,0
20-05 05:22:17,17.992,10.245,68.468,2.749,0,1473392,885908,178428,5387712,94992.834,1619.247,0,14737.148,0,792.631,5684,6130,2.190,1.670,0.900,1,0,195.909,0,0,11,32,0,21,0
20-05 05:22:18,22.453,3.742,73.346,0.499,0.249,1527916,831376,178428,5387712,7811.580,1616.602,0,654.624,0,42.910,1958,1582,2.190,1.670,0.900,1,0,0,0,0,11,32,0,21,0
20-05 05:22:19,24.240,2.499,70.969,0.750,0.250,1549292,809996,178428,5387712,9076.079,1619.301,0,3046.684,0,201.913,2751,2674,2.090,1.660,0.900,1,0,4.998,0,0,11,34,0,21,0
20-05 05:22:20,19.990,5.747,72.962,0,0,1476920,882364,178428,5387716,5467.152,1457.241,0,75.960,0,6.996,2176,1505,2.090,1.660,0.900,1,0,27.985,0,0,11,32,0,21,0
20-05 05:22:21,23.012,2.751,73.787,0,0,1514880,844404,178428,5387716,10323.199,1620.816,0,44.022,0,4.002,1768,1207,2.090,1.660,0.900,1,0,0,0,0,11,32,0,21,0
20-05 05:22:22,19.539,11.022,68.889,0.251,0,1461244,898020,178432,5387732,11077.282,1623.265,0,132.266,0,20.040,3676,3059,2.090,1.660,0.900,4,0,230.464,0,0,11,32,0,21,0
20-05 05:22:23,11.756,36.769,50.776,0.250,0,1450672,908544,178432,5387808,22693.482,1620.820,0,700.354,0,53.027,8584,8294,2.090,1.660,0.900,1,0,1120.567,0,0,11,32,0,21,0
20-05 05:22:24,7.733,21.702,68.349,0,0,1432692,926464,178432,5387868,11535.503,1454.785,0,255.435,0,19.956,6108,4563,2.010,1.650,0.910,1,0,475.948,0,0,11,32,0,21,0
20-05 05:22:25,9.276,20.809,69.447,0,0.501,1411412,947572,178432,5388040,9342.495,1624.607,0,16.046,0,4.011,5720,4314,2.010,1.650,0.910,2,0,378.072,0,0,11,32,0,21,0
20-05 05:22:26,11.744,19.990,67.217,0,0,1416960,941948,178432,5388420,10434.950,1619.216,0,31.985,0,7.996,6567,6568,2.010,1.650,0.910,1,0,345.833,0,0,11,32,0,21,0
20-05 05:22:27,32.166,13.215,53.111,0,0,1481904,877004,178444,5388540,7777.600,1615.762,0,39.895,0,0.997,5332,5608,2.010,1.650,0.910,2,0,192.495,0,0,11,33,0,21,0
20-05 05:22:28,43.997,7.000,48.997,0,0,1599756,759040,178444,5388648,7320.481,1499.894,0,0,0,0,2642,1423,2.010,1.650,0.910,2,0,0,0,0,11,33,0,21,0
20-05 05:22:29,45.867,5.013,48.122,0.251,0,1649552,708576,178476,5389240,11651.626,1624.130,104.265,581.478,1.003,36.092,3715,2804,2.010,1.660,0.910,2,0,19.048,0,0,11,49,0,21,0
20-05 05:22:30,33.248,11.999,53.747,0,0.750,1677080,677064,178508,5392808,10792.343,1619.901,0,1359.917,0,122.993,5337,7881,2.010,1.660,0.910,1,0,138.992,0,0,11,48,0,21,0
20-05 05:22:31,15.716,18.211,64.612,0.499,0,1693304,660724,178512,5393176,8771.277,1616.549,0,5168.967,0,302.355,7406,8460,2.010,1.660,0.910,1,0,328.299,0,0,11,48,0,21,0
20-05 05:22:32,4.998,2.749,90.721,0,0,1688884,665132,178512,5392832,9013.123,1619.483,0,207.934,0,18.994,1662,1998,2.010,1.660,0.910,0,0,27.991,0,0,11,48,0,21,0
20-05 05:22:33,0.750,1.250,97.464,0.500,0.500,1686372,667644,178512,5392832,11750.701,1619.408,0,331.879,0,26.990,936,1182,2.010,1.660,0.910,0,0,3.999,0,0,11,48,0,21,0
20-05 05:22:34,0.500,0.500,98.279,0,0,1683488,670568,178512,5392832,8026.340,1458.425,0,0,0,0,754,999,1.840,1.630,0.910,0,0,3.001,0,0,11,48,0,21,0
20-05 05:22:35,0.500,0.500,98.208,0,0,1681412,672644,178512,5392832,7467.801,1619.306,0,3.998,0,1.000,629,931,1.840,1.630,0.910,0,0,1.000,0,0,11,48,0,21,0
20-05 05:22:36,7.277,9.536,82.311,0,0,1665576,688484,178512,5393168,10146.324,1626.142,0,0,0,0,3543,4077,1.840,1.630,0.910,1,0,200.758,0,0,11,48,0,21,0
20-05 05:22:37,15.463,12.221,70.831,0,0,1645364,708616,178512,5392836,9833.568,1496.434,0,3.990,0,0.998,4713,5480,1.840,1.630,0.910,1,0,196.532,0,0,11,48,0,21,0
20-05 05:22:38,14.740,19.737,64.456,0,0,1684488,669376,178512,5393332,9363.666,1856.744,0,147.900,0,10.993,6576,6838,1.840,1.630,0.910,1,0,403.727,0,0,12,48,0,21,0
20-05 05:22:39,14.746,13.996,69.479,0,0,1663520,690236,178512,5393024,11267.583,1619.509,0,2643.198,0,70.978,5120,6926,1.940,1.650,0.920,0,0,258.921,0,0,12,64,0,21,0
20-05 05:22:40,4.262,9.277,84.746,0,0.251,1668288,685464,178512,5393044,9591.874,1462.249,0,0,0,0,2840,2383,1.940,1.650,0.920,1,0,138.402,0,0,14,64,0,21,0
20-05 05:22:41,16.947,12.710,69.282,0,0.249,1673020,680716,178512,5393048,12553.470,1614.915,0,19.937,0,3.987,5752,7671,1.940,1.650,0.920,1,0,191.397,0,0,14,64,0,17,0
20-05 05:22:42,10.032,20.815,68.465,0,0,1660096,693572,178512,5393112,13368.032,1625.110,0,172.543,0,14.044,6248,5223,1.940,1.650,0.920,1,0,425.337,0,0,14,66,0,17,0
20-05 05:22:43,13.738,17.984,67.189,0.500,0.250,1649952,703556,178512,5393268,6091.514,1582.575,0,519.532,0,35.968,6246,6366,1.940,1.650,0.920,4,0,316.715,0,0,14,66,0,17,0
20-05 05:22:44,26.282,20.025,52.565,0,0,1705096,648384,178524,5393280,9305.486,1622.002,0,893.102,0,76.094,6623,6670,2.020,1.680,0.930,2,0,441.545,0,0,14,66,0,17,0
20-05 05:22:45,30.581,23.868,44.752,0,0,1776824,576584,178548,5393324,10233.402,1611.090,0,278.460,0,4.972,6656,5194,2.020,1.680,0.930,4,0,560.898,0,0,14,66,0,13,0
20-05 05:22:46,30.564,23.800,44.343,0,0,1833032,518732,178600,5394804,46929.680,1623.414,8.017,36.076,1.002,9.019,7354,8969,2.020,1.680,0.930,2,0,485.020,0,0,14,70,0,15,0
20-05 05:22:47,40.931,17.471,40.682,0,0.250,1932756,418944,178600,5395176,9359.260,1617.280,0,19.966,0,4.992,6591,7269,2.020,1.680,0.930,4,0,244.589,0,0,14,70,0,15,0
20-05 05:22:48,65.767,26.608,8.033,0,0,2058672,292596,178616,5395668,6938.152,1716.967,0,979.976,0,13.053,5627,5173,2.020,1.680,0.930,5,0,569.310,0,0,14,70,0,15,0
20-05 05:22:49,64.468,19.490,14.993,0,0,2153724,196900,178644,5396172,11394.343,1619.196,0,767.619,0,4.998,5894,8524,2.180,1.710,0.950,4,0,315.843,0,0,14,70,0,13,0
20-05 05:22:50,68.397,28.354,1.741,0.746,0,2260120,172776,163644,5330456,10570.425,1450.511,1548.008,6148.257,111.425,356.161,6379,6776,2.180,1.710,0.950,5,0,470.570,0,0,14,74,0,13,0
20-05 05:22:51,70.459,23.654,3.523,1.510,0.252,2425432,161824,161956,5181592,7220.035,1630.623,3305.534,6824.458,148.970,581.790,8734,12323,2.180,1.710,0.950,7,0,247.613,0,0,14,74,0,13,0
20-05 05:22:52,62.780,26.408,5.481,3.488,0.249,2532592,188692,161708,5051432,9982.091,1708.027,2630.800,30329.931,107.624,1945.197,16339,26073,2.180,1.710,0.950,9,0,429.498,0,0,14,76,0,13,0
20-05 05:22:53,68.693,20.056,9.276,1.254,0.251,2611388,176612,161812,4985620,7696.594,1624.558,1299.646,4628.987,51.143,342.962,8891,14446,2.180,1.710,0.950,5,0,249.701,0,0,14,80,0,15,0
20-05 05:22:54,68.050,24.768,6.505,0,0.250,2749776,184480,161756,4845040,9674.172,1621.202,80.059,1316.976,9.007,76.056,7585,15818,3.530,2,1.040,5,0,540.401,0,0,14,84,0,19,0
20-05 05:22:55,46.734,23.242,29.740,0,0,2805232,126424,161756,4845660,11234.169,1457.503,0,2691.082,0,188.936,7639,19703,3.530,2,1.040,1,0,403.862,0,0,14,84,0,20,0
20-05 05:22:56,55.473,15.243,27.237,0.750,0,2896844,171100,161760,4712212,11045.716,1619.225,1839.120,1031.507,66.968,46.978,5558,5718,3.530,2,1.040,4,0,201.903,0,0,14,87,0,20,0
20-05 05:22:57,46.973,8.995,43.475,0.750,0,2994480,140340,161780,4646916,10232.120,1619.070,67.961,5936.589,12.993,333.808,5134,8516,3.530,2,1.040,1,0,19.989,0,0,14,88,0,19,0
20-05 05:22:58,8.262,19.778,69.600,0.501,0.250,2993052,209432,161780,4580628,7474.729,1550.225,0,1085.558,0,69.099,5829,4577,3.530,2,1.040,1,0,333.479,0,0,14,88,0,19,0
20-05 05:22:59,7.197,20.101,70.727,0,0,3015860,186868,161780,4580504,6694.540,1608.119,7.941,71.472,1.985,6.949,5638,4321,3.410,2,1.050,1,0,346.440,0,0,14,88,0,19,0
20-05 05:23:00,9.812,18.115,71.203,0.503,0,3032304,169712,161780,4581216,11749.828,1630.383,772.922,116.743,33.212,10.064,5102,3748,3.410,2,1.050,2,0,294.878,0,0,14,88,0,19,0
20-05 05:23:01,21.947,3.990,72.825,0,0,3093796,176576,161780,4514556,7445.068,1616.108,19.952,0,1.995,0,2150,1682,3.410,2,1.050,1,0,0,0,0,14,88,0,19,0
20-05 05:23:02,20.050,6.516,72.681,0,0.501,3077108,193220,161784,4514596,9182.813,1461.631,16.040,132.329,4.010,14.035,3089,2832,3.410,2,1.050,2,0,63.157,0,0,14,90,0,20,0
20-05 05:23:03,23.443,3.242,72.573,0,0,3131456,138872,161784,4514596,8960.182,1616.065,0,327.203,0,24.939,2538,2405,3.410,2,1.050,1,0,0.998,0,0,14,90,0,21,0
20-05 05:23:04,24.010,5.252,68.778,1.501,0,3132904,136768,161796,4515196,9818.968,1620.655,148.060,1472.595,10.004,188.076,5047,6659,3.210,1.980,1.050,1,0,3.001,0,0,14,96,0,21,0
20-05 05:23:05,28.015,6.754,60.783,2.251,0,3059040,210488,161800,4515336,9552.121,1620.869,48.026,14295.664,3.002,809.434,6465,7143,3.210,1.980,1.050,2,0,59.032,0,0,14,99,0,22,0
20-05 05:23:06,22.230,5.745,71.437,0.749,0,3128316,141192,161800,4515356,6434.339,1618.576,0,1438.734,0,77.931,2710,2319,3.210,1.980,1.050,1,0,54.952,0,0,14,101,0,14,0
20-05 05:23:07,23.257,3.751,71.021,0.500,0.500,3139620,129844,161800,4515400,7574.283,1458.440,48.014,748.226,2.001,77.023,3692,4147,3.210,1.980,1.050,1,0,1.000,0,0,14,104,0,14,0
20-05 05:23:08,34.813,10.770,53.347,0.250,0,3148776,164448,161684,4472616,10490.004,1622.940,0,973.764,0,89.162,5072,5312,3.210,1.980,1.050,3,0,98.178,0,0,14,107,0,14,0
20-05 05:23:09,43.422,7.986,47.415,0,0.250,3210728,189204,161684,4388328,11379.513,1706.927,187.662,642.843,2.995,47.914,3459,2218,3.280,2.020,1.060,2,0,4.991,0,0,14,107,0,14,0
20-05 05:23:10,24.252,7.001,68.005,0,0,3230620,169164,161684,4388476,14576.163,1620.129,0,424.034,0,23.002,2827,2077,3.280,2.020,1.060,1,0,55.004,0,0,14,107,0,14,0
20-05 05:23:11,23.238,2.998,72.961,0.250,0,3230860,168912,161684,4388488,6879.352,1457.227,0,391.792,0,25.986,2083,1559,3.280,2.020,1.060,1,0,0,0,0,14,107,0,14,0
20-05 05:23:12,20.520,6.506,72.822,0.250,0,3214464,185296,161684,4388500,9343.278,1621.610,0,324.322,0,16.016,2373,1649,3.280,2.020,1.060,1,0,51.051,0,0,14,107,0,14,0
20-05 05:23:13,21.242,5.748,70.972,0.500,0.250,3212588,187100,161692,4388564,7293.092,1619.354,15.994,871.652,3.998,97.961,3581,3839,3.280,2.020,1.060,1,0,37.985,0,0,14,107,0,14,0
20-05 05:23:14,20.712,5.989,72.367,0.499,0.250,3281404,118276,161692,4388572,5816.283,1658.943,3.993,1876.542,0.998,106.803,2572,2206,3.090,2,1.060,1,0,44.917,0,0,14,107,0,14,0
20-05 05:23:15,21.035,5.760,71.620,0,0,3223928,240356,161692,4325620,12383.755,1502.518,0,72.121,0,6.010,2788,2002,3.090,2,1.060,2,0,55.092,0,0,14,107,0,16,0
20-05 05:23:16,23.003,3.501,73.511,0,0,3272468,191812,161692,4325624,8540.291,1620.245,0,196.030,0,2.000,1927,1342,3.090,2,1.060,2,0,0,0,0,14,109,0,16,0
20-05 05:23:17,24.055,5.012,66.904,1.754,0,3271024,192964,161692,4325916,7399.001,1623.731,12.028,2237.140,3.007,322.742,7459,11481,3.090,2,1.060,2,0,1.002,0,0,14,109,0,17,0
20-05 05:23:18,19.197,7.230,71.552,0.748,0.249,3257116,206868,161692,4325920,10458.000,1453.968,0,1607.542,0,111.690,3043,2691,3.090,2,1.060,1,0,52.853,0,0,14,108,0,17,0
20-05 05:23:19,23.255,4.251,71.515,0.500,0.250,3262720,201244,161692,4325940,14098.963,1620.341,4.001,896.188,1.000,76.016,3401,3557,2.930,1.980,1.060,1,0,0,0,0,14,109,0,17,0
20-05 05:23:20,28.554,6.011,61.866,1.252,0.250,3266276,197564,161692,4326064,12067.637,1623.045,48.090,9565.944,3.006,407.765,9396,14425,2.930,1.980,1.060,3,0,0,0,0,14,109,0,17,0
20-05 05:23:21,27.259,7.752,64.020,0.750,0,3289540,174228,161692,4326120,9719.102,1620.517,0,4309.375,0,247.079,5587,7224,2.930,1.980,1.060,2,0,78.025,0,0,14,110,0,17,0
20-05 05:23:22,23.473,2.997,72.167,0.499,0,3309328,154380,161692,4326180,8059.731,1618.139,31.963,1074.764,1.998,99.885,3349,3721,2.930,1.980,1.060,1,0,0,0,0,14,111,0,17,0
20-05 05:23:23,19.230,8.991,70.179,0.250,0,3321316,142364,161696,4326204,11444.358,1456.518,3.996,847.138,0.999,58.940,3793,3451,2.930,1.980,1.060,1,0,147.850,0,0,14,110,0,17,0
20-05 05:23:24,24.714,3.745,70.648,0.250,0,3304588,223096,161696,4263756,10259.213,1617.668,7.988,535.229,1.997,31.954,3152,2996,2.770,1.970,1.060,1,0,0,0,0,14,111,0,17,0
20-05 05:23:25,22.787,5.759,69.364,1.002,0,3300856,226648,161696,4263936,10602.404,1622.664,0,1073.763,0,120.197,5773,7755,2.770,1.970,1.060,1,0,0,0,0,14,111,0,17,0
20-05 05:23:26,39.362,12.285,44.627,1.003,0.251,3239296,287996,161696,4264128,9446.976,1624.639,32.092,7020.046,2.006,707.019,14914,22011,2.770,1.970,1.060,4,0,194.556,0,0,14,112,0,17,0
20-05 05:23:27,41.600,9.217,48.325,0.498,0.249,3303964,223240,161696,4264216,5853.851,2116.354,15.942,1626.125,0.996,141.489,8535,11922,2.770,1.970,1.060,1,0,95.654,0,0,14,112,0,17,0
20-05 05:23:28,18.505,9.503,71.271,0.250,0,3299244,227812,161696,4264364,10885.207,1618.477,0,888.262,0,55.016,3661,2941,2.770,1.970,1.060,1,0,122.036,0,0,14,112,0,17,0
20-05 05:23:29,8.766,20.288,69.880,0.250,0,3252536,274484,161696,4264400,8292.481,1713.198,0,569.062,0,38.071,5897,4511,2.550,1.930,1.060,1,0,374.700,0,0,14,112,0,17,0
20-05 05:23:30,15.469,18.463,63.623,0.250,0,3228508,298460,161696,4264780,7348.321,1658.687,0,526.947,0,27.944,6926,8166,2.550,1.930,1.060,1,0,273.454,0,0,14,112,0,17,0
20-05 05:23:31,28.067,20.549,50.620,0.752,0.501,3277264,249656,161696,4264472,9067.585,1665.966,4.010,2586.156,1.002,155.370,6613,6104,2.550,1.930,1.060,2,0,421.002,0,0,14,112,0,17,0
20-05 05:23:32,34.282,21.020,43.541,0,0,3325164,201344,161708,4265192,8723.150,1501.403,92.086,464.434,7.007,34.032,7107,7818,2.550,1.930,1.060,2,0,399.373,0,0,14,118,0,17,0
20-05 05:23:33,37.431,19.714,41.674,0,0,3406352,119900,161708,4265572,8732.013,1686.911,91.832,187.656,4.991,10.980,6489,6998,2.550,1.930,1.060,4,0,307.437,0,0,16,118,0,17,0
20-05 05:23:34,56.061,27.780,15.767,0,0,3544032,160604,161508,4091400,8803.595,1621.768,60.065,340.371,9.010,25.027,8158,13780,2.590,1.950,1.070,3,0,539.588,0,0,16,124,0,17,0
20-05 05:23:35,49.518,17.757,31.512,0.250,0,3615464,130868,161480,4050208,12676.676,1620.598,32.012,696.257,3.001,43.016,7942,15569,2.590,1.950,1.070,2,0,282.104,0,0,16,140,0,17,0
20-05 05:23:36,30.001,22.751,45.501,0.500,0,3611108,230320,161784,3955340,10129.282,1458.041,1556.043,860.024,81.002,18.001,7012,6011,2.590,1.950,1.070,1,0,536.015,0,0,16,140,0,17,0
20-05 05:23:37,9.241,20.979,68.183,0.999,0,3598716,242664,161784,3955384,5247.819,1750.272,11.988,3784.264,2.997,214.788,6672,5847,2.590,1.950,1.070,2,0,405.600,0,0,16,142,0,17,0
20-05 05:23:38,18.465,15.970,63.380,0.250,0.250,3606492,234740,161788,3955528,6918.923,1616.944,0,1054.008,0,65.875,6564,8058,2.590,1.950,1.070,2,0,230.564,0,0,16,144,0,17,0
20-05 05:23:39,29.553,24.794,45.080,0.250,0,3693804,147384,161788,3955576,10802.199,1622.884,72.128,464.826,1.002,37.066,6728,5594,2.540,1.950,1.070,2,0,410.730,0,0,16,144,0,17,0
20-05 05:23:40,29.440,19.959,48.401,0,0.249,3722028,168620,161736,3907520,12056.416,1616.703,0,307.373,0,17.963,6402,6166,2.540,1.950,1.070,6,0,300.387,0,0,16,150,0,17,0
20-05 05:23:41,32.269,24.014,42.775,0,0.250,3798148,141356,161408,3859456,10801.360,1620.954,32.019,256.151,2.001,12.007,8308,11838,2.540,1.950,1.070,5,0,450.265,0,0,16,154,0,17,0
20-05 05:23:42,29.828,26.820,41.609,0.251,0.251,3873948,175296,161404,3752368,7686.075,1574.111,28.073,505.320,4.010,33.086,7236,6851,2.540,1.950,1.070,3,0,556.453,0,0,16,158,0,17,0
20-05 05:23:43,18.736,23.732,55.707,0.749,0,3919280,155476,161404,3727624,10089.269,1618.760,7.994,9648.606,1.998,517.603,9979,12982,2.540,1.950,1.070,2,0,479.632,0,0,16,168,0,17,0
20-05 05:23:44,16.713,16.713,64.609,0,0,3937068,137640,161404,3728004,8106.281,1616.467,23.948,399.128,2.993,23.948,7025,8927,2.410,1.940,1.070,1,0,303.337,0,0,16,168,0,17,0
20-05 05:23:45,38.247,13.249,47.997,0,0,4034028,121684,161404,3648212,8133.447,1619.890,4.000,475.968,1.000,38.997,4431,3441,2.410,1.940,1.070,1,0,125.991,0,0,16,184,0,17,0
20-05 05:23:46,42.113,9.776,47.628,0,0,4157532,159404,161648,3490028,11918.056,1461.932,284.766,0,11.030,0,2899,1512,2.410,1.940,1.070,3,0,4.011,0,0,16,184,0,17,0
20-05 05:23:47,32.247,10.749,55.995,0.500,0.250,4097764,242336,161656,3467064,9427.143,1709.845,55.995,499.955,5.999,36.997,3843,3549,2.410,1.940,1.070,3,0,169.985,0,0,16,187,0,15,0
20-05 05:23:48,30.726,23.732,43.966,0.749,0.250,4158664,180884,161660,3467564,8828.213,1618.756,275.788,12518.376,6.995,603.536,7427,6347,2.410,1.940,1.070,4,0,504.612,0,0,16,189,0,15,0
20-05 05:23:49,40.660,24.695,32.179,0.249,0,4151036,186504,161672,3469904,12793.740,1562.548,1181.390,650.563,23.947,38.914,7505,10516,2.380,1.940,1.080,3,0,435.039,0,0,16,194,0,16,0
20-05 05:23:50,66.308,17.200,15.954,0,0,4291352,145708,161684,3371436,10451.808,1507.645,550.410,1009.085,11.965,21.937,5117,4913,2.380,1.940,1.080,6,0,156.548,0,0,16,202,0,17,0
20-05 05:23:51,71.463,15.853,10.065,2.265,0,4366740,149164,161716,3294120,11699.831,1630.568,4915.862,515.340,176.142,36.235,5505,4701,2.380,1.940,1.080,3,1,27.176,0,0,16,207,0,18,2
20-05 05:23:52,56.465,17.163,23.631,1.244,0,4354540,208780,161780,3247904,9371.639,1705.382,2567.027,2089.441,163.175,115.417,7028,9237,2.380,1.940,1.080,4,0,203.969,0,0,16,206,0,23,2
20-05 05:23:53,39.579,26.553,32.315,0.251,0,4447940,138096,161780,3226036,6050.130,1460.929,0,625.254,0,43.086,8359,9680,2.380,1.940,1.080,2,0,509.021,0,0,16,210,0,23,0
20-05 05:23:54,50.741,22.246,26.995,0.250,0.250,4457776,163000,161784,3191612,9116.323,1619.702,7.999,8618.414,2.000,77.986,6815,8278,2.590,1.990,1.100,5,0,351.935,0,0,16,210,0,25,0
20-05 05:23:55,59.957,27.480,10.992,0.250,0,4522704,176816,161784,3114800,10509.484,1618.842,339.757,419.700,24.982,29.979,7460,21471,2.590,1.990,1.100,6,0,486.652,0,0,16,212,0,19,0
20-05 05:23:56,61.420,21.309,15.543,0.752,0.251,4557472,175820,162016,3081768,6320.510,1624.500,1672.634,1014.811,84.233,61.169,7807,12127,2.590,1.990,1.100,6,0,262.728,0,0,16,216,0,22,0
20-05 05:23:57,56.425,26.964,15.230,0.250,0.250,4632628,139672,162016,3043964,10369.215,1707.730,207.724,782.959,4.993,63.915,7211,7938,2.590,1.990,1.100,4,0,522.306,0,0,16,220,0,22,0
20-05 05:23:58,59.615,22.042,17.033,0,0.250,4682364,129336,162020,3005564,10738.639,1623.120,645.240,789.517,38.073,48.092,8150,12491,2.590,1.990,1.100,6,0,280.539,0,0,16,228,0,24,0
20-05 05:23:59,67.740,16.998,14.998,0,0,4762072,158296,162020,2899384,12282.246,1457.792,0,635.909,0,19.997,4927,3905,2.620,2.010,1.110,3,0,90.987,0,0,16,228,0,23,0
20-05 05:24:00,69.194,12.740,16.487,0.749,0,4865644,131076,162032,2824372,9703.163,1618.693,1842.512,707.429,92.925,42.965,6972,14462,2.620,2.010,1.110,6,0,8.993,0,0,16,231,0,30,0
20-05 05:24:01,57.803,18.767,23.021,0.250,0,4815656,212440,162032,2793256,5987.530,1691.562,1169.080,908.839,30.028,77.071,6166,6326,2.620,2.010,1.110,3,0,177.164,0,0,16,240,0,31,0
20-05 05:24:02,46.517,29.261,22.758,0.750,0,4858132,165900,162292,2796916,11911.433,1458.543,4893.821,1679.625,75.028,97.036,7953,8364,2.620,2.010,1.110,2,0,464.173,0,0,16,240,0,31,0
20-05 05:24:03,52.995,26.125,19.656,0,0,4860432,163168,162292,2797632,8697.229,1612.257,585.189,1039.010,7.962,42.794,6997,8940,2.620,2.010,1.110,3,0,339.370,0,0,16,242,0,30,0
20-05 05:24:04,71.807,18.328,8.788,0.502,0.251,4870932,220232,162296,2731772,10415.584,1626.964,1201.142,642.751,44.189,52.224,6032,4947,2.810,2.060,1.130,4,0,172.739,0,0,17,245,0,32,0
20-05 05:24:05,80.711,15.149,2.235,0.993,0.497,5026160,128236,161988,2670396,12652.491,1609.251,3174.795,540.391,152.978,27.814,5649,3297,2.810,2.060,1.130,5,0,14.900,0,0,17,249,0,32,0
20-05 05:24:06,80.234,14.337,4.024,0.755,0.252,5034332,217096,161992,2575860,9416.818,1466.850,1529.227,3392.469,66.401,266.609,8907,13455,2.810,2.060,1.130,5,0,87.528,0,0,17,252,0,33,0
20-05 05:24:07,44.129,13.712,41.885,0,0,5126100,159368,161996,2542728,8712.121,2649.737,857.649,678.141,12.964,39.891,4835,4905,2.810,2.060,1.130,4,0,153.579,0,0,17,257,0,32,0
20-05 05:24:08,31.584,8.021,58.907,0.251,0,5085232,200184,162004,2542772,26124.465,5054.440,790.101,918.442,11.029,89.237,4289,4196,2.810,2.060,1.130,1,0,45.120,0,0,17,260,0,32,1
20-05 05:24:09,29.471,15.235,51.450,2.248,0,5088904,177980,162008,2561252,16527067.709,94372.156,2849.227,16891.561,33.967,943.082,10467,7552,2.750,2.060,1.140,2,0,264.742,0,0,17,261,0,32,0
20-05 05:24:10,33.930,7.235,57.632,0.249,0,5128212,138640,162012,2561280,12166.066,1616.687,510.953,411.157,3.992,34.928,3224,2470,2.750,2.060,1.140,2,0,4.990,0,0,17,263,0,32,0
20-05 05:24:11,25.247,4.000,69.243,0.250,0,5138064,128112,162012,2561960,11711.824,1619.837,559.944,603.939,30.997,56.994,5403,6968,2.750,2.060,1.140,1,0,3.000,0,0,17,276,0,35,0
20-05 05:24:12,23.569,5.265,68.952,0.501,0.251,5037484,212260,162016,2578348,9311.240,1666.876,112.329,870.547,6.018,77.226,5735,7584,2.750,2.060,1.140,1,0,42.123,0,0,17,273,0,37,0
20-05 05:24:13,13.213,15.457,69.556,0.499,0.249,5078716,170896,162020,2578476,8624.919,1615.490,43.877,486.641,2.992,29.916,5336,5029,2.750,2.060,1.140,1,0,424.814,0,0,17,273,0,37,0
20-05 05:24:14,20.565,7.022,70.724,1.505,0.251,5076992,172604,162028,2578484,10721.954,1625.146,0,35624.815,0,856.713,3346,2081,2.610,2.040,1.130,2,0,57.181,0,0,17,273,0,37,0
20-05 05:24:15,8.221,19.680,69.502,0.498,0,5074700,174868,162028,2578524,12203.400,1656.083,3.986,1410.959,0.996,81.708,5580,4478,2.610,2.040,1.130,1,0,289.964,0,0,17,275,0,35,0
20-05 05:24:16,7.507,21.270,68.565,0.250,0.250,5079876,169620,162028,2578596,46361.817,1459.379,32.030,240.227,2.002,22.021,5538,4282,2.610,2.040,1.130,1,0,310.293,0,0,17,275,0,35,0
20-05 05:24:17,1.499,0.999,97.186,0,0,5067952,181544,162028,2578596,7806.888,1618.940,0,0,0,0,1029,1346,2.610,2.040,1.130,0,0,11.992,0,0,17,275,0,35,0
20-05 05:24:18,22.728,4.745,71.682,0.250,0,5092024,157464,162028,2578604,16962.896,1618.463,0,303.712,0,41.960,2605,2300,2.610,2.040,1.130,1,0,8.991,0,0,17,275,0,35,0
20-05 05:24:19,18.312,9.281,70.990,0.251,0.251,5081624,167820,162028,2578632,12409.985,1625.499,0,401.358,0,33.112,3918,3435,2.480,2.020,1.130,3,0,109.370,0,0,17,281,0,36,0
20-05 05:24:20,11.504,17.756,70.022,0.250,0,5065208,183872,162032,2578960,11603.606,1620.504,16.005,84.026,4.001,6.002,5408,3955,2.480,2.020,1.130,2,0,222.069,0,0,17,281,0,36,0
20-05 05:24:21,10.997,15.995,70.479,0,0,5055588,193264,162032,2579172,8837.362,1457.565,0,39.988,0,3.999,5511,4135,2.480,2.020,1.130,0,0,241.928,0,0,17,281,0,36,0
20-05 05:24:22,13.250,13.000,71.501,0.750,0,5056548,189320,162096,2581708,10893.090,1620.013,2452.020,844.007,102.001,25.000,4075,3328,2.480,2.020,1.130,1,0,115.001,0,0,17,285,0,36,0
20-05 05:24:23,9.726,5.985,82.793,0.499,0,5047532,195408,162096,2584640,24291.320,1615.963,909.727,7772.584,50.873,52.868,3724,7871,2.480,2.020,1.130,0,0,13.965,0,0,17,285,0,36,0
20-05 05:24:24,1.500,0.750,96.996,0.250,0,5044760,198180,162096,2584640,12443.432,1457.933,0,223.990,0,21.999,1112,1666,2.280,1.990,1.130,0,0,0,0,0,17,285,0,36,0
20-05 05:24:25,1.500,0.250,97.507,0.250,0,5042332,200608,162096,2584640,13565.018,1620.122,0,148.011,0,11.001,949,1278,2.280,1.990,1.130,0,0,0,0,0,17,285,0,36,0
20-05 05:24:26,0.999,0.999,97.424,0,0.250,5040204,202732,162096,2584644,11637.939,1618.740,0,87.932,0,9.992,1015,1316,2.280,1.990,1.130,0,0,0,0,0,17,285,0,36,0
20-05 05:24:27,1.500,0.500,97.281,0,0.500,5038348,204588,162096,2584644,5148.642,1458.465,0,4.001,0,1.000,913,1242,2.280,1.990,1.130,0,0,0,0,0,17,285,0,36,0
20-05 05:24:28,3.001,0.750,96.026,0,0.250,5036932,205988,162096,2584660,9937.684,1620.438,16.004,100.027,1.000,12.003,1358,1834,2.280,1.990,1.130,0,0,0,0,0,17,285,0,36,0
20-05 05:24:29,1.500,0.500,96.746,0.250,0,5035500,207412,162096,2584668,11376.480,1619.926,0,323.985,0,28.999,1076,1410,2.100,1.950,1.120,0,0,0,0,0,17,285,0,36,0
20-05 05:24:30,1.500,0.750,97.004,0,0,5034428,208404,162096,2584748,13583.490,1620.059,80.003,84.003,5.000,10.000,1131,1505,2.100,1.950,1.120,0,0,0,0,0,17,285,0,36,0
20-05 05:24:31,1.750,0,96.975,0.250,0,5033544,209288,162096,2584748,6938.181,1457.618,0,99.974,0,11.997,1079,1492,2.100,1.950,1.120,0,0,0,0,0,17,285,0,36,0
20-05 05:24:32,1.500,1.751,96.528,0,0,5030616,212176,162096,2584788,5948.736,1620.473,32.009,108.032,2.001,12.004,1102,1595,2.100,1.950,1.120,0,0,0,0,0,17,285,0,36,0
20-05 05:24:33,2.500,0.500,96.236,0.500,0,5014000,228752,162208,2584716,11003.407,124130.026,115.983,483.930,7.999,32.995,1290,1546,2.100,1.950,1.120,0,0,1.000,0,0,17,285,0,36,0
20-05 05:24:34,1.250,0.750,97.538,0,0,5013996,228752,162208,2584720,8910.460,1620.629,0,80.031,0,11.004,935,1282,1.930,1.920,1.110,0,0,0,0,0,17,285,0,36,0
20-05 05:24:35,1.750,0.250,96.995,0,0,5013996,228752,162208,2584720,13737.241,1619.910,0,0,0,0,954,1256,1.930,1.920,1.110,0,0,0,0,0,17,285,0,36,0
20-05 05:24:36,1.500,0.750,97.230,0,0.500,5013932,228752,162208,2584784,10150.913,1457.700,63.987,0,1.000,0,1047,1354,1.930,1.920,1.110,0,0,0,0,0,17,285,0,36,0
20-05 05:24:37,1.000,0.250,97.485,0,0.500,5013932,228752,162208,2584784,10522.434,1619.759,0,3.999,0,1.000,902,1208,1.930,1.920,1.110,0,0,0,0,0,17,285,0,36,0
20-05 05:24:38,2.250,1.000,96.013,0.500,0,5013924,228752,162208,2584792,7942.052,1662.220,0,220.029,0,27.004,1474,2105,1.930,1.920,1.110,0,0,0,0,0,17,285,0,36,0
20-05 05:24:39,1.500,1.000,96.474,0.250,0,5013920,228752,162212,2584792,8269.784,1457.609,0,16319.627,0,58.984,1254,1773,1.780,1.890,1.110,0,0,0,0,0,17,285,0,36,0
20-05 05:24:40,1.251,0.500,97.042,0,0,5013920,228752,162212,2584792,9498.158,1620.710,0,568.249,0,17.007,1019,1340,1.780,1.890,1.110,0,0,0,0,0,17,285,0,36,0
20-05 05:24:41,1.500,0.500,97.489,0.500,0,5013916,228752,162212,2584796,12511.632,1619.823,0,91.990,0,9.999,980,1253,1.780,1.890,1.110,0,0,0,0,0,17,285,0,36,0
20-05 05:24:42,1.250,1.000,97.006,0,0,5013892,228752,162212,2584820,11483.683,1620.096,16.001,96.006,1.000,12.001,1182,1649,1.780,1.890,1.110,0,0,0,0,0,17,285,0,36,0
20-05 05:24:43,2.000,0.750,96.995,0.250,0.250,5014140,228500,162212,2584824,12824.370,1457.928,0,435.979,0,26.999,1169,1567,1.780,1.890,1.110,0,0,1.000,0,0,17,285,0,36,0
20-05 05:24:44,1.250,0.750,96.247,0.750,0,5014136,228500,162216,2584824,9544.662,1689.940,0,5755.796,0,647.977,1467,1279,1.870,1.910,1.120,0,1,0,0,0,17,285,0,36,0
20-05 05:24:45,1.000,0.500,97.517,0.250,0.500,5014136,228500,162216,2584824,13073.268,1620.281,0,488.085,0,104.018,989,1211,1.870,1.910,1.120,0,0,0,0,0,17,285,0,36,0
20-05 05:24:46,1.250,0.250,97.248,0,0,5014136,228500,162216,2584824,11199.809,1619.972,0,0,0,0,1113,1454,1.870,1.910,1.120,0,0,2.000,0,0,17,285,0,36,0
20-05 05:24:47,1.500,0.750,97.741,0,0,5014132,228500,162216,2584828,6327.390,1619.844,0,0,0,0,895,1248,1.870,1.910,1.120,1,0,0,0,0,17,285,0,36,0
20-05 05:24:48,2.500,1.250,95.246,0,0,5014128,228500,162216,2584832,6916.709,1457.939,0,299.987,0,35.998,1466,2156,1.870,1.910,1.120,1,0,2.000,0,0,17,289,0,36,0
20-05 05:24:49,1.250,1.000,97.516,0.250,0.500,5014124,228500,162216,2584836,12238.054,1620.272,0,240.040,0,22.004,990,1350,1.720,1.880,1.110,0,0,0,0,0,17,289,0,36,0
20-05 05:24:50,1.499,0.500,96.694,0.750,0,5014124,228500,162216,2584836,13412.199,1619.058,0,7835.442,0,475.723,1759,1278,1.720,1.880,1.110,0,0,0,0,0,17,289,0,36,0
20-05 05:24:51,1.505,1.254,96.566,0,0,5014088,228500,162216,2584872,9930.520,1625.323,0,16.053,0,1.003,1186,1558,1.720,1.880,1.110,0,0,0,0,0,17,289,0,36,0
20-05 05:24:52,1.745,0.748,96.737,0,0,5014172,228500,162216,2584960,6630.986,1615.611,79.783,163.556,2.992,20.943,1140,1702,1.720,1.880,1.110,0,0,0,0,0,17,289,0,28,0
20-05 05:24:53,1.500,0.750,95.742,0.500,0,5014428,228248,162216,2584960,9308.226,1457.879,0,2331.806,0,126.989,1541,2230,1.720,1.880,1.110,0,0,1.000,0,0,17,289,0,28,0
20-05 05:24:54,2.249,0.750,96.456,0,0.500,5014428,228248,162216,2584960,9000.869,1619.257,0,259.881,0,23.989,1183,1718,1.580,1.840,1.110,0,0,0,0,0,17,289,0,28,0
20-05 05:24:55,5.753,3.502,89.039,0.250,0,5039740,202928,162220,2584964,7232.143,1620.704,4.002,484.210,1.000,14.006,2308,9332,1.580,1.840,1.110,0,0,38.017,0,0,17,291,0,29,0
20-05 05:24:56,3.002,1.751,94.801,0,0.250,5031672,210992,162220,2584968,9975.419,1458.792,0,120.065,0,9.005,1288,1519,1.580,1.840,1.110,0,0,7.004,0,0,17,291,0,22,0
20-05 05:24:57,3.499,1.250,94.218,0.250,0.250,5033416,209228,162220,2584988,9497.781,1619.451,0,107.963,0,9.997,1434,1889,1.580,1.840,1.110,0,0,2.999,0,0,17,291,0,22,0
20-05 05:24:58,4.750,1.250,93.491,0,0,5033280,209228,162220,2585124,8883.159,1619.847,0,103.990,0,11.999,1788,2343,1.580,1.840,1.110,0,0,2.000,0,0,17,291,0,22,0
20-05 05:24:59,2.500,0.500,95.759,0,0,5033428,209068,162220,2585136,11248.018,1620.147,0,220.020,0,20.002,1306,1737,1.460,1.810,1.100,0,0,1.000,0,0,17,291,0,22,0
20-05 05:25:00,1.750,0.250,97.746,0,0,5033076,209420,162220,2585136,10993.521,1499.935,0,111.995,0,8.000,885,1215,1.460,1.810,1.100,0,0,0,0,0,17,291,0,17,0
20-05 05:25:01,1.250,1.750,96.515,0.250,0,5032828,209664,162224,2585136,10946.742,1620.258,0,116.018,0,9.001,1158,1529,1.460,1.810,1.100,0,0,3.000,0,0,17,291,0,17,0
20-05 05:25:02,1.250,0.250,96.730,0.250,0.250,5032748,209664,162224,2585216,8194.267,1619.657,79.983,275.942,3.999,25.995,1186,1656,1.460,1.810,1.100,1,0,0,0,0,17,291,0,17,0
20-05 05:25:03,2.000,0.500,97.265,0.500,0,5032748,209664,162224,2585216,4382.683,486.076,0,328.051,0,26.004,1023,1477,1.460,1.810,1.100,0,0,1.000,0,0,17,291,0,17,0
20-05 05:25:04,9.493,3.747,85.684,0,0.250,5034544,207840,162240,2585228,279078.971,5084.083,15.988,163.874,1.998,9.992,2029,1739,1.340,1.780,1.090,2,0,21.983,0,0,17,291,0,10,0
20-05 05:25:05,13.054,4.268,80.832,0.251,0.251,5046876,195372,162248,2585356,432271.040,8010.914,124.512,1389.710,6.025,248.019,2956,2048,1.340,1.780,1.090,1,0,26.107,0,0,17,293,0,10,0
