"pcp-dstat 6.2.0 CSV Output"
"Author:","PCP team <pcp@groups.io> and Dag Wieers <dag@wieers.com>",,,,"URL:","https://pcp.io/ and http://dag.wieers.com/home-made/dstat/"
"Host:","ubuntu",,,,"User:","ubuntu"
"Cmdline:","dstat -tcmndrylpg --tcp --output /tmp/devstack_logs/dstat-csv.log",,,,"Date:","17 May 2026 03:37:07 UTC"
"system","total usage",,,,,"memory usage",,,,"net/total",,"dsk/total",,"io/total",,"system",,"load avg",,,"procs",,,"paging",,"tcp sockets",,,,
"time","total usage:usr","total usage:sys","total usage:idl","total usage:wai","total usage:stl","used","free","buf","cach","net/total:recv","net/total:send","dsk/total:read","dsk/total:writ","read","writ","int","csw","1m","5m","15m","run","blk","new","in","out","lis","act","syn","tim","clo"
17-05 03:37:07,,1005988,1665392,161180,4990444,,,,,,,1.270,0.960,0.490,2,0,,,,10,4,1,17,0
17-05 03:37:08,21.746,21.746,55.240,0.250,0,1002764,1667936,161320,4990864,26241.115,10335.076,0,2259.579,0,88.983,6858,6056,1.270,0.960,0.490,2,0,523.902,0,0,10,5,1,17,0
17-05 03:37:09,19.378,18.136,61.115,0.745,0,996700,1673312,161496,4991236,46126.652,14369.550,0,1804.641,0,64.593,5637,4862,1.270,0.960,0.490,4,0,323.961,0,0,10,6,1,17,0
17-05 03:37:10,31.594,16.800,50.399,0.251,0.251,1010488,1658992,161648,4991616,25284.975,12418.824,0,2491.387,0,52.155,5766,6938,1.270,0.960,0.490,4,0,296.880,0,0,10,6,1,17,0
17-05 03:37:11,26.070,10.027,62.667,0.501,0,1140420,1527988,161832,5117020,48017.264,14390.440,16.043,1792.789,1.003,57.153,4609,4266,1.330,0.980,0.500,1,0,114.305,0,0,11,7,1,17,1
17-05 03:37:12,32.927,11.475,52.883,1.247,0,1165352,1481608,162208,5136880,184664.113,10246.257,207.539,2945.462,8.980,91.796,4703,3554,1.330,0.980,0.500,2,0,180.599,0,0,11,6,1,20,2
17-05 03:37:13,41.756,6.751,48.507,1.750,0,1231092,1389388,163440,5158528,6060.848,1802.252,1808.253,4284.600,120.017,76.011,3363,2113,1.330,0.980,0.500,2,0,0,0,0,11,6,1,20,2
17-05 03:37:14,40.340,6.013,47.606,5.262,0.501,1261152,1331088,164384,5183364,9534.322,1623.631,16.036,13438.052,1.002,825.847,6271,8714,1.330,0.980,0.500,3,1,10.022,0,0,11,8,1,20,2
17-05 03:37:15,30.245,6.499,44.243,17.497,0,1263364,1306824,166196,5201280,8781.553,1619.733,0,54151.077,0,3231.468,13472,22150,1.330,0.980,0.500,2,0,44.993,0,0,11,8,1,20,2
17-05 03:37:16,37.732,8.996,42.729,8.496,0.250,1177560,1361452,167600,5228260,11371.452,1619.210,0,40096.438,0,2323.866,10736,18349,1.460,1.020,0.510,2,0,101.950,0,0,11,6,1,20,2
17-05 03:37:17,42.200,8.740,46.195,1.998,0,1261340,1291184,167920,5214092,34683.877,2097.513,0,8018.493,0,368.563,3714,3362,1.460,1.020,0.510,2,0,18.977,0,0,11,4,1,20,0
17-05 03:37:18,41.326,4.759,53.097,0.250,0.250,1280864,1265696,168008,5219488,12664.169,3748.858,0,1871.424,0,35.064,2905,1582,1.460,1.020,0.510,2,0,24.044,0,0,11,4,1,20,0
17-05 03:37:19,37.999,7.250,51.748,1.750,0,1353292,1191600,168092,5220868,17595.320,4494.826,0,5935.771,0,308.988,3659,3097,1.460,1.020,0.510,2,0,21.999,0,0,11,5,1,20,0
17-05 03:37:20,44.766,8.503,46.266,0,0,1334792,1203812,168552,5225368,8837.109,1794.631,0,1364.480,0,26.009,10201,17084,1.460,1.020,0.510,2,0,14.005,0,0,11,4,1,20,0
17-05 03:37:21,30.500,23.750,43.501,0,0,1222888,1315356,168632,5225572,42555.594,1620.023,0,200.003,0,7.000,14618,22210,1.500,1.030,0.520,3,0,395.006,0,0,11,4,1,20,0
17-05 03:37:22,32.191,21.960,44.418,0.250,0,1154020,1396844,168640,5214408,9698.197,1497.251,0,1832.636,0,21.960,6308,5722,1.500,1.030,0.520,2,0,392.280,0,0,11,4,1,20,0
17-05 03:37:23,44.067,17.276,38.559,0.501,0.250,1196372,1346608,168644,5222724,23713.056,1622.467,7715.732,2183.320,78.119,191.291,6366,5819,1.500,1.030,0.520,2,0,245.373,0,0,11,5,1,20,0
17-05 03:37:24,44.488,5.499,49.237,0,0,1271084,1271432,168652,5223180,7461.989,1619.564,19.995,375.899,3.999,23.994,2750,1279,1.500,1.030,0.520,2,0,0,0,0,11,5,1,20,0
17-05 03:37:25,41.145,9.725,47.878,0,0,1297756,1243504,168664,5224392,7720.385,1615.894,490.753,6842.615,3.990,43.888,2893,1822,1.500,1.030,0.520,5,0,0,0,0,11,5,1,20,0
17-05 03:37:26,16.759,7.754,74.789,0,0,1305388,1234212,168740,5225952,5594.943,1458.767,0,2881.516,0,90.047,3451,4176,1.540,1.050,0.530,0,0,118.062,0,0,11,4,1,20,0
17-05 03:37:27,14.999,4.750,79.994,0,0.250,1340380,1199212,168740,5225960,11342.172,1619.882,0,0,0,0,1829,1600,1.540,1.050,0.530,1,0,21.998,0,0,11,4,1,20,0
17-05 03:37:28,23.007,2.751,73.522,0.250,0.250,1379052,1160540,168740,5225960,11683.550,1620.492,0,200.061,0,10.003,1840,1356,1.540,1.050,0.530,1,0,1.000,0,0,11,4,1,20,0
17-05 03:37:29,22.993,2.249,72.478,1.250,0.250,1404144,1135144,168812,5226192,10243.961,1457.568,0,1407.582,0,192.943,3809,4623,1.540,1.050,0.530,1,0,1.000,0,0,11,10,1,20,0
17-05 03:37:30,20.248,6.749,71.243,1.000,0,1396512,1142336,168984,5226416,9621.021,1619.835,371.962,20089.957,12.999,265.973,3010,2563,1.540,1.050,0.530,2,0,41.996,0,0,11,4,1,22,0
17-05 03:37:31,23.503,2.750,72.758,0.250,0,1416832,1121688,168996,5226656,15790.806,1620.185,40.005,1552.178,10.001,26.003,2793,2644,1.500,1.050,0.530,0,1,1.000,0,0,11,16,1,18,0
17-05 03:37:32,20.238,5.247,72.709,0.500,0,1398716,1139516,169036,5226864,10603.948,1661.052,227.870,1343.233,55.968,19.989,2919,2403,1.500,1.050,0.530,1,0,44.974,0,0,11,28,1,18,0
17-05 03:37:33,23.255,3.251,73.766,0,0.250,1434272,1103940,169036,5226880,6887.474,1620.347,0,52.011,0,4.001,2158,1769,1.500,1.050,0.530,2,0,0,0,0,11,29,1,18,0
17-05 03:37:34,32.755,10.752,55.008,0,0,1514740,1023452,169036,5226900,6059.926,1458.223,0,12.002,0,3.000,3605,2468,1.500,1.050,0.530,2,0,156.024,0,0,11,28,1,18,0
17-05 03:37:35,44.070,7.262,47.826,0.501,0,1529624,1008140,169044,5227308,14189.693,1622.595,0,33149.013,0,183.293,6669,8884,1.500,1.050,0.530,2,0,0,0,0,11,29,1,17,0
17-05 03:37:36,60.587,24.785,14.521,0,0.250,1545512,992188,169052,5227344,9412.464,1622.321,0,2607.730,0,46.066,5743,4952,1.780,1.110,0.560,8,0,578.828,0,0,11,28,1,17,0
17-05 03:37:37,86.076,12.724,0.748,0,0,1721844,815828,169052,5227368,12376.912,1690.573,0,71.854,0,4.990,6045,4620,1.780,1.110,0.560,7,0,0,0,0,11,30,1,17,0
17-05 03:37:38,82.912,11.523,5.010,0,0.501,1765164,772204,169064,5227636,10396.310,1534.999,0,4212.229,0,143.280,9165,12555,1.780,1.110,0.560,4,0,101.198,0,0,11,28,1,17,0
17-05 03:37:39,31.686,12.475,54.141,0,0,1583948,953392,169064,5230556,11644.663,1616.760,0,243.512,0,22.954,5138,12647,1.780,1.110,0.560,2,0,245.508,0,0,11,28,1,17,0
17-05 03:37:40,22.974,3.496,72.669,0,0,1552032,985300,169068,5227668,7963.140,1692.117,0,351.609,0,8.990,2380,5379,1.780,1.110,0.560,2,0,0,0,0,11,28,1,18,0
17-05 03:37:41,20.505,6.252,72.018,0.250,0,1519420,1017888,169076,5227684,6739.706,1532.388,0,208.053,0,21.005,3584,3671,1.880,1.140,0.570,1,0,68.017,0,0,11,28,1,18,0
17-05 03:37:42,22.752,2.750,73.256,0,0,1522568,1014708,169084,5227708,8471.662,1788.140,0,152.012,0,19.001,3067,3380,1.880,1.140,0.570,1,0,0,0,0,11,28,1,18,0
17-05 03:37:43,9.267,21.288,68.122,0.501,0.250,1479084,1058176,169088,5227720,8387.049,1697.045,0,1642.948,0,160.288,6286,4869,1.880,1.140,0.570,2,0,507.911,0,0,11,28,1,15,0
17-05 03:37:44,61.314,27.028,11.011,0,0,1561036,976180,169088,5227764,92904.391,1621.683,0,140.145,0,19.020,5886,4444,1.880,1.140,0.570,6,0,531.551,0,0,11,28,1,15,0
17-05 03:37:45,86.191,11.992,1.999,0,0,1709864,827300,169088,5227804,11611.018,1530.948,0,10488.790,0,55.962,6637,6795,1.880,1.140,0.570,4,0,5.996,0,0,11,32,1,16,0
17-05 03:37:46,78.513,14.002,6.001,0.500,0.250,1546692,990068,169120,5228264,11316.928,1620.276,0,56301.591,0,748.127,9493,13935,1.970,1.180,0.580,6,0,128.022,0,0,11,28,1,16,0
17-05 03:37:47,82.988,16.748,0,0,0.250,1641944,894788,169120,5228296,33685.023,1619.761,0,195.971,0,12.998,5489,3900,1.970,1.180,0.580,7,0,181.973,0,0,11,28,1,17,0
17-05 03:37:48,87.681,10.242,1.749,0,0.500,1759012,777648,169124,5228364,8621.202,1618.724,0,123.902,0,7.994,7743,11266,1.970,1.180,0.580,7,0,0.999,0,0,11,31,1,17,0
17-05 03:37:49,63.658,14.479,20.221,0,0,1560564,975860,169144,5228580,7885.553,1691.544,0,387.438,0,34.949,8091,12193,1.970,1.180,0.580,3,0,267.612,0,0,11,28,1,17,0
17-05 03:37:50,42.988,7.998,48.486,0,0,1580336,956048,169148,5228616,11385.794,1619.544,0,155.956,0,11.997,3286,2024,1.970,1.180,0.580,2,0,29.992,0,0,11,29,1,17,0
17-05 03:37:51,42.831,13.526,42.331,0.250,0,1482772,1053432,169152,5228792,6919.159,1623.087,0,27764.805,0,120.229,6397,8007,1.970,1.190,0.590,4,0,274.522,0,0,11,28,1,17,0
17-05 03:37:52,63.017,13.254,23.006,0.250,0,1598660,937512,169152,5228824,6937.847,1458.388,0,616.164,0,9.002,3993,2396,1.970,1.190,0.590,3,0,104.028,0,0,11,28,1,17,0
17-05 03:37:53,60.003,12.251,27.251,0.250,0,1551128,984952,169172,5228896,14251.625,1620.071,0,456.020,0,48.002,8483,11490,1.970,1.190,0.590,6,0,181.008,0,0,11,28,1,18,0
17-05 03:37:54,82.657,15.732,0.999,0,0.499,1606004,930052,169172,5228920,11502.044,1618.177,0,2217.502,0,111.874,5229,2534,1.970,1.190,0.590,5,0,76.913,0,0,11,28,1,18,0
17-05 03:37:55,74.258,13.001,11.751,0.250,0.250,1583868,952092,169176,5229012,12283.300,1458.154,0,432.046,0,41.004,8575,14057,1.970,1.190,0.590,5,0,215.023,0,0,11,28,1,19,0
17-05 03:37:56,66.885,13.527,19.539,0,0,1578000,957904,169192,5229052,9526.202,1623.272,0,420.848,0,23.046,4340,2525,2.210,1.250,0.620,4,0,109.220,0,0,11,28,1,19,0
17-05 03:37:57,60.750,14.250,23.250,0,0.250,1517300,1018336,169200,5229312,10732.979,1693.997,0,439.999,0,35.000,8596,12151,2.210,1.250,0.620,4,0,249.000,0,0,11,28,1,19,0
17-05 03:37:58,65.200,10.742,23.982,0,0,1594912,940560,169200,5229476,11551.091,1618.751,0,227.824,0,10.992,4309,2823,2.210,1.250,0.620,3,0,50.961,0,0,11,29,1,19,0
17-05 03:37:59,57.795,16.012,25.270,0.250,0,1493732,1041536,169216,5229664,10337.029,1459.133,0,300.233,0,26.020,7461,9847,2.210,1.250,0.620,3,0,287.223,0,0,11,28,1,14,0
17-05 03:38:00,65.214,8.995,24.986,0,0,1602848,932328,169220,5229752,7443.934,1619.116,0,215.882,0,9.995,4548,2975,2.210,1.250,0.620,3,0,0,0,0,11,28,1,15,0
17-05 03:38:01,58.779,12.006,27.764,0,0,1503196,1031776,169228,5229948,12828.412,1620.810,0,752.376,0,40.020,6504,8161,2.280,1.280,0.630,3,0,112.056,0,0,11,28,1,15,0
17-05 03:38:02,66.247,8.250,24.999,0.250,0.250,1609524,925300,169228,5230096,10450.523,1457.933,0,247.989,0,13.999,4202,2733,2.280,1.280,0.630,3,0,0,0,0,11,28,1,15,0
17-05 03:38:03,64.754,20.501,14.251,0,0,1564440,970280,169260,5230180,11970.706,1620.096,0,612.036,0,60.004,7332,9973,2.280,1.280,0.630,6,0,457.027,0,0,11,28,1,12,0
17-05 03:38:04,79.756,20.001,0,0,0.500,1671328,863248,169328,5230224,8758.637,1620.118,0,2872.209,0,166.012,5901,5151,2.280,1.280,0.630,7,0,377.027,0,0,11,29,1,12,0
17-05 03:38:05,81.742,16.748,0.750,0,0.250,1775336,758964,169360,5230468,7515.281,1619.845,0,543.948,0,38.996,7386,10072,2.280,1.280,0.630,8,1,286.973,0,0,11,29,1,13,0
17-05 03:38:06,75.349,23.952,0.499,0,0,1646736,887492,169376,5230524,8461.032,1616.758,0,546.903,0,41.916,6875,7642,2.660,1.380,0.660,8,0,427.143,0,0,11,28,1,14,0
17-05 03:38:07,79.913,20.041,0,0,0,1658796,875212,169376,5230728,9354.057,1623.307,0,909.854,0,11.022,5626,4339,2.660,1.380,0.660,6,0,305.623,0,0,11,28,1,14,0
17-05 03:38:08,84.073,10.727,5.239,0,0,1718240,815692,169376,5230804,10877.047,1616.589,0,3.992,0,0.998,8346,12992,2.660,1.380,0.660,7,0,52.888,0,0,11,30,1,14,0
17-05 03:38:09,39.559,25.788,33.049,0,0,1567304,966404,169376,5231028,6905.223,1460.162,0,68.101,0,8.012,7789,10085,2.660,1.380,0.660,3,0,794.176,0,0,11,28,1,14,0
17-05 03:38:10,62.278,29.513,8.254,0,0.250,1568052,965608,169376,5231076,53912.945,1620.720,0,2761.226,0,121.054,6157,5161,2.660,1.380,0.660,4,0,757.336,0,0,11,28,1,14,0
17-05 03:38:11,82.262,10.251,7.251,0,0,1607384,926208,169384,5231136,11671.705,1620.237,0,284.041,0,26.004,7186,8953,2.760,1.420,0.680,4,0,40.006,0,0,11,29,1,15,0
17-05 03:38:12,75.721,19.493,3.998,0,0,1562848,970560,169392,5231312,7350.216,1457.448,0,483.817,0,40.984,6277,5781,2.760,1.420,0.680,4,0,227.914,0,0,11,28,1,15,0
17-05 03:38:13,74.994,9.219,13.952,0,0.498,1635740,897580,169392,5231400,8708.255,1688.233,0,191.346,0,10.963,8331,12677,2.760,1.420,0.680,3,0,0,0,0,11,31,1,16,0
17-05 03:38:14,63.242,9.285,26.100,0,0,1586620,946440,169404,5231648,9080.678,1626.210,0,481.840,0,47.180,10417,18238,2.760,1.420,0.680,4,0,60.230,0,0,11,29,1,17,0
17-05 03:38:15,82.997,14.749,1.500,0.250,0.250,1577584,955308,169408,5231812,10413.631,1661.941,0,251.991,0,18.999,5821,4437,2.760,1.420,0.680,4,0,59.998,0,0,11,28,1,17,0
17-05 03:38:16,70.972,7.747,19.742,0,0.250,1628604,904192,169408,5231908,11700.315,1457.416,0,175.930,0,6.997,9493,13749,2.860,1.460,0.700,2,0,0,0,0,11,32,1,14,0
17-05 03:38:17,61.762,9.252,28.006,0,0,1563648,968788,169408,5232300,31543.342,1620.326,0,1952.393,0,50.010,12670,19425,2.860,1.460,0.700,6,0,94.019,0,0,11,28,1,16,0
17-05 03:38:18,78.996,19.249,1.500,0,0.250,1583284,949144,169416,5232316,9309.519,1661.914,0,151.992,0,9.999,5163,2890,2.860,1.460,0.700,5,0,166.991,0,0,11,28,1,16,0
17-05 03:38:19,74.998,10.000,13.500,0.250,0,1581920,950244,169420,5232576,25668.315,1457.961,0,255.993,0,22.999,9295,16211,2.860,1.460,0.700,4,0,24.999,0,0,11,29,1,18,0
17-05 03:38:20,81.481,15.247,3.249,0,0,1561616,970508,169424,5232612,5330.785,1619.631,0,199.954,0,18.996,6096,5814,2.860,1.460,0.700,4,0,102.977,0,0,11,28,1,18,0
17-05 03:38:21,81.676,10.990,6.744,0,0.500,1642952,888964,169444,5232800,6959.684,1618.531,0,367.666,0,39.964,6912,9077,2.950,1.510,0.720,4,0,59.946,0,0,11,29,1,18,0
17-05 03:38:22,77.100,14.269,7.510,0,0,1621716,910104,169444,5232896,11431.888,1622.113,0,280.365,0,12.016,7262,11371,2.950,1.510,0.720,4,0,119.155,0,0,11,28,1,19,0
17-05 03:38:23,80.506,13.751,5.250,0,0.250,1652152,879476,169444,5233088,9636.741,1620.124,0,188.014,0,10.001,6912,8429,2.950,1.510,0.720,4,0,125.010,0,0,11,28,1,20,0
17-05 03:38:24,82.751,14.000,2.250,0,0,1672228,859368,169448,5233116,8846.091,1620.017,0,148.002,0,8.000,5735,5781,2.950,1.510,0.720,4,0,77.001,0,0,11,28,1,22,0
17-05 03:38:25,77.245,14.249,7.749,0.250,0.250,1599672,931696,169472,5233320,9032.386,1457.901,0,355.976,0,36.997,6515,9137,2.950,1.510,0.720,4,0,105.993,0,0,11,28,1,22,0
17-05 03:38:26,63.470,14.993,20.990,0.250,0,1554644,976684,169476,5233356,11172.684,1619.230,0,391.814,0,34.983,5844,5446,2.960,1.530,0.730,3,0,185.912,0,0,11,29,1,22,0
17-05 03:38:27,63.216,11.494,24.237,0,0,1568968,962296,169480,5233416,9467.879,1619.124,0,303.836,0,19.989,5614,5690,2.960,1.530,0.730,3,0,95.948,0,0,11,29,1,22,0
17-05 03:38:28,61.916,12.982,24.467,0,0,1532728,998400,169484,5233548,7140.289,1456.020,0,1418.071,0,13.981,6418,7813,2.960,1.530,0.730,3,0,86.882,0,0,11,28,1,22,0
17-05 03:38:29,57.019,10.503,32.261,0,0.500,1556536,974264,169488,5233872,15350.046,1620.533,0,260.085,0,18.006,5088,5521,2.960,1.530,0.730,2,0,86.028,0,0,11,29,1,22,0
17-05 03:38:30,40.183,10.732,47.670,0.250,0,1485292,1045444,169496,5233928,9769.654,1617.294,0,387.352,0,32.945,7115,8867,2.960,1.530,0.730,2,0,134.775,0,0,11,28,1,23,0
17-05 03:38:31,45.002,5.250,48.502,0.250,0.500,1575708,955008,169500,5233944,5653.199,1620.057,0,256.009,0,23.001,3772,3345,2.880,1.540,0.740,3,0,1.000,0,0,11,31,1,23,0
17-05 03:38:32,39.550,11.264,48.061,0,0,1497984,1032524,169508,5234140,14105.811,1501.896,0,232.293,0,19.024,5241,6012,2.880,1.540,0.740,2,0,138.174,0,0,11,30,1,21,0
17-05 03:38:33,44.245,5.999,48.245,0.250,0,1491120,1039348,169520,5234164,9101.047,1619.830,0,315.967,0,28.997,4423,4384,2.880,1.540,0.740,3,0,9.999,0,0,11,33,1,21,0
17-05 03:38:34,41.356,9.775,49.126,0,0,1535460,994976,169528,5234152,12323.580,1624.162,0,946.425,0,63.162,4398,4261,2.880,1.540,0.740,3,0,58.149,0,0,11,32,1,22,0
17-05 03:38:35,44.996,5.250,48.245,0,0,1561420,968944,169544,5234208,10089.049,1457.863,0,167.984,0,18.998,6434,8644,2.880,1.540,0.740,3,0,42.996,0,0,11,33,1,23,0
17-05 03:38:36,43.394,6.983,49.379,0,0,1552348,977988,169564,5234216,5159.362,1616.041,0,4281.512,0,176.567,3189,2108,2.810,1.550,0.740,2,0,4.988,0,0,11,33,1,22,0
17-05 03:38:37,42.528,8.005,48.032,0.250,0,1458548,1071576,169576,5234412,11158.408,1695.125,0,400.266,0,38.025,6941,9405,2.810,1.550,0.740,3,0,91.060,0,0,11,32,1,23,0
17-05 03:38:38,23.739,9.246,65.970,0,0.250,1515676,1014332,169584,5234516,9971.408,1693.220,0,187.913,0,8.996,3262,2672,2.810,1.550,0.740,2,0,191.912,0,0,11,33,1,23,0
17-05 03:38:39,19.790,8.267,71.144,0.251,0,1494656,1035308,169604,5234540,10219.698,1697.438,0,328.666,0,27.055,4511,4995,2.810,1.550,0.740,1,0,116.235,0,0,11,32,1,23,0
17-05 03:38:40,21.676,10.464,66.772,0,0.249,1520860,1009088,169608,5234548,6943.284,1614.485,0,215.265,0,11.959,3474,15795,2.810,1.550,0.740,1,0,203.306,0,0,11,32,1,23,0
17-05 03:38:41,22.504,3.501,72.264,0,0.250,1528816,1001104,169612,5234572,8542.666,1694.330,0,116.023,0,8.002,3435,4099,2.750,1.560,0.750,2,0,0,0,0,11,32,1,24,0
17-05 03:38:42,19.260,6.503,73.039,0,0,1524920,1004996,169612,5234576,12807.784,1788.948,0,276.146,0,11.006,2312,1599,2.750,1.560,0.750,1,0,46.024,0,0,11,32,1,24,0
17-05 03:38:43,24.566,3.008,72.193,0,0.251,1525636,1004096,169624,5234748,7334.608,1536.107,0,232.622,0,20.054,4668,6157,2.750,1.560,0.750,1,0,0,0,0,11,32,1,24,0
17-05 03:38:44,10.994,18.990,68.463,0.250,0,1478544,1050996,169632,5234928,8502.443,1619.132,0,287.846,0,37.980,5562,4382,2.750,1.560,0.750,1,0,432.768,0,0,11,32,1,24,0
17-05 03:38:45,38.031,12.260,49.291,0,0,1544808,984584,169652,5235052,16656.728,1695.397,36.030,412.340,1.001,25.021,4231,3148,2.750,1.560,0.750,4,0,196.162,0,0,11,32,1,26,0
17-05 03:38:46,38.997,7.249,45.496,6.499,0,1604864,918672,170124,5239808,10451.186,1619.874,435.966,12295.042,16.999,1044.919,8254,11743,2.680,1.560,0.760,2,0,64.995,0,0,11,36,1,26,0
17-05 03:38:47,32.744,6.999,40.992,16.497,0,1571940,947084,170960,5243356,36897.780,1457.715,0,42019.778,0,3594.297,16970,27670,2.680,1.560,0.760,6,1,84.983,0,0,11,36,1,26,0
17-05 03:38:48,37.484,6.747,42.482,11.745,0,1510976,1007420,171364,5243536,9064.061,1619.296,0,34852.853,0,2784.790,14016,22076,2.680,1.560,0.760,3,0,31.986,0,0,11,32,1,24,0
17-05 03:38:49,42.650,7.732,47.639,0.998,0.249,1552640,965680,171420,5243556,12247.343,1690.046,0,5004.291,0,277.351,3106,2724,2.680,1.560,0.760,3,0,0.998,0,0,11,32,1,24,0
17-05 03:38:50,35.087,7.268,44.610,11.278,0,1596684,920584,172016,5244000,7958.682,1624.016,0,19079.184,0,2655.567,12248,24416,2.680,1.560,0.760,3,0,3.007,0,0,11,34,1,24,0
17-05 03:38:51,29.253,7.251,60.506,1.500,0.250,1534964,982160,172092,5244064,4319.458,1458.155,0,4428.470,0,355.038,4258,4748,2.630,1.570,0.760,1,0,99.011,0,0,11,32,1,24,0
17-05 03:38:52,22.249,3.250,73.246,0.500,0.250,1564376,952732,172108,5244064,7736.581,1619.912,0,2147.884,0,184.990,2224,1591,2.630,1.570,0.760,1,0,2.000,0,0,11,32,1,24,0
17-05 03:38:53,22.200,4.490,70.592,1.247,0,1468324,1048664,172200,5244088,11712.753,1616.378,0,7579.016,0,401.101,3259,3303,2.630,1.570,0.760,1,1,0.998,0,0,11,32,1,24,0
17-05 03:38:54,22.293,3.256,73.642,0,0,1471416,1045560,172200,5244100,8040.553,1514.930,0,52.101,0,8.016,1835,1186,2.630,1.570,0.760,1,0,3.006,0,0,11,32,1,24,0
17-05 03:38:55,21.704,4.241,73.845,0,0,1510316,1006656,172200,5244104,16570.112,1562.710,0,3.992,0,0.998,1790,1226,2.630,1.570,0.760,1,0,0,0,0,11,32,1,24,0
17-05 03:38:56,21.751,3.500,73.503,0,0,1490380,1026500,172208,5244180,10275.489,1620.077,0,0,0,0,1803,1147,2.500,1.560,0.770,1,0,3.000,0,0,11,32,1,24,0
17-05 03:38:57,22.995,3.249,73.734,0,0,1490228,1026652,172208,5244180,12289.350,1693.635,0,0,0,0,1867,1223,2.500,1.560,0.770,1,0,2.000,0,0,11,32,1,22,0
17-05 03:38:58,23.278,2.503,73.589,0,0.250,1486856,1029928,172208,5244268,8233.942,1621.958,0,24.029,0,1.001,1723,1099,2.500,1.560,0.770,2,0,2.002,0,0,11,32,1,22,0
17-05 03:38:59,21.975,3.246,73.665,0,0,1527168,989592,172216,5244280,9802.691,1618.133,0,215.751,0,1.998,1770,1337,2.500,1.560,0.770,1,0,0.999,0,0,11,32,1,22,0
17-05 03:39:00,21.500,4.750,73.500,0.250,0.250,1524668,992064,172220,5244304,5162.980,1457.994,0,403.998,0,30.000,2019,1700,2.500,1.560,0.770,1,0,2.000,0,0,11,32,1,22,0
17-05 03:39:01,22.250,3.000,73.500,0.250,0,1499436,1017272,172220,5244324,9222.042,1620.007,0,40.000,0,5.000,1811,1314,2.380,1.550,0.770,1,0,1.000,0,0,11,32,1,21,0
17-05 03:39:02,22.251,3.750,73.752,0,0.500,1502572,1014100,172224,5244356,8856.230,1620.042,0,0,0,0,1765,1202,2.380,1.550,0.770,1,0,1.000,0,0,11,32,1,21,0
17-05 03:39:03,21.046,4.259,73.661,0,0,1504052,1012620,172224,5244356,10960.884,1623.538,0,0,0,0,1920,1385,2.380,1.550,0.770,1,0,2.004,0,0,11,32,1,21,0
17-05 03:39:04,19.735,5.996,73.196,0,0,1483176,1033356,172232,5244456,9348.087,1456.923,0,0,0,0,2603,1770,2.380,1.550,0.770,1,0,77.942,0,0,11,32,1,21,0
17-05 03:39:05,8.511,22.278,68.586,0,0.250,1472592,1043864,172232,5244524,9875.374,1622.032,0,969.214,0,11.014,6371,5043,2.380,1.550,0.770,2,0,536.672,0,0,11,32,1,21,0
17-05 03:39:06,8.253,21.508,69.274,0,0.250,1466592,1049672,172236,5244704,9480.341,1620.571,0,428.151,0,8.003,6120,4836,2.270,1.540,0.770,2,0,463.163,0,0,11,32,1,21,0
17-05 03:39:07,11.744,15.243,71.216,0,0,1476536,1039700,172236,5244724,8358.995,1457.302,0,7.996,0,1.999,4744,3608,2.270,1.540,0.770,1,0,291.860,0,0,11,32,1,21,0
17-05 03:39:08,21.704,3.742,74.094,0,0,1484440,1031808,172236,5244712,12396.976,1616.606,0,0,0,0,1865,1298,2.270,1.540,0.770,1,0,2.994,0,0,11,32,1,21,0
17-05 03:39:09,22.739,2.999,73.465,0,0,1467584,1048644,172236,5244732,10325.138,1619.238,0,15.992,0,1.000,1781,1218,2.270,1.540,0.770,1,0,1.000,0,0,11,32,1,19,0
17-05 03:39:10,21.501,3.750,73.503,0.250,0,1524296,991944,172240,5244716,6004.285,1620.077,0,388.018,0,27.001,2090,1747,2.270,1.540,0.770,1,0,2.000,0,0,11,32,1,19,0
17-05 03:39:11,22.516,3.753,73.052,0,0,1536356,979876,172240,5244724,9515.771,1621.154,0,64.046,0,5.004,1904,1364,2.170,1.530,0.770,1,0,1.001,0,0,11,32,1,19,0
17-05 03:39:12,20.750,4.500,73.502,0,0,1586976,929252,172240,5244724,8804.193,1458.032,0,0,0,0,1790,1198,2.170,1.530,0.770,1,0,2.000,0,0,11,32,1,19,0
17-05 03:39:13,22.542,3.506,73.887,0,0.250,1514172,1002064,172240,5244716,10616.673,1623.007,0,16.030,0,2.004,1854,1244,2.170,1.530,0.770,2,0,1.002,0,0,11,32,1,18,0
17-05 03:39:14,21.708,3.992,73.607,0,0.250,1560380,955856,172240,5244716,12359.021,1732.638,0,19.961,0,0.998,1835,1237,2.170,1.530,0.770,1,0,1.996,0,0,11,32,1,18,0
17-05 03:39:15,21.999,3.250,73.747,0,0.250,1520760,995468,172240,5244724,6439.709,1619.927,0,0,0,0,1843,1337,2.170,1.530,0.770,1,0,1.000,0,0,11,32,1,18,0
17-05 03:39:16,22.742,3.499,72.974,0,0.250,1540292,975928,172240,5244732,10469.231,1619.417,0,103.963,0,8.997,1946,1395,2.070,1.520,0.770,1,0,1.999,0,0,11,32,1,18,0
17-05 03:39:17,20.796,4.510,72.912,0.501,0,1565244,950960,172268,5244720,32872.950,1623.603,0,5456.108,0,249.554,2224,2304,2.070,1.520,0.770,1,0,1.002,0,0,11,32,1,14,0
17-05 03:39:18,22.491,3.499,73.720,0,0,1488372,1027832,172268,5244720,5971.571,1457.407,0,2678.910,0,103.958,1950,1198,2.070,1.520,0.770,1,0,3.998,0,0,11,32,1,14,0
17-05 03:39:19,22.012,3.002,73.790,0,0,1529856,986408,172268,5244660,9829.315,1662.899,0,16.009,0,2.001,1784,1205,2.070,1.520,0.770,1,0,0,0,0,11,32,1,14,0
17-05 03:39:20,22.683,3.490,73.035,0,0,1508000,1008260,172272,5244660,11570.965,1615.249,0,602.229,0,29.912,2011,1510,2.070,1.520,0.770,1,0,2.991,0,0,11,32,1,14,0
17-05 03:39:21,22.258,3.501,73.276,0.250,0,1518160,998020,172276,5244736,29748.440,1458.512,0,108.038,0,7.002,1891,1320,1.990,1.510,0.770,2,0,0,0,0,11,32,1,12,0
17-05 03:39:22,21.255,4.751,73.769,0,0,1553676,962512,172276,5244728,8808.247,1620.413,0,52.013,0,4.001,1806,1326,1.990,1.510,0.770,1,0,1.000,0,0,11,32,1,12,0
17-05 03:39:23,22.549,2.756,73.659,0.251,0.251,1530772,985396,172276,5244748,17928.687,1623.503,0,693.496,0,119.257,2060,1183,1.990,1.510,0.770,3,0,3.006,0,0,11,32,1,12,0
17-05 03:39:24,21.702,3.492,74.087,0,0,1556236,959956,172276,5244724,10536.825,1658.353,0,23.947,0,0.998,1826,1335,1.990,1.510,0.770,2,0,0,0,0,11,32,1,12,0
17-05 03:39:25,21.799,3.758,74.167,0,0.251,1546140,970036,172276,5244740,8390.839,1461.281,0,4.009,0,1.002,1772,1303,1.990,1.510,0.770,2,0,1.002,0,0,11,32,1,8,0
17-05 03:39:26,20.950,4.489,73.576,0,0.249,1528428,987708,172276,5244780,9101.441,1616.172,0,11.972,0,0.998,1923,1326,1.910,1.510,0.770,2,0,15.962,0,0,11,32,1,8,0
17-05 03:39:27,7.521,23.314,67.686,0,0,1517644,998476,172276,5244796,11438.376,1624.456,0,192.528,0,8.022,5487,3838,1.910,1.510,0.770,1,0,362.996,0,0,11,32,1,8,0
17-05 03:39:28,18.489,7.995,72.459,0,0,1537692,978404,172280,5244816,9719.439,1619.074,0,191.890,0,4.997,2772,2053,1.910,1.510,0.770,1,0,84.951,0,0,11,32,1,8,0
17-05 03:39:29,23.402,2.241,73.195,0,0,1539300,976616,172280,5244996,11640.471,1505.723,0,0,0,0,1750,978,1.910,1.510,0.770,1,0,2.988,0,0,11,32,1,8,0
17-05 03:39:30,21.299,5.262,73.418,0,0,1550048,965772,172300,5245064,6693.334,1569.596,0,445.019,0,28.064,2156,1851,1.910,1.510,0.770,1,0,6.014,0,0,11,32,1,8,0
17-05 03:39:31,17.516,12.011,69.563,0,0,1538180,977508,172304,5245192,4667.245,1621.475,40.036,116.106,2.002,8.007,3736,2857,1.830,1.500,0.780,3,0,242.220,0,0,11,32,1,8,0
17-05 03:39:32,7.003,22.260,68.782,0,0.500,1513092,1002548,172304,5245232,16190.537,1620.755,0,272.127,0,11.005,6567,5304,1.830,1.500,0.780,4,0,557.259,0,0,11,32,1,8,0
17-05 03:39:33,7.503,22.759,68.778,0,0,1487804,1027796,172304,5245268,6883.775,1620.653,0,180.073,0,3.001,6446,5152,1.830,1.500,0.780,2,0,521.210,0,0,11,32,1,8,0
17-05 03:39:34,8.759,22.523,67.820,0,0.250,1474260,1041292,172304,5245300,11593.993,1621.678,0,1093.131,0,13.013,6216,4779,1.830,1.500,0.780,1,0,496.514,0,0,11,32,1,7,0
17-05 03:39:35,7.995,22.237,68.959,0,0,1456680,1058852,172304,5245312,9757.167,1619.032,0,1195.285,0,12.992,6206,4741,1.830,1.500,0.780,3,0,498.702,0,0,11,32,1,7,0
17-05 03:39:36,8.002,20.505,69.517,0,0,1444052,1071440,172304,5245352,12118.039,1458.366,0,792.199,0,10.003,6022,4602,1.690,1.470,0.770,1,0,458.115,0,0,11,32,1,7,0
17-05 03:39:37,8.503,20.258,69.526,0,0.250,1433628,1081816,172308,5245380,9618.614,1620.609,0,316.119,0,11.004,6016,4611,1.690,1.470,0.770,2,0,436.164,0,0,11,32,0,7,0
17-05 03:39:38,7.750,22.751,68.002,0,0,1417820,1097560,172308,5245440,5733.142,1620.040,0,272.007,0,12.000,6293,5034,1.690,1.470,0.770,2,0,525.013,0,0,11,32,0,4,0
17-05 03:39:39,8.741,20.979,69.181,0,0,1348100,1167208,172324,5245476,6553.460,1456.547,0,47.952,0,10.989,6279,5218,1.690,1.470,0.770,1,0,521.480,0,0,11,32,0,4,0
17-05 03:39:40,33.282,31.280,34.283,0.500,0,1423696,1091516,172356,5245524,58034.088,1621.567,0,1177.138,0,66.064,8022,18122,1.690,1.470,0.770,3,0,852.824,0,0,11,32,0,11,0
17-05 03:39:41,63.247,10.956,24.153,0,0,1598632,915720,172432,5246208,8580.690,1613.548,15.936,334.662,0.996,10.956,3766,1865,1.790,1.500,0.780,3,0,1.992,0,0,11,32,0,11,0
17-05 03:39:42,44.380,10.280,32.345,11.784,0,1641200,861092,173480,5256060,13458.340,1719.025,429.255,47663.326,9.026,3173.276,16277,26644,1.790,1.500,0.780,0,1,93.273,0,0,11,38,0,10,0
17-05 03:39:43,34.457,11.236,33.958,18.227,0.499,1690028,803392,173992,5264080,6678.704,1456.191,0,68986.305,0,4883.933,21332,35738,1.790,1.500,0.780,2,3,134.833,0,0,11,36,0,10,0
17-05 03:39:44,38.830,8.016,32.316,18.037,0,1702460,782148,174296,5272284,8838.178,1623.339,0,71719.513,0,5200.697,24081,38657,1.790,1.500,0.780,2,1,51.105,0,0,11,36,0,13,0
17-05 03:39:45,43.240,9.748,28.993,15.746,0,1688528,788576,174768,5279076,9468.769,1619.618,0,60997.625,0,4591.918,21013,33020,1.790,1.500,0.780,2,1,102.976,0,0,11,36,0,13,0
17-05 03:39:46,41.140,20.196,27.676,8.976,0,1660892,810296,175288,5284608,5917.218,1454.122,371.010,28898.924,5.984,2249.999,18437,28777,2.050,1.560,0.810,14,1,392.952,0,0,11,35,0,11,0
17-05 03:39:47,40.290,18.518,27.277,12.262,0.250,1630236,835264,175664,5289252,36854.405,1621.602,1797.776,51760.129,35.035,3525.482,21168,33156,2.050,1.560,0.810,1,1,228.225,0,0,11,34,0,11,0
17-05 03:39:48,32.066,7.766,41.334,16.534,0,1670704,789488,175860,5294220,7888.126,1623.319,0,43116.142,0,3338.826,18004,25581,2.050,1.560,0.810,3,0,40.082,0,0,11,34,0,11,0
17-05 03:39:49,33.183,6.237,44.411,13.972,0,1664740,793012,176004,5296444,5916.106,1616.749,0,40997.573,0,3221.523,19774,31754,2.050,1.560,0.810,4,0,41.916,0,0,11,35,0,11,0
17-05 03:39:50,30.548,9.515,40.062,16.776,0.250,1575092,881496,176192,5297396,11557.978,1622.524,0,51776.536,0,4045.292,18261,30376,2.050,1.560,0.810,2,1,104.162,0,0,11,34,0,11,0
17-05 03:39:51,35.008,7.002,41.509,14.503,0,1595692,860460,176576,5297428,10101.223,1458.321,0,41381.108,0,3398.748,17544,28268,2.130,1.580,0.820,1,1,18.004,0,0,11,35,0,11,0
17-05 03:39:52,32.727,8.744,41.221,15.239,0,1555620,899592,176816,5298076,12616.140,1618.863,0,41802.642,0,3526.523,21148,32716,2.130,1.580,0.820,2,0,65.954,0,0,11,36,0,11,0
17-05 03:39:53,34.265,6.003,39.517,17.257,0.250,1604868,848588,176920,5299704,13798.865,1620.689,0,45663.407,0,3690.568,18155,28657,2.130,1.580,0.820,2,0,30.013,0,0,11,36,0,11,0
17-05 03:39:54,39.988,6.248,40.488,11.997,0,1594988,856436,176960,5301660,6951.995,1619.533,0,28691.723,0,2674.229,18397,30435,2.130,1.580,0.820,3,1,38.989,0,0,11,36,0,12,0
17-05 03:39:55,30.997,9.249,40.496,16.248,0.250,1571856,877104,177088,5303932,11652.773,1457.846,0,53134.405,0,4107.567,19500,29754,2.130,1.580,0.820,1,1,96.990,0,0,11,36,0,12,0
17-05 03:39:56,32.259,7.752,42.012,15.254,0,1575520,870532,177300,5306548,9855.897,1620.476,0,42696.551,0,3365.989,18354,29115,2.360,1.640,0.840,3,1,82.024,0,0,11,36,0,12,0
17-05 03:39:57,31.490,8.747,40.488,17.495,0,1618744,825008,177404,5308680,10859.692,1619.507,0,47405.560,0,3782.848,20751,29265,2.360,1.640,0.840,4,0,47.985,0,0,11,37,0,12,0
17-05 03:39:58,33.016,9.755,40.019,15.758,0,1622632,817892,177460,5311764,9486.560,1458.701,0,43188.762,0,3543.704,18808,29767,2.360,1.640,0.840,2,0,142.068,0,0,11,36,0,12,0
17-05 03:39:59,33.463,7.741,39.706,16.232,0,1615164,823920,177460,5313152,9209.866,1618.219,0,42397.351,0,3397.262,18487,26599,2.360,1.640,0.840,1,1,32.964,0,0,11,36,0,12,0
17-05 03:40:00,31.042,8.762,42.558,15.271,0,1569596,873412,177484,5309176,10718.615,1622.212,0,33065.083,0,3068.183,18697,28978,2.360,1.640,0.840,1,1,55.075,0,0,11,36,0,12,0
17-05 03:40:01,32.740,8.247,40.737,16.245,0.250,1601952,841272,177568,5308880,7982.522,1619.497,0,46253.643,0,3663.863,19382,28913,2.490,1.680,0.860,5,0,32.990,0,0,11,36,0,13,0
17-05 03:40:02,32.977,14.490,46.717,4.996,0.250,1438152,1004900,177580,5309036,9680.161,1618.856,0,18810.710,0,1191.158,10176,12471,2.490,1.680,0.860,1,0,331.766,0,0,11,32,0,14,0
17-05 03:40:03,8.511,23.280,65.833,1.001,0,1431260,1011668,177580,5309160,9829.461,1513.919,0,1265.604,0,160.203,6496,5057,2.490,1.680,0.860,2,0,508.645,0,0,11,32,0,14,0
17-05 03:40:04,57.993,15.498,24.747,1.250,0,1544748,897968,177604,5309348,10842.602,1565.798,0,5083.345,0,281.964,5804,4507,2.490,1.680,0.860,3,0,179.977,0,0,11,32,0,20,0
17-05 03:40:05,65.757,9.501,24.003,0,0.500,1713088,726396,177668,5312236,11059.184,1620.173,0,3176.340,0,122.013,4185,1871,2.490,1.680,0.860,3,0,0,0,0,11,32,0,20,0
17-05 03:40:06,59.464,7.246,27.983,3.498,0,1817140,616820,177748,5317192,8719.793,1619.033,0,11956.860,0,654.609,7152,6487,2.530,1.700,0.870,2,1,35.979,0,0,11,38,0,20,0
17-05 03:40:07,23.757,6.752,49.765,18.005,0,1813444,610016,177804,5327304,10748.230,1620.487,0,58437.562,0,4413.326,22309,36498,2.530,1.700,0.870,1,1,189.057,0,0,11,38,0,20,0
17-05 03:40:08,19.743,7.747,49.234,20.743,0,1810276,604472,177864,5335656,6323.918,1619.467,0,72927.986,0,5254.270,26290,41024,2.530,1.700,0.870,1,1,189.937,0,0,11,38,0,20,0
17-05 03:40:09,16.745,6.748,51.235,21.244,0.250,1809012,599712,177932,5341404,5365.458,1619.534,0,72775.078,0,5285.481,23667,37895,2.530,1.700,0.870,3,0,95.972,0,0,11,38,0,20,0
17-05 03:40:10,36.005,9.501,35.255,17.753,0,1683260,718776,178004,5347804,6858.020,1458.217,0,52623.827,0,3903.581,20362,32691,2.530,1.700,0.870,1,1,222.033,0,0,11,36,0,20,0
17-05 03:40:11,39.151,9.227,30.423,18.204,0,1738556,655524,178060,5355400,10791.757,1615.921,0,64229.859,0,4414.855,20293,33669,2.730,1.750,0.890,2,2,93.763,0,0,11,36,0,20,0
17-05 03:40:12,39.842,8.770,33.077,16.288,0.251,1792328,592328,178084,5364424,9235.391,1623.761,0,58130.642,0,3981.221,16787,30015,2.730,1.750,0.890,1,2,2.005,0,0,11,38,0,20,0
17-05 03:40:13,21.710,8.734,48.162,18.466,0.250,1746924,631064,178128,5370820,9147.236,1497.256,0,74790.936,0,5008.821,22766,36472,2.730,1.750,0.890,6,0,101.813,0,0,11,36,0,20,0
17-05 03:40:14,18.297,6.016,53.138,19.300,0,1738220,637112,178168,5373360,12717.915,1624.204,0,69792.629,0,4964.849,21847,35350,2.730,1.750,0.890,3,1,63.163,0,0,11,36,0,20,0
17-05 03:40:15,34.003,9.251,44.754,10.501,0,1483428,890204,178172,5374992,13919.216,1620.142,0,29518.579,0,2366.207,12102,18699,2.730,1.750,0.890,2,0,216.019,0,0,11,32,0,20,0
17-05 03:40:16,20.183,5.980,71.514,0.748,0,1483960,889640,178172,5375024,9434.874,1614.673,0,4090.505,0,224.260,3147,2928,2.670,1.760,0.900,1,0,87.711,0,0,11,32,0,20,0
17-05 03:40:17,22.748,3.500,71.743,1.500,0.250,1526072,847528,178172,5375024,29305.320,1457.867,0,4891.553,0,271.975,2324,2374,2.670,1.760,0.900,1,0,2.000,0,0,11,32,0,20,0
17-05 03:40:18,22.225,4.245,72.667,0,0,1490464,883128,178172,5375032,10982.403,1618.144,0,151.826,0,12.985,2522,2043,2.670,1.760,0.900,1,0,27.968,0,0,11,32,0,20,0
17-05 03:40:19,22.039,3.757,73.881,0,0,1551404,822184,178172,5375036,9470.767,1622.873,0,60.106,0,6.011,1748,1209,2.670,1.760,0.900,1,0,1.002,0,0,11,32,0,20,0
17-05 03:40:20,23.750,3.000,72.499,0.500,0.250,1583044,790564,178172,5375028,7600.887,1619.976,0,515.992,0,47.999,2183,1932,2.670,1.760,0.900,1,0,5.000,0,0,11,34,0,20,0
17-05 03:40:21,14.792,28.081,55.910,0,0,1432336,941240,178176,5375060,9658.704,1624.660,0,822.359,0,41.118,6725,6348,2.540,1.750,0.900,3,0,822.359,0,0,11,32,0,20,0
17-05 03:40:22,8.747,27.742,62.232,0,0,1427312,946192,178176,5375116,8684.477,1457.577,0,283.918,0,26.992,7067,6095,2.540,1.750,0.900,1,0,760.779,0,0,11,32,0,20,0
17-05 03:40:23,8.493,20.233,69.690,0,0,1415148,958260,178176,5375196,11520.074,1618.605,0,103.910,0,6.994,5878,4372,2.540,1.750,0.900,1,0,407.649,0,0,11,32,0,20,0
17-05 03:40:24,9.512,20.276,68.586,0,0,1380968,992284,178176,5375352,9296.703,1664.095,0,36.045,0,9.011,5842,4372,2.540,1.750,0.900,1,0,373.470,0,0,11,32,0,20,0
17-05 03:40:25,17.226,16.727,65.409,0,0.499,1391888,981288,178176,5375372,6127.520,1617.761,0,1973.269,0,242.664,5998,6454,2.540,1.750,0.900,1,0,252.650,0,0,11,32,0,20,0
17-05 03:40:26,43.430,10.234,44.928,0,0.250,1489240,883808,178188,5375944,10645.914,1455.664,0,75.878,0,4.992,3685,2421,2.490,1.750,0.910,3,0,124.800,0,0,11,33,0,20,0
17-05 03:40:27,43.997,7.250,48.247,0,0,1590732,782280,178188,5375980,15988.987,1619.897,0,0,0,0,3182,2226,2.490,1.750,0.910,3,0,8.999,0,0,11,45,0,20,0
17-05 03:40:28,45.858,5.262,48.114,0.251,0,1652096,719084,178260,5377484,7910.697,1623.838,104.246,2096.956,1.002,174.412,3671,2550,2.490,1.750,0.910,2,0,11.026,0,0,11,49,0,20,0
17-05 03:40:29,17.731,17.980,62.432,0.250,0,1671240,697180,178264,5380128,10592.499,1618.243,0,311.662,0,12.986,7129,9722,2.490,1.750,0.910,3,0,298.676,0,0,11,48,0,20,0
17-05 03:40:30,16.474,13.229,68.889,0,0,1667432,700900,178264,5380160,7422.089,1455.664,0,255.590,0,30.950,5623,7266,2.490,1.750,0.910,1,0,195.686,0,0,11,48,0,20,0
17-05 03:40:31,0.750,1.500,95.483,1.750,0.500,1667880,700452,178264,5380160,9960.191,1619.706,0,7254.682,0,337.939,1925,2505,2.290,1.720,0.900,0,0,2.999,0,0,11,48,0,20,0
17-05 03:40:32,0.750,0.750,97.000,0.750,0,1667880,700452,178264,5380160,12947.944,1619.993,0,2443.989,0,135.999,1224,1560,2.290,1.720,0.900,0,0,2.000,0,0,11,48,0,20,0
17-05 03:40:33,0.500,0.500,97.775,0.250,0,1667880,700452,178264,5380160,6946.771,1458.372,0,284.072,0,12.003,779,1001,2.290,1.720,0.900,0,0,2.001,0,0,11,48,0,20,0
17-05 03:40:34,1.251,1.001,97.059,0,0,1667884,700452,178264,5380152,10055.146,1620.991,0,32.020,0,4.002,956,1157,2.290,1.720,0.900,2,0,5.003,0,0,11,48,0,20,0
17-05 03:40:35,15.236,14.737,68.188,0,0,1669420,698908,178264,5380512,11757.388,1618.539,0,1162.950,0,8.992,5790,7015,2.290,1.720,0.900,1,0,276.750,0,0,11,48,0,20,0
17-05 03:40:36,11.783,15.543,70.946,0.752,0.251,1685532,682784,178264,5380188,13876.330,1624.487,0,4488.398,0,340.942,5460,4745,2.270,1.730,0.910,1,0,281.778,0,0,12,48,0,20,0
17-05 03:40:37,17.201,18.697,63.070,0,0,1703468,664572,178264,5380768,11613.939,1852.726,0,203.421,0,7.977,6581,7059,2.270,1.730,0.910,1,0,314.106,0,0,12,52,0,20,0
17-05 03:40:38,9.251,9.251,80.005,0,0.250,1698968,669048,178264,5380444,10172.643,1458.092,0,408.026,0,36.002,3690,3986,2.270,1.730,0.910,1,0,194.012,0,0,12,64,0,20,0
17-05 03:40:39,12.292,13.295,73.501,0,0,1668464,699520,178264,5380812,9538.607,1625.557,0,0,0,0,5605,6432,2.270,1.730,0.910,2,0,227.779,0,0,14,64,0,20,0
17-05 03:40:40,16.983,17.732,63.686,0.250,0,1698808,668948,178264,5380636,5332.606,1618.363,0,875.115,0,18.981,5874,17611,2.270,1.730,0.910,1,0,337.658,0,0,14,66,0,21,0
17-05 03:40:41,9.242,20.232,68.940,0.250,0.250,1663532,704188,178264,5380672,8289.803,1660.558,0,375.674,0,24.978,5852,4528,2.090,1.700,0.900,3,0,379.670,0,0,14,66,0,21,0
17-05 03:40:42,17.513,15.762,64.800,0,0.250,1651112,716600,178264,5380684,11768.992,1637.251,0,100.076,0,11.008,6229,7354,2.090,1.700,0.900,3,0,238.182,0,0,14,66,0,21,0
17-05 03:40:43,29.734,23.987,45.476,0,0,1741728,625892,178272,5380744,10683.309,1619.137,0,415.779,0,10.994,6887,5650,2.090,1.700,0.900,3,0,584.689,0,0,14,66,0,13,0
17-05 03:40:44,28.011,26.011,44.768,0,0,1830756,535280,178352,5382196,8998.672,1620.661,8.003,4.002,1.000,1.000,6592,6985,2.090,1.700,0.900,3,0,480.196,0,0,14,70,0,15,0
17-05 03:40:45,31.698,24.959,42.681,0,0,1956600,409324,178352,5382596,26075.589,1455.632,0,43.929,0,10.982,7043,7024,2.090,1.700,0.900,10,0,499.188,0,0,14,70,0,15,0
17-05 03:40:46,50.132,18.298,31.082,0,0,2022092,343484,178356,5383008,11516.407,1624.289,0,0,0,0,5133,5896,2.240,1.740,0.920,4,0,284.752,0,0,14,70,0,15,0
17-05 03:40:47,55.047,23.912,20.176,0,0,2129112,236144,178376,5383628,34556.805,1703.729,0,553.961,0,10.960,6520,6122,2.240,1.740,0.920,4,0,444.364,0,0,14,70,0,12,0
17-05 03:40:48,66.867,22.289,11.019,0,0.501,2209708,154636,178420,5384060,7540.194,1622.840,0,761.332,0,5.009,5681,5916,2.240,1.740,0.920,4,0,397.696,0,0,14,70,0,12,0
17-05 03:40:49,70.943,24.480,2.498,0.500,0,2300236,123892,172432,5331724,5813.297,1456.821,607.509,10155.784,80.935,578.532,7512,6772,2.240,1.740,0.920,7,0,330.732,0,0,14,74,0,12,0
17-05 03:40:50,64.178,26.824,5.014,2.758,0.251,2453532,196692,171060,5112336,11064.660,1624.502,196.545,24086.745,20.056,1456.035,13528,18053,2.240,1.740,0.920,7,0,363.006,0,0,14,76,0,12,0
17-05 03:40:51,66.226,24.491,6.748,1.499,0.250,2557136,158496,170868,5049160,9522.519,1619.408,23.991,18477.246,1.000,1581.422,15295,24374,2.460,1.790,0.940,4,0,360.868,0,0,14,76,0,12,0
17-05 03:40:52,73.419,20.228,5.744,0,0,2652088,132088,170856,4981744,14494.055,1618.220,31.965,1702.127,2.997,81.910,9423,13032,2.460,1.790,0.940,8,0,270.702,0,0,14,80,0,19,0
17-05 03:40:53,59.661,26.489,12.625,0.248,0,2763320,165208,170864,4840828,8998.219,1604.172,27.726,1188.276,5.941,64.365,9881,15063,2.460,1.790,0.940,7,0,551.558,0,0,14,93,0,22,0
17-05 03:40:54,35.659,20.991,41.728,0,1.264,2813300,184124,170744,4773844,10109.886,1638.785,0,2011.052,0,56.649,6301,7691,2.460,1.790,0.940,6,0,297.409,0,0,14,95,0,22,0
17-05 03:40:55,54.574,16.447,27.162,0.748,0,2963824,168448,170700,4641832,8718.818,1614.781,35.884,4593.154,2.990,236.236,6048,9884,2.460,1.790,0.940,2,0,197.362,0,0,14,98,0,24,0
17-05 03:40:56,35.352,11.533,52.902,0.501,0.251,3044088,154876,170720,4576500,6307.142,1462.206,12.035,1680.835,3.009,102.294,4363,3918,2.420,1.790,0.950,1,0,102.294,0,0,14,101,0,24,0
17-05 03:40:57,7.496,19.990,70.466,0,0,3052528,146392,170720,4576544,14819.746,1709.163,0,95.953,0,8.996,5915,4467,2.420,1.790,0.950,2,0,384.812,0,0,14,101,0,24,0
17-05 03:40:58,8.001,19.502,71.009,0,0,3065084,133808,170720,4576572,11122.337,1620.195,0,144.017,0,13.002,5937,4548,2.420,1.790,0.950,2,0,356.043,0,0,14,101,0,24,0
17-05 03:40:59,17.205,9.724,72.061,0,0.499,3107276,160124,170720,4509776,7896.281,1615.760,3.990,39.895,0.997,3.990,3327,2496,2.420,1.790,0.950,1,0,148.610,0,0,14,101,0,24,0
17-05 03:41:00,22.799,3.257,73.158,0,0,3133452,133916,170720,4509804,11296.341,1623.498,12.026,677.460,3.006,26.056,2814,2832,2.420,1.790,0.950,1,0,0,0,0,14,103,0,24,0
17-05 03:41:01,19.931,5.979,72.251,0,0,3103416,163936,170720,4509820,6575.297,1452.983,0,155.463,0,6.976,2540,1794,2.230,1.760,0.940,1,0,62.783,0,0,14,103,0,24,0
17-05 03:41:02,23.109,3.517,72.340,0.251,0.251,3122584,144572,170736,4510004,13536.589,1627.646,0,506.379,0,45.212,3052,3117,2.230,1.760,0.940,2,0,1.005,0,0,14,108,0,25,0
17-05 03:41:03,24.748,4.500,67.494,2.000,0,3132336,134280,170736,4510496,7113.364,1619.855,167.985,2431.783,6.999,275.975,5988,8180,2.230,1.760,0.940,1,0,4.000,0,0,14,113,0,25,0
17-05 03:41:04,25.180,8.975,63.822,0.249,0,3156128,175796,170608,4446700,5878.643,1453.954,0,857.614,0,73.795,4115,3983,2.230,1.760,0.940,2,0,110.692,0,0,14,112,0,22,0
17-05 03:41:05,25.791,4.257,69.609,0.250,0,3173188,158688,170612,4446744,10452.433,1622.551,36.057,548.863,3.005,32.050,2895,2643,2.230,1.760,0.940,2,0,4.006,0,0,14,117,0,22,0
17-05 03:41:06,34.791,8.009,54.064,1.001,0,3214484,182164,170616,4383580,101937.830,1621.923,12.014,2138.535,3.004,193.229,5662,7101,2.210,1.770,0.950,3,0,12.014,0,0,14,120,0,22,0
17-05 03:41:07,41.677,10.731,46.419,0.250,0.250,3339568,121868,170616,4320640,8212.584,1707.004,7.986,598.949,1.996,45.919,4009,2981,2.210,1.770,0.950,3,0,90.841,0,0,14,120,0,22,0
17-05 03:41:08,30.717,8.241,60.434,0,0.250,3294556,230780,170616,4258380,11061.003,1456.420,175.809,539.415,0.999,35.961,3399,2659,2.210,1.770,0.950,1,0,55.939,0,0,14,120,0,18,0
17-05 03:41:09,22.740,3.498,73.467,0,0.250,3347060,178140,170616,4258516,6658.032,1619.278,0,331.852,0,15.993,1933,1410,2.210,1.770,0.950,1,0,0,0,0,14,120,0,19,0
17-05 03:41:10,19.746,6.499,71.234,1.250,0,3371392,153784,170616,4258540,54535.773,1619.637,0,11433.437,0,641.856,3770,2268,2.210,1.770,0.950,1,0,50.989,0,0,14,120,0,19,0
17-05 03:41:11,23.571,3.511,70.963,1.003,0,3375344,149776,170620,4258592,9643.942,1516.551,16.048,718.155,4.012,101.304,3435,4031,2.110,1.760,0.950,1,0,2.006,0,0,14,124,0,19,0
17-05 03:41:12,19.677,6.974,71.983,0,0.249,3380712,144388,170620,4258596,9063.384,1560.213,0,326.788,0,20.922,2902,2280,2.110,1.760,0.950,1,0,81.697,0,0,14,124,0,19,0
17-05 03:41:13,22.836,4.517,71.267,1.004,0,3388584,136492,170620,4258620,11081.522,1626.093,0,2637.884,0,138.519,3045,2660,2.110,1.760,0.950,1,0,45.169,0,0,14,124,0,19,0
17-05 03:41:14,21.948,4.240,72.828,0,0,3412312,175756,170620,4197188,6222.298,1616.181,0,327.227,0,15.962,2033,1476,2.110,1.760,0.950,2,0,9.976,0,0,14,125,0,19,0
17-05 03:41:15,27.969,5.244,62.182,3.246,0,3413848,173852,170636,4197540,9647.395,1618.221,51.943,10144.848,5.993,569.374,8592,12438,2.110,1.760,0.950,4,0,5.993,0,0,14,128,0,19,0
17-05 03:41:16,24.085,8.028,65.983,0.251,0,3354204,233404,170636,4197632,8715.717,1463.157,0,931.282,0,79.279,5814,7711,2.190,1.780,0.960,1,0,56.198,0,0,14,127,0,20,0
17-05 03:41:17,22.477,2.997,73.424,0,0.250,3396408,191188,170636,4197644,37353.510,1618.332,0,363.625,0,21.977,2193,1612,2.190,1.780,0.960,2,0,0,0,0,14,128,0,20,0
17-05 03:41:18,25.908,4.733,68.007,0.747,0,3398952,188460,170636,4197828,5127.715,1614.244,0,1406.983,0,146.478,5745,8077,2.190,1.780,0.960,1,0,0.996,0,0,14,128,0,20,0
17-05 03:41:19,30.392,9.042,59.528,0.502,0.251,3329620,257708,170636,4197912,6487.323,1627.608,0,1097.128,0,105.493,8864,13526,2.190,1.780,0.960,2,0,79.371,0,0,14,131,0,20,0
17-05 03:41:20,22.433,3.240,73.283,0.249,0,3394380,192944,170636,4197916,6826.748,1453.687,0,418.758,0,26.920,1949,1451,2.190,1.780,0.960,1,0,0,0,0,14,131,0,20,0
17-05 03:41:21,19.237,8.994,69.454,0.750,0.250,3370504,216788,170636,4197964,9349.862,1618.937,0,3349.801,0,361.762,4819,5111,2.250,1.800,0.970,1,0,146.904,0,0,14,131,0,20,0
17-05 03:41:22,24.753,3.500,70.258,0.500,0,3389852,197424,170640,4197976,15013.639,1620.177,0,712.078,0,59.006,2451,2232,2.250,1.800,0.970,2,0,0,0,0,14,131,0,21,0
17-05 03:41:23,24.335,5.018,68.991,1.004,0,3390560,196668,170648,4198016,22376.066,1463.104,0,1613.630,0,160.560,6038,8050,2.250,1.800,0.970,2,0,0,0,0,14,132,0,22,0
17-05 03:41:24,34.235,9.246,53.477,1.499,0.250,3367300,219628,170648,4198300,10030.674,1661.284,31.986,6553.174,1.999,421.818,12169,20116,2.250,1.800,0.970,4,1,32.986,0,0,14,131,0,22,0
17-05 03:41:25,39.676,12.726,44.168,1.248,0,3420228,166568,170648,4198428,9432.483,2120.063,15.970,1800.656,0.998,196.635,9220,13482,2.250,1.800,0.970,2,0,255.525,0,0,14,131,0,22,0
17-05 03:41:26,23.551,5.011,70.652,0.251,0.501,3428628,158148,170648,4198448,9094.544,1825.924,0,633.361,0,40.086,3068,2952,2.150,1.780,0.970,2,0,35.075,0,0,14,131,0,22,0
17-05 03:41:27,9.248,19.496,69.986,0,0,3411516,175196,170648,4198480,10299.887,1709.649,0,455.906,0,22.995,5744,4276,2.150,1.780,0.970,1,0,356.927,0,0,14,131,0,22,0
17-05 03:41:28,13.461,18.447,65.562,0.499,0,3375192,211236,170652,4198760,7489.485,1453.824,0,2389.137,0,137.605,6530,6592,2.150,1.780,0.970,2,0,316.092,0,0,14,131,0,22,0
17-05 03:41:29,26.512,20.759,51.523,0.250,0.250,3399192,187200,170652,4198800,12188.473,1620.728,4.002,200.090,1.000,15.007,6203,5963,2.150,1.780,0.970,2,0,390.175,0,0,14,131,0,22,0
17-05 03:41:30,32.532,22.772,44.043,0,0,3439064,146948,170664,4199496,13580.361,1747.720,40.039,324.319,2.002,28.028,7296,7431,2.150,1.780,0.970,8,0,479.472,0,0,14,137,0,22,0
17-05 03:41:31,30.815,17.787,50.105,0.251,0,3494488,153260,170664,4139244,8595.050,1693.556,4.008,4156.729,1.002,393.827,6168,6496,2.460,1.850,1,4,0,322.678,0,0,16,137,0,22,0
17-05 03:41:32,53.996,29.248,15.999,0.250,0,3634012,153916,170324,4001152,10423.289,1619.889,111.992,591.960,8.999,43.997,8054,12870,2.460,1.850,1,3,0,553.962,0,0,16,143,0,22,0
17-05 03:41:33,61.203,20.484,17.237,0.250,0,3744756,143976,170324,3901736,11322.220,1618.745,47.963,379.706,3.997,24.981,8068,14040,2.460,1.850,1,3,0,280.782,0,0,16,159,0,22,0
17-05 03:41:34,30.243,21.995,46.240,0.250,0,3749388,189920,170464,3851792,6894.496,1457.682,1271.723,679.852,77.983,23.995,6915,5739,2.460,1.850,1,2,0,539.882,0,0,16,161,0,22,0
17-05 03:41:35,9.251,20.752,69.007,0,0.250,3727296,211980,170464,3851824,7870.772,1710.168,0,264.026,0,18.002,5838,4522,2.460,1.850,1,2,0,378.037,0,0,16,161,0,22,0
17-05 03:41:36,20.020,16.016,61.810,0.250,0.250,3748480,190772,170464,3851952,10661.434,1621.587,0,480.470,0,38.037,6749,8257,2.420,1.860,1.010,3,0,274.268,0,0,16,165,0,22,0
17-05 03:41:37,29.748,24.498,44.746,0.250,0,3821064,118116,170464,3851924,11758.030,1457.880,75.994,815.933,2.000,64.995,7362,6842,2.420,1.860,1.010,2,0,527.956,0,0,16,165,0,22,0
17-05 03:41:38,34.071,17.657,47.003,0,0,3868036,126892,170444,3797636,5211.638,1611.539,3.979,354.141,0.995,14.922,6973,8567,2.420,1.860,1.010,2,0,275.553,0,0,16,171,0,22,0
17-05 03:41:39,35.889,29.112,33.881,0.251,0.251,3969932,145744,170228,3680016,10832.825,1696.550,32.124,417.612,5.019,32.124,8966,13178,2.420,1.860,1.010,5,0,519.004,0,0,16,177,0,22,0
17-05 03:41:40,31.972,26.976,39.465,0.250,0.250,4063232,139820,170228,3594740,8925.100,1618.567,203.820,627.445,12.989,41.963,9959,24853,2.420,1.860,1.010,1,0,562.502,0,0,16,185,0,22,0
17-05 03:41:41,8.490,20.976,68.173,0,0,4048352,154520,170228,3594920,9291.501,1456.354,0,303.657,0,19.977,5853,4707,2.230,1.820,1,1,0,374.577,0,0,16,189,0,22,0
17-05 03:41:42,18.532,16.278,63.610,0,0,4056560,146268,170228,3594956,11614.111,1716.973,20.035,572.992,2.003,28.049,6406,7340,2.230,1.820,1,2,0,265.460,0,0,16,189,0,22,0
17-05 03:41:43,42.030,11.759,45.283,0.250,0,4194164,140936,170228,3464688,7963.772,1621.175,272.197,216.157,6.004,27.020,4066,2989,2.230,1.820,1,2,0,103.075,0,0,16,205,0,22,0
17-05 03:41:44,43.421,9.483,46.915,0.499,0,4313036,146700,170228,3342472,9351.060,1617.071,211.617,295.465,9.982,17.967,3126,1583,2.230,1.820,1,3,0,7.986,0,0,16,205,0,22,2
17-05 03:41:45,31.578,14.536,52.129,0.251,0,4237868,221512,170232,3342824,12220.282,1714.248,8.020,601.490,2.005,41.102,4979,5136,2.230,1.820,1,3,0,291.723,0,0,16,209,0,20,2
17-05 03:41:46,31.926,24.194,42.402,0,0.249,4294056,164300,170236,3343816,9274.464,1454.622,937.822,4341.918,9.977,31.926,6734,5586,2.210,1.830,1.010,4,0,477.890,0,0,16,209,0,20,2
17-05 03:41:47,43.282,24.377,29.850,0.995,0,4290668,205532,170244,3306832,39720.865,1611.878,1221.844,16082.965,22.885,934.293,7063,8702,2.210,1.830,1.010,2,0,342.275,0,0,16,215,0,20,2
17-05 03:41:48,69.329,18.086,11.806,0,0.251,4443604,150648,170252,3210696,5079.102,1627.724,554.632,1330.313,17.081,54.257,5788,5919,2.210,1.830,1.010,3,0,158.753,0,0,16,224,0,24,2
17-05 03:41:49,69.880,14.226,12.728,2.496,0,4527720,138460,170284,3140528,10298.265,1617.215,5099.219,982.308,272.531,29.948,5389,4538,2.210,1.830,1.010,5,0,25.955,0,0,16,230,0,24,0
17-05 03:41:50,55.255,17.832,24.111,2.260,0.502,4519528,180704,170348,3107248,9804.239,1627.510,2563.830,1872.641,238.099,147.681,8005,10051,2.210,1.830,1.010,3,0,266.228,0,0,16,231,0,29,0
17-05 03:41:51,37.229,24.986,36.979,0.250,0,4561860,136404,170352,3109516,5436.930,1457.177,199.887,2206.754,2.998,180.898,7557,8457,2.350,1.860,1.020,2,0,448.747,0,0,16,231,0,29,0
17-05 03:41:52,48.962,20.984,28.478,0.250,0,4576184,158128,170356,3073864,13491.594,1618.751,11.991,9508.666,2.998,118.908,6630,7938,2.350,1.860,1.020,3,0,345.733,0,0,16,231,0,29,0
17-05 03:41:53,59.579,24.783,15.020,0.751,0,4589172,228376,170360,2993976,12791.940,1622.148,44.058,2555.384,4.005,150.199,7360,8796,2.350,1.860,1.020,3,0,476.631,0,0,16,231,0,22,0
17-05 03:41:54,62.664,22.877,13.677,0.249,0,4719936,135720,170380,2956496,8899.344,1611.371,1348.777,795.739,59.680,37.798,8406,11846,2.350,1.860,1.020,5,0,347.141,0,0,16,235,0,24,0
17-05 03:41:55,56.680,26.967,14.482,0.499,0.499,4714880,191780,170380,2907184,8494.519,1526.117,87.892,1226.487,5.993,80.900,7683,9538,2.350,1.860,1.020,4,0,481.406,0,0,16,243,0,24,0
17-05 03:41:56,55.863,20.792,21.794,0.501,0,4827456,140856,170388,2846368,9721.611,1713.456,661.334,881.779,38.077,44.089,7216,11354,2.560,1.920,1.040,4,0,267.540,0,0,16,249,0,25,0
17-05 03:41:57,70.318,14.264,15.015,0,0,4915776,148552,170396,2751632,10919.585,1621.572,244.237,672.652,1.001,17.016,4495,3539,2.560,1.920,1.040,5,0,23.022,0,0,16,249,0,22,0
17-05 03:41:58,69.998,13.500,15.000,0.500,0.250,4983112,136140,169612,2698868,5924.822,1457.956,1935.942,1023.969,104.997,72.998,9280,17796,2.560,1.920,1.040,4,0,19.999,0,0,16,258,0,29,0
17-05 03:41:59,56.153,21.559,22.311,0.251,0,4950372,168508,169612,2699256,10550.682,1624.416,918.497,673.832,12.033,35.095,6611,6511,2.560,1.920,1.040,5,0,343.935,0,0,16,259,0,29,0
17-05 03:42:00,47.282,30.020,20.764,0.500,0.250,4918676,195876,169868,2703596,9892.741,1621.105,4895.336,1804.229,75.051,105.072,8764,10241,2.560,1.920,1.040,5,0,541.369,0,0,16,259,0,30,0
17-05 03:42:01,65.170,20.397,14.178,0,0,5000072,147952,169900,2670592,8751.637,1611.829,728.308,847.703,24.874,22.884,6290,6954,2.680,1.950,1.060,5,0,190.037,0,0,17,259,0,30,0
17-05 03:42:02,75.450,18.549,2.507,1.504,0.251,5074408,136576,169900,2609624,11915.542,1624.300,3553.406,850.251,190.504,66.175,5947,4320,2.680,1.950,1.060,4,0,75.199,0,0,17,262,0,32,0
17-05 03:42:03,82.269,14.003,3.251,0.250,0.500,5182696,163276,169932,2478052,8759.055,1458.342,1164.273,1336.314,48.011,56.013,5741,3828,2.680,1.950,1.060,4,0,14.003,0,0,17,262,0,33,0
17-05 03:42:04,56.838,16.133,25.317,0.496,0,5191004,153436,169944,2479556,9376.041,2090.845,794.243,1183.422,24.820,101.266,7151,9313,2.680,1.950,1.060,3,0,225.367,0,0,17,271,0,35,0
17-05 03:42:05,43.303,11.077,45.317,0.755,0,5199172,173452,169956,2452076,18775.175,3920.390,1127.880,1619.314,30.211,212.485,6321,7208,2.680,1.950,1.060,2,0,51.359,0,0,17,275,0,33,0
17-05 03:42:06,24.558,8.771,64.904,0,0,5146136,210492,169956,2468040,16605963.143,97630.313,769.824,529.254,6.014,32.076,7534,3206,2.630,1.950,1.060,4,0,68.161,0,0,17,275,0,33,0
17-05 03:42:07,36.022,15.651,45.960,1.739,0,5225560,128576,169956,2470532,7342.600,1448.844,2830.116,16281.115,32.793,1315.686,7504,5421,2.630,1.950,1.060,3,0,203.713,0,0,17,278,0,33,0
17-05 03:42:08,36.216,7.042,55.833,0.252,0.252,5215292,157768,169960,2452268,10716.930,1629.722,519.097,651.889,5.030,61.366,5028,5353,2.630,1.950,1.060,1,0,7.042,0,0,17,288,0,34,0
17-05 03:42:09,24.406,4.483,68.238,0.996,0,5194984,161192,169968,2469112,11429.144,1655.647,573.798,1119.704,30.882,92.645,6150,8920,2.630,1.950,1.060,1,0,2.989,0,0,17,293,0,39,0
17-05 03:42:10,13.271,16.276,69.112,0.250,0,5127644,228344,169968,2469300,9145.790,1460.362,48.078,653.056,4.006,43.070,5713,5121,2.630,1.950,1.060,2,0,384.622,0,0,17,292,0,40,0
17-05 03:42:11,20.464,7.986,70.626,0,0,5194656,161320,169968,2469312,48342.370,1617.169,0,479.161,0,27.951,2849,2490,2.500,1.940,1.060,1,0,82.855,0,0,17,292,0,40,0
17-05 03:42:12,13.296,14.802,70.747,0.502,0.502,5183904,171996,169976,2469380,11560.389,1625.680,0,32569.791,0,186.652,5100,3963,2.500,1.940,1.060,1,0,244.855,0,0,17,292,0,40,0
17-05 03:42:13,8.720,18.685,70.505,0,0,5190156,165604,169976,2469520,7539.794,1452.950,83.709,235.183,5.979,18.934,6278,5273,2.500,1.940,1.060,0,0,423.528,0,0,17,292,0,39,0
17-05 03:42:14,1.749,1.249,95.954,0,0,5183496,172264,169976,2469520,9154.626,1619.226,0,47.977,0,4.998,1098,1488,2.500,1.940,1.060,1,0,8.996,0,0,17,292,0,39,0
17-05 03:42:15,23.523,4.504,70.568,0.500,0.250,5237984,150112,169976,2438048,13969.513,1621.569,0,344.333,0,48.046,2699,2417,2.500,1.940,1.060,1,0,0,0,0,17,292,0,40,0
17-05 03:42:16,16.801,10.281,71.469,0,0,5212788,175180,169980,2438172,8722.673,1624.969,76.233,196.601,7.021,11.034,4342,3621,2.290,1.900,1.060,1,0,165.506,0,0,17,294,0,40,0
17-05 03:42:17,11.759,17.013,70.052,0.250,0,5205240,182440,169980,2438428,30540.818,1621.211,4.003,188.141,1.001,16.012,5355,4164,2.290,1.900,1.060,2,0,213.159,0,0,17,296,0,39,0
17-05 03:42:18,12.696,14.439,70.702,0.498,0,5219212,167460,169980,2439424,11386.936,1613.191,920.116,111.529,54.769,12.945,5186,3948,2.290,1.900,1.060,1,0,231.025,0,0,17,296,0,39,0
17-05 03:42:19,18.063,15.805,64.475,0.753,0,5189516,192888,170036,2443236,6733.537,1463.114,2420.461,7863.487,92.323,31.109,4894,5834,2.290,1.900,1.060,3,0,91.319,0,0,17,298,0,39,0
17-05 03:42:20,2.241,1.992,94.124,0,0,5184864,196608,170036,2444188,8998.033,1613.550,0,557.770,0,36.853,2315,5544,2.290,1.900,1.060,0,0,0.996,0,0,17,300,0,39,0
17-05 03:42:21,1.500,0.500,96.774,0,0,5178144,203280,170036,2444236,8161.999,1620.397,48.012,32.008,2.000,4.001,951,1325,2.110,1.870,1.050,0,0,0,0,0,17,300,0,39,0
17-05 03:42:22,2.248,1.249,95.185,0.999,0.250,5171528,210088,170036,2444248,7002.211,1618.893,0,9341.611,0,576.606,1717,2122,2.110,1.870,1.050,0,0,0,0,0,17,300,0,39,0
17-05 03:42:23,1.251,0.500,95.820,0.751,0.751,5166020,215596,170036,2444248,8908.501,1621.183,0,1921.402,0,122.089,1412,1990,2.110,1.870,1.050,0,0,0,0,0,17,300,0,39,0
17-05 03:42:24,1.250,0.750,97.223,0,0,5160992,220624,170036,2444248,7942.824,1499.589,0,247.932,0,12.996,997,1295,2.110,1.870,1.050,0,0,0,0,0,17,300,0,39,0
17-05 03:42:25,1.503,1.002,96.190,0.501,0,5156848,224764,170036,2444252,7857.493,1623.201,0,965.905,0,59.117,1299,1888,2.110,1.870,1.050,0,0,0,0,0,17,300,0,39,0
17-05 03:42:26,1.494,0.249,96.085,0.498,0,5153196,228412,170036,2444256,9226.148,1654.852,0,302.693,0,27.880,1279,1697,1.940,1.840,1.050,1,0,0,0,0,17,300,0,37,0
17-05 03:42:27,1.003,0.501,97.251,0,0,5149620,231988,170036,2444256,11836.592,1624.198,0,20.052,0,1.003,883,1227,1.940,1.840,1.050,1,0,0,0,0,17,300,0,37,0
17-05 03:42:28,1.000,1.000,97.241,0,0.250,5146984,234624,170036,2444256,11600.876,1457.859,0,415.960,0,5.999,1056,1363,1.940,1.840,1.050,0,0,1.000,0,0,17,300,0,37,0
17-05 03:42:29,1.999,0.500,96.445,0,0,5145356,236240,170044,2444260,13494.295,123689.373,139.920,111.936,7.995,4.997,1078,1386,1.940,1.840,1.050,2,1,0,0,0,17,300,0,37,0
17-05 03:42:30,1.000,1.000,97.041,0,0,5114692,266860,170044,2444304,6309.693,1946.831,0,396.169,0,26.011,1136,1645,1.940,1.840,1.050,0,0,0,0,0,17,300,0,37,0
17-05 03:42:31,1.251,0.250,96.832,0.250,0.250,5101696,279856,170044,2444304,9497.069,1459.240,0,60.051,0,8.007,935,1251,1.790,1.810,1.040,1,0,0,0,0,17,300,0,37,0
17-05 03:42:32,0.749,2.248,95.675,0,0,5101316,280228,170044,2444312,10826.506,1618.730,0,103.918,0,12.990,1004,1301,1.790,1.810,1.040,0,0,0,0,0,17,300,0,37,0
17-05 03:42:33,0.750,0.750,95.524,1.500,0.250,5101916,279628,170044,2444312,9751.456,1620.408,0,6397.611,0,794.200,2360,1380,1.790,1.810,1.040,0,0,0,0,0,17,300,0,37,0
17-05 03:42:34,1.250,0.500,97.238,0,0,5102168,279376,170044,2444312,10902.631,1619.797,0,0,0,0,997,1359,1.790,1.810,1.040,0,0,0,0,0,17,300,0,37,0
17-05 03:42:35,1.750,1.000,96.233,0.250,0.250,5102616,278928,170044,2444312,9484.345,1457.746,0,207.964,0,29.995,1377,1995,1.790,1.810,1.040,0,0,2.000,0,0,17,304,0,37,0
17-05 03:42:36,0.750,0.500,97.210,0,0.250,5102864,278676,170044,2444316,8296.583,1619.333,0,175.928,0,10.995,955,1328,1.640,1.780,1.030,0,0,0,0,0,17,304,0,37,0
17-05 03:42:37,2.001,1.250,95.787,0.250,0,5102840,278676,170048,2444336,12414.849,1620.633,0,16338.382,0,83.032,1431,2093,1.640,1.780,1.030,1,0,0,0,0,17,304,0,37,0
17-05 03:42:38,1.250,0.750,96.522,0.250,0,5102796,278676,170048,2444380,9700.211,1620.369,8.002,152.035,2.000,11.003,1051,1456,1.640,1.780,1.030,0,0,1.000,0,0,17,304,0,37,0
17-05 03:42:39,1.249,0.250,97.395,0.250,0.250,5102872,278600,170048,2444380,11474.616,1618.253,0,147.840,0,8.990,946,1294,1.640,1.780,1.030,0,0,0,0,0,17,304,0,37,0
17-05 03:42:40,4.517,3.262,91.601,0,0,5128528,252896,170048,2446916,52716.827,1626.226,48.184,517.983,2.008,39.150,1908,5800,1.640,1.780,1.030,3,0,34.131,0,0,17,304,0,37,0
17-05 03:42:41,2.742,0.748,94.711,0.249,0,5105340,276080,170048,2444432,10985.443,1453.560,0,35.890,0,3.988,1560,5606,1.590,1.770,1.030,0,0,1.994,0,0,17,304,0,38,0
17-05 03:42:42,0.750,0.750,97.500,0,0,5105336,276080,170048,2444436,10616.996,1619.999,0,4.000,0,1.000,853,1183,1.590,1.770,1.030,0,0,0,0,0,17,304,0,37,0
17-05 03:42:43,1.252,0.501,97.374,0,0,5105336,276080,170048,2444436,8566.892,1622.062,0,8.010,0,1.001,872,1258,1.590,1.770,1.030,0,0,0,0,0,17,304,0,37,0
17-05 03:42:44,0.999,0.250,97.399,0,0.250,5105336,276080,170048,2444436,8065.670,1456.496,0,7.992,0,1.998,1005,1326,1.590,1.770,1.030,0,0,1.998,0,0,17,304,0,37,0
17-05 03:42:45,3.500,2.500,93.249,0,0,5109508,271820,170048,2444524,8370.934,1619.987,63.999,123.999,3.000,12.000,1508,2237,1.590,1.770,1.030,0,0,3.000,0,0,17,304,0,37,0
17-05 03:42:46,3.497,1.749,93.179,0,0.250,5109508,271820,170048,2444524,6600.978,1618.768,15.988,155.881,0.999,8.993,1541,1811,1.540,1.750,1.030,0,0,7.994,0,0,17,304,0,37,0
17-05 03:42:47,2.752,1.001,95.059,0.750,0.250,5109468,271820,170048,2444564,34741.649,1458.909,0,312.195,0,32.020,1444,1871,1.540,1.750,1.030,0,0,1.001,0,0,17,304,0,37,0
17-05 03:42:48,1.000,0.500,97.492,0,0,5109468,271820,170048,2444564,9253.263,1619.871,0,0,0,0,916,1285,1.540,1.750,1.030,0,0,1.000,0,0,17,304,0,37,0
17-05 03:42:49,1.000,1.000,96.773,0,0.250,5109464,271820,170048,2444568,13396.129,1620.378,0,112.026,0,8.002,1082,1448,1.540,1.750,1.030,0,0,0,0,0,17,304,0,37,0
17-05 03:42:50,1.249,0,96.907,0.250,0,5109368,271820,170048,2444664,93378.035,1456.597,95.908,371.642,4.995,27.973,1152,1675,1.540,1.750,1.030,0,0,0,0,0,17,304,0,28,0
17-05 03:42:51,0.750,0.500,97.795,0,0,5109368,271820,170048,2444664,13500.161,1620.740,0,32.015,0,4.002,946,1279,1.420,1.720,1.030,0,0,0,0,0,17,304,0,28,0
17-05 03:42:52,2.001,1.000,95.777,0.250,0,5109368,271820,170048,2444664,8097.263,1620.453,0,320.089,0,35.010,1326,1931,1.420,1.720,1.030,0,0,0,0,0,17,304,0,28,0
17-05 03:42:53,0.750,0.750,97.309,0,0,5109368,271820,170048,2444664,15627.413,1620.976,0,628.379,0,47.028,995,1398,1.420,1.720,1.030,0,0,0,0,0,17,304,0,28,0
17-05 03:42:54,1.000,1.000,96.226,0.500,0.500,5113148,268040,170048,2444668,13662.530,1619.589,0,1099.721,0,207.947,1459,1574,1.420,1.720,1.030,0,0,1.999,0,0,17,306,0,24,0
17-05 03:42:55,1.749,0.500,96.703,0,0.250,5113148,268040,170048,2444668,9324.454,1619.211,0,111.945,0,16.992,1168,1652,1.420,1.720,1.030,0,0,0,0,0,17,306,0,24,0
17-05 03:42:56,1.500,0.500,97.013,0,0,5113148,268040,170048,2444668,6886.891,1458.189,0,300.039,0,22.003,1127,1605,1.310,1.690,1.020,0,0,0,0,0,17,306,0,24,0
17-05 03:42:57,0.500,0.750,97.749,0,0,5113148,268040,170048,2444668,11865.862,1619.981,0,32.000,0,4.000,806,1175,1.310,1.690,1.020,0,0,0,0,0,17,306,0,24,0
17-05 03:42:58,1.255,0.502,97.419,0,0.251,5113148,268040,170048,2444668,11241.346,1626.997,0,0,0,0,968,1352,1.310,1.690,1.020,0,0,1.004,0,0,17,306,0,20,0
17-05 03:42:59,0.996,0,97.377,0,0,5113144,268040,170048,2444672,9296.424,1452.442,0,47.817,0,0.996,930,1278,1.310,1.690,1.020,0,0,0,0,0,17,306,0,20,0
17-05 03:43:00,0.999,1.249,97.180,0.500,0.250,5113072,268040,170048,2444744,7240.757,161.883,63.954,215.844,2.998,20.985,1052,1630,1.310,1.690,1.020,0,0,0,0,0,17,306,0,20,0
17-05 03:43:01,12.003,3.751,82.771,0,0,5125396,255692,170072,2444744,409876.962,6265.605,0,176.045,0,8.002,2244,1827,1.200,1.670,1.020,1,0,25.006,0,0,17,306,0,20,0
17-05 03:43:02,10.537,4.516,83.795,0,0,5132352,248608,170076,2444868,294396.576,8072.423,124.438,397.399,6.021,24.085,2388,1991,1.200,1.670,1.020,1,0,27.095,0,0,17,306,0,12,0
