"pcp-dstat 5.3.6 CSV Output"
"Author:","PCP team <pcp@groups.io> and Dag Wieers <dag@wieers.com>",,,,"URL:","https://pcp.io/ and http://dag.wieers.com/home-made/dstat/"
"Host:","ubuntu",,,,"User:","ubuntu"
"Cmdline:","dstat -tcmndrylpg --tcp --output /tmp/devstack_logs/dstat-csv.log",,,,"Date:","22 Apr 2025 12:59:36 UTC"
"system","total usage",,,,,"memory usage",,,,"net/total",,"dsk/total",,"io/total",,"system",,"load avg",,,"procs",,,"paging",,"tcp sockets",,,,
"time","total usage:usr","total usage:sys","total usage:idl","total usage:wai","total usage:stl","used","free","buf","cach","net/total:recv","net/total:send","dsk/total:read","dsk/total:writ","read","writ","int","csw","1m","5m","15m","run","blk","new","in","out","lis","act","syn","tim","clo"
22-04 12:59:36,,975000,2063960,162308,4615816,,,,,,,1.110,0.930,0.550,3,0,,,,9,4,0,17,0
22-04 12:59:37,42.460,21.729,34.717,0.500,0,1018596,2019528,162372,4616520,26815.445,11172.353,0,2018.077,0,80.923,3941,6998,1.100,0.930,0.550,2,0,619.410,0,0,9,6,0,17,0
22-04 12:59:38,25.247,18.748,55.743,0.500,0,1033392,2004064,162508,4617156,351202.397,26584.624,0,2363.700,0,83.989,5738,8418,1.100,0.930,0.550,18,0,369.953,0,0,9,8,0,17,0
22-04 12:59:39,25.688,10.225,61.850,0.499,0,1172824,1863892,162608,4742324,239791.307,16305.378,0,1484.393,0,44.891,3785,5293,1.100,0.930,0.550,0,0,52.872,0,0,10,8,0,17,0
22-04 12:59:40,36.075,10.772,53.110,0.501,0.251,1151780,1882276,162764,4744672,1178950.501,45220.879,0,3086.407,0,75.156,3895,3999,1.100,0.930,0.550,3,0,117.243,0,0,10,7,0,17,1
22-04 12:59:41,47.999,10.500,39.999,0.500,0.250,1215348,1807816,162964,4754948,426993.887,19800.624,291.994,2371.955,14.000,68.999,2894,3906,1.100,0.930,0.550,1,0,174.997,0,0,10,7,0,19,2
22-04 12:59:42,33.001,3.250,63.001,0.250,0.250,1263140,1753284,163248,4760848,1112577.139,37752.717,140.003,7200.137,3.000,61.001,2192,2006,1.090,0.930,0.550,2,0,0,0,0,10,8,0,19,2
22-04 12:59:43,32.006,6.001,46.508,14.002,0.250,1298508,1690728,164880,4783540,26688.617,2226.385,12.002,39530.839,1.000,2638.456,12385,22407,1.090,0.930,0.550,4,0,46.008,0,0,10,10,0,19,2
22-04 12:59:44,55.073,10.264,24.282,10.764,0,1202264,1749100,166580,4816260,1033864.175,13946.605,0,45404.570,0,2883.847,12206,20265,1.090,0.930,0.550,3,0,70.094,0,0,10,6,0,19,2
22-04 12:59:45,56.125,6.486,34.673,2.245,0,1289936,1638632,167532,4835788,28122.400,7671.922,0,11861.596,0,585.696,3122,4442,1.090,0.930,0.550,2,1,38.913,0,0,10,9,0,19,2
22-04 12:59:46,54.269,7.003,39.764,0.250,0,1133328,1806132,167544,4825208,1434327.489,57647.638,388.139,2528.905,3.001,62.022,4143,6242,1.090,0.930,0.550,2,0,50.018,0,0,10,4,0,20,0
22-04 12:59:47,43.687,8.737,44.935,0.999,0,1189856,1748724,167580,4825884,12005.640,1617.661,0,6458.661,0,377.454,10409,20236,1.170,0.950,0.560,2,0,14.978,0,0,10,4,0,20,0
22-04 12:59:48,44.832,8.516,45.333,0.250,0.250,1085820,1852548,167580,4826084,13757.093,1460.664,0,1574.873,0,57.104,9698,19001,1.170,0.950,0.560,2,0,89.163,0,0,10,4,0,17,0
22-04 12:59:49,31.514,22.510,46.770,0,0,1089516,1848816,167584,4826028,8485.708,1620.708,0,40.017,0,10.004,3312,5631,1.170,0.950,0.560,2,0,527.230,0,0,10,4,0,17,0
22-04 12:59:50,25.998,17.499,55.246,0.250,0,1078460,1855288,167588,4830820,5396.595,1499.888,4271.680,15.999,47.996,4.000,5023,11530,1.170,0.950,0.560,3,0,277.979,0,0,10,4,0,13,0
22-04 12:59:51,46.754,7.001,45.754,0.250,0.250,1197976,1735300,167600,4831396,11663.120,1620.156,20.002,324.031,4.000,25.002,1719,1996,1.170,0.950,0.560,3,0,99.010,0,0,10,5,0,13,0
22-04 12:59:52,48.498,3.750,47.498,0,0,1239828,1690564,167656,4833936,11035.492,1457.933,567.974,9251.574,5.000,43.998,1327,3453,1.230,0.970,0.570,5,0,0,0,0,10,5,0,13,0
22-04 12:59:53,9.480,8.232,81.327,0.249,0,1244656,1685020,167660,4834444,11863.742,1616.558,0,1452.907,0,48.896,1717,3251,1.230,0.970,0.570,0,0,117.749,0,0,10,4,0,13,0
22-04 12:59:54,5.750,2.000,91.999,0,0.250,1255568,1674200,167660,4834444,7784.875,1619.974,0,91.999,0,13.000,1224,1666,1.230,0.970,0.570,1,0,22.000,0,0,10,4,0,13,0
22-04 12:59:55,22.745,2.250,73.734,0.250,0.250,1326872,1602884,167672,4834444,12007.358,1457.679,0,463.898,0,29.993,1130,1345,1.230,0.970,0.570,1,0,2.999,0,0,10,4,0,13,0
22-04 12:59:56,23.042,2.755,72.632,1.002,0,1345760,1583732,167692,4834684,9064.488,1665.029,0,1386.522,0,228.415,2945,4951,1.230,0.970,0.570,1,0,1.002,0,0,10,10,0,13,0
22-04 12:59:57,20.752,6.250,72.256,0.500,0,1307416,1621888,167704,4834860,6465.511,1566.124,36.003,12336.975,3.000,513.041,2053,2279,1.210,0.970,0.570,1,0,44.003,0,0,10,4,0,15,0
22-04 12:59:58,21.716,4.243,72.136,0.749,0,1274080,1654756,167708,4835296,5031.046,1563.528,239.621,886.598,59.905,14.976,1934,3073,1.210,0.970,0.570,1,0,45.927,0,0,10,28,0,16,0
22-04 12:59:59,23.744,2.249,73.480,0,0,1322408,1606400,167708,4835316,13387.345,1565.573,0,0,0,0,1228,1668,1.210,0.970,0.570,1,0,1.999,0,0,10,29,0,16,0
22-04 13:00:00,33.571,9.270,57.622,0,0.251,1361492,1567292,167708,4835336,10008.177,1623.435,0,20.042,0,5.011,1911,2478,1.210,0.970,0.570,2,0,160.339,0,0,10,28,0,16,0
22-04 13:00:01,43.260,10.002,46.260,0,0,1290596,1637788,167712,4835660,11338.563,1620.366,0,1176.266,0,25.006,5502,10022,1.210,0.970,0.570,4,0,179.040,0,0,10,28,0,21,0
22-04 13:00:02,78.233,18.246,3.749,0,0,1529772,1398552,167716,4835696,10152.817,1619.652,0,11029.629,0,30.993,2819,4746,1.520,1.030,0.600,7,0,346.925,0,0,10,28,0,21,0
22-04 13:00:03,82.745,13.499,3.250,0,0.250,1456668,1471396,167728,4835928,11807.327,1619.908,0,963.945,0,29.998,6200,13310,1.520,1.030,0.600,6,0,192.989,0,0,10,28,0,21,0
22-04 13:00:04,37.928,11.229,50.404,0.250,0,1313756,1614124,167736,4836096,9927.029,1509.116,0,375.283,0,31.939,3190,6510,1.520,1.030,0.600,1,0,180.655,0,0,10,28,0,21,0
22-04 13:00:05,23.550,3.006,73.406,0.251,0.251,1363352,1564512,167736,4836112,5213.046,1569.325,0,152.323,0,9.019,1515,2990,1.520,1.030,0.600,1,0,3.006,0,0,10,29,0,21,0
22-04 13:00:06,19.738,6.746,72.957,0,0.250,1344764,1583080,167740,4836128,6004.463,1619.046,0,239.859,0,21.987,1671,2502,1.520,1.030,0.600,2,0,69.959,0,0,10,28,0,20,0
22-04 13:00:07,21.496,6.499,71.238,0,0,1300196,1627804,167744,4836140,10926.143,1511.743,0,32902.407,0,96.984,2598,4477,1.480,1.030,0.600,1,0,72.988,0,0,10,28,0,20,0
22-04 13:00:08,9.007,22.267,67.552,0.250,0.250,1306344,1621556,167748,4836148,9366.203,1609.238,0,3334.564,0,29.022,3095,4364,1.480,1.030,0.600,2,0,516.397,0,0,10,28,0,19,0
22-04 13:00:09,75.752,18.501,5.500,0,0,1527180,1400644,167748,4836188,11534.346,1620.049,0,4388.132,0,150.005,2916,4642,1.480,1.030,0.600,5,0,457.014,0,0,10,28,0,19,0
22-04 13:00:10,82.497,9.000,7.250,0,0,1500112,1427464,167764,4836420,10750.645,1511.950,0,1291.957,0,102.997,4892,14515,1.480,1.030,0.600,5,0,40.999,0,0,10,28,0,20,0
22-04 13:00:11,87.031,11.504,1.000,0,0,1521964,1405336,167772,4836688,13406.800,1566.561,0,292.105,0,25.009,2765,4661,1.480,1.030,0.600,6,0,152.054,0,0,10,28,0,20,0
22-04 13:00:12,82.116,11.944,5.226,0,0.249,1568692,1358156,167772,4837132,12287.580,1612.465,0,230.921,0,13.935,5390,13718,1.840,1.120,0.630,6,0,138.353,0,0,10,29,0,21,0
22-04 13:00:13,52.715,11.045,36.148,0,0.251,1365964,1560700,167788,4837300,5110.878,1518.202,0,2968.125,0,46.189,3227,8452,1.840,1.120,0.630,3,0,222.911,0,0,10,28,0,22,0
22-04 13:00:14,42.752,8.000,48.752,0.250,0,1422788,1503852,167788,4837320,12054.482,1566.063,0,180.007,0,10.000,1762,2428,1.840,1.120,0.630,3,0,72.003,0,0,10,28,0,22,0
22-04 13:00:15,52.376,14.715,32.174,0,0,1397440,1529128,167792,4837384,13335.435,1616.175,0,307.273,0,28.932,4027,8646,1.840,1.120,0.630,4,0,384.091,0,0,10,28,0,24,0
22-04 13:00:16,63.145,7.267,29.067,0,0.251,1485728,1440732,167792,4837492,5308.166,1515.473,0,284.652,0,19.044,4245,8880,1.840,1.120,0.630,4,0,0,0,0,10,30,0,25,0
22-04 13:00:17,78.510,15.252,6.751,0,0,1511240,1415044,167792,4837668,12185.621,1566.208,0,400.053,0,33.004,3014,4981,2.010,1.160,0.650,5,0,266.035,0,0,10,28,0,25,0
22-04 13:00:18,69.006,9.501,20.002,0,0.250,1436560,1489392,167808,4837884,9976.918,1620.149,0,67322.194,0,195.018,5637,13867,2.010,1.160,0.650,7,0,122.011,0,0,10,28,0,26,0
22-04 13:00:19,65.867,10.728,22.954,0,0,1481852,1444052,167808,4837928,14413.812,1616.726,0,231.531,0,10.978,2221,3242,2.010,1.160,0.650,3,0,207.580,0,0,10,30,0,26,0
22-04 13:00:20,66.881,13.026,19.288,0.250,0,1400972,1524632,167816,4838200,8112.950,1569.085,0,561.103,0,47.093,4618,11453,2.010,1.160,0.650,3,0,305.601,0,0,10,28,0,29,0
22-04 13:00:21,66.003,7.750,26.251,0,0,1430428,1494992,167820,4838380,5203.208,1512.060,0,292.012,0,22.001,3209,7953,2.010,1.160,0.650,3,0,4.000,0,0,10,29,0,31,0
22-04 13:00:22,66.233,13.747,20.745,0,0,1475512,1449868,167820,4838416,10853.276,1619.593,0,231.942,0,13.996,2534,4599,2.250,1.230,0.670,3,0,288.927,0,0,10,29,0,31,0
22-04 13:00:23,61.446,11.740,26.976,0.250,0,1381792,1542876,167820,4839124,11123.167,1618.569,0,583.484,0,33.970,3442,9238,2.250,1.230,0.670,3,0,117.896,0,0,10,28,0,36,0
22-04 13:00:24,64.581,6.508,28.786,0,0,1487672,1436840,167824,4839272,5434.842,1608.025,0,300.378,0,27.034,3514,6869,2.250,1.230,0.670,6,0,0,0,0,10,30,0,36,0
22-04 13:00:25,69.478,19.244,9.497,0.500,0,1479376,1444960,167832,4839360,11246.446,1565.505,0,411.870,0,39.987,2930,5559,2.250,1.230,0.670,5,0,433.863,0,0,10,28,0,37,0
22-04 13:00:26,85.517,10.252,2.751,0,0.500,1557748,1366336,167848,4839584,7852.555,1620.321,0,1644.326,0,62.012,4535,9777,2.250,1.230,0.670,10,0,201.040,0,0,10,28,0,37,0
22-04 13:00:27,84.001,14.750,1.250,0,0.250,1505880,1418004,167872,4839784,12341.173,1512.021,0,2956.041,0,185.003,3531,5811,2.870,1.370,0.720,7,0,285.004,0,0,10,29,0,35,0
22-04 13:00:28,84.752,13.500,2.500,0,0.250,1580552,1343088,167876,4840008,10865.196,1566.028,0,4676.084,0,291.005,4979,9706,2.870,1.370,0.720,8,0,197.004,0,0,10,30,0,35,0
22-04 13:00:29,62.293,22.015,14.010,0,0,1379008,1544480,167880,4840244,5951.071,1621.109,0,180.123,0,11.008,4673,12263,2.870,1.370,0.720,3,0,682.467,0,0,10,29,0,34,0
22-04 13:00:30,17.719,20.464,59.894,0.250,0,1308952,1614476,167880,4840300,11537.613,1509.333,0,4488.070,0,115.795,4029,6783,2.870,1.370,0.720,1,0,690.779,0,0,10,28,0,34,0
22-04 13:00:31,40.294,28.030,30.533,0,0,1414996,1508376,167888,4840348,6890.483,1567.703,0,208.226,0,20.022,3515,6910,2.870,1.370,0.720,6,0,946.027,0,0,10,28,0,33,0
22-04 13:00:32,84.250,11.000,4.500,0,0,1496492,1426692,167892,4840524,11832.965,1619.995,0,435.999,0,39.000,4133,10070,3.120,1.450,0.750,4,0,122.000,0,0,10,29,0,33,0
22-04 13:00:33,81.000,13.000,4.750,0,0.500,1499212,1423880,167912,4840596,9942.970,1619.995,0,1675.995,0,45.000,3567,7053,3.120,1.450,0.750,4,0,208.999,0,0,10,28,0,29,0
22-04 13:00:34,64.261,9.002,25.505,0,0.250,1548656,1374040,167912,4840976,12266.183,1620.288,0,168.030,0,9.002,7452,16976,3.120,1.450,0.750,3,0,0,0,0,10,31,0,38,0
22-04 13:00:35,72.487,8.748,17.497,0,0,1389792,1532656,167924,4841204,11368.919,1511.723,0,547.900,0,57.989,7162,16370,3.120,1.450,0.750,4,0,124.977,0,0,10,28,0,41,0
22-04 13:00:36,81.735,8.998,8.748,0,0,1547028,1375212,167928,4841400,5210.041,1565.712,0,155.971,0,10.998,2753,9127,3.120,1.450,0.750,2,0,3.999,0,0,10,32,0,41,0
22-04 13:00:37,59.743,7.249,31.996,0,0.250,1507344,1414724,167928,4841568,5422.404,1619.822,0,147.984,0,8.999,5634,18291,3.030,1.460,0.760,6,0,70.992,0,0,10,30,0,46,0
22-04 13:00:38,81.006,14.501,3.500,0,0,1503100,1418712,167928,4841808,11647.874,1620.122,0,164.012,0,9.001,3265,6680,3.030,1.460,0.760,4,0,212.016,0,0,10,29,0,46,0
22-04 13:00:39,71.254,9.751,18.751,0,0,1381536,1539916,167932,4842160,13050.809,1458.090,0,224.014,0,20.001,7159,15788,3.030,1.460,0.760,4,0,72.004,0,0,10,28,0,49,0
22-04 13:00:40,86.003,12.000,2.000,0,0,1549940,1371480,167932,4842192,10974.395,1620.058,0,116.004,0,8.000,2301,3698,3.030,1.460,0.760,4,0,68.002,0,0,10,28,0,49,0
22-04 13:00:41,78.921,13.444,7.469,0.249,0.249,1490504,1430684,167952,4842396,8354.180,1613.276,0,438.174,0,47.801,4974,11831,3.030,1.460,0.760,5,0,185.228,0,0,10,28,0,47,1
22-04 13:00:42,75.362,10.048,12.309,0,0,1549808,1371164,167956,4842604,13629.490,1465.040,0,164.792,0,9.043,5253,11115,3.110,1.500,0.770,4,0,61.295,0,0,10,30,0,50,0
22-04 13:00:43,83.699,13.492,2.748,0,0.250,1504308,1416624,167956,4842640,8986.545,1619.017,0,415.748,0,12.992,2655,4586,3.110,1.500,0.770,4,0,170.896,0,0,10,28,0,51,0
22-04 13:00:44,71.245,9.999,18.249,0,0,1437908,1482784,167988,4842844,7234.443,1619.875,0,539.958,0,57.996,5905,14410,3.110,1.500,0.770,4,0,80.994,0,0,10,28,0,52,0
22-04 13:00:45,66.158,11.983,21.220,0,0.250,1488100,1432420,167992,4843008,5803.915,1455.972,0,247.655,0,13.981,2236,3513,3.110,1.500,0.770,3,0,191.733,0,0,10,29,0,52,0
22-04 13:00:46,62.593,13.771,23.535,0,0.250,1417468,1502756,167992,4845852,13252.733,1622.416,0,272.406,0,23.034,4766,13001,3.110,1.500,0.770,5,0,281.419,0,0,10,28,0,54,0
22-04 13:00:47,64.498,9.250,26.249,0,0.250,1498336,1421396,167996,4843752,8386.757,1619.953,0,271.992,0,16.000,2003,7654,3.100,1.530,0.790,3,0,2.000,0,0,10,30,0,54,0
22-04 13:00:48,46.881,10.972,41.644,0.249,0,1398292,1521392,168012,4843784,10798.496,1454.296,0,490.750,0,39.898,2474,5375,3.100,1.530,0.790,2,0,161.588,0,0,10,28,0,54,0
22-04 13:00:49,44.345,6.514,49.356,0.251,0,1334400,1585104,168016,4843956,8326.828,1623.476,0,1366.927,0,29.062,3113,7043,3.100,1.530,0.790,3,0,21.045,0,0,10,28,0,54,0
22-04 13:00:50,43.759,7.001,48.760,0,0.250,1432312,1487184,168020,4843960,11696.468,1620.342,0,220.046,0,12.003,2019,3627,3.100,1.530,0.790,2,0,22.005,0,0,10,29,0,54,0
22-04 13:00:51,42.647,7.731,48.133,0.249,0,1395684,1523764,168028,4844000,8515.384,1616.087,0,371.102,0,37.908,2263,3707,3.100,1.530,0.790,2,0,68.833,0,0,10,28,0,54,0
22-04 13:00:52,43.860,8.271,47.870,0.251,0,1375680,1543592,168028,4844176,7187.075,1624.085,0,288.726,0,24.061,3386,7896,2.930,1.520,0.790,2,0,109.275,0,0,10,28,0,58,0
22-04 13:00:53,40.740,10.747,47.738,0,0,1429688,1489564,168028,4844192,12261.910,1457.633,0,235.941,0,12.997,2307,3214,2.930,1.520,0.790,2,0,221.944,0,0,10,28,0,58,0
22-04 13:00:54,40.265,13.005,47.268,0.250,0.250,1340236,1578816,168036,4844376,6450.393,1620.601,0,380.141,0,29.011,3488,7625,2.930,1.520,0.790,2,0,289.107,0,0,10,28,0,60,0
22-04 13:00:55,22.685,3.989,71.793,0,0,1379344,1539624,168044,4844452,6982.903,1615.351,0,199.426,0,7.977,1744,3352,2.930,1.520,0.790,1,0,36.894,0,0,10,28,0,60,1
22-04 13:00:56,17.796,12.282,69.680,0,0.251,1319360,1599480,168048,4844572,12193.520,1461.779,0,212.549,0,22.057,3305,5648,2.930,1.520,0.790,1,0,294.762,0,0,10,28,0,60,0
22-04 13:00:57,28.749,14.249,55.247,0,0.250,1408152,1510544,168084,4844676,8789.578,1619.922,0,355.983,0,24.999,2646,3928,2.860,1.530,0.790,2,0,333.984,0,0,10,28,0,60,0
22-04 13:00:58,41.767,7.003,48.770,3.251,0,1502348,1412092,168500,4848048,10756.389,1620.661,316.129,8683.543,18.007,696.284,4745,8140,2.860,1.530,0.790,1,1,46.019,0,0,10,32,0,60,0
22-04 13:00:59,37.494,7.749,41.744,12.498,0,1443324,1466116,169124,4852228,7981.795,1457.780,0,39913.973,0,3516.469,15168,28252,2.860,1.530,0.790,1,1,101.985,0,0,10,32,0,59,0
22-04 13:01:00,41.984,6.997,42.734,8.997,0.250,1506612,1401856,169628,4852644,5371.007,1619.399,0,29129.193,0,2862.938,12834,23132,2.860,1.530,0.790,2,0,28.989,0,0,10,30,0,59,0
22-04 13:01:01,45.134,6.234,47.628,0.997,0,1457212,1451176,169680,4852664,11569.382,1657.756,0,17004.469,0,786.985,3268,4238,2.860,1.530,0.790,2,0,9.974,0,0,10,28,0,54,0
22-04 13:01:02,37.279,7.005,51.039,3.253,0,1505376,1402064,170228,4853040,7796.026,1459.128,0,13414.369,0,2089.615,13814,24424,3.110,1.600,0.820,3,0,3.002,0,0,10,30,0,54,0
22-04 13:01:03,32.503,7.001,57.755,2.250,0,1404748,1502356,170384,4853184,5141.432,1620.136,0,6716.564,0,735.062,5165,8797,3.110,1.600,0.820,1,0,101.008,0,0,10,28,0,54,0
22-04 13:01:04,22.743,3.499,73.227,0.500,0,1356028,1551052,170384,4853204,13701.752,1457.548,0,2899.101,0,231.928,1303,1550,3.110,1.600,0.820,1,0,2.999,0,0,10,28,0,54,0
22-04 13:01:05,22.219,3.495,72.400,0.499,0,1431096,1475960,170404,4853204,8538.217,1617.767,0,6722.723,0,358.505,1568,2708,3.110,1.600,0.820,1,0,4.993,0,0,10,28,0,54,0
22-04 13:01:06,24.593,3.011,73.025,0,0.251,1376012,1531024,170412,4853216,12022.276,1626.124,0,232.877,0,31.117,1177,1391,3.110,1.600,0.820,1,0,3.011,0,0,10,32,0,54,0
22-04 13:01:07,22.241,2.749,73.969,0,0,1435736,1471300,170420,4853208,8913.239,1457.385,0,0,0,0,980,1137,2.940,1.590,0.820,1,0,1.999,0,0,10,32,0,54,0
22-04 13:01:08,22.704,3.493,73.601,0,0,1397056,1509900,170420,4853284,5774.336,1658.650,0,0,0,0,1008,1234,2.940,1.590,0.820,2,0,2.994,0,0,10,32,0,54,0
22-04 13:01:09,23.001,2.500,73.502,0,0,1347980,1558880,170428,4853368,11740.305,1620.042,0,8.000,0,2.000,1055,1177,2.940,1.590,0.820,2,0,3.000,0,0,10,32,0,54,0
22-04 13:01:10,23.014,2.752,73.793,0,0.250,1359052,1547736,170428,4853408,10070.912,1620.951,0,0,0,0,1057,1282,2.940,1.590,0.820,3,0,5.003,0,0,10,32,0,54,0
22-04 13:01:11,23.274,3.003,74.328,0,0.250,1437920,1468860,170428,4853408,11677.261,1459.533,0,196.206,0,2.002,1024,1196,2.940,1.590,0.820,2,0,2.002,0,0,10,32,0,54,0
22-04 13:01:12,23.500,1.750,73.751,0,0,1389700,1517036,170436,4853440,11281.226,1620.032,0,328.007,0,29.001,1283,1702,2.780,1.580,0.820,2,0,3.000,0,0,10,32,0,53,0
22-04 13:01:13,23.014,2.251,73.796,0,0,1370884,1535824,170440,4853460,11239.058,1621.018,0,152.096,0,10.006,1060,1225,2.780,1.580,0.820,2,0,3.002,0,0,10,32,0,53,0
22-04 13:01:14,23.232,2.248,74.443,0,0,1432368,1474336,170440,4853460,8168.710,1456.878,0,0,0,0,946,1129,2.780,1.580,0.820,2,0,1.998,0,0,10,32,0,51,0
22-04 13:01:15,12.004,17.006,70.773,0,0.500,1337176,1569324,170452,4853616,5226.704,1620.528,0,536.175,0,7.002,2775,4460,2.780,1.580,0.820,2,0,414.135,0,0,10,32,0,51,0
22-04 13:01:16,9.235,19.469,69.887,0,0,1338444,1567920,170456,4853724,5140.693,1455.648,0,626.987,0,9.984,3156,5031,2.780,1.580,0.820,1,0,466.247,0,0,10,32,0,49,0
22-04 13:01:17,8.009,21.275,69.832,0,0,1338636,1567696,170456,4853752,13231.627,1621.915,0,88.104,0,1.001,3040,4529,2.640,1.570,0.830,1,0,424.501,0,0,10,32,0,49,0
22-04 13:01:18,20.469,5.492,73.639,0,0.250,1399528,1506800,170456,4853752,22936.481,1617.566,0,147.778,0,2.995,1305,1813,2.640,1.570,0.830,1,0,72.890,0,0,10,32,0,48,0
22-04 13:01:19,22.498,2.500,74.242,0,0.250,1344276,1562032,170456,4853768,11911.737,1457.845,0,339.964,0,3.000,939,1112,2.640,1.570,0.830,1,0,3.000,0,0,10,32,0,48,0
22-04 13:01:20,23.507,3.251,73.272,0,0,1423640,1482688,170456,4853748,12014.604,1620.486,0,12.004,0,2.001,1017,1158,2.640,1.570,0.830,1,0,4.001,0,0,10,32,0,45,0
22-04 13:01:21,23.754,2.000,74.014,0,0.250,1371672,1534648,170456,4853756,11798.230,1620.306,0,20.004,0,1.000,988,1087,2.640,1.570,0.830,1,0,3.001,0,0,10,32,0,45,0
22-04 13:01:22,22.234,3.498,73.198,0.250,0,1431132,1475176,170460,4853764,8042.274,1618.847,0,403.713,0,30.978,1276,1755,2.510,1.560,0.830,1,0,1.999,0,0,10,32,0,42,0
22-04 13:01:23,23.009,2.751,72.777,0.250,0,1397580,1508736,170460,4853756,4885.832,1458.547,0,1212.455,0,69.026,1073,1459,2.510,1.560,0.830,1,0,3.001,0,0,10,32,0,42,0
22-04 13:01:24,23.000,3.250,72.999,0.250,0,1349360,1556928,170468,4853776,5701.886,1713.966,0,3015.940,0,150.997,1180,1726,2.510,1.560,0.830,1,0,3.000,0,0,10,32,0,37,0
22-04 13:01:25,23.795,2.505,73.638,0,0,1426476,1479824,170468,4853764,11558.673,1623.043,0,0,0,0,1017,1220,2.510,1.560,0.830,1,0,5.009,0,0,10,32,0,37,0
22-04 13:01:26,23.467,1.997,73.397,0,0,1374528,1531784,170468,4853752,8044.713,1617.730,0,15.978,0,1.997,936,1095,2.510,1.560,0.830,1,0,2.996,0,0,10,32,0,36,0
22-04 13:01:27,24.987,1.749,73.461,0,0.250,1435732,1470576,170468,4853752,11271.947,1619.131,0,23.987,0,0.999,989,1076,2.390,1.550,0.830,1,0,1.999,0,0,10,32,0,36,0
22-04 13:01:28,22.752,2.750,73.256,0,0,1389856,1516484,170468,4853720,8277.654,1458.115,0,0,0,0,975,1147,2.390,1.550,0.830,1,0,3.000,0,0,10,32,0,36,0
22-04 13:01:29,22.741,3.499,73.971,0,0,1343032,1563220,170468,4853808,11812.417,1619.372,0,1763.316,0,6.997,969,1091,2.390,1.550,0.830,1,0,2.999,0,0,10,32,0,36,0
22-04 13:01:30,23.015,2.001,73.547,0,0,1354192,1552052,170468,4853808,9045.807,1621.041,0,16.010,0,2.001,973,1177,2.390,1.550,0.830,1,0,3.002,0,0,10,32,0,36,0
22-04 13:01:31,23.745,2.499,73.985,0,0,1427544,1478720,170468,4853788,5699.820,1457.698,0,0,0,0,934,1152,2.390,1.550,0.830,1,0,3.999,0,0,10,32,0,36,0
22-04 13:01:32,23.498,2.500,73.494,0.250,0,1384084,1522108,170468,4853860,13367.864,1619.862,0,1231.895,0,150.987,1356,1675,2.280,1.540,0.830,1,0,3.000,0,0,10,32,0,36,0
22-04 13:01:33,23.509,2.251,73.529,0,0.250,1376896,1529276,170476,4853872,13084.247,1620.650,0,160.064,0,11.004,1072,1191,2.280,1.540,0.830,1,0,3.001,0,0,10,32,0,36,0
22-04 13:01:34,22.994,2.499,73.981,0,0.250,1430824,1475348,170476,4853872,5299.670,1457.634,0,403.899,0,63.984,863,1086,2.280,1.540,0.830,2,0,1.999,0,0,10,32,0,31,0
22-04 13:01:35,12.008,18.262,69.046,0,0,1334636,1571496,170476,4853912,11559.780,1621.091,0,96.065,0,8.005,2713,4114,2.280,1.540,0.830,2,0,388.261,0,0,10,32,0,31,0
22-04 13:01:36,22.735,2.498,74.451,0,0,1414344,1491772,170476,4853928,11424.540,1618.943,0,7.995,0,1.999,971,1253,2.280,1.540,0.830,2,0,6.995,0,0,10,32,0,24,0
22-04 13:01:37,22.998,3.000,73.742,0,0.500,1391352,1514532,170476,4854156,11213.845,1457.850,0,0,0,0,1076,1267,2.170,1.530,0.830,2,0,10.999,0,0,10,32,0,24,0
22-04 13:01:38,18.039,11.024,70.652,0,0,1342640,1563224,170476,4854172,10756.104,1623.487,0,164.353,0,4.009,1777,2600,2.170,1.530,0.830,2,0,203.437,0,0,10,32,0,19,0
22-04 13:01:39,8.245,21.985,69.704,0,0,1337840,1567924,170476,4854272,5532.310,1618.920,0,167.888,0,6.995,3266,5339,2.170,1.530,0.830,2,0,533.644,0,0,10,32,0,19,0
22-04 13:01:40,9.499,19.998,69.993,0,0.250,1338656,1567064,170476,4854300,13340.599,1457.847,0,327.966,0,7.999,2996,4461,2.170,1.530,0.830,1,0,425.955,0,0,10,32,0,16,0
22-04 13:01:41,10.508,21.516,68.551,0,0.250,1339508,1566176,170476,4854332,11272.420,1621.211,0,1320.987,0,15.011,3532,5515,2.170,1.530,0.830,2,0,591.442,0,0,10,32,0,16,0
22-04 13:01:42,9.493,20.485,68.699,0,0,1341680,1563968,170484,4854360,6906.882,1618.800,0,1650.777,0,45.966,3312,5297,2.080,1.520,0.830,1,0,487.639,0,0,10,32,0,14,0
22-04 13:01:43,9.492,18.735,70.443,0,0.250,1338816,1566800,170484,4854392,11012.080,1564.733,0,847.314,0,19.984,3029,4475,2.080,1.520,0.830,1,0,426.654,0,0,10,32,0,14,0
22-04 13:01:44,9.011,19.275,70.089,0.250,0.250,1340476,1565108,170484,4854424,12541.991,1513.930,0,416.531,0,19.024,3131,5337,2.080,1.520,0.830,2,0,430.549,0,0,10,32,0,11,0
22-04 13:01:45,14.492,22.237,62.464,0,0.250,1355640,1549916,170492,4854444,13691.196,1619.077,0,567.676,0,24.986,3684,5709,2.080,1.520,0.830,2,0,573.673,0,0,10,32,0,13,0
22-04 13:01:46,58.697,15.985,24.728,0,0,1529424,1375860,170552,4854584,11152.862,1456.676,0,799.273,0,51.953,3153,4916,2.080,1.520,0.830,3,0,457.584,0,0,10,32,0,17,0
22-04 13:01:47,59.628,10.272,23.050,7.266,0.251,1634400,1260672,171296,4863020,5150.093,1623.497,412.889,23005.554,5.011,1819.920,10783,21810,2.150,1.550,0.840,9,0,118.255,0,0,10,38,0,18,0
22-04 13:01:48,40.759,11.003,32.258,15.504,0,1610796,1272916,171992,4873304,11884.769,1620.378,0,70460.417,0,5485.278,22199,39306,2.150,1.550,0.840,6,1,158.037,0,0,10,36,0,18,0
22-04 13:01:49,40.976,11.993,31.731,13.742,0,1574840,1299076,172584,4882128,13806.785,1457.133,0,73975.984,0,5872.506,24969,42960,2.150,1.550,0.840,2,1,120.928,0,0,10,36,0,19,0
22-04 13:01:50,50.759,12.752,23.254,14.003,0,1543504,1321472,172884,4890468,12427.287,1620.298,0,65924.130,0,5189.955,21014,35438,2.150,1.550,0.840,4,0,154.028,0,0,10,34,0,19,0
22-04 13:01:51,42.975,18.989,27.734,8.995,0,1554600,1303632,173260,4896580,9027.773,1619.063,363.789,46137.287,5.997,3499.974,18257,37505,2.150,1.550,0.840,10,1,225.869,0,0,10,35,0,23,0
22-04 13:01:52,39.932,15.474,38.185,7.487,0.250,1539304,1313452,173584,4901384,10761.619,1455.514,1597.272,46876.934,19.966,3735.620,17065,29732,2.380,1.610,0.860,2,1,247.577,0,0,10,34,0,24,0
22-04 13:01:53,37.094,6.767,44.613,11.279,0,1555088,1292900,173900,4905664,9116.064,1666.216,0,51133.367,0,4249.752,19462,33682,2.380,1.610,0.860,2,0,54.137,0,0,10,35,0,22,0
22-04 13:01:54,35.267,8.754,43.021,12.256,0.250,1528828,1319324,174152,4905184,6076.923,1620.780,0,41600.010,0,3825.840,17539,32405,2.380,1.610,0.860,1,1,97.047,0,0,10,34,0,23,0
22-04 13:01:55,37.162,6.485,42.399,13.468,0,1552640,1294416,174416,4905964,4511.286,1454.545,0,41800.723,0,3918.693,17828,31590,2.380,1.610,0.860,1,1,45.891,0,0,10,35,0,22,0
22-04 13:01:56,36.245,7.499,40.994,13.498,0,1511824,1333372,174568,4907648,11733.310,1619.767,0,41338.047,0,3636.476,18596,31576,2.380,1.610,0.860,3,0,61.991,0,0,10,34,0,24,0
22-04 13:01:57,42.832,5.761,41.079,11.272,0,1549112,1294088,174736,4909428,8246.834,1623.116,0,28699.102,0,2870.511,14794,25858,2.510,1.650,0.880,3,0,42.081,0,0,10,37,0,24,0
22-04 13:01:58,34.983,7.996,43.729,12.494,0,1500788,1339624,174916,4911976,13089.625,1619.211,0,46717.249,0,3969.067,19785,34889,2.510,1.650,0.880,1,1,93.954,0,0,10,36,0,24,0
22-04 13:01:59,36.197,8.488,41.189,14.479,0.250,1552148,1284968,175092,4915000,8563.395,1563.698,0,44198.939,0,3753.475,17092,28517,2.510,1.650,0.880,2,1,55.918,0,0,10,37,0,22,0
22-04 13:02:00,34.814,8.015,43.330,15.028,0.250,1535048,1299000,175228,4917844,11192.550,1514.781,0,39444.420,0,3668.736,17543,29826,2.510,1.650,0.880,1,1,114.210,0,0,10,36,0,22,0
22-04 13:02:01,33.958,9.988,41.698,15.730,0,1518760,1313012,175372,4919888,8933.877,1617.986,0,47500.861,0,4213.754,20062,33459,2.510,1.650,0.880,3,1,127.841,0,0,10,36,0,22,0
22-04 13:02:02,37.046,6.508,41.801,13.517,0,1558528,1273952,175444,4919068,7423.123,1567.927,0,45171.516,0,3821.697,18364,32264,2.870,1.740,0.910,8,0,21.026,0,0,10,36,0,23,1
22-04 13:02:03,34.643,8.723,43.865,13.209,0.498,1545820,1289756,175464,4915940,5359.519,1549.236,0,39670.015,0,3468.335,16904,28800,2.870,1.740,0.910,2,0,68.788,0,0,10,36,0,25,0
22-04 13:02:04,35.360,14.295,47.398,3.260,0,1376680,1458792,175492,4915992,11945.209,1625.062,0,13522.121,0,1027.200,7775,13685,2.870,1.740,0.910,1,0,373.162,0,0,10,32,0,26,0
22-04 13:02:05,23.993,20.494,54.984,0.250,0,1426224,1409016,175520,4916192,9797.208,1619.538,0,2099.402,0,104.970,4301,6936,2.870,1.740,0.910,3,0,646.816,0,0,10,32,0,32,0
22-04 13:02:06,69.243,6.499,23.248,0.750,0,1618688,1215256,175584,4917324,11259.863,1457.853,0,7135.279,0,401.959,2722,3312,2.870,1.740,0.910,3,0,8.999,0,0,10,32,0,32,0
22-04 13:02:07,64.546,8.256,25.768,1.251,0,1769428,1060120,175772,4921024,10225.219,1621.145,0,9054.392,0,504.356,3658,4544,2.880,1.760,0.930,4,1,3.002,0,0,10,38,0,32,0
22-04 13:02:08,27.254,6.751,45.257,19.253,0,1766100,1051552,176000,4932412,11503.772,1458.225,0,76147.727,0,5889.907,24965,44689,2.880,1.760,0.930,7,0,219.034,0,0,10,38,0,32,0
22-04 13:02:09,22.971,8.739,47.690,19.475,0,1767420,1039720,176140,4942460,13101.492,1617.961,0,83119.270,0,6564.728,25833,45948,2.880,1.760,0.930,3,2,212.732,0,0,10,38,0,32,0
22-04 13:02:10,32.029,5.755,42.039,18.517,0.250,1730200,1069892,176224,4949156,4893.497,1621.490,0,81250.669,0,6355.841,23381,42279,2.880,1.760,0.930,2,1,147.135,0,0,10,38,0,32,0
22-04 13:02:11,39.521,12.256,31.766,17.009,0,1696948,1093204,176336,4958660,10665.535,1458.757,0,71989.362,0,5334.769,18398,37286,2.880,1.760,0.930,5,0,204.106,0,0,10,36,0,32,0
22-04 13:02:12,44.242,8.498,30.494,16.497,0.250,1758452,1023400,176400,4966584,10341.097,1619.702,0,64608.112,0,4904.098,19061,34407,2.970,1.790,0.940,1,2,35.993,0,0,10,36,0,32,0
22-04 13:02:13,29.233,8.995,41.975,20.488,0,1646784,1125520,176484,4975600,5553.712,1619.042,0,65489.230,0,4962.062,22397,37592,2.970,1.790,0.940,0,3,98.941,0,0,10,36,0,32,0
22-04 13:02:14,21.967,5.242,52.420,19.720,0.250,1644380,1123252,176512,4980104,12065.696,1617.546,0,58663.008,0,5038.357,21767,37187,2.970,1.790,0.940,2,1,89.864,0,0,10,36,0,32,0
22-04 13:02:15,29.495,10.498,54.492,4.999,0,1378524,1388632,176516,4980548,12190.123,1619.751,0,25584.060,0,1772.727,7942,13168,2.970,1.790,0.940,1,0,221.966,0,0,10,32,0,32,0
22-04 13:02:16,21.026,5.257,73.091,0.250,0.250,1445784,1321352,176516,4980560,11996.948,1622.021,0,821.023,0,45.056,1344,1858,2.970,1.790,0.940,1,0,49.061,0,0,10,32,0,32,0
22-04 13:02:17,24.209,2.246,73.377,0.250,0,1503744,1263392,176516,4980560,11924.978,1455.556,0,830.605,0,57.903,1191,1618,2.810,1.780,0.940,1,0,0,0,0,10,36,0,32,0
22-04 13:02:18,22.241,4.748,72.220,0.750,0,1407464,1359660,176520,4980568,6032.515,1619.333,0,3930.381,0,227.906,1828,2662,2.810,1.780,0.940,1,0,26.989,0,0,10,32,0,32,0
22-04 13:02:19,23.252,2.500,73.506,0,0,1475000,1292124,176520,4980568,12246.931,1620.123,0,528.040,0,100.008,1187,1131,2.810,1.780,0.940,1,0,3.000,0,0,10,32,0,32,0
22-04 13:02:20,20.533,6.010,72.618,0,0.250,1385516,1381604,176524,4980568,8969.567,1460.372,0,128.208,0,16.026,1512,2059,2.810,1.780,0.940,2,0,79.129,0,0,10,32,0,32,0
22-04 13:02:21,14.007,34.768,48.775,0.250,0,1394496,1372536,176528,4980644,5794.921,1620.817,0,4102.067,0,67.034,5644,9671,2.810,1.780,0.940,1,0,1233.622,0,0,10,32,0,32,0
22-04 13:02:22,9.252,22.004,69.763,0,0,1395296,1371644,176528,4980720,11025.018,1458.267,0,240.044,0,18.003,3458,5301,2.670,1.770,0.940,1,0,572.105,0,0,10,32,0,32,0
22-04 13:02:23,9.752,20.005,70.018,0,0.250,1393404,1373460,176528,4980764,8712.204,1620.410,0,24.006,0,6.002,2841,4280,2.670,1.770,0.940,1,0,367.093,0,0,10,32,0,32,0
22-04 13:02:24,14.689,16.432,66.973,0,0.249,1396452,1370140,176528,4980916,12297.213,1706.950,0,31.868,0,7.967,3622,5489,2.670,1.770,0.940,2,0,282.832,0,0,10,32,0,32,0
22-04 13:02:25,39.312,10.767,49.078,0,0,1472028,1294448,176540,4981432,7572.009,1460.316,0,192.305,0,1.002,3341,5300,2.670,1.770,0.940,3,0,163.259,0,0,10,33,0,32,0
22-04 13:02:26,46.873,5.264,46.371,0,0,1580344,1183820,176540,4983740,5021.135,1624.249,0,20.052,0,1.003,2708,6305,2.670,1.770,0.940,4,0,2.005,0,0,10,33,0,32,0
22-04 13:02:27,48.881,5.237,46.387,0,0,1644932,1116168,176608,4986312,11313.384,1616.055,83.795,630.461,0.998,43.893,2953,5885,2.610,1.770,0.950,3,0,6.983,0,0,10,49,0,32,0
22-04 13:02:28,19.033,13.524,65.866,0,0.250,1661680,1099208,176608,4986488,8183.386,1460.568,0,468.824,0,21.037,2401,3516,2.610,1.770,0.950,3,0,245.431,0,0,10,48,0,33,0
22-04 13:02:29,12.223,1.497,85.065,0.499,0,1680592,1080260,176608,4986504,11708.499,2285.023,0,4825.490,0,266.420,1353,1193,2.610,1.770,0.950,0,0,11.974,0,0,10,49,0,33,0
22-04 13:02:30,0.500,0.500,97.789,0.250,0,1680492,1080260,176608,4986604,98932.980,4057.599,0,848.334,0,18.007,954,1468,2.610,1.770,0.950,0,0,0,0,0,10,49,0,33,0
22-04 13:02:31,1.250,0.500,97.748,0,0.250,1680672,1080036,176608,4986648,72087.486,2939.938,0,499.990,0,28.999,818,1087,2.610,1.770,0.950,0,0,0,0,0,10,49,0,33,0
22-04 13:02:32,13.011,7.256,77.813,1.251,0,1688288,1071044,176696,4987672,37637.562,2251.828,4.003,4599.735,1.001,319.259,2332,3517,2.490,1.760,0.950,2,0,61.050,0,0,10,48,0,34,0
22-04 13:02:33,16.023,9.764,72.605,1.252,0.250,1714176,989736,176724,5040908,7473.762,1622.336,64.092,4622.657,4.006,136.196,1959,2733,2.490,1.760,0.950,1,0,37.053,0,0,10,48,0,34,0
22-04 13:02:34,18.706,6.485,73.327,0,0,1727804,975964,176724,5040980,6372.934,1538.363,0,0,0,0,1273,1446,2.490,1.760,0.950,1,0,38.908,0,0,10,48,0,34,0
22-04 13:02:35,19.004,6.751,73.514,0,0,1671168,1086592,176868,4988096,12084.381,1620.319,288.057,4.001,13.003,1.000,1565,1943,2.490,1.760,0.950,1,0,87.017,0,0,10,48,0,34,0
22-04 13:02:36,15.253,14.003,69.264,0,0.250,1669524,1088088,176872,4988396,12940.588,1620.324,4.001,436.087,1.000,8.002,3789,6168,2.490,1.760,0.950,2,0,239.048,0,0,10,48,0,34,0
22-04 13:02:37,7.244,5.495,86.175,0,0,1668884,1088668,176872,4988244,13636.109,1456.730,0,7.993,0,1.998,3059,4950,2.290,1.730,0.940,0,0,60.947,0,0,10,48,0,34,0
22-04 13:02:38,1.001,0.250,98.320,0.250,0,1668808,1088668,176872,4988320,5984.237,1621.148,0,292.207,0,2.001,663,978,2.290,1.730,0.940,0,0,3.002,0,0,10,48,0,34,0
22-04 13:02:39,1.000,0.750,98.243,0,0,1668808,1088668,176872,4988320,11426.154,1457.892,0,0,0,0,796,1050,2.290,1.730,0.940,0,0,3.000,0,0,10,48,0,34,0
22-04 13:02:40,0.750,0.250,97.996,0,0,1668808,1088668,176872,4988320,12682.429,1619.927,0,87.996,0,10.000,852,1325,2.290,1.730,0.940,0,0,1.000,0,0,10,48,0,34,0
22-04 13:02:41,6.261,5.009,87.900,0.250,0.501,1614116,1143376,176872,4988648,5585.551,1622.775,0,3301.646,0,215.368,2470,3748,2.290,1.730,0.940,4,0,138.236,0,0,10,48,0,34,0
22-04 13:02:42,15.495,16.744,67.977,0,0,1624104,1133152,176872,4988452,7580.438,1457.507,0,7.997,0,1.999,4382,7289,2.180,1.720,0.940,1,0,208.929,0,0,10,48,0,34,0
22-04 13:02:43,13.724,17.966,66.622,0,0.250,1671180,1085692,176872,4989124,12626.807,1854.447,0,0,0,0,4348,7284,2.180,1.720,0.940,1,0,344.340,0,0,11,48,0,34,0
22-04 13:02:44,14.258,11.256,72.790,0,0,1673780,1083052,176872,4988760,6287.439,1620.887,0,244.134,0,13.007,4366,6986,2.180,1.720,0.940,0,0,187.102,0,0,11,48,0,34,0
22-04 13:02:45,5.252,10.254,83.779,0,0,1676664,1080192,176872,4989120,11964.199,1512.531,0,28.010,0,2.001,2217,3524,2.180,1.720,0.940,0,0,149.052,0,0,13,48,0,34,0
22-04 13:02:46,16.531,14.277,68.127,0,0.250,1681612,1075164,176872,4988796,11020.620,1568.935,0,32.060,0,7.013,4760,7312,2.180,1.720,0.940,1,0,231.433,0,0,13,50,0,28,0
22-04 13:02:47,12.737,22.227,65.182,0,0.749,1676668,1080080,176872,4988840,11541.904,1618.304,0,31.966,0,7.992,3367,7832,2.090,1.700,0.950,2,0,403.577,0,0,13,50,0,29,0
22-04 13:02:48,19.501,15.001,64.254,0,0,1682644,1074040,176872,4988852,10828.682,1620.102,0,32.002,0,7.000,5266,8511,2.090,1.700,0.950,2,0,199.013,0,0,13,50,0,26,0
22-04 13:02:49,30.786,23.027,45.554,0,0,1756840,999480,176876,4989216,7229.538,1621.915,0,568.672,0,14.017,3643,5979,2.090,1.700,0.950,2,0,615.727,0,0,13,50,0,26,0
22-04 13:02:50,31.256,22.254,45.508,0.250,0,1816828,938264,176964,4990660,13429.404,1620.290,32.006,664.119,2.000,20.004,4766,9107,2.090,1.700,0.950,1,0,568.102,0,0,13,54,0,26,0
22-04 13:02:51,44.250,17.000,37.500,0.250,0,1896184,858832,176964,4990352,8347.050,1512.009,0,760.005,0,33.000,4765,9384,2.090,1.700,0.950,2,0,245.001,0,0,13,54,0,26,0
22-04 13:02:52,32.425,4.240,62.855,0,0,1988488,766152,176992,4990660,5219.963,1562.397,0,0,0,0,1365,2133,2,1.690,0.950,1,0,5.986,0,0,13,54,0,21,0
22-04 13:02:53,23.497,2.750,72.742,0.250,0,2034260,717796,177300,4992588,12691.642,1709.817,155.983,0,38.996,0,1279,1821,2,1.690,0.950,2,0,5.999,0,0,13,56,0,21,0
22-04 13:02:54,22.566,6.018,58.922,10.029,0.251,2048524,689652,177312,5006156,13383.092,1516.429,0,27291.719,0,2413.049,12325,22511,2,1.690,0.950,3,1,4.012,0,0,13,56,0,18,0
22-04 13:02:55,34.482,10.245,48.475,6.996,0,2177076,553908,177424,5012884,10983.245,1607.158,0,23139.875,0,2004.949,11000,22012,2,1.690,0.950,6,0,11.994,0,0,14,76,0,25,0
22-04 13:02:56,19.976,21.474,57.679,0.250,0.250,2231288,498524,177428,5013952,9961.787,1618.016,0,4350.666,0,67.917,4998,12563,2,1.690,0.950,3,0,423.481,0,0,14,89,0,28,0
22-04 13:02:57,10.739,18.231,68.678,0.250,0,2232748,496900,177428,5014108,4689.086,1510.417,0,687.280,0,34.963,2859,4837,1.920,1.680,0.950,1,0,367.615,0,0,14,89,0,28,0
22-04 13:02:58,29.494,16.496,53.488,0,0,2286276,443296,177432,5014600,11141.549,1565.656,0,451.901,0,24.995,5455,9189,1.920,1.680,0.950,2,0,195.957,0,0,14,90,0,28,0
22-04 13:02:59,44.090,6.012,48.599,0.251,0,2394444,334316,177448,5015344,12812.060,1623.302,0,2529.144,0,173.353,2254,4051,1.920,1.680,0.950,1,0,35.071,0,0,14,93,0,29,0
22-04 13:03:00,10.226,17.958,70.337,1.497,0.249,2399584,328996,177448,5015460,5006.385,1454.625,0,10256.206,0,525.780,4080,5794,1.920,1.680,0.950,1,0,371.139,0,0,14,93,0,29,0
22-04 13:03:01,9.001,18.502,71.258,0,0,2403848,324696,177448,5015496,11255.216,1620.175,0,944.102,0,10.001,2952,4304,1.920,1.680,0.950,2,0,342.037,0,0,14,93,0,29,0
22-04 13:03:02,12.495,13.995,71.973,0,0.500,2428096,300408,177448,5015520,9666.327,1661.369,0,131.950,0,12.995,2324,3290,1.850,1.670,0.950,1,0,247.906,0,0,14,93,0,29,0
22-04 13:03:03,23.989,3.498,72.965,0,0.250,2473284,255076,177452,5015660,12209.164,1547.260,0,127.939,0,11.994,1639,2797,1.850,1.670,0.950,2,0,0,0,0,14,97,0,29,0
22-04 13:03:04,21.775,5.006,72.584,0,0,2459212,269132,177452,5015676,11792.609,1621.872,0,180.208,0,11.013,1852,2673,1.850,1.670,0.950,1,0,65.075,0,0,14,95,0,26,0
22-04 13:03:05,26.790,3.756,68.102,1.252,0,2496308,231692,177468,5015928,5312.996,1622.442,0,1402.110,0,208.314,4091,7494,1.850,1.670,0.950,1,0,5.008,0,0,14,102,0,26,0
22-04 13:03:06,29.686,10.228,59.871,0.249,0,2494704,233096,177468,5016124,13535.803,1616.513,0,3588.260,0,266.425,3864,5978,1.850,1.670,0.950,1,0,115.750,0,0,14,106,0,22,0
22-04 13:03:07,22.555,3.258,73.179,0,0,2544068,183704,177468,5016144,11716.706,1461.581,0,53382.788,0,90.221,1687,2443,1.780,1.660,0.950,1,0,0,0,0,14,110,0,22,0
22-04 13:03:08,28.007,5.251,65.016,1.250,0,2536888,190828,177472,5016188,13750.451,1620.407,0,1336.335,0,121.030,2971,5102,1.780,1.660,0.950,3,0,26.007,0,0,14,109,0,24,0
22-04 13:03:09,41.423,11.728,46.413,0,0.250,2612136,133540,176224,4999476,13543.687,1551.101,171.679,463.134,9.981,34.935,1895,2334,1.780,1.660,0.950,2,0,79.851,0,0,14,114,0,24,0
22-04 13:03:10,31.470,6.993,59.693,0.749,0,2611500,147620,175624,4987472,11450.111,1564.512,335.681,5223.033,9.990,591.438,2554,2759,1.780,1.660,0.950,1,0,58.944,0,0,14,113,0,25,0
22-04 13:03:11,20.760,6.253,72.286,0.250,0,2611648,151892,175592,4983084,11029.493,1620.807,68.034,288.143,2.001,16.008,1587,2170,1.780,1.660,0.950,1,0,53.026,0,0,14,113,0,26,0
22-04 13:03:12,23.495,3.999,71.483,0.750,0.250,2651308,126568,175336,4969032,6712.449,1457.663,767.823,767.823,14.997,92.979,1863,3140,1.720,1.650,0.950,2,0,1.000,0,0,14,115,0,27,0
22-04 13:03:13,19.740,5.747,72.965,0,0,2639512,138280,175336,4969116,5113.515,1619.213,59.971,331.839,1.000,18.991,1510,2166,1.720,1.650,0.950,2,0,83.959,0,0,14,115,0,27,0
22-04 13:03:14,21.506,5.502,72.021,0,0.250,2623004,153908,175336,4969996,11979.486,1710.498,852.248,292.085,12.003,18.005,1536,2080,1.720,1.650,0.950,2,0,57.017,0,0,14,115,0,28,0
22-04 13:03:15,25.561,4.010,68.412,1.504,0.251,2643040,135792,175216,4968196,10996.094,1461.468,4.010,2457.832,1.002,279.664,3288,5875,1.720,1.650,0.950,4,0,1.002,0,0,14,117,0,28,0
22-04 13:03:16,24.677,6.232,68.299,0.748,0,2640872,137756,175216,4968400,13009.699,1615.245,0,1587.327,0,156.539,2929,4679,1.720,1.650,0.950,1,0,55.836,0,0,14,117,0,29,0
22-04 13:03:17,24.825,3.761,69.459,0.752,0.251,2666680,127232,175028,4953364,9101.395,1516.565,746.246,1183.563,129.389,124.374,2555,4127,1.660,1.640,0.950,1,0,0,0,0,14,119,0,29,0
22-04 13:03:18,33.929,5.988,57.131,2.245,0,2658188,152112,175008,4937060,12453.048,1562.743,267.443,6809.808,27.942,451.060,4566,7613,1.660,1.640,0.950,1,0,71.850,0,0,14,119,0,30,0
22-04 13:03:19,23.750,3.500,71.999,0.750,0,2622152,188104,175008,4937104,14399.770,1619.974,8.000,895.986,1.000,115.998,2308,3591,1.660,1.640,0.950,1,0,13.000,0,0,14,119,0,31,0
22-04 13:03:20,20.499,8.000,70.997,0,0,2673828,135920,175008,4937612,5180.757,1619.924,471.978,443.979,13.999,25.999,1734,2520,1.660,1.640,0.950,1,0,135.994,0,0,14,119,0,31,0
22-04 13:03:21,26.245,2.250,70.486,0.250,0,2680588,129116,175008,4937656,5006.039,1619.689,0,1043.800,0,128.975,2808,5069,1.660,1.640,0.950,1,0,0,0,0,14,121,0,31,0
22-04 13:03:22,31.582,6.266,61.409,0.752,0,2625128,182356,175008,4939876,11605.034,1515.923,2101.439,998.584,49.127,98.254,3150,6352,1.610,1.630,0.950,4,0,70.182,0,0,14,121,0,32,0
22-04 13:03:23,41.984,12.245,42.983,1.000,0,2676816,129604,175012,4941080,10228.032,1885.269,1031.600,1763.316,22.991,176.931,5148,9339,1.610,1.630,0.950,3,0,221.914,0,0,14,121,0,32,0
22-04 13:03:24,22.453,7.734,69.105,0.499,0.249,2633464,195048,175004,4919120,12282.305,2053.704,331.307,906.104,9.979,63.866,2381,3475,1.610,1.630,0.950,1,0,101.787,0,0,14,121,0,33,0
22-04 13:03:25,9.518,18.786,69.383,0.751,0.250,2641052,187228,175008,4919348,11198.501,1713.290,68.131,3402.533,4.008,320.616,3620,4870,1.610,1.630,0.950,1,0,360.693,0,0,14,121,0,33,0
22-04 13:03:26,16.254,17.254,66.515,0,0.250,2650560,177524,175008,4919964,11981.660,1512.336,204.045,504.112,7.002,29.006,5638,12021,1.610,1.630,0.950,1,0,238.053,0,0,14,121,0,33,0
22-04 13:03:27,28.743,20.995,48.488,0,0.250,2688672,140172,175008,4918832,11693.100,1565.612,67.983,491.878,6.998,33.992,3747,6026,1.720,1.650,0.960,2,0,463.885,0,0,14,121,0,33,0
22-04 13:03:28,37.281,22.268,40.784,0.250,0,2743436,129128,174648,4876420,5007.146,1637.356,1337.107,5156.269,56.046,471.390,6758,10962,1.720,1.650,0.960,4,0,353.293,0,0,14,127,0,33,0
22-04 13:03:29,53.767,24.258,20.506,0.250,0,2881820,119184,172364,4752716,11928.769,1650.522,3100.980,5529.747,174.055,411.130,7154,12281,1.720,1.650,0.960,4,0,586.185,0,0,16,133,0,32,0
22-04 13:03:30,60.975,20.242,17.992,0.250,0,2978696,130932,170628,4648740,11105.358,1565.346,787.671,1431.402,37.984,237.901,5333,20778,1.720,1.650,0.960,3,0,299.875,0,0,16,135,0,32,0
22-04 13:03:31,48.893,20.206,29.186,0,0.249,3066356,132564,169420,4561868,5979.874,1616.452,87.807,5535.849,2.993,345.242,4503,6737,1.720,1.650,0.960,3,0,542.809,0,0,16,149,0,32,0
22-04 13:03:32,24.806,20.546,53.621,0.251,0,3104704,130512,168912,4527064,12563.406,1515.426,76.172,356.807,3.007,15.034,3669,5945,1.740,1.650,0.970,1,0,485.097,0,0,17,149,0,32,0
22-04 13:03:33,21.750,18.000,59.000,0,0,3123724,132288,168272,4507368,12717.911,1565.989,311.998,271.998,19.000,15.000,4804,9982,1.740,1.650,0.970,2,0,206.999,0,0,17,149,0,31,0
22-04 13:03:34,32.748,19.999,45.747,0.250,0,3180132,131640,168272,4452996,13026.205,1601.902,0,375.977,0,33.998,3520,6181,1.740,1.650,0.970,2,0,453.972,0,0,17,149,0,31,0
22-04 13:03:35,39.489,19.494,39.989,0.250,0.250,3286812,124280,167520,4356484,9639.272,1619.542,79.977,839.762,5.998,81.977,7797,18250,1.740,1.650,0.970,5,0,269.924,0,0,17,165,0,31,0
22-04 13:03:36,31.753,23.002,43.254,0.500,0.250,3354452,124884,167308,4290188,5208.469,1690.152,492.044,9348.841,12.001,620.056,5264,7814,1.740,1.650,0.970,4,0,695.063,0,0,17,167,0,31,0
22-04 13:03:37,26.745,24.245,48.240,0.250,0,3428768,129212,167308,4212952,14170.109,1619.670,43.991,3379.311,7.998,378.923,5903,13663,2,1.710,0.990,2,0,521.894,0,0,17,173,0,31,0
22-04 13:03:38,15.004,18.005,65.269,0.250,0,3435492,133292,167312,4202300,11305.369,1566.467,224.067,3365.003,12.004,308.092,5177,7350,2,1.710,0.990,2,0,267.080,0,0,17,179,0,31,0
22-04 13:03:39,34.996,10.499,52.745,0,0.250,3513460,133632,167312,4125568,12111.752,1619.833,111.988,283.971,13.999,21.998,3794,6558,2,1.710,0.990,2,0,147.985,0,0,17,179,0,31,0
22-04 13:03:40,46.491,5.749,45.991,0.500,0.250,3625420,127672,167256,4021868,7950.434,1511.702,19.996,1211.761,3.999,190.962,2281,2899,2,1.710,0.990,2,0,2.999,0,0,17,179,0,31,0
22-04 13:03:41,31.508,12.753,54.013,0.500,0.250,3579008,235928,167228,3961396,13405.217,1620.389,4497.079,892.214,85.020,95.023,2880,4069,2,1.710,0.990,5,0,196.047,0,0,17,182,0,31,0
22-04 13:03:42,39.239,21.744,38.489,0.250,0,3654292,159156,167244,3962836,10811.016,1565.568,27.992,499.862,3.999,37.990,4977,14562,2,1.710,0.990,3,0,508.860,0,0,17,195,0,31,0
22-04 13:03:43,40.664,19.210,37.421,0.499,0,3661412,148876,167296,3965920,5615.169,1508.821,2255.248,395.167,63.865,24.947,5627,13448,2,1.710,0.990,5,0,282.405,0,0,17,195,0,32,0
22-04 13:03:44,74.826,20.882,4.226,0.249,0,3756000,134952,167320,3887560,7622.809,1700.366,1312.563,10369.248,25.854,803.448,4983,7498,2,1.710,0.990,5,0,193.901,0,0,17,210,0,34,0
22-04 13:03:45,79.466,15.591,3.772,0.251,0,3818152,184988,167416,3778016,11605.087,1575.242,607.565,9837.718,17.100,564.311,4544,9995,2,1.710,0.990,5,0,58.342,0,0,17,220,0,36,0
22-04 13:03:46,59.877,21.796,16.786,0.251,0,3899780,136532,167436,3745292,13563.850,1515.223,88.188,7119.142,10.021,306.652,5466,13661,2,1.710,0.990,4,0,329.701,0,0,17,223,0,43,0
22-04 13:03:47,49.922,22.714,25.710,0,0,3875028,157516,167440,3749044,12084.100,1617.470,23.963,814.726,4.992,47.925,5642,13464,2.320,1.790,1.020,4,0,420.343,0,0,17,225,0,44,0
22-04 13:03:48,55.613,25.302,17.285,0,0.251,3897452,129932,167440,3754132,11339.098,1569.196,0,8813.954,0,371.757,7776,33105,2.320,1.790,1.020,3,0,354.723,0,0,17,225,0,45,0
22-04 13:03:49,56.229,21.492,21.242,0,0,3923080,174692,167448,3684364,11357.752,1511.435,19.993,979.634,1.999,69.974,6806,12611,2.320,1.790,1.020,6,0,379.858,0,0,17,225,0,45,0
22-04 13:03:50,58.992,22.997,17.747,0.250,0,4027672,123828,167464,3630716,13363.116,1731.756,159.977,13002.167,12.998,844.881,6849,14412,2.320,1.790,1.020,5,0,390.945,0,0,17,233,0,48,0
22-04 13:03:51,57.783,23.163,17.933,0.249,0.747,4071728,124320,167464,3587412,7175.079,1560.146,95.641,1032.127,3.985,136.488,7157,17864,2.320,1.790,1.020,18,0,340.722,0,0,17,235,0,48,0
22-04 13:03:52,59.202,15.051,24.584,0.251,0,4133992,120276,167476,3529804,4957.901,1571.357,76.260,6670.741,5.017,556.898,5563,8284,2.380,1.810,1.030,3,0,188.643,0,0,17,241,0,48,0
22-04 13:03:53,66.224,9.710,23.403,0.249,0,4208264,159400,167484,3419076,13693.951,1559.503,51.784,728.963,3.983,55.768,3013,4833,2.380,1.810,1.030,4,0,7.967,0,0,17,246,0,50,0
22-04 13:03:54,61.532,17.581,20.092,0.251,0,4263800,142284,167484,3381336,9178.137,1627.472,888.077,1084.981,28.129,104.480,6029,11137,2.380,1.810,1.030,3,0,333.531,0,0,17,256,0,56,0
22-04 13:03:55,47.208,25.228,23.729,0.999,0,4266068,138648,167508,3382992,12529.848,1696.490,1522.645,2736.564,51.954,237.788,7023,14709,2.380,1.810,1.030,2,0,535.523,0,0,17,256,0,56,0
22-04 13:03:56,62.532,17.509,19.010,0.500,0.250,4294832,123720,167588,3369344,9576.951,1620.838,3329.721,824.426,50.026,61.032,4630,8656,2.380,1.810,1.030,6,0,214.111,0,0,18,256,0,46,0
22-04 13:03:57,78.741,13.249,7.749,0,0,4369376,172044,167588,3249660,12485.639,1511.835,807.912,739.919,12.999,42.995,2521,3600,2.510,1.840,1.050,4,0,49.995,0,0,18,259,0,47,0
22-04 13:03:58,57.004,15.751,26.252,0,0.500,4410748,135832,167628,3244460,12310.923,1566.117,816.061,1392.104,9.001,75.006,4009,8985,2.510,1.840,1.050,4,0,127.010,0,0,18,260,0,46,0
22-04 13:03:59,19.925,9.962,68.740,0,0,4414908,145664,167640,3230712,12629.274,3161.054,1275.181,390.524,16.936,20.921,2207,3348,2.510,1.840,1.050,2,0,107.593,0,0,18,261,0,46,0
22-04 13:04:00,21.248,6.999,69.744,1.500,0,4442380,132728,167640,3216252,27368.756,5186.575,543.955,9563.216,6.000,762.937,3391,3214,2.510,1.840,1.050,1,0,8.999,0,0,18,266,0,45,0
22-04 13:04:01,19.066,6.272,72.751,0.753,0,4445840,128276,167640,3217244,1071442.835,33622.165,770.663,1978.837,6.021,118.409,3767,4077,2.510,1.840,1.050,1,0,8.028,0,0,18,265,0,45,0
22-04 13:04:02,22.503,7.751,68.760,0.250,0,4429576,142324,167640,3219460,2465912.819,55702.467,768.117,256.039,6.001,27.004,5642,6689,2.390,1.830,1.050,1,0,11.002,0,0,18,270,0,45,0
22-04 13:04:03,15.689,4.732,76.204,0.249,0.249,4427984,141524,167640,3221852,2453841.097,55903.096,510.021,322.748,3.985,26.896,5111,5017,2.390,1.830,1.050,0,0,3.985,0,0,18,270,0,45,0
22-04 13:04:04,5.499,2.749,89.480,0,0.250,4429624,137576,167640,3224160,2476133.346,54551.780,0,311.930,0,28.994,5079,4694,2.390,1.830,1.050,0,0,2.999,0,0,18,276,0,44,0
22-04 13:04:05,4.498,1.749,91.468,0.500,0,4429500,136636,167640,3225224,1120624.299,24523.319,131.953,511.819,8.997,62.978,3000,3749,2.390,1.830,1.050,2,0,1.000,0,0,18,276,0,44,0
22-04 13:04:06,5.006,1.251,90.100,0.501,0.250,4430372,133360,167640,3227628,2467140.394,57926.530,0,2783.100,0,153.171,4826,4790,2.390,1.830,1.050,1,0,0,0,0,18,276,0,43,0
22-04 13:04:07,4.749,1.999,90.726,0,0.250,4429636,131792,167640,3229932,2466537.501,55441.086,0,79.978,0,8.998,4467,4539,2.270,1.810,1.050,0,0,0,0,0,18,276,0,43,0
22-04 13:04:08,7.273,10.032,80.006,1.003,0,4439340,118776,167644,3233240,2596284.514,33346.676,2235.150,1207.864,27.087,211.677,4705,5296,2.270,1.810,1.050,1,0,230.738,0,0,18,279,0,42,0
22-04 13:04:09,21.437,6.232,71.541,0,0,4478704,128248,167644,3184740,5919.697,1615.279,426.753,0,13.959,0,1843,2814,2.270,1.810,1.050,3,0,32.904,0,0,18,279,0,42,0
22-04 13:04:10,25.854,4.267,68.525,0.753,0,4492404,150432,167644,3149384,6014.159,1572.316,506.033,626.517,29.117,71.286,3933,8136,2.270,1.810,1.050,2,0,2.008,0,0,18,290,0,41,0
22-04 13:04:11,20.491,8.996,69.221,0.250,0,4439988,201368,167644,3151180,12377.863,1565.350,303.874,555.769,12.995,50.979,4009,7468,2.270,1.810,1.050,3,0,158.934,0,0,18,287,0,43,0
22-04 13:04:12,18.681,9.465,69.741,0.249,0,4488448,151740,167644,3152348,13169.090,1614.006,888.699,474.239,12.952,43.837,3092,5257,2.170,1.800,1.050,1,0,308.853,0,0,18,289,0,42,0
22-04 13:04:13,16.025,13.271,70.611,0.250,0.250,4454320,185852,167644,3152364,12499.674,1568.469,4.006,364.574,1.002,28.044,2598,3743,2.170,1.800,1.050,1,0,188.296,0,0,18,293,0,42,0
22-04 13:04:14,10.253,18.005,70.019,0,0,4450184,189948,167644,3152404,10030.688,1620.434,12.003,232.062,2.001,17.005,3250,4945,2.170,1.800,1.050,1,0,345.092,0,0,18,293,0,40,0
22-04 13:04:15,5.241,7.237,86.596,0.250,0.250,4450492,189576,167644,3152468,5830.656,1509.322,31.943,307.455,2.995,19.965,2089,3417,2.170,1.800,1.050,0,0,140.750,0,0,18,293,0,40,0
22-04 13:04:16,16.557,2.509,79.774,0.251,0.251,4490560,149508,167644,3152468,15562.535,1571.406,0,16946.295,0,81.280,1795,2547,2.170,1.800,1.050,1,0,11.038,0,0,18,293,0,39,0
22-04 13:04:17,19.186,7.973,70.764,0,0.249,4443160,196752,167648,3152620,13335.619,1614.627,7.973,155.483,1.993,17.940,2517,3848,2.080,1.790,1.050,1,0,127.575,0,0,18,297,0,39,0
22-04 13:04:18,12.535,15.292,70.947,0.251,0,4444400,195368,167648,3152764,14329.722,1586.397,0,64.178,0,5.014,3384,5413,2.080,1.790,1.050,2,0,296.823,0,0,18,297,0,38,0
22-04 13:04:19,19.018,9.259,71.568,0,0.250,4480156,159560,167648,3152816,10184.686,1567.491,168.160,0,3.003,0,2060,3183,2.080,1.790,1.050,1,0,120.114,0,0,18,297,0,38,0
22-04 13:04:20,24.155,3.486,70.721,0.498,0,4537340,133408,167648,3121904,11287.448,1613.631,641.468,111.560,45.819,11.953,1421,2090,2.080,1.790,1.050,2,0,0,0,0,18,297,0,37,0
22-04 13:04:21,24.998,3.000,70.494,0.500,0,4449828,239020,167648,3104012,11976.018,1511.876,151.988,607.950,13.999,67.994,2130,3186,2.080,1.790,1.050,5,0,6.999,0,0,18,297,0,37,0
22-04 13:04:22,25.254,2.250,70.760,0,0,4508764,180052,167648,3104044,8652.203,1566.218,20.003,264.037,4.001,23.003,1674,2506,1.990,1.770,1.050,4,0,2.000,0,0,18,297,0,37,0
22-04 13:04:23,25.489,3.249,70.719,0.250,0,4540740,148048,167648,3104072,4557.999,1619.289,0,203.910,0,12.994,1962,3008,1.990,1.770,1.050,1,0,1.999,0,0,18,299,0,37,0
22-04 13:04:24,24.104,4.771,70.554,0,0,4495672,193112,167648,3104076,13535.256,1558.709,0,176.761,0,11.048,1560,2205,1.990,1.770,1.050,1,0,17.073,0,0,18,297,0,35,0
22-04 13:04:25,17.434,10.460,70.481,0.249,0.249,4445980,241556,167652,3105320,8166.860,1613.846,1482.348,494.116,19.924,33.871,2494,3833,1.990,1.770,1.050,2,0,154.411,0,0,18,297,0,35,0
22-04 13:04:26,11.756,17.509,69.784,0.250,0,4465496,221932,167652,3105428,11262.552,1620.799,20.010,412.203,5.002,25.012,3274,5037,1.990,1.770,1.050,1,0,340.168,0,0,18,297,0,35,0
22-04 13:04:27,19.491,8.246,70.966,0.250,0.500,4484536,202376,167668,3105948,8149.105,1565.252,507.757,143.931,24.988,9.995,1968,2805,1.910,1.760,1.040,2,0,91.956,0,0,18,297,0,35,0
22-04 13:04:28,23.570,5.266,69.207,0.251,0,4510456,176168,167684,3106220,11410.070,1570.690,200.599,8.024,18.054,1.003,9639,19094,1.910,1.760,1.040,1,0,13.039,0,0,18,297,0,35,0
22-04 13:04:29,18.695,2.493,77.770,0,0,4481468,204848,167704,3106504,16168.094,5311.263,3.988,410.783,0.997,9.970,1468,2234,1.910,1.760,1.040,2,0,0,0,0,18,298,0,35,0
22-04 13:04:30,23.001,6.750,68.754,0.250,0.250,4507936,176664,167852,3107908,5342.342,1620.104,0,520.033,0,25.002,8629,16791,1.910,1.760,1.040,1,0,10.001,0,0,18,298,0,35,0
22-04 13:04:31,17.290,9.773,70.664,1.002,0,4452372,232468,167856,3107664,6473.037,1798.177,20.047,20423.444,2.005,505.174,3169,4193,1.910,1.760,1.040,1,0,180.419,0,0,18,297,0,35,0
22-04 13:04:32,22.693,5.985,70.573,0,0.249,4503304,181416,167856,3107768,12801.982,1454.363,0,327.182,0,24.938,2041,3133,1.840,1.750,1.040,1,0,88.778,0,0,18,297,0,35,0
22-04 13:04:33,20.981,7.243,70.185,0.250,0,4478448,206140,167856,3107900,13260.707,1660.461,23.978,343.681,1.998,18.982,2330,3487,1.840,1.750,1.040,1,0,113.894,0,0,18,297,0,37,0
22-04 13:04:34,23.041,5.259,71.128,0,0,4452968,231612,167856,3107908,14990.969,1664.995,0,56.101,0,4.007,2062,3025,1.840,1.750,1.040,2,0,70.126,0,0,18,297,0,37,0
22-04 13:04:35,24.492,4.249,70.477,0.250,0,4505120,179448,167856,3107920,9003.074,1457.526,31.990,187.939,1.999,20.993,1745,2577,1.840,1.750,1.040,0,1,2.999,0,0,18,298,0,37,0
22-04 13:04:36,21.485,5.746,72.448,0,0,4501728,182740,167856,3108020,12516.014,1618.838,47.966,3.997,2.998,0.999,1686,2376,1.840,1.750,1.040,1,0,57.958,0,0,18,297,0,37,0
22-04 13:04:37,24.001,4.250,70.754,0,0,4469288,215040,167856,3108160,8996.486,1636.088,0,108.006,0,2.000,1881,2786,1.850,1.750,1.050,1,0,34.002,0,0,18,297,0,39,0
22-04 13:04:38,23.501,3.500,71.253,0.250,0.500,4432392,251728,167856,3108368,5864.264,1512.068,128.006,304.014,8.000,39.002,1959,3054,1.850,1.750,1.050,2,0,7.000,0,0,18,297,0,41,0
22-04 13:04:39,24.490,4.998,71.220,0,0.500,4493552,190560,167856,3108376,5417.719,1619.318,0,143.939,0,7.997,1648,2438,1.850,1.750,1.050,1,0,41.982,0,0,18,297,0,41,1
22-04 13:04:40,23.259,4.502,70.529,0.250,0,4472068,212024,167856,3108396,11449.660,1458.594,0,304.124,0,28.011,2099,3117,1.850,1.750,1.050,1,0,34.014,0,0,18,297,0,43,0
22-04 13:04:41,21.828,9.032,69.499,0.502,0,4448764,235228,167856,3108496,11143.918,1625.824,64.230,401.438,3.011,42.151,2727,4262,1.850,1.750,1.050,1,0,88.316,0,0,18,297,0,43,0
22-04 13:04:42,26.262,3.752,70.033,0,0,4501916,182056,167856,3108516,13975.513,1620.755,0,312.145,0,25.012,2370,3741,1.780,1.740,1.050,4,0,2.001,0,0,18,299,0,44,1
22-04 13:04:43,27.498,6.000,65.245,0,0,4488680,195172,167856,3108636,8780.315,1619.874,0,183.986,0,11.999,2590,4357,1.780,1.740,1.050,2,0,48.996,0,0,18,297,0,44,0
22-04 13:04:44,25.654,3.985,69.491,0.249,0.249,4457616,225848,167856,3109024,12415.640,1452.576,235.122,203.241,16.937,10.959,2094,3057,1.780,1.740,1.050,2,0,15.940,0,0,18,297,0,45,0
22-04 13:04:45,25.865,3.767,69.057,0.251,0,4491756,191576,167856,3109156,12519.725,1627.243,112.501,482.146,9.040,58.259,2366,3796,1.780,1.740,1.050,4,0,2.009,0,0,18,301,0,43,0
22-04 13:04:46,26.630,3.982,68.192,0.498,0.249,4480104,202676,167856,3109708,6378.171,1612.711,207.064,1190.618,18.915,127.424,2865,4691,1.780,1.740,1.050,1,0,6.969,0,0,18,299,0,44,0
22-04 13:04:47,29.749,5.500,62.748,1.000,0,4500656,181488,167856,3110344,12114.624,1457.955,275.991,3719.885,27.999,284.991,3903,7625,1.720,1.730,1.050,3,0,33.999,0,0,18,299,0,36,0
22-04 13:04:48,12.042,18.816,67.737,0.251,0.251,4459644,222376,167860,3110448,8045.182,1625.695,0,1288.514,0,83.292,4032,6658,1.720,1.730,1.050,1,0,567.990,0,0,18,299,0,36,0
22-04 13:04:49,9.744,21.486,68.205,0,0.250,4453072,228900,167860,3110480,5944.107,1618.940,0,427.720,0,27.982,4008,6718,1.720,1.730,1.050,1,0,623.592,0,0,18,299,0,34,0
22-04 13:04:50,11.010,21.770,66.810,0.500,0,4456900,225032,167860,3110520,11304.140,1459.309,0,2113.896,0,138.124,4986,8521,1.720,1.730,1.050,1,0,760.682,0,0,18,299,0,34,0
22-04 13:04:51,9.989,20.478,67.926,0,0.250,4459292,222592,167864,3110548,10699.348,1618.238,0,211.769,0,20.977,3860,6267,1.720,1.730,1.050,1,0,562.388,0,0,18,299,0,31,0
22-04 13:04:52,11.009,21.018,67.556,0,0,4464204,217644,167868,3110580,11677.728,1513.261,0,200.167,0,25.021,4031,6862,1.740,1.730,1.050,1,0,532.444,0,0,18,299,0,31,0
22-04 13:04:53,11.500,18.750,68.500,0,0,4467260,214556,167868,3110612,9745.981,1565.997,0,431.999,0,30.000,3797,6241,1.740,1.730,1.050,1,0,533.999,0,0,18,299,0,29,0
22-04 13:04:54,17.750,10.250,70.250,0.250,0,4489060,277524,168068,3034392,5792.959,1661.988,60.000,155.999,7.000,8.000,8428,16625,1.740,1.730,1.050,2,0,119.999,0,0,18,299,0,29,0
22-04 13:04:55,22.237,6.746,68.959,0.250,0,4503140,250028,168556,3046224,13382.118,1752.968,0,2818.340,0,33.980,7382,13911,1.740,1.730,1.050,2,0,4.997,0,0,18,301,1,21,0
22-04 13:04:56,3.741,0.499,93.778,0,0.499,4503228,249804,168556,3046360,13446.119,3491.721,0,319.243,0,22.946,1435,2287,1.740,1.730,1.050,1,0,0.998,0,0,18,302,0,21,0
22-04 13:04:57,17.235,0.999,80.182,0.749,0,4514812,237456,168556,3047088,20338.834,9952.600,547.538,1238.954,29.975,52.955,1782,2875,1.680,1.720,1.050,1,0,0,0,0,18,303,0,21,0
22-04 13:04:58,12.250,2.000,84.251,1.250,0,4527508,223372,168556,3048404,34654.520,17168.258,1092.016,2072.031,68.001,84.001,1878,2611,1.680,1.720,1.050,2,0,0,0,0,18,303,0,21,0
22-04 13:04:59,16.505,1.250,81.275,0.750,0.250,4530160,220096,168556,3048992,27989.733,14372.484,436.136,1376.429,40.012,48.015,1688,2401,1.680,1.720,1.050,1,0,0,0,0,18,303,0,18,0
22-04 13:05:00,16.492,1.000,77.962,1.749,0,4528696,195960,168556,3074524,23194.658,9736.239,11938.162,983.519,159.922,33.983,1927,2640,1.680,1.720,1.050,1,0,0,0,0,18,303,0,18,0
22-04 13:05:01,22.497,3.999,72.489,1.000,0.250,4549068,156956,168556,3091264,9318.639,1589.768,0,2695.606,0,114.983,1951,2894,1.680,1.720,1.050,1,0,0,0,0,18,302,0,18,1
22-04 13:05:02,21.754,4.251,70.013,2.500,0,4541228,133820,169140,3119580,5049.959,1620.308,0,12126.304,0,762.145,3338,3935,1.710,1.720,1.060,1,0,0,0,0,18,302,0,18,1
22-04 13:05:03,23.333,3.512,72.005,0.502,0.251,4476524,200084,169544,3116272,11886.077,1908.757,32.114,2400.498,4.014,77.274,1698,2370,1.710,1.720,1.060,1,0,2.007,0,0,18,301,0,18,0
22-04 13:05:04,24.005,5.501,69.264,0,0,4517468,157752,169544,3117608,9807.981,1620.327,0,0,0,0,9257,18646,1.710,1.720,1.060,1,0,13.003,0,0,18,301,0,18,0
22-04 13:05:05,24.754,5.751,68.261,0.250,0,4524556,150504,169544,3117760,11770.872,1620.258,0,1824.290,0,39.006,9741,19427,1.710,1.720,1.060,2,0,10.002,0,0,18,301,0,18,0
22-04 13:05:06,22.511,4.502,72.284,0,0.250,4476704,198368,169544,3117748,8712.103,1458.687,0,128.060,0,10.005,1570,2207,1.710,1.720,1.060,2,0,17.008,0,0,18,301,0,18,0
22-04 13:05:07,24.490,5.498,68.721,0,0,4498048,176948,169544,3117792,13442.300,1619.313,31.986,467.802,1.000,13.994,9376,19104,1.650,1.710,1.060,1,0,47.980,0,0,18,301,0,18,0
22-04 13:05:08,24.503,5.001,68.259,0.500,0,4530512,144448,169544,3117824,10073.269,1620.204,0,552.070,0,24.003,8039,16214,1.650,1.710,1.060,1,0,16.002,0,0,18,301,0,18,0
22-04 13:05:09,25.406,5.978,68.995,0,0.249,4531928,142940,169544,3117908,4677.739,1452.640,0,107.603,0,6.974,9719,19537,1.650,1.710,1.060,1,0,12.952,0,0,18,301,0,18,0
22-04 13:05:10,23.753,3.250,71.761,0,0,4513904,161060,169544,3117808,4850.713,1620.238,0,424.062,0,25.004,1708,2558,1.650,1.710,1.060,1,0,9.001,0,0,18,301,0,18,0
22-04 13:05:11,23.257,5.502,70.520,0,0,4487452,187504,169544,3117816,11548.234,1620.454,0,248.069,0,18.005,2192,3264,1.650,1.710,1.060,1,0,94.026,0,0,18,301,0,14,0
22-04 13:05:12,23.249,6.250,68.247,0,0.250,4500420,156296,170228,3133160,10971.539,1457.939,4.000,1239.948,1.000,22.999,13332,26100,1.600,1.700,1.060,1,0,7.000,0,0,18,301,0,14,0
22-04 13:05:13,6.497,1.499,91.457,0.250,0,4510972,144984,170268,3133780,15209.882,3657.288,0,959.551,0,16.992,1244,1842,1.600,1.700,1.060,0,0,2.999,0,0,18,302,0,14,0
22-04 13:05:14,15.252,1.500,82.509,0.250,0,4520488,135168,170312,3133976,26615.981,7647.857,0,632.071,0,21.002,1408,1980,1.600,1.700,1.060,2,0,0,0,0,18,303,0,14,0
22-04 13:05:15,12.983,0.749,84.141,0.499,0.250,4521276,133976,170408,3134244,59865.295,16191.983,0,1605.916,0,56.926,1839,2601,1.600,1.700,1.060,1,0,0.999,0,0,18,304,0,14,0
22-04 13:05:16,11.264,1.502,86.109,0.751,0,4535504,147872,170536,3105912,135021.477,14827.831,0,1397.775,0,60.076,1727,2626,1.600,1.700,1.060,1,0,0,0,0,18,304,0,14,0
22-04 13:05:17,19.248,0.500,78.992,0.750,0.250,4538760,144660,170560,3105952,27266.328,16105.422,15.998,1535.849,1.000,57.994,1856,2725,1.470,1.670,1.050,0,0,0,0,0,18,304,0,14,0
22-04 13:05:18,11.498,1.500,83.484,1.500,0,4538676,143736,170720,3106524,357904.924,27521.688,27.995,3511.322,3.999,173.966,2391,3107,1.470,1.670,1.050,0,0,0,0,0,18,304,0,14,0
22-04 13:05:19,12.993,1.499,83.203,0.750,0.250,4530652,142740,170848,3115316,352637.113,18742.429,99.944,1251.294,6.996,54.969,1910,2429,1.470,1.670,1.050,0,0,0.999,0,0,18,303,0,14,1
22-04 13:05:20,2.752,0.500,95.580,0.250,0,4531128,142264,170848,3115316,21930.334,914.765,0,176.147,0,12.010,1107,1884,1.470,1.670,1.050,0,0,0,0,0,18,303,0,14,1
22-04 13:05:21,3.000,0.750,95.515,0,0.250,4531556,140792,170848,3116344,435183.453,17046.642,0,4.001,0,1.000,1408,2050,1.470,1.670,1.050,1,0,0,0,0,18,303,0,14,1
22-04 13:05:22,2.750,0.500,94.999,0,0.250,4531552,140792,170848,3116348,63881.042,3665.945,0,127.998,0,18.000,1594,2408,1.350,1.640,1.050,0,0,0,0,0,18,303,0,14,1
22-04 13:05:23,1.748,0.500,95.914,0,0,4531544,140288,170848,3116860,310348.996,9027.884,0,199.820,0,14.987,1393,1917,1.350,1.640,1.050,0,0,0,0,0,18,303,0,14,1
22-04 13:05:24,4.503,2.001,90.053,0.250,0,4533332,134016,170876,3121316,2421763.106,56665.603,0,1332.790,0,13.008,4552,4338,1.350,1.640,1.050,1,0,1.001,0,0,18,303,0,14,1
22-04 13:05:25,5.501,2.000,89.013,0.250,0,4531028,145696,170904,3111960,2317607.641,53579.037,0,3968.595,0,42.006,4617,4773,1.350,1.640,1.050,1,0,2.000,0,0,18,303,0,14,1
22-04 13:05:26,3.499,1.999,90.713,0,0,4531204,141060,170904,3116404,2470170.111,55775.355,0,319.870,0,19.992,4288,4681,1.350,1.640,1.050,0,0,0,0,0,18,303,0,14,1
22-04 13:05:27,6.503,3.001,88.785,0,0,4532768,134620,170904,3121260,2470024.130,55077.811,32.013,16222.424,1.000,71.028,5007,5091,1.320,1.630,1.050,0,0,0,0,0,18,303,0,14,1
22-04 13:05:28,4.998,1.250,91.215,0,0,4534352,128768,170904,3125528,2463809.752,54779.184,0,1383.474,0,112.957,4484,4465,1.320,1.630,1.050,1,0,0,0,0,18,303,0,14,1
22-04 13:05:29,5.758,2.754,89.632,0,0,4526360,139604,170908,3122916,2419809.540,53761.083,0,100.147,0,7.010,4137,4360,1.320,1.630,1.050,2,0,0,0,0,18,303,0,14,1
22-04 13:05:30,5.495,2.498,89.420,0.500,0.250,4531516,149100,170940,3108300,2274008.488,53882.721,135.878,11901.336,1.998,35.968,3760,4429,1.320,1.630,1.050,0,0,2.997,0,0,18,303,0,14,1
22-04 13:05:31,13.743,2.749,81.457,0.999,0.250,4541748,132552,171056,3114400,1290079.968,24308.092,27.985,2898.461,1.999,55.970,2652,3350,1.320,1.630,1.050,1,0,0,0,0,18,303,0,14,1
22-04 13:05:32,21.764,6.004,70.296,1.501,0.250,4537932,150920,174356,3092912,6531.239,1621.052,0,5699.699,0,161.105,2117,3382,1.380,1.640,1.050,1,0,0,0,0,18,303,0,14,1
22-04 13:05:33,23.252,5.250,70.255,1.500,0,4546120,156784,174884,3077384,5580.385,1620.112,0,67484.656,0,634.044,2846,2846,1.380,1.640,1.050,1,0,0,0,0,18,303,0,14,1
22-04 13:05:34,22.321,4.765,72.230,0.752,0,4519432,150536,175752,3106556,11873.759,1570.996,0,2307.337,0,78.249,1942,2942,1.380,1.640,1.050,1,0,0,0,0,18,303,0,12,1
22-04 13:05:35,21.685,4.486,70.288,0.997,0.249,4524560,151324,177480,3097232,11205.172,1507.449,0,3062.754,0,93.717,1887,2748,1.380,1.640,1.050,1,0,0.997,0,0,18,303,0,12,1
22-04 13:05:36,21.729,4.246,71.430,0.999,0,4522580,145540,178496,3102124,11775.519,1618.422,0,2773.296,0,98.904,1767,2679,1.380,1.640,1.050,1,0,0,0,0,18,303,0,12,1
22-04 13:05:37,20.000,3.750,75.501,0.250,0,4479880,217096,178732,3072596,11370.114,4293.043,20.000,1572.016,3.000,45.000,1790,2659,1.350,1.630,1.050,1,0,2.000,0,0,18,301,0,12,0
22-04 13:05:38,25.762,5.252,67.531,0.500,0.250,4517672,177876,178732,3073980,12326.720,1620.752,0,9276.304,0,114.053,7781,15946,1.350,1.630,1.050,1,0,16.007,0,0,18,301,0,10,0
22-04 13:05:39,23.350,6.277,70.300,0,0,4521328,174100,178732,3074080,8875.927,1464.257,0,104.446,0,2.009,6102,11774,1.350,1.630,1.050,2,0,5.021,0,0,18,301,0,10,0
22-04 13:05:40,22.409,7.221,68.722,0.249,0,4483264,212080,178732,3074160,4590.400,1613.462,0,2414.218,0,45.814,5113,9483,1.350,1.630,1.050,1,0,8.964,0,0,18,301,0,6,0
22-04 13:05:41,25.088,2.760,71.751,0.251,0.251,4519944,171592,178956,3077064,6615.186,1613.656,758.659,457.604,18.063,30.106,1713,2788,1.350,1.630,1.050,1,0,7.025,0,0,18,302,0,6,0
22-04 13:05:42,27.009,4.001,65.521,1.250,0.250,4520048,170584,178956,3077960,16226.209,1512.486,452.145,3245.042,28.009,259.083,5841,11590,1.320,1.620,1.050,0,2,1.000,0,0,18,305,0,12,0
22-04 13:05:43,15.719,15.719,66.121,1.747,0,4467832,222192,178956,3078640,9063.363,1616.854,514.998,22719.787,20.959,511.006,5035,8448,1.320,1.620,1.050,1,0,324.369,0,0,18,303,0,13,0
22-04 13:05:44,15.470,10.230,66.872,6.737,0,4452408,225136,178956,3091116,12302.514,1563.016,12360.404,2139.915,1286.544,242.537,6280,8507,1.320,1.620,1.050,1,0,123.764,0,0,18,303,0,12,0
22-04 13:05:45,14.485,3.746,67.928,13.236,0,4445012,201480,178960,3122164,14192.856,1510.388,30950.975,2133.723,2218.633,47.949,6297,7738,1.320,1.620,1.050,1,0,5.994,0,0,18,303,0,14,0
22-04 13:05:46,8.284,3.514,87.607,0.251,0.251,4469588,176280,178960,3122756,17777.425,4127.817,855.485,0,11.045,0,1546,2319,1.320,1.620,1.050,0,0,4.016,0,0,18,304,0,13,0
22-04 13:05:47,21.186,9.721,68.044,0,0,4480564,164980,179008,3126268,94401.586,4282.008,737.762,19.940,14.955,4.985,2503,5409,1.290,1.610,1.050,2,0,44.864,0,0,18,304,0,14,0
22-04 13:05:48,5.249,2.750,89.985,0,0,4444600,200476,179016,3123448,53181.119,125263.081,619.896,1227.795,16.997,21.996,1581,2490,1.290,1.610,1.050,0,0,24.996,0,0,18,303,0,12,0
22-04 13:05:49,1.750,0.750,96.736,0,0.250,4444600,200476,179016,3123448,5632.178,1565.771,0,0,0,0,1016,1743,1.290,1.610,1.050,0,0,0,0,0,18,303,0,12,0
22-04 13:05:50,3.249,0.750,95.233,0,0,4444824,200252,179016,3123448,11784.926,1619.715,0,71.987,0,8.998,1238,1920,1.290,1.610,1.050,2,0,1.000,0,0,18,303,0,12,0
22-04 13:05:51,2.500,1.750,96.516,0,0,4444824,200252,179016,3123448,9026.535,1554.264,0,0,0,0,1103,1868,1.290,1.610,1.050,0,0,0,0,0,18,303,0,12,0
22-04 13:05:52,3.750,0.750,93.998,0.500,0,4444820,200252,179016,3123452,13624.659,1619.960,0,155.996,0,20.999,1601,2568,1.190,1.580,1.040,0,0,0,0,0,18,303,0,12,0
22-04 13:05:53,3.002,1.001,94.819,0.500,0,4445008,200000,179020,3123508,12482.112,1621.183,40.029,816.596,7.005,83.061,1711,2862,1.190,1.580,1.040,0,0,0,0,0,18,303,0,12,0
22-04 13:05:54,2.998,0.250,96.185,0,0.500,4445008,200000,179020,3123508,12434.644,1564.948,0,35.976,0,4.997,1176,1851,1.190,1.580,1.040,0,0,0,0,0,18,303,0,12,0
22-04 13:05:55,3.249,1.000,93.966,0,0.250,4445000,200004,179020,3123512,7088.469,1511.460,0,259.907,0,33.988,1508,2486,1.190,1.580,1.040,1,0,1.000,0,0,18,303,0,12,0
22-04 13:05:56,3.001,0.750,95.793,0.250,0,4444992,200004,179020,3123520,6030.738,1620.736,0,260.118,0,20.009,1315,2254,1.190,1.580,1.040,0,0,0,0,0,18,303,0,12,0
22-04 13:05:57,2.500,0.500,96.017,0,0,4444992,200004,179020,3123520,10900.886,1566.271,0,32.006,0,4.001,1150,1841,1.090,1.550,1.040,0,0,0,0,0,18,303,0,12,0
22-04 13:05:58,2.000,1.250,96.487,0,0,4444992,200004,179020,3123520,8792.787,1511.791,0,0,0,0,1125,1925,1.090,1.550,1.040,0,0,0,0,0,18,303,0,12,0
22-04 13:05:59,1.750,0.750,96.982,0,0,4444864,200004,179020,3123648,5803.932,1619.702,0,0,0,0,1044,1763,1.090,1.550,1.040,0,0,0,0,0,18,303,0,12,0
22-04 13:06:00,3.252,1.501,95.055,0,0,4444864,200004,179020,3123648,11301.566,1512.879,0,88.051,0,12.007,1428,2252,1.090,1.550,1.040,0,0,0,0,0,18,303,0,12,0
22-04 13:06:01,1.500,1.000,96.257,0,0,4444864,200004,179020,3123648,8127.577,1566.111,0,260.018,0,19.001,1301,2218,1.090,1.550,1.040,0,0,0,0,0,18,303,0,12,0
22-04 13:06:02,4.248,0.750,94.697,0.250,0.500,4444864,200004,179020,3123648,11422.569,1619.088,0,191.892,0,29.983,1618,2687,1.010,1.530,1.030,0,0,0,0,0,18,303,0,12,0
22-04 13:06:03,2.498,2.249,92.689,0.750,0,4448008,196812,179020,3123656,7631.002,1457.046,0,38087.053,0,358.765,1957,3185,1.010,1.530,1.030,0,0,0,0,0,18,303,0,12,0
22-04 13:06:04,3.001,0.750,96.047,0.750,0,4448008,196812,179020,3123656,5592.735,1620.793,0,2185.068,0,238.116,1328,1903,1.010,1.530,1.030,0,0,0,0,0,18,303,0,12,0
22-04 13:06:05,1.250,1.000,95.739,0,0.250,4448252,196564,179020,3123660,11195.657,1619.806,0,119.986,0,12.998,1266,2007,1.010,1.530,1.030,0,0,1.000,0,0,18,303,0,12,0
22-04 13:06:06,1.500,0.500,96.258,0,0,4448416,196564,179020,3123664,9771.811,1566.130,0,4.000,0,1.000,1058,1817,1.010,1.530,1.030,0,0,0,0,0,18,303,0,12,0
22-04 13:06:07,2.501,0.750,96.770,0,0.250,4448416,196564,179020,3123664,11317.354,1620.337,0,200.042,0,15.003,1271,2019,0.930,1.500,1.030,0,0,0,0,0,18,303,0,12,0
22-04 13:06:08,1.757,3.513,93.357,0.251,0,4444120,200768,179024,3123660,7995.583,1517.806,0,101849.575,0,293.121,1670,2623,0.930,1.500,1.030,3,0,0,0,0,18,303,0,12,0
22-04 13:06:09,2.988,0.498,96.117,0,0,4444072,200768,179024,3123672,11209.353,1613.573,0,7382.595,0,14.940,1179,1827,0.930,1.500,1.030,0,0,0,0,0,18,303,0,12,0
22-04 13:06:10,2.751,0.750,95.282,0.250,0,4444068,200768,179024,3123676,8453.824,1566.523,0,1768.591,0,30.010,1434,2340,0.930,1.500,1.030,0,0,0,0,0,18,303,0,12,0
22-04 13:06:11,2.250,0.500,95.986,0,0,4444068,200768,179024,3123676,4801.304,1511.781,0,311.955,0,18.997,1209,2087,0.930,1.500,1.030,1,0,0,0,0,18,303,0,12,0
22-04 13:06:12,3.499,0.750,94.734,0.250,0.250,4444068,200768,179024,3123676,7083.789,1619.723,0,159.973,0,24.996,1368,2277,0.850,1.480,1.020,0,0,0,0,0,18,303,0,12,0
22-04 13:06:13,2.501,1.250,94.774,0.500,0.250,4444052,200768,179024,3123692,11935.996,1458.366,4.001,3684.925,1.000,216.054,1681,3137,0.850,1.480,1.020,0,0,0,0,0,18,303,0,12,0
22-04 13:06:14,2.249,1.000,95.958,0.250,0,4444932,199872,179024,3123692,14506.675,1619.294,0,2526.898,0,17.992,1154,1770,0.850,1.480,1.020,0,0,0,0,0,18,303,0,12,0
22-04 13:06:15,2.752,0.751,95.831,0,0,4445684,199120,179024,3123692,12005.120,1567.321,0,404.341,0,73.062,1357,1968,0.850,1.480,1.020,0,0,1.001,0,0,18,303,0,12,0
22-04 13:06:16,1.249,0.750,96.701,0,0,4445684,199120,179024,3123692,9246.275,1511.228,0,0,0,0,1087,1868,0.850,1.480,1.020,0,0,0,0,0,18,303,0,12,0
22-04 13:06:17,2.001,0.750,96.288,0,0.250,4445684,199120,179024,3123692,11979.768,1620.645,0,0,0,0,1068,1711,0.780,1.450,1.010,0,0,0,0,0,18,303,0,12,0
22-04 13:06:18,2.249,0.250,96.721,0,0,4445684,199120,179024,3123692,8476.449,647.805,0,3.999,0,1.000,1022,1830,0.780,1.450,1.010,0,0,0,0,0,18,303,0,12,0
22-04 13:06:19,8.257,3.002,88.070,0.250,0,4451688,192912,179068,3123820,226622.712,6321.013,148.117,168.133,6.005,2.002,1388,2051,0.780,1.450,1.010,0,0,19.015,0,0,18,303,0,12,0
22-04 13:06:20,11.489,4.496,83.424,0,0,4455920,188444,179072,3124052,349313.727,9831.014,211.806,303.722,8.992,15.985,1888,2437,0.780,1.450,1.010,2,0,26.975,0,0,18,303,0,12,0
