"pcp-dstat 5.3.6 CSV Output"
"Author:","PCP team <pcp@groups.io> and Dag Wieers <dag@wieers.com>",,,,"URL:","https://pcp.io/ and http://dag.wieers.com/home-made/dstat/"
"Host:","ubuntu",,,,"User:","ubuntu"
"Cmdline:","dstat -tcmndrylpg --tcp --output /tmp/devstack_logs/dstat-csv.log",,,,"Date:","17 Sep 2025 05:34:12 UTC"
"system","total usage",,,,,"memory usage",,,,"net/total",,"dsk/total",,"io/total",,"system",,"load avg",,,"procs",,,"paging",,"tcp sockets",,,,
"time","total usage:usr","total usage:sys","total usage:idl","total usage:wai","total usage:stl","used","free","buf","cach","net/total:recv","net/total:send","dsk/total:read","dsk/total:writ","read","writ","int","csw","1m","5m","15m","run","blk","new","in","out","lis","act","syn","tim","clo"
17-09 05:34:12,,1019000,1505868,165692,5105168,,,,,,,1.210,1,0.550,2,0,,,,9,6,4,17,0
17-09 05:34:13,14.460,18.200,66.317,0,0,990116,1531628,165712,5107972,1862061.572,43984.646,0,3023.658,0,60.832,5920,7368,1.210,1,0.550,2,0,469.704,0,0,9,5,3,16,0
17-09 05:34:14,21.485,16.739,60.209,0.250,0,980224,1541376,165720,5108068,227729.372,6800.383,0,371.748,0,24.983,3912,5611,1.210,1,0.550,2,0,322.781,0,0,9,4,3,16,0
17-09 05:34:15,27.251,17.001,54.003,0.250,0,988560,1532664,165824,5108676,30990.612,11902.619,0,1324.069,0,40.002,4050,7701,1.190,1,0.550,1,0,239.012,0,0,9,5,4,16,0
17-09 05:34:16,22.550,11.526,66.148,0,0,1110544,1410108,165892,5233544,38450.861,11234.086,0,1170.614,0,45.101,3389,5221,1.190,1,0.550,2,0,120.269,0,0,10,8,3,16,0
17-09 05:34:17,33.515,9.254,56.026,0.750,0,1167900,1352304,165912,5233932,23827.008,11242.194,80.037,2205.019,1.000,62.029,2409,3502,1.190,1,0.550,3,0,180.083,0,0,10,7,3,18,1
17-09 05:34:18,36.991,2.499,59.735,0.250,0,1229880,1288632,165972,5235092,62287.055,14995.161,0,6614.307,0,72.981,1413,1676,1.190,1,0.550,2,0,0,0,0,10,7,3,18,1
17-09 05:34:19,29.001,6.000,55.003,10.250,0.250,1250324,1251628,166636,5250472,171651.068,14585.686,0,27413.288,0,2359.111,10469,20296,1.190,1,0.550,2,0,40.002,0,0,10,8,3,18,2
17-09 05:34:20,34.695,8.237,47.675,10.234,0,1169520,1312244,167832,5266976,290083.249,7657.916,0,50120.909,0,3399.635,13123,23692,1.340,1.040,0.570,3,0,33.946,0,0,10,6,3,18,2
17-09 05:34:21,41.203,8.490,48.445,0.749,0,1253896,1207472,168416,5284380,16743.996,1883.862,0,2401.275,0,125.857,2040,2580,1.340,1.040,0.570,3,0,75.914,0,0,10,6,4,18,2
17-09 05:34:22,36.507,4.251,49.009,5.751,0.250,1278608,1155728,169508,5307560,11243.080,1370.253,0,4984.922,0,293.054,2171,2411,1.340,1.040,0.570,3,0,0,0,0,10,6,4,18,2
17-09 05:34:23,44.355,5.262,47.362,2.506,0,1251344,1152088,170656,5334192,12483.561,1792.244,0,9285.989,0,498.180,2679,3768,1.340,1.040,0.570,2,0,10.024,0,0,10,6,4,18,2
17-09 05:34:24,41.475,4.247,53.718,0.250,0,1099632,1319644,170660,5318628,22177.627,4100.527,0,923.443,0,69.958,1597,1573,1.340,1.040,0.570,5,0,34.979,0,0,10,4,4,18,0
17-09 05:34:25,26.019,20.765,51.538,0,0,1145376,1272676,170668,5319840,16757.199,3714.704,0,480.350,0,31.023,3518,5584,1.390,1.050,0.580,3,0,526.383,0,0,10,5,4,18,0
17-09 05:34:26,38.234,19.242,40.233,0.750,0,1155896,1255324,170984,5325520,6078.386,1793.229,0,1459.372,0,68.970,6010,10674,1.390,1.050,0.580,6,0,290.875,0,0,10,4,4,18,0
17-09 05:34:27,64.266,9.002,27.757,0.250,0,1259512,1143712,171600,5331836,19939.045,4720.194,0,2112.534,0,98.025,1771,1933,1.390,1.050,0.580,4,0,85.022,0,0,10,5,4,18,0
17-09 05:34:28,70.528,7.503,21.008,0,0,1310140,1089844,171820,5334348,9914.877,1694.663,0,656.257,0,55.022,9677,20887,1.390,1.050,0.580,4,0,13.005,0,0,10,5,4,18,0
17-09 05:34:29,26.187,10.475,61.601,0,0.499,1330812,1067956,171876,5335148,12747.152,1616.089,0,542.687,0,5.986,10389,20351,1.390,1.050,0.580,2,0,136.669,0,0,10,4,4,19,0
17-09 05:34:30,31.320,7.016,61.137,0.501,0,1321236,1092084,171904,5322436,16930.059,1623.650,0,4129.283,0,147.331,2048,2308,1.360,1.050,0.580,3,0,34.077,0,0,10,4,4,19,0
17-09 05:34:31,36.918,3.742,58.120,0,0,1340084,1073240,171904,5322432,9652.485,1454.757,0,11.973,0,1.996,1174,1388,1.360,1.050,0.580,2,0,50.887,0,0,10,4,4,19,0
17-09 05:34:32,23.264,2.752,72.294,1.501,0,1247076,1165964,171996,5322624,23787.415,1620.982,0,3265.979,0,344.209,3184,5352,1.360,1.050,0.580,2,0,7.004,0,0,10,4,4,19,0
17-09 05:34:33,22.034,4.257,72.363,0.501,0,1315180,1097568,172008,5322840,15567.223,1622.525,20.031,19386.165,5.008,419.653,1521,1419,1.360,1.050,0.580,2,0,36.056,0,0,10,4,4,19,0
17-09 05:34:34,21.199,4.489,72.824,0.748,0,1260596,1151856,172016,5323256,12412.985,1616.092,235.431,2094.934,58.858,27.932,2170,3428,1.360,1.050,0.580,2,0,45.889,0,0,10,28,3,15,0
17-09 05:34:35,23.247,2.250,73.489,0,0,1325860,1086584,172016,5323264,24483.376,1619.760,0,0,0,0,1210,1326,1.330,1.050,0.580,2,0,0,0,0,10,28,3,15,0
17-09 05:34:36,33.570,8.267,57.620,0.251,0.251,1348672,1063744,172016,5323292,19856.520,1771.705,0,3639.610,0,147.308,2275,2687,1.330,1.050,0.580,3,0,156.327,0,0,10,28,3,15,0
17-09 05:34:37,45.929,5.242,48.925,0,0,1406780,1005276,172020,5323604,18330.734,1617.506,0,347.464,0,16.974,4074,7990,1.330,1.050,0.580,4,0,0,0,0,10,28,3,17,0
17-09 05:34:38,71.393,18.788,9.519,0,0,1504968,907008,172024,5323656,9151.275,1515.026,0,9587.146,0,30.060,2469,4127,1.330,1.050,0.580,7,0,490.980,0,0,10,28,3,17,0
17-09 05:34:39,87.500,10.750,1.000,0,0,1671180,740756,172028,5323692,13162.974,1565.997,0,795.998,0,22.000,3954,8627,1.330,1.050,0.580,8,0,88.000,0,0,10,30,3,17,0
17-09 05:34:40,63.002,10.250,26.751,0,0.250,1321568,1089976,172040,5324036,19729.493,1620.041,0,356.009,0,44.001,4376,7890,1.710,1.130,0.610,4,0,222.006,0,0,10,28,3,18,0
17-09 05:34:41,21.701,5.238,72.086,0.499,0,1387664,1023848,172044,5324064,9151.126,1616.313,0,259.408,0,15.964,1459,2005,1.710,1.130,0.610,1,0,88.797,0,0,10,29,3,18,0
17-09 05:34:42,20.494,5.498,72.227,0,0,1349692,1061808,172044,5324076,25404.972,1457.539,0,303.904,0,28.991,2269,3435,1.710,1.130,0.610,1,0,67.979,0,0,10,28,3,18,0
17-09 05:34:43,23.548,4.760,71.896,0.251,0,1390808,1020704,172044,5324100,21493.675,1623.299,0,33091.241,0,141.287,2116,3403,1.710,1.130,0.610,1,0,0,0,0,10,28,3,18,0
17-09 05:34:44,12.257,20.261,65.787,0,0,1337012,1074496,172044,5324104,24036.533,1620.913,0,2709.525,0,36.020,3727,5402,1.710,1.130,0.610,4,0,673.379,0,0,10,28,3,17,0
17-09 05:34:45,81.248,15.500,2.750,0,0.250,1591572,819888,172044,5324152,15022.700,1457.971,0,283.994,0,22.000,2441,3750,1.970,1.200,0.630,5,0,364.993,0,0,10,28,3,17,0
17-09 05:34:46,86.248,8.500,5.000,0.250,0,1541968,869264,172068,5324356,20088.598,1619.968,0,1575.968,0,113.998,6943,15071,1.970,1.200,0.630,5,0,59.999,0,0,10,30,3,17,0
17-09 05:34:47,86.239,11.748,1.250,0,0.250,1534308,876636,172084,5324628,16175.849,1607.786,0,443.941,0,39.995,3562,6273,1.970,1.200,0.630,6,0,194.974,0,0,10,28,3,17,0
17-09 05:34:48,87.014,10.502,2.250,0,0.250,1620364,790192,172088,5325012,14503.277,1512.237,0,3072.482,0,18.003,5726,11855,1.970,1.200,0.630,7,0,72.011,0,0,10,29,3,17,0
17-09 05:34:49,68.493,11.249,19.748,0,0,1466744,943584,172096,5325228,24614.440,1619.832,0,451.953,0,29.997,6282,12734,1.970,1.200,0.630,2,0,182.981,0,0,10,29,3,17,0
17-09 05:34:50,43.910,7.485,48.900,0,0,1449080,961228,172100,5325244,25983.707,1455.016,0,522.927,0,18.961,1962,2254,1.970,1.210,0.640,2,0,97.799,0,0,10,28,3,17,0
17-09 05:34:51,46.592,16.282,36.072,0.250,0,1377540,1032592,172112,5325408,23981.555,1623.219,0,701.391,0,42.083,4999,9971,1.970,1.210,0.640,3,0,379.753,0,0,10,28,3,18,0
17-09 05:34:52,66.678,8.241,25.223,0,0,1537960,872124,172112,5325456,17445.229,1618.259,0,191.794,0,8.990,2521,3767,1.970,1.210,0.640,4,0,0,0,0,10,30,3,18,0
17-09 05:34:53,70.587,13.517,16.520,0.250,0.250,1469176,940696,172116,5325664,9998.358,1533.896,0,73731.132,0,256.317,5850,10565,1.970,1.210,0.640,5,0,258.319,0,0,10,28,3,24,0
17-09 05:34:54,76.974,7.747,15.245,0,0,1607088,802600,172120,5325840,18066.002,1619.462,0,1403.534,0,12.996,4640,8500,1.970,1.210,0.640,2,0,0,0,0,10,32,3,26,0
17-09 05:34:55,62.518,18.505,18.255,0,0,1440764,968728,172120,5326036,21834.332,1620.470,0,716.208,0,38.011,3794,8256,2.210,1.270,0.660,4,0,324.094,0,0,10,28,3,29,0
17-09 05:34:56,63.499,7.750,28.250,0,0,1533744,875544,172132,5326228,22715.682,1619.977,0,4075.943,0,118.998,4271,8648,2.210,1.270,0.660,4,0,0,0,0,10,30,3,31,0
17-09 05:34:57,64.500,14.500,19.750,0,0,1502756,906484,172148,5326260,15312.985,1619.998,0,352.000,0,31.000,2414,4289,2.210,1.270,0.660,4,0,299.000,0,0,10,28,3,31,0
17-09 05:34:58,59.995,11.749,27.998,0,0,1348432,1060744,172152,5326320,25389.918,1619.867,0,1239.898,0,30.997,4697,10351,2.210,1.270,0.660,5,0,285.977,0,0,10,28,3,34,0
17-09 05:34:59,66.754,8.501,25.001,0,0,1537368,871704,172152,5326424,20441.206,1458.086,0,280.017,0,11.001,2039,2629,2.210,1.270,0.660,4,0,1.000,0,0,10,28,3,35,0
17-09 05:35:00,59.751,11.250,28.251,0,0.250,1437312,970932,172168,5327220,19399.427,1620.036,0,676.015,0,46.001,3934,7963,2.360,1.320,0.680,4,0,112.002,0,0,10,28,3,35,0
17-09 05:35:01,64.748,7.500,26.999,0.250,0,1470228,937960,172168,5327276,31520.960,1693.944,0,311.990,0,29.999,3691,7913,2.360,1.320,0.680,4,0,6.000,0,0,10,29,3,39,0
17-09 05:35:02,75.498,20.250,4.500,0,0.250,1539320,868812,172176,5327320,16532.669,1531.969,0,3703.926,0,195.996,3417,5749,2.360,1.320,0.680,6,0,423.992,0,0,10,28,3,39,0
17-09 05:35:03,84.004,14.251,2.000,0,0,1542412,865324,172184,5327704,20837.938,1620.073,0,644.029,0,51.002,5330,9474,2.360,1.320,0.680,8,0,224.010,0,0,10,29,3,38,0
17-09 05:35:04,86.273,12.503,1.000,0,0,1617156,790556,172184,5327728,18928.940,1640.428,0,816.213,0,23.006,2591,3812,2.360,1.320,0.680,7,0,214.056,0,0,10,28,3,38,0
17-09 05:35:05,83.732,14.247,1.750,0,0,1546492,861008,172192,5327932,5767.789,1511.683,0,571.880,0,20.996,4301,9505,2.730,1.410,0.720,8,0,216.954,0,0,10,29,3,37,0
17-09 05:35:06,64.755,20.001,13.501,0,0.500,1479560,927708,172196,5328160,12208.891,1620.118,0,188.014,0,11.001,5294,12442,2.730,1.410,0.720,7,0,565.041,0,0,10,28,3,37,0
17-09 05:35:07,21.955,23.452,52.892,0,0,1336612,1070576,172196,5328240,11812.984,1455.042,0,179.635,0,9.980,4952,9116,2.730,1.410,0.720,2,0,842.288,0,0,10,28,3,37,0
17-09 05:35:08,42.819,27.044,29.297,0,0,1451228,955924,172196,5328276,17134.655,1696.739,0,208.336,0,20.032,3534,6733,2.730,1.410,0.720,7,0,903.458,0,0,10,28,3,37,0
17-09 05:35:09,83.513,11.502,4.751,0,0,1539312,867660,172204,5328452,12058.869,1500.233,0,5284.819,0,318.049,5063,8707,2.730,1.410,0.720,4,0,118.018,0,0,10,31,3,34,0
17-09 05:35:10,81.765,13.502,4.751,0,0,1525340,881548,172216,5328524,16422.005,1620.297,0,628.115,0,50.009,3649,6153,2.830,1.460,0.740,5,0,211.039,0,0,10,28,3,34,0
17-09 05:35:11,69.260,7.501,22.253,0.250,0,1600800,805724,172220,5328884,13744.966,1512.216,0,172.025,0,9.001,7848,16452,2.830,1.460,0.740,4,0,1.000,0,0,10,32,3,40,0
17-09 05:35:12,66.302,9.257,23.518,0.250,0,1456552,949748,172220,5329280,11728.195,1609.262,0,4151.255,0,169.133,8664,17785,2.830,1.460,0.740,7,0,77.060,0,0,10,28,3,44,0
17-09 05:35:13,84.474,12.958,1.495,0,0.249,1584604,821660,172224,5329140,25107.822,1614.715,0,175.426,0,10.964,3207,6795,2.830,1.460,0.740,5,0,76.749,0,0,10,29,3,44,0
17-09 05:35:14,61.386,6.987,31.442,0,0,1604184,801752,172228,5329464,23158.111,1617.005,0,139.741,0,8.983,6451,18594,2.830,1.460,0.740,3,0,0,0,0,10,31,3,47,0
17-09 05:35:15,76.060,13.053,10.794,0,0,1460996,944668,172228,5329736,27461.096,1626.640,0,602.459,0,11.045,5191,11069,2.930,1.500,0.750,4,0,261.066,0,0,10,28,3,48,0
17-09 05:35:16,84.693,7.745,6.995,0,0.250,1605884,799572,172228,5329944,25171.959,1692.854,0,139.905,0,7.995,3890,8803,2.930,1.500,0.750,2,0,0,0,0,10,32,3,51,0
17-09 05:35:17,75.815,10.759,12.261,0,0.500,1521088,884156,172240,5330144,12024.317,1621.391,0,332.285,0,32.027,5496,12886,2.930,1.500,0.750,4,0,98.084,0,0,10,28,3,52,0
17-09 05:35:18,83.487,11.248,4.249,0,0,1554860,850224,172252,5330292,12443.022,1511.760,0,367.941,0,36.994,4678,8703,2.930,1.500,0.750,4,0,89.986,0,0,10,29,3,52,0
17-09 05:35:19,80.488,10.498,7.249,0,0,1545012,859844,172256,5330516,12916.088,1565.768,0,183.973,0,10.998,5884,14023,2.930,1.500,0.750,4,0,118.982,0,0,10,29,3,51,0
17-09 05:35:20,82.504,11.501,5.000,0,0,1487884,916744,172264,5330736,17852.910,1620.083,0,156.008,0,10.001,4761,9572,3.090,1.560,0.780,4,0,168.009,0,0,10,28,3,51,0
17-09 05:35:21,82.749,12.250,4.250,0,0,1508724,895864,172272,5330768,12217.853,1647.980,0,515.994,0,11.000,3444,7642,3.090,1.560,0.780,4,0,68.999,0,0,10,30,3,51,0
17-09 05:35:22,68.723,12.495,17.743,0.250,0,1483528,920844,172284,5330972,21162.789,1565.393,0,483.812,0,48.981,3806,8200,3.090,1.560,0.780,3,0,137.946,0,0,10,28,3,51,0
17-09 05:35:23,64.162,11.235,24.466,0,0,1498932,905280,172288,5331128,23989.135,1617.784,0,231.683,0,20.971,2607,3829,3.090,1.560,0.780,3,0,119.836,0,0,10,29,3,51,0
17-09 05:35:24,60.351,13.272,26.544,0,0,1441832,962008,172300,5331480,21550.096,1460.446,0,292.490,0,20.034,4494,10169,3.090,1.560,0.780,3,0,139.233,0,0,10,29,3,52,0
17-09 05:35:25,65.507,9.251,25.253,0,0,1527816,875992,172304,5331504,19560.152,1694.186,0,212.023,0,15.002,3038,5078,3.160,1.600,0.790,3,0,43.005,0,0,10,29,3,52,0
17-09 05:35:26,48.375,8.478,41.393,0.499,0.249,1364864,1038640,172316,5331796,21325.809,1615.818,0,462.802,0,39.897,3192,8468,3.160,1.600,0.790,2,0,156.595,0,0,10,28,3,52,0
17-09 05:35:27,43.110,7.770,48.875,0,0,1467320,936152,172324,5331820,21664.526,1461.746,0,148.380,0,10.026,1859,3071,3.160,1.600,0.790,3,0,64.164,0,0,10,29,3,52,0
17-09 05:35:28,40.404,10.725,47.886,0,0,1408872,994412,172328,5332004,15625.873,1616.160,0,219.479,0,17.957,2618,5320,3.160,1.600,0.790,3,0,137.673,0,0,10,28,3,53,0
17-09 05:35:29,45.073,6.010,48.578,0,0.250,1421636,981484,172336,5332160,25819.621,1460.354,0,276.446,0,23.037,3166,4803,3.160,1.600,0.790,3,0,60.097,0,0,10,29,3,52,0
17-09 05:35:30,45.791,5.255,48.293,0,0.250,1457524,945572,172344,5332176,26083.345,1621.451,0,260.233,0,21.019,2488,3639,3.070,1.610,0.800,3,0,5.004,0,0,10,29,3,52,0
17-09 05:35:31,44.636,5.985,48.127,0,0,1386028,1016892,172348,5332348,14483.892,1561.998,0,698.211,0,25.934,3788,7093,3.070,1.610,0.800,3,0,48.875,0,0,10,28,3,53,0
17-09 05:35:32,47.323,5.008,48.826,0.250,0,1473208,929700,172352,5332356,26376.963,1588.467,0,180.280,0,11.017,2653,4860,3.070,1.610,0.800,3,0,0,0,0,10,29,3,53,0
17-09 05:35:33,31.946,12.479,54.409,0,0,1381360,1021428,172360,5332468,17335.910,1617.286,0,383.357,0,36.938,3761,7104,3.070,1.610,0.800,2,0,281.528,0,0,10,28,3,52,0
17-09 05:35:34,23.749,2.750,72.246,0,0,1409012,993764,172364,5332476,25035.773,1619.921,0,527.974,0,45.998,3035,5265,3.070,1.610,0.800,3,0,2.000,0,0,10,32,3,53,0
17-09 05:35:35,13.752,15.252,70.261,0.250,0,1365604,1037008,172364,5332640,11861.791,1620.245,0,216.033,0,15.002,2233,2926,2.990,1.610,0.810,1,0,284.043,0,0,10,32,3,53,0
17-09 05:35:36,23.001,3.250,73.752,0,0.250,1411188,991424,172372,5332632,10983.329,1620.049,0,176.005,0,9.000,1527,2372,2.990,1.610,0.810,1,0,0,0,0,10,33,3,53,0
17-09 05:35:37,21.249,3.750,72.748,0,0,1382796,1019776,172380,5332664,13961.637,1619.958,0,523.986,0,36.999,2190,3663,2.990,1.610,0.810,2,0,45.999,0,0,10,32,3,53,0
17-09 05:35:38,23.749,2.500,72.997,0,0,1408720,993820,172384,5332692,9587.549,1457.931,0,75.996,0,6.000,2285,4795,2.990,1.610,0.810,1,0,0,0,0,10,33,3,53,0
17-09 05:35:39,13.270,17.025,69.353,0,0,1344004,1058416,172384,5332812,18288.140,1622.408,0,713.058,0,54.080,3138,4655,2.990,1.610,0.810,2,0,412.612,0,0,10,32,3,54,0
17-09 05:35:40,37.569,11.271,50.342,0,0,1466172,936100,172452,5332892,18197.410,1622.980,0,464.853,0,25.046,2260,3127,2.910,1.620,0.810,2,0,214.394,0,0,10,32,3,56,0
17-09 05:35:41,41.965,4.746,46.462,6.744,0.250,1531716,865344,173104,5337340,17762.311,1530.734,0,14284.187,0,1354.880,7761,14441,2.910,1.620,0.810,2,0,71.941,0,0,10,36,3,55,0
17-09 05:35:42,37.513,7.753,43.265,11.004,0.250,1497464,895720,173520,5340568,24089.552,1694.602,0,44587.829,0,3660.299,16310,27278,2.910,1.620,0.810,1,1,91.032,0,0,10,36,3,55,0
17-09 05:35:43,42.851,3.737,46.339,6.477,0,1474688,918312,173700,5340540,11230.894,1614.379,0,31342.864,0,2192.366,9639,16297,2.910,1.620,0.810,2,0,15.944,0,0,10,32,3,55,0
17-09 05:35:44,45.628,4.513,49.640,0.251,0,1492696,900248,173740,5340552,22035.029,1462.116,0,1905.364,0,272.768,3094,4455,2.910,1.620,0.810,5,0,2.006,0,0,10,34,3,55,0
17-09 05:35:45,37.731,5.497,49.475,6.497,0,1526244,865980,173960,5341040,13668.002,1693.133,0,17091.249,0,2481.729,15819,27941,3.070,1.680,0.840,3,1,1.999,0,0,10,34,3,55,0
17-09 05:35:46,31.190,6.487,58.387,3.493,0,1419336,972816,174008,5341064,25895.943,1455.187,0,12803.251,0,747.555,3834,5705,3.070,1.680,0.840,1,0,98.809,0,0,10,32,3,55,0
17-09 05:35:47,24.001,2.250,73.502,0,0,1459648,932496,174012,5341068,21855.699,1662.053,0,808.026,0,46.001,1261,1384,3.070,1.680,0.840,1,0,2.000,0,0,10,32,3,55,0
17-09 05:35:48,23.225,2.497,73.170,0.250,0.250,1435320,956804,174028,5341072,20144.003,1618.233,0,3400.287,0,182.800,1485,1798,3.070,1.680,0.840,3,0,0.999,0,0,10,32,3,54,0
17-09 05:35:49,23.032,2.504,73.854,0,0.250,1380540,1011548,174028,5341104,11771.515,1534.152,0,60.084,0,9.013,924,1103,3.070,1.680,0.840,2,0,3.004,0,0,10,32,3,54,0
17-09 05:35:50,22.500,3.750,73.502,0,0,1458912,933176,174028,5341104,14257.314,1620.036,0,0,0,0,1002,1115,2.910,1.660,0.840,2,0,2.000,0,0,10,32,3,54,0
17-09 05:35:51,23.249,2.250,73.496,0,0,1387088,1004792,174036,5341300,24351.661,1845.898,0,515.972,0,10.999,1214,1381,2.910,1.660,0.840,2,0,2.000,0,0,10,32,4,54,0
17-09 05:35:52,23.022,2.252,73.820,0,0,1455380,936500,174036,5341300,20236.103,1533.448,0,0,0,0,1008,1070,2.910,1.660,0.840,2,0,2.002,0,0,10,32,4,53,0
17-09 05:35:53,24.725,1.748,74.176,0,0,1406316,985432,174048,5341412,21119.029,1618.393,0,0,0,0,987,1024,2.910,1.660,0.840,2,0,0.999,0,0,10,32,4,53,0
17-09 05:35:54,23.502,2.000,73.507,0,0,1416440,975296,174048,5341424,25672.439,1694.161,0,4.000,0,1.000,1056,1008,2.910,1.660,0.840,2,0,1.000,0,0,10,32,4,47,0
17-09 05:35:55,22.494,3.249,73.479,0,0,1363184,1028528,174048,5341444,26000.694,1619.545,0,455.872,0,30.991,1350,1503,2.750,1.650,0.840,3,0,2.999,0,0,10,32,4,47,0
17-09 05:35:56,23.497,3.000,73.741,0,0.250,1352196,1039500,174052,5341456,30126.475,1703.801,0,0,0,0,1071,1016,2.750,1.650,0.840,2,0,1.000,0,0,10,32,4,42,0
17-09 05:35:57,23.985,1.749,73.705,0,0,1427524,964152,174052,5341476,10744.489,1692.974,0,0,0,0,892,1000,2.750,1.650,0.840,1,0,0,0,0,10,32,4,42,0
17-09 05:35:58,19.274,6.508,73.591,0,0.250,1355588,1036076,174060,5341480,25098.972,1696.093,0,0,0,0,1559,1760,2.750,1.650,0.840,1,0,95.117,0,0,10,32,4,40,0
17-09 05:35:59,8.513,21.783,68.854,0,0,1357252,1034248,174060,5341636,18969.663,1460.206,0,829.253,0,9.014,3230,4682,2.750,1.650,0.840,1,0,474.717,0,0,10,32,4,40,0
17-09 05:36:00,10.006,19.011,70.042,0,0,1357144,1034272,174064,5341704,26698.019,1620.973,0,476.286,0,9.005,3466,5338,2.610,1.640,0.840,1,0,511.307,0,0,10,32,4,36,0
17-09 05:36:01,15.967,12.225,72.100,0,0,1392476,998896,174068,5341744,24047.860,1616.629,0,171.642,0,1.996,2251,3126,2.610,1.640,0.840,1,0,239.501,0,0,10,32,4,36,0
17-09 05:36:02,22.290,3.256,73.632,0,0,1459524,931864,174068,5341728,15897.393,1622.898,0,0,0,0,1055,1096,2.610,1.640,0.840,1,0,2.004,0,0,10,32,4,32,0
17-09 05:36:03,23.188,2.743,73.803,0,0,1417604,973788,174068,5341724,26386.469,1615.681,0,610.368,0,106.715,1299,1079,2.610,1.640,0.840,1,0,0.997,0,0,10,32,4,32,0
17-09 05:36:04,22.762,2.501,74.288,0,0,1355368,1036024,174068,5341724,15184.866,1458.756,0,20.010,0,1.001,974,1051,2.610,1.640,0.840,1,0,3.002,0,0,10,32,4,31,0
17-09 05:36:05,23.506,3.251,73.018,0.250,0,1435164,956208,174068,5341744,25368.088,1620.389,0,480.115,0,35.008,1340,1562,2.480,1.630,0.840,1,0,0,0,0,10,32,4,31,0
17-09 05:36:06,23.312,2.256,73.948,0,0,1379140,1012216,174068,5341756,24930.715,1698.545,0,16.043,0,2.005,1070,1051,2.480,1.630,0.840,1,0,3.008,0,0,10,32,4,31,0
17-09 05:36:07,22.446,2.743,74.320,0,0,1450980,940396,174068,5341736,17556.408,1528.292,0,0,0,0,983,1044,2.480,1.630,0.840,1,0,1.995,0,0,10,32,4,31,0
17-09 05:36:08,24.045,1.753,73.636,0,0,1382356,1009000,174068,5341756,23832.113,1623.004,0,20.037,0,1.002,1054,992,2.480,1.630,0.840,1,0,1.002,0,0,10,32,4,30,0
17-09 05:36:09,21.703,3.492,73.839,0,0.249,1449400,941968,174068,5341744,10549.980,1658.381,0,0,0,0,920,1044,2.480,1.630,0.840,1,0,1.996,0,0,10,32,4,30,0
17-09 05:36:10,24.052,1.754,73.410,0.251,0,1406260,985120,174068,5341732,26976.755,1461.182,0,1988.331,0,176.384,1400,1048,2.370,1.620,0.840,1,0,1.002,0,0,10,32,4,30,0
17-09 05:36:11,22.695,2.245,73.321,0,0.249,1453104,938276,174068,5341732,19248.016,1657.953,0,99.756,0,4.988,1034,1079,2.370,1.620,0.840,1,0,2.993,0,0,10,32,4,30,0
17-09 05:36:12,22.760,3.752,74.032,0,0,1426648,964800,174068,5341664,18951.301,1620.710,0,8.004,0,2.001,1053,1086,2.370,1.620,0.840,1,0,1.000,0,0,10,32,4,20,0
17-09 05:36:13,28.554,3.256,67.627,0,0.250,1357704,1033648,174068,5341760,22348.949,1534.881,0,92.173,0,1.002,1730,5940,2.370,1.620,0.840,1,0,37.070,0,0,10,32,4,21,0
17-09 05:36:14,23.205,2.745,74.105,0,0,1375428,1015924,174068,5341760,13396.742,1658.749,0,11.977,0,0.998,953,1074,2.370,1.620,0.840,1,0,0.998,0,0,10,32,4,18,0
17-09 05:36:15,23.255,2.501,73.017,0.250,0,1448268,943180,174080,5341748,24104.592,1458.338,0,2100.487,0,46.011,1356,1593,2.260,1.610,0.840,1,0,2.000,0,0,10,32,4,18,0
17-09 05:36:16,22.754,2.250,74.263,0,0,1404608,986840,174080,5341748,20877.528,1620.274,0,20.003,0,1.000,1037,1092,2.260,1.610,0.840,2,0,1.000,0,0,10,32,4,15,0
17-09 05:36:17,23.548,2.255,73.901,0,0,1393600,997840,174080,5341756,24611.306,1623.318,0,28.057,0,2.004,1036,1036,2.260,1.610,0.840,2,0,1.002,0,0,10,32,4,15,0
17-09 05:36:18,23.194,1.746,74.071,0,0,1449292,942148,174080,5341756,21229.709,1616.096,0,19.952,0,2.993,1129,1118,2.260,1.610,0.840,2,0,1.995,0,0,10,32,4,12,0
17-09 05:36:19,12.004,16.505,69.270,0,0,1357536,1033864,174080,5341796,18126.311,1620.475,0,192.056,0,9.003,2819,4140,2.260,1.610,0.840,2,0,401.118,0,0,10,32,4,12,0
17-09 05:36:20,20.503,5.001,73.261,0,0,1428948,962424,174084,5341820,19768.946,1512.225,0,24.004,0,1.000,1293,1609,2.160,1.600,0.840,1,0,61.009,0,0,10,32,4,11,0
17-09 05:36:21,22.749,4.250,73.498,0,0,1405200,985896,174088,5342052,13390.665,1659.959,0,575.986,0,17.000,1100,1286,2.160,1.600,0.840,2,0,10.000,0,0,10,32,4,11,0
17-09 05:36:22,23.479,2.248,73.933,0,0,1449548,941544,174088,5342056,23040.080,1618.530,0,0,0,0,1035,971,2.160,1.600,0.840,1,0,0,0,0,10,32,4,11,0
17-09 05:36:23,9.770,20.543,68.393,0,0.251,1359564,1031416,174088,5342164,11072.230,1697.561,0,152.320,0,7.015,3256,5176,2.160,1.600,0.840,1,0,532.116,0,0,10,32,4,11,0
17-09 05:36:24,9.754,21.509,69.030,0,0,1357092,1033868,174088,5342184,17821.752,1620.705,0,236.103,0,5.002,3108,4652,2.160,1.600,0.840,1,0,444.193,0,0,10,32,4,10,0
17-09 05:36:25,9.996,19.243,68.723,0.250,0.250,1358840,1032080,174088,5342224,26220.853,1619.373,0,1419.451,0,50.980,3641,5499,2.140,1.610,0.850,1,0,507.803,0,0,10,32,4,10,0
17-09 05:36:26,10.254,20.258,68.776,0,0,1359644,1031244,174088,5342248,9735.651,1620.608,0,1336.501,0,15.006,3247,5100,2.140,1.610,0.850,1,0,526.197,0,0,10,32,4,10,0
17-09 05:36:27,9.995,20.490,69.215,0,0,1356336,1034528,174088,5342272,20127.715,1511.228,0,1195.389,0,12.993,3226,4720,2.140,1.610,0.850,1,0,478.755,0,0,10,32,4,10,0
17-09 05:36:28,8.248,20.996,70.736,0,0.250,1358196,1032636,174088,5342304,20733.978,1565.696,0,243.953,0,6.999,3271,4900,2.140,1.610,0.850,1,0,469.909,0,0,10,32,4,10,0
17-09 05:36:29,8.752,20.505,70.268,0,0,1358500,1032296,174088,5342340,31973.993,1620.405,0,332.083,0,9.002,3248,4605,2.140,1.610,0.850,1,0,444.111,0,0,10,32,4,9,0
17-09 05:36:30,9.252,20.254,68.512,0,0,1357412,1033280,174088,5342444,23068.129,1620.290,0,152.027,0,16.003,3333,4937,2.050,1.600,0.850,1,0,493.088,0,0,10,32,4,9,0
17-09 05:36:31,9.007,20.765,68.800,0,0,1355924,1034744,174104,5342452,33223.353,1695.243,0,44.032,0,8.006,3444,4709,2.050,1.600,0.850,2,0,453.332,0,0,10,32,4,9,0
17-09 05:36:32,46.405,22.205,30.687,0,0,1481288,909236,174160,5342480,26130.746,1690.555,0,1185.584,0,67.862,4246,7055,2.050,1.600,0.850,3,0,665.643,0,0,10,32,4,15,0
17-09 05:36:33,62.375,10.772,26.052,2.004,0,1630576,754592,174512,5347112,12133.267,1623.246,400.802,8841.683,4.008,602.204,4608,6748,2.050,1.600,0.850,5,0,34.068,0,0,10,34,4,13,0
17-09 05:36:34,34.489,10.247,37.737,16.744,0,1589908,784072,175548,5356388,25105.640,1531.490,0,65934.044,0,5137.289,20169,37166,2.050,1.600,0.850,3,0,153.949,0,0,10,36,4,14,0
17-09 05:36:35,45.254,8.251,33.503,16.001,0,1637572,727412,176136,5364484,22671.904,1620.136,0,66749.607,0,5006.421,20102,33424,2.130,1.620,0.860,3,1,81.007,0,0,10,36,4,13,0
17-09 05:36:36,46.784,10.257,30.022,13.510,0,1611776,742996,176420,5374112,17541.665,1621.170,0,57709.666,0,4704.397,21601,36132,2.130,1.620,0.860,5,0,115.083,0,0,10,36,4,13,0
17-09 05:36:37,44.723,15.991,24.985,13.492,0,1564056,783692,176624,5380784,24352.535,1619.038,363.784,55922.782,5.996,4304.443,19583,34164,2.130,1.620,0.860,5,0,300.821,0,0,10,35,4,14,0
17-09 05:36:38,40.757,14.752,32.505,9.502,0,1492512,848480,176964,5386616,13252.200,1694.281,1080.179,49785.264,14.002,3818.634,19237,38434,2.130,1.620,0.860,2,2,164.027,0,0,10,34,4,15,0
17-09 05:36:39,39.228,11.244,37.229,13.243,0.250,1543624,791780,177392,5391584,27143.772,1457.183,527.704,56964.043,7.996,4596.421,14898,31074,2.130,1.620,0.860,3,0,159.910,0,0,10,35,4,13,0
17-09 05:36:40,36.761,7.502,42.012,14.504,0,1543440,789288,177696,5393868,15210.487,1620.478,0,45905.542,0,4052.195,18762,36530,2.120,1.630,0.870,3,0,45.013,0,0,10,34,4,23,0
17-09 05:36:41,35.991,9.248,41.990,12.247,0,1533000,799064,177940,5394228,29041.914,1619.605,0,40818.040,0,3912.045,16530,29786,2.120,1.630,0.870,6,0,101.975,0,0,10,34,4,21,0
17-09 05:36:42,37.961,6.993,42.706,11.988,0,1543444,787500,178044,5395208,20131.124,1456.490,0,39335.209,0,3735.127,17419,35339,2.120,1.630,0.870,1,1,32.966,0,0,10,35,4,26,0
17-09 05:36:43,39.543,7.508,40.795,11.763,0,1525140,803788,178100,5397144,5874.456,1621.782,0,37877.628,0,3356.689,15021,27137,2.120,1.630,0.870,1,1,69.076,0,0,10,34,4,28,0
17-09 05:36:44,36.516,6.503,43.769,11.505,0.250,1545332,781120,178196,5399460,10706.561,1458.621,0,37459.958,0,3437.464,18013,31568,2.120,1.630,0.870,3,0,54.023,0,0,10,37,4,30,0
17-09 05:36:45,33.488,8.747,47.483,8.747,0,1515856,806848,178476,5402848,11212.031,1619.427,0,41457.324,0,3656.706,18629,31419,2.110,1.630,0.880,4,0,105.962,0,0,10,36,4,31,0
17-09 05:36:46,37.508,7.252,47.260,10.252,0,1554980,764544,178692,5405688,9467.979,1694.354,0,59164.365,0,4793.002,20492,35228,2.110,1.630,0.880,4,1,81.017,0,0,10,37,4,31,0
17-09 05:36:47,36.504,7.501,40.005,15.752,0.250,1533748,782732,178828,5408536,17723.145,1574.190,0,44357.367,0,4103.497,18489,32508,2.110,1.630,0.880,1,1,106.013,0,0,10,36,4,32,0
17-09 05:36:48,37.248,7.500,42.498,11.499,0,1520236,797256,178928,5407356,14772.320,1619.925,0,44029.975,0,3865.822,17627,32267,2.110,1.630,0.880,2,1,83.996,0,0,10,36,4,32,0
17-09 05:36:49,35.000,7.750,40.000,15.750,0.250,1569444,750664,178980,5404708,14070.084,1620.010,0,58024.348,0,4699.028,16437,34950,2.110,1.630,0.880,2,2,27.000,0,0,10,37,4,33,0
17-09 05:36:50,36.934,10.481,48.164,2.246,0.250,1415228,904892,178980,5404692,8313.169,1455.404,0,16338.851,0,1168.915,6632,10676,2.100,1.640,0.880,2,0,260.535,0,0,10,32,4,36,0
17-09 05:36:51,25.238,2.249,71.967,0.500,0,1442492,877484,178980,5404836,8194.214,1619.252,0,1755.189,0,71.967,2049,4508,2.100,1.640,0.880,2,0,1.000,0,0,10,32,4,36,0
17-09 05:36:52,10.259,20.767,68.807,0.250,0,1375224,944596,178980,5404992,14258.878,1621.351,0,3735.111,0,200.167,3463,4898,2.100,1.640,0.880,3,0,443.369,0,0,10,32,4,36,0
17-09 05:36:53,46.215,16.488,37.472,0.250,0,1496308,823436,179000,5405032,8439.670,1618.786,0,587.559,0,48.963,3057,4514,2.100,1.640,0.880,3,0,354.734,0,0,10,32,4,42,0
17-09 05:36:54,67.991,7.749,24.497,0.250,0,1687764,629228,179116,5407460,13781.181,1619.786,0,2379.686,0,102.986,1742,1683,2.100,1.640,0.880,3,0,2.000,0,0,10,32,4,42,0
17-09 05:36:55,55.626,6.765,31.070,5.763,0.251,1785568,523752,179332,5414444,8609.509,1768.006,0,18165.162,0,1404.182,8754,13614,2.170,1.660,0.890,4,0,99.225,0,0,10,38,4,42,0
17-09 05:36:56,22.747,6.249,47.493,21.247,0,1786640,510940,179560,5425552,16392.639,1511.782,0,84591.819,0,6420.076,27084,46087,2.170,1.660,0.890,1,1,218.968,0,0,10,38,4,42,0
17-09 05:36:57,23.011,8.754,48.023,21.010,0,1786528,501868,179688,5434352,15149.408,1566.766,0,84353.249,0,6714.283,28117,46842,2.170,1.660,0.890,0,1,174.085,0,0,10,38,4,42,0
17-09 05:36:58,33.418,9.976,37.159,17.457,0,1660432,620300,179768,5441604,5886.560,1616.036,0,74241.885,0,5847.656,24657,40762,2.170,1.660,0.890,3,0,233.427,0,0,10,36,4,42,0
17-09 05:36:59,45.336,9.518,29.055,17.283,0,1728932,543732,179848,5449320,5246.990,1623.090,0,67223.994,0,4997.515,19727,34594,2.170,1.660,0.890,4,0,100.191,0,0,10,36,4,42,0
17-09 05:37:00,37.258,8.752,31.757,21.755,0,1779876,479220,179940,5462420,14843.280,1620.358,0,74496.464,0,5589.235,23133,40842,2.320,1.700,0.910,2,0,2.000,0,0,10,38,4,42,0
17-09 05:37:01,35.437,10.232,38.182,16.221,0,1665276,589104,180008,5466704,10274.701,1659.045,0,76044.565,0,6264.842,24447,41930,2.320,1.700,0.910,3,0,147.737,0,0,10,36,4,42,0
17-09 05:37:02,36.717,5.745,43.711,13.488,0,1558124,694192,180040,5468680,14227.267,1692.485,0,51733.698,0,3933.480,16369,26253,2.320,1.700,0.910,5,0,59.946,0,0,10,32,4,42,0
17-09 05:37:03,18.262,10.757,70.047,0.250,0,1431524,820732,180040,5468704,11719.876,1621.089,0,964.648,0,57.038,2198,3115,2.320,1.700,0.910,1,0,250.168,0,0,10,32,4,42,0
17-09 05:37:04,22.987,2.748,73.460,0,0,1501976,750280,180040,5468704,10978.951,1511.167,0,787.566,0,51.971,1068,1405,2.320,1.700,0.910,3,0,1.999,0,0,10,32,4,42,0
17-09 05:37:05,22.558,3.760,71.936,1.003,0,1400912,851336,180040,5468712,9259.983,1570.066,0,5401.991,0,390.010,2232,3095,2.610,1.770,0.940,1,0,27.070,0,0,10,32,4,42,0
17-09 05:37:06,22.693,3.242,73.813,0,0.249,1467632,784612,180040,5468712,5839.221,1615.910,0,3387.426,0,25.934,973,1173,2.610,1.770,0.940,1,0,0.997,0,0,10,32,4,42,0
17-09 05:37:07,24.499,1.500,73.747,0,0,1508672,743564,180040,5468720,4619.834,1661.940,0,295.989,0,16.999,1155,1581,2.610,1.770,0.940,1,0,2.000,0,0,10,34,4,42,0
17-09 05:37:08,14.543,32.096,52.155,0.251,0,1404404,847756,180044,5468752,18199.234,1624.842,0,798.379,0,59.176,5354,8816,2.610,1.770,0.940,2,0,1105.294,0,0,10,32,4,42,0
17-09 05:37:09,10.482,19.716,67.882,0,0,1398844,853264,180044,5468804,16226.911,1497.408,0,295.489,0,23.959,3745,5591,2.610,1.770,0.940,1,0,681.820,0,0,10,32,4,42,0
17-09 05:37:10,11.512,17.769,70.575,0,0.501,1403292,848724,180044,5468892,13480.343,1621.726,0,16.017,0,4.004,2987,4498,2.480,1.760,0.940,5,0,410.437,0,0,10,32,4,42,0
17-09 05:37:11,12.479,18.719,67.887,0,0.250,1404032,847244,180044,5469592,9383.339,1617.301,0,31.947,0,7.987,3954,7797,2.480,1.760,0.940,3,0,344.425,0,0,10,32,4,42,0
17-09 05:37:12,39.062,10.767,49.328,0,0,1482576,768488,180056,5470192,11514.204,1534.426,0,608.963,0,56.089,3360,6220,2.480,1.760,0.940,2,0,161.255,0,0,10,33,4,42,0
17-09 05:37:13,49.784,6.254,43.280,0,0,1592036,658616,180056,5470604,8008.462,1737.185,0,0,0,0,1555,4568,2.480,1.760,0.940,3,0,34.023,0,0,10,33,4,43,0
17-09 05:37:14,47.611,5.982,45.367,0.249,0,1652616,593992,180124,5474324,6566.779,1507.587,0,1423.832,0,156.542,2012,9847,2.480,1.760,0.940,2,0,6.980,0,0,10,49,4,42,0
17-09 05:37:15,16.988,15.489,66.705,0,0,1672160,574144,180128,5474860,5255.437,1638.889,0,267.818,0,6.995,3101,5159,2.360,1.750,0.940,4,0,347.764,0,0,10,48,4,43,0
17-09 05:37:16,12.758,7.255,78.299,0.250,0,1675584,570472,180128,5474668,14391.023,1621.016,0,4919.084,0,291.183,4207,6884,2.360,1.750,0.940,0,0,90.056,0,0,10,48,4,43,0
17-09 05:37:17,0.750,1.000,97.971,0.250,0,1674796,571256,180128,5474668,8332.525,1511.551,0,699.792,0,11.996,853,1353,2.360,1.750,0.940,0,0,2.999,0,0,10,48,4,43,0
17-09 05:37:18,0,0.500,97.741,0.250,0,1674796,571256,180128,5474668,11716.910,1565.854,0,307.971,0,23.998,783,1114,2.360,1.750,0.940,0,0,3.000,0,0,10,48,4,43,0
17-09 05:37:19,0.750,0.250,99.021,0,0,1674796,571256,180128,5474668,7995.679,1694.356,0,0,0,0,664,952,2.360,1.750,0.940,0,0,1.000,0,0,10,48,4,43,0
17-09 05:37:20,1.750,3.251,93.767,0,0,1602140,643916,180128,5474660,13755.517,1512.277,0,0,0,0,1198,1687,2.170,1.720,0.930,0,0,48.009,0,0,10,48,4,43,0
17-09 05:37:21,16.757,15.007,66.780,0.250,0,1593828,652008,180128,5474796,13920.194,1886.840,0,320.142,0,11.005,4659,7523,2.170,1.720,0.930,1,0,277.123,0,0,10,48,5,43,0
17-09 05:37:22,13.994,17.993,66.473,0,0.250,1663476,582208,180128,5475208,8494.585,1931.224,0,439.823,0,2.999,3995,6677,2.170,1.720,0.930,1,0,356.857,0,0,11,48,5,43,0
17-09 05:37:23,10.749,11.249,76.992,0,0.250,1660640,585040,180128,5474852,11564.786,1619.830,0,247.974,0,11.999,3695,6942,2.170,1.720,0.930,0,0,186.980,0,0,11,48,5,43,0
17-09 05:37:24,8.001,10.001,81.008,0,0.250,1668260,577424,180128,5475232,13513.351,1694.169,0,4.000,0,1.000,2253,5508,2.170,1.720,0.930,1,0,177.018,0,0,13,50,5,43,0
17-09 05:37:25,13.249,16.749,69.995,0,0,1666168,579488,180128,5474892,4846.685,1619.895,0,15.999,0,3.000,4159,7768,2.160,1.720,0.940,1,0,306.980,0,0,13,50,5,44,0
17-09 05:37:26,10.264,19.025,69.843,0,0.250,1666064,579532,180128,5474936,12193.302,1598.137,0,60.080,0,15.020,2792,4353,2.160,1.720,0.940,1,0,362.485,0,0,13,50,5,44,0
17-09 05:37:27,22.027,15.019,61.326,0,0,1684896,560524,180132,5475080,8567.555,1642.023,0,1862.294,0,17.021,4287,9591,2.160,1.720,0.940,2,0,225.278,0,0,13,50,5,44,0
17-09 05:37:28,31.751,23.001,46.002,0,0,1753796,491544,180152,5475132,12321.468,1694.064,0,932.035,0,39.001,3912,6068,2.160,1.720,0.940,2,0,656.025,0,0,13,50,5,44,0
17-09 05:37:29,30.966,23.724,44.452,0,0,1821480,422084,180224,5476720,8619.639,1510.360,31.965,39.957,1.998,9.989,3981,12666,2.160,1.720,0.940,2,0,596.352,0,0,13,54,5,46,0
17-09 05:37:30,45.799,17.519,36.539,0,0,1904284,339000,180232,5477272,6507.002,1567.687,0,16.017,0,4.004,4641,8884,3.270,1.960,1.020,4,0,263.283,0,0,13,54,5,46,0
17-09 05:37:31,61.848,21.447,14.464,0,0,2057304,185656,180240,5477980,11646.373,1616.028,0,31.922,0,7.980,3155,8010,3.270,1.960,1.020,13,0,649.404,0,0,13,54,5,46,0
17-09 05:37:32,65.333,22.529,11.515,0.250,0,2145972,117944,179352,5457916,7249.214,1604.039,228.290,9091.555,25.032,518.659,4671,12592,3.270,1.960,1.020,5,0,374.476,0,0,13,54,5,42,0
17-09 05:37:33,73.087,21.025,3.504,1.001,0,2284616,131444,176672,5309900,5355.405,1567.875,7516.990,5899.055,241.289,503.602,6124,11119,3.270,1.960,1.020,4,0,327.392,0,0,13,58,5,42,0
17-09 05:37:34,65.491,24.747,6.249,2.250,0,2399984,129540,174204,5200504,11463.430,1619.778,2823.613,29359.978,134.982,2390.672,13500,23228,3.270,1.960,1.020,6,1,425.942,0,0,13,60,5,39,0
17-09 05:37:35,64.754,22.751,9.751,1.750,0,2492196,131960,172592,5109632,9336.588,1512.095,844.053,21901.380,51.003,2087.131,13176,22259,3.410,2.010,1.040,3,0,243.015,0,0,13,62,5,40,0
17-09 05:37:36,76.877,19.719,2.496,0.250,0.250,2602648,133000,169724,5003476,11692.362,1711.272,1609.435,1932.919,156.750,203.675,6392,12490,3.410,2.010,1.040,7,0,474.244,0,0,13,64,5,43,0
17-09 05:37:37,62.757,23.003,12.001,1.000,0,2683388,128780,169388,4929272,8403.916,1608.175,248.027,19434.118,14.002,1377.150,9583,17132,3.410,2.010,1.040,5,1,486.053,0,0,13,77,5,48,0
17-09 05:37:38,53.985,18.245,25.493,1.250,0,2825040,128076,169392,4791240,6484.230,1565.573,5138.597,10193.217,87.976,1178.678,9396,19784,3.410,2.010,1.040,3,0,208.943,0,0,13,80,5,45,0
17-09 05:37:39,60.579,9.012,29.038,0.501,0.250,2958752,131160,169416,4658192,11401.902,1622.120,204.267,3788.952,17.022,216.283,5355,15253,3.410,2.010,1.040,1,0,27.035,0,0,13,85,5,48,0
17-09 05:37:40,8.481,19.956,70.094,0.998,0,2966200,129936,169416,4652096,16945.331,1562.527,3.991,7367.622,0.998,513.858,3800,4384,3.290,2.010,1.050,1,0,359.201,0,0,13,85,5,40,0
17-09 05:37:41,7.759,19.023,71.335,0.250,0,2966956,141668,169416,4639892,14630.469,1621.937,0,268.320,0,15.018,2859,4145,3.290,2.010,1.050,1,0,340.406,0,0,13,85,5,40,0
17-09 05:37:42,10.985,17.226,71.152,0.250,0.250,2989576,125392,169408,4633848,10539.445,1599.791,67.906,507.299,2.996,32.954,2581,3760,3.290,2.010,1.050,1,0,271.625,0,0,13,85,5,35,0
17-09 05:37:43,22.563,3.008,72.953,0.251,0,3042556,128976,169388,4578416,12369.486,1698.736,288.805,569.588,11.031,91.254,1411,1994,3.290,2.010,1.050,1,0,0,0,0,13,89,5,35,0
17-09 05:37:44,21.440,5.485,72.798,0.249,0.249,3016564,155156,169388,4578348,11939.819,1615.510,31.911,315.124,4.986,22.936,1914,2825,3.290,2.010,1.050,1,0,62.825,0,0,13,87,5,30,0
17-09 05:37:45,22.749,3.750,72.498,0.250,0,3046964,124440,169404,4578652,5746.805,1619.945,4.000,391.987,1.000,32.999,1802,3001,3.270,2.030,1.060,1,0,0,0,0,13,90,5,30,0
17-09 05:37:46,30.073,2.757,63.404,2.005,0,3058268,125824,169396,4566168,13645.089,1569.807,48.117,3873.393,3.007,529.284,6373,11219,3.270,2.030,1.060,1,0,4.010,0,0,13,94,5,29,0
17-09 05:37:47,20.449,6.235,71.821,0.249,0,3051224,132848,169396,4566188,13475.500,1550.146,3.990,809.986,0.998,54.864,1881,2634,3.270,2.030,1.060,1,0,111.722,0,0,13,96,5,29,0
17-09 05:37:48,25.004,3.501,70.511,1.250,0.250,3066556,130392,169396,4553484,14753.361,1620.259,80.013,1772.284,5.001,215.034,2473,3992,3.270,2.030,1.060,1,0,2.000,0,0,13,101,5,29,0
17-09 05:37:49,39.328,10.270,49.849,0.501,0,3096004,131752,169416,4523428,11833.549,1569.123,152.303,3030.030,11.022,386.770,2985,6203,3.270,2.030,1.060,4,0,100.199,0,0,13,106,5,30,0
17-09 05:37:50,50.068,5.758,43.309,0.250,0,3194312,133688,169380,4424988,10011.556,1514.050,16.022,1514.050,2.003,216.293,2071,2839,3.170,2.030,1.060,2,0,5.007,0,0,13,106,5,26,0
17-09 05:37:51,25.407,6.227,68.002,0.249,0,3194992,145280,169380,4413192,11566.781,1614.109,7.971,725.352,0.996,37.862,1655,2277,3.170,2.030,1.060,1,0,55.796,0,0,13,106,5,26,0
17-09 05:37:52,22.811,4.261,72.193,0,0,3159976,180276,169380,4413212,13319.577,1612.306,0,401.071,0,29.078,1617,2421,3.170,2.030,1.060,1,0,52.139,0,0,13,106,5,26,0
17-09 05:37:53,23.754,2.000,72.263,0.750,0,3205204,134928,169380,4413332,7150.244,1750.305,84.015,668.116,6.001,73.013,1743,2799,3.170,2.030,1.060,1,0,1.000,0,0,13,109,5,26,0
17-09 05:37:54,20.696,6.483,71.562,0.748,0,3186612,153384,169380,4413468,5192.380,1689.568,0,2114.454,0,143.623,2138,3148,3.170,2.030,1.060,1,0,81.785,0,0,13,108,5,26,0
17-09 05:37:55,21.498,5.000,72.745,0,0,3158128,181828,169380,4413492,11502.149,1565.884,0,75.994,0,6.000,1442,1908,3.070,2.030,1.070,1,0,54.996,0,0,13,108,5,20,0
17-09 05:37:56,23.742,2.749,72.476,0.250,0.250,3209780,130168,169380,4413500,12619.760,1585.467,0,227.923,0,36.988,1525,2253,3.070,2.030,1.070,1,0,0,0,0,13,109,5,20,0
17-09 05:37:57,28.065,4.761,65.402,1.754,0.251,3149744,189840,169388,4413856,11765.390,1623.780,32.075,8074.798,2.005,643.498,7057,12633,3.070,2.030,1.070,1,0,8.019,0,0,13,111,5,21,0
17-09 05:37:58,21.709,4.741,72.115,0.749,0,3218000,121580,169388,4413860,12772.065,1455.273,0,1413.351,0,89.832,1526,2006,3.070,2.030,1.070,4,0,46.912,0,0,13,112,5,21,0
17-09 05:37:59,32.816,5.261,61.124,1.002,0,3273668,132444,169396,4348848,12860.992,1623.281,36.073,3960.003,3.006,482.976,6011,10927,3.070,2.030,1.070,2,0,7.014,0,0,13,114,5,21,0
17-09 05:38:00,37.913,8.730,51.133,0,0,3259860,164096,169400,4331172,11732.157,1690.133,0,889.964,0,82.811,9378,19337,2.990,2.030,1.070,1,0,90.792,0,0,13,119,5,22,0
17-09 05:38:01,25.242,1.749,71.727,1.000,0,3299516,124280,169404,4331328,8320.387,1693.468,19.994,931.707,1.999,116.963,2162,4044,2.990,2.030,1.070,3,0,1.000,0,0,13,119,5,22,1
17-09 05:38:02,19.557,8.525,71.457,0,0.251,3280344,142160,169404,4332620,12094.061,1698.925,1259.652,521.512,16.047,30.087,2001,2800,2.990,2.030,1.070,1,0,147.427,0,0,13,119,5,23,0
17-09 05:38:03,24.956,1.497,72.122,0,0,3297720,124772,169404,4332632,13869.465,1617.139,0,435.230,0,24.956,1500,2627,2.990,2.030,1.070,1,0,0,0,0,13,120,5,23,0
17-09 05:38:04,31.016,3.752,64.283,0.750,0.250,3300656,121748,169408,4332716,5966.090,1694.878,48.025,1736.900,3.002,185.096,5213,10304,2.990,2.030,1.070,2,0,0,0,0,13,122,5,23,0
17-09 05:38:05,48.333,12.772,36.813,1.002,0,3252368,184264,169428,4318776,15846.065,1789.056,2019.449,4908.384,55.094,678.158,9304,19434,3.310,2.110,1.110,4,0,280.479,0,0,13,121,5,24,0
17-09 05:38:06,33.635,5.730,59.048,1.495,0,3313976,122328,169428,4319104,15478.019,1789.873,0,5632.719,0,359.769,3598,5885,3.310,2.110,1.110,1,0,9.966,0,0,13,122,5,24,0
17-09 05:38:07,16.022,12.517,71.099,0,0,3263108,173168,169428,4319132,15115.025,1872.605,0,388.540,0,28.039,2729,4066,3.310,2.110,1.110,2,0,250.348,0,0,13,121,5,24,0
17-09 05:38:08,12.775,18.536,68.633,0,0,3265528,170704,169428,4319176,17874.659,1771.435,12.023,320.622,3.006,22.043,3102,4778,3.310,2.110,1.110,1,0,390.758,0,0,13,121,5,24,0
17-09 05:38:09,25.252,16.501,56.754,0.250,0,3293272,142116,169444,4319992,11856.901,1662.126,688.052,260.020,37.003,11.001,5019,9695,3.310,2.110,1.110,3,0,309.023,0,0,13,121,5,24,0
17-09 05:38:10,34.482,18.740,44.477,0.750,0,3337920,122124,169444,4296208,12961.312,1703.121,27.986,4229.817,0.999,563.709,4729,7330,3.280,2.120,1.120,2,0,506.739,0,0,13,123,5,24,0
17-09 05:38:11,48.521,21.009,30.263,0.250,0,3453404,130820,169252,4174724,8876.764,1690.717,88.037,6338.688,4.002,586.249,7890,16525,3.280,2.120,1.120,4,0,329.140,0,0,15,135,5,24,0
17-09 05:38:12,55.284,20.763,22.264,0.250,0,3565560,132680,168744,4063896,8004.939,1458.900,92.057,1008.622,2.001,140.086,4614,8310,3.280,2.120,1.120,4,1,562.347,0,0,15,135,5,24,0
17-09 05:38:13,58.959,21.235,19.986,0,0,3650932,139868,168748,3973128,12880.048,1618.875,23.983,7023.119,3.997,614.573,7776,22520,3.280,2.120,1.120,2,0,379.736,0,0,15,151,5,25,0
17-09 05:38:14,37.505,19.753,41.506,0.250,0,3711264,131208,168748,3922612,10239.495,1620.237,0,676.099,0,33.005,3899,6628,3.280,2.120,1.120,3,0,602.088,0,0,15,151,5,25,0
17-09 05:38:15,21.002,15.252,62.257,0,0,3730920,125268,168752,3909380,12442.431,1458.168,0,244.028,0,15.002,5284,8037,3.100,2.100,1.120,3,0,271.031,0,0,16,151,5,23,0
17-09 05:38:16,31.719,22.228,44.956,0,0,3794180,127756,168752,3845128,13777.594,1782.266,0,227.778,0,16.983,4022,6221,3.100,2.100,1.120,3,0,537.477,0,0,16,151,5,23,0
17-09 05:38:17,42.234,20.742,36.236,0.250,0.250,3889352,128128,168764,3750468,4752.223,1531.427,0,671.749,0,44.983,4554,13533,3.100,2.100,1.120,7,0,240.910,0,0,16,165,5,23,0
17-09 05:38:18,33.037,26.279,40.545,0,0.501,3958728,124340,168772,3685524,12237.731,1621.820,68.076,428.481,7.008,30.034,4236,9792,3.100,2.100,1.120,4,0,513.576,0,0,16,167,5,23,0
17-09 05:38:19,29.402,23.422,45.349,0.498,0,4032096,134960,168772,3602736,14643.399,1614.641,0,8591.485,0,725.592,6024,12572,3.100,2.100,1.120,2,0,498.346,0,0,16,173,5,24,0
17-09 05:38:20,10.282,18.808,68.963,0.251,0.251,4042892,133000,168772,3594136,13707.397,1532.741,0,353.092,0,24.074,3460,5409,2.930,2.090,1.110,1,0,388.201,0,0,16,173,5,24,0
17-09 05:38:21,21.505,17.504,60.265,0.250,0,4056960,127520,168772,3585800,12532.020,1714.413,580.140,2052.495,6.001,310.075,6753,12506,2.930,2.090,1.110,2,0,242.058,0,0,16,179,5,24,0
17-09 05:38:22,46.226,7.246,46.476,0.250,0,4189232,137108,168772,3447228,12578.459,1619.158,3.998,315.836,0.999,23.988,2004,2600,2.930,2.090,1.110,2,0,22.988,0,0,16,179,5,24,2
17-09 05:38:23,47.281,5.754,46.281,0,0,4282880,134908,168776,3357600,12822.540,1458.972,1228.818,596.397,21.014,100.067,2292,3021,2.930,2.090,1.110,2,0,6.004,0,0,16,184,5,24,2
17-09 05:38:24,29.664,17.699,51.102,0.249,0,4244064,173440,168780,3357848,7982.834,1689.098,19.942,514.507,3.988,30.910,3370,5685,2.930,2.090,1.110,2,0,420.779,0,0,16,183,5,24,2
17-09 05:38:25,40.248,22.999,35.998,0,0,4218528,196740,168920,3359948,6939.702,1693.927,847.964,479.979,18.999,41.998,5741,13601,2.860,2.080,1.120,4,0,492.979,0,0,16,195,5,23,2
17-09 05:38:26,53.890,20.804,24.063,0.501,0,4299380,156976,168932,3320020,12819.356,1714.461,1920.998,8097.069,34.089,503.310,6938,12159,2.860,2.080,1.120,5,0,156.407,0,0,16,199,5,23,2
17-09 05:38:27,81.504,15.501,2.000,0,0.250,4401180,142324,168936,3234292,9226.424,1620.075,880.040,4600.212,27.001,253.012,3409,6513,2.860,2.080,1.120,4,0,139.006,0,0,16,216,5,23,2
17-09 05:38:28,79.749,16.250,3.750,0.500,0,4509224,123272,169040,3146384,11684.918,1457.990,747.995,10323.928,25.000,528.996,5165,13939,2.860,2.080,1.120,5,0,54.000,0,0,16,220,5,29,2
17-09 05:38:29,50.254,25.502,22.752,0,0,4516052,125124,169044,3137924,8711.758,1620.141,960.084,524.046,12.001,29.003,5399,11364,2.860,2.080,1.120,4,0,571.050,0,0,16,221,5,27,2
17-09 05:38:30,50.498,24.249,22.999,0.250,0,4499964,146940,169052,3132384,11415.578,1619.940,199.993,9635.643,4.000,399.985,17777,35478,4.470,2.430,1.240,3,0,266.990,0,0,16,221,5,27,2
17-09 05:38:31,57.573,20.936,19.690,0.748,0.249,4529488,171596,169052,3078876,11837.682,1615.045,673.932,11716.055,44.862,780.605,6114,9510,4.470,2.430,1.240,3,0,535.358,0,0,16,221,5,27,2
17-09 05:38:32,64.662,18.296,15.288,0.251,0.501,4633848,129068,169064,3016932,9999.098,1698.263,950.385,5958.957,52.131,927.328,6952,16974,4.470,2.430,1.240,4,0,263.662,0,0,16,228,5,32,2
17-09 05:38:33,57.276,24.011,18.758,0.250,0,4680788,131852,169048,2968520,8080.661,1620.734,124.056,572.259,7.003,52.024,4655,10205,4.470,2.430,1.240,5,0,471.213,0,0,16,233,5,32,2
17-09 05:38:34,61.002,17.001,20.751,0.500,0,4719316,130432,168940,2932332,12397.471,1620.062,524.020,888.034,48.002,67.003,7356,20855,4.470,2.430,1.240,4,0,212.008,0,0,16,239,5,34,2
17-09 05:38:35,68.745,8.999,22.248,0.250,0,4865740,131648,168436,2789040,8383.430,1457.901,651.956,575.961,36.997,52.996,2714,3901,4.430,2.460,1.250,4,0,3.000,0,0,16,243,5,34,2
17-09 05:38:36,66.991,11.499,18.998,0.500,0,4878000,166676,168156,2743452,15131.078,1709.783,1255.841,1051.866,68.991,102.987,5676,13446,4.430,2.460,1.250,6,0,78.990,0,0,16,253,5,41,2
17-09 05:38:37,51.788,24.268,21.516,0.751,0,4869064,175040,168216,2743952,12427.159,1621.195,768.566,5267.882,23.017,405.299,5746,12165,4.430,2.460,1.250,4,0,569.420,0,0,16,254,5,42,2
17-09 05:38:38,53.452,20.981,24.478,0.749,0,4858300,183548,168308,2746516,12669.686,1688.492,5059.482,1517.645,115.897,78.930,6156,12068,4.430,2.460,1.250,6,0,269.759,0,0,17,254,5,34,2
17-09 05:38:39,82.556,14.510,2.752,0.250,0,5002084,134568,167656,2653060,10139.865,1621.097,1212.821,6632.490,46.031,584.396,3465,3654,4.430,2.460,1.250,4,1,144.098,0,0,17,257,5,34,2
17-09 05:38:40,83.239,10.749,3.500,1.500,0,5076116,130920,166780,2584568,5874.254,1619.794,2599.670,899.886,141.982,52.993,2890,3926,4.400,2.480,1.270,5,0,17.998,0,0,17,257,5,31,2
17-09 05:38:41,42.742,16.497,40.492,0.250,0.250,5035012,210528,166260,2547744,13212.410,2494.511,1091.786,835.836,44.991,71.986,5545,9803,4.400,2.480,1.270,2,0,259.949,0,0,17,259,5,32,2
17-09 05:38:42,20.214,5.241,72.620,0.250,0,5060516,184960,166284,2547872,17024.441,3656.437,902.380,391.298,10.980,31.943,2057,2926,4.400,2.480,1.270,1,0,8.984,0,0,17,264,5,32,2
17-09 05:38:43,21.013,5.503,73.046,0.250,0.250,5074520,170472,166304,2548336,629748.001,19010.014,512.324,836.529,4.003,55.035,2449,2924,4.400,2.480,1.270,2,0,8.005,0,0,17,263,5,32,2
17-09 05:38:44,22.251,5.750,69.253,1.750,0,5086904,155436,166308,2550984,2471666.225,52004.340,768.035,9552.430,6.000,751.034,6470,7211,4.400,2.480,1.270,2,0,10.000,0,0,17,268,5,32,2
17-09 05:38:45,16.205,3.989,78.782,0,0.249,5077400,162584,166312,2553336,2464004.172,54156.042,510.586,259.282,3.989,23.934,5314,5049,4.130,2.460,1.270,1,1,3.989,0,0,17,268,5,32,2
17-09 05:38:46,5.746,1.999,90.195,0.250,0,5077332,160344,166332,2555624,2469311.781,55546.006,0,379.768,0,35.978,4966,4824,4.130,2.460,1.270,0,0,2.998,0,0,17,274,5,32,2
17-09 05:38:47,6.246,2.748,90.186,0.250,0,5083732,151440,166340,2558120,2465162.130,55846.517,79.943,391.723,2.998,39.972,4691,5079,4.130,2.460,1.270,1,0,1.999,0,0,17,276,5,32,0
17-09 05:38:48,5.006,0.751,91.610,0,0,5086108,146944,166340,2560240,2456512.815,54781.738,0,136.163,0,10.012,4707,4383,4.130,2.460,1.270,0,0,0,0,0,17,276,5,31,0
17-09 05:38:49,3.752,1.501,91.559,0,0.250,5087388,143220,166340,2562684,2474299.026,53336.188,0,140.090,0,12.008,4800,4619,4.130,2.460,1.270,1,0,0,0,0,17,276,5,31,0
17-09 05:38:50,5.999,5.249,86.738,0.250,0,5091708,137116,166348,2564460,1873690.178,43302.111,3.999,115.984,1.000,10.999,4559,4723,3.790,2.420,1.260,3,0,81.989,0,0,17,275,5,29,0
17-09 05:38:51,19.547,9.523,70.168,0.752,0.251,5115720,130028,166096,2548132,6512.624,1742.179,2121.088,645.549,27.065,42.101,2777,4460,3.790,2.420,1.260,1,0,179.430,0,0,17,279,6,29,0
17-09 05:38:52,24.454,3.993,70.368,0.250,0,5134388,133892,165792,2526632,12462.657,1636.934,35.933,315.409,2.994,30.942,3031,5809,3.790,2.420,1.260,1,0,0.998,0,0,17,285,6,30,0
17-09 05:38:53,25.565,3.509,70.178,0.501,0,5147168,131748,165640,2516444,14479.677,1503.809,405.026,589.493,22.056,63.160,4174,8409,3.790,2.420,1.260,3,0,2.005,0,0,17,288,6,31,0
17-09 05:38:54,16.490,13.742,67.461,0.500,0,5080692,184240,165628,2530424,14964.321,1693.018,247.856,17249.995,9.994,78.954,3734,6116,3.790,2.420,1.260,1,0,364.788,0,0,17,287,6,33,0
17-09 05:38:55,22.689,5.735,70.809,0,0.249,5138984,136884,165480,2519808,11310.496,1615.643,0,386.956,0,26.927,1916,3048,3.570,2.390,1.260,1,0,102.723,0,0,17,291,6,33,0
17-09 05:38:56,13.779,13.529,70.900,0,0,5083456,192536,165484,2519712,6131.994,1665.529,4.008,236.501,1.002,16.034,2823,4316,3.570,2.390,1.260,1,0,269.571,0,0,17,291,6,33,0
17-09 05:38:57,10.723,17.206,70.570,0.249,0,5081336,194568,165496,2519788,12232.758,1689.685,39.898,941.595,3.990,62.840,3628,5766,3.570,2.390,1.260,0,0,401.973,0,0,17,293,6,33,0
17-09 05:38:58,3.501,1.000,95.271,0.250,0,5081748,194064,165496,2519880,15223.303,1768.384,0,100.022,0,10.002,1335,2091,3.570,2.390,1.260,1,0,9.002,0,0,17,293,6,32,0
17-09 05:38:59,24.837,2.509,72.253,0,0.251,5133520,144696,165464,2517508,12408.467,1571.505,0,0,0,0,1583,2165,3.570,2.390,1.260,1,0,0,0,0,17,293,6,32,0
17-09 05:39:00,15.493,12.994,70.218,0.250,0,5074752,203308,165472,2517648,8309.186,1511.306,75.965,119.945,6.997,12.994,2943,4867,3.440,2.390,1.260,1,1,217.900,0,0,17,297,6,32,0
17-09 05:39:01,11.956,15.692,69.992,0,0,5076968,200592,165472,2518148,15588.618,1614.059,31.883,83.692,4.982,5.978,3078,4682,3.440,2.390,1.260,2,0,232.145,0,0,17,297,6,32,0
17-09 05:39:02,17.558,10.284,71.234,0.251,0,5114480,162816,165472,2518412,15085.586,1625.343,4.013,96.317,1.003,8.026,2417,3614,3.440,2.390,1.260,1,0,149.491,0,0,17,297,6,31,0
17-09 05:39:03,23.927,3.240,72.032,0,0.249,5160712,132880,165228,2502644,6790.418,1453.594,127.613,111.662,4.985,11.964,1639,2337,3.440,2.390,1.260,2,0,0.997,0,0,17,297,6,31,0
17-09 05:39:04,24.748,3.250,69.995,0.250,0,5187872,130668,164948,2478548,5533.574,1619.875,355.973,791.939,23.998,79.994,2305,3500,3.440,2.390,1.260,1,0,4.000,0,0,17,299,6,31,0
17-09 05:39:05,23.745,3.499,71.485,0.250,0.250,5137608,180872,164960,2478596,12306.477,1619.668,23.995,371.924,4.999,25.995,1649,2402,3.250,2.360,1.260,1,0,5.999,0,0,17,297,6,31,0
17-09 05:39:06,25.507,3.751,70.519,0,0,5179768,138568,164960,2478740,7603.038,1532.411,0,160.043,0,13.003,2057,3282,3.250,2.360,1.260,2,0,4.001,0,0,17,303,6,30,0
17-09 05:39:07,23.996,2.750,71.239,0,0,5114056,204156,165080,2478744,14486.711,1693.732,119.981,223.965,4.999,21.997,1857,2543,3.250,2.360,1.260,2,0,15.997,0,0,17,297,6,30,0
17-09 05:39:08,25.751,1.750,72.003,0,0,5149840,168372,165080,2478744,19646.943,1620.078,0,176.008,0,11.001,1576,2140,3.250,2.360,1.260,2,0,0,0,0,17,297,6,30,0
17-09 05:39:09,11.795,16.815,70.521,0.502,0.251,5094632,222312,165088,2480004,15369.048,1463.623,1501.770,425.635,20.077,20.077,3327,5107,3.250,2.360,1.260,3,0,364.400,0,0,17,297,6,30,0
17-09 05:39:10,18.682,8.469,70.494,0.996,0,5119408,197072,165092,2480464,10662.306,1655.990,506.163,4156.915,27.899,519.116,3256,4082,3.070,2.340,1.260,1,0,221.197,0,0,17,297,6,30,0
17-09 05:39:11,24.591,5.270,69.507,0,0,5137312,178928,165132,2480664,6324.407,1626.018,212.788,32.119,21.078,3.011,9540,19126,3.070,2.340,1.260,1,0,12.045,0,0,17,297,6,30,0
17-09 05:39:12,18.198,2.493,77.277,0,0,5120996,194800,165156,2481084,12758.231,4432.226,7.977,315.092,1.994,6.980,1416,2273,3.070,2.340,1.260,1,0,2.991,0,0,17,298,6,30,0
17-09 05:39:13,28.330,6.518,63.178,0.251,0.251,5180544,143692,165104,2475060,12476.058,1698.774,240.676,529.488,23.065,24.068,9036,18962,3.070,2.340,1.260,2,0,40.113,0,0,17,298,6,30,0
17-09 05:39:14,20.427,3.986,72.739,0.498,0,5200464,139968,164880,2457192,14482.053,2861.735,15.943,426.470,3.986,32.882,1996,2915,3.070,2.340,1.260,0,0,8.968,0,0,17,299,6,30,0
17-09 05:39:15,23.585,2.509,73.012,0.502,0,5177872,165784,165256,2453016,13913.951,2639.476,200.721,17514.878,41.148,56.202,1555,2226,2.900,2.320,1.260,3,0,1.004,0,0,17,298,6,30,0
17-09 05:39:16,19.920,3.735,74.947,0.249,0,5202172,140892,165292,2453428,16425.689,3459.036,0,737.025,0,28.883,1665,2349,2.900,2.320,1.260,0,0,4.980,0,0,17,299,6,30,0
17-09 05:39:17,23.843,3.012,73.286,0.251,0.251,5187972,163168,165632,2444340,15756.593,2706.580,20.078,1028.019,4.016,25.098,1585,2218,2.900,2.320,1.260,1,0,2.008,0,0,17,298,6,30,0
17-09 05:39:18,22.513,6.253,68.288,0,0,5192000,158420,165728,2444852,14001.785,1620.901,0,84.047,0,1.001,13013,26507,2.900,2.320,1.260,2,0,17.009,0,0,17,298,6,30,0
17-09 05:39:19,22.913,5.728,69.984,0.249,0,5174640,175496,165792,2445040,7546.324,1613.867,0,609.683,0,10.958,5541,10555,2.900,2.320,1.260,1,0,14.943,0,0,17,298,6,30,0
17-09 05:39:20,15.009,13.758,69.791,0,0,5090636,274176,165792,2432036,13789.053,1837.073,0,500.292,0,8.005,2766,4374,2.750,2.300,1.260,3,0,265.155,0,0,17,297,6,30,0
17-09 05:39:21,26.324,2.507,70.950,0.251,0,5154856,209752,165796,2432236,12486.136,1462.114,4.011,585.648,1.003,32.090,1780,2687,2.750,2.300,1.260,1,0,1.003,0,0,17,297,6,29,0
17-09 05:39:22,21.169,6.724,70.730,0,0.498,5126168,238388,165800,2432284,7475.481,1707.486,23.909,2279.304,1.992,142.457,2676,4425,2.750,2.300,1.260,1,0,112.571,0,0,17,297,6,31,0
17-09 05:39:23,21.075,7.276,71.002,0.251,0,5094824,269720,165800,2432296,12012.669,1774.302,96.342,96.342,5.018,10.036,2118,3319,2.750,2.300,1.260,1,0,70.250,0,0,17,297,6,32,0
17-09 05:39:24,25.723,2.248,70.676,0,0,5157628,206800,165808,2432404,10845.580,1530.389,0,263.722,0,28.969,1854,2836,2.750,2.300,1.260,1,0,0,0,0,17,299,6,32,0
17-09 05:39:25,22.188,5.235,71.300,0.499,0,5133160,231208,165812,2432460,11727.094,1615.467,31.910,1372.150,1.994,237.334,2390,3118,2.610,2.270,1.250,1,0,57.838,0,0,17,299,6,32,0
17-09 05:39:26,23.007,4.501,70.772,0,0,5103664,260564,165812,2432600,11712.561,1694.515,0,176.054,0,13.004,1854,2690,2.610,2.270,1.250,1,0,32.010,0,0,17,299,6,35,0
17-09 05:39:27,24.033,2.754,72.349,0,0,5156576,207644,165812,2432608,8205.200,1459.993,0,212.290,0,11.015,1452,2312,2.610,2.270,1.250,2,0,0,0,0,17,301,6,35,0
17-09 05:39:28,22.225,4.994,70.920,0.499,0,5141764,222388,165832,2432656,12050.491,1618.186,111.875,403.548,6.992,46.947,2153,3279,2.610,2.270,1.250,2,0,46.947,0,0,17,299,6,35,0
17-09 05:39:29,23.984,4.497,69.954,0.250,0,5111736,252252,165836,2432816,13305.285,1511.010,55.963,143.906,4.997,8.994,1998,2878,2.610,2.270,1.250,1,0,33.978,0,0,17,299,6,31,0
17-09 05:39:30,28.239,4.998,66.724,0,0.250,5159252,204652,165844,2432892,14927.268,1639.370,15.994,347.866,1.000,29.988,3249,5895,2.560,2.270,1.260,1,0,1.000,0,0,17,299,6,31,0
17-09 05:39:31,24.591,5.771,69.007,0,0,5147160,216664,165844,2432972,7710.668,1700.322,0,236.881,0,17.063,2076,3260,2.560,2.270,1.260,2,0,89.332,0,0,17,299,6,31,0
17-09 05:39:32,25.974,4.496,69.930,0,0,5124316,239472,165844,2433008,10006.024,1638.367,0,291.709,0,26.973,2190,3401,2.560,2.270,1.260,1,0,46.953,0,0,17,299,6,32,0
17-09 05:39:33,24.495,3.499,71.235,0,0,5094876,268528,165844,2433392,14038.094,1511.687,239.950,223.954,17.996,16.996,1996,3026,2.560,2.270,1.260,2,0,5.999,0,0,17,299,6,29,0
17-09 05:39:34,24.305,3.508,71.914,0,0.251,5157540,205856,165844,2433400,8028.288,1697.868,0,609.388,0,48.110,1850,2805,2.560,2.270,1.260,1,0,8.018,0,0,17,300,6,29,0
17-09 05:39:35,25.151,4.731,66.737,0.996,0,5111596,251088,165844,2434112,6328.030,1613.633,629.516,1282.938,40.839,168.336,5072,9676,2.520,2.270,1.260,2,1,6.972,0,0,17,301,6,27,0
17-09 05:39:36,26.007,2.751,70.270,0,0,5158432,204216,165844,2434148,11287.138,1620.450,40.011,680.189,3.001,72.020,2684,4230,2.520,2.270,1.260,0,1,0,0,0,17,302,6,28,0
17-09 05:39:37,19.289,11.774,66.884,0.752,0,5097252,265080,165844,2434464,8342.669,1623.243,48.096,1619.235,2.004,157.314,5065,8761,2.520,2.270,1.260,2,0,266.533,0,0,17,301,6,19,0
17-09 05:39:38,11.517,20.029,67.597,0.250,0.250,5105480,256828,165844,2434488,11092.896,1770.537,0,733.050,0,54.077,4256,6963,2.520,2.270,1.260,1,0,595.854,0,0,17,303,6,19,0
17-09 05:39:39,9.750,20.750,67.248,0,0,5109600,252668,165844,2434528,11184.743,1457.966,0,2719.937,0,173.996,4591,7491,2.520,2.270,1.260,1,0,617.986,0,0,17,303,6,19,0
17-09 05:39:40,10.715,19.935,67.778,0.249,0.249,5107832,254412,165844,2434552,14183.591,1614.717,0,279.087,0,26.912,4005,6417,2.390,2.240,1.260,1,0,561.164,0,0,17,303,6,19,0
17-09 05:39:41,10.275,21.553,67.416,0.251,0,5109020,253196,165844,2434580,12363.513,1624.008,0,3576.828,0,439.084,4612,6423,2.390,2.240,1.260,1,0,564.393,0,0,17,303,6,18,0
17-09 05:39:42,11.254,18.757,68.275,0,0,5108464,253720,165844,2434612,6287.333,1458.541,0,40.015,0,10.004,3642,5970,2.390,2.240,1.260,2,0,524.194,0,0,17,303,6,18,0
17-09 05:39:43,9.969,22.930,66.296,0,0.249,5116820,245260,165844,2434716,6212.926,1615.042,111.657,43.865,9.969,7.976,3850,6525,2.390,2.240,1.260,3,0,524.390,0,0,17,303,6,18,0
17-09 05:39:44,18.317,11.542,68.500,0.502,0,5118264,332580,165852,2356036,11405.653,1625.938,361.320,2127.771,54.198,18.066,11890,22980,2.390,2.240,1.260,1,0,45.165,0,0,17,303,6,18,0
17-09 05:39:45,29.233,5.247,64.463,0,0,5172928,273768,165904,2359644,8275.217,1457.158,255.852,1918.891,1.999,19.988,1598,2271,2.440,2.260,1.270,2,0,6.996,0,0,17,303,6,18,0
17-09 05:39:46,32.892,5.731,58.808,0.748,0,5185652,259980,165904,2360620,27327.666,10771.787,1156.220,2547.672,40.866,66.782,2042,2583,2.440,2.260,1.270,3,0,7.974,0,0,17,304,6,18,0
17-09 05:39:47,16.745,2.749,78.475,1.500,0,5186992,257220,165912,2362000,32737.426,16464.682,1471.525,2411.221,69.977,114.963,2339,3244,2.440,2.260,1.270,1,0,1.000,0,0,17,304,6,18,0
17-09 05:39:48,18.302,1.003,78.724,0.501,0.251,5194156,249156,165948,2362800,25127.412,10510.872,649.847,1046.976,42.120,40.114,1737,2373,2.440,2.260,1.270,2,0,1.003,0,0,17,306,6,18,0
17-09 05:39:49,17.183,1.494,78.445,0.498,0,5202880,239328,165984,2363864,29572.201,14321.404,780.968,1275.050,49.807,44.826,1864,2566,2.440,2.260,1.270,0,0,0,0,0,17,304,6,18,0
17-09 05:39:50,20.767,3.003,73.562,2.002,0,5209428,194920,166500,2399960,9943.342,4020.373,14860.468,1837.542,178.149,68.057,2088,2795,2.330,2.240,1.270,3,1,2.002,0,0,17,304,6,18,0
17-09 05:39:51,23.604,3.515,71.313,0.502,0.251,5222972,161864,167044,2417436,6306.693,1669.330,0,2354.338,0,79.348,1864,2954,2.330,2.240,1.270,1,0,1.004,0,0,17,304,6,18,0
17-09 05:39:52,22.427,5.233,71.018,1.744,0,5226668,130360,168220,2442036,12309.833,1656.595,0,4094.639,0,175.428,2515,3690,2.330,2.240,1.270,1,0,0.997,0,0,17,304,6,18,0
17-09 05:39:53,23.732,2.498,71.445,0.749,0,5190800,148172,169120,2457364,23145.178,1618.754,0,2558.030,0,89.931,1954,2798,2.330,2.240,1.270,1,0,0,0,0,17,304,6,16,0
17-09 05:39:54,23.826,3.511,71.981,0.251,0,5127012,226644,169152,2442536,16603.197,1711.484,429.376,898.880,6.019,28.090,1779,2449,2.330,2.240,1.270,1,0,5.016,0,0,17,303,6,16,0
17-09 05:39:55,20.200,2.244,77.309,0,0.249,5165484,185580,169168,2445112,13831.849,3776.675,0,498.769,0,17.956,1490,2106,2.300,2.230,1.270,1,0,3.990,0,0,17,304,6,14,0
17-09 05:39:56,23.077,3.762,72.240,0,0,5158312,187884,169476,2448872,12999.157,2042.782,0,999.318,0,10.033,1466,2114,2.300,2.230,1.270,1,0,6.020,0,0,17,303,7,14,0
17-09 05:39:57,18.247,4.249,75.987,0.750,0,5141672,196844,170056,2454972,15981.203,4410.228,0,1847.677,0,54.990,4165,7527,2.300,2.230,1.270,2,0,5.999,0,0,17,303,6,14,0
17-09 05:39:58,23.919,5.232,68.768,0,0,5141800,196332,170120,2455208,6855.861,1614.551,0,1618.537,0,7.973,10404,20468,2.300,2.230,1.270,1,0,12.956,0,0,17,303,6,14,0
17-09 05:39:59,21.997,6.499,70.240,0,0,5148068,189808,170144,2455376,12762.124,1619.762,0,167.975,0,2.000,7269,13988,2.300,2.230,1.270,2,0,14.998,0,0,17,303,6,14,0
17-09 05:40:00,23.536,5.008,71.360,0,0,5095744,256324,170152,2442684,10387.017,1460.252,0,288.445,0,11.017,1998,2939,2.200,2.210,1.270,2,0,50.077,0,0,17,303,6,14,0
17-09 05:40:01,25.217,3.745,68.909,0.250,0,5123128,227868,170152,2443756,6675.169,1617.860,0,547.276,0,6.991,9308,18781,2.200,2.210,1.270,1,0,9.987,0,0,17,303,6,14,0
17-09 05:40:02,19.817,3.261,76.006,0,0,5167440,182512,170160,2444792,20456.858,3798.787,0,569.918,0,10.034,1564,2092,2.200,2.210,1.270,1,0,6.020,0,0,17,304,6,13,0
17-09 05:40:03,24.167,3.239,71.255,0.498,0,5153880,190096,170248,2450088,10571.613,1787.846,0,3890.609,0,150.482,1857,2804,2.200,2.210,1.270,1,0,2.990,0,0,17,303,6,13,0
17-09 05:40:04,18.510,3.502,76.542,0.250,0.250,5140992,196212,170316,2455872,19661.794,4655.556,0,1324.727,0,39.021,1880,2900,2.200,2.210,1.270,2,0,5.003,0,0,17,303,5,13,0
17-09 05:40:05,26.342,6.523,66.985,0,0,5143572,192956,170336,2456416,12014.182,1625.708,0,794.791,0,25.088,14919,30606,2.100,2.190,1.270,3,0,18.063,0,0,17,303,5,13,0
17-09 05:40:06,21.415,6.225,70.967,0.498,0,5130692,219188,170344,2443776,5671.371,1452.206,0,665.345,0,26.893,3264,5856,2.100,2.190,1.270,2,0,14.940,0,0,17,303,5,13,0
17-09 05:40:07,24.250,3.500,71.249,0.500,0,5127492,223220,170344,2443780,11351.898,1619.985,0,1971.982,0,255.998,2281,2972,2.100,2.190,1.270,1,0,10.000,0,0,17,303,5,13,0
17-09 05:40:08,21.738,4.997,71.211,0.250,0.250,5116676,234024,170344,2443792,19398.486,1619.122,0,191.896,0,9.995,2215,3208,2.100,2.190,1.270,1,0,93.949,0,0,17,303,5,13,0
17-09 05:40:09,22.089,7.279,69.028,0,0.251,5132776,200968,170480,2459104,18293.614,1506.060,0,1899.644,0,33.133,12874,24951,2.100,2.190,1.270,1,0,6.024,0,0,17,303,5,13,0
17-09 05:40:10,17.733,0.999,79.676,0.250,0,5152824,180332,170480,2459580,20897.482,7561.937,0,655.388,0,18.982,1522,2140,1.930,2.150,1.260,1,0,1.998,0,0,17,304,5,13,0
17-09 05:40:11,14.452,0.997,81.977,0.498,0,5152532,180360,170520,2459772,33326.855,15933.861,0,1602.655,0,53.821,1709,2395,1.930,2.150,1.260,0,0,0.997,0,0,17,304,5,13,0
17-09 05:40:12,12.247,2.000,84.230,0.750,0,5170604,161740,170556,2460220,163227.336,15849.149,0,1619.606,0,65.984,1818,2491,1.930,2.150,1.260,1,0,0,0,0,17,305,5,13,0
17-09 05:40:13,19.827,1.255,78.555,0.502,0,5169092,163064,170580,2460352,21750.566,10758.830,0,1003.903,0,35.137,1613,2428,1.930,2.150,1.260,1,0,0,0,0,17,305,5,13,0
17-09 05:40:14,21.428,3.488,73.254,0.498,0,5183740,147992,170604,2460720,258446.138,19070.960,0,1594.645,0,64.782,2709,4862,1.930,2.150,1.260,0,0,33.886,0,0,17,305,5,13,0
17-09 05:40:15,8.507,2.002,86.820,1.251,0,5183548,147516,170828,2461020,143230.014,21054.907,32.026,2938.360,5.004,147.118,2258,2982,1.860,2.130,1.260,1,0,0,0,0,17,305,5,13,0
17-09 05:40:16,16.491,1.999,80.454,0.500,0.250,5192556,129552,170888,2469816,23129.908,11848.294,95.946,26013.276,5.997,370.790,2374,2832,1.860,2.130,1.260,0,0,0,0,0,17,305,5,13,0
17-09 05:40:17,3.995,1.748,92.379,0.499,0,5183972,136152,170892,2471904,1627364.290,50797.709,0,1454.102,0,131.828,3573,3646,1.860,2.130,1.260,0,0,0.999,0,0,17,305,5,13,0
17-09 05:40:18,6.008,2.253,90.623,0.250,0.250,5184604,129952,170876,2477472,3718814.588,55445.406,0,1854.522,0,22.030,3823,3974,1.860,2.130,1.260,1,0,1.001,0,0,17,305,5,13,0
17-09 05:40:19,11.745,3.499,82.716,1.000,0,5185876,132560,170720,2474580,12757129.848,74644.620,163.933,17524.867,3.998,97.960,5920,5209,1.860,2.130,1.260,1,0,2.999,0,0,17,305,5,13,0
17-09 05:40:20,22.481,3.747,72.688,0.999,0,5192052,135236,173540,2460728,12387.495,1564.673,0,5031.733,0,107.908,1914,2753,1.790,2.110,1.260,2,1,1.998,0,0,17,305,5,13,0
17-09 05:40:21,23.782,4.005,71.097,0.751,0,5199676,152728,173448,2436504,6285.548,1848.514,8.011,2331.170,2.003,91.124,2117,3315,1.790,2.110,1.260,1,0,1.001,0,0,17,305,6,13,0
17-09 05:40:22,21.250,7.000,69.999,1.000,0,5193644,194720,174360,2397472,6239.894,1787.970,0,26899.543,0,175.997,2445,3602,1.790,2.110,1.260,1,0,1.000,0,0,17,305,6,11,0
17-09 05:40:23,23.232,3.997,71.445,1.249,0.250,5194816,157880,176036,2429080,11015.562,1618.760,0,3165.575,0,120.907,2119,3137,1.790,2.110,1.260,1,0,0,0,0,17,305,6,11,0
17-09 05:40:24,24.012,3.002,70.036,0.500,0,5199884,146944,176732,2433144,9619.877,1640.832,0,2641.339,0,62.031,1946,2841,1.790,2.110,1.260,1,0,0,0,0,17,305,6,10,0
17-09 05:40:25,18.010,9.505,69.788,3.002,0.250,5206836,175480,177272,2397000,19893.962,4121.271,20.011,257005.610,4.002,1002.552,4627,5889,1.720,2.100,1.260,1,0,0,0,0,17,303,6,10,0
17-09 05:40:26,25.486,2.749,71.212,0,0,5137084,245284,177396,2396860,16547.114,1661.108,123.933,439.764,4.997,12.993,1554,2023,1.720,2.100,1.260,1,0,5.997,0,0,17,303,6,7,0
17-09 05:40:27,24.773,3.253,71.066,0.250,0,5174892,201252,177492,2402796,21082.438,3735.444,4.004,624.576,1.001,32.030,3017,5195,1.720,2.100,1.260,1,0,4.004,0,0,17,304,6,7,0
17-09 05:40:28,25.485,4.248,69.709,0,0,5162676,212204,177656,2403448,9940.185,2239.690,0,1027.399,0,6.996,1848,2626,1.720,2.100,1.260,0,0,5.996,0,0,17,304,6,7,0
17-09 05:40:29,20.542,4.259,74.651,0.251,0,5150648,216544,178224,2409560,12665.648,4320.750,0,1426.889,0,30.061,4614,8506,1.720,2.100,1.260,1,0,8.016,0,0,17,303,6,7,0
17-09 05:40:30,23.547,5.010,70.140,0,0.250,5134012,232892,178260,2409780,13351.596,1611.210,0,2188.359,0,9.018,6533,12902,1.670,2.080,1.260,1,0,8.016,0,0,17,303,6,5,0
17-09 05:40:31,23.161,6.724,68.737,0,0,5160144,206464,178284,2410020,12467.337,1506.242,0,414.416,0,21.916,8059,16192,1.670,2.080,1.260,1,0,13.947,0,0,17,303,6,5,0
17-09 05:40:32,21.570,5.769,72.236,0.251,0,5142516,237912,178332,2397444,9723.709,1625.300,0,609.989,0,18.059,1610,2338,1.670,2.080,1.260,1,0,7.023,0,0,17,303,6,4,0
17-09 05:40:33,22.249,4.500,71.998,0.250,0,5148976,228856,178360,2400172,14223.644,1565.961,635.984,635.984,13.000,12.000,1567,2297,1.670,2.080,1.260,1,0,8.000,0,0,17,303,6,4,0
17-09 05:40:34,25.431,3.989,67.816,1.496,0,5148372,228380,178500,2400992,13681.895,1507.911,418.864,3893.441,27.924,292.208,5672,11024,1.670,2.080,1.260,4,0,0,0,0,17,306,6,4,0
17-09 05:40:35,16.755,13.754,67.022,1.250,0.250,5098284,277756,178560,2401644,15390.033,1620.530,480.157,4525.480,23.008,540.177,5421,8701,1.530,2.040,1.250,3,0,309.101,0,0,17,305,6,4,0
17-09 05:40:36,11.969,10.722,69.570,6.733,0,5082984,283224,178716,2411320,11587.013,1581.906,9810.610,554.565,992.432,32.915,4507,5823,1.530,2.040,1.250,2,0,140.636,0,0,17,305,6,5,0
17-09 05:40:37,8.291,3.769,70.099,17.085,0.503,5071148,259536,178768,2446792,8080.240,1648.208,35597.274,3368.777,2546.682,152.761,7119,8403,1.530,2.040,1.250,1,0,1.005,0,0,17,305,6,5,0
17-09 05:40:38,5.978,3.238,88.678,0.498,0.249,5076084,253992,178916,2447252,16351.644,3235.256,557.975,1207.616,67.754,25.906,1619,2429,1.530,2.040,1.250,0,0,5.978,0,0,17,306,6,5,0
17-09 05:40:39,3.751,0.750,94.533,0,0,5077308,252760,178924,2447252,51715.152,6352.230,0,308.108,0,18.006,1361,2016,1.530,2.040,1.250,0,0,0,0,0,17,306,6,5,0
17-09 05:40:40,2.254,1.503,94.671,0.501,0,5074164,255716,178924,2447440,113620.631,2837.110,92.166,1727.111,1.002,83.150,1560,2575,1.410,2.010,1.240,1,0,3.005,0,0,17,305,6,5,1
17-09 05:40:41,3.742,0.998,93.043,0.249,0,5058820,269176,179048,2449216,13784.289,125109.257,1887.794,826.159,33.924,10.976,1536,2276,1.410,2.010,1.240,0,0,24.944,0,0,17,305,6,5,0
17-09 05:40:42,3.250,1.250,95.254,0,0,5058820,269176,179048,2449216,10894.425,1566.061,0,88.003,0,12.000,1326,2194,1.410,2.010,1.240,0,0,0,0,0,17,305,6,5,0
17-09 05:40:43,2.000,0.500,95.504,0.250,0,5059044,268952,179048,2449216,13039.600,1694.078,0,200.009,0,16.001,1307,2125,1.410,2.010,1.240,0,0,0,0,0,17,305,6,5,0
17-09 05:40:44,3.253,1.251,94.827,0.250,0,5059044,268952,179048,2449216,11429.326,1621.323,0,220.180,0,33.027,1603,2773,1.410,2.010,1.240,1,0,0,0,0,17,305,6,5,0
17-09 05:40:45,8.244,2.498,86.933,0.500,0,5078428,249552,179048,2449228,5510.735,1618.747,255.802,899.304,1.998,79.938,1801,3458,1.380,1.990,1.240,1,0,2.998,0,0,17,305,6,5,0
17-09 05:40:46,19.999,5.750,73.495,0,0,5084732,243240,179048,2449236,13215.035,1457.894,511.963,183.987,4.000,15.999,1746,2419,1.380,1.990,1.240,1,0,8.999,0,0,17,305,6,5,0
17-09 05:40:47,3.251,2.000,93.517,0.250,0.250,5076580,251384,179048,2449244,11781.191,1620.301,256.048,68.013,2.000,9.002,1332,2055,1.380,1.990,1.240,0,0,0,0,0,17,305,6,5,0
17-09 05:40:48,2.250,0.250,96.229,0,0,5076568,251396,179048,2449244,14107.868,1619.640,0,215.952,0,17.996,1282,1985,1.380,1.990,1.240,0,0,0,0,0,17,305,6,5,0
17-09 05:40:49,1.750,0.500,96.744,0,0,5076568,251396,179048,2449244,14461.161,1457.915,0,4.000,0,1.000,1185,1865,1.380,1.990,1.240,0,0,0,0,0,17,305,6,5,0
17-09 05:40:50,2.500,0.750,95.994,0,0,5076644,251316,179048,2449248,17462.952,1619.903,0,0,0,0,1172,1976,1.270,1.960,1.240,2,0,1.000,0,0,17,305,6,5,0
17-09 05:40:51,3.250,1.000,95.011,0.250,0,5076536,251424,179048,2449248,10021.172,1512.177,0,492.058,0,27.003,1532,2607,1.270,1.960,1.240,0,0,1.000,0,0,17,305,6,5,0
17-09 05:40:52,2.509,0.502,95.837,0,0.251,5076760,251200,179048,2449248,5914.779,1571.521,0,180.635,0,20.071,1370,2353,1.270,1.960,1.240,0,0,1.004,0,0,17,305,6,5,0
17-09 05:40:53,1.744,0.249,96.433,0,0,5076760,251200,179048,2449248,5898.605,1762.206,0,0,0,0,1048,1812,1.270,1.960,1.240,1,0,0,0,0,17,305,6,5,0
17-09 05:40:54,2.249,0.750,95.206,0.500,0,5076984,250976,179048,2449248,11619.655,1585.271,0,279.871,0,28.987,1393,2253,1.270,1.960,1.240,0,0,0,0,0,17,305,6,5,0
17-09 05:40:55,3.251,0.750,95.516,0,0.250,5076976,250976,179048,2449256,8665.438,1566.260,0,592.098,0,50.008,1416,2587,1.160,1.930,1.230,1,0,0,0,0,17,305,6,5,0
17-09 05:40:56,2.000,0.750,95.743,0.500,0,5077916,250024,179048,2449264,12146.053,1693.868,0,10855.153,0,384.970,1348,1777,1.160,1.930,1.230,0,0,0,0,0,17,305,6,5,0
17-09 05:40:57,1.500,0.250,96.765,0,0,5077916,250024,179048,2449264,12640.010,1512.240,0,0,0,0,1060,1709,1.160,1.930,1.230,0,0,0,0,0,17,305,6,5,0
17-09 05:40:58,2.501,0.750,96.036,0,0,5078156,249784,179048,2449264,13705.139,1566.587,0,0,0,0,1275,1998,1.160,1.930,1.230,0,0,0,0,0,17,305,6,5,0
17-09 05:40:59,2.501,0.750,96.037,0,0.250,5078152,249784,179048,2449268,14979.737,1620.621,0,0,0,0,1153,1787,1.160,1.930,1.230,0,0,0,0,0,17,305,6,5,0
17-09 05:41:00,1.249,0.999,95.937,0,0,5078116,249784,179048,2449304,6118.005,1692.895,0,191.875,0,2.998,1135,2063,1.070,1.890,1.220,0,0,0,0,0,17,305,6,5,0
17-09 05:41:01,2.000,0.250,96.001,0.250,0.250,5077732,250300,179048,2449304,7445.052,1694.012,0,160.001,0,14.000,1216,1995,1.070,1.890,1.220,0,0,1.000,0,0,17,305,6,5,0
17-09 05:41:02,2.000,1.000,96.015,0,0,5077732,250300,179048,2449304,13034.085,1694.271,0,104.017,0,6.001,1216,1900,1.070,1.890,1.220,1,0,0,0,0,17,305,6,5,0
17-09 05:41:03,2.250,0.500,96.496,0,0,5077732,250300,179048,2449304,12789.424,1619.927,0,0,0,0,1131,1820,1.070,1.890,1.220,0,0,0,0,0,17,305,6,5,0
17-09 05:41:04,3.257,0.752,95.959,0,0,5077728,250300,179048,2449308,12418.096,1535.350,0,124.271,0,17.037,1459,2402,1.070,1.890,1.220,0,0,0,0,0,17,305,6,5,0
17-09 05:41:05,2.250,0.500,96.510,0,0,5077704,250300,179048,2449332,14578.487,1620.165,16.002,484.049,1.000,40.004,1471,2620,0.990,1.860,1.220,1,0,0,0,0,17,305,6,5,0
17-09 05:41:06,1.995,1.247,94.785,0.249,0,5078820,249180,179048,2449336,14947.130,1616.337,0,2614.077,0,28.934,1527,2424,0.990,1.860,1.220,1,0,0.998,0,0,17,305,6,5,0
17-09 05:41:07,2.005,0.501,97.243,0,0.251,5078820,249180,179048,2449336,7697.243,1461.654,0,204.511,0,23.058,1405,2389,0.990,1.860,1.220,0,0,1.003,0,0,17,305,6,5,0
17-09 05:41:08,2.494,0.748,96.285,0,0,5078820,249180,179048,2449336,12591.933,1764.068,0,0,0,0,1193,1899,0.990,1.860,1.220,0,0,0,0,0,17,305,6,5,0
17-09 05:41:09,1.250,0.750,96.224,0,0.250,5078820,249180,179048,2449336,15311.820,1511.587,0,191.948,0,14.996,1236,1921,0.990,1.860,1.220,0,0,0,0,0,17,305,6,5,0
17-09 05:41:10,1.749,0.500,96.717,0,0,5078820,249180,179048,2449336,12594.642,1565.458,0,0,0,0,1142,2038,0.910,1.830,1.210,0,0,0,0,0,17,305,6,5,0
17-09 05:41:11,1.756,1.004,97.095,0,0.251,5078820,249180,179048,2449336,5175.393,379.348,0,184.656,0,2.007,1095,1938,0.910,1.830,1.210,1,0,1.004,0,0,17,305,6,5,0
17-09 05:41:12,8.973,3.240,86.737,0.498,0,5079308,248192,179208,2449676,342981.452,7285.938,474.563,3.988,11.964,0.997,1721,2287,0.910,1.830,1.210,2,0,23.928,0,0,17,305,6,5,0
17-09 05:41:13,11.752,5.501,81.513,0,0,5087348,239168,179336,2450532,245939.121,8735.354,512.079,8.001,21.003,2.000,1996,2687,0.910,1.830,1.210,1,0,31.005,0,0,17,305,6,5,0
