"pcp-dstat 5.3.6 CSV Output"
"Author:","PCP team <pcp@groups.io> and Dag Wieers <dag@wieers.com>",,,,"URL:","https://pcp.io/ and http://dag.wieers.com/home-made/dstat/"
"Host:","ubuntu",,,,"User:","ubuntu"
"Cmdline:","dstat -tcmndrylpg --tcp --output /tmp/devstack_logs/dstat-csv.log",,,,"Date:","17 Sep 2025 04:51:16 UTC"
"system","total usage",,,,,"memory usage",,,,"net/total",,"dsk/total",,"io/total",,"system",,"load avg",,,"procs",,,"paging",,"tcp sockets",,,,
"time","total usage:usr","total usage:sys","total usage:idl","total usage:wai","total usage:stl","used","free","buf","cach","net/total:recv","net/total:send","dsk/total:read","dsk/total:writ","read","writ","int","csw","1m","5m","15m","run","blk","new","in","out","lis","act","syn","tim","clo"
17-09 04:51:16,,961432,1557952,167520,5108692,,,,,,,0.900,0.790,0.490,3,0,,,,9,5,0,17,0
17-09 04:51:17,18.944,19.193,59.823,0.499,0,984120,1534952,167604,5108680,49587.024,12420.187,0,2185.522,0,85.746,3372,5461,0.900,0.790,0.490,3,0,397.821,0,0,9,6,0,17,0
17-09 04:51:18,26.308,18.290,54.370,0.752,0,1008632,1509916,167656,5109032,46628.723,15991.229,0,2289.043,0,78.172,4333,6445,0.900,0.790,0.490,3,0,410.905,0,0,9,6,0,17,0
17-09 04:51:19,30.260,16.005,51.266,0.500,0,1144740,1373116,167700,5234308,47601.042,11666.687,0,6770.139,0,227.072,5873,11295,0.900,0.790,0.490,1,0,230.073,0,0,10,6,0,17,0
17-09 04:51:20,19.723,4.993,74.148,0.499,0.499,1154060,1363544,167740,5234512,62717.638,14218.421,0,1525.899,0,53.926,1827,2309,0.910,0.800,0.490,2,0,80.889,0,0,10,7,0,17,1
17-09 04:51:21,28.277,11.011,58.807,0.751,0,1161296,1340232,167840,5249912,455072.330,15943.497,80.078,2086.028,1.001,71.069,2973,3743,0.910,0.800,0.490,3,0,205.199,0,0,10,6,0,19,2
17-09 04:51:22,40.477,8.995,48.723,0.999,0,1237808,1238016,168908,5270760,21003.322,1565.130,0,4165.684,0,103.942,1696,1997,0.910,0.800,0.490,3,0,0.999,0,0,10,6,0,19,2
17-09 04:51:23,40.735,5.748,47.732,5.998,0,1279488,1169920,169876,5293824,13852.791,1713.356,0,14686.478,0,847.681,4942,9580,0.910,0.800,0.490,2,0,9.996,0,0,10,8,0,19,2
17-09 04:51:24,34.295,6.008,45.059,16.271,0,1275564,1135876,171324,5327224,24504.856,1568.038,0,39875.839,0,2848.703,11278,23566,0.910,0.800,0.490,1,2,45.059,0,0,10,8,0,19,2
17-09 04:51:25,35.987,9.746,42.234,11.996,0,1203192,1212604,172300,5320244,30289.641,4357.366,0,37957.766,0,2390.104,8441,15338,1,0.820,0.500,2,0,92.965,0,0,10,4,0,19,0
17-09 04:51:26,47.252,3.500,49.002,0,0,1206812,1209252,172300,5320128,13148.421,1620.052,0,704.023,0,41.001,1389,1419,1,0.820,0.500,2,0,7.000,0,0,10,4,0,19,0
17-09 04:51:27,40.742,3.999,53.989,0.500,0,1132732,1277072,172540,5325412,28702.374,3831.249,0,2131.582,0,87.983,1603,1563,1,0.820,0.500,2,0,12.997,0,0,10,4,0,15,0
17-09 04:51:28,42.505,5.001,52.007,0,0,1224036,1184256,172664,5326472,30421.803,2872.359,0,6296.787,0,337.042,2442,2796,1,0.820,0.500,1,0,6.001,0,0,10,5,0,15,0
17-09 04:51:29,39.254,11.251,49.005,0.500,0.250,1133064,1267080,173264,5332596,24885.663,3467.371,0,1448.155,0,82.009,8476,15765,1,0.820,0.500,4,0,257.028,0,0,10,4,0,13,0
17-09 04:51:30,31.751,23.250,42.501,1.000,0.250,1132044,1267608,173304,5332864,13918.237,1608.027,0,2176.037,0,107.002,13329,26018,1.080,0.840,0.510,3,0,486.008,0,0,10,4,0,13,0
17-09 04:51:31,46.738,20.495,30.492,1.000,0,1158020,1255252,173380,5321156,26259.461,1565.610,0,7566.116,0,372.907,5551,10165,1.080,0.840,0.510,4,0,209.948,0,0,10,5,0,13,0
17-09 04:51:32,69.238,6.499,24.746,0,0,1254760,1158272,173392,5321400,24427.627,1565.720,0,2539.545,0,161.971,1976,1725,1.080,0.840,0.510,4,0,11.998,0,0,10,5,0,13,0
17-09 04:51:33,44.902,10.228,43.405,0,0,1261684,1148816,173448,5323752,6989.672,1562.573,0,275.396,0,30.932,2351,6160,1.080,0.840,0.510,2,0,135.702,0,0,10,4,0,14,0
17-09 04:51:34,1.250,3.500,94.505,0.250,0,1262560,1147800,173448,5323868,24611.354,1566.086,0,17180.945,0,263.014,1516,1338,1.080,0.840,0.510,0,0,32.002,0,0,10,4,0,14,0
17-09 04:51:35,15.996,2.249,79.731,0.500,0,1312672,1097712,173468,5323868,13811.658,1565.621,0,5538.660,0,247.940,2016,2127,0.990,0.820,0.510,1,0,20.995,0,0,10,4,0,14,0
17-09 04:51:36,23.762,1.751,73.539,0.250,0,1356852,1053360,173468,5324040,24697.942,1512.793,0,488.256,0,7.004,1202,1221,0.990,0.820,0.510,1,0,1.001,0,0,10,4,0,14,0
17-09 04:51:37,20.256,5.001,72.021,1.000,0,1278460,1131636,173508,5324116,23047.799,1566.462,0,1680.496,0,211.062,3285,5527,0.990,0.820,0.510,1,0,43.013,0,0,10,4,0,16,0
17-09 04:51:38,22.749,3.500,73.996,0.250,0,1345424,1064380,173520,5324316,6180.672,1565.917,19.999,0,5.000,0,950,1261,0.990,0.820,0.510,1,0,0,0,0,10,11,0,16,0
17-09 04:51:39,21.240,5.997,71.466,0.500,0.250,1313928,1095556,173520,5324708,24469.279,1565.250,235.887,11154.657,58.972,37.982,2116,3046,0.990,0.820,0.510,1,0,45.978,0,0,10,28,0,16,0
17-09 04:51:40,23.752,1.500,73.757,0,0,1361736,1047732,173520,5324720,14920.417,1566.149,0,8.001,0,2.000,1345,1811,0.990,0.830,0.510,1,0,0,0,0,10,28,0,16,0
17-09 04:51:41,37.074,9.770,52.355,0,0.752,1416220,993104,173520,5324864,19271.601,1515.035,0,1014.031,0,6.012,1950,2347,0.990,0.830,0.510,2,0,156.313,0,0,10,28,0,16,0
17-09 04:51:42,41.013,12.254,46.764,0.250,0,1322364,1086716,173532,5325052,19168.923,1566.484,0,1272.393,0,78.024,4949,9727,0.990,0.830,0.510,4,0,186.057,0,0,10,28,0,16,0
17-09 04:51:43,80.250,17.000,2.000,0,0,1564520,844516,173532,5325096,21688.913,1565.994,0,36.000,0,9.000,2504,3996,0.990,0.830,0.510,6,0,350.999,0,0,10,30,0,15,0
17-09 04:51:44,85.291,11.005,3.001,0.250,0,1540496,868312,173532,5325324,24141.636,1566.755,0,300.145,0,29.014,6283,11818,0.990,0.830,0.510,5,0,103.050,0,0,10,28,0,15,0
17-09 04:51:45,46.211,8.992,43.713,0,0,1384500,1024240,173536,5325492,8503.780,1618.626,0,35050.242,0,147.874,2998,6123,1.150,0.860,0.520,1,0,189.839,0,0,10,28,0,15,0
17-09 04:51:46,21.251,4.500,73.754,0,0,1378212,1030516,173536,5325504,19115.956,1620.081,0,328.016,0,17.001,1485,1885,1.150,0.860,0.520,1,0,61.003,0,0,10,28,0,15,0
17-09 04:51:47,21.956,4.491,71.856,0,0,1341412,1067296,173540,5325520,19899.063,1604.779,0,634.726,0,30.938,2416,3908,1.150,0.860,0.520,1,0,67.864,0,0,10,28,0,15,0
17-09 04:51:48,22.261,3.252,73.035,0.250,0,1388452,1020232,173552,5325532,23935.633,1620.788,0,400.194,0,36.018,2218,3514,1.150,0.860,0.520,1,0,0,0,0,10,28,0,15,0
17-09 04:51:49,11.512,19.271,69.324,0.250,0.501,1320708,1087960,173556,5325544,26108.806,1621.727,0,2602.772,0,33.035,3157,4440,1.150,0.860,0.520,1,0,476.507,0,0,10,28,0,15,0
17-09 04:51:50,69.057,18.265,14.012,0,0.250,1526496,882128,173556,5325588,26960.323,1567.298,0,548.454,0,29.024,2962,4562,1.220,0.880,0.530,5,0,562.466,0,0,10,28,0,15,0
17-09 04:51:51,78.544,10.223,10.473,0.249,0,1659528,748916,173564,5325760,24521.704,1615.763,0,1918.968,0,120.684,5815,12943,1.220,0.880,0.530,4,0,0,0,0,10,32,0,21,0
17-09 04:51:52,83.971,10.277,5.264,0,0.251,1484492,923592,173576,5326108,10544.775,1570.136,0,766.018,0,72.190,3330,8131,1.220,0.880,0.530,6,0,142.375,0,0,10,28,0,22,0
17-09 04:51:53,85.312,11.758,2.752,0,0,1652152,755540,173580,5326496,20437.756,1567.131,0,224.162,0,15.011,3679,8715,1.220,0.880,0.530,9,0,168.121,0,0,10,30,0,22,0
17-09 04:51:54,69.181,9.491,19.481,0,0,1449648,957976,173580,5326564,8927.100,1564.440,0,199.801,0,11.988,3567,7838,1.220,0.880,0.530,4,0,199.801,0,0,10,30,0,22,0
17-09 04:51:55,43.260,9.752,45.761,0.750,0,1387784,1019448,173584,5326744,25481.039,1566.371,0,77642.401,0,302.072,4538,7475,1.280,0.900,0.540,3,0,98.023,0,0,10,28,0,25,0
17-09 04:51:56,45.944,5.743,48.191,0.250,0,1455968,951184,173588,5326820,24788.659,1564.086,0,275.663,0,21.973,4360,7360,1.280,0.900,0.540,2,0,0.999,0,0,10,28,0,26,0
17-09 04:51:57,50.288,18.014,32.024,0,0,1464720,942400,173596,5326844,13151.956,1513.145,0,220.167,0,17.013,2718,3770,1.280,0.900,0.540,3,0,378.286,0,0,10,28,0,26,0
17-09 04:51:58,64.025,6.252,29.011,0,0,1392976,1014016,173604,5326964,24591.640,1662.652,0,496.195,0,41.016,4883,10206,1.280,0.900,0.540,4,0,87.034,0,0,10,28,0,28,0
17-09 04:51:59,81.718,15.744,1.499,0,0,1567764,839048,173616,5327132,20606.046,1511.417,0,219.915,0,12.995,2324,3088,1.280,0.900,0.540,4,0,170.934,0,0,10,29,0,28,0
17-09 04:52:00,65.781,12.506,21.760,0.250,0.500,1400956,1005488,173632,5327464,28289.268,1566.735,0,3469.627,0,45.021,6572,15124,1.420,0.940,0.550,4,0,266.125,0,0,10,28,0,31,0
17-09 04:52:01,66.476,8.997,23.991,0,0.250,1524600,881796,173636,5327508,12601.426,1511.451,0,267.903,0,13.995,2004,2872,1.420,0.940,0.550,3,0,57.979,0,0,10,29,0,31,0
17-09 04:52:02,61.999,13.000,24.750,0.250,0,1415964,990204,173644,5327728,19787.644,1565.972,0,931.983,0,48.999,4589,9889,1.420,0.940,0.550,3,0,298.995,0,0,10,28,0,33,0
17-09 04:52:03,64.768,5.251,29.758,0,0,1531072,875068,173652,5327748,25625.996,1566.428,0,324.088,0,23.006,3726,7241,1.420,0.940,0.550,3,0,0,0,0,10,30,0,35,0
17-09 04:52:04,63.481,13.746,21.243,0,0.250,1488996,916952,173656,5327936,9771.010,1511.537,0,255.922,0,17.994,2723,5399,1.420,0.940,0.550,3,0,286.912,0,0,10,28,0,37,0
17-09 04:52:05,61.986,10.498,26.744,0.500,0,1343756,1061760,173660,5328476,24690.371,1619.631,0,6062.618,0,390.911,4637,9616,1.550,0.970,0.570,3,0,107.975,0,0,10,28,0,39,0
17-09 04:52:06,69.029,6.503,24.260,0,0,1526732,878612,173660,5328704,17776.395,1620.674,0,196.082,0,9.004,1988,2922,1.550,0.970,0.570,3,0,5.002,0,0,10,28,0,39,0
17-09 04:52:07,64.263,19.754,16.253,0.250,0,1446176,959076,173672,5328784,27363.719,1620.339,0,516.108,0,53.011,4212,9150,1.550,0.970,0.570,7,0,409.085,0,0,10,28,0,42,0
17-09 04:52:08,84.748,13.250,0.750,0,0,1643740,761488,173672,5328808,30703.202,1565.959,0,375.990,0,26.999,3307,9088,1.550,0.970,0.570,8,0,155.996,0,0,10,29,0,38,0
17-09 04:52:09,84.037,15.507,1.751,0,0,1451240,953596,173680,5329192,8012.509,1566.686,0,652.286,0,55.024,4669,9173,1.550,0.970,0.570,6,0,331.145,0,0,10,28,0,38,0
17-09 04:52:10,85.704,13.243,0.500,0,0,1593308,811452,173692,5329256,27012.521,1619.132,0,703.623,0,25.986,3166,5237,1.910,1.050,0.600,7,0,174.906,0,0,10,29,0,37,0
17-09 04:52:11,80.254,13.501,5.000,0,0,1607380,797036,173692,5329596,18317.934,1566.080,0,244.012,0,13.001,6104,14418,1.910,1.050,0.600,6,0,320.016,0,0,10,29,0,37,0
17-09 04:52:12,32.481,23.986,42.225,0,0.250,1325908,1078404,173692,5329700,5748.631,1619.051,0,211.876,0,12.992,4710,9921,1.910,1.050,0.600,1,0,852.500,0,0,10,28,0,34,0
17-09 04:52:13,12.258,26.267,60.539,0.250,0.500,1338144,1066140,173700,5329720,11503.466,1663.079,0,224.145,0,15.010,3738,5775,1.910,1.050,0.600,3,0,719.467,0,0,10,28,0,34,0
17-09 04:52:14,77.002,19.750,2.500,0,0,1549620,854608,173704,5329772,10051.211,1512.032,0,212.004,0,15.000,2594,5157,1.910,1.050,0.600,4,0,527.011,0,0,10,29,0,34,0
17-09 04:52:15,79.972,11.996,7.747,0,0,1460812,943188,173724,5329980,15003.704,1565.447,0,1511.466,0,127.955,4403,11857,2.230,1.140,0.630,5,0,200.929,0,0,10,28,0,35,0
17-09 04:52:16,84.526,10.753,4.001,0,0,1579860,823940,173744,5330160,9229.843,1620.499,0,5753.772,0,216.067,3198,6649,2.230,1.140,0.630,4,0,68.021,0,0,10,31,0,35,0
17-09 04:52:17,64.001,6.500,28.500,0,0.250,1547604,855924,173748,5330428,11833.166,1566.022,0,116.002,0,13.000,5605,17790,2.230,1.140,0.630,4,0,30.000,0,0,10,31,0,44,0
17-09 04:52:18,82.989,9.499,6.999,0,0,1497216,906120,173752,5330616,16631.788,1511.799,0,371.951,0,40.995,4037,9627,2.230,1.140,0.630,4,0,89.988,0,0,10,29,0,46,0
17-09 04:52:19,79.748,11.500,9.000,0,0,1538684,864432,173752,5330836,9309.749,1619.956,0,147.996,0,8.000,4027,12653,2.230,1.140,0.630,4,0,70.998,0,0,10,31,0,50,0
17-09 04:52:20,75.005,8.251,15.001,0,0.250,1542296,860452,173752,5331204,6839.472,1566.108,0,160.011,0,9.001,5220,16035,2.370,1.180,0.640,4,0,71.005,0,0,10,28,0,54,0
17-09 04:52:21,84.255,12.501,4.000,0,0,1508616,893960,173756,5331372,14042.772,1512.083,0,224.012,0,18.001,4613,10232,2.370,1.180,0.640,4,0,148.008,0,0,10,29,0,54,0
17-09 04:52:22,83.502,9.250,6.250,0,0.250,1431776,970576,173760,5331592,9277.167,1620.029,0,232.004,0,20.000,3742,12946,2.370,1.180,0.640,5,0,81.001,0,0,10,28,0,53,0
17-09 04:52:23,85.498,9.750,3.500,0,0.250,1521864,880280,173760,5331800,12358.666,1659.955,0,1355.963,0,26.999,5180,10305,2.370,1.180,0.640,5,0,22.999,0,0,10,29,0,53,0
17-09 04:52:24,82.000,13.000,4.250,0,0,1554012,847948,173764,5331980,8578.949,1511.991,0,247.999,0,22.000,5131,10167,2.370,1.180,0.640,4,0,172.999,0,0,10,28,0,53,0
17-09 04:52:25,80.248,12.250,6.500,0,0,1470868,930888,173764,5332184,7780.790,1619.956,0,155.996,0,11.000,3670,9159,2.510,1.230,0.660,4,0,158.996,0,0,10,28,0,53,0
17-09 04:52:26,86.078,11.260,2.752,0,0,1542732,858960,173768,5332244,13997.682,1621.469,0,288.261,0,23.021,2548,4806,2.510,1.230,0.660,5,0,78.071,0,0,10,29,0,53,0
17-09 04:52:27,76.169,10.489,10.739,0,0.250,1473628,927836,173784,5332456,8956.443,1564.331,0,383.591,0,42.954,4824,10308,2.510,1.230,0.660,3,0,197.789,0,0,10,29,0,53,0
17-09 04:52:28,65.736,9.998,23.745,0.250,0,1463920,937264,173796,5332728,13033.302,1619.665,0,395.918,0,28.994,3809,7142,2.510,1.230,0.660,3,0,102.979,0,0,10,29,0,53,0
17-09 04:52:29,63.324,10.512,25.780,0,0,1443720,957296,173796,5332892,9394.038,1513.779,0,180.212,0,13.015,3413,6827,2.510,1.230,0.660,3,0,137.161,0,0,10,29,0,53,0
17-09 04:52:30,64.696,9.742,25.978,0,0,1421292,979388,173796,5333224,11191.588,1618.639,0,359.697,0,27.976,3414,7764,2.630,1.280,0.680,3,0,82.930,0,0,10,29,0,53,0
17-09 04:52:31,45.472,9.244,45.222,0,0,1413572,986940,173800,5333388,10386.633,1619.008,0,347.787,0,25.984,2858,6364,2.630,1.280,0.680,2,0,139.914,0,0,10,29,0,53,0
17-09 04:52:32,43.757,8.501,47.757,0.250,0.250,1437044,963440,173808,5333408,5824.891,1620.248,0,256.039,0,16.002,1905,4766,2.630,1.280,0.680,3,0,34.005,0,0,10,29,0,53,0
17-09 04:52:33,42.518,8.253,48.270,0,0,1377608,1022688,173812,5333592,4725.994,1620.684,0,280.118,0,26.011,2335,4488,2.630,1.280,0.680,2,0,129.054,0,0,10,28,0,53,0
17-09 04:52:34,45.735,5.498,48.484,0,0,1467152,933108,173812,5333632,11263.373,1619.479,0,239.923,0,21.993,2039,4249,2.630,1.280,0.680,2,0,34.989,0,0,10,29,0,52,0
17-09 04:52:35,45.001,6.000,48.501,0,0,1421396,978824,173820,5333664,11359.227,1566.031,0,152.003,0,10.000,1847,4367,2.740,1.320,0.700,2,0,48.001,0,0,10,28,0,52,0
17-09 04:52:36,47.010,4.001,48.761,0.250,0,1421576,978488,173828,5333820,12760.769,1512.328,0,792.172,0,75.016,2133,5267,2.740,1.320,0.700,2,0,6.001,0,0,10,29,0,52,0
17-09 04:52:37,36.659,11.472,50.874,0,0,1403648,996316,173832,5333916,11950.351,1615.991,0,263.347,0,22.943,2957,6832,2.740,1.320,0.700,2,0,276.314,0,0,10,29,0,52,0
17-09 04:52:38,22.509,3.251,73.280,0,0.250,1385220,1014712,173852,5333928,11683.802,1620.666,0,992.408,0,27.011,1346,2096,2.740,1.320,0.700,1,0,5.002,0,0,10,28,0,52,0
17-09 04:52:39,18.536,8.517,71.140,0.501,0,1331412,1068520,173872,5333908,8924.572,1623.196,0,384.758,0,44.087,3271,6265,2.740,1.320,0.700,1,0,192.379,0,0,10,32,0,50,0
17-09 04:52:40,20.749,4.750,73.247,0,0,1401920,997824,173876,5334092,7022.747,1619.942,0,195.993,0,11.000,1378,1793,2.600,1.320,0.700,1,0,93.997,0,0,10,32,0,50,0
17-09 04:52:41,21.747,4.999,72.241,0.250,0,1349800,1049912,173884,5334116,8040.003,1619.799,0,163.980,0,9.999,2606,4761,2.600,1.320,0.700,1,0,45.994,0,0,10,32,0,50,0
17-09 04:52:42,22.723,3.246,73.664,0,0,1401684,998028,173884,5334116,14993.398,1618.100,0,151.822,0,7.991,1435,1993,2.600,1.320,0.700,1,0,0,0,0,10,33,0,50,0
17-09 04:52:43,20.028,6.509,71.351,0,0.250,1335724,1063940,173896,5334152,10228.463,1460.065,0,208.295,0,21.030,3566,6774,2.600,1.320,0.700,1,0,109.154,0,0,10,32,0,51,0
17-09 04:52:44,12.505,22.510,64.778,0,0,1335940,1063576,173904,5334292,13028.667,1620.705,0,368.160,0,23.010,3386,4965,2.600,1.320,0.700,2,0,517.225,0,0,10,32,0,53,0
17-09 04:52:45,43.981,5.748,49.229,0,0.250,1480004,918944,173952,5334812,11949.909,1619.310,0,275.882,0,12.994,1355,1496,2.550,1.330,0.710,2,0,0,0,0,10,32,0,53,0
17-09 04:52:46,39.652,5.237,44.889,9.477,0,1421692,971500,174356,5339764,14529.070,1616.004,0,17085.747,0,1779.599,11698,18226,2.550,1.330,0.710,3,0,90.776,0,0,10,36,0,53,0
17-09 04:52:47,37.998,6.500,39.248,15.999,0,1490840,899204,174732,5342448,9819.460,1661.909,0,45133.518,0,4101.774,18185,29010,2.550,1.330,0.710,2,0,74.996,0,0,10,36,0,52,0
17-09 04:52:48,43.116,6.016,45.623,4.512,0,1406072,984248,174832,5342016,11230.288,1624.381,0,21453.861,0,1750.722,6486,13189,2.550,1.330,0.710,2,0,14.038,0,0,10,32,0,52,0
17-09 04:52:49,41.909,5.488,47.147,3.991,0,1506064,883980,174876,5342240,14996.308,1454.828,0,5575.845,0,1081.642,7185,13361,2.550,1.330,0.710,3,1,2.993,0,0,10,34,0,52,0
17-09 04:52:50,35.983,9.496,47.728,6.497,0,1384656,1004928,175028,5342540,12156.335,1619.245,0,13405.753,0,1818.153,11034,19015,2.660,1.370,0.730,1,0,98.954,0,0,10,32,0,52,0
17-09 04:52:51,23.502,2.000,73.008,0.750,0,1444468,945092,175048,5342544,7501.773,1620.167,0,2552.263,0,146.015,1459,1894,2.660,1.370,0.730,1,0,2.000,0,0,10,32,0,52,0
17-09 04:52:52,22.247,3.250,73.490,0.250,0,1407040,982500,175048,5342564,12377.292,1457.799,0,591.918,0,37.995,1182,1454,2.660,1.370,0.730,1,0,1.000,0,0,10,32,0,52,0
17-09 04:52:53,23.319,3.761,71.963,0.752,0,1355592,1033936,175076,5342548,10369.684,1624.808,0,5327.765,0,304.902,1922,2497,2.660,1.370,0.730,1,0,3.009,0,0,10,32,0,45,0
17-09 04:52:54,22.740,2.999,73.968,0,0,1432928,956572,175076,5342576,11318.133,1619.304,0,55.976,0,3.998,1045,1162,2.660,1.370,0.730,2,0,1.999,0,0,10,32,0,45,0
17-09 04:52:55,22.742,2.749,73.972,0,0.250,1373552,1015876,175076,5342644,11644.657,1457.456,0,0,0,0,947,1075,2.530,1.370,0.730,1,0,1.000,0,0,10,32,0,42,0
17-09 04:52:56,24.211,1.997,73.133,0,0,1444580,944816,175076,5342676,5933.512,1617.414,0,0,0,0,981,1214,2.530,1.370,0.730,2,0,2.995,0,0,10,32,0,42,0
17-09 04:52:57,23.241,2.249,73.971,0,0,1387672,1001600,175084,5342788,15465.937,1619.365,0,0,0,0,983,1063,2.530,1.370,0.730,2,0,1.000,0,0,10,32,0,41,0
17-09 04:52:58,22.751,3.000,73.752,0,0,1403040,986088,175084,5342932,12914.362,1458.041,0,4.000,0,1.000,990,1086,2.530,1.370,0.730,2,0,1.000,0,0,10,32,0,41,0
17-09 04:52:59,23.749,2.500,73.497,0.250,0,1352312,1036792,175088,5342948,5631.763,1619.932,0,247.990,0,9.000,1103,1452,2.530,1.370,0.730,2,0,3.000,0,0,10,32,0,39,0
17-09 04:53:00,23.804,1.754,73.667,0,0,1342764,1046324,175088,5342964,11718.496,1623.671,0,312.707,0,18.041,1041,1214,2.410,1.360,0.730,2,0,1.002,0,0,10,32,0,39,0
17-09 04:53:01,22.944,2.743,73.819,0,0.249,1418272,970796,175088,5342984,11715.251,1454.431,0,103.745,0,4.988,1078,1225,2.410,1.360,0.730,2,0,1.995,0,0,10,32,0,36,0
17-09 04:53:02,18.785,8.015,72.887,0,0.250,1341304,1047752,175096,5342988,14821.895,1623.055,0,0,0,0,1584,1966,2.410,1.360,0.730,3,0,109.206,0,0,10,32,0,36,0
17-09 04:53:03,9.755,20.761,68.787,0,0,1345416,1043480,175096,5343140,12293.540,1620.862,0,736.392,0,8.004,2936,4279,2.410,1.360,0.730,1,0,413.220,0,0,10,32,0,34,0
17-09 04:53:04,8.731,20.455,70.097,0,0,1345348,1043492,175100,5343180,5102.860,1616.471,0,474.963,0,8.980,2762,4083,2.410,1.360,0.730,1,0,359.216,0,0,10,32,0,34,0
17-09 04:53:05,7.753,21.258,70.026,0,0,1348456,1040348,175100,5343216,12355.596,1620.603,0,92.034,0,1.000,2808,4039,2.380,1.370,0.740,4,0,353.131,0,0,10,32,0,28,0
17-09 04:53:06,17.504,8.252,72.018,0.250,0.250,1406244,982568,175108,5343200,11923.052,1620.415,0,2060.527,0,227.058,1878,1955,2.380,1.370,0.740,1,0,83.021,0,0,10,32,0,28,0
17-09 04:53:07,23.490,1.999,74.218,0,0.250,1355568,1033220,175108,5343224,10934.309,1457.375,0,15.993,0,1.000,1059,1168,2.380,1.370,0.740,2,0,2.999,0,0,10,32,0,25,0
17-09 04:53:08,26.998,4.750,67.994,0,0,1426424,962384,175108,5343204,10059.155,1619.864,0,0,0,0,1528,3059,2.380,1.370,0.740,1,0,35.997,0,0,10,32,0,26,0
17-09 04:53:09,22.249,3.000,73.496,0.250,0,1370424,1018356,175112,5343232,6736.656,1619.917,0,251.987,0,14.999,1071,1500,2.380,1.370,0.740,1,0,1.000,0,0,10,32,0,25,0
17-09 04:53:10,22.287,3.506,73.874,0,0,1441492,947296,175116,5343220,14119.721,1622.726,0,284.478,0,20.034,1002,1291,2.270,1.370,0.740,1,0,2.003,0,0,10,32,0,25,0
17-09 04:53:11,23.460,2.496,73.124,0.250,0,1384516,1004280,175116,5343212,11477.202,1617.210,0,79.862,0,8.985,1070,1295,2.270,1.370,0.740,1,0,0.998,0,0,10,32,0,25,0
17-09 04:53:12,22.502,3.750,72.757,0.750,0,1443980,944808,175124,5343212,5264.505,1662.160,0,5144.494,0,238.023,1557,2038,2.270,1.370,0.740,1,0,2.000,0,0,10,32,0,25,0
17-09 04:53:13,23.501,2.500,74.003,0,0,1397492,991288,175124,5343220,11867.427,1620.058,0,64.002,0,5.000,1021,1132,2.270,1.370,0.740,1,0,1.000,0,0,10,32,0,25,0
17-09 04:53:14,22.998,2.750,74.242,0,0,1444364,944416,175124,5343220,8264.149,1457.850,0,23.998,0,3.000,939,1094,2.270,1.370,0.740,1,0,2.000,0,0,10,32,0,25,0
17-09 04:53:15,23.252,2.250,73.756,0,0,1409816,978972,175124,5343208,10736.827,1662.128,0,0,0,0,1006,1181,2.160,1.360,0.740,1,0,1.000,0,0,10,32,0,24,0
17-09 04:53:16,23.295,2.505,73.643,0,0,1347708,1041048,175124,5343240,9803.047,1623.154,0,32.062,0,3.006,980,1186,2.160,1.360,0.740,1,0,4.008,0,0,10,32,0,24,0
17-09 04:53:17,22.958,2.495,73.866,0,0,1419028,969816,175124,5343148,11316.495,1617.070,0,1613.077,0,2.995,1017,1169,2.160,1.360,0.740,1,0,1.996,0,0,10,32,0,15,0
17-09 04:53:18,21.248,3.750,73.993,0.250,0,1359156,1029596,175124,5343240,10137.027,1619.844,0,935.910,0,128.988,1186,1137,2.160,1.360,0.740,1,0,1.000,0,0,10,32,0,15,0
17-09 04:53:19,23.035,3.005,73.112,0.250,0,1368396,1020356,175124,5343240,5966.176,1460.246,0,104.160,0,11.017,1126,1496,2.160,1.360,0.740,1,0,1.002,0,0,10,32,0,9,0
17-09 04:53:20,22.968,2.247,74.146,0,0,1441488,947276,175124,5343228,7770.083,1617.727,0,375.472,0,25.964,1107,1308,2.070,1.350,0.740,1,0,1.997,0,0,10,32,0,9,0
17-09 04:53:21,23.745,2.250,73.484,0,0,1404912,983852,175124,5343228,13013.111,1619.640,0,63.986,0,4.999,1041,1170,2.070,1.350,0.740,1,0,1.000,0,0,10,32,0,9,0
17-09 04:53:22,23.256,2.751,74.019,0,0.500,1396304,992452,175124,5343236,7747.960,1458.369,0,24.006,0,2.001,958,1124,2.070,1.350,0.740,1,0,1.000,0,0,10,32,0,5,0
17-09 04:53:23,23.499,2.500,73.495,0,0,1443148,945608,175124,5343236,11740.272,1713.894,0,11.999,0,1.000,980,1107,2.070,1.350,0.740,1,0,2.000,0,0,10,32,0,5,0
17-09 04:53:24,10.515,20.529,69.099,0,0.250,1344376,1044328,175124,5343288,11773.789,1622.313,0,216.308,0,10.014,3146,4678,2.070,1.350,0.740,1,0,456.651,0,0,10,32,0,4,0
17-09 04:53:25,22.970,2.247,73.902,0,0,1418456,970232,175124,5343304,10861.641,1456.075,0,3.995,0,0.999,1008,1205,1.980,1.350,0.740,1,0,5.992,0,0,10,32,0,4,0
17-09 04:53:26,23.499,2.750,73.747,0,0,1388396,1000052,175128,5343532,8441.705,1619.943,0,123.996,0,2.000,924,1204,1.980,1.350,0.740,1,0,10.000,0,0,10,32,0,4,0
17-09 04:53:27,22.046,4.510,73.154,0,0,1347764,1040684,175128,5343532,5429.451,1623.424,0,36.076,0,1.002,1048,1478,1.980,1.350,0.740,3,0,54.114,0,0,10,32,0,4,0
17-09 04:53:28,9.248,20.995,68.985,0,0.250,1346804,1041536,175128,5343636,13216.066,1457.676,0,331.926,0,37.992,3565,5470,1.980,1.350,0.740,1,0,559.876,0,0,10,32,0,4,0
17-09 04:53:29,10.753,19.256,68.520,0,0,1344956,1043344,175132,5343660,8868.634,1620.481,0,404.120,0,16.005,3481,5512,1.980,1.350,0.740,1,0,515.153,0,0,10,32,0,4,0
17-09 04:53:30,10.497,20.244,68.980,0.250,0,1341680,1046516,175136,5343708,7451.809,1619.524,0,1971.420,0,41.988,3844,6330,1.830,1.320,0.740,1,0,665.804,0,0,10,32,0,4,0
17-09 04:53:31,9.753,21.007,68.774,0,0.250,1348696,1039464,175136,5343740,13538.644,1458.500,0,1540.528,0,21.007,3532,5561,1.830,1.320,0.740,2,0,597.205,0,0,10,32,0,4,0
17-09 04:53:32,8.737,19.472,70.149,0,0,1344432,1043696,175136,5343768,8625.562,1617.667,0,483.303,0,8.987,3064,4629,1.830,1.320,0.740,2,0,453.346,0,0,10,32,0,4,0
17-09 04:53:33,9.010,20.272,70.075,0,0,1346908,1041188,175136,5343800,12652.576,1621.740,0,196.211,0,7.008,3062,4664,1.830,1.320,0.740,1,0,448.481,0,0,10,32,0,4,0
17-09 04:53:34,9.748,20.496,68.987,0,0.250,1348808,1039180,175136,5343904,8299.448,1619.697,0,359.933,0,38.993,3153,4764,1.830,1.320,0.740,3,0,481.910,0,0,10,32,0,4,0
17-09 04:53:35,10.253,19.756,70.272,0,0.250,1346448,1041508,175152,5343920,4956.586,1620.519,0,172.055,0,9.003,3135,4775,1.680,1.300,0.730,2,0,443.142,0,0,10,32,0,4,0
17-09 04:53:36,34.442,26.456,37.188,0.250,0,1440608,947252,175184,5343956,12138.728,1617.299,0,1110.146,0,69.883,4324,7909,1.680,1.300,0.730,3,0,794.673,0,0,10,32,0,11,0
17-09 04:53:37,65.631,8.016,24.549,1.753,0,1624188,760352,175392,5346840,19011.929,1623.238,400.800,4861.699,4.008,362.724,2976,4660,1.680,1.300,0.730,3,1,19.038,0,0,10,34,0,11,0
17-09 04:53:38,39.249,11.000,34.499,16.000,0.250,1582140,790688,176152,5356800,5125.903,1457.972,0,60298.854,0,4529.914,19162,35262,1.680,1.300,0.730,3,2,159.997,0,0,10,36,0,13,0
17-09 04:53:39,40.997,7.500,30.998,20.499,0,1633112,730012,176816,5365484,11385.283,1619.898,0,79363.000,0,5845.632,19434,38978,1.680,1.300,0.730,7,0,80.995,0,0,10,36,0,13,0
17-09 04:53:40,39.447,10.985,31.707,15.978,0,1602404,750912,177160,5374624,8669.296,1617.816,0,68687.272,0,5296.849,20390,38311,1.780,1.330,0.750,4,0,120.837,0,0,10,36,0,14,0
17-09 04:53:41,47.102,11.776,27.059,14.532,0.251,1553316,793720,177268,5380592,11648.288,1461.172,0,52518.017,0,4108.920,18549,31705,1.780,1.330,0.750,4,1,193.420,0,0,10,35,0,15,0
17-09 04:53:42,41.909,18.211,28.189,10.727,0,1498372,842536,177584,5386032,12651.597,1616.499,874.107,48626.675,9.978,3507.403,20552,36395,1.780,1.330,0.750,2,0,215.533,0,0,10,34,0,17,0
17-09 04:53:43,40.055,12.517,37.051,10.014,0,1548980,787736,177908,5389732,5066.967,1622.231,1097.509,45739.892,18.025,3633.997,15723,28861,1.780,1.330,0.750,3,0,189.260,0,0,10,35,0,17,0
17-09 04:53:44,33.939,7.736,45.918,11.480,0,1549488,782028,178148,5394568,15106.066,1455.405,0,41474.052,0,3642.505,19532,33939,1.780,1.330,0.750,2,0,53.904,0,0,10,35,0,16,0
17-09 04:53:45,32.555,8.264,42.822,14.524,0,1528244,803700,178352,5393848,13724.125,1622.734,0,37659.456,0,3503.904,16641,28033,1.960,1.370,0.760,2,0,95.160,0,0,10,34,0,17,0
17-09 04:53:46,37.254,6.501,44.755,10.001,0,1545340,784576,178400,5395824,11403.357,1620.193,0,38592.593,0,3434.409,16596,30972,1.960,1.370,0.760,3,0,37.004,0,0,10,35,0,15,0
17-09 04:53:47,35.435,7.736,43.421,13.725,0.998,1510108,819072,178456,5396520,12876.500,1455.344,0,35658.922,0,3412.772,15671,29698,1.960,1.370,0.760,1,1,53.902,0,0,10,34,0,15,0
17-09 04:53:48,38.563,8.764,40.566,10.517,0,1545380,782056,178512,5398132,11672.107,1622.656,0,32581.336,0,3199.237,15594,28056,1.960,1.370,0.760,2,1,33.054,0,0,10,37,0,18,0
17-09 04:53:49,35.924,6.985,43.158,12.723,0,1495912,828884,178700,5400536,13825.607,1616.563,0,33241.329,0,3214.167,17320,31219,1.960,1.370,0.760,4,0,108.769,0,0,10,36,0,18,0
17-09 04:53:50,35.739,8.497,41.237,14.745,0.250,1543312,778736,178812,5403076,12405.105,1457.542,0,41682.912,0,3612.866,16755,29444,1.970,1.390,0.770,3,0,39.987,0,0,10,37,0,18,0
17-09 04:53:51,33.075,7.517,42.346,16.036,0.251,1526368,792744,178932,5405828,7620.260,1665.773,0,41542.093,0,3707.397,15776,29637,1.970,1.390,0.770,2,0,78.177,0,0,10,36,0,18,0
17-09 04:53:52,33.760,9.253,42.263,13.754,0.250,1490640,825504,179052,5408572,12757.929,1620.499,0,38247.780,0,3395.046,14217,28655,1.970,1.390,0.770,2,1,153.047,0,0,10,36,0,18,0
17-09 04:53:53,35.421,8.232,41.906,14.468,0,1541408,772360,179096,5410788,15136.125,1616.383,0,44468.480,0,3783.532,16693,28217,1.970,1.390,0.770,4,0,47.893,0,0,10,36,0,19,0
17-09 04:53:54,35.610,9.028,39.874,14.545,0,1508972,809872,179132,5405664,14115.745,1625.036,0,54725.595,0,4809.906,19931,37958,1.970,1.390,0.770,3,0,52.162,0,0,10,36,0,20,0
17-09 04:53:55,39.216,5.745,42.963,11.990,0.250,1546484,771820,179168,5406164,10334.113,1618.608,0,33675.039,0,3062.366,14360,26256,1.970,1.400,0.780,2,0,32.972,0,0,10,35,0,21,0
17-09 04:53:56,21.247,16.998,60.492,0.250,0,1358772,959308,179176,5406360,12236.385,1619.786,0,1315.826,0,80.989,3477,5297,1.970,1.400,0.780,1,0,425.944,0,0,10,32,0,22,0
17-09 04:53:57,15.243,24.239,59.473,0.250,0,1371016,946900,179200,5406500,12007.573,1457.341,0,1903.140,0,132.940,4042,6342,1.970,1.400,0.780,3,0,578.738,0,0,10,33,0,27,1
17-09 04:53:58,66.634,8.236,24.457,0,0,1578188,738880,179204,5407344,9504.386,1617.173,0,1996.510,0,59.895,1813,1881,1.970,1.400,0.780,3,0,7.986,0,0,10,32,0,28,0
17-09 04:53:59,67.507,8.251,24.253,0,0,1755728,557968,179308,5410292,4980.528,1620.172,0,5404.573,0,227.024,2274,2549,1.970,1.400,0.780,3,0,6.001,0,0,10,32,0,28,0
17-09 04:54:00,36.350,6.769,41.113,15.543,0,1767768,535752,179460,5419764,15025.169,1624.451,0,51954.355,0,4204.520,19457,32344,2.050,1.420,0.790,2,0,150.412,0,0,10,38,0,28,0
17-09 04:54:01,23.958,7.986,48.664,19.466,0,1765564,527436,179580,5429856,14392.698,1617.157,0,66431.214,0,5305.673,24487,40521,2.050,1.420,0.790,3,2,230.595,0,0,10,38,0,28,0
17-09 04:54:02,22.793,6.011,48.091,21.541,0,1765736,519888,179660,5436956,15326.089,1623.081,0,86756.664,0,6518.372,27003,45268,2.050,1.420,0.790,3,2,141.268,0,0,10,38,0,28,0
17-09 04:54:03,39.238,9.997,37.238,12.496,0,1662412,615516,179724,5444356,12477.095,1619.493,0,64563.792,0,5210.369,22714,36722,2.050,1.420,0.790,3,2,224.930,0,0,10,36,0,28,0
17-09 04:54:04,44.229,8.496,35.483,11.994,0,1729732,539452,179792,5452724,20602.987,1457.292,0,63653.065,0,4967.586,20469,34280,2.050,1.420,0.790,1,2,72.965,0,0,10,36,0,28,0
17-09 04:54:05,39.238,8.247,32.990,18.744,0,1646596,610396,179844,5464424,16431.923,1619.500,0,81470.826,0,6121.109,22550,40092,2.050,1.430,0.800,1,1,12.996,0,0,10,36,0,28,0
17-09 04:54:06,18.487,8.494,50.214,21.485,0,1647892,605492,179876,5467796,5803.821,1618.834,0,75557.599,0,6017.667,25217,41953,2.050,1.430,0.800,1,0,139.899,0,0,10,36,0,28,0
17-09 04:54:07,34.472,6.745,45.713,13.239,0,1515552,735532,179896,5470008,11579.597,1456.817,0,41786.070,0,3461.190,16067,26148,2.050,1.430,0.800,1,0,93.924,0,0,10,34,0,28,0
17-09 04:54:08,21.739,10.245,65.716,0,0.250,1401052,850236,179896,5470012,10629.568,1619.173,0,4149.879,0,57.970,2620,5110,2.050,1.430,0.800,1,0,245.874,0,0,10,32,0,29,0
17-09 04:54:09,23.242,2.749,72.724,0.500,0,1462244,789032,179896,5470012,5784.923,1619.419,0,5797.919,0,349.874,1942,2703,2.050,1.430,0.800,1,0,1.000,0,0,10,32,0,28,0
17-09 04:54:10,24.010,2.501,73.282,0.250,0,1500520,750756,179896,5470012,12273.290,1500.647,0,668.288,0,108.047,1503,1832,1.960,1.420,0.800,1,0,2.001,0,0,10,34,0,28,0
17-09 04:54:11,21.246,4.499,73.986,0.250,0,1435760,815508,179896,5470020,7784.482,1619.684,0,79.984,0,5.999,1059,1438,1.960,1.420,0.800,1,0,27.995,0,0,10,32,0,28,0
17-09 04:54:12,24.753,2.250,73.758,0,0,1497368,753896,179900,5470016,11397.174,1620.167,0,100.010,0,17.002,1153,1427,1.960,1.420,0.800,1,0,2.000,0,0,10,34,0,28,0
17-09 04:54:13,18.544,21.301,59.893,0.251,0.501,1384924,866300,179904,5470036,15021.872,1461.490,0,1162.777,0,88.211,3711,5901,1.960,1.420,0.800,3,0,687.642,0,0,10,32,0,28,0
17-09 04:54:14,12.725,25.948,60.380,0,0,1387648,863496,179904,5470100,11790.502,1616.778,0,291.419,0,25.948,4278,6896,1.960,1.420,0.800,1,0,856.293,0,0,10,32,0,28,0
17-09 04:54:15,9.997,18.495,70.230,0,0.250,1387272,863752,179904,5470172,17587.970,1457.583,0,115.967,0,6.998,3153,4641,1.970,1.430,0.800,1,0,443.873,0,0,10,32,0,28,0
17-09 04:54:16,11.276,20.046,69.158,0,0.251,1383552,866900,179904,5470720,11631.590,1623.712,0,40.092,0,10.023,2969,4652,1.970,1.430,0.800,1,0,385.882,0,0,10,32,0,28,0
17-09 04:54:17,20.745,17.245,60.734,0,0,1404692,845464,179912,5471212,5639.511,1619.572,0,27.993,0,5.998,5282,8759,1.970,1.430,0.800,3,0,263.930,0,0,10,32,0,28,0
17-09 04:54:18,47.418,5.491,46.420,0,0,1525880,724056,179916,5471556,12485.463,1617.210,0,35.938,0,2.995,1496,1635,1.970,1.430,0.800,2,0,62.892,0,0,10,33,0,28,0
17-09 04:54:19,50.236,5.249,45.237,0,0,1595924,650752,179920,5474684,11392.844,1619.551,0,335.907,0,11.997,2719,9470,1.970,1.430,0.800,2,0,4.999,0,0,10,49,0,28,0
17-09 04:54:20,36.559,10.267,53.336,0.250,0,1644852,600396,179972,5475776,12171.694,1502.431,0,384.622,0,8.013,1902,2419,1.970,1.440,0.810,1,0,131.212,0,0,10,48,0,28,0
17-09 04:54:21,14.503,18.504,65.763,0.500,0.500,1656016,588972,179976,5476280,11278.188,1620.314,0,4844.940,0,262.051,5168,9694,1.970,1.440,0.810,1,0,283.055,0,0,10,48,0,28,0
17-09 04:54:22,4.989,2.494,91.546,0,0,1656420,588524,179976,5475944,6124.330,1616.392,0,1360.962,0,24.944,1499,2144,1.970,1.440,0.810,0,0,25.942,0,0,10,48,0,28,0
17-09 04:54:23,0.500,0.751,97.844,0.250,0,1656420,588524,179976,5475944,11802.330,1715.647,0,284.273,0,19.018,808,1206,1.970,1.440,0.810,0,0,3.003,0,0,10,48,0,28,0
17-09 04:54:24,0,0.999,98.677,0,0,1656416,588524,179976,5475948,8039.091,1618.810,0,35.974,0,3.997,677,993,1.970,1.440,0.810,0,0,2.998,0,0,10,48,0,28,0
17-09 04:54:25,0.250,0.250,98.235,0,0,1656416,588524,179976,5475948,11633.208,1619.751,0,0,0,0,667,948,1.810,1.420,0.810,0,0,1.000,0,0,10,48,0,28,0
17-09 04:54:26,10.747,6.498,81.728,0,0.250,1602316,642708,179976,5475952,9796.335,1619.559,0,0,0,0,2612,5039,1.810,1.420,0.810,3,0,168.954,0,0,10,48,0,28,0
17-09 04:54:27,12.773,16.781,69.377,0,0,1637344,607656,179976,5475952,8485.537,1460.674,0,4.007,0,1.002,4571,7458,1.810,1.420,0.810,1,0,280.514,0,0,11,48,0,28,0
17-09 04:54:28,16.221,16.470,64.882,0,0,1652356,592604,179976,5476352,12017.189,1854.634,0,654.812,0,3.993,4718,8060,1.810,1.420,0.810,1,0,265.518,0,0,11,48,0,28,0
17-09 04:54:29,5.501,6.751,86.768,0,0.250,1650648,594300,179976,5476004,6694.413,1620.342,0,284.060,0,12.003,2265,3384,1.810,1.420,0.810,0,0,152.032,0,0,11,48,0,28,0
17-09 04:54:30,14.759,15.260,69.294,0,0,1666280,578628,179976,5476408,5712.639,1621.033,0,0,0,0,4032,6649,1.830,1.430,0.810,1,0,212.135,0,0,13,50,0,28,0
17-09 04:54:31,9.001,17.002,72.010,0,0,1663140,581576,179976,5476176,11507.531,1620.215,0,36.005,0,8.001,2966,4192,1.830,1.430,0.810,1,0,324.043,0,0,13,50,0,29,0
17-09 04:54:32,10.506,19.011,69.039,0,0.250,1666428,578108,179976,5476696,5665.229,1620.924,0,176.100,0,19.011,3902,6708,1.830,1.430,0.810,11,0,372.212,0,0,13,50,0,29,0
17-09 04:54:33,25.036,18.777,55.831,0,0,1700832,543660,179984,5476372,11215.240,1748.532,0,2575.730,0,37.054,4839,7921,1.830,1.430,0.810,2,0,333.483,0,0,13,50,0,29,0
17-09 04:54:34,31.170,22.193,46.381,0,0.249,1754340,490080,180004,5476408,8030.386,1508.129,0,582.505,0,11.969,3577,6059,1.830,1.430,0.810,2,0,591.482,0,0,13,50,0,29,0
17-09 04:54:35,32.574,23.052,44.350,0,0,1839516,403056,180056,5478048,12327.873,1569.549,32.073,44.100,2.005,11.025,3805,8992,1.840,1.440,0.820,2,0,516.167,0,0,13,54,0,31,0
17-09 04:54:36,50.013,17.255,30.508,0,0,1920648,321540,180068,5478720,11476.030,1620.428,0,4.001,0,1.000,3911,8974,1.840,1.440,0.820,4,0,315.083,0,0,13,54,0,31,0
17-09 04:54:37,55.229,25.241,19.743,0,0,2052500,189148,180080,5479672,7351.236,1619.391,0,31.988,0,7.997,4856,9487,1.840,1.440,0.820,19,0,575.784,0,0,13,54,0,24,0
17-09 04:54:38,67.646,20.469,10.983,0.250,0,2123140,142152,179040,5457348,8547.853,1707.374,315.515,8974.198,22.965,527.189,4357,7616,1.840,1.440,0.820,4,0,355.453,0,0,13,54,0,24,0
17-09 04:54:39,69.377,25.296,3.506,1.252,0,2308004,120424,175640,5299068,13380.513,1622.973,8098.837,6600.091,255.468,668.224,6253,11737,1.840,1.440,0.820,5,0,344.631,0,0,13,58,0,22,0
17-09 04:54:40,66.237,22.996,5.999,4.499,0,2405332,124492,172828,5202256,11604.772,1619.689,2771.468,31697.914,175.966,2511.518,12780,28193,2.090,1.500,0.840,6,1,399.923,0,0,13,60,0,22,0
17-09 04:54:41,71.258,22.503,4.751,1.250,0.500,2489076,129540,171640,5116664,11802.381,1512.177,436.051,12361.446,35.004,1032.121,11693,24453,2.090,1.500,0.840,5,0,265.031,0,0,13,60,0,20,0
17-09 04:54:42,73.738,23.246,2.500,0,0.250,2610940,125008,168832,5004380,8178.675,1565.746,1371.778,8646.599,41.993,628.898,8717,18728,2.090,1.500,0.840,6,0,546.911,0,0,13,74,0,27,0
17-09 04:54:43,54.759,23.754,19.253,1.000,0,2697656,133628,168788,4911760,11045.745,1620.256,484.076,5808.918,26.004,361.057,7212,13155,2.090,1.500,0.840,3,0,451.071,0,0,13,77,0,27,0
17-09 04:54:44,60.264,15.938,21.665,0.249,0,2880488,134736,168796,4732312,8354.335,1613.690,4633.882,1255.093,66.739,173.322,7028,13212,2.090,1.500,0.840,5,1,178.303,0,0,13,80,0,27,0
17-09 04:54:45,53.723,14.561,31.129,1.004,0,2978064,130244,168816,4641456,7890.810,1464.088,333.386,13998.205,18.075,783.257,6377,12850,2.250,1.540,0.860,2,0,215.898,0,0,13,85,0,30,0
17-09 04:54:46,8.486,18.969,71.634,0,0,2996904,124812,168816,4628476,14789.086,1617.385,0,551.109,0,28.953,3048,4692,2.250,1.540,0.860,2,0,389.370,0,0,13,85,0,29,0
17-09 04:54:47,7.994,18.736,70.697,0.500,0,2997680,130176,168816,4622452,12465.713,1456.915,3.997,2350.249,0.999,147.890,3157,4515,2.250,1.540,0.860,1,0,298.777,0,0,13,85,0,29,0
17-09 04:54:48,18.994,7.997,71.977,0,0,3052096,131492,168812,4567948,7865.459,1709.448,167.946,499.839,9.997,78.974,1612,1990,2.250,1.540,0.860,1,0,94.969,0,0,13,85,0,29,0
17-09 04:54:49,22.517,5.754,72.055,0.250,0,3001004,200508,168812,4550520,12672.606,1621.229,104.079,312.237,7.005,23.017,2271,3472,2.250,1.540,0.860,3,0,47.036,0,0,13,87,0,30,0
17-09 04:54:50,21.499,3.750,73.248,0.250,0.250,3070876,130616,168812,4550540,9319.748,1457.961,8.000,0,2.000,0,1182,1489,2.150,1.530,0.860,1,0,16.000,0,0,13,88,0,27,0
17-09 04:54:51,24.534,4.006,68.345,2.003,0.250,3074236,126136,168824,4551620,11928.533,1664.307,761.055,5127.106,130.180,416.577,4480,8533,2.150,1.530,0.860,1,0,3.004,0,0,13,93,0,27,0
17-09 04:54:52,24.502,6.500,66.505,1.000,0,3030380,169820,168824,4551792,10612.743,1620.113,32.002,2520.176,2.000,214.015,3800,6617,2.150,1.530,0.860,1,0,111.008,0,0,13,92,0,28,0
17-09 04:54:53,23.443,2.993,72.572,0.249,0,3085944,129528,168820,4536864,5680.072,1454.434,0,303.256,0,20.949,1196,1986,2.150,1.530,0.860,1,0,0.998,0,0,13,95,0,28,0
17-09 04:54:54,25.310,4.009,69.164,0.501,0.251,3104380,123008,168848,4525060,11530.258,1623.839,437.033,1262.986,21.050,145.344,3127,6493,2.150,1.530,0.860,2,0,3.007,0,0,13,94,0,27,0
17-09 04:54:55,47.509,10.252,41.508,0.500,0,3145896,134096,168828,4473336,11173.112,1620.306,12.002,528.100,3.001,43.008,2379,3300,2.130,1.540,0.870,3,0,102.019,0,0,13,102,0,27,0
17-09 04:54:56,40.638,7.479,50.361,0.249,0,3160904,170772,168828,4422976,6305.565,1615.533,11.967,418.842,2.992,21.939,2121,3229,2.130,1.540,0.870,1,0,55.846,0,0,13,102,0,25,0
17-09 04:54:57,24.743,1.999,72.728,0.250,0.250,3208972,122696,168828,4422984,14541.608,1619.511,0,367.889,0,28.991,1496,2151,2.130,1.540,0.870,1,0,1.000,0,0,13,102,0,25,0
17-09 04:54:58,21.768,5.254,72.558,0,0,3203096,128540,168828,4423016,8198.600,1711.378,0,348.280,0,26.021,1493,2044,2.130,1.540,0.870,1,0,52.042,0,0,13,102,0,19,0
17-09 04:54:59,21.527,6.759,71.340,0.751,0,3151120,192640,168828,4411064,16097.395,1459.850,84.107,805.020,6.008,93.118,2746,4488,2.130,1.540,0.870,1,0,83.105,0,0,13,104,0,19,0
17-09 04:55:00,22.707,2.246,73.362,0,0,3220124,123648,168828,4411096,8296.403,1616.960,0,299.437,0,18.964,1143,1536,2.040,1.530,0.870,1,0,0,0,0,13,104,0,19,0
17-09 04:55:01,21.749,5.500,71.998,0.250,0,3199632,144100,168836,4411128,9079.737,1619.953,8.000,1355.961,2.000,80.998,1692,2343,2.040,1.530,0.870,1,0,55.998,0,0,13,106,0,19,0
17-09 04:55:02,25.759,2.751,69.274,1.250,0.250,3224352,119192,168836,4411316,14299.005,1620.567,48.017,1892.662,3.001,270.095,4381,8412,2.040,1.530,0.870,2,0,1.000,0,0,13,108,0,19,0
17-09 04:55:03,21.996,6.749,67.489,2.000,0,3194904,161104,168840,4399192,11044.122,1499.745,47.992,5799.014,2.999,430.927,4277,7369,2.040,1.530,0.870,1,0,52.991,0,0,13,107,0,21,0
17-09 04:55:04,23.505,3.251,72.266,0.250,0,3233920,122044,168840,4399236,12340.703,1620.355,32.007,704.154,2.000,56.012,2030,3262,2.040,1.530,0.870,1,0,0,0,0,13,108,0,24,0
17-09 04:55:05,38.343,7.268,51.124,1.002,0,3240836,126724,168844,4387852,11011.637,1623.928,48.116,2237.412,3.007,208.504,7234,15246,1.960,1.520,0.870,2,0,84.204,0,0,13,117,0,24,0
17-09 04:55:06,31.418,4.987,62.087,0.499,0.249,3300352,134396,168844,4321788,11277.464,1454.191,0,638.328,0,46.877,4959,9856,1.960,1.520,0.870,3,0,17.953,0,0,13,119,0,27,0
17-09 04:55:07,20.050,7.769,71.177,0.752,0.251,3274176,159440,168844,4323032,10970.294,1666.145,1279.183,1026.554,18.045,112.279,3062,4842,1.960,1.520,0.870,1,0,147.367,0,0,13,119,0,27,0
17-09 04:55:08,27.750,8.500,63.499,0.750,0,3315248,140976,168856,4300880,11615.907,1565.987,891.993,467.996,33.000,28.000,2688,11861,1.960,1.520,0.870,1,0,177.999,0,0,13,120,0,30,0
17-09 04:55:09,24.249,2.500,70.248,0.500,0,3318752,137252,168856,4301136,10232.765,1511.965,31.999,1639.962,2.000,161.996,3291,8549,1.960,1.520,0.870,1,0,0,0,0,13,120,0,30,0
17-09 04:55:10,39.033,12.010,47.790,0.751,0.250,3265512,187940,168868,4303596,14413.093,1991.671,2261.898,1909.602,69.058,146.123,6787,12879,2.200,1.580,0.890,2,0,374.314,0,0,13,121,0,29,0
17-09 04:55:11,42.206,5.994,51.197,0.250,0,3328052,125308,168868,4303688,13810.734,1686.258,0,1778.163,0,173.820,8101,16498,2.200,1.580,0.890,1,0,0,0,0,13,121,0,29,0
17-09 04:55:12,13.491,13.991,70.953,0,0.250,3280044,173268,168868,4303736,11599.379,1724.867,11.992,611.598,0.999,36.976,2949,4518,2.200,1.580,0.890,1,0,300.802,0,0,13,121,0,29,0
17-09 04:55:13,12.505,18.758,67.277,0.250,0,3278564,174040,168872,4304784,11623.719,1710.695,684.278,656.266,36.015,51.021,4506,8080,2.200,1.580,0.890,1,0,369.150,0,0,13,121,0,29,0
17-09 04:55:14,27.764,15.008,56.279,0.500,0,3307696,144748,168872,4304604,12453.463,1620.841,0,4794.488,0,413.214,5649,9802,2.200,1.580,0.890,3,0,312.162,0,0,13,121,0,29,0
17-09 04:55:15,32.510,22.007,44.263,0.500,0,3351584,130756,168868,4274980,12120.624,1596.477,4.001,4641.388,1.000,420.126,3840,5470,2.190,1.590,0.900,2,0,400.120,0,0,13,121,0,29,0
17-09 04:55:16,34.000,22.000,42.750,1.000,0,3440376,126068,168884,4193112,4837.024,1690.008,92.000,1404.007,5.000,92.000,6056,16786,2.190,1.590,0.900,3,0,216.001,0,0,15,135,0,30,0
17-09 04:55:17,55.500,23.250,20.500,0.500,0,3553224,130244,168888,4078536,4892.034,1566.011,48.000,5412.038,4.000,432.003,4384,6623,2.190,1.590,0.900,3,0,650.005,0,0,15,135,0,30,0
17-09 04:55:18,60.983,19.245,19.495,0,0,3639860,124828,168788,3999456,12271.564,1689.527,63.982,6386.212,2.999,499.860,8439,22737,2.190,1.590,0.900,3,0,266.925,0,0,15,151,0,30,0
17-09 04:55:19,38.250,20.250,40.751,0,0.250,3714992,131844,168788,3919284,8844.115,1662.022,0,364.005,0,8.000,3793,5968,2.190,1.590,0.900,2,0,591.008,0,0,15,151,0,30,0
17-09 04:55:20,20.220,19.720,59.910,0,0,3736144,131900,168796,3898816,12761.832,1617.570,0,231.652,0,15.976,4398,7579,2.090,1.580,0.900,1,0,408.387,0,0,16,151,0,30,0
17-09 04:55:21,25.542,17.279,55.091,0.501,0.250,3778120,119220,168796,3869844,12626.860,1604.651,0,4383.241,0,230.381,6104,10402,2.090,1.580,0.900,2,0,337.558,0,0,16,151,0,30,0
17-09 04:55:22,36.479,18.489,43.475,0.250,0,3831032,131024,168800,3806620,14725.371,1565.083,0,343.799,0,31.981,4031,6291,2.090,1.580,0.900,3,0,382.776,0,0,16,153,0,30,0
17-09 04:55:23,37.519,25.013,34.768,0,0.250,3942488,121196,168804,3705204,12059.078,1714.864,732.369,800.403,10.005,50.025,6042,13311,2.090,1.580,0.900,2,0,508.256,0,0,16,167,0,30,0
17-09 04:55:24,30.505,24.004,44.507,0,0.250,4007688,124168,168812,3638216,5200.827,1582.252,52.008,300.048,4.001,22.003,4307,7030,2.090,1.580,0.900,4,0,681.108,0,0,16,169,0,30,0
17-09 04:55:25,19.167,21.656,55.758,1.494,0,4054720,123576,168816,3592832,11380.642,1559.238,0,8403.554,0,660.137,7473,12350,2,1.570,0.900,1,0,424.160,0,0,16,173,0,30,0
17-09 04:55:26,30.865,15.558,53.700,0,0,4106052,129420,168816,3536684,13823.437,1626.051,16.060,397.479,1.004,29.108,4675,9145,2,1.570,0.900,2,0,155.579,0,0,16,179,0,30,0
17-09 04:55:27,47.769,5.002,46.519,0,0,4226928,131988,168816,3415928,5512.238,1512.614,4.002,288.117,1.000,24.010,1707,2355,2,1.570,0.900,3,0,2.001,0,0,16,179,0,30,0
17-09 04:55:28,38.979,5.497,53.721,0.500,0.250,4183648,236112,168828,3356356,11895.517,1565.147,1247.320,447.756,22.987,38.979,2311,3320,2,1.570,0.900,1,0,10.994,0,0,16,182,0,30,0
17-09 04:55:29,36.532,24.271,40.035,0.250,0,4251568,175084,168844,3349572,12410.971,1621.433,104.092,360.319,6.005,22.019,5397,10674,2,1.570,0.900,4,0,574.508,0,0,16,183,0,30,0
17-09 04:55:30,42.738,19.495,35.990,0.250,0,4248612,182168,168868,3345744,14316.063,1511.584,2683.262,727.800,49.986,45.987,6499,13361,2,1.570,0.910,24,0,408.888,0,0,16,195,0,30,0
17-09 04:55:31,67.227,19.243,11.996,0.250,0,4378216,125700,168884,3274320,10356.386,1655.422,139.951,9352.736,7.997,575.799,4180,6714,2,1.570,0.910,4,0,168.941,0,0,16,202,0,31,0
17-09 04:55:32,79.441,15.888,2.234,0.248,0,4450788,144796,168920,3184036,6661.165,1608.689,1306.812,5413.935,35.749,305.850,4001,6957,2,1.570,0.910,6,0,68.518,0,0,16,214,0,33,0
17-09 04:55:33,72.085,17.643,8.570,0.252,0,4449184,203760,168984,3127332,10639.403,1469.937,387.144,13775.874,17.139,518.208,7087,13386,2,1.570,0.910,4,0,182.482,0,0,16,219,0,39,0
17-09 04:55:34,47.802,25.759,23.034,0,0,4503596,140916,168996,3136192,14342.624,1604.963,1117.530,451.767,19.814,26.749,9467,18848,2,1.570,0.910,27,0,540.932,0,0,16,221,0,39,0
17-09 04:55:35,54.470,20.426,24.209,0.757,0,4529292,118336,169000,3132764,7920.393,1634.111,117.010,14424.556,2.017,560.843,12379,22868,2,1.580,0.910,4,0,344.979,0,0,16,221,0,39,0
17-09 04:55:36,55.748,20.499,21.749,0.750,0.250,4547372,176632,169000,3057308,11549.688,1661.955,579.984,2635.929,47.999,426.988,5368,8777,2,1.580,0.910,4,0,370.990,0,0,16,221,0,39,0
17-09 04:55:37,62.492,23.997,13.498,0.250,0.250,4648416,131208,169020,3001632,8933.892,1619.799,831.897,923.885,51.994,55.993,7820,16512,2,1.580,0.910,3,0,395.951,0,0,16,225,0,41,0
17-09 04:55:38,55.879,22.451,19.208,0.748,0,4692908,122408,168940,2967080,12834.163,1508.728,267.420,6813.222,22.950,583.734,7825,14390,2,1.580,0.910,3,0,345.251,0,0,16,231,0,42,0
17-09 04:55:39,64.370,13.275,21.540,0,0.250,4760696,145448,168220,2878688,8312.519,1623.030,232.434,6327.814,18.034,569.062,5769,9561,2,1.580,0.910,3,0,178.333,0,0,16,237,0,43,0
17-09 04:55:40,70.727,7.720,20.919,0.747,0.249,4905996,123252,167920,2759116,6161.205,1613.768,1020.061,1259.137,57.777,147.431,3547,6138,2.080,1.610,0.920,5,0,4.981,0,0,16,249,0,45,2
17-09 04:55:41,62.508,15.062,22.091,0.502,0,4891696,148108,167856,2748916,14673.455,1733.141,1377.676,1855.645,77.319,224.927,6979,12218,2.080,1.610,0.920,3,0,243.001,0,0,16,251,0,50,2
17-09 04:55:42,46.965,23.982,25.731,0.500,0,4863416,171844,167956,2753692,12046.086,1618.802,4872.394,2125.427,107.920,121.910,5775,11512,2.080,1.610,0.920,2,0,571.577,0,0,16,252,0,50,2
17-09 04:55:43,65.480,18.994,14.746,0.250,0,4947076,129120,167516,2713280,15380.417,1511.550,659.803,907.729,23.993,61.982,4365,10401,2.080,1.610,0.920,5,0,216.935,0,0,17,252,0,41,2
17-09 04:55:44,84.078,11.511,3.503,0.751,0,5053860,127828,166116,2610664,8612.976,1621.502,2610.417,512.475,151.140,20.019,2360,3035,2.080,1.610,0.920,4,0,28.026,0,0,17,255,0,41,2
17-09 04:55:45,76.959,15.742,5.247,1.249,0,5079524,157940,165364,2557156,7407.022,1565.160,1251.328,8339.522,64.965,742.601,5090,8286,2.240,1.650,0.940,3,0,68.963,0,0,17,256,0,42,2
17-09 04:55:46,40.859,14.450,43.101,0.498,0,5125752,134872,164980,2534888,12925.253,2540.206,805.212,609.889,8.969,47.834,3062,4677,2.240,1.650,0.940,5,0,170.410,0,0,17,257,0,43,2
17-09 04:55:47,22.778,6.758,68.584,0.250,0.250,5082916,177632,164996,2534948,18621.886,3659.498,556.684,560.689,9.011,38.047,2434,3604,2.240,1.650,0.940,2,0,45.055,0,0,17,262,0,40,2
17-09 04:55:48,19.788,5.260,74.144,0,0,5074236,186104,165004,2535148,353107.795,10853.109,769.497,296.577,6.012,15.029,2056,2590,2.240,1.650,0.940,2,0,9.018,0,0,17,261,0,40,2
17-09 04:55:49,22.228,6.993,70.930,0,0.250,5077104,181168,165032,2537188,2110090.231,58424.277,831.179,403.601,12.987,26.973,4499,5856,2.240,1.650,0.940,2,0,9.990,0,0,17,266,0,39,2
17-09 04:55:50,17.267,5.506,73.574,1.001,0.250,5089440,166264,165080,2539708,2464502.289,53838.161,512.516,3103.122,4.004,202.203,5642,6324,2.140,1.630,0.940,2,0,6.006,0,0,17,270,0,39,2
17-09 04:55:51,5.981,2.492,88.226,0.748,0.249,5089628,163940,165080,2541844,2457292.278,54452.707,15.950,530.351,0.997,52.836,4806,5133,2.140,1.630,0.940,3,0,1.994,0,0,17,274,0,39,2
17-09 04:55:52,4.002,2.001,91.535,0,0.250,5088956,162184,165080,2544272,2468812.742,54340.486,0,284.107,0,20.008,4490,4419,2.140,1.630,0.940,0,0,0,0,0,17,274,0,39,2
17-09 04:55:53,4.998,1.499,91.216,0.250,0,5087484,161288,165080,2546640,2464332.661,54863.755,0,615.773,0,39.985,4040,4542,2.140,1.630,0.940,0,0,0,0,0,17,274,0,38,2
17-09 04:55:54,4.751,1.250,90.510,0,0,5086764,159720,165080,2548928,2469200.143,54707.963,0,104.011,0,12.001,4371,4610,2.140,1.630,0.940,0,0,0,0,0,17,274,0,38,2
17-09 04:55:55,7.016,7.517,83.691,0.251,0,5096640,145448,165084,2553320,2465100.499,38435.556,2076.731,76.174,24.055,7.016,4576,4951,2.050,1.620,0.940,1,0,155.354,0,0,17,279,0,37,0
17-09 04:55:56,20.270,6.757,69.817,1.501,0.250,5127440,128588,164884,2539960,5220.043,1567.514,40.039,9989.650,2.002,585.566,3011,3486,2.050,1.620,0.940,1,0,107.103,0,0,17,279,0,37,0
17-09 04:55:57,25.414,4.236,69.764,0.997,0,5136816,130128,164716,2529496,11937.603,1560.719,354.799,721.558,19.933,69.764,3676,6775,2.050,1.620,0.940,1,0,0.997,0,0,17,284,0,39,0
17-09 04:55:58,25.500,3.750,68.749,0.250,0,5151372,120828,164548,2524712,12816.885,1619.985,79.999,499.996,5.000,47.000,3904,7378,2.050,1.620,0.940,1,0,3.000,0,0,17,288,0,41,0
17-09 04:55:59,13.759,16.010,68.793,0,0.250,5089248,172504,164548,2535160,8676.405,1621.010,264.165,536.334,11.007,39.024,3608,5743,2.050,1.620,0.940,2,0,373.233,0,0,17,285,0,43,0
17-09 04:56:00,23.825,4.765,70.222,0.251,0,5149848,133764,164240,2514196,17564.521,1570.966,0,425.345,0,41.130,2147,3239,1.960,1.610,0.940,1,0,94.298,0,0,17,289,0,43,0
17-09 04:56:01,11.984,16.228,70.655,0,0,5098028,186692,164232,2513192,15793.805,1617.829,3.995,275.630,0.999,17.976,3054,4554,1.960,1.610,0.940,1,0,293.606,0,0,17,289,0,43,0
17-09 04:56:02,9.483,17.718,71.372,0.250,0,5095056,189496,164232,2513360,15699.882,1617.104,99.821,12932.837,9.982,87.843,3632,5622,1.960,1.610,0.940,0,0,376.326,0,0,17,289,0,43,0
17-09 04:56:03,3.248,1.249,94.194,0,0,5101964,182588,164232,2513360,8467.995,1565.075,0,115.931,0,12.992,1365,2190,1.960,1.610,0.940,1,0,8.995,0,0,17,289,0,41,0
17-09 04:56:04,23.250,4.000,70.751,0.750,0,5163424,132132,164056,2502704,5676.051,1566.014,0,17944.161,0,334.003,1886,2330,1.960,1.610,0.940,2,0,0,0,0,17,290,0,41,0
17-09 04:56:05,13.553,14.808,70.275,0,0.251,5095908,199684,164064,2502780,12777.962,1572.147,333.303,168.659,25.098,15.059,2926,4376,1.890,1.600,0.940,2,0,189.742,0,0,17,295,0,38,0
17-09 04:56:06,12.744,16.242,69.966,0,0.250,5098248,196580,164064,2503544,11472.470,1565.246,27.987,0,4.998,0,3057,4783,1.890,1.600,0.940,2,0,240.884,0,0,17,295,0,38,0
17-09 04:56:07,15.694,12.206,69.998,0.249,0.249,5122600,171860,164064,2503912,7572.768,1506.582,3.986,71.742,0.996,5.979,2501,3860,1.890,1.600,0.940,2,0,170.387,0,0,17,295,0,35,0
17-09 04:56:08,24.596,3.765,70.275,1.004,0,5178144,133892,163720,2486828,13615.208,1626.356,164.643,2433.510,7.027,342.338,2151,2263,1.890,1.600,0.940,4,0,9.035,0,0,17,295,0,35,0
17-09 04:56:09,30.149,3.987,64.284,0.747,0,5200644,134976,163336,2464304,8027.029,1560.756,633.870,1487.004,46.843,178.401,2983,12325,1.890,1.600,0.940,4,0,29.900,0,0,17,299,0,33,0
17-09 04:56:10,25.011,3.251,71.030,0,0.250,5147268,188316,163340,2464336,16751.186,1554.667,36.015,356.153,5.002,30.013,1780,2560,1.810,1.590,0.940,3,0,5.002,0,0,17,297,0,33,0
17-09 04:56:11,24.758,3.751,70.773,0,0,5198376,137188,163340,2464368,16571.336,1620.522,0,76.024,0,6.002,1909,2886,1.810,1.590,0.940,1,0,3.001,0,0,17,300,0,33,0
17-09 04:56:12,25.721,3.246,70.172,0,0,5131876,203672,163340,2464384,9434.471,1510.314,0,291.674,0,22.974,1889,2756,1.810,1.590,0.940,2,0,17.980,0,0,17,297,0,33,0
17-09 04:56:13,25.495,2.250,71.735,0,0,5162108,173432,163352,2464380,13234.181,1565.667,0,215.954,0,20.996,1654,2196,1.810,1.590,0.940,2,0,1.000,0,0,17,297,0,33,0
17-09 04:56:14,11.022,17.534,70.388,0.250,0.501,5102224,232048,163356,2465644,9109.901,1623.190,1494.938,336.662,19.037,9.018,3371,5225,1.810,1.590,0.940,2,0,404.795,0,0,17,297,0,33,0
17-09 04:56:15,17.219,10.730,71.620,0.499,0,5123608,210360,163356,2465948,10214.400,1509.252,339.382,203.629,19.964,15.971,2453,3750,1.750,1.580,0.940,1,0,178.675,0,0,17,297,0,33,0
17-09 04:56:16,23.834,4.014,69.747,0,0,5151824,181692,163456,2466300,13435.548,1641.810,421.492,92.327,34.121,4.014,9711,19353,1.750,1.580,0.940,1,0,10.036,0,0,17,297,0,33,0
17-09 04:56:17,19.180,2.989,77.469,0,0,5132452,200792,163468,2466560,13660.399,4454.825,19.928,195.291,4.982,4.982,1638,2506,1.750,1.580,0.940,0,0,6.975,0,0,17,298,0,33,0
17-09 04:56:18,25.501,3.250,69.503,0.250,0,5166260,165300,163572,2468092,12826.552,1686.073,4.000,544.023,1.000,15.001,9992,20008,1.750,1.580,0.940,1,0,7.000,0,0,17,298,0,32,0
17-09 04:56:19,22.838,4.768,71.023,1.255,0.251,5207792,128680,163504,2463248,8351.152,1668.423,36.139,3638.006,2.008,332.279,2248,2539,1.750,1.580,0.940,1,0,8.031,0,0,17,298,0,32,0
17-09 04:56:20,19.683,2.741,76.242,0.249,0,5206872,132768,163804,2459312,12339.207,3737.342,199.325,1048.449,40.862,110.625,1800,2489,1.690,1.570,0.940,2,0,0,0,0,17,301,0,32,0
17-09 04:56:21,23.301,4.009,71.908,0,0,5207968,131424,163916,2459252,14128.053,1743.833,0,1214.670,0,26.057,1602,2105,1.690,1.570,0.940,1,0,6.013,0,0,17,300,0,32,0
17-09 04:56:22,19.197,2.742,76.288,0.748,0,5205768,131364,164272,2460472,18875.564,4554.348,19.945,2963.767,3.989,156.565,1729,2118,1.690,1.570,0.940,2,0,0.997,0,0,17,301,0,32,0
17-09 04:56:23,24.816,5.013,69.936,0.251,0,5180688,155864,164476,2460560,16367.456,1893.026,0,1038.758,0,20.053,9185,18076,1.690,1.570,0.940,1,0,14.037,0,0,17,300,0,32,0
17-09 04:56:24,22.690,6.732,69.318,0,0,5198168,138228,164528,2460632,11048.930,1561.891,0,83.780,0,0.997,9332,18430,1.690,1.570,0.940,1,0,18.950,0,0,17,300,0,32,0
17-09 04:56:25,16.308,11.792,71.252,0,0.251,5107844,243112,164548,2447712,14075.786,1800.368,0,566.002,0,10.035,2542,4019,1.630,1.560,0.940,2,0,200.710,0,0,17,299,0,32,0
17-09 04:56:26,23.754,3.751,71.512,0,0.250,5170224,180536,164548,2447908,10411.770,1620.275,0,0,0,0,1813,2683,1.630,1.560,0.940,1,0,65.011,0,0,17,299,0,32,0
17-09 04:56:27,21.938,7.229,70.300,0,0,5133604,217096,164548,2447968,6719.875,1615.403,23.932,889.469,1.994,26.923,2351,3783,1.630,1.560,0.940,1,0,112.679,0,0,17,299,0,34,0
17-09 04:56:28,24.052,5.011,69.902,0.251,0,5100300,250376,164552,2447988,5277.463,1569.409,0,260.566,0,24.052,2103,3334,1.630,1.560,0.940,1,0,47.102,0,0,17,299,0,34,0
17-09 04:56:29,26.662,4.734,67.277,0,0,5164144,186172,164552,2448348,13712.598,1560.832,111.630,255.155,3.987,21.927,3080,5241,1.630,1.560,0.940,1,0,24.917,0,0,17,299,0,34,0
17-09 04:56:30,26.603,5.270,67.762,0.251,0.251,5140684,209556,164600,2448376,9538.868,1626.286,0,397.536,0,38.147,2410,3777,1.580,1.550,0.940,1,0,56.217,0,0,17,299,0,34,0
17-09 04:56:31,23.722,3.746,70.416,0,0,5107952,242268,164604,2448392,11102.710,1564.128,0,163.804,0,11.986,2017,2887,1.580,1.550,0.940,2,0,30.963,0,0,17,299,0,36,0
17-09 04:56:32,24.530,3.504,70.836,0,0.250,5169856,180276,164612,2448472,11779.265,1621.964,0,140.170,0,9.011,1698,2367,1.580,1.550,0.940,1,0,1.001,0,0,17,299,0,33,0
17-09 04:56:33,23.166,4.484,70.743,0.249,0,5148736,201364,164620,2448496,11165.492,1614.144,0,569.932,0,47.826,2176,3261,1.580,1.550,0.940,2,0,46.830,0,0,17,299,0,33,0
17-09 04:56:34,23.513,4.753,70.540,0,0,5125360,224720,164624,2448512,7115.992,1620.909,0,188.106,0,10.006,1864,2660,1.580,1.550,0.940,1,0,32.018,0,0,17,299,0,30,0
17-09 04:56:35,24.264,3.502,72.290,0,0,5178024,172052,164624,2448516,4762.662,1620.906,0,116.065,0,8.004,1594,2443,1.540,1.540,0.940,1,0,2.001,0,0,17,300,0,30,0
17-09 04:56:36,21.987,5.996,70.707,0.250,0,5153404,196504,164636,2448672,5042.919,1565.044,0,623.619,0,51.968,2150,3582,1.540,1.540,0.940,1,0,88.946,0,0,17,299,0,30,0
17-09 04:56:37,23.490,3.998,70.471,0,0,5122688,227196,164644,2448688,13666.369,1565.355,0,167.931,0,18.992,2011,3028,1.540,1.540,0.940,1,0,46.981,0,0,17,299,0,31,0
17-09 04:56:38,25.066,3.008,71.689,0.501,0,5175280,174584,164652,2448700,9264.458,1624.288,0,2141.654,0,339.897,2197,2523,1.540,1.540,0.940,1,0,0,0,0,17,301,0,28,0
17-09 04:56:39,24.006,3.501,72.268,0.500,0,5162960,186856,164664,2448736,11207.780,1566.388,36.009,2276.565,3.001,131.032,2216,3377,1.540,1.540,0.940,1,0,14.003,0,0,17,299,0,28,0
17-09 04:56:40,28.420,4.238,65.067,0.748,0,5114452,234904,164756,2449104,11478.653,1615.448,159.550,2672.469,12.963,262.261,4863,8726,1.490,1.530,0.950,1,0,5.983,0,0,17,301,0,27,0
17-09 04:56:41,24.444,3.243,70.340,0,0,5178436,170896,164756,2449128,12380.772,1562.438,0,183.581,0,7.982,1619,2329,1.490,1.530,0.950,3,0,0,0,0,17,303,0,27,0
17-09 04:56:42,23.890,8.047,68.149,1.006,0,5110120,239008,164836,2449252,8525.979,1520.916,80.472,1440.444,6.035,184.079,4807,8163,1.490,1.530,0.950,1,0,124.731,0,0,17,301,0,20,0
17-09 04:56:43,10.742,21.484,67.200,0,0,5116516,232576,164844,2449280,5155.185,1618.802,0,587.565,0,44.967,3764,6270,1.490,1.530,0.950,2,0,489.638,0,0,17,301,0,20,0
17-09 04:56:44,10.504,21.259,67.027,0,0,5122912,226144,164856,2449304,12747.150,1620.655,0,544.220,0,39.016,4004,6479,1.490,1.530,0.950,1,0,541.219,0,0,17,303,0,20,0
17-09 04:56:45,10.750,20.250,66.501,0.500,0,5124012,225004,164884,2449316,11149.123,1458.016,0,2164.024,0,137.002,4085,6660,1.530,1.540,0.950,1,0,469.005,0,0,17,303,0,20,0
17-09 04:56:46,7.756,23.017,67.800,0,0.500,5127176,221780,164896,2449364,5657.192,1621.201,0,272.202,0,30.022,4056,6861,1.530,1.540,0.950,1,0,619.459,0,0,17,303,0,18,0
17-09 04:56:47,10.245,20.991,68.219,0,0,5126984,221928,164904,2449400,13657.881,1619.275,0,183.918,0,18.991,4309,7308,1.530,1.540,0.950,1,0,643.712,0,0,17,303,0,18,0
17-09 04:56:48,9.742,21.983,68.447,0,0.250,5125040,223832,164904,2449440,13763.333,1456.871,0,35.972,0,8.993,3983,6519,1.530,1.540,0.950,1,0,593.540,0,0,17,303,0,18,0
17-09 04:56:49,14.013,13.263,71.318,0,0,5143208,307120,164924,2358632,13204.584,1621.545,144.137,24.023,18.017,3.003,2621,3976,1.530,1.540,0.950,1,0,217.207,0,0,17,303,0,18,0
17-09 04:56:50,22.667,6.476,68.250,1.245,0.249,5164716,269104,164940,2374060,13149.911,1614.097,338.761,3523.116,48.821,31.883,11983,23554,1.490,1.530,0.950,2,0,5.978,0,0,17,303,0,18,0
17-09 04:56:51,16.490,1.999,79.201,0.250,0,5176476,256284,164976,2374856,15701.265,7378.425,139.913,1043.353,14.991,22.986,1505,2283,1.490,1.530,0.950,1,0,2.998,0,0,17,304,0,18,0
17-09 04:56:52,16.007,2.001,80.037,1.000,0.250,5180824,250740,165056,2376040,30859.226,12729.868,920.424,1676.773,53.024,75.035,2072,2900,1.490,1.530,0.950,1,0,0,0,0,17,304,0,18,0
17-09 04:56:53,17.503,1.250,79.764,1.000,0,5201560,228816,165132,2377260,24785.362,11227.976,1112.196,4880.859,51.009,187.033,2011,2441,1.490,1.530,0.950,2,0,0,0,0,17,304,0,18,0
17-09 04:56:54,18.755,1.750,78.021,0.750,0,5207576,222040,165212,2377956,20906.540,13032.454,584.155,2860.758,45.012,316.084,2110,2636,1.490,1.530,0.950,0,0,1.000,0,0,17,304,0,18,0
17-09 04:56:55,17.499,1.250,80.746,0.750,0,5215756,212968,165276,2378788,29063.576,12099.407,651.968,1283.937,46.998,54.997,1612,2604,1.450,1.520,0.950,1,0,0,0,0,17,304,0,18,0
17-09 04:56:56,21.067,4.514,71.477,1.756,0,5231960,152724,165276,2421116,12914.067,1709.436,14754.921,2295.299,164.523,84.268,1992,3086,1.450,1.520,0.950,1,0,2.006,0,0,17,304,0,18,0
17-09 04:56:57,23.668,2.990,72.001,0.249,0,5228144,131832,165276,2444180,16509.876,1614.414,0,1973.173,0,71.752,1891,3012,1.450,1.520,0.950,2,0,0.997,0,0,17,304,0,18,0
17-09 04:56:58,22.088,4.267,71.032,1.757,0.251,5221008,126832,165412,2454228,14830.923,1626.462,0,5566.114,0,250.997,2259,3683,1.450,1.520,0.950,2,0,1.004,0,0,17,304,0,18,0
17-09 04:56:59,28.708,5.242,65.154,0.499,0,5234640,140156,164960,2427096,6705.143,1791.367,0,2120.882,0,71.894,1703,2641,1.450,1.520,0.950,1,0,2.996,0,0,17,303,0,12,0
17-09 04:57:00,39.147,9.475,49.371,0.249,0,5178020,196400,164960,2427408,14094.031,1615.762,1196.861,1009.352,13.963,30.919,2070,2854,1.410,1.520,0.950,2,0,13.963,0,0,17,303,0,12,0
17-09 04:57:01,23.746,4.249,71.239,0,0,5164340,204036,165104,2432924,16026.628,3885.425,255.962,1015.850,2.000,13.998,1588,2195,1.410,1.520,0.950,1,0,4.999,0,0,17,303,0,12,0
17-09 04:57:02,20.005,3.501,75.770,0.250,0,5183104,184128,165144,2433796,12606.379,3477.932,32.009,800.214,1.000,32.009,1768,2691,1.410,1.520,0.950,3,0,6.002,0,0,17,304,0,12,0
17-09 04:57:03,24.331,6.772,67.725,0.251,0,5173436,186352,165532,2439892,14669.703,2642.774,0,60039.331,0,372.236,9726,18222,1.410,1.520,0.950,1,0,11.037,0,0,17,303,0,12,0
17-09 04:57:04,25.506,4.501,69.265,0,0,5170304,189140,165596,2440108,12036.624,1620.353,0,276.060,0,5.001,8708,17030,1.410,1.520,0.950,2,0,13.003,0,0,17,303,0,12,0
17-09 04:57:05,22.179,3.987,71.522,0.249,0,5135228,237884,165636,2427652,14701.147,1614.853,0,1650.739,0,13.956,1747,2491,1.380,1.510,0.950,1,0,10.965,0,0,17,303,0,12,0
17-09 04:57:06,23.498,4.250,71.745,0,0,5148232,224096,165660,2428572,13501.068,1619.888,0,4.000,0,1.000,1948,3078,1.380,1.510,0.950,2,0,50.996,0,0,17,303,0,12,0
17-09 04:57:07,24.842,5.270,69.759,0,0.251,5176672,195584,165660,2428644,7535.981,1626.037,0,883.280,0,7.026,9390,18621,1.380,1.510,0.950,2,0,11.041,0,0,17,303,0,12,0
17-09 04:57:08,19.242,2.249,76.217,0.250,0.500,5171956,194100,165660,2434300,18228.016,3884.299,0,1679.264,0,168.926,1843,2151,1.380,1.510,0.950,1,0,3.998,0,0,17,303,0,12,0
17-09 04:57:09,23.660,4.981,70.731,0,0,5188656,176660,165660,2434976,14187.944,3463.803,3.985,0,0.996,0,2083,4667,1.380,1.510,0.950,4,0,38.852,0,0,17,304,0,12,0
17-09 04:57:10,24.094,4.518,68.768,0.502,0,5180292,177888,165672,2441076,15819.697,2752.736,0,1758.860,0,46.180,9207,18661,1.350,1.500,0.950,1,0,11.043,0,0,17,303,0,12,0
17-09 04:57:11,21.918,7.472,68.494,0.249,0,5182552,175356,165680,2441292,10139.110,1613.969,0,534.004,0,8.966,8426,16812,1.350,1.500,0.950,1,0,15.940,0,0,17,303,0,12,0
17-09 04:57:12,23.254,4.751,71.012,0.250,0,5151396,220612,165708,2428668,16215.740,1620.274,12.002,1604.271,3.001,62.010,2184,3286,1.350,1.500,0.950,1,0,9.002,0,0,17,303,0,12,0
17-09 04:57:13,24.757,3.001,71.270,0,0,5163292,208712,165708,2428672,11597.247,1620.454,0,304.085,0,21.006,1724,2530,1.350,1.500,0.950,2,0,9.003,0,0,17,303,0,12,0
17-09 04:57:14,21.553,8.020,69.671,0,0,5142376,217600,165708,2439932,4942.153,1623.993,0,212.523,0,9.022,9556,18427,1.350,1.500,0.950,1,0,98.242,0,0,17,303,0,12,0
17-09 04:57:15,24.208,2.745,71.624,0.250,0,5168580,186532,165708,2444160,6821.043,1617.165,0,1145.991,0,8.984,1421,2175,1.320,1.490,0.950,1,0,3.993,0,0,17,303,0,12,0
17-09 04:57:16,15.483,1.249,81.909,0.250,0.250,5183476,171216,165708,2444516,28083.715,10745.030,0,1306.545,0,31.964,1564,2270,1.320,1.490,0.950,1,0,0.999,0,0,17,304,0,12,0
17-09 04:57:17,10.506,1.251,86.047,0.500,0,5183872,170460,165720,2444816,83340.170,17802.649,0,1796.974,0,63.034,1859,2708,1.320,1.490,0.950,0,0,0,0,0,17,305,0,12,0
17-09 04:57:18,12.995,1.499,83.965,0.500,0,5207768,146296,165748,2444988,106880.896,10384.618,0,1615.318,0,138.941,1773,2246,1.320,1.490,0.950,1,0,0,0,0,17,305,0,12,0
17-09 04:57:19,17.997,3.999,76.989,1.000,0,5204500,143788,165764,2450696,26896.992,13725.955,2191.673,1279.809,55.992,44.993,1946,2837,1.320,1.490,0.950,0,0,1.000,0,0,17,305,1,12,0
17-09 04:57:20,15.247,2.000,80.735,0.500,0.250,5217564,130208,165816,2451080,282736.108,20615.289,0,2207.603,0,100.982,2228,3201,1.300,1.480,0.950,0,0,0,0,0,17,305,1,12,0
17-09 04:57:21,11.257,1.251,84.551,1.501,0,5218140,129004,165964,2451456,129676.547,19600.721,196.117,4606.755,11.007,236.141,2422,3823,1.300,1.480,0.950,1,0,0,0,0,17,305,1,12,0
17-09 04:57:22,11.741,1.998,84.434,0.250,0,5194944,153860,165828,2449956,346869.401,21554.123,7.994,5399.772,1.998,123.903,2085,2679,1.300,1.480,0.950,0,0,0.999,0,0,17,305,1,12,0
17-09 04:57:23,4.000,1.250,93.753,0,0,5195052,151704,165828,2452004,1176476.824,51659.705,0,248.008,0,17.001,2983,2946,1.300,1.480,0.950,0,0,0,0,0,17,305,1,12,0
17-09 04:57:24,5.000,1.500,89.754,0.500,0,5195408,147016,165852,2456316,2385132.872,54688.680,0,2788.137,0,70.003,4481,4591,1.300,1.480,0.950,0,0,1.000,0,0,17,305,1,12,0
17-09 04:57:25,4.762,2.005,90.234,0.501,0.251,5201064,136696,165888,2460880,2161617.752,47360.712,0,4575.856,0,35.091,4051,4295,1.190,1.460,0.950,0,0,1.003,0,0,17,305,1,12,0
17-09 04:57:26,5.007,1.752,91.627,0,0,5202928,130384,165888,2465312,2513154.772,54866.209,0,0,0,0,4334,4485,1.190,1.460,0.950,0,0,2.003,0,0,17,305,1,12,0
17-09 04:57:27,4.234,3.487,88.914,0.249,0,5202448,133288,165780,2463044,2455025.548,51574.995,0,55657.559,0,486.162,5381,4896,1.190,1.460,0.950,0,0,0.996,0,0,17,305,1,10,0
17-09 04:57:28,5.752,2.251,90.025,0.250,0,5202892,129032,165780,2466864,2468553.601,54415.400,0,276.078,0,32.009,4810,5236,1.190,1.460,0.950,1,0,1.000,0,0,17,305,1,10,0
17-09 04:57:29,3.501,1.251,91.289,0,0.250,5201916,136292,165612,2461140,2464581.983,54731.206,0,0,0,0,4641,4525,1.190,1.460,0.950,0,0,0,0,0,17,305,2,10,0
17-09 04:57:30,10.245,3.748,84.957,0.999,0.250,5202652,134080,165536,2462952,2593623.814,30513.621,163.917,13545.173,3.998,105.947,3535,4138,1.100,1.430,0.940,1,0,0.999,0,0,17,305,2,10,0
17-09 04:57:31,24.778,5.757,67.576,1.001,0,5212204,130488,167968,2452748,12898.575,1567.772,0,5706.448,0,116.131,3224,5760,1.100,1.430,0.940,3,0,2.002,0,0,17,305,2,8,0
17-09 04:57:32,27.721,3.996,68.429,0.749,0.250,5218384,134816,168040,2441784,13176.415,1692.255,0,12575.035,0,216.777,2501,3322,1.100,1.430,0.940,1,0,0,0,0,17,305,2,8,0
17-09 04:57:33,24.484,4.997,68.955,1.499,0,5205632,131960,168768,2455536,5373.475,1511.009,0,3365.792,0,127.916,2384,3670,1.100,1.430,0.940,1,0,0,0,0,17,305,2,10,0
17-09 04:57:34,21.263,5.753,71.293,1.001,0,5207336,167096,169676,2415716,12390.484,1779.075,0,2993.808,0,100.060,1890,2862,1.100,1.430,0.940,2,0,0,0,0,17,305,2,10,0
17-09 04:57:35,23.246,4.249,70.987,0.250,0,5204044,142952,171076,2439600,8656.373,1619.695,0,2291.569,0,42.992,1617,2526,1.090,1.420,0.940,2,0,2.000,0,0,17,305,2,6,0
17-09 04:57:36,18.249,5.750,72.495,2.250,0,5202468,130328,172056,2451676,15532.944,2945.800,4.000,52984.397,1.000,610.958,3218,3679,1.090,1.420,0.940,0,0,1.000,0,0,17,306,2,6,0
17-09 04:57:37,25.015,1.751,73.543,0,0,5134380,231548,172064,2418640,10079.957,2976.759,20.012,496.293,3.002,13.008,1481,2034,1.090,1.420,0.940,1,0,2.001,0,0,17,303,2,6,0
17-09 04:57:38,20.247,4.249,75.237,0,0,5195416,170488,172068,2418660,10600.187,3657.375,0,847.855,0,18.997,1552,2150,1.090,1.420,0.940,1,0,6.999,0,0,17,304,2,5,0
17-09 04:57:39,23.331,4.265,71.999,0.251,0,5175764,182968,172436,2424984,13273.835,2026.999,0,1103.811,0,7.024,1494,2129,1.090,1.420,0.940,1,0,3.010,0,0,17,303,3,5,0
17-09 04:57:40,18.675,3.486,76.194,0.498,0,5202564,148852,172968,2430840,15517.588,4492.929,0,1721.078,0,41.832,1808,2749,1,1.400,0.940,1,0,3.984,0,0,17,303,3,4,1
17-09 04:57:41,23.255,6.751,69.015,0,0,5185356,165608,173008,2431156,5210.141,1728.379,0,308.067,0,7.002,9147,18456,1,1.400,0.940,2,0,13.003,0,0,17,303,3,4,0
17-09 04:57:42,24.506,5.501,68.265,0.500,0,5183232,167352,173064,2431432,12633.843,1694.381,4.001,2924.658,1.000,56.013,9726,19272,1,1.400,0.940,1,0,14.003,0,0,17,303,3,3,0
17-09 04:57:43,21.996,5.249,70.988,0,0,5186208,164104,173084,2431620,8416.578,1619.726,0,291.951,0,19.997,1768,2621,1,1.400,0.940,1,0,7.999,0,0,17,303,3,3,0
17-09 04:57:44,20.762,6.504,72.041,0,0,5150268,212988,173172,2419876,11795.724,1694.966,152.087,268.153,3.002,11.006,1553,2186,1,1.400,0.940,1,0,6.003,0,0,17,303,3,3,0
17-09 04:57:45,23.239,5.497,69.966,1.000,0.250,5164052,196392,173388,2422408,11061.668,1619.220,795.617,3542.293,29.986,144.930,4000,7652,1.080,1.410,0.940,2,0,1.999,0,0,17,306,3,6,0
17-09 04:57:46,23.073,9.530,64.203,2.508,0.251,5116360,243188,173496,2423196,5244.599,1536.864,541.715,5124.218,29.092,679.150,6576,11778,1.080,1.410,0.940,1,0,189.600,0,0,17,305,3,9,0
17-09 04:57:47,13.488,13.488,68.688,2.498,0.999,5095404,255632,173528,2431676,14443.871,1618.529,8400.364,635.422,279.746,39.964,3699,5545,1.080,1.410,0.940,0,1,261.762,0,0,17,305,3,11,0
17-09 04:57:48,6.233,3.989,78.540,10.223,0,5095356,245580,173668,2441640,14111.295,2631.967,10069.095,1356.376,1651.587,17.952,4850,5548,1.080,1.410,0.940,0,0,5.984,0,0,17,306,3,11,0
17-09 04:57:49,3.251,1.000,94.283,0.750,0.250,5095580,245356,173704,2441604,25517.033,3499.239,0,2156.763,0,143.051,1779,2974,1.080,1.410,0.940,0,0,0,0,0,17,306,4,11,0
17-09 04:57:50,3.500,1.250,93.500,0.250,0,5095560,245132,173752,2441768,63419.063,5489.005,84.000,288.000,1.000,35.000,1668,2705,1.070,1.400,0.950,0,0,2.000,0,0,17,306,4,11,0
17-09 04:57:51,5.000,2.750,90.492,0.250,0.250,5083920,254492,174080,2443684,160003.240,126821.093,1991.829,467.960,34.997,5.000,1638,2283,1.070,1.400,0.950,1,0,24.998,0,0,17,305,4,11,0
17-09 04:57:52,1.750,0.250,96.264,0,0,5083896,254492,174084,2443672,19809.793,1640.231,0,596.084,0,16.002,1220,1876,1.070,1.400,0.950,0,0,0,0,0,17,305,4,11,0
17-09 04:57:53,1.499,1.000,95.459,0.500,0,5083892,254492,174100,2443660,11484.108,1619.310,0,3430.539,0,184.921,1548,2706,1.070,1.400,0.950,0,0,0,0,0,17,305,4,11,0
17-09 04:57:54,2.000,1.500,96.247,0,0,5083880,254492,174100,2443672,6083.781,1531.945,0,39.999,0,5.000,1105,1928,1.070,1.400,0.950,0,0,0,0,0,17,305,4,11,0
17-09 04:57:55,1.500,0.500,96.780,0,0,5083880,254492,174100,2443672,11641.655,1620.509,0,0,0,0,1154,1860,0.990,1.380,0.940,1,0,0,0,0,17,305,4,11,0
17-09 04:57:56,3.000,1.750,92.997,0.500,0,5083796,254492,174132,2443724,15330.571,1585.956,0,695.981,0,75.998,1769,3010,0.990,1.380,0.940,0,0,1.000,0,0,17,305,4,11,0
17-09 04:57:57,2.248,0.749,95.417,0.250,0,5084016,254268,174140,2443720,17082.173,1564.642,0,219.809,0,20.982,1410,2309,0.990,1.380,0.940,0,0,0.999,0,0,17,305,4,11,0
17-09 04:57:58,3.503,0.751,95.342,0,0.250,5084000,254268,174148,2443728,13026.518,1621.558,0,84.081,0,12.012,1473,2414,0.990,1.380,0.940,1,0,1.001,0,0,17,305,4,11,0
17-09 04:57:59,6.774,2.509,89.319,0,0,5098800,239404,174264,2443676,17251.519,1517.411,433.546,232.830,10.036,11.039,1417,2107,0.990,1.380,0.940,0,0,3.011,0,0,17,305,4,11,0
17-09 04:58:00,18.935,6.229,73.000,0.249,0,5112432,225624,174288,2443800,14563.034,1688.208,510.249,478.359,3.986,43.850,1943,2746,0.990,1.370,0.940,1,0,7.973,0,0,17,305,4,11,0
17-09 04:58:01,5.496,0.999,91.676,0,0,5095112,242960,174292,2443804,6525.727,1564.736,255.793,75.939,1.998,4.996,1292,2224,0.990,1.370,0.940,0,0,0.999,0,0,17,305,4,11,0
17-09 04:58:02,2.252,0.751,96.085,0,0.250,5095092,242976,174292,2443808,19745.455,1621.433,0,0,0,0,1363,2134,0.990,1.370,0.940,0,0,0,0,0,17,305,4,11,0
17-09 04:58:03,1.999,0.500,96.202,0,0,5095092,242976,174292,2443808,24865.493,1619.186,0,0,0,0,1274,1865,0.990,1.370,0.940,0,0,0,0,0,17,305,4,11,0
17-09 04:58:04,2.001,0.250,96.274,0,0.250,5095092,242976,174292,2443808,24765.241,1694.427,0,0,0,0,1237,1810,0.990,1.370,0.940,1,0,0,0,0,17,305,4,11,0
17-09 04:58:05,1.499,1.000,96.218,0,0,5095092,242976,174292,2443808,21777.661,1511.491,0,0,0,0,1199,1800,0.910,1.350,0.930,0,0,0,0,0,17,305,4,11,0
17-09 04:58:06,3.001,0.750,95.025,0,0.250,5095080,242976,174304,2443808,17693.707,1620.431,0,392.104,0,33.009,1458,2579,0.910,1.350,0.930,0,0,1.000,0,0,17,305,4,11,0
17-09 04:58:07,2.251,4.002,91.799,1.001,0,5097636,240324,174320,2443836,24715.247,1566.840,0,132134.824,0,1142.612,3396,4540,0.910,1.350,0.930,1,0,0,0,0,17,305,4,11,0
17-09 04:58:08,2.249,0.500,95.937,0,0,5097664,240324,174320,2443836,12716.594,1618.930,0,67.955,0,6.995,1240,2018,0.910,1.350,0.930,0,0,0,0,0,17,305,4,11,0
17-09 04:58:09,6.249,3.499,89.985,0,0,5086120,251868,174320,2443836,11713.009,1511.743,0,0,0,0,1984,3606,0.910,1.350,0.930,0,0,33.994,0,0,17,305,4,12,0
17-09 04:58:10,2.501,1.250,94.529,0.500,0.250,5085956,252032,174320,2443836,12191.804,1640.512,0,280.087,0,26.008,1383,2236,0.840,1.330,0.930,0,0,0,0,0,17,305,4,11,0
17-09 04:58:11,1.748,0.999,95.914,0.250,0,5085860,252128,174320,2443836,22274.020,1618.548,0,35.968,0,3.996,1304,2113,0.840,1.330,0.930,0,0,0,0,0,17,305,4,11,0
17-09 04:58:12,2.251,0.500,95.793,0.250,0,5085856,252128,174320,2443840,19762.854,1512.678,0,388.174,0,26.012,1464,2354,0.840,1.330,0.930,0,0,1.000,0,0,17,305,4,11,0
17-09 04:58:13,2.250,0.750,95.766,0,0,5085852,252128,174320,2443844,27775.639,1566.262,0,64.011,0,9.002,1432,2142,0.840,1.330,0.930,0,0,1.000,0,0,17,305,4,11,0
17-09 04:58:14,1.250,0.500,96.251,0,0,5085852,252128,174320,2443844,18452.221,1512.018,0,0,0,0,1140,1768,0.840,1.330,0.930,0,0,0,0,0,17,305,4,11,0
17-09 04:58:15,2.749,0.750,96.460,0,0,5085852,252128,174320,2443844,14333.994,1565.344,0,175.926,0,10.995,1137,1799,0.770,1.310,0.920,1,0,0,0,0,17,305,4,11,0
17-09 04:58:16,2.250,1.000,95.762,0.250,0,5086332,251624,174320,2443868,26366.190,1512.183,16.002,364.044,1.000,31.004,1471,2467,0.770,1.310,0.920,0,0,1.000,0,0,17,305,4,11,0
17-09 04:58:17,2.249,0.750,95.978,0,0.500,5086972,250952,174320,2443868,20748.332,1739.609,0,2223.500,0,9.998,1336,1977,0.770,1.310,0.920,0,0,0,0,0,17,305,4,11,0
17-09 04:58:18,2.001,1.001,96.563,0,0,5087076,250952,174320,2443868,25623.655,1567.019,0,272.177,0,4.003,1320,1932,0.770,1.310,0.920,0,0,0,0,0,17,305,4,11,0
17-09 04:58:19,1.999,0.500,95.970,0,0,5087076,250952,174320,2443868,17965.395,1631.491,0,0,0,0,1242,1854,0.770,1.310,0.920,0,0,0,0,0,17,305,4,11,0
17-09 04:58:20,2.501,1.000,95.535,0.250,0,5087076,250952,174320,2443868,6264.274,1686.612,0,272.099,0,28.010,1321,2331,0.790,1.300,0.920,0,0,0,0,0,17,305,4,11,0
17-09 04:58:21,1.750,0.750,95.973,0,0,5087076,250952,174320,2443868,26155.572,1531.565,0,31.991,0,3.999,1277,2044,0.790,1.300,0.920,0,0,0,0,0,17,305,4,11,0
17-09 04:58:22,3.001,1.751,94.283,0,0.250,5100520,237348,174332,2444016,125591.585,1314.467,156.055,344.122,4.001,8.003,1279,1887,0.790,1.300,0.920,1,0,3.001,0,0,17,305,4,11,0
17-09 04:58:23,12.246,2.999,83.470,0.250,0,5092412,244948,174724,2444132,255697.182,9686.484,631.771,127.954,25.991,5.998,1950,2363,0.790,1.300,0.920,0,0,29.989,0,0,17,305,4,11,0
17-09 04:58:24,14.264,7.007,76.823,0.250,0.250,5104284,227516,174776,2449640,247979.084,4123.909,568.539,8.008,67.064,2.002,2111,2783,0.790,1.300,0.920,1,0,46.044,0,0,17,305,4,11,0
