"pcp-dstat 5.3.6 CSV Output"
"Author:","PCP team <pcp@groups.io> and Dag Wieers <dag@wieers.com>",,,,"URL:","https://pcp.io/ and http://dag.wieers.com/home-made/dstat/"
"Host:","ubuntu",,,,"User:","ubuntu"
"Cmdline:","dstat -tcmndrylpg --tcp --output /tmp/devstack_logs/dstat-csv.log",,,,"Date:","22 Jan 2024 16:42:00 UTC"
"system","total usage",,,,,"memory usage",,,,"net/total",,"dsk/total",,"io/total",,"system",,"load avg",,,"procs",,,"paging",,"tcp sockets",,,,
"time","total usage:usr","total usage:sys","total usage:idl","total usage:wai","total usage:stl","used","free","buf","cach","net/total:recv","net/total:send","dsk/total:read","dsk/total:writ","read","writ","int","csw","1m","5m","15m","run","blk","new","in","out","lis","act","syn","tim","clo"
22-01 16:42:00,,978480,1690008,160532,4981800,,,,,,,1.010,0.700,0.460,2,0,,,,9,6,4,10,0
22-01 16:42:01,10.727,20.206,67.853,0.499,0.249,977108,1690892,160544,4982132,213490.860,4689.870,0,1257.284,0,60.869,3429,5688,1.010,0.700,0.460,3,0,433.065,0,0,9,5,4,10,1
22-01 16:42:02,11.269,21.286,67.614,0,0,981024,1686876,160552,4982396,60203.744,4183.069,0,396.670,0,25.042,3649,6519,1.090,0.720,0.460,1,0,362.613,0,0,9,5,4,10,1
22-01 16:42:03,19.981,15.235,63.939,0.250,0,989120,1678476,160560,4982636,208082.489,6619.685,0,695.337,0,18.982,3891,7698,1.090,0.720,0.460,3,0,209.800,0,0,9,4,4,10,2
22-01 16:42:04,8.990,5.993,83.652,0,0.499,1111640,1555620,160576,5107636,11976.036,4169.139,0,311.637,0,8.990,2332,4036,1.090,0.720,0.460,0,0,41.951,0,0,10,4,4,10,2
22-01 16:42:05,16.784,9.269,73.147,1.002,0,1116720,1550404,160580,5107696,28544.260,5439.912,0,14328.743,0,283.569,2118,2506,1.090,0.720,0.460,1,0,111.223,0,0,10,6,4,10,2
22-01 16:42:06,20.213,7.986,69.874,0.250,0.250,1154012,1512504,160608,5108272,13017.490,4761.401,307.445,1744.849,14.973,35.935,2111,3239,1.090,0.720,0.460,1,0,174.685,0,0,10,6,4,12,2
22-01 16:42:07,26.263,3.002,70.536,0.250,0,1205772,1459388,160612,5109420,11229.761,4891.509,112.057,2217.137,4.002,32.016,1108,1485,1.080,0.720,0.470,1,0,1.001,0,0,10,8,4,12,2
22-01 16:42:08,15.266,5.506,63.817,14.515,0,1220056,1437040,161316,5116504,11707.293,4137.344,0,29478.953,0,2752.891,13147,24318,1.080,0.720,0.470,2,2,51.054,0,0,10,8,4,12,2
22-01 16:42:09,21.710,8.484,56.646,12.228,0,1155084,1498820,161760,5119152,10740.249,4878.029,0,33554.294,0,2608.204,10676,20102,1.080,0.720,0.470,2,0,92.829,0,0,10,6,4,12,2
22-01 16:42:10,24.806,3.257,71.410,0,0.251,1230836,1422972,161768,5119204,33471.042,3901.748,0,922.067,0,36.081,1165,1363,1.080,0.720,0.470,1,0,2.004,0,0,10,6,4,12,2
22-01 16:42:11,25.948,2.744,69.609,1.497,0,1180944,1471412,161804,5120576,720242.111,12945.849,0,7029.800,0,389.214,2571,3223,1.080,0.720,0.470,2,0,10.978,0,0,10,6,4,12,2
22-01 16:42:12,28.250,1.750,67.999,0.250,0,1235784,1416056,161816,5121052,340270.938,10557.905,0,1463.987,0,30.000,1473,1746,1.070,0.730,0.470,1,0,0,0,0,10,6,4,12,2
22-01 16:42:13,15.530,17.033,67.382,0.250,0.501,1158280,1493432,161816,5121148,14342.139,4151.145,0,468.920,0,18.035,2557,3860,1.070,0.730,0.470,2,0,306.602,0,0,10,6,4,12,2
22-01 16:42:14,11.254,21.258,66.526,0,0,1156964,1494120,161828,5121856,15777.216,4797.890,0,396.156,0,20.008,3100,4929,1.070,0.730,0.470,1,0,418.165,0,0,10,6,4,11,2
22-01 16:42:15,29.753,14.752,53.756,0,0,1211680,1438812,161892,5122524,35195.836,5253.573,0,656.072,0,24.003,3959,10665,1.070,0.730,0.470,3,0,194.021,0,0,10,7,4,11,2
22-01 16:42:16,51.501,4.500,44.001,0,0,1316488,1333056,161940,5123472,12006.252,4265.090,588.012,10304.216,16.000,57.001,1562,1786,1.070,0.730,0.470,4,0,0,0,0,10,7,4,10,2
22-01 16:42:17,49.946,7.242,41.955,0.250,0.250,1352324,1293160,162032,5126900,60671.960,5321.296,0,1794.077,0,96.896,1986,5256,1.230,0.770,0.480,1,0,78.915,0,0,10,6,4,11,2
22-01 16:42:18,5.991,2.247,91.611,0,0.250,1353220,1291848,162040,5127204,10541.009,4196.634,0,890.649,0,12.980,1005,1433,1.230,0.770,0.480,0,0,39.939,0,0,10,6,4,11,2
22-01 16:42:19,19.004,2.250,77.765,0.500,0,1389604,1255124,162084,5127476,136660.239,7476.435,0,1516.291,0,63.012,1862,2397,1.230,0.770,0.480,1,0,23.004,0,0,10,6,4,11,2
22-01 16:42:20,28.982,1.749,69.207,0.250,0,1442460,1202204,162116,5127476,27419.917,4773.026,0,367.771,0,18.988,1130,1337,1.230,0.770,0.480,1,0,1.999,0,0,10,6,4,11,2
22-01 16:42:21,23.260,5.752,66.779,2.501,0.500,1368776,1275364,162248,5127844,26407.302,4268.827,0,4197.797,0,362.155,3908,6501,1.230,0.770,0.480,1,0,43.018,0,0,10,6,4,13,2
22-01 16:42:22,26.767,3.252,68.545,0,0,1421988,1220708,162276,5129112,317400.628,10510.843,40.026,1120.730,4.003,13.008,1545,2010,1.210,0.770,0.490,2,0,3.002,0,0,10,15,4,13,2
22-01 16:42:23,24.033,5.758,68.343,0.751,0,1403144,1235780,162280,5132672,1760856.047,38644.673,232.317,1405.916,58.079,15.020,3682,4022,1.210,0.770,0.490,1,0,46.063,0,0,10,32,4,13,2
22-01 16:42:24,24.011,6.753,67.782,0,0.250,1382524,1248968,162300,5139996,2687103.000,60238.493,0,4470.114,0,20.009,4784,4776,1.210,0.770,0.490,3,0,115.054,0,0,10,32,4,13,2
22-01 16:42:25,45.739,7.998,45.739,0.250,0,1501516,1123836,162332,5145920,591349.711,15201.291,0,891.782,0,11.997,2608,3369,1.210,0.770,0.490,2,0,42.990,0,0,10,33,4,13,2
22-01 16:42:26,52.765,17.255,28.508,1.250,0.250,1463068,1148924,162416,5158900,215099.379,6847.986,11455.322,44636.945,130.038,795.231,6712,12762,1.210,0.770,0.490,6,0,356.103,0,0,10,32,4,14,2
22-01 16:42:27,80.486,17.247,1.500,0,0,1640056,971108,162416,5159512,7742.684,1619.725,323.945,95.984,2.999,21.996,3490,6053,1.830,0.910,0.530,8,0,278.953,0,0,10,34,4,14,2
22-01 16:42:28,81.508,14.501,2.750,0,0.250,1696628,913904,162432,5160048,7401.733,1512.150,0,3336.330,0,59.006,5581,13683,1.830,0.910,0.530,7,0,113.011,0,0,10,32,4,14,2
22-01 16:42:29,63.004,15.751,21.001,0,0,1409616,1199068,162468,5161684,8138.464,1620.092,1164.066,1084.062,14.001,57.003,4959,10005,1.830,0.910,0.530,3,0,304.017,0,0,10,32,4,14,2
22-01 16:42:30,44.696,5.993,48.941,1.248,0,1465632,1108872,163560,5190904,7300.138,1691.946,0,3284.013,0,115.859,2002,2920,1.830,0.910,0.530,2,0,1.998,0,0,10,33,4,14,2
22-01 16:42:31,40.690,8.737,48.429,1.747,0.250,1463164,1086564,164724,5211580,6981.709,1691.507,0,7005.674,0,197.709,2990,4565,1.830,0.910,0.530,3,0,67.900,0,0,10,32,4,14,2
22-01 16:42:32,38.105,9.526,50.138,0.752,0.251,1429624,1096040,165512,5232716,11609.974,1809.985,0,2278.274,0,90.249,3556,9236,1.770,0.910,0.540,2,0,131.362,0,0,10,33,4,14,2
22-01 16:42:33,28.509,25.258,46.515,0,0,1493672,1031948,165516,5232732,13202.185,3529.119,0,380.120,0,29.009,3583,6128,1.770,0.910,0.540,7,0,851.270,0,0,10,33,4,14,2
22-01 16:42:34,85.293,12.506,2.001,0,0,1589492,951696,165524,5217488,10935.468,2275.138,384.192,1076.538,3.002,47.024,3320,7379,1.770,0.910,0.540,7,0,93.047,0,0,10,33,4,14,0
22-01 16:42:35,81.667,13.736,3.746,0,0.250,1575576,964840,165536,5218244,8485.336,1618.348,0,915.066,0,44.954,11450,29098,1.770,0.910,0.540,7,0,69.929,0,0,10,31,4,14,0
22-01 16:42:36,88.248,9.500,2.000,0,0,1544292,995736,165544,5218688,10389.709,1511.958,0,2271.936,0,42.999,3352,7807,1.770,0.910,0.540,8,0,79.998,0,0,10,30,4,14,0
22-01 16:42:37,83.725,14.746,1.000,0,0.250,1638944,900872,165544,5218892,8971.362,1693.502,0,419.877,0,11.996,9648,25201,2.180,1.010,0.570,8,0,182.946,0,0,10,33,4,14,0
22-01 16:42:38,83.074,12.761,3.003,0,0.250,1636936,902660,165544,5219112,8622.666,1621.441,0,312.278,0,12.011,5860,13641,2.180,1.010,0.570,6,0,59.052,0,0,10,33,4,12,0
22-01 16:42:39,79.466,11.995,8.246,0,0,1398724,1140428,165556,5219472,6869.074,1619.310,0,547.767,0,34.985,4705,16446,2.180,1.010,0.570,7,0,150.936,0,0,10,30,4,13,0
22-01 16:42:40,64.749,11.250,23.500,0,0.250,1431672,1107432,165556,5219516,7666.893,1565.978,0,207.997,0,10.000,2048,3418,2.180,1.010,0.570,3,0,162.998,0,0,10,30,4,13,0
22-01 16:42:41,46.495,16.998,34.746,0,0.250,1369184,1169880,165556,5219556,7517.158,1619.819,0,1319.852,0,31.996,6135,13336,2.180,1.010,0.570,3,0,377.958,0,0,10,30,4,15,0
22-01 16:42:42,63.008,10.001,27.003,0,0,1484076,1054296,165560,5220244,7098.859,1620.196,0,240.029,0,7.001,3105,8012,2.250,1.040,0.580,2,0,0,0,0,10,33,4,16,0
22-01 16:42:43,69.753,14.751,15.501,0.250,0,1438800,1099368,165572,5220436,7261.269,1554.058,0,500.019,0,49.002,4329,10049,2.250,1.040,0.580,4,0,258.010,0,0,10,30,4,17,0
22-01 16:42:44,65.238,8.998,24.996,0,0,1532328,1005680,165576,5220592,7340.693,1619.712,0,147.974,0,9.998,5286,12843,2.250,1.040,0.580,3,0,0,0,0,10,34,4,18,0
22-01 16:42:45,69.457,17.989,12.242,0,0.500,1400896,1136856,165584,5220840,6521.003,1692.962,0,555.659,0,52.968,6123,17343,2.250,1.040,0.580,3,0,323.802,0,0,10,30,4,19,0
22-01 16:42:46,62.286,9.756,27.015,0,0,1429152,1108536,165584,5220904,9479.422,1694.970,0,432.247,0,35.020,3687,11203,2.250,1.040,0.580,4,0,48.027,0,0,10,31,4,21,0
22-01 16:42:47,73.323,15.962,10.225,0,0,1468236,1069276,165584,5221080,7555.783,1616.104,0,243.413,0,14.964,5162,10249,2.310,1.080,0.600,4,0,250.396,0,0,10,30,4,21,0
22-01 16:42:48,60.902,13.033,24.812,0,0,1425596,1111696,165588,5221296,7920.834,1569.931,0,372.934,0,26.065,7292,16701,2.310,1.080,0.600,4,0,237.595,0,0,10,30,4,25,0
22-01 16:42:49,66.505,8.001,24.752,0,0.250,1482632,1054628,165592,5221324,8271.629,1620.123,0,1364.104,0,25.002,3897,7527,2.310,1.080,0.600,3,0,50.004,0,0,10,31,4,27,0
22-01 16:42:50,61.321,10.968,26.672,0.249,0.249,1432840,1104200,165608,5221528,7332.582,1507.596,0,2975.309,0,190.444,4079,9772,2.310,1.080,0.600,5,0,113.668,0,0,10,30,4,28,0
22-01 16:42:51,63.897,15.725,19.469,0.499,0.250,1473024,1063820,165616,5221712,7233.354,1711.245,0,2424.097,0,56.908,5656,12633,2.310,1.080,0.600,7,0,231.627,0,0,10,31,4,30,0
22-01 16:42:52,82.081,16.065,1.506,0,0,1529320,1007232,165620,5221988,8616.708,1626.552,0,5285.289,0,132.534,3330,5838,2.610,1.160,0.630,9,0,234.946,0,0,10,31,4,30,0
22-01 16:42:53,80.277,17.756,2.001,0,0.250,1570044,966244,165624,5222232,6951.350,1620.548,0,536.181,0,47.016,5469,10288,2.610,1.160,0.630,8,0,228.077,0,0,10,30,4,30,0
22-01 16:42:54,77.003,19.001,3.250,0,0,1546272,989644,165636,5222588,9285.371,1620.065,0,488.020,0,35.001,4372,8396,2.610,1.160,0.630,8,0,258.010,0,0,10,32,4,30,0
22-01 16:42:55,78.140,16.726,4.993,0,0,1532060,1003788,165636,5222656,12836.862,1691.610,0,207.707,0,8.987,7543,16280,2.610,1.160,0.630,8,0,308.564,0,0,10,31,4,30,0
22-01 16:42:56,61.090,24.536,15.272,0,0,1436392,1099268,165636,5222844,6924.179,1568.305,0,236.347,0,13.019,8265,18219,2.610,1.160,0.630,4,0,672.989,0,0,10,32,4,30,0
22-01 16:42:57,25.253,22.252,50.505,0.250,0,1329036,1206452,165640,5223016,6506.690,1512.160,0,5380.570,0,155.016,5215,9651,2.480,1.160,0.630,3,0,797.084,0,0,10,30,4,27,0
22-01 16:42:58,69.495,23.748,7.499,0,0.500,1515912,1019512,165644,5223080,7979.465,1619.891,0,211.986,0,17.999,3064,5979,2.480,1.160,0.630,5,0,694.953,0,0,10,31,4,27,0
22-01 16:42:59,73.275,12.754,12.504,0,0.250,1476544,1058524,165668,5223412,8367.887,1620.559,0,1388.479,0,103.036,6424,16164,2.480,1.160,0.630,5,0,163.056,0,0,10,30,4,27,0
22-01 16:43:00,81.162,14.234,3.996,0,0.250,1545732,989268,165668,5223476,7897.400,1660.192,0,219.761,0,12.986,3567,6417,2.480,1.160,0.630,5,0,141.846,0,0,10,31,4,27,0
22-01 16:43:01,52.994,6.249,38.746,0,0,1560304,973952,165668,5224204,6495.273,1693.810,0,0,0,0,8262,19977,2.480,1.160,0.630,2,0,0,0,0,10,34,4,34,0
22-01 16:43:02,56.291,8.756,35.026,0,0,1533128,1000780,165672,5224612,6790.951,1621.182,0,70471.374,0,344.251,10003,23595,2.440,1.170,0.640,5,0,30.022,0,0,10,32,4,37,0
22-01 16:43:03,80.502,11.000,7.000,0,0,1512116,1021600,165676,5224800,7476.217,1620.047,0,320.009,0,30.001,5004,11077,2.440,1.170,0.640,5,0,90.003,0,0,10,31,4,37,0
22-01 16:43:04,62.756,8.751,27.253,0,0.250,1562372,970948,165676,5225196,5832.595,1458.149,0,140.014,0,9.001,8135,20015,2.440,1.170,0.640,3,0,0,0,0,10,34,4,38,0
22-01 16:43:05,55.737,9.998,33.242,0,0,1538748,993520,165684,5226232,8338.116,1619.634,0,1327.700,0,11.997,10258,24454,2.440,1.170,0.640,3,0,70.984,0,0,10,33,4,40,0
22-01 16:43:06,75.263,12.252,11.002,0,0.500,1449732,1082152,165692,5226596,7512.285,1620.277,0,116.020,0,7.001,7453,16601,2.440,1.170,0.640,5,0,196.034,0,0,10,31,4,43,0
22-01 16:43:07,78.727,10.497,11.247,0.250,0,1565140,966316,165696,5226992,7688.732,1619.522,0,6470.091,0,37.989,5065,14919,2.480,1.200,0.650,5,0,0,0,0,10,31,4,41,0
22-01 16:43:08,79.259,15.252,5.501,0,0.250,1513440,1017724,165696,5227276,6728.740,1620.178,0,120.013,0,8.001,3567,7280,2.480,1.200,0.650,5,0,132.015,0,0,10,31,4,41,0
22-01 16:43:09,74.012,12.752,13.502,0,0,1421376,1109048,165708,5227992,7184.193,1620.269,0,460.076,0,52.009,6082,14094,2.480,1.200,0.650,4,0,136.023,0,0,10,31,4,41,0
22-01 16:43:10,82.003,11.500,4.750,0,0,1511420,1017684,165708,5229304,6554.210,1620.052,0,148.005,0,8.000,4847,12948,2.480,1.200,0.650,6,0,113.004,0,0,10,31,4,41,0
22-01 16:43:11,80.750,12.250,6.250,0,0,1481748,1047148,165708,5229508,7042.028,1694.007,0,168.001,0,12.000,4302,12901,2.480,1.200,0.650,5,0,129.001,0,0,10,30,4,42,0
22-01 16:43:12,77.749,11.750,10.500,0,0,1540084,988580,165716,5229724,8452.865,1531.975,0,379.994,0,28.000,5419,12905,2.690,1.260,0.670,7,0,33.999,0,0,10,32,4,42,0
22-01 16:43:13,70.711,13.493,15.991,0.250,0.750,1423764,1104708,165720,5229908,9357.900,1619.118,0,463.747,0,44.975,3477,8423,2.690,1.260,0.670,4,0,201.890,0,0,10,30,4,42,0
22-01 16:43:14,60.428,12.985,25.470,0,0,1475492,1052736,165724,5230136,9036.247,1691.987,0,259.691,0,19.976,4718,10070,2.690,1.260,0.670,4,0,162.806,0,0,10,31,4,44,0
22-01 16:43:15,64.607,9.516,25.542,0,0.250,1475340,1052720,165724,5230300,12692.107,1622.699,0,188.313,0,10.017,4394,8562,2.690,1.260,0.670,4,0,77.128,0,0,10,31,4,44,0
22-01 16:43:16,63.742,10.999,25.247,0,0,1459884,1068128,165724,5230348,7583.060,1619.799,0,303.962,0,26.997,4003,7912,2.690,1.260,0.670,3,0,64.992,0,0,10,31,4,44,0
22-01 16:43:17,64.259,9.501,26.254,0,0,1491036,1036744,165732,5230560,11537.627,1662.234,0,432.061,0,40.006,5641,12158,2.950,1.340,0.700,4,0,67.009,0,0,10,31,4,45,0
22-01 16:43:18,60.746,11.999,26.748,0,0,1424720,1102892,165732,5230728,7394.468,1693.878,0,183.987,0,10.999,3032,8227,2.950,1.340,0.700,4,0,81.994,0,0,10,30,4,47,0
22-01 16:43:19,66.271,8.753,25.008,0.250,0.500,1482872,1044540,165736,5230916,6821.169,1684.536,0,604.192,0,34.011,5147,9979,2.950,1.340,0.700,3,0,5.002,0,0,10,31,5,46,0
22-01 16:43:20,62.231,12.246,25.492,0,0,1481564,1045804,165744,5230952,7770.568,1693.470,0,335.895,0,29.991,3835,7776,2.950,1.340,0.700,4,0,133.958,0,0,10,31,5,46,0
22-01 16:43:21,58.547,16.194,24.166,0,0.249,1438488,1088468,165744,5231328,9973.442,1614.406,0,450.439,0,37.869,5641,12076,2.950,1.340,0.700,4,0,378.688,0,0,10,30,5,46,0
22-01 16:43:22,65.939,8.524,25.323,0.251,0,1513580,1013320,165744,5231380,6950.956,1698.877,0,397.140,0,24.069,3985,7777,3.120,1.400,0.720,4,0,44.127,0,0,10,32,5,47,0
22-01 16:43:23,52.035,17.261,31.771,0.250,0.250,1395036,1131484,165752,5231724,9411.268,1621.080,0,7092.724,0,246.164,4981,11857,3.120,1.400,0.720,2,0,354.236,0,0,10,34,5,47,0
22-01 16:43:24,25.999,4.750,67.997,0.250,0,1396932,1129224,165752,5232088,8590.648,1745.928,0,299.988,0,21.999,4673,9870,3.120,1.400,0.720,3,0,55.998,0,0,10,34,5,47,0
22-01 16:43:25,10.998,19.996,67.985,0,0,1340256,1185728,165752,5232256,7486.316,1619.636,0,1607.638,0,17.996,2960,4379,3.120,1.400,0.720,7,0,464.895,0,0,10,34,5,47,0
22-01 16:43:26,41.759,9.752,49.011,0,0,1472924,1052696,165752,5232620,6558.417,1606.347,0,644.139,0,22.005,1889,2570,3.120,1.400,0.720,3,0,130.028,0,0,10,34,5,49,0
22-01 16:43:27,38.191,5.991,44.431,9.735,0.250,1426748,1092832,166196,5237780,8246.268,1659.438,367.433,29702.140,22.965,2379.326,11242,18121,3.190,1.450,0.740,4,0,80.875,0,0,10,38,5,48,0
22-01 16:43:28,39.067,6.762,44.326,11.019,0.501,1505352,1010960,166980,5240168,8425.500,1622.793,0,35300.753,0,3116.363,14079,25005,3.190,1.450,0.740,5,0,68.117,0,0,10,38,5,48,0
22-01 16:43:29,44.495,6.249,48.494,0.500,0,1441120,1075116,167020,5240196,8133.032,1619.807,0,3511.582,0,228.973,2037,3000,3.190,1.450,0.740,2,0,5.999,0,0,10,34,5,48,0
22-01 16:43:30,40.921,7.985,49.654,2.745,0,1516824,999012,167192,5240416,8379.835,1616.881,0,15861.403,0,1954.230,10911,20558,3.190,1.450,0.740,5,0,4.990,0,0,10,36,5,48,0
22-01 16:43:31,33.815,7.514,56.358,2.004,0,1412208,1103204,167304,5240724,7530.406,1623.105,0,6063.600,0,925.771,6537,11865,3.190,1.450,0.740,1,0,99.190,0,0,10,34,5,48,0
22-01 16:43:32,27.420,3.988,67.304,0.249,0,1361008,1154392,167304,5240736,9068.565,1615.291,0,1459.745,0,81.762,1551,3572,3.010,1.440,0.740,1,0,36.892,0,0,10,34,5,49,0
22-01 16:43:33,23.261,2.751,72.535,0.750,0,1441884,1073500,167316,5240740,7418.546,1458.697,0,5530.644,0,288.138,1585,2452,3.010,1.440,0.740,2,0,2.001,0,0,10,34,5,48,0
22-01 16:43:34,22.999,3.500,73.246,0.250,0,1403016,1112348,167316,5240760,6896.579,1693.897,0,139.991,0,15.999,944,1233,3.010,1.440,0.740,2,0,1.000,0,0,10,34,5,48,0
22-01 16:43:35,23.498,3.000,73.745,0,0.250,1460472,1054892,167316,5240760,6746.568,1693.892,0,7.999,0,2.000,913,1095,3.010,1.440,0.740,2,0,2.000,0,0,10,34,5,48,0
22-01 16:43:36,22.732,3.247,73.692,0,0,1426396,1088956,167316,5240772,6961.528,1618.728,0,0,0,0,927,1114,3.010,1.440,0.740,2,0,2.998,0,0,10,34,5,48,0
22-01 16:43:37,22.071,3.762,73.737,0,0,1381648,1133612,167320,5240820,8140.138,1625.219,0,0,0,0,933,1083,2.850,1.430,0.750,2,0,1.003,0,0,10,34,5,48,0
22-01 16:43:38,22.274,3.003,74.080,0,0.250,1450192,1065068,167320,5240820,6358.829,1621.742,0,0,0,0,941,1138,2.850,1.430,0.750,2,0,2.002,0,0,10,34,5,48,0
22-01 16:43:39,24.478,2.248,74.183,0,0.250,1396568,1118544,167328,5240928,7900.826,1456.677,0,0,0,0,874,1036,2.850,1.430,0.750,2,0,0.999,0,0,10,34,5,48,0
22-01 16:43:40,22.942,2.743,73.564,0,0,1413320,1101776,167328,5240940,7973.786,1615.904,0,203.484,0,1.995,920,1138,2.850,1.430,0.750,2,0,2.992,0,0,10,34,5,47,0
22-01 16:43:41,22.808,3.760,73.436,0.251,0.251,1367132,1147908,167340,5240984,9882.011,1624.111,0,380.964,0,29.074,1143,1523,2.850,1.430,0.750,2,0,3.008,0,0,10,34,5,47,0
22-01 16:43:42,22.250,3.250,73.751,0,0,1413716,1101292,167340,5241016,8616.086,1694.017,0,84.001,0,4.000,993,1171,2.700,1.430,0.750,2,0,1.000,0,0,10,34,5,45,0
22-01 16:43:43,20.450,4.738,73.820,0,0,1355472,1159524,167340,5241028,9632.477,1657.951,0,1013.525,0,154.622,1432,1574,2.700,1.430,0.750,2,0,51.873,0,0,10,34,5,45,0
22-01 16:43:44,9.022,20.800,69.668,0,0.251,1356836,1157996,167356,5241168,7267.486,1623.907,0,882.122,0,10.024,3529,5691,2.700,1.430,0.750,3,0,587.413,0,0,10,34,5,42,0
22-01 16:43:45,9.983,19.966,69.880,0,0,1356580,1158184,167356,5241212,8778.935,1617.225,0,275.527,0,5.990,2732,4062,2.700,1.430,0.750,2,0,353.394,0,0,10,34,5,42,0
22-01 16:43:46,10.236,18.973,70.151,0,0,1364196,1150508,167356,5241244,7866.861,1455.938,0,0,0,0,2718,4064,2.700,1.430,0.750,1,0,348.507,0,0,10,34,5,39,0
22-01 16:43:47,22.509,2.751,74.028,0,0.500,1444136,1070580,167356,5241232,7976.031,1620.616,0,4.002,0,1.000,1012,1155,2.570,1.420,0.750,1,0,2.001,0,0,10,34,5,39,0
22-01 16:43:48,22.803,3.508,74.172,0,0,1398904,1115816,167356,5241228,9098.044,1623.756,0,477.104,0,5.012,986,1121,2.570,1.420,0.750,1,0,1.002,0,0,10,34,5,35,0
22-01 16:43:49,23.944,2.494,72.829,0.249,0,1447752,1066964,167360,5241228,7956.303,1616.202,0,546.715,0,15.962,1037,1450,2.570,1.420,0.750,1,0,1.995,0,0,10,34,5,35,0
22-01 16:43:50,22.498,3.250,73.744,0,0,1420488,1094220,167360,5241236,7615.353,1619.862,0,0,0,0,1015,1212,2.570,1.420,0.750,1,0,5.000,0,0,10,34,5,30,0
22-01 16:43:51,22.807,3.509,73.434,0.251,0.251,1374064,1140620,167360,5241256,7979.942,1792.479,0,405.012,0,33.083,1112,1607,2.570,1.420,0.750,1,0,1.003,0,0,10,34,5,30,0
22-01 16:43:52,22.240,3.998,73.718,0,0.250,1438780,1075884,167360,5241276,6452.180,1693.260,0,31.986,0,3.998,1032,1259,2.440,1.410,0.750,1,0,1.999,0,0,10,34,5,28,0
22-01 16:43:53,23.464,2.746,73.389,0,0.250,1404248,1110420,167360,5241268,8238.519,1691.437,0,23.964,0,2.995,979,1098,2.440,1.410,0.750,1,0,0.998,0,0,10,34,5,28,0
22-01 16:43:54,22.496,3.249,73.985,0,0,1361600,1153048,167360,5241288,8481.312,1457.710,0,19.996,0,1.000,972,1128,2.440,1.410,0.750,1,0,2.999,0,0,10,34,5,28,0
22-01 16:43:55,23.739,2.499,73.466,0,0,1436176,1078484,167360,5241276,11610.706,1693.228,0,0,0,0,949,1176,2.440,1.410,0.750,1,0,1.999,0,0,10,34,5,28,0
22-01 16:43:56,22.261,3.252,74.036,0,0.250,1397584,1117088,167360,5241264,7984.841,1662.800,0,28.013,0,3.001,950,1134,2.440,1.410,0.750,1,0,1.000,0,0,10,34,5,28,0
22-01 16:43:57,23.000,2.750,73.500,0.250,0,1451260,1063412,167360,5241264,9483.953,1619.992,0,123.999,0,4.000,1055,1187,2.320,1.400,0.750,1,0,2.000,0,0,10,34,5,28,0
22-01 16:43:58,22.749,4.000,72.998,0,0,1428320,1086412,167360,5241200,7790.735,1619.945,0,2099.929,0,87.997,1081,1171,2.320,1.400,0.750,1,0,1.000,0,0,10,34,5,28,0
22-01 16:43:59,23.241,2.749,73.223,0,0,1370528,1144112,167360,5241292,10006.308,1693.375,0,95.965,0,2.999,990,1088,2.320,1.400,0.750,1,0,2.999,0,0,10,34,5,28,0
22-01 16:44:00,23.491,2.749,74.223,0,0,1390820,1123840,167360,5241272,7404.290,1693.380,0,11.996,0,1.000,991,1192,2.320,1.400,0.750,1,0,2.999,0,0,10,34,5,28,0
22-01 16:44:01,23.265,3.002,72.798,0.250,0,1448768,1065880,167360,5241280,8988.888,1533.004,0,656.430,0,39.026,1251,1671,2.320,1.400,0.750,1,0,2.001,0,0,10,34,5,28,0
22-01 16:44:02,22.507,3.501,73.772,0,0.250,1390596,1124044,167360,5241288,7159.176,1620.493,0,68.021,0,5.002,957,1151,2.220,1.400,0.750,2,0,2.001,0,0,10,34,5,20,0
22-01 16:44:03,23.234,2.498,73.949,0,0,1450572,1064068,167360,5241288,10869.565,1692.842,0,11.992,0,0.999,943,1104,2.220,1.400,0.750,1,0,1.999,0,0,10,34,5,20,0
22-01 16:44:04,13.505,16.006,69.525,0,0,1358468,1156132,167360,5241328,7629.785,1620.592,0,96.035,0,8.003,2747,4165,2.220,1.400,0.750,1,0,392.143,0,0,10,34,5,17,0
22-01 16:44:05,21.548,3.758,74.416,0,0.251,1434752,1079816,167364,5241356,7875.586,1623.626,0,4.009,0,1.002,966,1207,2.220,1.400,0.750,1,0,0,0,0,10,34,5,17,0
22-01 16:44:06,22.960,3.494,73.871,0,0,1418312,1096032,167364,5241580,10008.535,1617.178,0,0,0,0,1038,1255,2.220,1.400,0.750,1,0,8.984,0,0,10,34,5,12,0
22-01 16:44:07,20.273,7.759,71.079,0,0,1361888,1152456,167364,5241580,7660.565,1769.979,0,140.157,0,3.003,1719,2383,2.120,1.390,0.750,1,0,168.188,0,0,10,34,5,12,0
22-01 16:44:08,9.003,20.507,68.524,0.750,0.500,1361192,1153036,167368,5241672,8993.094,1458.502,0,5141.769,0,242.083,3535,5429,2.120,1.390,0.750,2,0,409.141,0,0,10,34,5,12,0
22-01 16:44:09,8.755,21.763,68.791,0,0.250,1358016,1156180,167376,5241696,7851.648,1620.960,0,280.166,0,8.005,3143,4837,2.120,1.390,0.750,1,0,462.274,0,0,10,34,5,12,0
22-01 16:44:10,9.499,20.247,68.991,0,0,1360824,1153300,167380,5241736,6931.085,1619.786,0,891.882,0,12.998,3157,4891,2.120,1.390,0.750,1,0,483.936,0,0,10,34,5,12,0
22-01 16:44:11,9.500,20.501,69.003,0.250,0,1357640,1156468,167380,5241752,9103.446,1620.079,0,1584.078,0,38.002,3254,4983,2.120,1.390,0.750,1,0,479.023,0,0,10,34,5,12,0
22-01 16:44:12,9.237,21.220,68.903,0,0.250,1354136,1159944,167380,5241780,8209.490,1617.732,0,1210.303,0,17.975,3168,4853,1.950,1.370,0.750,1,0,498.301,0,0,10,34,5,11,0
22-01 16:44:13,8.510,20.523,70.829,0,0.501,1357576,1156476,167380,5241808,7575.477,1621.815,0,140.157,0,6.007,2827,4142,1.950,1.370,0.750,2,0,378.423,0,0,10,34,5,11,0
22-01 16:44:14,9.492,19.485,69.445,0.250,0,1358676,1155348,167380,5241836,7271.241,1618.718,0,779.383,0,112.911,2955,4262,1.950,1.370,0.750,1,0,393.688,0,0,10,34,5,9,0
22-01 16:44:15,27.039,25.787,47.067,0.250,0,1410704,1103276,167392,5241868,12433.755,1534.191,0,893.276,0,52.074,4225,6927,1.950,1.370,0.750,4,0,717.024,0,0,10,34,5,13,0
22-01 16:44:16,64.748,14.000,21.749,0,0,1601196,911524,167568,5242824,7188.813,1735.955,12.000,851.978,1.000,28.999,1928,2790,1.950,1.370,0.750,3,0,139.996,0,0,10,34,5,15,0
22-01 16:44:17,43.011,9.002,37.510,10.753,0.250,1568964,930936,168716,5253432,6906.796,1620.421,408.106,37497.749,6.002,3018.785,15065,26717,2.110,1.410,0.770,9,0,121.031,0,0,10,38,5,16,0
22-01 16:44:18,41.143,9.226,31.917,18.452,0,1628008,860468,169500,5263664,7176.363,1615.804,0,78627.804,0,5722.140,21314,40925,2.110,1.410,0.770,7,0,133.653,0,0,10,38,5,15,0
22-01 16:44:19,40.564,10.016,32.301,16.526,0,1599952,878052,170024,5273256,8569.609,1622.577,0,77262.693,0,5531.784,21489,41815,2.110,1.410,0.770,5,0,118.188,0,0,10,38,5,16,0
22-01 16:44:20,41.805,18.524,27.036,13.017,0.501,1560924,910308,170300,5279700,7324.676,1622.143,364.481,55685.561,6.008,4351.749,19692,33030,2.110,1.410,0.770,6,1,302.399,0,0,10,37,5,16,0
22-01 16:44:21,40.207,12.487,31.965,12.986,0,1562152,902456,170496,5285508,6369.121,1618.252,707.236,43178.367,13.985,3358.373,19726,38639,2.110,1.410,0.770,3,0,86.906,0,0,10,37,5,18,0
22-01 16:44:22,44.026,13.508,31.268,12.257,0,1549044,910920,171028,5289516,6499.796,1500.877,912.533,47295.621,11.006,3694.157,17591,29917,2.110,1.420,0.770,5,0,184.108,0,0,10,36,5,18,0
22-01 16:44:23,37.390,5.484,42.375,13.211,0.249,1561476,894596,171444,5292836,7060.172,1689.017,0,39148.512,0,3221.497,17438,32613,2.110,1.420,0.770,1,1,17.947,0,0,10,37,5,22,0
22-01 16:44:24,35.337,9.273,43.858,11.528,0,1514748,940608,171644,5293280,7447.298,1623.990,0,40114.561,0,3376.296,19304,32987,2.110,1.420,0.770,3,0,89.219,0,0,10,36,5,24,0
22-01 16:44:25,37.261,6.002,42.763,12.004,0,1558948,895808,171784,5293700,7294.203,1694.512,0,31885.629,0,3344.010,15528,26949,2.110,1.420,0.770,1,1,33.010,0,0,10,37,5,22,0
22-01 16:44:26,38.256,6.501,42.507,10.502,0,1558108,894044,171960,5296124,8283.342,1620.262,0,37446.066,0,3319.538,18081,34106,2.110,1.420,0.770,4,1,21.003,0,0,10,37,5,24,0
22-01 16:44:27,39.004,8.251,42.504,9.751,0,1548632,901212,172092,5298248,7675.691,1620.146,0,22842.056,0,2383.214,13169,23257,2.100,1.430,0.780,6,0,66.006,0,0,10,38,5,22,0
22-01 16:44:28,35.509,8.002,42.511,14.004,0,1554248,892392,172176,5301296,9897.474,1620.405,0,47727.932,0,3878.970,19677,36222,2.100,1.430,0.780,3,1,30.008,0,0,10,39,5,23,0
22-01 16:44:29,32.673,9.727,44.146,13.718,0,1507476,935608,172520,5304384,5858.145,1616.178,0,42575.309,0,3669.322,19240,35533,2.100,1.430,0.780,2,1,87.792,0,0,10,38,5,24,0
22-01 16:44:30,38.323,8.015,48.342,6.512,0.751,1556088,884452,172672,5306708,8473.192,1460.792,0,28370.215,0,2811.373,12992,24108,2.100,1.430,0.780,5,1,77.147,0,0,10,38,5,25,0
22-01 16:44:31,37.751,8.750,40.751,14.750,0,1532624,905256,172888,5309080,7736.248,1620.052,0,47461.519,0,3727.119,15943,31119,2.100,1.430,0.780,3,0,73.002,0,0,10,38,5,27,0
22-01 16:44:32,40.690,9.236,40.191,9.736,0,1515608,926308,172964,5304948,7857.395,1691.502,0,26956.186,0,2879.747,13078,33721,2.090,1.440,0.790,2,2,99.853,0,0,10,38,5,28,0
22-01 16:44:33,41.021,7.004,42.271,8.254,0,1559884,882208,173012,5304716,8913.483,1620.815,0,41388.819,0,3135.577,11570,25062,2.090,1.440,0.790,4,0,18.009,0,0,10,37,5,29,0
22-01 16:44:34,26.730,12.241,59.455,1.749,0.250,1425776,1016152,173020,5304904,7524.357,1618.786,0,11851.112,0,678.491,4817,8402,2.090,1.440,0.790,3,0,254.809,0,0,10,34,5,30,0
22-01 16:44:35,22.499,4.000,72.246,0.250,0,1384292,1057596,173020,5304936,7848.615,1619.921,0,3315.838,0,262.987,3182,5956,2.090,1.440,0.790,2,0,36.998,0,0,10,34,5,30,0
22-01 16:44:36,10.270,20.290,68.136,0.250,0,1384876,1056864,173020,5305084,9575.064,1623.232,0,561.117,0,32.064,3133,4689,2.090,1.440,0.790,1,0,488.974,0,0,10,34,5,30,0
22-01 16:44:37,54.255,15.502,29.753,0.250,0,1539368,902188,173044,5305228,8160.816,1512.151,0,1008.101,0,72.007,2753,3927,2.160,1.470,0.800,3,0,275.028,0,0,10,34,5,36,0
22-01 16:44:38,66.084,8.977,24.439,0.249,0.249,1699748,738976,173172,5307704,11142.045,1562.081,0,3938.119,0,271.319,2258,2347,2.160,1.470,0.800,3,0,0,0,0,10,34,5,36,0
22-01 16:44:39,45.258,8.001,34.756,10.252,0,1758612,671568,173344,5315548,11410.099,1662.306,0,35102.459,0,2499.460,11808,21192,2.160,1.470,0.800,6,1,96.018,0,0,10,40,5,36,0
22-01 16:44:40,20.288,7.764,45.584,23.043,0,1761012,658716,173464,5325560,8203.168,1623.001,0,82584.699,0,5979.055,23737,43959,2.160,1.470,0.800,0,1,182.337,0,0,10,40,5,36,0
22-01 16:44:41,29.254,7.501,45.256,20.753,0.500,1762260,648664,173644,5333924,7927.007,1694.215,0,72409.196,0,5600.711,21708,42442,2.160,1.470,0.800,1,1,159.020,0,0,10,40,5,36,0
22-01 16:44:42,39.972,10.742,31.977,17.488,0,1672364,730776,173768,5341272,6549.343,1734.767,0,77668.777,0,5733.923,22820,39495,2.790,1.610,0.850,2,2,204.854,0,0,10,38,5,36,0
22-01 16:44:43,42.738,9.747,30.491,17.245,0,1738644,654432,173860,5350912,7941.689,1619.529,0,54232.218,0,4219.772,20835,32892,2.790,1.610,0.850,6,0,134.961,0,0,10,38,5,36,0
22-01 16:44:44,38.500,10.000,33.000,18.750,0.250,1645920,737092,173904,5360644,7186.086,1694.020,0,74644.896,0,4994.060,20738,35311,2.790,1.610,0.850,1,0,75.001,0,0,10,38,5,36,0
22-01 16:44:45,22.746,7.249,50.241,18.747,0,1643236,730636,174000,5369296,7750.628,1511.732,0,77478.286,0,5678.995,23499,40630,2.790,1.610,0.850,1,1,20.996,0,0,10,38,5,36,0
22-01 16:44:46,30.009,11.003,49.765,7.752,0,1389856,981956,174008,5371260,8087.515,1566.487,0,30829.588,0,2239.697,10313,17323,2.790,1.610,0.850,1,0,231.072,0,0,10,34,5,36,0
22-01 16:44:47,20.966,4.742,73.382,0.250,0,1451116,920632,174008,5371292,8612.134,1617.396,0,942.483,0,52.915,1369,1794,2.650,1.600,0.850,1,0,39.936,0,0,10,34,5,36,0
22-01 16:44:48,22.747,3.499,71.489,1.250,0,1507312,864436,174008,5371292,8243.780,1693.749,0,6187.084,0,382.943,1936,3153,2.650,1.600,0.850,1,0,0,0,0,10,40,5,36,0
22-01 16:44:49,22.289,4.258,72.629,0.250,0,1427524,944160,174008,5371300,9445.728,1891.350,0,3598.373,0,33.059,1396,1747,2.650,1.600,0.850,1,0,28.050,0,0,10,34,6,36,0
22-01 16:44:50,23.760,2.251,73.782,0,0.250,1493040,878640,174008,5371300,7887.455,1694.742,0,192.084,0,4.002,1000,1218,2.650,1.600,0.850,1,0,2.001,0,0,10,34,6,36,0
22-01 16:44:51,20.002,16.001,64.255,0,0.250,1395552,976108,174012,5371316,9951.796,1606.128,0,956.076,0,119.010,3082,4935,2.650,1.600,0.850,2,0,485.039,0,0,10,34,6,36,0
22-01 16:44:52,11.995,29.736,56.474,0,0,1400832,970720,174012,5371416,6283.141,1693.230,0,291.867,0,28.987,4674,7830,2.510,1.590,0.850,1,0,990.549,0,0,10,34,6,36,0
22-01 16:44:53,9.245,20.239,70.710,0,0.500,1399988,971492,174012,5371484,9364.737,1619.090,0,111.937,0,9.994,2840,4168,2.510,1.590,0.850,1,0,400.775,0,0,10,34,6,36,0
22-01 16:44:54,8.740,20.227,69.920,0,0,1399020,972392,174012,5371520,7428.457,1648.105,0,35.959,0,4.994,2552,3971,2.510,1.590,0.850,1,0,326.624,0,0,10,34,6,36,0
22-01 16:44:55,13.500,17.999,68.248,0,0,1405220,966008,174012,5371920,7048.774,1619.948,0,31.999,0,8.000,3767,7056,2.510,1.590,0.850,1,0,319.990,0,0,10,34,6,36,0
22-01 16:44:56,31.757,13.003,55.261,0.250,0,1455008,916200,174016,5372032,11175.302,1768.364,0,1252.258,0,194.040,3821,6928,2.510,1.590,0.850,2,0,165.034,0,0,10,35,6,36,0
22-01 16:44:57,44.983,5.248,48.981,0,0.250,1562180,808876,174024,5372144,7146.284,1693.357,0,91.965,0,4.998,1202,1198,2.470,1.600,0.860,2,0,0,0,0,10,35,6,36,0
22-01 16:44:58,49.529,5.253,45.026,0,0.250,1616424,751264,174076,5375132,9156.283,1620.935,84.048,1088.628,1.001,126.073,1957,7276,2.470,1.600,0.860,2,0,5.003,0,0,10,51,6,36,0
22-01 16:44:59,20.989,13.493,64.467,0.250,0.250,1645444,722056,174080,5375320,6741.515,1511.219,0,1071.446,0,21.989,2426,3620,2.470,1.600,0.860,1,0,247.872,0,0,10,50,6,37,0
22-01 16:45:00,11.499,1.750,86.242,0,0.250,1660484,706996,174080,5375332,7276.301,2026.805,0,159.985,0,12.999,990,1414,2.470,1.600,0.860,0,0,10.999,0,0,10,51,6,37,0
22-01 16:45:01,0.500,0.750,97.746,0.500,0,1660452,706996,174080,5375364,38226.356,3143.865,0,503.978,0,36.998,941,1465,2.470,1.600,0.860,0,0,0,0,0,10,51,6,37,0
22-01 16:45:02,4.260,1.504,93.217,0,0.251,1667340,699960,174084,5375504,155311.186,6188.431,0,224.524,0,6.014,969,1148,2.350,1.580,0.860,1,0,3.007,0,0,10,50,6,37,1
22-01 16:45:03,16.750,9.000,71.251,2.500,0,1665988,698576,174188,5377904,7154.114,1686.027,4.000,9192.147,1.000,444.007,3589,4579,2.350,1.580,0.860,1,0,70.001,0,0,10,50,6,38,0
22-01 16:45:04,14.974,11.730,72.624,0,0,1707720,611872,174188,5421024,6867.127,1617.204,63.890,0,3.993,0,1638,1998,2.350,1.580,0.860,1,0,47.917,0,0,10,50,6,38,0
22-01 16:45:05,17.981,7.492,73.671,0.250,0,1695020,624536,174188,5421028,7319.110,1692.176,0,1798.062,0,171.815,1524,1575,2.350,1.580,0.860,1,0,52.943,0,0,10,50,6,38,0
22-01 16:45:06,21.017,5.254,73.310,0,0.250,1712036,607412,174188,5421028,8206.754,1587.306,0,0,0,0,1166,1275,2.350,1.580,0.860,1,0,19.016,0,0,10,50,6,38,0
22-01 16:45:07,14.264,11.511,72.571,0,0,1645636,718500,174196,5376976,6690.563,1621.591,100.098,20.020,3.003,3.003,2125,3006,2.330,1.590,0.870,1,0,227.223,0,0,10,50,6,38,0
22-01 16:45:08,14.479,11.233,72.393,0,0.250,1648548,715528,174196,5377004,7608.762,1617.611,0,3.994,0,0.999,4234,8977,2.330,1.590,0.870,0,0,150.777,0,0,10,50,6,38,0
22-01 16:45:09,1.000,0.750,98.003,0.250,0.250,1648552,715528,174196,5377004,8211.213,1566.041,0,272.007,0,3.000,639,962,2.330,1.590,0.870,0,0,3.000,0,0,10,50,6,38,0
22-01 16:45:10,0.750,0.750,97.753,0,0,1648548,715528,174196,5377008,10872.337,1620.050,0,1016.031,0,3.000,764,1087,2.330,1.590,0.870,0,0,4.000,0,0,10,50,6,38,0
22-01 16:45:11,1.250,0.250,96.463,0.750,0.250,1648548,715528,174196,5377008,8164.889,1619.383,0,5126.047,0,316.879,1467,1612,2.330,1.590,0.870,0,0,1.999,0,0,10,50,6,38,0
22-01 16:45:12,1.503,1.253,96.712,0.251,0.251,1647592,716480,174196,5377004,7620.697,1623.557,0,32.070,0,4.009,856,1293,2.140,1.570,0.860,1,0,16.035,0,0,10,50,6,38,0
22-01 16:45:13,15.985,12.738,71.433,0,0,1637728,726240,174196,5377380,9311.275,1584.515,0,0,0,0,3431,8935,2.140,1.570,0.860,2,0,203.809,0,0,10,50,6,38,0
22-01 16:45:14,10.265,14.772,74.609,0,0,1622904,740924,174196,5377152,8984.081,1622.362,0,4.006,0,1.001,2830,5208,2.140,1.570,0.860,1,0,255.372,0,0,11,50,6,38,0
22-01 16:45:15,17.201,15.706,66.561,0,0,1635416,728380,174196,5377200,8258.612,1852.753,0,0,0,0,4427,9061,2.140,1.570,0.860,4,0,238.325,0,0,11,50,6,38,0
22-01 16:45:16,6.252,6.502,85.783,0,0,1630048,733728,174196,5377200,11396.319,1620.614,0,236.089,0,12.005,2110,4232,2.140,1.570,0.860,0,0,150.057,0,0,11,50,6,32,0
22-01 16:45:17,13.533,13.282,71.926,0,0.251,1644388,719368,174196,5377568,8596.994,1611.936,0,12.029,0,3.007,4410,7628,2.290,1.610,0.880,1,0,212.519,0,0,13,50,6,32,0
22-01 16:45:18,10.734,13.480,73.891,0,0.499,1640392,723336,174196,5377228,6449.481,1617.612,0,27.959,0,5.991,2810,4065,2.290,1.610,0.880,1,0,259.617,0,0,13,52,6,31,0
22-01 16:45:19,10.511,19.271,69.825,0.250,0.250,1639660,723896,174196,5377396,6735.213,1621.737,0,624.669,0,28.030,2917,4663,2.290,1.610,0.880,1,0,372.399,0,0,13,52,6,31,0
22-01 16:45:20,22.518,17.264,60.297,0,0,1657532,706024,174200,5377400,8127.388,1513.189,0,20.016,0,3.002,3772,9065,2.290,1.610,0.880,2,0,235.185,0,0,13,52,6,28,0
22-01 16:45:21,38.191,17.972,43.183,0.250,0,1725080,638244,174212,5377664,8235.178,1691.367,0,627.024,0,35.944,3708,11245,2.290,1.610,0.880,3,0,232.638,0,0,13,52,6,28,0
22-01 16:45:22,24.973,3.746,69.674,0,0,1795440,566968,174260,5378432,6360.106,1692.166,31.965,339.632,1.998,6.992,1640,2835,2.180,1.600,0.880,2,0,18.979,0,0,13,60,6,30,0
22-01 16:45:23,23.248,3.500,72.742,0,0,1839112,523296,174260,5378432,10987.857,1693.824,0,47.995,0,2.000,1119,1324,2.180,1.600,0.880,1,0,6.999,0,0,13,60,6,30,0
22-01 16:45:24,9.999,1.750,87.991,0,0,1856632,505208,174264,5378980,7402.275,1619.841,0,0,0,0,1202,2668,2.180,1.600,0.880,0,0,4.000,0,0,13,60,6,23,0
22-01 16:45:25,0.500,0.750,98.253,0,0.250,1856632,505208,174264,5378980,6703.174,1730.045,0,752.020,0,6.000,671,997,2.180,1.600,0.880,0,0,1.000,0,0,13,60,6,23,0
22-01 16:45:26,11.533,10.029,78.223,0,0.501,1805452,556264,174264,5379128,7811.293,1624.637,0,20.057,0,5.014,3306,7382,2.180,1.600,0.880,3,0,151.432,0,0,13,58,6,22,2
22-01 16:45:27,19.951,16.460,62.597,0,0.249,1867844,493704,174264,5379508,7012.819,1508.305,0,243.404,0,3.990,4195,11173,2.170,1.600,0.890,2,0,255.374,0,0,13,60,6,22,2
22-01 16:45:28,18.750,14.500,64.999,0,0,1872020,489408,174264,5379268,6616.907,1661.977,0,35.999,0,7.000,4783,9967,2.170,1.600,0.890,0,0,207.997,0,0,11,52,6,22,4
22-01 16:45:29,18.750,14.500,65.252,0,0,1872676,488680,174264,5379284,7097.170,1694.041,0,8.000,0,2.000,4203,8701,2.170,1.600,0.890,1,0,265.006,0,0,13,58,6,22,4
22-01 16:45:30,24.325,12.539,62.192,0.251,0,1672440,688776,174264,5379380,10895.679,1699.252,80.248,5649.462,3.009,124.384,2428,3959,2.170,1.600,0.890,4,0,298.924,0,0,13,52,6,27,0
22-01 16:45:31,31.224,21.732,46.461,0,0,1736052,625108,174264,5379436,9671.798,1692.565,0,27.976,0,6.994,3512,5756,2.170,1.600,0.890,3,0,537.544,0,0,13,52,6,27,0
22-01 16:45:32,41.505,20.252,35.754,0,0.250,1851024,509744,174268,5379836,9217.014,1620.178,0,472.052,0,7.001,6310,14528,2.240,1.630,0.900,3,0,210.023,0,0,13,60,6,28,0
22-01 16:45:33,45.509,11.252,43.258,0,0.250,1936760,423912,174272,5379924,7539.478,1640.322,0,404.079,0,3.001,1709,2149,2.240,1.630,0.900,3,0,138.027,0,0,13,60,6,28,0
22-01 16:45:34,24.686,4.488,69.570,0,0,1978420,380344,174372,5381696,6715.633,1508.100,0,27.928,0,5.985,2378,4548,2.240,1.630,0.900,2,0,3.990,0,0,13,60,6,25,0
22-01 16:45:35,23.059,6.266,61.156,9.274,0.251,2033796,311868,174640,5394204,7602.409,1714.377,152.389,61998.282,38.097,1688.310,9138,17070,2.240,1.630,0.900,1,0,5.013,0,0,13,62,6,25,0
22-01 16:45:36,25.244,5.999,55.986,10.247,0,2036016,300304,174772,5403072,6854.328,1619.605,0,18651.449,0,1855.547,12717,22540,2.240,1.630,0.900,2,0,3.999,0,0,13,62,6,25,0
22-01 16:45:37,30.399,19.186,45.848,2.741,0.249,2180616,153852,174784,5404768,6958.917,1762.155,0,18650.137,0,1035.565,9665,16553,2.060,1.600,0.890,2,0,310.969,0,0,14,87,6,36,0
22-01 16:45:38,10.511,19.771,68.823,0,0,2180508,153892,174784,5404808,6506.936,1621.729,0,3055.257,0,46.049,3139,4794,2.060,1.600,0.890,2,0,396.423,0,0,14,87,6,30,0
22-01 16:45:39,21.052,15.538,61.402,0.251,0,2202840,131300,174784,5405300,8260.387,1666.112,0,2602.423,0,139.344,4602,8256,2.060,1.600,0.890,3,0,214.529,0,0,14,87,6,30,0
22-01 16:45:40,45.622,9.224,43.877,0.748,0.499,2272532,124320,173200,5345356,6092.861,1615.456,203.428,4511.310,11.966,477.656,2230,2265,2.060,1.600,0.890,3,0,78.778,0,0,14,88,6,30,0
22-01 16:45:41,21.238,14.991,61.465,1.749,0,2313460,123512,172672,5305844,6432.346,1457.172,2058.831,3006.292,38.978,304.827,3690,5115,2.060,1.600,0.890,1,0,208.881,0,0,14,91,6,30,0
22-01 16:45:42,9.254,17.508,71.784,0,0,2320208,128596,172608,5294076,7681.680,1620.776,0,116.056,0,11.005,2781,3991,2.060,1.600,0.890,1,0,301.144,0,0,14,91,6,30,0
22-01 16:45:43,8.765,19.533,71.621,0,0.501,2330096,121692,172608,5291240,6501.988,1664.814,240.406,40.068,8.014,4.007,2695,3810,1.890,1.570,0.890,2,0,312.528,0,0,14,91,6,30,0
22-01 16:45:44,14.510,12.508,71.548,0.500,0,2359556,133664,172432,5250304,9049.045,1621.083,1749.168,0,56.037,0,2044,2728,1.890,1.570,0.890,1,0,170.114,0,0,14,91,6,30,0
22-01 16:45:45,21.772,4.755,72.074,0.501,0,2321052,192372,172384,5230540,9168.379,1711.751,3123.195,0,83.085,0,2100,3215,1.890,1.570,0.890,1,0,5.005,0,0,14,93,6,31,0
22-01 16:45:46,20.240,5.747,72.963,0.250,0.250,2383484,129692,172388,5230784,9168.342,1693.140,215.890,83.957,3.998,5.997,1832,2952,1.890,1.570,0.890,2,0,58.970,0,0,14,96,6,31,0
22-01 16:45:47,31.434,5.489,59.875,1.497,0.249,2425864,131328,172188,5187676,8142.032,1690.477,11.975,1916.007,2.994,230.520,4220,7285,1.890,1.570,0.890,1,0,6.985,0,0,14,108,6,33,0
22-01 16:45:48,16.981,9.739,71.919,0.250,0,2416808,140244,172196,5187812,7439.608,1456.357,7.991,994.878,1.998,64.927,1814,2542,1.820,1.560,0.890,1,0,110.875,0,0,14,108,6,33,0
22-01 16:45:49,27.793,2.253,69.857,0.250,0,2437676,119328,172196,5187860,8643.224,1622.482,0,1414.164,0,136.208,3028,4941,1.820,1.560,0.890,1,0,0,0,0,14,110,6,33,0
22-01 16:45:50,20.233,6.245,72.191,0.250,0,2437376,119616,172196,5187872,6673.501,1618.666,0,543.552,0,44.963,1726,2685,1.820,1.560,0.890,1,0,91.924,0,0,14,108,6,34,0
22-01 16:45:51,21.745,5.249,71.734,0.500,0.250,2414276,157728,172148,5173176,7451.376,1713.626,699.847,459.900,20.995,38.991,1710,2429,1.820,1.560,0.890,1,0,56.988,0,0,14,112,6,35,0
22-01 16:45:52,22.740,4.748,71.969,0.250,0,2389904,181908,172148,5173368,6256.322,1619.307,23.990,391.832,4.998,24.989,1525,2167,1.820,1.560,0.890,2,0,50.978,0,0,14,112,6,36,0
22-01 16:45:53,22.272,3.253,73.074,0.250,0.250,2445236,126548,172148,5173396,8105.178,1695.711,0,532.537,0,54.055,1478,2215,1.750,1.550,0.890,1,0,0,0,0,14,114,6,36,0
22-01 16:45:54,21.035,6.511,71.370,0.501,0,2437340,134416,172148,5173424,7281.225,1622.725,0,2099.525,0,135.227,2164,3136,1.750,1.550,0.890,1,0,82.138,0,0,14,112,6,37,0
22-01 16:45:55,21.452,5.488,72.088,0,0.499,2407248,179020,172080,5159308,9027.706,1528.564,71.839,51.883,10.975,6.984,1705,2483,1.750,1.550,0.890,1,0,54.877,0,0,14,114,6,38,0
22-01 16:45:56,24.226,2.997,71.679,0.500,0,2449852,136208,172084,5159512,13302.857,1618.401,151.850,775.234,26.973,121.880,2330,3608,1.750,1.550,0.890,1,1,0,0,0,14,116,6,38,0
22-01 16:45:57,24.327,6.270,68.215,1.254,0,2435396,150360,172084,5159816,8326.286,1625.131,68.215,4542.340,12.038,336.061,3413,5840,1.750,1.550,0.890,1,0,55.174,0,0,14,118,6,39,0
22-01 16:45:58,22.004,4.251,70.762,1.500,0,2478536,128496,172008,5139040,11238.944,1620.280,4.001,4052.701,1.000,352.061,2244,2754,1.690,1.540,0.890,1,0,0,0,0,14,120,6,39,0
22-01 16:45:59,28.183,4.240,64.346,1.746,0.249,2500748,132836,171704,5113356,10719.370,1658.036,1073.433,4612.970,183.561,330.210,3837,7341,1.690,1.540,0.890,4,0,2.993,0,0,14,125,6,39,0
22-01 16:46:00,23.243,5.998,69.480,0.250,0,2484420,149024,171728,5113492,8066.620,1619.522,219.935,487.856,31.991,38.988,2066,3162,1.690,1.540,0.890,1,0,70.979,0,0,14,123,6,40,0
22-01 16:46:01,21.776,6.758,70.083,0.751,0,2453000,180020,171728,5113916,8909.602,1513.801,356.424,1041.239,25.030,118.141,2518,4893,1.690,1.540,0.890,2,0,82.098,0,0,14,123,6,41,0
22-01 16:46:02,21.476,4.745,72.169,0,0.250,2505556,127448,171728,5113932,7400.652,1638.152,0,439.504,0,19.977,1437,2009,1.690,1.540,0.890,1,0,64.927,0,0,14,123,6,41,0
22-01 16:46:03,25.989,1.499,70.721,0.500,0.500,2512132,120644,171732,5114156,9411.188,1619.344,43.982,987.600,10.996,104.957,2635,4789,1.640,1.530,0.890,1,0,0,0,0,14,125,5,40,0
22-01 16:46:04,33.125,6.525,57.968,0.753,0,2465076,177964,171564,5104372,6021.684,1626.126,4709.742,1481.581,124.469,118.446,3484,6747,1.640,1.530,0.890,3,0,105.397,0,0,14,125,5,41,0
22-01 16:46:05,33.864,8.964,57.270,0.498,0,2521372,120184,171564,5105824,7660.206,2025.856,1143.404,1406.346,21.912,112.548,3658,6372,1.640,1.530,0.890,1,0,184.259,0,0,14,125,5,41,0
22-01 16:46:06,18.057,11.286,70.473,0,0,2473736,178008,171392,5096016,6505.571,1875.932,148.469,489.548,25.079,27.086,2339,3520,1.640,1.530,0.890,2,0,185.587,0,0,14,125,5,42,0
22-01 16:46:07,10.477,19.208,69.097,0.499,0,2482108,169424,171528,5096092,7849.644,1706.228,155.656,558.765,7.982,40.910,3106,4886,1.640,1.530,0.890,1,0,353.219,0,0,14,125,5,42,0
22-01 16:46:08,16.790,16.790,65.155,0,0.251,2490432,160580,171528,5096660,11531.468,1623.868,400.955,489.165,14.033,27.064,5051,9786,1.590,1.520,0.890,2,0,200.478,0,0,14,125,5,42,0
22-01 16:46:09,32.504,22.002,45.505,0.500,0.250,2534988,131104,171136,5082144,10003.080,1554.168,36.004,2200.238,6.001,144.016,4064,6938,1.590,1.520,0.890,4,6,534.058,0,0,14,125,5,42,0
22-01 16:46:10,39.098,18.428,39.098,1.494,0,2616740,130588,170920,5003264,8254.814,1601.755,1386.594,10467.188,125.511,1325.831,8833,14147,1.590,1.520,0.890,5,0,247.037,0,0,14,137,5,42,0
22-01 16:46:11,47.942,25.100,25.351,1.004,0,2721784,133376,170784,4898568,9870.502,1771.088,2594.383,2361.451,149.599,341.366,4651,8500,1.590,1.520,0.890,3,0,602.411,0,0,16,137,5,42,0
22-01 16:46:12,53.986,22.494,21.744,0,0,2811872,131860,170828,4812076,6473.265,1693.546,939.748,259.930,65.982,16.995,6615,18736,1.590,1.520,0.890,5,0,279.925,0,0,16,139,5,42,0
22-01 16:46:13,44.754,26.003,28.003,0.500,0.500,2888664,133620,170832,4734756,8422.817,1620.157,604.059,6424.623,33.003,445.043,6107,13801,1.780,1.570,0.910,2,0,446.043,0,0,16,153,5,42,0
22-01 16:46:14,23.996,21.746,52.741,0,0,2936844,131960,170836,4689192,8659.545,1693.715,3.999,243.959,1.000,8.998,3417,5405,1.780,1.570,0.910,2,0,438.926,0,0,17,153,5,42,0
22-01 16:46:15,18.683,15.943,64.020,0.996,0,2946808,128380,170836,4683284,9636.338,1703.871,350.738,1610.208,5.978,254.086,5426,10474,1.780,1.570,0.910,3,0,251.097,0,0,17,153,5,42,0
22-01 16:46:16,29.090,21.316,48.902,0,0,2987996,120948,170836,4649768,11459.571,1516.708,156.486,421.308,4.012,40.125,3744,6126,1.780,1.570,0.910,4,0,429.333,0,0,17,157,5,42,0
22-01 16:46:17,38.452,20.591,38.700,0,0,3084416,133852,170848,4543004,10504.673,1649.232,0,456.466,0,42.670,6363,13552,1.780,1.570,0.910,9,0,259.987,0,0,17,169,5,42,0
22-01 16:46:18,31.012,21.683,46.896,0.252,0,3134344,133120,170848,4494672,6529.073,1653.951,12.102,314.654,2.017,19.162,4455,10580,2.520,1.720,0.960,3,0,488.117,0,0,17,169,5,42,0
22-01 16:46:19,33.246,24.747,40.995,0,0,3228812,132860,170856,4402792,7878.094,1915.780,47.994,779.910,3.000,49.994,5150,12166,2.520,1.720,0.960,2,0,637.927,0,0,17,175,6,42,0
22-01 16:46:20,13.238,19.732,64.942,0,0.500,3240248,122196,170856,4402092,7214.557,1692.489,0,759.322,0,49.955,4244,9474,2.520,1.720,0.960,2,0,425.620,0,0,17,181,6,42,0
22-01 16:46:21,20.765,15.761,61.794,0,0.250,3251888,134004,170856,4379140,6518.635,1621.153,0,352.250,0,11.008,4795,8626,2.520,1.720,0.960,2,0,192.137,0,0,17,181,6,42,0
22-01 16:46:22,45.687,8.939,44.197,0.248,0,3385832,136404,170856,4245872,8865.317,1682.483,242.341,7329.827,17.878,549.240,2646,2145,2.520,1.720,0.960,2,1,7.946,0,0,17,183,6,42,0
22-01 16:46:23,44.677,8.283,45.430,1.004,0.251,3481064,128016,170992,4160360,8172.395,1518.017,2377.424,248.987,59.235,21.084,2363,3087,2.640,1.760,0.980,2,0,5.020,0,0,17,188,6,38,0
22-01 16:46:24,44.157,24.838,29.103,0.251,0,3471576,142496,171016,4155588,8664.777,1625.775,1489.290,682.424,33.118,35.125,8181,15015,2.640,1.760,0.980,3,0,598.125,0,0,17,189,6,38,0
22-01 16:46:25,47.460,26.228,24.479,0,0,3443892,166308,171016,4159780,8132.185,1750.533,19.983,943.210,1.998,59.950,5834,11722,2.640,1.760,0.980,2,0,456.617,0,0,17,203,6,40,0
22-01 16:46:26,59.272,19.176,20.172,0.249,0,3544380,128844,171016,4098156,9353.959,1707.421,426.357,673.405,11.954,50.804,4838,8321,2.640,1.760,0.980,4,0,199.232,0,0,17,214,6,41,0
22-01 16:46:27,77.568,19.329,2.510,0,0,3641128,123672,171024,4008260,7768.891,1626.678,807.314,3253.355,18.074,178.734,3082,5910,2.640,1.760,0.980,6,0,60.247,0,0,17,224,6,41,1
22-01 16:46:28,74.476,15.692,8.469,0.249,0.498,3655348,146640,171116,3971604,6804.992,1687.797,438.389,29623.135,26.901,1000.324,8050,14718,2.750,1.800,1,6,0,48.821,0,0,17,224,6,46,0
22-01 16:46:29,50.753,22.502,25.252,0.750,0,3666360,160136,171116,3947896,8386.562,1620.109,704.047,2676.179,56.004,301.020,8429,38316,2.750,1.800,1,3,0,380.025,0,0,17,230,6,48,0
22-01 16:46:30,38.008,18.004,43.009,0,0.250,3699452,132424,171116,3943064,8150.769,1512.328,0,608.132,0,51.011,5861,11560,2.750,1.800,1,2,0,280.061,0,0,17,230,6,46,0
22-01 16:46:31,51.141,23.314,25.320,0.251,0.251,3751520,130716,171116,3893424,10484.980,1624.490,160.443,501.386,6.017,31.086,4050,7167,2.750,1.800,1,3,0,500.383,0,0,17,231,6,46,0
22-01 16:46:32,60.786,20.428,17.688,0.249,0,3789428,146160,171204,3841208,7310.290,1614.322,370.696,964.607,36.870,66.765,5544,15974,2.750,1.800,1,7,0,258.092,0,0,17,234,6,45,0
22-01 16:46:33,53.972,25.103,20.334,0.251,0,3837212,132224,171204,3808324,8937.806,1626.699,184.761,638.630,15.062,45.186,4838,9528,3.170,1.900,1.040,4,0,533.196,0,0,17,240,6,45,0
22-01 16:46:34,56.005,18.001,23.752,0.250,0.250,3840260,181924,171216,3756588,7458.619,1640.136,72.006,1292.107,8.001,101.008,6730,16310,3.170,1.900,1.040,3,0,201.017,0,0,17,246,6,42,0
22-01 16:46:35,60.500,15.750,20.250,1.750,0.250,4009152,133236,171220,3637380,7807.062,1710.014,68.001,14504.116,4.000,891.007,4484,3956,3.170,1.900,1.040,3,0,131.001,0,0,17,247,6,42,0
22-01 16:46:36,64.997,10.999,23.249,0.250,0,4069180,137872,171236,3573660,9300.526,1763.910,403.979,895.954,23.999,73.996,3494,5511,3.170,1.900,1.040,3,0,9.000,0,0,17,256,6,46,0
22-01 16:46:37,50.249,23.500,25.500,0.250,0,4043104,162960,171240,3574692,9418.906,1619.984,523.995,799.992,6.000,68.999,4998,9807,3.170,1.900,1.040,4,0,495.995,0,0,17,256,6,49,0
22-01 16:46:38,47.478,23.489,27.487,0.500,0.250,4030600,174556,171372,3575836,7447.500,1511.290,1391.346,1566.264,31.985,84.960,5975,10765,3.150,1.920,1.050,1,0,373.824,0,0,17,256,6,39,0
22-01 16:46:39,66.027,15.256,17.507,0.500,0,4150604,129380,171448,3502384,7047.932,1662.692,3377.405,704.293,52.022,51.021,3612,7982,3.150,1.920,1.050,6,0,196.082,0,0,18,259,6,39,0
22-01 16:46:40,62.500,13.750,23.500,0.250,0.250,4182748,132256,171468,3468144,7981.040,1620.008,552.003,1796.009,7.000,101.001,2487,3727,3.150,1.920,1.050,4,0,53.000,0,0,18,259,6,39,0
22-01 16:46:41,47.234,15.245,34.738,1.250,0,4201268,154684,171508,3428128,8401.194,1693.434,1119.626,9176.935,15.995,754.748,5235,10246,3.150,1.920,1.050,2,0,216.928,0,0,18,256,7,40,0
22-01 16:46:42,19.924,5.728,73.222,0,0,4230976,126896,171508,3426272,13525.576,2563.255,510.061,0,3.985,0,1596,2261,3.150,1.920,1.050,4,0,8.966,0,0,18,257,6,40,0
22-01 16:46:43,19.003,5.001,74.513,0.250,0,4219768,138096,171508,3426280,9914.775,2340.419,768.137,160.029,6.001,6.001,1621,2228,3.060,1.920,1.050,2,0,8.001,0,0,18,260,6,40,0
22-01 16:46:44,20.771,6.507,71.824,0.250,0.501,4237012,137448,171508,3410048,15805.248,2964.047,544.560,300.309,6.006,36.037,2017,2871,3.060,1.920,1.050,3,0,10.010,0,0,18,265,7,40,1
22-01 16:46:45,19.491,5.248,74.215,0.250,0.250,4236620,137836,171508,3410052,14085.324,2567.783,767.636,151.928,5.997,8.996,1579,2302,3.060,1.920,1.050,4,0,6.997,0,0,18,266,6,40,0
22-01 16:46:46,20.582,7.279,71.283,0,0,4227564,147224,171508,3409720,33579.478,3023.016,530.107,429.708,5.020,36.144,2552,3964,3.060,1.920,1.050,2,0,11.044,0,0,18,272,6,39,0
22-01 16:46:47,14.691,4.731,79.678,0.249,0,4230528,144048,171508,3409932,229731.802,3454.059,509.942,370.505,3.984,38.843,1914,2768,3.060,1.920,1.050,1,0,4.980,0,0,18,274,6,39,0
22-01 16:46:48,3.749,1.000,94.222,0.250,0.250,4231708,140688,171508,3412112,2262340.298,17520.744,0,143.957,0,9.997,1533,1795,2.820,1.890,1.050,1,0,0,0,0,18,274,6,37,0
22-01 16:46:49,3.748,1.499,93.197,0,0,4233024,137244,171508,3414240,2243642.393,8754.983,0,635.636,0,30.982,1896,2443,2.820,1.890,1.050,0,0,0,0,0,18,274,6,37,0
22-01 16:46:50,3.752,1.501,92.809,0,0,4215244,155708,171508,3413556,3018247.551,10602.712,0,0,0,0,1697,1959,2.820,1.890,1.050,0,0,2.001,0,0,18,274,6,36,0
22-01 16:46:51,2.996,1.748,95.383,0,0,4218328,150572,171508,3415612,2239963.764,8269.894,0,0,0,0,1455,1745,2.820,1.890,1.050,1,0,0,0,0,18,274,6,36,0
22-01 16:46:52,4.004,1.001,93.335,0,0.250,4221972,144160,171508,3418364,2841200.492,11010.019,0,0,0,0,1705,1993,2.820,1.890,1.050,1,0,0,0,0,18,274,6,35,0
22-01 16:46:53,2.250,1.000,94.750,0,0,4222996,144572,171508,3417028,2438244.247,9415.962,0,4.000,0,1.000,1493,1745,2.590,1.860,1.040,0,0,0,0,0,18,274,6,35,0
22-01 16:46:54,8.015,11.271,79.646,0.501,0.250,4224288,139908,171508,3420384,1305780.578,5500.065,2167.967,276.506,26.048,30.055,2721,3879,2.590,1.860,1.040,1,0,176.323,0,0,18,275,6,33,0
22-01 16:46:55,21.222,5.992,71.157,0,0.250,4279884,126320,171508,3379232,6967.879,1691.785,0,183.759,0,10.986,1834,2908,2.590,1.860,1.040,1,0,76.899,0,0,18,276,6,33,0
22-01 16:46:56,24.481,4.496,68.696,0.500,0.250,4289368,137188,171508,3359284,8036.651,1660.688,483.618,319.747,24.980,50.960,3358,7813,2.590,1.860,1.040,1,0,2.998,0,0,18,286,6,34,0
22-01 16:46:57,25.096,4.015,69.517,0.251,0,4284864,133816,171508,3367160,13798.040,1572.043,32.123,722.778,2.008,74.286,4846,8753,2.590,1.860,1.040,1,0,5.019,0,0,18,289,6,36,0
22-01 16:46:58,13.452,14.697,69.251,0.747,0,4266876,151644,171508,3367356,7915.544,1506.584,159.427,278.997,6.975,14.946,3375,5505,2.460,1.840,1.040,2,0,463.334,0,0,18,289,6,35,0
22-01 16:46:59,20.993,7.997,71.226,0,0,4234196,201072,171508,3350764,8672.060,1693.426,0,303.897,0,18.994,2192,3209,2.460,1.840,1.040,2,0,129.956,0,0,18,289,6,35,0
22-01 16:47:00,9.530,19.060,69.718,0.251,0.251,4241672,193520,171508,3350840,7660.971,1699.317,24.075,2162.767,4.013,129.405,3661,5846,2.460,1.840,1.040,4,0,361.130,0,0,18,289,6,33,0
22-01 16:47:01,6.484,8.229,83.538,0.249,0,4242852,192300,171508,3350880,6377.845,1689.720,7.980,1284.746,0.997,74.811,2358,3674,2.460,1.840,1.040,0,0,172.563,0,0,18,289,6,33,0
22-01 16:47:02,13.487,2.747,82.670,0.250,0.250,4280400,154752,171508,3350880,7386.864,1618.437,15.985,16036.509,3.996,27.973,1364,1968,2.460,1.840,1.040,1,0,8.991,0,0,18,289,6,32,0
22-01 16:47:03,20.065,7.524,71.482,0,0,4249108,186004,171508,3350920,7464.199,1699.510,72.234,116.377,3.010,12.039,2253,3710,2.350,1.830,1.040,1,0,111.361,0,0,18,293,6,33,0
22-01 16:47:04,13.510,15.261,70.552,0,0.500,4246852,188076,171512,3351100,10591.774,1621.190,12.009,124.091,3.002,12.009,3164,5212,2.350,1.830,1.040,2,0,240.176,0,0,18,293,6,32,0
22-01 16:47:05,14.937,12.945,69.955,0.249,0,4262484,172220,171512,3351324,8625.626,1613.197,3.983,191.194,0.996,11.950,2635,4452,2.350,1.830,1.040,1,0,189.202,0,0,18,293,6,32,0
22-01 16:47:06,23.513,3.502,71.538,0.250,0.250,4321132,130416,171512,3334824,7806.200,1458.785,12.006,84.045,3.002,10.005,1426,1989,2.350,1.830,1.040,2,0,2.001,0,0,18,295,6,31,0
22-01 16:47:07,24.743,3.999,68.481,1.250,0,4358480,131592,171516,3297256,7066.993,1767.498,183.948,4046.851,10.997,467.867,3041,3717,2.350,1.830,1.040,1,0,1.999,0,0,18,299,6,31,0
22-01 16:47:08,24.500,3.500,71.749,0,0,4309468,180480,171516,3297380,7427.889,1619.976,111.998,183.997,5.000,10.000,1514,2132,2.160,1.800,1.030,2,0,5.000,0,0,18,297,6,31,0
22-01 16:47:09,24.253,3.500,70.758,0,0,4352740,137164,171516,3297424,7354.831,1620.183,20.002,176.020,3.000,16.002,1872,3020,2.160,1.800,1.030,1,0,8.001,0,0,18,305,6,31,0
22-01 16:47:10,23.264,3.752,71.542,0.250,0.250,4295020,194880,171516,3297428,6704.902,1620.943,0,108.063,0,6.003,1473,2296,2.160,1.800,1.030,2,0,17.010,0,0,18,299,6,31,0
22-01 16:47:11,19.508,6.503,72.031,0,0.250,4254476,234188,171516,3298664,7468.211,1690.727,1488.640,96.041,18.008,10.004,2010,2986,2.160,1.800,1.030,1,0,118.051,0,0,18,299,6,31,0
22-01 16:47:12,13.490,15.489,69.699,0,0,4264536,224000,171524,3298784,8929.446,1510.891,135.900,575.578,33.975,13.990,3310,4951,2.160,1.800,1.030,1,0,371.727,0,0,18,299,6,31,0
22-01 16:47:13,19.551,7.269,71.687,0.251,0.251,4285944,198336,171528,3303036,9635.138,1570.096,4130.777,0,78.204,0,1992,2796,2.060,1.780,1.030,0,1,93.243,0,0,18,299,6,31,0
22-01 16:47:14,26.273,3.253,69.561,0,0.250,4308920,172164,171552,3306208,9383.163,1621.411,3306.877,228.199,34.030,20.017,9178,18430,2.060,1.780,1.030,1,0,5.004,0,0,18,299,6,31,0
22-01 16:47:15,13.950,2.989,80.712,0.249,0,4283996,196816,171560,3306472,8381.096,1852.391,35.872,318.862,5.979,11.957,1592,2511,2.060,1.780,1.030,0,0,7.972,0,0,18,300,6,31,0
22-01 16:47:16,7.255,1.001,90.817,0.250,0,4285960,194548,171564,3306772,14644.764,3467.549,272.200,56.041,5.004,3.002,1206,1860,2.060,1.780,1.030,1,0,0,0,0,18,300,6,31,0
22-01 16:47:17,16.741,1.499,81.457,0.750,0.250,4286748,193540,171572,3306984,15246.980,3413.205,71.962,16803.162,2.998,149.921,1627,2329,2.060,1.780,1.030,3,0,0,0,0,18,300,6,31,0
22-01 16:47:18,25.501,2.000,72.003,0.500,0,4299904,178488,171716,3308448,6659.306,1620.075,0,728.033,0,38.002,1540,2195,1.980,1.770,1.030,1,0,1.000,0,0,18,300,6,31,0
22-01 16:47:19,23.502,5.000,68.757,0,0,4316032,162360,171716,3308448,7405.711,1620.156,0,204.020,0,16.002,9259,18623,1.980,1.770,1.030,1,0,12.001,0,0,18,300,6,31,0
22-01 16:47:20,16.477,12.483,70.902,0,0.250,4266860,211760,171716,3308188,7222.026,1629.749,0,83.884,0,1.997,2657,4423,1.980,1.770,1.030,1,0,266.632,0,0,18,299,6,31,0
22-01 16:47:21,23.533,3.505,72.102,0,0,4316720,161700,171716,3308388,8049.414,1622.300,0,0,0,0,1538,2262,1.980,1.770,1.030,1,0,0,0,0,18,303,6,32,0
22-01 16:47:22,21.498,7.249,71.742,0,0,4299040,179200,171716,3308568,6983.260,1619.828,23.997,543.942,2.000,2.000,2027,3189,1.980,1.770,1.030,3,0,111.988,0,0,18,299,6,33,0
22-01 16:47:23,24.350,5.774,68.532,0,0.502,4291688,186544,171716,3308576,10447.941,1700.991,0,200.825,0,7.029,2847,4862,1.900,1.760,1.030,2,0,70.289,0,0,18,299,6,34,0
22-01 16:47:24,24.922,5.732,68.785,0.249,0,4266180,211912,171716,3308716,8575.220,1688.726,0,231.278,0,19.938,2325,3458,1.900,1.760,1.030,2,0,52.835,0,0,18,299,6,35,0
22-01 16:47:25,23.225,4.745,71.175,0,0,4320944,157132,171720,3308728,8632.866,1618.288,0,131.860,0,10.988,1768,2811,1.900,1.760,1.030,1,0,2.997,0,0,18,301,6,36,1
22-01 16:47:26,23.494,3.749,71.481,0,0,4315820,162244,171720,3308740,7110.073,1619.561,0,139.962,0,11.997,1585,2150,1.900,1.760,1.030,3,0,27.992,0,0,18,299,6,37,0
22-01 16:47:27,24.599,4.016,71.035,0.251,0.251,4296204,181688,171720,3308912,6789.259,1518.095,36.145,437.758,3.012,45.181,2298,3699,1.900,1.760,1.030,2,0,47.189,0,0,18,299,6,35,0
22-01 16:47:28,22.911,4.981,70.974,0,0,4282016,195840,171720,3308948,5441.842,1559.935,0,163.365,0,12.950,1856,2891,1.830,1.750,1.030,1,0,27.892,0,0,18,299,6,38,0
22-01 16:47:29,24.551,3.758,71.148,0.251,0,4249100,228736,171724,3308964,8054.722,1623.370,0,440.915,0,39.081,2059,3115,1.830,1.750,1.030,3,0,30.062,0,0,18,299,6,32,0
22-01 16:47:30,22.037,4.507,72.370,0,0,4308680,169128,171724,3308992,9552.877,1622.697,0,180.300,0,10.017,1734,2907,1.830,1.750,1.030,2,0,60.100,0,0,18,299,6,32,0
22-01 16:47:31,22.661,5.230,71.720,0,0.498,4303780,173952,171724,3309068,10287.795,1613.694,0,151.408,0,7.969,1785,2548,1.830,1.750,1.030,1,0,46.817,0,0,18,299,6,33,0
22-01 16:47:32,25.517,3.502,70.798,0.250,0.250,4284364,193140,171724,3309296,12749.568,1695.139,228.153,168.113,16.011,10.007,1958,2667,1.830,1.750,1.030,3,0,22.015,0,0,18,299,6,34,0
22-01 16:47:33,31.051,4.758,61.101,1.002,0,4298332,177976,171724,3310492,8350.770,1622.676,977.612,949.566,78.129,131.216,3737,8183,2.080,1.800,1.050,1,0,26.043,0,0,18,303,5,30,0
22-01 16:47:34,24.940,4.240,68.584,0.748,0.249,4294328,181544,171724,3310928,7446.956,1616.084,47.884,1209.070,2.993,102.751,2571,3896,2.080,1.800,1.050,2,0,4.988,0,0,18,301,5,31,0
22-01 16:47:35,26.042,3.255,68.862,1.002,0,4245760,229860,171724,3311180,8414.699,1514.466,72.117,2007.268,5.008,189.308,3782,6464,2.080,1.800,1.050,1,0,8.013,0,0,18,301,5,31,0
22-01 16:47:36,11.280,21.055,68.178,0,0,4269096,206460,171724,3311228,9807.667,1612.219,0,529.385,0,41.108,4077,6965,2.080,1.800,1.050,1,0,640.677,0,0,18,301,5,31,0
22-01 16:47:37,10.237,21.723,66.417,0.250,0,4263768,211656,171728,3311356,8927.805,1617.971,95.880,695.128,5.992,53.932,4507,7463,2.080,1.800,1.050,1,0,620.222,0,0,18,301,5,24,0
22-01 16:47:38,10.487,21.723,66.417,0.749,0,4267960,207436,171728,3311384,6565.767,1617.971,0,3903.106,0,433.456,4716,6849,2,1.790,1.050,3,0,629.211,0,0,18,301,5,24,0
22-01 16:47:39,9.493,20.736,67.454,0.250,0.500,4268364,207000,171732,3311412,7205.057,1660.861,0,2374.371,0,144.901,4178,6864,2,1.790,1.050,1,0,557.617,0,0,18,301,5,23,0
22-01 16:47:40,11.283,20.309,67.697,0,0.501,4269548,205784,171732,3311444,7297.264,1624.734,0,176.514,0,19.056,3820,6269,2,1.790,1.050,1,0,541.578,0,0,18,301,5,23,0
22-01 16:47:41,10.461,20.174,67.496,0,0,4264904,210392,171732,3311480,8087.550,1687.646,0,43.835,0,10.959,3931,6510,2,1.790,1.050,1,0,595.757,0,0,18,301,5,22,0
22-01 16:47:42,13.759,13.509,71.046,0.250,0,4273792,300448,171736,3222236,9923.381,1587.020,12.008,24.015,3.002,3.002,2512,3852,2,1.790,1.050,1,0,216.139,0,0,18,301,5,22,0
22-01 16:47:43,23.075,5.769,70.229,0.251,0.251,4306616,250776,172196,3237664,7133.226,1625.292,44.144,2439.944,4.013,15.049,8823,17542,1.920,1.770,1.050,1,0,8.026,0,0,18,301,5,22,0
22-01 16:47:44,18.183,1.993,78.210,0,0,4312424,243720,172208,3238676,7060.818,1872.058,0,677.488,0,14.945,1446,2099,1.920,1.770,1.050,0,0,3.985,0,0,18,302,5,22,0
22-01 16:47:45,4.749,1.250,90.733,1.000,0,4312396,243720,172208,3238704,12202.718,2530.527,3.999,3315.380,1.000,205.961,2202,3640,1.920,1.770,1.050,0,0,0,0,0,18,302,5,22,0
22-01 16:47:46,5.251,0.500,93.261,0.250,0.250,4313372,242712,172216,3238728,10907.254,4200.483,16.002,400.046,3.000,17.002,1160,1779,1.920,1.770,1.050,1,0,0,0,0,18,302,5,22,0
22-01 16:47:47,5.502,1.250,91.777,0.250,0.500,4314032,241956,172228,3238780,11969.579,4146.240,24.007,424.127,3.001,43.013,1441,2159,1.920,1.770,1.050,0,0,0,0,0,18,302,5,22,0
22-01 16:47:48,7.996,0.750,89.705,0.500,0,4314008,241956,172240,3238792,10435.740,4221.872,0,2962.507,0,165.916,1265,1757,1.840,1.760,1.050,0,0,0,0,0,18,302,5,22,0
22-01 16:47:49,6.000,1.500,91.503,0,0,4314232,241704,172244,3238816,10764.344,4134.132,0,580.019,0,19.001,1375,2107,1.840,1.760,1.050,0,0,0,0,0,18,302,6,22,0
22-01 16:47:50,5.502,0.750,93.535,0.250,0,4314568,241228,172256,3238948,10330.905,4083.544,0,268.101,0,9.003,1185,1743,1.840,1.760,1.050,0,0,2.001,0,0,18,302,6,22,0
22-01 16:47:51,3.999,0.750,93.723,0,0.250,4315452,240220,172260,3239036,11955.581,4056.840,31.991,279.920,3.999,8.997,1110,1706,1.840,1.760,1.050,0,0,0,0,0,18,302,6,22,0
22-01 16:47:52,5.000,0.750,92.506,0.250,0,4316540,238988,172260,3239180,10379.685,4088.270,0,264.017,0,9.001,1227,1875,1.840,1.760,1.050,0,0,0,0,0,18,302,6,22,0
22-01 16:47:53,4.499,1.500,93.735,0,0.250,4317200,238288,172260,3239216,12075.044,4004.351,0,2127.655,0,16.997,1148,1907,1.690,1.730,1.040,0,0,0,0,0,18,302,6,22,0
22-01 16:47:54,5.506,0.501,92.104,0.501,0,4318540,236776,172268,3239380,10457.849,4113.661,0,404.458,0,21.024,1312,2091,1.690,1.730,1.040,0,0,0,0,0,18,302,6,22,0
22-01 16:47:55,8.240,0.999,89.137,0.499,0,4331356,223924,172276,3239408,12922.601,3336.766,3.995,775.017,0.999,50.935,1471,2383,1.690,1.730,1.040,2,0,0,0,0,18,302,6,22,0
22-01 16:47:56,8.252,0.750,90.025,0,0,4330748,223672,172288,3240256,9318.637,4102.161,0,152.043,0,6.002,1172,1764,1.690,1.730,1.040,0,0,0,0,0,18,302,6,22,0
22-01 16:47:57,5.753,0.250,91.793,0.250,0.750,4330904,223420,172300,3240308,17585.247,4285.010,0,296.139,0,10.005,1334,1989,1.690,1.730,1.040,0,0,0,0,0,18,302,6,22,0
22-01 16:47:58,5.754,1.001,92.807,0,0,4331404,222664,172308,3240560,10793.606,4238.594,0,264.162,0,10.006,1207,2027,1.560,1.700,1.040,0,0,0,0,0,18,302,6,18,0
22-01 16:47:59,4.494,0.499,93.382,0,0,4331856,222160,172324,3240596,15697.206,4064.874,0,826.957,0,122.845,1344,1716,1.560,1.700,1.040,0,0,0,0,0,18,302,6,18,0
22-01 16:48:00,6.001,1.250,91.767,0.250,0.250,4335596,218380,172332,3240628,11294.146,4133.785,0,248.047,0,9.002,1138,1825,1.560,1.700,1.040,0,0,2.000,0,0,18,302,6,18,0
22-01 16:48:01,4.000,1.250,94.506,0.250,0,4335780,218156,172340,3240660,11855.782,4011.265,16.001,248.016,3.000,9.001,1092,1607,1.560,1.700,1.040,0,0,0,0,0,18,302,6,18,0
22-01 16:48:02,9.749,0.500,87.491,0.250,0,4339700,214152,172356,3240696,12304.794,4070.601,0,247.976,0,8.999,1230,1797,1.560,1.700,1.040,0,0,0,0,0,18,302,6,18,0
22-01 16:48:03,8.003,1.000,90.280,0,0,4341328,212388,172364,3240824,12844.226,4105.351,0,316.104,0,12.004,1232,1982,1.510,1.690,1.040,1,0,0,0,0,18,302,6,18,0
22-01 16:48:04,14.252,1.750,81.761,0.750,0,4343264,196792,172380,3254468,10269.417,3339.461,412.057,408.056,15.002,32.004,1560,2327,1.510,1.690,1.040,1,0,0,0,0,18,304,6,17,0
22-01 16:48:05,22.252,4.750,71.507,1.250,0.250,4347124,161860,172852,3282668,6458.588,1640.149,0,3192.290,0,125.011,2106,3164,1.510,1.690,1.040,2,0,0,0,0,18,304,6,17,0
22-01 16:48:06,20.996,4.749,71.737,1.750,0,4365568,120248,173552,3303232,6236.909,1693.704,0,3383.408,0,163.971,2113,2923,1.510,1.690,1.040,1,0,0,0,0,18,304,6,17,0
22-01 16:48:07,23.770,4.254,71.311,0.751,0,4372308,127748,174080,3287008,6991.978,1687.443,28.024,2834.423,2.002,121.104,2048,3055,1.510,1.690,1.040,1,0,1.001,0,0,18,303,6,17,1
22-01 16:48:08,22.565,4.764,71.456,0.251,0.501,4326112,171844,174172,3288896,6945.057,1733.005,316.915,24.070,24.070,3.009,3725,6881,1.470,1.680,1.040,2,0,11.032,0,0,18,303,6,17,0
22-01 16:48:09,24.998,3.750,70.745,0,0.250,4318056,179696,174180,3289036,7302.445,1619.877,0,79.994,0,1.000,6149,12123,1.470,1.680,1.040,1,0,8.999,0,0,18,303,6,17,0
22-01 16:48:10,23.904,4.233,70.466,0,0.249,4327872,169856,174180,3289052,6646.196,1505.927,0,103.582,0,6.972,9283,18531,1.470,1.680,1.040,1,0,14.940,0,0,18,303,6,17,0
22-01 16:48:11,23.509,4.001,72.027,0,0,4288172,209552,174184,3289020,7999.992,1620.606,0,20.007,0,3.001,1869,2720,1.470,1.680,1.040,1,0,51.019,0,0,18,303,6,17,0
22-01 16:48:12,23.586,6.524,69.001,0,0,4314864,182832,174196,3289036,7603.693,1625.922,0,1525.556,0,5.018,9093,18295,1.470,1.680,1.040,1,0,16.058,0,0,18,303,6,17,0
22-01 16:48:13,25.412,6.727,66.769,0,0,4320296,177288,174196,3289140,8313.253,1634.348,0,79.724,0,0.997,16261,33558,1.510,1.680,1.040,3,0,12.955,0,0,18,303,6,17,0
22-01 16:48:14,23.789,5.509,70.616,0.250,0,4292984,204700,174196,3289036,7759.796,1622.676,0,16407.055,0,81.134,2086,3150,1.510,1.680,1.040,2,0,10.017,0,0,18,303,6,17,0
22-01 16:48:15,25.030,2.503,71.335,0,0,4303560,194100,174196,3289056,7025.353,1621.928,16.019,712.848,1.001,56.067,1785,2801,1.510,1.680,1.040,3,0,9.011,0,0,18,303,6,17,0
22-01 16:48:16,21.976,5.494,71.421,0,0.499,4264356,233300,174196,3289060,6956.306,1618.210,0,3.996,0,0.999,1972,3016,1.510,1.680,1.040,4,0,94.895,0,0,18,303,6,17,0
22-01 16:48:17,23.203,5.239,70.358,0.249,0.249,4293588,186212,174732,3304516,12493.812,1508.958,11.976,167.662,2.994,11.976,8997,17342,1.510,1.680,1.040,1,0,6.986,0,0,18,303,6,17,0
22-01 16:48:18,8.994,1.999,88.440,0.250,0.250,4305524,173136,174796,3305300,10168.137,2509.306,0,1175.207,0,15.989,1229,1957,1.470,1.670,1.040,0,0,3.997,0,0,18,304,6,17,0
22-01 16:48:19,5.250,1.250,90.996,0.500,0,4305600,173136,174796,3305300,14722.382,2760.884,0,6459.729,0,277.988,1588,1869,1.470,1.670,1.040,1,0,0,0,0,18,304,6,17,0
22-01 16:48:20,12.755,0.750,85.537,0,0,4305628,172884,174820,3305464,6859.943,2579.106,0,0,0,0,1152,1848,1.470,1.670,1.040,0,0,2.001,0,0,18,305,6,17,0
22-01 16:48:21,3.250,0.500,93.996,0,0,4306872,171624,174828,3305472,15196.316,4415.801,0,219.990,0,6.000,1037,1622,1.470,1.670,1.040,0,0,0,0,0,18,305,6,17,0
22-01 16:48:22,5.492,1.248,92.112,0.250,0.250,4308612,169860,174840,3305484,11409.874,4278.578,0,347.478,0,11.982,1231,1919,1.470,1.670,1.040,4,0,0,0,0,18,305,6,15,0
22-01 16:48:23,9.263,1.502,87.869,0.250,0,4310984,167396,174860,3305524,10564.262,4960.697,0,588.795,0,39.053,1475,2419,1.430,1.660,1.040,0,0,0,0,0,18,305,6,15,0
22-01 16:48:24,9.011,1.252,88.610,0,0,4311212,167144,174872,3305536,10219.744,4047.047,0,496.619,0,31.039,2315,4072,1.430,1.660,1.040,2,0,0,0,0,18,306,6,13,1
22-01 16:48:25,8.998,0.750,88.483,1.000,0.500,4313268,164876,174892,3305724,11554.781,4882.063,0,971.813,0,63.988,1927,3144,1.430,1.660,1.040,2,0,0,0,0,18,306,6,15,1
22-01 16:48:26,4.746,0.749,92.415,0,0,4313268,164784,174908,3305800,13398.687,4808.581,0,335.691,0,15.985,1198,1823,1.430,1.660,1.040,0,0,0,0,0,18,306,6,12,1
22-01 16:48:27,5.001,1.000,93.015,0,0,4313148,164784,174936,3305892,31650.127,3963.642,0,328.053,0,12.002,1317,1910,1.430,1.660,1.040,0,0,0,0,0,18,307,6,12,1
22-01 16:48:28,3.999,0.500,94.722,0,0,4313148,164784,174936,3305892,11549.639,3237.058,0,0,0,0,1105,1846,1.320,1.630,1.040,1,0,0,0,0,18,307,6,9,1
22-01 16:48:29,3.750,1.000,94.253,0.250,0.500,4313276,164532,174968,3305948,58152.093,3975.143,0,252.009,0,13.000,1235,1891,1.320,1.630,1.040,0,0,1.000,0,0,18,307,6,9,1
22-01 16:48:30,3.750,1.500,93.261,0.250,0,4313500,164060,175012,3306148,109109.548,5451.627,0,1328.153,0,152.017,1535,2058,1.320,1.630,1.040,0,0,2.000,0,0,18,307,6,9,1
22-01 16:48:31,6.250,0.250,92.255,0.250,0,4313244,164060,175052,3306328,23957.294,5119.276,0,404.022,0,18.001,1249,1906,1.320,1.630,1.040,0,0,0,0,0,18,307,6,9,1
22-01 16:48:32,6.502,1.500,90.525,0.250,0.250,4319476,157760,175064,3306352,12844.481,4226.145,0,336.091,0,12.003,1197,1836,1.320,1.630,1.040,1,0,0,0,0,18,307,6,6,1
22-01 16:48:33,13.748,4.249,81.488,0.250,0,4318868,157488,175076,3307212,11312.303,4197.370,0,319.952,0,17.997,2014,4183,1.290,1.620,1.040,1,0,33.995,0,0,18,307,6,7,1
22-01 16:48:34,8.749,1.250,88.986,0.250,0.250,4318836,157488,175096,3307224,11939.126,5005.214,0,515.919,0,36.994,1611,2534,1.290,1.620,1.040,0,0,0,0,0,18,307,6,5,1
22-01 16:48:35,12.754,3.001,82.527,0.500,0.250,4335636,140352,175108,3307536,13173.294,5078.656,20.007,920.300,2.001,69.023,1863,2842,1.290,1.620,1.040,1,0,2.001,0,0,18,307,6,5,1
22-01 16:48:36,21.011,6.003,72.037,0,0,4322876,153044,175124,3307576,12498.449,4089.110,768.396,304.157,6.003,10.005,1601,2146,1.290,1.620,1.040,1,0,9.005,0,0,18,307,6,5,1
22-01 16:48:37,13.747,2.749,82.233,0,0.250,4319660,156152,175136,3307632,15190.901,4999.980,255.948,635.870,2.000,36.992,1797,2523,1.290,1.620,1.040,0,0,1.000,0,0,18,307,6,3,1
22-01 16:48:38,7.747,1.000,90.213,0.250,0,4320396,155396,175148,3307640,12540.908,4167.308,0,351.857,0,15.994,1223,1954,1.270,1.610,1.040,1,0,0,0,0,18,307,6,3,1
22-01 16:48:39,8.002,3.501,88.270,0,0.250,4329932,145652,175156,3307824,172072.921,7030.631,0,73100.959,0,199.046,2015,2563,1.270,1.610,1.040,0,0,0,0,0,18,307,6,3,1
22-01 16:48:40,4.249,1.000,92.719,0.250,0,4331344,144180,175212,3307828,25489.461,5066.303,0,495.834,0,23.992,1274,2080,1.270,1.610,1.040,0,0,1.999,0,0,18,307,6,3,1
22-01 16:48:41,4.512,0.752,94.505,0.501,0,4331836,143464,175264,3307920,27898.158,5205.022,0,529.426,0,27.073,1269,1849,1.270,1.610,1.040,0,0,0,0,0,18,307,6,3,1
22-01 16:48:42,3.752,1.501,94.292,0,0,4331780,143464,175304,3307928,23449.365,4325.912,0,484.214,0,24.011,1295,2011,1.270,1.610,1.040,1,0,0,0,0,18,307,6,3,1
22-01 16:48:43,3.489,0.498,93.946,0.249,0.249,4331728,143464,175320,3307964,35256.052,5179.261,0,350.866,0,14.952,1249,2041,1.170,1.580,1.030,0,0,0,0,0,18,307,6,3,1
22-01 16:48:44,3.499,1.000,92.964,0.500,0.250,4331772,143240,175380,3308044,29947.291,5064.020,0,823.678,0,51.980,1423,2164,1.170,1.580,1.030,0,0,0,0,0,18,307,6,3,1
22-01 16:48:45,4.502,0.750,93.533,0.750,0,4331980,142748,175428,3308264,120227.200,6511.285,20.007,1112.390,2.001,68.024,1706,2681,1.170,1.580,1.030,0,0,1.000,0,0,18,307,6,3,1
22-01 16:48:46,3.250,1.000,94.000,0,0.500,4332060,142524,175456,3308316,19852.960,3516.993,0,331.999,0,22.000,1301,2072,1.170,1.580,1.030,0,0,0,0,0,18,307,6,3,1
22-01 16:48:47,6.500,0.500,92.000,0.250,0,4332688,141808,175484,3308352,22864.091,4448.018,0,440.002,0,35.000,1416,2245,1.170,1.580,1.030,0,0,0,0,0,18,307,6,3,1
22-01 16:48:48,9.499,1.000,88.742,0.250,0,4334264,140072,175492,3308472,14008.753,4203.626,0,463.959,0,28.997,1217,2005,1.150,1.570,1.030,0,0,0,0,0,18,307,6,3,1
22-01 16:48:49,5.511,1.754,90.933,0.501,0,4338580,135688,175504,3308528,11399.902,3422.877,0,19591.359,0,255.513,1732,2162,1.150,1.570,1.030,0,1,0,0,0,18,307,6,3,1
22-01 16:48:50,10.982,0.998,86.860,0,0.250,4335376,130144,175520,3317256,43987.312,4010.555,0,99.840,0,3.994,1273,2029,1.150,1.570,1.030,1,0,2.995,0,0,18,307,6,3,1
22-01 16:48:51,4.494,0.999,93.129,0.250,0.250,4337564,125552,175536,3319644,1236023.461,23373.544,0,1186.454,0,5.992,1904,2275,1.150,1.570,1.030,1,0,0.999,0,0,18,307,6,3,1
22-01 16:48:52,6.256,3.003,88.342,0.501,0,4335112,138012,175536,3309632,2581721.245,36571.925,0,3683.820,0,211.219,3191,2829,1.150,1.570,1.030,1,0,0,0,0,18,307,6,3,1
22-01 16:48:53,4.251,1.501,93.281,0.250,0,4338312,133332,175564,3311156,865556.827,13858.657,0,3513.180,0,19.006,1805,2394,1.060,1.550,1.020,0,0,1.000,0,0,18,307,6,3,1
22-01 16:48:54,5.998,1.999,88.970,0.500,1.000,4339476,127060,175564,3316264,2602586.941,33296.945,0,191.936,0,17.994,2579,2993,1.060,1.550,1.020,2,0,0,0,0,18,307,6,3,1
22-01 16:48:55,6.001,2.500,89.764,0.250,0,4340824,120872,175564,3321104,2499433.413,20829.187,0,2128.326,0,115.018,2317,2996,1.060,1.550,1.020,2,0,0,0,0,18,307,6,3,1
22-01 16:48:56,4.501,1.500,91.011,0,0.250,4342512,129780,175548,3310748,2616594.458,16868.092,0,68.008,0,6.001,1699,2042,1.060,1.550,1.020,1,0,0,0,0,18,307,6,3,1
22-01 16:48:57,6.509,1.752,90.121,0,0,4345540,121616,175548,3315868,2671633.018,13386.018,0,56.075,0,6.008,1791,2184,1.060,1.550,1.020,1,0,0,0,0,18,307,6,3,1
22-01 16:48:58,3.997,2.498,91.673,0.500,0.250,4351820,143528,175568,3287848,1115557.279,13122.017,0,24487.504,0,60.949,2145,3050,1.060,1.540,1.020,1,0,0.999,0,0,18,307,6,3,1
22-01 16:48:59,5.997,1.999,91.200,0.750,0.250,4349044,139576,175600,3294544,1733603.653,20713.752,759.588,1926.954,126.931,12.993,2196,2440,1.060,1.540,1.020,0,0,1.999,0,0,18,307,6,3,1
22-01 16:49:00,3.750,1.250,93.748,0.250,0.250,4349948,137120,175640,3296008,330946.395,6519.830,243.994,771.980,39.999,23.999,1471,2170,1.060,1.540,1.020,0,0,5.000,0,0,18,307,6,3,1
22-01 16:49:01,13.296,1.254,83.541,0.251,0.251,4350744,135412,175660,3296868,186470.477,3500.191,116.405,433.510,19.066,12.042,1304,1963,1.060,1.540,1.020,1,0,2.007,0,0,18,307,6,3,1
22-01 16:49:02,21.428,5.980,71.760,0.997,0,4348564,126756,177300,3302860,6997.579,1614.596,3.987,3069.726,0.997,90.696,1797,2530,1.060,1.540,1.020,1,0,0,0,0,18,307,6,3,1
22-01 16:49:03,22.241,4.748,70.470,0.750,0,4374920,121776,179344,3277388,19383.859,1619.320,3.998,3486.536,1.000,74.969,1926,2767,1.050,1.530,1.020,1,0,0,0,0,18,307,5,3,1
22-01 16:49:04,21.832,5.772,71.016,1.255,0,4370592,125672,180288,3274248,7702.870,1626.095,0,2561.601,0,113.425,2066,3087,1.050,1.530,1.020,1,0,0,0,0,18,307,5,3,1
22-01 16:49:05,22.499,3.750,71.747,1.000,0.250,4370408,122184,181196,3274572,8553.632,1511.935,0,2727.883,0,116.995,1848,2896,1.050,1.530,1.020,2,0,0,0,0,18,307,5,3,1
22-01 16:49:06,23.257,4.001,72.023,0.750,0.250,4373196,133240,181888,3258040,7050.242,1566.498,0,2852.907,0,63.020,1673,2442,1.050,1.530,1.020,2,0,0,0,0,18,307,5,3,1
22-01 16:49:07,10.951,1.991,84.123,0.498,0,4378416,122028,182332,3262708,7302.235,2496.797,0,1772.049,0,64.710,1731,2690,1.050,1.530,1.020,0,0,0.996,0,0,18,308,5,3,1
22-01 16:49:08,8.762,2.253,88.617,0,0.250,4389356,144284,182332,3229512,13779.175,3223.251,12.016,212.280,2.003,10.013,1178,1897,0.970,1.500,1.020,1,0,0,0,0,18,305,5,3,1
22-01 16:49:09,23.753,4.000,71.258,0.250,0,4328556,203344,182444,3231108,8580.910,1728.183,64.007,16.002,12.001,3.000,3277,5685,0.970,1.500,1.020,2,0,11.001,0,0,18,305,5,3,0
22-01 16:49:10,22.247,6.249,69.740,0,0,4318320,213432,182448,3231244,7951.887,1619.773,0,91.987,0,3.000,6748,13557,0.970,1.500,1.020,1,0,9.999,0,0,18,305,5,3,0
22-01 16:49:11,25.002,4.000,69.507,0,0,4337200,194532,182452,3231248,7151.708,1694.168,0,24.002,0,6.001,9347,18725,0.970,1.500,1.020,1,0,13.001,0,0,18,305,5,3,0
22-01 16:49:12,22.976,4.995,71.674,0,0,4307220,224432,182452,3231328,8489.967,1692.199,0,91.902,0,1.998,1441,1902,0.970,1.500,1.020,2,0,1.998,0,0,18,305,5,3,0
22-01 16:49:13,22.583,4.768,71.764,0.502,0.502,4315640,211620,183096,3234328,7737.513,1517.592,947.492,3529.004,22.081,18.067,1879,3027,0.970,1.500,1.020,1,0,5.018,0,0,18,306,5,3,0
22-01 16:49:14,28.765,4.002,64.534,1.501,0.250,4316436,209856,183096,3235296,10157.373,1640.868,660.349,3966.098,46.024,375.198,5799,11191,0.970,1.500,1.020,1,0,0,0,0,18,308,5,12,0
22-01 16:49:15,11.714,16.698,69.036,0.498,0,4274924,251148,183096,3235512,7401.094,1615.002,155.519,1052.742,1.994,71.778,3533,5732,0.970,1.500,1.020,1,0,364.871,0,0,18,307,5,12,0
22-01 16:49:16,16.235,7.743,74.930,0.500,0.250,4269892,254624,183108,3237028,7462.016,1692.416,1546.552,1854.264,67.936,20.980,2005,2951,0.970,1.500,1.020,0,0,87.918,0,0,18,307,6,14,0
22-01 16:49:17,3.747,1.249,93.423,0.500,0,4269856,254624,183108,3237064,10704.201,3068.478,0,1390.857,0,83.931,1455,2344,0.970,1.500,1.020,0,0,0,0,0,18,308,5,14,0
22-01 16:49:18,4.767,1.254,93.827,0,0,4269852,254624,183108,3237068,46339.540,5842.366,0,72.252,0,6.021,1203,1864,0.970,1.490,1.020,0,0,0,0,0,18,310,5,14,0
22-01 16:49:19,4.738,1.995,91.764,0.748,0,4261080,262468,183136,3237892,91583.447,127583.854,594.471,1089.199,9.974,19.949,1565,2444,0.970,1.490,1.020,0,0,10.972,0,0,18,309,6,14,1
22-01 16:49:20,2.252,0.500,96.345,0,0,4261292,262252,183136,3237896,6780.706,1695.677,0,0,0,0,1110,1859,0.970,1.490,1.020,0,0,2.002,0,0,18,309,6,14,0
22-01 16:49:21,0.999,0.749,96.654,0,0.250,4261292,262252,183136,3237896,6440.598,1564.445,0,0,0,0,989,1674,0.970,1.490,1.020,0,0,0,0,0,18,309,6,14,0
22-01 16:49:22,2.000,1.000,95.510,0,0,4261292,262252,183136,3237896,7036.739,1694.178,0,4.000,0,1.000,1138,1861,0.970,1.490,1.020,1,0,0,0,0,18,309,6,14,0
22-01 16:49:23,1.999,0.500,94.226,1.999,0,4261292,262252,183136,3237896,6562.313,1619.584,0,12548.775,0,521.866,1834,2033,0.890,1.460,1.010,0,0,0,0,0,18,309,6,14,0
22-01 16:49:24,6.529,1.758,90.651,0.753,0.753,4261508,262252,183136,3237904,8566.883,1711.569,0,707.127,0,69.306,2418,4503,0.890,1.460,1.010,1,0,0,0,0,18,309,6,14,0
22-01 16:49:25,2.489,1.245,93.849,0,0,4261376,262252,183136,3238036,6498.220,1613.104,0,613.378,0,49.787,1649,2768,0.890,1.460,1.010,1,0,0,0,0,18,309,6,14,0
22-01 16:49:26,2.249,0.999,95.200,0.250,0,4261372,262252,183136,3238040,7714.950,1693.111,0,31.983,0,3.998,1162,1704,0.890,1.460,1.010,0,0,0,0,0,18,309,6,12,0
22-01 16:49:27,3.502,0,95.807,0,0,4261372,262252,183136,3238040,8146.856,1586.946,0,0,0,0,1052,1611,0.890,1.460,1.010,0,0,0,0,0,18,309,6,12,0
22-01 16:49:28,1.499,1.249,96.453,0,0.250,4261372,262252,183136,3238040,7255.438,1693.169,0,3.998,0,1.000,1049,1705,0.820,1.440,1,0,0,0,0,0,18,309,6,12,0
22-01 16:49:29,2.001,0.750,96.032,0,0,4261372,262252,183136,3238040,8039.653,1566.517,0,0,0,0,1085,1872,0.820,1.440,1,0,0,0,0,0,18,309,6,12,0
22-01 16:49:30,1.750,1.000,95.999,0,0.250,4261372,262252,183136,3238040,6512.909,1619.977,0,115.998,0,2.000,1098,1873,0.820,1.440,1,0,0,2.000,0,0,18,309,6,12,0
22-01 16:49:31,2.502,1.001,96.059,0,0.250,4261372,262252,183136,3238040,7424.588,1621.002,0,0,0,0,1084,1745,0.820,1.440,1,0,0,0,0,0,18,309,6,12,0
22-01 16:49:32,3.251,0.750,96.020,0,0,4261368,262252,183136,3238044,7676.627,1620.344,0,36.008,0,2.000,1083,1717,0.820,1.440,1,0,0,0,0,0,18,309,6,12,0
22-01 16:49:33,6.995,4.497,87.189,0.250,0,4239952,283596,183136,3238044,6799.275,1618.875,0,40947.541,0,99.931,1994,8698,0.760,1.410,1,0,0,33.976,0,0,18,309,6,13,0
22-01 16:49:34,2.250,1.000,95.001,0,0,4239988,283596,183136,3238044,6679.094,1586.022,0,1056.015,0,12.000,1284,2242,0.760,1.410,1,0,0,0,0,0,18,309,6,12,0
22-01 16:49:35,7.754,2.501,87.793,0.500,0.250,4257364,266208,183136,3238056,6295.116,1694.839,108.053,568.281,1.000,51.025,1534,2543,0.760,1.410,1,1,0,3.001,0,0,18,309,6,12,0
22-01 16:49:36,19.254,5.751,74.767,0,0,4238304,285156,183136,3238168,8366.883,1566.352,768.173,32.007,6.001,3.001,1637,2159,0.760,1.410,1,1,0,8.002,0,0,18,309,6,12,0
22-01 16:49:37,10.244,2.249,86.201,0,0.250,4232000,291444,183136,3238176,9178.823,1619.087,255.856,311.824,1.999,25.985,1762,2703,0.760,1.410,1,0,0,0.999,0,0,18,309,6,12,0
22-01 16:49:38,1.749,0.750,96.715,0.250,0.250,4231996,291444,183136,3238180,6812.554,1619.419,0,31.989,0,3.999,992,1666,0.700,1.390,0.990,1,0,0,0,0,18,309,6,12,0
22-01 16:49:39,2.498,3.747,92.686,0.250,0,4236900,286488,183136,3238188,6985.166,1618.880,0,107001.955,0,666.539,2654,3823,0.700,1.390,0.990,0,0,0,0,0,18,309,6,12,0
22-01 16:49:40,2.002,1.001,96.608,0,0.250,4237148,286240,183136,3238188,7086.895,1621.807,0,8.009,0,2.002,1063,1779,0.700,1.390,0.990,0,0,2.002,0,0,18,309,6,12,0
22-01 16:49:41,2.251,0.750,96.536,0,0,4237148,286240,183136,3238188,7096.626,1512.560,0,0,0,0,1025,1685,0.700,1.390,0.990,1,0,0,0,0,18,309,6,12,0
22-01 16:49:42,1.249,0.500,96.417,0,0,4237148,286240,183136,3238188,7309.692,1618.603,0,0,0,0,1013,1648,0.700,1.390,0.990,0,0,0,0,0,18,309,6,12,0
22-01 16:49:43,1.500,0.750,96.255,0,0,4237148,286240,183136,3238188,9283.436,1640.077,0,0,0,0,1071,1699,0.640,1.370,0.990,0,0,0,0,0,18,309,6,12,0
22-01 16:49:44,2.750,1.750,94.996,0,0,4237756,285568,183136,3238200,6554.705,1619.927,0,5583.749,0,27.999,1199,1999,0.640,1.370,0.990,0,0,0,0,0,18,309,6,12,0
22-01 16:49:45,1.751,1.501,94.303,1.001,0.250,4237720,285568,183140,3238232,6149.444,1620.908,32.018,2989.674,1.001,169.095,1755,2977,0.640,1.370,0.990,0,0,0,0,0,18,309,6,12,0
22-01 16:49:46,1.000,1.000,96.206,0,0.250,4237720,285568,183140,3238232,7314.643,1619.257,0,3.998,0,1.000,1096,1753,0.640,1.370,0.990,0,0,0,0,0,18,309,6,12,0
22-01 16:49:47,3.001,0.750,95.770,0.250,0.500,4237720,285568,183140,3238232,7201.534,1620.345,0,148.032,0,16.003,1223,1948,0.640,1.370,0.990,0,0,0,0,0,18,309,6,12,0
22-01 16:49:48,1.999,0.750,96.475,0,0,4237720,285568,183140,3238232,8958.680,1511.608,0,0,0,0,1055,1684,0.590,1.340,0.980,1,0,0,0,0,18,309,6,12,0
22-01 16:49:49,2.250,0.750,95.518,0,0,4238224,285064,183140,3238232,7462.388,1566.291,0,536.100,0,19.004,1235,2101,0.590,1.340,0.980,0,0,0,0,0,18,309,6,12,0
22-01 16:49:50,3.501,1.750,93.766,0,0,4251308,271960,183144,3238248,112345.436,2224.385,20.003,0,1.000,0,1174,1930,0.590,1.340,0.980,1,0,5.001,0,0,18,309,6,12,0
22-01 16:49:51,9.983,3.993,84.610,0,0,4255436,267560,183152,3238480,236470.695,9402.401,219.636,0,10.982,0,1737,2288,0.590,1.340,0.980,1,0,33.944,0,0,18,309,6,12,0
