"pcp-dstat 6.2.0 CSV Output"
"Author:","PCP team <pcp@groups.io> and Dag Wieers <dag@wieers.com>",,,,"URL:","https://pcp.io/ and http://dag.wieers.com/home-made/dstat/"
"Host:","ubuntu",,,,"User:","ubuntu"
"Cmdline:","dstat -tcmndrylpg --tcp --output /tmp/devstack_logs/dstat-csv.log",,,,"Date:","19 Jan 2026 15:39:07 UTC"
"system","total usage",,,,,"memory usage",,,,"net/total",,"dsk/total",,"io/total",,"system",,"load avg",,,"procs",,,"paging",,"tcp sockets",,,,
"time","total usage:usr","total usage:sys","total usage:idl","total usage:wai","total usage:stl","used","free","buf","cach","net/total:recv","net/total:send","dsk/total:read","dsk/total:writ","read","writ","int","csw","1m","5m","15m","run","blk","new","in","out","lis","act","syn","tim","clo"
19-01 15:39:07,,965860,1739524,162500,4953096,,,,,,,1.530,0.950,0.530,2,0,,,,10,5,0,17,1
19-01 15:39:08,22.746,21.746,54.240,0.500,0,1004592,1700504,162544,4953292,23308.711,9294.290,0,2279.581,0,89.983,6887,5835,1.530,0.950,0.530,2,0,530.902,0,0,10,5,0,17,1
19-01 15:39:09,26.004,18.753,53.758,0.500,0.250,1026172,1678348,162612,4953604,42515.651,12918.021,0,1836.287,0,66.010,6384,6068,1.530,0.950,0.530,1,0,371.058,0,0,10,5,0,17,1
19-01 15:39:10,26.846,17.152,53.692,0.249,0,1096220,1590264,162680,5041588,203216.750,15177.969,0,2119.845,0,62.641,7069,7849,1.530,0.950,0.530,7,0,239.626,0,0,11,4,0,17,2
19-01 15:39:11,31.014,9.504,59.028,0.750,0,1164236,1503172,163760,5110420,9653.513,1620.758,16.007,1764.825,1.000,63.029,3783,2946,1.530,0.950,0.530,2,0,92.043,0,0,11,6,0,17,2
19-01 15:39:12,37.115,14.043,47.397,0.251,1.003,1173988,1475160,164240,5126216,9797.284,1625.023,0,4261.171,0,65.202,4934,3368,1.570,0.970,0.540,5,0,196.608,0,0,11,6,0,19,2
19-01 15:39:13,43.422,6.987,48.662,0.998,0,1257364,1367932,164932,5147156,8387.870,1455.375,31.942,5286.464,1.996,77.860,3211,1915,1.570,0.970,0.540,2,1,0,0,0,11,6,0,19,2
19-01 15:39:14,47.176,7.779,42.157,2.258,0,1290360,1312116,165668,5166216,5358.965,1626.058,0,6717.024,0,334.245,5260,15261,1.570,0.970,0.540,4,0,40.150,0,0,11,8,0,20,2
19-01 15:39:15,29.666,6.731,44.126,16.454,0.249,1291628,1275304,167896,5196356,5124.543,1615.443,0,43122.346,0,2832.011,16652,24791,1.570,0.970,0.540,3,1,50.857,0,0,11,8,0,20,2
19-01 15:39:16,32.311,6.512,46.338,13.025,0,1237304,1344440,168376,5181256,20030.891,4350.229,0,41783.038,0,2995.667,14260,20560,1.570,0.970,0.540,2,0,32.061,0,0,11,4,0,20,0
19-01 15:39:17,36.697,8.488,51.925,1.747,0,1292084,1289580,168436,5181276,14446.001,3653.689,0,7936.464,0,439.361,4602,4076,1.520,0.970,0.540,2,0,104.848,0,0,11,5,0,19,0
19-01 15:39:18,43.965,5.745,48.461,0.749,0.250,1324696,1249752,168544,5187716,10725.384,1858.507,0,2270.176,0,113.908,3157,1788,1.520,0.970,0.540,2,0,2.998,0,0,11,4,0,19,0
19-01 15:39:19,38.777,5.754,53.037,1.751,0,1282964,1283368,169156,5193712,14850.266,4728.269,0,8890.146,0,421.291,3992,3111,1.520,0.970,0.540,3,0,28.019,0,0,11,4,0,19,0
19-01 15:39:20,45.856,8.018,45.856,0,0.251,1300352,1265224,169236,5194204,9472.842,1623.744,0,1455.356,0,127.294,11140,18363,1.520,0.970,0.540,2,0,15.035,0,0,11,4,0,19,0
19-01 15:39:21,30.695,23.957,42.923,0.250,0,1195864,1373328,169296,5190452,7807.948,1455.381,0,4096.628,0,173.687,14393,22106,1.520,0.970,0.540,2,0,535.037,0,0,11,4,0,19,0
19-01 15:39:22,37.222,19.486,41.969,0,0,1160312,1419488,169300,5181944,6336.294,1618.798,0,35.973,0,6.995,6155,6558,1.560,0.980,0.550,2,0,350.740,0,0,11,4,0,19,0
19-01 15:39:23,46.519,12.505,40.266,0,0,1197220,1382536,169312,5182076,8081.238,1620.649,0,128.051,0,4.002,3704,2684,1.560,0.980,0.550,2,0,181.073,0,0,11,5,0,19,0
19-01 15:39:24,46.490,3.749,49.489,0,0,1247384,1331944,169336,5182508,11451.483,1619.644,0,303.933,0,40.991,2835,1249,1.560,0.980,0.550,2,0,0,0,0,11,5,0,19,0
19-01 15:39:25,40.316,9.015,49.581,0,0,1267600,1309304,169428,5184788,8446.783,1622.648,0,1213.981,0,108.177,3601,4023,1.560,0.980,0.550,2,0,53.087,0,0,11,4,0,20,0
19-01 15:39:26,19.473,7.989,71.899,0.499,0,1323384,1253500,169452,5184804,10314.505,1348.105,0,2684.228,0,150.788,3393,2875,1.560,0.980,0.550,1,0,87.877,0,0,11,4,0,20,0
19-01 15:39:27,23.244,2.499,73.732,0,0.250,1359920,1216960,169456,5184804,8352.919,1619.596,0,375.906,0,24.994,1818,1272,1.520,0.980,0.550,2,0,0,0,0,11,4,0,20,0
19-01 15:39:28,22.301,3.508,71.161,1.754,0,1337364,1239216,169504,5185048,8300.805,1623.678,0,16765.983,0,361.820,3834,4606,1.520,0.980,0.550,3,0,6.014,0,0,11,4,0,22,0
19-01 15:39:29,20.491,4.998,71.968,1.000,0.250,1396652,1179568,169788,5185124,8881.105,1713.249,371.837,2714.809,19.991,181.920,2681,2349,1.520,0.980,0.550,1,0,36.984,0,0,11,4,0,20,0
19-01 15:39:30,21.652,3.235,72.172,0.995,0.498,1410580,1164992,169844,5185572,5966.883,1558.916,266.788,1767.965,65.701,108.507,3006,2948,1.520,0.980,0.550,1,0,1.991,0,0,11,27,0,20,0
19-01 15:39:31,21.856,5.024,73.355,0.251,0,1429272,1146284,169844,5185588,8226.866,1627.888,0,1330.447,0,59.287,2593,2054,1.520,0.980,0.550,1,0,44.214,0,0,11,28,0,20,0
19-01 15:39:32,22.006,4.001,72.770,0,0,1409716,1165760,169844,5185668,8791.399,1620.442,0,48.013,0,4.001,2515,1963,1.480,0.990,0.550,1,0,41.011,0,0,11,28,0,20,0
19-01 15:39:33,39.251,11.500,48.001,0.750,0,1457080,1118384,169844,5185680,5404.147,1620.044,0,35220.960,0,601.016,4721,2460,1.480,0.990,0.550,2,0,116.003,0,0,11,28,0,16,0
19-01 15:39:34,43.264,9.003,46.515,0.250,0,1442204,1132972,169844,5186032,9719.231,1512.503,0,1256.418,0,25.008,6452,8683,1.480,0.990,0.550,5,0,103.034,0,0,11,28,0,16,0
19-01 15:39:35,68.356,28.440,2.495,0,0,1548144,1026996,169848,5186064,8716.697,1616.605,0,39.916,0,9.979,5672,4643,1.480,0.990,0.550,6,0,474.005,0,0,11,28,0,16,0
19-01 15:39:36,86.571,12.225,0.499,0,0.249,1720740,854388,169848,5186076,11439.319,1616.653,0,2418.992,0,23.950,6942,6284,1.480,0.990,0.550,7,0,0,0,0,11,30,0,16,0
19-01 15:39:37,73.080,12.013,14.516,0.501,0,1655260,919592,169872,5186336,7669.381,1621.772,0,672.735,0,69.075,7844,12286,1.520,1,0.560,2,0,200.219,0,0,11,28,0,17,0
19-01 15:39:38,21.253,7.751,69.759,0,0,1556432,1018404,169880,5186348,5044.631,1620.203,0,2396.300,0,68.009,2644,2085,1.520,1,0.560,2,0,110.014,0,0,11,28,0,17,0
19-01 15:39:39,20.054,6.768,72.694,0,0.752,1503524,1071300,169880,5186360,9612.668,1570.193,0,224.600,0,18.048,3834,4057,1.520,1,0.560,2,0,68.182,0,0,11,28,0,17,0
19-01 15:39:40,22.193,2.992,73.561,0,0,1509084,1065732,169884,5186364,9823.780,1615.852,0,119.693,0,7.980,2152,1801,1.520,1,0.560,1,0,0,0,0,11,28,0,17,0
19-01 15:39:41,14.753,15.003,68.513,0.250,0,1462092,1112532,169896,5186520,6483.217,1620.304,0,224.042,0,25.005,5428,4909,1.520,1,0.560,3,0,319.060,0,0,11,28,0,16,0
19-01 15:39:42,22.306,31.079,45.365,0,0,1440840,1133776,169900,5186524,8600.782,1515.839,0,272.691,0,23.058,5967,4897,1.800,1.070,0.580,5,0,691.752,0,0,11,28,0,16,0
19-01 15:39:43,85.755,14.001,0.250,0,0,1616624,957952,169900,5186564,6636.389,1620.095,0,48338.835,0,171.010,5879,3684,1.800,1.070,0.580,5,0,36.002,0,0,11,28,0,16,0
19-01 15:39:44,84.964,10.496,4.248,0,0,1670952,903396,169960,5186724,11594.145,1619.322,0,2071.133,0,92.961,9147,14638,1.800,1.070,0.580,5,0,29.987,0,0,11,29,0,16,0
19-01 15:39:45,73.774,25.008,0.750,0,0,1599884,974248,169968,5186900,8808.808,1620.517,0,384.122,0,28.009,6263,6298,1.800,1.070,0.580,6,0,280.089,0,0,11,28,0,16,0
19-01 15:39:46,87.263,12.002,0.750,0,1.000,1729456,844528,169968,5187048,7156.085,1620.246,0,188.029,0,10.002,5762,5410,1.800,1.070,0.580,6,0,0,0,0,11,28,0,16,0
19-01 15:39:47,78.017,10.219,10.469,0,0,1739256,834476,169968,5187300,8971.150,1615.166,0,3222.356,0,69.791,10935,17380,2.050,1.130,0.610,5,0,62.812,0,0,11,29,0,17,0
19-01 15:39:48,47.865,17.542,33.831,0,0,1546500,1027184,169988,5187332,9387.561,1569.773,0,45332.949,0,266.641,4938,3943,2.050,1.130,0.610,2,0,235.566,0,0,11,28,0,17,0
19-01 15:39:49,46.150,5.239,47.646,0.249,0,1488568,1084932,169996,5187508,7240.236,1616.480,0,1129.541,0,22.950,5260,6613,2.050,1.130,0.610,4,0,4.989,0,0,11,28,0,18,0
19-01 15:39:50,44.089,24.049,31.814,0,0,1519288,1054184,170004,5187528,10928.153,1623.291,0,244.496,0,18.037,5346,3721,2.050,1.130,0.610,3,0,373.758,0,0,11,28,0,18,0
19-01 15:39:51,62.999,6.750,28.750,0.500,0,1578040,995332,170032,5187600,9062.890,1511.982,0,407.995,0,41.000,7000,9181,2.050,1.130,0.610,3,0,0,0,0,11,29,0,18,0
19-01 15:39:52,69.914,22.972,6.242,0.250,0,1535152,1038192,170040,5187620,11085.319,1618.003,0,1086.659,0,74.908,6115,4859,2.210,1.180,0.630,5,0,258.681,0,0,11,28,0,18,0
19-01 15:39:53,75.131,8.515,15.527,0,0,1595216,978052,170040,5187696,7127.422,1622.828,0,272.475,0,18.031,7966,10315,2.210,1.180,0.630,4,0,0,0,0,11,30,0,19,0
19-01 15:39:54,62.089,21.195,16.208,0,0.499,1524388,1048792,170040,5187752,5145.669,1615.814,0,981.457,0,64.832,5360,6244,2.210,1.180,0.630,3,0,323.163,0,0,11,28,0,19,0
19-01 15:39:55,65.177,8.272,25.319,0,0,1497012,1075892,170060,5188008,9258.163,1624.415,0,356.970,0,33.090,7324,9519,2.210,1.180,0.630,6,0,21.057,0,0,11,28,0,22,0
19-01 15:39:56,60.226,21.991,17.493,0,0.250,1534180,1038660,170096,5188036,7128.214,1619.367,0,3342.694,0,178.930,5412,4915,2.210,1.180,0.630,3,0,277.891,0,0,11,28,0,22,0
19-01 15:39:57,63.530,9.004,25.762,0,0.250,1511972,1060536,170100,5188364,10214.890,1566.750,0,320.153,0,23.011,7026,9799,2.270,1.210,0.640,4,0,91.044,0,0,11,28,0,22,0
19-01 15:39:58,63.996,17.499,19.249,0,0,1581732,990760,170104,5188380,9888.311,1619.887,0,1851.871,0,52.996,4354,2443,2.270,1.210,0.640,3,0,195.986,0,0,11,28,0,18,0
19-01 15:39:59,60.005,9.251,29.002,0,0,1508320,1063912,170104,5188640,10787.822,1512.115,0,976.074,0,43.003,7663,10197,2.270,1.210,0.640,4,0,112.009,0,0,11,28,0,18,0
19-01 15:40:00,62.710,11.743,24.984,0.250,0.250,1586952,985260,170108,5188656,8209.808,1618.976,0,159.899,0,10.993,4039,2167,2.270,1.210,0.640,3,0,0,0,0,11,30,0,18,0
19-01 15:40:01,58.252,19.751,21.251,0.250,0,1495808,1076216,170120,5188832,6146.231,1620.061,0,424.016,0,51.002,8258,10890,2.270,1.210,0.640,6,0,389.015,0,0,11,28,0,18,0
19-01 15:40:02,76.048,23.765,0,0,0,1610652,961312,170120,5188892,5743.627,1621.024,0,248.157,0,16.010,5576,4610,2.650,1.310,0.670,8,0,383.242,0,0,11,28,0,17,0
19-01 15:40:03,82.250,17.000,0.250,0,0.250,1754204,817724,170120,5188928,11309.948,1619.993,0,191.999,0,10.000,7276,8082,2.650,1.310,0.670,9,0,322.999,0,0,11,28,0,17,0
19-01 15:40:04,73.749,24.750,1.000,0,0.250,1601736,969836,170140,5189220,11339.836,1661.976,0,1035.985,0,71.999,8614,11350,2.650,1.310,0.670,7,0,501.993,0,0,11,28,0,18,0
19-01 15:40:05,79.999,20.000,0,0,0,1622852,948640,170144,5189296,9207.938,1619.989,0,167.999,0,10.000,5393,3697,2.650,1.310,0.670,5,0,257.998,0,0,11,28,0,18,0
19-01 15:40:06,80.875,9.485,8.736,0,0.250,1690620,880640,170148,5189524,7857.841,1617.497,0,183.716,0,8.986,8241,12508,2.650,1.310,0.670,6,0,0,0,0,11,31,0,16,0
19-01 15:40:07,42.042,21.271,36.036,0,0,1472220,1098844,170148,5189720,10031.985,1609.602,0,20.020,0,5.005,7398,9414,2.520,1.300,0.670,1,0,622.620,0,0,11,28,0,16,0
19-01 15:40:08,35.949,34.950,28.210,0,0.250,1481904,1089148,170148,5189732,7595.190,1509.851,0,47.932,0,11.983,6430,6062,2.520,1.300,0.670,5,0,933.671,0,0,11,28,0,16,0
19-01 15:40:09,84.596,12.014,3.254,0.250,0.501,1585380,985672,170152,5189800,5481.206,1621.836,0,3023.423,0,70.079,5872,5666,2.520,1.300,0.670,5,0,45.051,0,0,11,29,0,16,0
19-01 15:40:10,73.235,20.246,5.749,0,0,1468584,1102380,170184,5189856,5637.835,1619.665,0,1367.717,0,99.979,7320,9232,2.520,1.300,0.670,4,0,267.945,0,0,11,28,0,16,0
19-01 15:40:11,83.080,11.261,5.255,0,0,1586924,983852,170184,5190044,9488.137,1621.562,0,188.181,0,11.011,6313,6082,2.520,1.300,0.670,3,0,2.002,0,0,11,31,0,16,0
19-01 15:40:12,51.738,6.249,40.490,0,0,1588920,981584,170184,5190332,8585.941,1619.612,0,159.962,0,9.998,12243,20745,2.560,1.330,0.690,2,0,1.000,0,0,11,32,0,18,0
19-01 15:40:13,78.773,16.005,5.001,0.250,0,1535836,1034608,170208,5190368,8956.639,1620.477,0,504.149,0,56.017,6956,7843,2.560,1.330,0.690,5,0,120.035,0,0,11,28,0,18,0
19-01 15:40:14,80.722,10.996,7.497,0,0.250,1629432,940832,170208,5190552,10014.524,1619.438,0,303.895,0,10.996,7807,15890,2.560,1.330,0.690,2,0,35.988,0,0,11,32,0,17,0
19-01 15:40:15,48.679,5.961,42.221,0,0,1629392,940580,170208,5190844,9629.418,1609.373,0,178.819,0,7.948,12769,21579,2.560,1.330,0.690,5,0,0,0,0,11,31,0,23,0
19-01 15:40:16,75.292,21.333,3.263,0,0.251,1519592,1050220,170212,5191000,9789.021,1626.317,0,329.279,0,42.164,5584,4543,2.560,1.330,0.690,4,0,261.014,0,0,11,28,0,23,0
19-01 15:40:17,76.870,8.513,14.272,0,0,1593496,976240,170212,5191076,5073.911,1460.277,0,104.162,0,8.012,6998,8623,2.510,1.340,0.690,6,0,0,0,0,11,31,0,24,0
19-01 15:40:18,78.855,15.771,5.007,0,0.250,1545176,1024344,170216,5191288,8891.868,1622.165,0,4510.019,0,162.217,7936,12653,2.510,1.340,0.690,4,0,128.171,0,0,11,28,0,27,0
19-01 15:40:19,83.515,13.752,2.250,0,0,1506984,1062500,170224,5191316,7780.413,1620.294,0,304.055,0,31.006,5577,4913,2.510,1.340,0.690,4,0,57.010,0,0,11,28,0,27,0
19-01 15:40:20,80.143,15.979,3.745,0,0,1624368,944864,170224,5191568,5536.579,1617.832,0,151.797,0,7.989,6888,13808,2.510,1.340,0.690,3,0,62.916,0,0,11,29,0,35,0
19-01 15:40:21,78.853,16.021,4.506,0,0.250,1573136,995908,170224,5191756,9311.206,1622.126,0,164.215,0,10.013,6630,8816,2.510,1.340,0.690,4,0,174.228,0,0,11,28,0,37,0
19-01 15:40:22,84.495,13.999,1.500,0,0,1677720,891276,170224,5191804,8944.521,1619.913,0,115.994,0,7.000,5848,5898,2.630,1.390,0.710,4,0,53.997,0,0,11,28,0,38,0
19-01 15:40:23,72.478,13.496,13.246,0,0.250,1613516,955420,170228,5191860,9202.162,1619.501,0,247.924,0,23.993,5616,7791,2.630,1.390,0.710,4,0,103.968,0,0,11,29,0,38,0
19-01 15:40:24,66.545,13.957,17.945,0,0,1605952,962940,170248,5191884,7576.704,1615.034,0,626.075,0,52.838,5764,5817,2.630,1.390,0.710,7,0,161.503,0,0,11,28,0,38,0
19-01 15:40:25,61.709,13.546,24.834,0,0.251,1578720,990028,170256,5192020,5737.446,1462.958,0,216.735,0,16.054,5364,5390,2.630,1.390,0.710,4,0,156.531,0,0,11,28,0,38,0
19-01 15:40:26,63.746,10.499,24.999,0,0.250,1598800,969620,170264,5192340,10118.422,1619.907,0,175.990,0,8.000,5271,7396,2.630,1.390,0.710,4,0,42.998,0,0,11,28,0,37,0
19-01 15:40:27,60.470,11.494,27.736,0,0,1524376,1043844,170264,5192540,7023.550,1619.205,0,219.892,0,16.992,4839,5302,2.580,1.400,0.720,3,0,128.937,0,0,11,29,0,37,0
19-01 15:40:28,42.343,7.970,48.321,0.249,0,1467680,1100472,170280,5192592,9029.575,1614.025,0,386.569,0,33.875,5659,8487,2.580,1.400,0.720,2,0,67.749,0,0,11,28,0,37,0
19-01 15:40:29,41.895,9.533,47.916,0.502,0,1490176,1077960,170292,5192596,9059.422,1719.966,0,4652.136,0,156.543,3941,2998,2.580,1.400,0.720,2,0,69.240,0,0,11,29,0,37,0
19-01 15:40:30,40.656,11.473,46.891,0.249,0,1415756,1152132,170316,5192812,9522.921,1616.253,0,339.214,0,31.926,5920,6622,2.580,1.400,0.720,3,0,138.678,0,0,11,30,0,36,0
19-01 15:40:31,44.388,6.270,48.652,0,0.251,1526068,1041808,170316,5192824,7373.989,1625.066,0,200.625,0,16.050,3593,3276,2.580,1.400,0.720,3,0,1.003,0,0,11,33,0,36,0
19-01 15:40:32,41.231,9.995,47.728,0,0,1460832,1106992,170340,5192852,5489.413,1619.237,0,299.859,0,27.987,4841,4630,2.540,1.410,0.730,2,0,65.969,0,0,11,32,0,37,0
19-01 15:40:33,44.984,5.498,48.233,0.500,0,1476884,1090876,170344,5192872,5729.982,1457.487,0,363.872,0,35.987,4761,5962,2.540,1.410,0.730,2,0,1.999,0,0,11,32,0,37,0
19-01 15:40:34,41.421,9.731,48.407,0,0.250,1441872,1125864,170348,5192892,10069.738,1616.907,0,235.549,0,14.971,4703,4548,2.540,1.410,0.730,2,0,47.908,0,0,11,32,0,37,0
19-01 15:40:35,44.844,6.514,47.850,0.251,0,1433632,1133924,170360,5193056,7582.841,1623.391,0,448.938,0,54.113,5514,6287,2.540,1.410,0.730,4,0,5.010,0,0,11,33,0,37,0
19-01 15:40:36,34.172,12.472,51.383,0.249,0,1410080,1157388,170364,5193136,10679.632,1616.312,0,271.381,0,23.945,5567,5655,2.540,1.410,0.730,2,0,276.369,0,0,11,32,0,37,0
19-01 15:40:37,17.987,9.993,71.199,0,0,1399900,1167536,170364,5193168,7741.414,1618.832,0,343.752,0,25.981,4936,5091,2.490,1.420,0.730,2,0,182.868,0,0,11,32,0,38,0
19-01 15:40:38,18.507,8.003,72.779,0,0.250,1461104,1106328,170364,5193172,9116.656,1620.650,0,220.088,0,12.005,2602,1816,2.490,1.420,0.730,1,0,101.041,0,0,11,32,0,38,0
19-01 15:40:39,23.535,3.255,72.607,0,0,1376608,1190800,170364,5193196,7330.806,1622.392,0,140.207,0,10.015,3628,4218,2.490,1.420,0.730,1,0,12.018,0,0,11,32,0,38,0
19-01 15:40:40,20.230,5.495,72.929,0,0,1392308,1175100,170368,5193196,6094.081,1618.428,0,459.554,0,49.951,2148,1439,2.490,1.420,0.730,1,0,33.967,0,0,11,32,0,38,0
19-01 15:40:41,23.735,3.748,70.956,0.250,0.250,1398392,1168844,170376,5193360,5162.765,1457.087,0,235.852,0,22.986,5086,6625,2.490,1.420,0.730,3,0,5.996,0,0,11,32,0,39,0
19-01 15:40:42,8.774,22.814,67.438,0.251,0.251,1362940,1204136,170380,5193512,11741.708,1624.525,0,184.514,0,14.039,6059,4440,2.450,1.430,0.740,2,0,488.360,0,0,11,32,0,39,0
19-01 15:40:43,38.917,10.977,48.147,0,0,1477408,1089408,170388,5193752,9101.579,1616.551,0,702.501,0,26.943,4000,2885,2.450,1.430,0.740,3,0,139.702,0,0,11,32,0,40,0
19-01 15:40:44,38.851,6.768,46.370,7.519,0,1544408,1016636,170996,5198412,8603.292,1624.209,0,14585.794,0,1277.310,9773,13249,2.450,1.430,0.740,2,1,71.184,0,0,11,36,0,40,0
19-01 15:40:45,33.730,7.745,40.975,15.990,0,1573072,983480,171904,5201836,6852.862,1619.022,0,44269.270,0,3869.663,20541,30775,2.450,1.430,0.740,2,0,87.947,0,0,11,36,0,40,0
19-01 15:40:46,38.526,6.755,44.030,9.256,0,1494424,1061848,172212,5201740,9511.528,1621.113,0,31569.669,0,2369.626,12892,18024,2.450,1.430,0.740,2,0,20.014,0,0,11,32,0,40,0
19-01 15:40:47,43.750,6.500,45.750,2.500,0,1611312,944920,172228,5201764,10257.083,1620.013,0,8052.065,0,543.004,5322,5347,2.500,1.450,0.750,1,0,1.000,0,0,11,34,0,39,0
19-01 15:40:48,33.732,8.495,44.227,11.744,0,1521360,1033876,172736,5202236,8240.635,1619.142,0,19689.570,0,2696.572,14234,24911,2.500,1.450,0.750,2,0,2.998,0,0,11,34,0,39,0
19-01 15:40:49,27.748,6.999,63.495,0.750,0.250,1508532,1046632,172808,5202236,10672.227,1457.894,0,3763.727,0,208.985,3556,3045,2.500,1.450,0.750,1,0,99.993,0,0,11,32,0,39,0
19-01 15:40:50,21.752,3.500,73.508,0.250,0.250,1488540,1066584,172824,5202260,8891.977,1620.178,0,772.085,0,43.005,2026,1562,2.500,1.450,0.750,1,0,1.000,0,0,11,32,0,39,0
19-01 15:40:51,22.939,3.740,71.060,1.745,0,1485616,1069444,172888,5202260,6240.303,1615.677,0,7555.783,0,402.922,3159,3093,2.500,1.450,0.750,1,0,1.995,0,0,11,32,0,38,0
19-01 15:40:52,21.808,4.011,73.195,0,0,1483196,1071840,172900,5202272,9564.417,1624.317,0,421.119,0,28.075,1938,1376,2.380,1.450,0.750,1,0,2.005,0,0,11,32,0,38,0
19-01 15:40:53,21.933,3.739,73.526,0,0,1473688,1081348,172908,5202264,6580.959,1615.082,0,0,0,0,1794,1214,2.380,1.450,0.750,1,0,1.994,0,0,11,32,0,38,0
19-01 15:40:54,22.565,3.259,73.461,0,0.251,1471412,1083540,172908,5202344,11998.466,1624.667,0,4.012,0,1.003,1824,1295,2.380,1.450,0.750,1,0,1.003,0,0,11,32,0,38,0
19-01 15:40:55,22.444,2.992,73.815,0,0,1509384,1045568,172908,5202344,10026.870,1615.950,0,0,0,0,1713,1044,2.380,1.450,0.750,4,0,1.995,0,0,11,32,0,36,0
19-01 15:40:56,21.753,4.001,73.511,0,0,1492720,1062140,172916,5202424,5565.809,1620.235,0,8.001,0,1.000,1758,1314,2.380,1.450,0.750,2,0,2.000,0,0,11,32,0,36,0
19-01 15:40:57,22.000,3.750,73.499,0,0.250,1496872,1057956,172916,5202456,8786.863,1457.977,0,0,0,0,1861,1343,2.270,1.440,0.760,1,0,0,0,0,11,32,0,36,0
19-01 15:40:58,21.562,4.513,73.211,0.251,0,1466272,1088520,172920,5202484,8196.653,1624.688,0,545.574,0,33.096,2109,1769,2.270,1.440,0.760,1,0,3.009,0,0,11,32,0,36,0
19-01 15:40:59,21.939,3.490,73.793,0,0,1471976,1082800,172924,5202492,6074.994,1615.478,0,75.788,0,3.989,1796,1294,2.270,1.440,0.760,1,0,0.997,0,0,11,32,0,34,0
19-01 15:41:00,21.499,3.750,73.497,0,0.250,1489016,1065740,172924,5202512,9747.658,1619.943,0,111.996,0,3.000,1875,1325,2.270,1.440,0.760,2,0,2.000,0,0,11,32,0,34,0
19-01 15:41:01,18.504,8.252,73.265,0,0,1481628,1072980,172932,5202648,7398.536,1620.336,0,0,0,0,2912,1964,2.270,1.440,0.760,1,0,110.023,0,0,11,32,0,34,0
19-01 15:41:02,8.751,21.503,67.760,0,0.250,1473160,1081376,172932,5202676,10423.610,1620.250,0,972.150,0,12.002,6251,4768,2.240,1.450,0.760,1,0,500.077,0,0,11,32,0,34,0
19-01 15:41:03,8.770,20.297,69.663,0,0,1455340,1099136,172936,5202724,7356.185,1623.793,0,276.646,0,6.014,6015,4446,2.240,1.450,0.760,2,0,418.979,0,0,11,32,0,34,0
19-01 15:41:04,10.973,17.458,69.582,0.249,0,1438772,1115524,172936,5202916,7194.623,1616.097,0,718.265,0,99.759,5232,3888,2.240,1.450,0.760,1,0,345.166,0,0,11,32,0,34,0
19-01 15:41:05,21.251,4.000,74.255,0,0.250,1486052,1068260,172936,5202900,8814.549,1500.093,0,0,0,0,1632,1185,2.240,1.450,0.760,2,0,2.000,0,0,11,32,0,34,0
19-01 15:41:06,22.486,3.498,73.705,0,0,1486092,1068200,172936,5202916,9124.450,1619.015,0,19.988,0,1.999,1793,1280,2.240,1.450,0.760,1,0,0.999,0,0,11,32,0,34,0
19-01 15:41:07,22.754,3.251,73.513,0,0,1546692,1007612,172936,5202900,9147.565,1662.284,0,0,0,0,1874,1333,2.140,1.440,0.760,1,0,2.000,0,0,11,32,0,32,0
19-01 15:41:08,23.059,3.760,71.182,1.504,0,1506656,1047568,172988,5202928,8651.118,1624.152,0,6264.015,0,310.795,2984,2980,2.140,1.440,0.760,1,0,1.003,0,0,11,32,0,32,0
19-01 15:41:09,22.683,2.991,74.033,0,0.249,1510280,1043956,172988,5202916,9484.168,1615.260,0,51.848,0,1.994,1782,1185,2.140,1.440,0.760,1,0,1.994,0,0,11,32,0,32,0
19-01 15:41:10,20.757,4.501,73.274,0.250,0.250,1445524,1108720,172988,5202908,7456.409,1620.524,0,1920.621,0,263.085,2244,1318,2.140,1.440,0.760,1,0,1.000,0,0,11,32,0,32,0
19-01 15:41:11,22.999,3.250,73.246,0,0,1464728,1089516,172988,5202908,6228.624,1619.902,0,19.999,0,1.000,1812,1182,2.140,1.440,0.760,1,0,3.000,0,0,11,32,0,32,0
19-01 15:41:12,21.750,4.250,73.499,0,0.250,1465532,1088704,172988,5202916,6065.900,1619.973,0,8.000,0,2.000,1873,1290,2.050,1.430,0.770,1,0,3.000,0,0,11,32,0,32,0
19-01 15:41:13,22.512,3.002,73.538,0,0.250,1470508,1083712,172992,5202928,10791.605,1458.758,0,80.042,0,3.002,1792,1176,2.050,1.430,0.770,2,0,1.001,0,0,11,32,0,32,0
19-01 15:41:14,25.800,7.264,66.129,0,0,1511976,1042268,172992,5202876,8389.348,1623.163,0,4.008,0,1.002,2725,8032,2.050,1.430,0.770,2,0,38.074,0,0,11,32,0,33,0
19-01 15:41:15,22.666,3.238,72.979,0,0,1453440,1100780,172992,5202928,11625.755,1613.996,0,2144.025,0,8.967,1844,1204,2.050,1.430,0.770,1,0,0.996,0,0,11,32,0,23,0
19-01 15:41:16,22.531,3.254,73.851,0,0,1506512,1047796,172992,5202840,9254.657,1622.219,0,88.121,0,1.001,1835,1225,2.050,1.430,0.770,2,0,2.003,0,0,11,32,0,23,0
19-01 15:41:17,22.247,4.000,73.741,0,0,1480472,1073748,172992,5202928,11824.537,1619.800,0,0,0,0,1875,1283,1.970,1.430,0.770,1,0,1.000,0,0,11,32,0,23,0
19-01 15:41:18,21.503,4.251,72.509,0,0,1456792,1097424,173000,5202936,9443.142,1620.196,0,544.066,0,38.005,2077,1712,1.970,1.430,0.770,1,0,1.000,0,0,11,32,0,23,0
19-01 15:41:19,22.755,3.001,73.765,0,0,1459244,1094972,173000,5202936,5223.087,1620.337,0,20.004,0,1.000,1786,1126,1.970,1.430,0.770,1,0,3.001,0,0,11,32,0,19,0
19-01 15:41:20,22.248,3.250,73.493,0,0.250,1492688,1061548,173000,5202916,6114.429,1619.849,0,335.969,0,59.994,1949,1439,1.970,1.430,0.770,1,0,0,0,0,11,32,0,19,0
19-01 15:41:21,21.744,3.749,73.729,0,0,1477372,1076852,173000,5202928,9627.269,1457.587,0,0,0,0,1693,1243,1.970,1.430,0.770,1,0,1.000,0,0,11,32,0,19,0
19-01 15:41:22,22.029,4.005,73.345,0,0.250,1484956,1069268,173000,5202928,8772.398,1622.108,0,12.016,0,1.001,1967,1224,1.890,1.420,0.770,1,0,13.017,0,0,11,32,0,19,0
19-01 15:41:23,8.492,22.229,68.186,0,0.250,1482364,1071764,173004,5202988,9683.883,1618.476,0,291.725,0,11.989,6082,4460,1.890,1.420,0.770,1,0,449.577,0,0,11,32,0,19,0
19-01 15:41:24,21.754,3.501,73.515,0,0,1480444,1073672,173004,5203000,7171.474,1620.333,0,4.001,0,1.000,1822,1326,1.890,1.420,0.770,1,0,0,0,0,11,32,0,8,0
19-01 15:41:25,22.967,3.245,73.645,0,0,1457632,1096284,173004,5203196,12792.688,1617.684,0,0,0,0,1889,1142,1.890,1.420,0.770,1,0,8.987,0,0,11,32,0,8,0
19-01 15:41:26,22.768,2.752,73.557,0,0,1475324,1078544,173004,5203244,7091.466,1621.250,0,180.139,0,27.021,1712,1073,1.890,1.420,0.770,2,0,0,0,0,11,32,0,8,0
19-01 15:41:27,8.530,22.829,67.484,0.251,0.251,1454308,1099416,173004,5203388,6667.109,1625.635,40.139,96.334,2.007,4.014,5946,4487,1.740,1.390,0.760,1,0,456.583,0,0,11,32,0,8,0
19-01 15:41:28,7.981,22.198,68.341,0,0,1445536,1108132,173008,5203420,8922.296,1616.250,0,957.777,0,46.891,6573,5378,1.740,1.390,0.760,1,0,503.831,0,0,11,32,0,8,0
19-01 15:41:29,8.012,22.284,68.104,0,0.250,1429652,1123976,173008,5203452,7475.458,1554.382,0,356.546,0,5.008,6348,4936,1.740,1.390,0.760,2,0,512.786,0,0,11,32,0,8,0
19-01 15:41:30,8.991,21.478,67.930,0,0,1421572,1132008,173008,5203476,5107.762,1618.340,0,1006.967,0,11.988,5698,4074,1.740,1.390,0.760,1,0,407.582,0,0,11,32,0,8,0
19-01 15:41:31,8.760,21.775,68.328,0,0,1405348,1148208,173008,5203496,10294.715,1621.846,0,1517.727,0,40.046,6484,4997,1.740,1.390,0.760,2,0,554.631,0,0,11,32,0,8,0
19-01 15:41:32,8.000,21.001,69.754,0,0,1393700,1159820,173008,5203532,4860.261,1620.087,0,604.032,0,9.000,5978,4430,1.600,1.370,0.760,2,0,428.023,0,0,11,32,0,6,0
19-01 15:41:33,8.232,20.705,68.849,0.249,0,1386204,1167280,173008,5203568,9532.056,1616.448,0,283.377,0,7.982,5823,4190,1.600,1.370,0.760,2,0,395.132,0,0,11,32,0,6,0
19-01 15:41:34,8.015,21.792,68.883,0,0.250,1379284,1174164,173008,5203596,9341.028,1623.133,0,280.541,0,8.015,5664,4120,1.600,1.370,0.760,1,0,372.719,0,0,11,32,0,6,0
19-01 15:41:35,8.257,22.269,68.057,0,0,1380264,1173164,173008,5203616,5726.795,1621.358,0,48.040,0,12.010,6144,4565,1.600,1.370,0.760,2,0,473.396,0,0,11,32,0,6,0
19-01 15:41:36,12.482,23.217,63.160,0,0,1332320,1221052,173024,5203652,13377.965,1617.698,0,683.028,0,26.962,6614,5588,1.600,1.370,0.760,3,0,565.196,0,0,11,32,0,8,0
19-01 15:41:37,49.309,23.409,25.900,0.498,0,1491084,1062240,173068,5203656,11567.138,1613.741,0,1207.317,0,129.498,6109,4910,1.710,1.400,0.770,4,0,479.142,0,0,11,32,0,12,0
19-01 15:41:38,59.745,10.794,24.350,4.268,0.502,1643620,903044,173452,5209276,7537.938,1464.009,373.533,11647.806,3.012,800.285,7113,8717,1.710,1.400,0.770,1,1,35.144,0,0,11,36,0,12,0
19-01 15:41:39,33.274,10.257,37.777,17.262,0,1649788,886480,174336,5218084,12578.967,1621.156,0,47742.031,0,3597.564,19676,30486,1.710,1.400,0.770,5,0,153.109,0,0,11,36,0,13,0
19-01 15:41:40,34.477,12.242,31.728,18.487,0,1701528,825812,174880,5226164,7313.019,1618.897,0,87172.626,0,5704.115,21355,40035,1.710,1.400,0.770,1,1,74.949,0,0,11,37,0,11,0
19-01 15:41:41,36.416,11.973,33.922,14.966,0.499,1677652,842380,175012,5233068,9737.649,1616.290,0,52088.439,0,4183.398,21097,31627,1.710,1.400,0.770,1,1,108.750,0,0,11,36,0,12,0
19-01 15:41:42,47.663,10.787,28.096,12.794,0,1582948,931536,175340,5238100,7903.960,1625.545,0,41369.107,0,3372.503,17215,25427,2.220,1.510,0.810,4,1,152.520,0,0,11,34,0,12,0
19-01 15:41:43,44.490,20.496,23.245,11.248,0,1595388,912428,175836,5243988,7742.329,1619.650,371.920,53816.387,5.999,3535.237,23226,36718,2.220,1.510,0.810,3,2,282.939,0,0,11,35,0,13,0
19-01 15:41:44,36.491,15.746,33.742,11.997,0,1577820,923088,176112,5250364,11504.114,1619.594,1787.552,31585.077,32.992,2390.400,16425,22957,2.220,1.510,0.810,2,1,211.947,0,0,11,34,0,10,0
19-01 15:41:45,33.739,7.997,39.487,16.995,0,1594192,904268,176336,5252496,5772.171,1619.487,0,46933.132,0,3604.858,20852,30655,2.220,1.510,0.810,4,0,44.986,0,0,11,34,0,10,1
19-01 15:41:46,30.415,8.975,41.634,16.205,0,1548592,946708,176464,5255436,10603.493,1615.504,0,45453.514,0,3548.126,20684,30958,2.220,1.510,0.810,1,1,115.678,0,0,11,34,0,11,0
19-01 15:41:47,33.327,7.768,40.594,16.288,0,1598860,897388,176616,5254316,11078.544,1461.369,0,42762.597,0,3360.749,17430,27335,2.440,1.570,0.830,3,1,18.042,0,0,11,34,0,11,0
19-01 15:41:48,34.277,6.755,41.282,14.761,0.500,1583588,910216,176904,5256420,13275.335,1621.262,0,40979.903,0,3422.665,20656,31638,2.440,1.570,0.830,1,1,30.023,0,0,11,34,0,12,0
19-01 15:41:49,31.925,9.478,38.660,16.960,0,1604648,888700,177064,5256688,10381.720,1616.220,0,38849.144,0,3337.195,19168,27365,2.440,1.570,0.830,4,0,53.874,0,0,11,36,0,12,0
19-01 15:41:50,38.612,6.770,40.117,12.787,0.251,1597748,893644,177152,5258508,6235.116,1624.720,0,37589.212,0,3145.138,19095,30139,2.440,1.570,0.830,4,2,36.105,0,0,11,37,0,14,0
19-01 15:41:51,34.501,9.750,39.501,14.000,0,1546660,942980,177200,5260164,5831.135,1620.037,0,31836.735,0,2842.066,16464,25406,2.440,1.570,0.830,3,1,97.002,0,0,11,36,0,14,0
19-01 15:41:52,31.230,7.995,42.722,15.740,0.250,1580568,906372,177268,5262720,9604.763,1618.949,0,54756.443,0,4001.402,17202,30460,2.560,1.610,0.850,1,2,39.974,0,0,11,37,0,14,0
19-01 15:41:53,30.197,9.983,40.679,15.723,0,1627684,856680,177380,5265120,9902.779,1617.188,0,38812.506,0,3254.341,15790,26879,2.560,1.610,0.850,2,3,81.858,0,0,11,36,0,15,0
19-01 15:41:54,30.299,9.015,40.817,17.278,0,1613984,867584,177520,5267692,8789.326,1622.645,0,48651.297,0,3926.400,19975,31392,2.560,1.610,0.850,2,1,129.211,0,0,11,36,0,16,0
19-01 15:41:55,32.512,8.503,40.514,18.006,0,1604164,875196,177596,5269756,6982.489,1458.520,0,44727.946,0,3854.374,19730,30975,2.560,1.610,0.850,3,0,69.025,0,0,11,37,0,16,0
19-01 15:41:56,33.345,9.705,39.566,14.184,0,1591432,887396,177648,5270176,38459.216,1612.504,0,34794.253,0,3162.300,18761,28729,2.560,1.610,0.850,2,1,66.690,0,0,11,36,0,16,0
19-01 15:41:57,33.912,8.290,40.443,16.328,0,1605920,877332,177672,5265716,7388.285,1627.774,0,42724.042,0,3604.213,19054,30403,2.600,1.630,0.860,3,0,12.058,0,0,11,36,0,16,0
19-01 15:41:58,28.886,6.475,50.800,11.455,0,1531360,951208,177728,5266340,6044.239,1613.657,0,36970.664,0,2770.110,15245,22195,2.600,1.630,0.860,1,0,92.636,0,0,11,34,0,17,0
19-01 15:41:59,10.278,20.306,65.680,2.507,0.251,1402120,1080308,177740,5266468,6353.398,1624.448,0,12337.786,0,685.878,7475,6895,2.600,1.630,0.860,1,0,411.126,0,0,11,32,0,17,0
19-01 15:42:00,22.029,23.781,53.070,0.250,0,1408240,1073916,177760,5266720,10456.846,1622.148,0,1153.527,0,81.107,6735,5655,2.600,1.630,0.860,3,0,533.707,0,0,11,32,0,23,0
19-01 15:42:01,65.824,9.724,23.687,0.499,0.249,1589068,892224,177760,5267584,8342.647,1615.671,0,5724.662,0,277.257,4252,2679,2.600,1.630,0.860,3,0,2.992,0,0,11,32,0,23,0
19-01 15:42:02,65.989,8.499,23.996,0,0.250,1773256,704512,177788,5270908,9762.365,1619.729,0,5119.143,0,127.979,4205,1928,2.630,1.650,0.870,3,0,3.999,0,0,11,32,0,23,0
19-01 15:42:03,39.102,7.018,38.852,14.037,0,1786964,680320,177892,5280612,9986.168,1624.256,0,49930.840,0,3467.085,18594,27144,2.630,1.650,0.870,0,1,141.370,0,0,11,38,0,23,0
19-01 15:42:04,21.496,7.998,46.991,20.746,0,1787408,670240,177976,5289816,11487.736,1457.713,0,78616.506,0,5497.916,26721,40770,2.630,1.650,0.870,5,0,197.961,0,0,11,38,0,23,0
19-01 15:42:05,18.760,7.254,48.527,22.763,0,1786712,663188,178028,5297228,10864.036,1662.924,0,85263.370,0,6169.428,27963,42787,2.630,1.650,0.870,2,0,132.073,0,0,11,38,0,23,0
19-01 15:42:06,32.748,10.249,38.998,16.999,0.250,1697456,745064,178104,5304308,5493.692,1619.909,0,57312.782,0,4524.746,24209,34870,2.630,1.650,0.870,1,2,236.987,0,0,11,36,0,23,0
19-01 15:42:07,36.245,8.499,33.496,18.498,0,1766952,667248,178164,5312288,9097.869,1619.799,0,61248.388,0,4490.442,22997,34151,2.660,1.680,0.890,4,1,114.986,0,0,11,36,0,23,0
19-01 15:42:08,40.495,9.249,32.746,15.248,0,1823552,602260,178184,5320296,9492.715,1661.775,0,70278.483,0,4610.376,22003,31732,2.660,1.680,0.890,6,0,2.000,0,0,11,38,0,23,0
19-01 15:42:09,22.254,7.751,47.009,19.754,0.250,1750740,667136,178216,5327920,5247.005,1620.310,0,66736.786,0,4718.904,22791,35522,2.660,1.680,0.890,1,1,105.020,0,0,11,36,0,23,0
19-01 15:42:10,18.246,6.998,51.487,19.995,0,1746544,667936,178248,5331196,11092.306,1619.607,0,70302.922,0,5137.752,23764,37009,2.660,1.680,0.890,6,0,80.980,0,0,11,36,0,23,0
19-01 15:42:11,30.408,12.961,48.603,6.979,0,1450748,963112,178256,5331780,7281.966,1615.113,0,25582.591,0,1813.513,11568,15156,2.660,1.680,0.890,1,0,267.192,0,0,11,32,0,23,0
19-01 15:42:12,22.743,5.498,67.480,3.249,0,1508760,905092,178256,5331780,8945.405,1457.577,0,18014.773,0,818.762,4229,5281,2.530,1.660,0.890,1,0,3.999,0,0,11,32,0,23,0
19-01 15:42:13,22.762,3.252,72.789,0.250,0.250,1562636,851208,178256,5331788,7340.964,1620.875,0,1252.676,0,99.053,2245,1817,2.530,1.660,0.890,1,0,2.001,0,0,11,38,0,23,0
19-01 15:42:14,27.748,6.749,64.245,0.500,0,1456700,957144,178256,5331788,5252.590,1619.874,0,3239.747,0,165.987,3713,10699,2.530,1.660,0.890,1,0,62.995,0,0,11,32,0,24,0
19-01 15:42:15,22.500,3.500,73.500,0,0,1513844,900000,178256,5331788,11716.016,1620.002,0,104.000,0,10.000,1786,1235,2.530,1.660,0.890,1,0,1.000,0,0,11,32,0,24,0
19-01 15:42:16,20.547,5.513,72.415,0.251,0,1493052,920776,178256,5331796,9811.349,1623.699,0,116.265,0,15.034,2602,1990,2.530,1.660,0.890,1,0,60.137,0,0,11,32,0,24,0
19-01 15:42:17,13.495,37.487,47.983,0,0.250,1471172,942572,178256,5331864,9042.762,1619.420,0,1371.509,0,87.968,8673,8240,2.410,1.650,0.890,1,0,1214.565,0,0,11,32,0,23,0
19-01 15:42:18,8.253,22.759,68.026,0.250,0.250,1464128,949528,178256,5331936,8670.333,1620.623,0,264.102,0,20.008,6148,4549,2.410,1.650,0.890,1,0,497.191,0,0,11,32,0,23,0
19-01 15:42:19,8.984,19.714,69.374,0,0,1427816,985848,178256,5331972,5515.974,1617.061,0,263.521,0,54.900,5828,4341,2.410,1.650,0.890,1,0,369.329,0,0,11,32,0,23,0
19-01 15:42:20,10.527,20.804,67.424,0,0,1418756,994740,178256,5332476,9761.207,1515.915,0,36.093,0,9.023,6281,5059,2.410,1.650,0.890,1,0,380.984,0,0,11,32,0,23,0
19-01 15:42:21,29.402,14.701,55.066,0,0.249,1411108,1002236,178260,5332616,11468.684,1560.786,0,0,0,0,5740,6380,2.410,1.650,0.890,2,0,232.224,0,0,11,33,0,23,0
19-01 15:42:22,42.507,8.001,48.758,0,0,1523400,889844,178260,5332832,8743.438,1620.266,0,52.009,0,2.000,2679,1520,2.370,1.660,0.890,3,0,1.000,0,0,11,33,0,23,0
19-01 15:42:23,45.484,5.498,47.733,0,0,1615836,797208,178276,5333000,10680.151,1619.416,0,479.827,0,21.992,3611,2775,2.370,1.660,0.890,3,0,18.993,0,0,11,49,0,23,0
19-01 15:42:24,34.523,12.008,52.284,0,0.250,1648336,760396,178324,5336852,7741.049,1621.057,0,1396.911,0,136.089,5720,9450,2.370,1.660,0.890,2,0,136.089,0,0,11,48,0,24,0
19-01 15:42:25,14.026,17.533,66.875,0,0.250,1656816,751812,178328,5337212,9710.079,1623.022,0,292.545,0,7.013,6473,7247,2.370,1.660,0.890,1,0,281.524,0,0,11,48,0,24,0
19-01 15:42:26,6.985,5.488,86.315,0.249,0,1658504,750096,178328,5336884,8118.630,1616.541,0,187.599,0,17.962,2377,3323,2.370,1.660,0.890,0,0,77.833,0,0,11,48,0,24,0
19-01 15:42:27,1.000,0.750,98.005,0.250,0,1658504,750096,178328,5336884,9247.441,1620.077,0,320.015,0,23.001,798,1071,2.180,1.630,0.890,0,0,3.000,0,0,11,48,0,24,0
19-01 15:42:28,0,0.500,98.230,0,0,1658504,750096,178328,5336884,8586.242,1457.702,0,0,0,0,760,954,2.180,1.630,0.890,1,0,2.999,0,0,11,48,0,24,0
19-01 15:42:29,0.500,0.750,96.529,1.250,0.250,1658496,750096,178332,5336884,6783.073,1714.524,0,5025.536,0,317.097,1288,1118,2.180,1.630,0.890,0,0,1.000,0,0,11,48,0,24,0
19-01 15:42:30,4.762,5.764,89.220,0,0,1646596,761996,178332,5336880,8804.756,1624.013,0,4.010,0,1.002,2386,2201,2.180,1.630,0.890,1,0,95.235,0,0,11,48,0,24,0
19-01 15:42:31,17.705,16.458,64.088,0,0,1639612,768956,178332,5336884,9683.490,1615.910,0,3.990,0,0.997,5525,6861,2.180,1.630,0.890,0,0,260.341,0,0,11,48,0,24,0
19-01 15:42:32,10.526,19.799,67.167,0,0.251,1681180,727348,178332,5336928,9224.886,1862.621,0,1736.308,0,11.027,5720,4779,2.090,1.620,0.890,2,0,368.915,0,0,12,48,0,24,0
19-01 15:42:33,17.727,13.982,66.415,0.250,0,1655732,752800,178332,5336920,11872.792,1617.928,0,375.519,0,30.960,6096,7695,2.090,1.620,0.890,0,0,233.701,0,0,12,64,0,24,0
19-01 15:42:34,4.244,8.739,85.388,0.250,0,1658996,749516,178332,5336952,7490.147,1617.872,0,251.669,0,10.986,2795,2737,2.090,1.620,0.890,2,0,186.754,0,0,12,65,0,24,0
19-01 15:42:35,17.000,13.750,68.001,0,0,1645592,762820,178332,5336980,9255.197,1620.035,0,20.000,0,4.000,5901,6967,2.090,1.620,0.890,0,0,212.005,0,0,14,64,0,24,0
19-01 15:42:36,8.499,20.748,68.994,0,0,1642804,765552,178332,5337028,10318.113,1457.875,0,183.984,0,15.999,6134,4983,2.090,1.620,0.890,1,0,417.964,0,0,14,66,0,24,0
19-01 15:42:37,12.748,19.997,66.488,0,0.500,1642012,766188,178332,5337620,6691.840,1661.712,0,1419.754,0,38.993,6276,5634,2,1.610,0.890,1,0,351.939,0,0,14,66,0,18,0
19-01 15:42:38,23.827,19.563,55.931,0,0,1681728,726420,178344,5337192,5856.955,1709.533,0,72.234,0,3.010,5880,5898,2,1.610,0.890,2,0,321.039,0,0,14,66,0,18,0
19-01 15:42:39,29.137,24.654,45.324,0,0.249,1765028,643056,178380,5337220,10712.456,1613.742,0,338.687,0,6.973,6240,4556,2,1.610,0.890,2,0,449.258,0,0,14,66,0,18,0
19-01 15:42:40,29.970,24.975,43.707,0.250,0,1921780,484636,178428,5338704,7196.908,1618.405,0,1686.338,0,123.878,7518,7979,2,1.610,0.890,5,0,534.473,0,0,14,70,0,20,0
19-01 15:42:41,38.196,20.103,41.463,0,0,1996268,410096,178428,5338736,9897.810,1628.359,0,52.268,0,9.046,5867,7515,2,1.610,0.890,1,0,301.548,0,0,14,70,0,18,0
19-01 15:42:42,57.232,25.992,16.245,0,0.250,2100620,305516,178440,5339392,9058.167,1709.465,0,815.745,0,8.997,6183,5632,2.080,1.630,0.900,3,0,607.810,0,0,14,70,0,18,0
19-01 15:42:43,59.719,19.240,19.740,0,0,2183416,221488,178472,5340396,9206.218,1619.159,0,771.599,0,8.995,6981,9084,2.080,1.630,0.900,3,0,276.856,0,0,14,70,0,18,0
19-01 15:42:44,69.257,28.400,2.242,0.249,0.249,2291944,172632,174504,5285476,8188.228,1614.327,410.557,7374.088,57.797,417.533,6345,5929,2.080,1.630,0.900,5,0,566.011,0,0,14,74,0,18,0
19-01 15:42:45,70.051,22.597,4.519,2.260,0.251,2405880,149656,169956,5201748,4388.851,1464.289,152.656,10794.364,29.125,1125.836,11304,17368,2.080,1.630,0.900,4,0,254.091,0,0,14,74,0,17,0
19-01 15:42:46,60.998,28.999,5.500,2.750,0.250,2556612,123708,169568,5080332,10229.676,1619.949,2095.934,31471.004,126.996,2027.936,15909,24802,2.080,1.630,0.900,3,1,436.986,0,0,14,76,0,17,0
19-01 15:42:47,70.986,21.996,6.499,0.500,0,2632964,172580,168868,4958584,7206.563,1619.677,543.892,2283.545,55.989,132.973,9760,16670,2.310,1.690,0.930,5,0,246.951,0,0,14,87,0,23,0
19-01 15:42:48,55.274,25.147,18.425,0.498,0,2757524,194468,168860,4815732,8792.042,1613.402,585.605,1143.324,47.804,68.719,7318,7555,2.310,1.690,0.930,4,0,525.849,0,0,14,93,0,26,0
19-01 15:42:49,38.397,24.594,35.637,0,0,2846860,173316,168860,4749432,10679.978,1626.240,48.185,959.682,5.019,53.204,9050,11609,2.310,1.690,0.930,5,0,457.756,0,0,14,93,0,26,0
19-01 15:42:50,54.494,15.998,27.497,0.500,0.250,2960912,126272,168824,4683884,7698.084,1619.807,2011.761,3731.556,22.997,165.980,6935,10151,2.310,1.690,0.930,3,0,205.975,0,0,14,98,0,27,0
19-01 15:42:51,41.179,9.733,48.167,0.499,0,3074580,144284,168848,4554584,9091.366,1617.219,67.883,1509.404,4.991,81.859,4381,3766,2.310,1.690,0.930,1,0,75.870,0,0,14,101,0,28,0
19-01 15:42:52,7.995,20.237,69.457,0.500,0,3079668,138520,168848,4555400,7630.280,1618.999,0,4153.431,0,228.858,6248,4884,2.210,1.680,0.930,1,0,331.795,0,0,14,101,0,28,0
19-01 15:42:53,8.999,19.249,70.995,0,0,3086680,131472,168848,4555436,4263.711,1547.895,4.000,71.995,1.000,7.000,5717,4220,2.210,1.680,0.930,1,0,348.976,0,0,14,101,0,28,0
19-01 15:42:54,10.747,16.245,70.478,0.250,0.250,3107144,178212,168848,4489664,10277.767,1619.491,0,111.965,0,9.997,4486,3228,2.210,1.680,0.930,1,0,234.926,0,0,14,101,0,25,0
19-01 15:42:55,23.252,3.250,73.505,0,0.250,3156124,129216,168856,4489672,6823.480,1620.114,16.001,368.026,3.000,1.000,2150,1653,2.210,1.680,0.930,1,0,0,0,0,14,102,0,25,0
19-01 15:42:56,19.233,6.744,72.185,0,0.250,3120876,164428,168856,4489708,6434.191,1618.539,7.993,227.794,1.998,18.983,3191,2985,2.210,1.680,0.930,1,0,62.943,0,0,14,103,0,25,0
19-01 15:42:57,23.058,3.008,72.934,0.251,0,3157596,127704,168856,4489716,10203.775,1624.103,4.010,340.861,1.003,30.076,2737,2628,2.110,1.670,0.930,2,0,1.003,0,0,14,108,0,25,0
19-01 15:42:58,24.452,4.741,67.117,1.497,0,3158260,126632,168868,4490060,5559.997,1616.800,0,1636.761,0,215.573,5047,6738,2.110,1.670,0.930,2,0,2.994,0,0,14,111,0,24,0
19-01 15:42:59,23.320,8.275,66.200,1.254,0.251,3090316,194340,168868,4490296,10346.225,1624.904,48.145,3779.406,3.009,272.823,6182,7660,2.110,1.670,0.930,2,0,107.324,0,0,14,112,0,25,0
19-01 15:43:00,22.219,4.244,72.650,0.250,0,3165588,119048,168868,4490316,9295.196,1617.772,0,1453.997,0,76.894,2435,2035,2.110,1.670,0.930,1,0,5.992,0,0,14,115,0,25,0
19-01 15:43:01,33.455,7.740,57.672,0.749,0,3249024,167428,168868,4361640,6838.732,1456.027,11.984,818.890,2.996,85.884,4350,4575,2.110,1.670,0.930,1,0,4.993,0,0,14,121,0,26,0
19-01 15:43:02,33.576,10.273,54.624,0.501,0,3292260,124116,168872,4361680,10408.678,1623.694,0,1002.280,0,98.223,5170,5344,2.100,1.670,0.930,2,0,97.221,0,0,14,120,0,19,0
19-01 15:43:03,44.152,7.733,46.646,0,0,3348704,194340,168784,4238320,7304.710,1706.195,187.582,634.585,2.993,47.893,3331,2256,2.100,1.670,0.930,3,0,4.989,0,0,14,120,0,19,0
19-01 15:43:04,21.748,5.999,71.244,0.250,0.250,3367116,175872,168784,4238376,8630.227,1661.851,11.999,399.964,3.000,25.998,2544,2032,2.100,1.670,0.930,1,0,54.995,0,0,14,120,0,19,0
19-01 15:43:05,21.953,4.490,71.596,0.748,0,3296840,246140,168784,4238384,9214.135,1616.515,0,5556.021,0,394.150,2910,1969,2.100,1.670,0.930,2,0,50.890,0,0,14,120,0,19,0
19-01 15:43:06,21.800,4.260,73.420,0.251,0.251,3349192,193764,168784,4238408,9398.743,1623.756,0,372.863,0,18.042,1979,1521,2.100,1.670,0.930,1,0,0,0,0,14,120,0,19,0
19-01 15:43:07,19.497,8.249,69.990,0.750,0,3358084,184704,168784,4238576,9557.645,1661.764,11.998,863.877,3.000,97.986,4064,4164,2.010,1.660,0.930,2,0,82.988,0,0,14,122,0,19,0
19-01 15:43:08,22.200,3.243,72.087,0,0.249,3412232,130528,168784,4238604,5395.809,1616.348,0,439.008,0,30.930,1905,1404,2.010,1.660,0.930,2,0,0.998,0,0,14,124,0,20,0
19-01 15:43:09,20.361,6.787,72.646,0,0,3384236,158504,168784,4238624,5252.635,1465.992,0,325.776,0,17.093,2495,1879,2.010,1.660,0.930,2,0,55.301,0,0,14,124,0,20,0
19-01 15:43:10,23.675,4.735,69.031,1.994,0,3401236,141412,168788,4238712,10953.204,1614.870,0,8162.071,0,472.499,4848,6397,2.010,1.660,0.930,3,0,0.997,0,0,14,126,0,21,0
19-01 15:43:11,27.801,8.015,61.112,1.252,0,3361392,180932,168788,4239020,9099.706,1622.980,48.088,2476.547,3.006,223.410,9984,17105,2.010,1.660,0.930,1,0,83.153,0,0,14,133,0,24,0
19-01 15:43:12,23.438,2.743,72.308,0.249,0.748,3412504,129816,168788,4239024,8981.147,1615.709,0,1212.779,0,76.796,2126,1671,1.930,1.650,0.930,1,0,0.997,0,0,14,133,0,24,0
19-01 15:43:13,23.765,5.503,67.542,1.001,0.250,3408928,133336,168788,4239080,6986.308,1620.999,0,1408.869,0,143.088,6428,9043,1.930,1.650,0.930,1,0,0,0,0,14,134,0,24,0
19-01 15:43:14,31.081,9.525,57.399,0.752,0,3357724,184408,168792,4239176,9047.453,1624.210,20.052,1752.543,2.005,145.377,8678,12626,1.930,1.650,0.930,2,0,80.208,0,0,14,137,0,24,0
19-01 15:43:15,26.908,5.481,65.277,0.747,0,3410276,131828,168792,4239204,6551.635,1614.489,7.973,7578.131,0.997,580.020,3753,9805,1.930,1.650,0.930,1,0,24.915,0,0,14,137,0,25,0
19-01 15:43:16,18.751,9.500,69.753,0.500,0,3418456,123492,168792,4239376,5397.226,1458.061,0,972.041,0,104.004,4599,4921,1.930,1.650,0.930,1,0,147.006,0,0,14,137,0,25,0
19-01 15:43:17,23.836,4.265,71.007,0.251,0,3459332,145820,168792,4177692,5296.181,1625.888,8.029,710.573,2.007,43.156,2423,2033,1.860,1.640,0.930,1,0,1.004,0,0,14,137,0,25,0
19-01 15:43:18,22.939,4.737,69.066,0.997,0.249,3453060,152064,168804,4177708,9455.832,1615.700,0,1352.400,0,141.623,5714,7770,1.860,1.640,0.930,2,0,0.997,0,0,14,138,0,24,0
19-01 15:43:19,33.606,10.533,53.920,0.752,0.502,3429064,175836,168808,4177880,7972.087,1625.114,36.114,1404.419,3.009,116.366,8135,10679,1.860,1.640,0.930,2,0,156.492,0,0,14,137,0,24,0
19-01 15:43:20,46.041,12.195,39.570,0.747,0,3443148,161432,168808,4178164,11309.557,2114.383,15.928,3066.054,0.995,198.099,10929,17043,1.860,1.640,0.930,2,0,132.398,0,0,14,137,0,24,0
19-01 15:43:21,30.565,9.771,58.374,1.002,0,3444304,160232,168812,4178204,10303.927,1783.796,0,1627.463,0,140.299,6880,8116,1.860,1.640,0.930,2,0,162.345,0,0,14,137,0,24,0
19-01 15:43:22,9.262,20.276,69.088,0,0,3390784,213696,168812,4178260,10131.836,1712.169,0,973.233,0,55.070,5999,4542,1.790,1.630,0.930,1,0,375.476,0,0,14,137,0,24,0
19-01 15:43:23,17.747,16.247,64.739,0.250,0.250,3356616,247724,168812,4178400,10251.208,1619.717,0,651.886,0,38.993,6396,7746,1.790,1.630,0.930,2,0,251.956,0,0,14,137,0,24,0
19-01 15:43:24,30.509,23.007,44.013,0.500,0,3430312,173976,168816,4178452,6361.887,1500.445,4.001,2992.888,1.000,186.055,7323,6330,1.790,1.630,0.930,2,0,518.154,0,0,14,137,0,24,0
19-01 15:43:25,32.444,17.969,48.666,0,0,3474228,129520,168832,4179392,8658.117,1770.956,59.897,399.314,4.991,23.959,6708,8183,1.790,1.630,0.930,1,0,354.391,0,0,14,143,0,24,0
19-01 15:43:26,50.300,25.399,23.407,0.498,0,3614776,170140,168840,4002640,5599.700,1613.574,99.603,223.111,5.976,13.944,7152,12202,1.790,1.630,0.930,6,0,549.810,0,0,16,147,0,23,0
19-01 15:43:27,57.244,23.852,17.575,0,0,3740508,138376,168616,3910664,4965.181,1626.940,24.103,594.536,3.013,44.189,7383,9725,1.890,1.650,0.950,4,0,433.851,0,0,16,161,0,23,0
19-01 15:43:28,44.845,21.796,33.070,0,0.501,3805924,167624,168616,3816284,8759.506,1623.430,8.017,364.771,2.004,27.057,7975,10537,1.890,1.650,0.950,3,0,444.940,0,0,16,165,0,23,0
19-01 15:43:29,27.161,23.424,48.093,0.249,0.249,3848156,169632,168616,3772744,6446.970,1708.427,3.987,777.464,0.997,34.886,6800,5833,1.890,1.650,0.950,2,0,549.208,0,0,17,167,0,23,0
19-01 15:43:30,19.766,16.013,64.303,0,0,3877392,140376,168620,3772764,8830.250,1711.405,8.007,284.233,2.002,16.013,6613,8069,1.890,1.650,0.950,2,0,252.207,0,0,17,167,0,23,0
19-01 15:43:31,29.741,24.492,43.736,0.750,0.250,3928396,142688,168520,3720452,7549.638,1619.493,7.997,5374.319,1.999,557.825,7259,5825,1.890,1.650,0.950,4,0,501.843,0,0,17,171,0,23,0
19-01 15:43:32,42.380,20.814,35.860,0.251,0,4027216,149524,168532,3617352,10502.125,1695.185,164.503,601.841,9.028,48.147,9342,14510,1.890,1.660,0.950,3,0,301.924,0,0,17,183,0,23,0
19-01 15:43:33,28.966,25.720,43.200,0.749,0,4095724,141468,168532,3558240,10860.388,1456.309,47.944,4958.242,2.997,243.717,7978,7358,1.890,1.660,0.950,4,0,636.261,0,0,17,183,0,23,0
19-01 15:43:34,27.415,24.923,45.858,0.249,0,4161396,161196,168532,3474884,9608.300,1615.008,11.963,570.237,2.991,41.871,8400,10699,1.890,1.660,0.950,2,0,590.176,0,0,17,189,0,23,0
19-01 15:43:35,13.764,19.019,66.316,0.250,0,4173920,148464,168532,3475076,5560.572,1621.625,0,516.518,0,31.031,5958,5921,1.890,1.660,0.950,3,0,357.358,0,0,17,195,0,23,0
19-01 15:43:36,30.959,14.730,51.431,1.248,0,4237804,159304,168532,3401856,9094.836,1617.836,75.898,11944.025,1.997,609.185,6154,5859,1.890,1.660,0.950,2,0,190.745,0,0,17,195,0,23,0
19-01 15:43:37,46.185,9.036,44.679,0.251,0.251,4370464,121216,168536,3309120,6857.459,1626.513,244.981,514.058,11.044,45.181,3629,2577,1.900,1.660,0.960,2,0,3.012,0,0,17,199,0,23,0
19-01 15:43:38,35.979,8.245,53.968,0.250,0.250,4314212,301032,168540,3187656,10209.969,1619.044,115.932,475.719,10.994,38.977,4018,3268,1.900,1.660,0.960,1,0,43.974,0,0,17,214,0,23,0
19-01 15:43:39,34.776,26.770,36.778,0,0,4394820,218424,168544,3189636,7888.989,1621.231,1100.836,452.343,13.010,32.024,8136,10328,1.900,1.660,0.960,2,0,563.428,0,0,17,215,0,23,2
19-01 15:43:40,39.518,27.763,31.515,0.750,0,4410320,201460,168556,3191440,7057.277,1710.794,1040.483,372.173,22.010,22.010,8261,10313,1.900,1.660,0.960,4,0,540.251,0,0,17,221,0,24,0
19-01 15:43:41,63.986,17.926,16.930,0,0.249,4513696,175528,168572,3115808,11173.823,1451.999,820.609,876.378,16.930,11.951,5584,5341,1.900,1.660,0.960,3,0,152.370,0,0,17,222,0,25,0
19-01 15:43:42,70.866,15.275,11.769,1.502,0.250,4592592,176776,168592,3037492,9360.357,1622.662,3633.962,1318.163,162.266,76.125,5942,5609,1.990,1.680,0.970,3,1,31.051,0,0,17,238,0,26,0
19-01 15:43:43,60.493,14.998,19.498,4.000,0,4670928,166316,168660,2971408,12319.566,1619.811,4523.474,2391.722,383.955,183.979,8005,9745,1.990,1.680,0.970,2,0,126.985,0,0,17,237,0,28,0
19-01 15:43:44,37.330,27.058,34.323,0.251,0,4652324,182540,168660,2973788,7602.271,1623.475,204.438,589.261,3.006,34.073,7531,7799,1.990,1.680,0.970,2,0,507.085,0,0,17,239,0,28,0
19-01 15:43:45,45.769,22.509,31.013,0,0,4644340,188828,168668,2975400,11604.841,1620.676,8.003,9371.910,2.001,60.025,6712,9820,1.990,1.680,0.970,4,0,288.120,0,0,17,239,0,29,0
19-01 15:43:46,58.233,27.624,13.438,0.249,0,4777632,131348,168680,2901672,7355.317,1612.615,31.854,2635.929,0.995,215.015,6461,6865,1.990,1.680,0.970,4,0,506.680,0,0,17,239,0,29,0
19-01 15:43:47,59.428,23.821,15.547,0.502,0.251,4782776,162700,169248,2865588,9753.215,1695.078,1729.180,1143.425,88.264,71.213,8352,14808,2.230,1.740,0.990,5,0,284.853,0,0,17,247,0,29,0
19-01 15:43:48,56.583,26.671,15.953,0,0.249,4774960,225120,169252,2812424,9542.757,1615.220,19.941,889.368,3.988,66.802,7568,8998,2.230,1.740,0.990,7,0,573.303,0,0,17,247,0,29,0
19-01 15:43:49,56.491,22.094,19.835,0.502,0.251,4886104,151984,169264,2775332,11002.028,1464.259,610.610,911.898,36.155,48.206,8792,14885,2.230,1.740,0.990,3,0,265.133,0,0,17,257,0,31,0
19-01 15:43:50,66.283,20.184,13.456,0,0,4997428,135896,169276,2681352,6711.027,1704.419,7.974,462.486,1.993,25.915,5373,4794,2.230,1.740,0.990,5,0,125.589,0,0,17,257,0,32,0
19-01 15:43:51,71.891,11.982,14.228,0.499,0.250,5060204,142168,169280,2613596,8554.066,1687.448,1405.874,6474.211,67.897,621.061,10337,14805,2.230,1.740,0.990,4,0,2.995,0,0,17,264,0,25,0
19-01 15:43:52,56.753,20.843,20.843,0.502,0,5042224,158676,169280,2615072,6815.324,1627.240,1470.543,538.396,46.206,46.206,7137,7494,2.450,1.790,1.010,5,0,190.849,0,0,17,267,0,29,0
19-01 15:43:53,49.181,28.959,20.721,1.248,0,5014944,182048,169544,2618664,9218.039,1617.725,4357.872,1900.328,69.902,96.864,8307,8840,2.450,1.790,1.010,3,0,564.207,0,0,17,267,0,29,0
19-01 15:43:54,60.833,21.192,16.953,0,0,5065960,130468,169552,2619468,9480.972,1615.565,1148.846,398.905,17.951,21.940,6721,10416,2.450,1.790,1.010,6,0,269.261,0,0,18,267,0,29,0
19-01 15:43:55,79.804,17.567,1.004,1.004,0,5161248,128696,168896,2528644,5413.633,1668.359,1826.963,1164.438,111.425,51.195,6134,4937,2.450,1.790,1.010,3,1,125.478,0,0,18,270,0,29,0
19-01 15:43:56,80.971,13.995,2.749,1.499,0.500,5230180,184252,168912,2407496,5487.032,1661.404,2910.956,15830.323,147.947,785.718,6956,4519,2.450,1.790,1.010,4,0,16.994,0,0,18,270,0,29,0
19-01 15:43:57,62.811,17.767,18.768,0.250,0,5297748,147072,168932,2377940,11140.776,1999.935,1109.073,1097.061,31.030,98.095,7131,10007,2.500,1.810,1.020,1,0,221.214,0,0,18,278,0,31,0
19-01 15:43:58,36.595,9.460,51.532,0.996,0,5270284,174080,168940,2378392,15101.043,3561.914,888.238,1641.050,28.878,206.127,5839,6736,2.500,1.810,1.020,2,0,45.806,0,0,18,282,0,31,0
19-01 15:43:59,23.342,7.279,67.768,0.251,0.502,5249628,190288,168940,2382824,4585270.105,37611.576,819.236,686.713,9.036,57.226,5249,4317,2.500,1.810,1.020,1,0,9.036,0,0,18,286,0,30,0
19-01 15:44:00,29.105,15.672,52.240,0.995,0,5275016,150852,168940,2396840,11948905.867,71464.879,3044.870,3052.830,32.837,181.100,9116,6001,2.500,1.810,1.020,2,0,264.685,0,0,18,287,0,30,0
19-01 15:44:01,32.519,6.004,60.035,0.250,0,5308268,141060,168940,2374068,10250.984,1620.946,260.152,432.252,3.002,31.018,3269,2695,2.500,1.810,1.020,1,0,4.002,0,0,18,289,0,31,0
19-01 15:44:02,24.307,4.761,68.411,0.501,0,5320196,128412,168944,2374788,9584.602,1708.028,533.258,1407.319,29.069,114.269,6331,8814,2.380,1.800,1.020,1,0,5.012,0,0,18,301,0,33,0
19-01 15:44:03,18.236,12.240,66.947,0.749,0,5230120,202044,168956,2391188,5932.309,1618.720,131.896,891.295,7.994,81.935,6561,7600,2.380,1.800,1.020,1,0,217.828,0,0,18,299,0,34,0
19-01 15:44:04,18.979,9.489,69.921,0,0,5295116,136960,168956,2391276,10252.419,1618.172,27.968,403.544,1.998,16.981,4165,4008,2.380,1.800,1.020,2,0,248.719,0,0,18,299,0,34,0
19-01 15:44:05,14.544,12.789,70.964,0.251,0,5238604,193480,168956,2391296,10652.070,1667.019,0,16934.985,0,42.127,4435,3324,2.380,1.800,1.020,1,0,186.562,0,0,18,299,0,34,0
19-01 15:44:06,8.996,20.491,69.471,0.250,0,5243228,188776,168956,2391376,5915.543,1457.395,19.992,9799.929,1.999,93.961,6875,6039,2.380,1.800,1.020,1,0,474.803,0,0,18,299,0,34,0
19-01 15:44:07,1.496,0.748,95.489,0,0,5241504,190500,168956,2391376,10153.278,1615.589,0,239.347,0,10.970,1404,1901,2.190,1.770,1.020,0,0,7.978,0,0,18,299,0,34,0
19-01 15:44:08,22.992,4.748,70.475,0.250,0.250,5305492,126500,168956,2391388,9316.642,1619.416,0,255.908,0,36.987,2534,2204,2.190,1.770,1.020,1,0,8.997,0,0,18,299,0,34,0
19-01 15:44:09,18.561,9.531,70.230,0.251,0.502,5246724,185204,168960,2391464,9393.789,1625.327,76.250,232.763,7.023,24.079,4565,4205,2.190,1.770,1.020,1,0,131.431,0,0,18,305,0,34,0
19-01 15:44:10,11.997,16.996,69.984,0,0,5226420,205120,168960,2391820,8360.033,1619.619,3.999,179.958,1.000,10.997,5514,4221,2.190,1.770,1.020,1,0,210.950,0,0,18,305,0,34,0
19-01 15:44:11,12.518,16.024,69.603,0,0,5233468,197812,168960,2392048,5645.342,1622.397,0,1442.131,0,9.013,5495,4271,2.190,1.770,1.020,2,0,218.323,0,0,18,305,0,29,0
19-01 15:44:12,22.624,5.221,71.103,0,0,5297944,133332,168960,2392052,10708.183,1611.001,3.978,119.333,0.994,10.939,2884,2382,2.090,1.760,1.020,1,0,43.756,0,0,18,305,0,29,0
19-01 15:44:13,23.127,4.776,71.141,0.754,0.251,5355188,131124,168960,2338632,8903.986,1628.962,329.814,217.195,9.050,32.177,2708,2593,2.090,1.760,1.020,1,0,5.028,0,0,18,311,0,29,0
19-01 15:44:14,24.156,2.988,71.221,0.249,0,5278688,207544,168960,2338756,6631.068,1452.320,111.564,597.663,6.973,48.809,2744,2655,2.090,1.760,1.020,1,0,5.977,0,0,18,309,0,29,0
19-01 15:44:15,27.988,6.747,64.473,0.250,0,5353168,132732,169080,2338968,11907.074,1619.330,315.869,211.912,15.993,7.997,3366,9815,2.090,1.760,1.020,1,0,36.985,0,0,18,309,0,30,0
19-01 15:44:16,24.278,4.005,69.831,0.250,0,5361788,155500,169080,2309100,8493.870,1621.885,144.168,232.270,8.009,14.016,2995,2793,2.090,1.760,1.020,2,0,3.003,0,0,18,309,0,30,0
19-01 15:44:17,22.721,5.992,70.660,0,0,5371076,146132,169080,2309188,10076.156,1617.938,0,1558.014,0,180.770,3036,2526,2,1.740,1.020,2,0,15.980,0,0,18,309,0,30,0
19-01 15:44:18,20.063,7.774,70.972,0.502,0.251,5344376,172688,169080,2309332,7564.650,1695.300,385.204,240.753,3.009,25.078,3407,2777,2,1.740,1.020,0,0,86.270,0,0,18,309,0,30,0
19-01 15:44:19,10.740,18.233,68.684,0,0,5331920,185020,169088,2309516,5295.949,1618.456,59.943,655.375,6.993,31.970,6226,5570,2,1.740,1.020,1,0,415.604,0,0,18,309,0,30,0
19-01 15:44:20,21.199,5.986,71.329,0,0,5359552,157204,169220,2309568,9088.255,1658.033,151.637,187.551,6.983,10.974,3057,2594,2,1.740,1.020,2,0,98.764,0,0,18,309,0,30,0
19-01 15:44:21,18.523,3.004,76.343,0.250,0.250,5357084,153652,169688,2315008,13515.419,3903.743,128.156,969.177,6.007,19.023,2204,1891,2,1.740,1.020,1,0,17.021,0,0,18,309,0,30,0
19-01 15:44:22,21.232,3.497,73.439,0.999,0,5338736,170860,169708,2316096,13459.872,2727.745,3.997,5747.248,0.999,561.536,3424,2351,1.840,1.720,1.010,0,0,18.984,0,0,18,310,0,30,0
19-01 15:44:23,22.090,4.267,71.792,0.502,0.251,5348476,154256,170232,2322296,10728.571,3467.080,345.403,1224.975,21.086,37.151,7075,12045,1.840,1.720,1.010,1,0,6.024,0,0,18,309,0,30,0
19-01 15:44:24,17.677,4.233,76.435,0.249,0,5347864,154180,170276,2322924,17981.936,4532.332,51.787,868.423,7.967,29.877,5980,9654,1.840,1.720,1.010,1,0,7.967,0,0,18,310,0,30,0
19-01 15:44:25,22.244,6.248,69.231,0,0,5345088,156540,170356,2323256,8553.667,1619.558,0,83.977,0,1.000,11056,19654,1.840,1.720,1.010,1,0,19.995,0,0,18,310,0,30,0
19-01 15:44:26,18.776,9.263,70.846,0.501,0,5281892,231388,170436,2311592,6187.415,1796.443,0,1586.157,0,44.060,3748,3124,1.840,1.720,1.010,1,0,122.166,0,0,18,309,0,30,0
19-01 15:44:27,19.560,8.275,70.717,0.502,0.251,5326684,186576,170436,2311612,6349.527,1624.998,0,2130.552,0,275.848,3907,3281,1.780,1.700,1.010,1,0,147.453,0,0,18,309,0,30,0
19-01 15:44:28,22.742,3.749,71.225,0,0,5258180,254884,170436,2311808,9107.806,1619.432,15.994,63.978,1.000,5.998,2880,2425,1.780,1.700,1.010,1,0,31.989,0,0,18,309,0,33,0
19-01 15:44:29,20.407,7.964,70.430,0,0.249,5317232,195792,170436,2311848,8584.988,1748.056,15.928,139.367,0.995,11.946,3232,2890,1.780,1.700,1.010,2,0,83.620,0,0,18,309,0,33,0
19-01 15:44:30,20.782,6.260,71.610,0,0,5318204,194804,170436,2311864,8424.901,1622.485,0,140.215,0,9.014,3103,2759,1.780,1.700,1.010,1,0,70.107,0,0,18,309,0,33,0
19-01 15:44:31,23.807,3.258,72.674,0.251,0.251,5358708,154296,170436,2311868,7245.307,1461.491,0,112.268,0,10.024,2351,2035,1.780,1.700,1.010,2,0,0,0,0,18,311,0,34,0
19-01 15:44:32,20.422,7.969,69.484,0,0,5324024,188948,170436,2311900,8889.908,1613.811,15.939,16018.570,0.996,57.778,3392,2969,1.710,1.690,1.010,1,0,57.778,0,0,18,309,0,34,0
19-01 15:44:33,24.023,4.254,70.569,0.500,0.250,5332104,180684,170436,2312084,6772.620,1621.585,28.027,296.290,2.002,33.032,3381,3213,1.710,1.690,1.010,2,0,33.032,0,0,18,309,0,36,0
19-01 15:44:34,23.237,4.497,71.459,0,0,5333352,179432,170436,2312088,5781.643,1619.060,0,191.889,0,10.994,2511,2183,1.710,1.690,1.010,1,0,0,0,0,18,309,0,36,0
19-01 15:44:35,20.257,6.502,71.025,0,0,5324424,188312,170436,2312136,7718.738,1620.575,32.011,336.119,2.001,33.012,3277,3093,1.710,1.690,1.010,1,0,47.017,0,0,18,309,0,36,0
19-01 15:44:36,24.738,3.248,71.716,0.250,0,5359840,152884,170436,2312148,10066.287,1619.242,0,183.914,0,12.994,2589,2271,1.710,1.690,1.010,1,0,1.000,0,0,18,309,0,38,0
19-01 15:44:37,21.502,6.251,71.506,0,0.250,5345796,166924,170436,2312152,7559.613,1620.131,0,164.013,0,7.001,2679,2298,1.660,1.680,1.010,1,0,32.003,0,0,18,309,0,38,0
19-01 15:44:38,18.079,10.044,68.802,0.502,0,5313432,199148,170440,2312288,10816.504,1870.214,20.088,453.994,2.009,46.203,4743,4354,1.660,1.680,1.010,0,0,180.794,0,0,18,311,1,38,0
19-01 15:44:39,6.717,2.737,86.826,2.239,0.249,5320272,191208,170844,2312984,12843.219,4540.803,983.194,688.634,245.798,54.732,4275,6534,1.660,1.680,1.010,0,0,0.995,0,0,18,315,0,38,0
19-01 15:44:40,7.257,5.505,85.580,0,0,5311752,199664,170844,2313048,23679.083,5085.743,0,488.456,0,34.032,3388,3608,1.660,1.680,1.010,0,0,127.119,0,0,18,315,0,38,0
19-01 15:44:41,12.741,13.740,70.949,0.250,0.250,5328776,182436,170848,2313248,11277.941,2026.552,323.769,143.897,31.977,10.992,4803,3874,1.660,1.680,1.010,1,0,216.845,0,0,18,313,0,39,0
19-01 15:44:42,22.746,3.999,70.487,1.500,0.250,5321860,177952,170984,2324480,5483.024,1619.712,759.865,2935.477,91.984,324.942,3262,2586,1.660,1.680,1.010,2,0,3.999,0,0,18,313,0,39,0
19-01 15:44:43,14.506,2.501,80.782,0.500,0,5292556,202560,171052,2328980,21143.337,6151.426,956.377,1176.464,15.006,41.016,2506,2621,1.600,1.670,1.010,1,0,18.007,0,0,18,313,0,39,0
19-01 15:44:44,13.281,15.286,69.164,1.754,0,5246216,245852,171052,2331964,6709.872,1623.841,1170.769,5753.610,18.043,224.531,6176,5807,1.600,1.670,1.010,1,0,298.707,0,0,18,313,0,33,0
19-01 15:44:45,22.778,4.255,72.087,0,0.250,5317236,174828,171052,2331968,7666.267,1621.961,0,4.005,0,1.001,2344,2086,1.600,1.670,1.010,1,0,5.006,0,0,18,313,0,33,0
19-01 15:44:46,21.490,5.497,72.467,0,0,5301344,190704,171052,2331984,9798.526,1457.335,0,83.962,0,2.999,2829,2328,1.600,1.670,1.010,1,0,46.979,0,0,18,313,0,34,0
19-01 15:44:47,24.198,3.243,70.848,0,0,5316512,175344,171052,2332176,9118.451,1616.534,239.487,1963.790,13.970,161.653,3010,2755,1.600,1.670,1.010,1,0,0.998,0,0,18,313,0,35,0
19-01 15:44:48,22.491,4.748,70.720,0.500,0,5324568,167232,171056,2332252,12703.658,1619.319,0,431.818,0,44.981,2936,2750,1.560,1.660,1.010,1,0,14.994,0,0,18,313,0,31,0
19-01 15:44:49,27.246,5.249,64.990,1.750,0,5309372,180088,171056,2334592,12762.040,1619.751,2159.668,1183.818,88.986,153.976,5846,7664,1.560,1.660,1.010,1,0,7.999,0,0,18,317,0,31,0
19-01 15:44:50,23.010,5.002,71.280,0,0.250,5356536,157936,171056,2310568,5979.481,1620.672,0,436.181,0,31.013,2529,2282,1.560,1.660,1.010,1,0,0,0,0,18,317,0,31,0
19-01 15:44:51,23.076,5.518,68.475,1.254,0,5319428,194804,171056,2310808,9278.516,1625.346,208.686,1047.445,9.030,113.373,5245,6613,1.560,1.660,1.010,1,0,22.073,0,0,18,317,0,31,0
19-01 15:44:52,9.492,22.231,67.191,0,0.250,5291380,222800,171056,2310860,7445.508,1618.589,0,723.369,0,48.957,7280,6692,1.560,1.660,1.010,3,0,660.424,0,0,18,317,0,22,0
19-01 15:44:53,9.008,22.270,67.061,0,0,5278096,236056,171056,2310888,4705.250,1621.465,0,564.510,0,37.033,6960,6174,1.510,1.650,1.010,1,0,596.539,0,0,18,317,0,22,0
19-01 15:44:54,9.489,22.724,65.675,0.999,0,5270484,243636,171056,2310920,9000.689,1618.146,0,3016.544,0,176.797,7598,6978,1.510,1.650,1.010,1,0,598.315,0,0,18,317,0,22,0
19-01 15:44:55,8.261,23.280,67.087,0,0.250,5275152,238932,171056,2310956,8950.588,1501.945,0,284.368,0,28.036,7219,6351,1.510,1.650,1.010,2,0,629.815,0,0,18,317,0,22,0
19-01 15:44:56,18.418,25.885,55.005,0,0.249,5306052,207892,171056,2311096,10048.189,1612.808,366.366,39.822,2.987,9.956,6718,5660,1.510,1.650,1.010,6,0,499.771,0,0,18,317,0,22,0
19-01 15:44:57,23.856,25.865,49.219,0,0,5321280,192596,171056,2311148,8208.455,1627.227,787.497,52.232,7.031,13.058,7686,7135,1.510,1.650,1.010,1,0,740.288,0,0,18,317,0,21,0
19-01 15:44:58,15.687,11.454,70.714,0.498,0,5290956,330140,171160,2215360,5829.420,1613.474,23.903,3541.674,5.976,327.675,3840,2956,1.550,1.650,1.010,1,0,104.577,0,0,18,317,0,21,0
19-01 15:44:59,24.510,3.752,70.030,0.500,0,5301080,316068,171160,2219328,10921.662,1620.692,16.007,3597.536,3.001,31.013,2915,2653,1.550,1.650,1.010,1,0,18.008,0,0,18,319,0,21,0
19-01 15:45:00,12.495,1.250,84.468,0.500,0,5309608,306484,171160,2220384,24119.843,9644.339,595.774,1015.614,35.986,37.986,1934,1914,1.550,1.650,1.010,1,0,0,0,0,18,320,0,21,0
19-01 15:45:01,11.501,1.750,84.505,1.500,0,5310004,305012,171160,2221452,28748.785,12941.804,600.037,1608.100,58.004,82.005,2374,2644,1.550,1.650,1.010,1,0,0,0,0,18,320,0,19,0
19-01 15:45:02,17.253,1.750,77.514,1.000,0.250,5336660,277320,171160,2222484,19268.374,8704.524,864.151,1268.222,42.007,59.010,2539,2335,1.550,1.650,1.010,0,0,5.001,0,0,18,320,0,19,0
19-01 15:45:03,14.497,1.250,81.735,1.250,0.250,5336332,276816,171160,2223312,23382.822,10743.080,635.886,1651.705,47.991,62.989,2332,2534,1.430,1.620,1.010,0,0,1.000,0,0,18,320,0,19,0
19-01 15:45:04,15.751,2.000,80.007,0.750,0.250,5349736,262212,171160,2224492,20911.809,10047.869,852.074,1148.099,43.004,44.004,2284,2175,1.430,1.620,1.010,0,0,0,0,0,18,320,0,19,0
19-01 15:45:05,16.499,2.750,77.243,2.000,0,5364480,213576,171160,2258380,17070.472,5598.499,14602.693,1163.896,167.985,49.996,2582,2327,1.430,1.620,1.010,1,0,1.000,0,0,18,320,0,14,0
19-01 15:45:06,23.209,3.244,71.622,0.749,0.250,5372672,189784,171160,2273952,10426.378,1617.112,0,2491.550,0,58.895,2586,2356,1.430,1.620,1.010,1,0,0,0,0,18,320,0,14,0
19-01 15:45:07,23.609,3.516,72.586,0.251,0,5388052,157896,171160,2290360,9786.235,1627.523,0,916.235,0,30.139,2631,2391,1.430,1.620,1.010,1,0,0,0,0,18,320,0,14,0
19-01 15:45:08,21.941,3.241,72.055,1.247,0,5381412,141288,171184,2313180,7163.636,1615.633,0,2744.581,0,121.671,2973,2768,1.390,1.610,1.010,1,0,0,0,0,18,320,0,14,0
19-01 15:45:09,22.753,4.501,69.509,1.000,0,5362940,160256,171208,2313612,9587.274,1620.215,4.001,2816.374,1.000,108.014,3260,3055,1.390,1.610,1.010,1,0,0,0,0,18,320,0,14,0
19-01 15:45:10,24.000,2.500,71.999,0.500,0.250,5323456,209600,171208,2303476,7344.918,1631.982,4.000,1779.980,1.000,64.999,2538,2222,1.390,1.610,1.010,1,0,2.000,0,0,18,319,0,14,0
19-01 15:45:11,18.747,4.249,75.737,0.250,0,5366636,166372,171208,2303524,15414.375,3658.377,31.995,599.898,1.000,9.998,2712,2617,1.390,1.610,1.010,0,0,32.994,0,0,18,320,0,14,0
19-01 15:45:12,23.511,4.002,71.534,0.250,0.500,5383116,143256,171268,2310048,14296.845,1860.891,0,1728.828,0,40.019,2664,2342,1.390,1.610,1.010,1,0,4.002,0,0,18,319,0,14,0
19-01 15:45:13,16.810,3.513,77.779,0.251,0,5351648,167756,171556,2315968,12837.987,4741.986,0,14981.666,0,83.298,2323,2062,1.360,1.600,1.010,1,0,18.065,0,0,18,319,0,14,0
19-01 15:45:14,22.001,6.250,69.504,0,0,5346216,172536,171632,2316464,7066.357,1620.082,0,904.046,0,175.009,10946,19139,1.360,1.600,1.010,1,0,13.001,0,0,18,319,0,14,0
19-01 15:45:15,26.143,8.714,63.490,0,0,5360924,157536,171680,2316628,9862.602,1655.220,0,167.315,0,1.992,11339,26502,1.360,1.600,1.010,1,0,54.776,0,0,18,319,0,15,0
19-01 15:45:16,21.843,5.775,71.554,0.251,0.502,5314212,217912,171688,2303644,11615.299,1669.084,0,1763.485,0,14.060,3157,2867,1.360,1.600,1.010,1,0,51.217,0,0,18,319,0,15,0
19-01 15:45:17,23.899,5.975,67.963,0,0.249,5332672,199432,171688,2303664,10820.241,1682.883,0,840.446,0,12.945,10024,18340,1.360,1.600,1.010,2,0,24.895,0,0,18,319,0,13,0
19-01 15:45:18,18.747,3.249,75.487,1.000,0,5340884,185100,171688,2309784,12329.957,3898.354,0,8846.535,0,360.940,2649,2338,1.330,1.590,1.010,3,0,17.997,0,0,18,319,0,13,0
19-01 15:45:19,19.003,2.751,76.764,0.750,0.250,5344616,181096,171688,2310196,16186.946,4257.775,0,780.142,0,27.005,2600,2504,1.330,1.590,1.010,1,0,18.003,0,0,18,320,0,13,0
19-01 15:45:20,22.253,6.001,69.259,0.250,0,5338436,180260,171696,2316548,8261.044,1902.240,0,956.121,0,22.003,10599,19161,1.330,1.590,1.010,1,0,14.002,0,0,18,319,0,13,0
19-01 15:45:21,23.004,7.001,69.012,0.250,0,5340772,177488,171704,2316924,5618.958,1620.276,32.005,856.146,1.000,20.003,11319,20148,1.330,1.590,1.010,1,0,20.003,0,0,18,319,0,13,0
19-01 15:45:22,22.225,5.244,70.672,0,0,5322496,209436,171704,2303844,10359.508,1618.205,0,1442.400,0,45.949,2672,2334,1.330,1.590,1.010,2,0,6.992,0,0,18,319,0,13,0
19-01 15:45:23,21.326,6.022,71.506,0.251,0,5315808,216104,171704,2303864,8631.936,1625.827,12.043,16.058,1.004,3.011,3287,2735,1.380,1.600,1.010,1,0,99.356,0,0,18,319,0,13,0
19-01 15:45:24,22.928,3.988,71.775,0,0,5300188,222328,171704,2313260,5261.522,1614.942,0,11.963,0,2.991,2531,2214,1.380,1.600,1.010,1,0,13.956,0,0,18,319,0,13,0
19-01 15:45:25,16.505,2.001,80.776,0.250,0.500,5306664,214524,171704,2314524,19791.463,7435.428,0,1780.581,0,93.030,2125,1840,1.380,1.600,1.010,1,0,16.005,0,0,18,320,0,13,0
19-01 15:45:26,13.750,2.000,82.001,0.500,0.250,5318116,202680,171704,2314900,25522.203,12206.097,0,1252.010,0,43.000,1913,1959,1.380,1.600,1.010,0,0,0,0,0,18,320,0,13,0
19-01 15:45:27,5.749,0.750,91.734,0.250,0.250,5318456,202176,171704,2315064,50713.212,7385.720,0,715.876,0,30.995,1663,2044,1.380,1.600,1.010,1,0,0,0,0,18,321,0,13,0
19-01 15:45:28,9.249,1.500,86.990,0.750,0,5324680,195624,171704,2315344,125857.935,11217.746,0,1239.861,0,55.994,1871,2073,1.350,1.590,1.010,0,0,0,0,0,18,321,0,13,0
19-01 15:45:29,14.751,1.250,82.755,0.250,0,5348988,171180,171704,2315448,14390.943,7116.466,0,816.053,0,39.003,2038,2117,1.350,1.590,1.010,1,0,0,0,0,18,321,0,10,0
19-01 15:45:30,15.031,1.754,81.670,0.752,0,5353252,166672,171808,2315588,26601.501,12533.149,0,1956.081,0,137.286,2215,2170,1.350,1.590,1.010,0,0,2.004,0,0,18,321,0,10,0
19-01 15:45:31,11.980,1.747,83.110,1.747,0,5363688,155332,171996,2316140,317367.806,15615.617,0,4612.208,0,236.600,2879,3244,1.350,1.590,1.010,1,0,0,0,0,18,321,0,10,0
19-01 15:45:32,8.496,1.999,85.955,1.249,0,5364448,154128,172224,2316288,90023.751,13956.675,27.985,2290.798,3.998,114.940,2453,3061,1.350,1.590,1.010,3,0,1.999,0,0,18,321,0,10,0
19-01 15:45:33,14.503,2.500,80.515,0.750,0.250,5369568,139684,172328,2325384,35454.629,11330.118,104.019,11970.238,6.001,106.020,2401,2360,1.410,1.600,1.020,0,0,2.000,0,0,18,321,0,7,0
19-01 15:45:34,9.536,3.262,84.566,1.004,0,5363104,143892,172396,2328016,11478730.507,61024.151,0,6913.849,0,58.218,5011,3100,1.410,1.600,1.020,1,0,3.011,0,0,18,321,0,7,0
19-01 15:45:35,14.206,2.492,80.000,1.246,0.249,5353384,132740,172536,2348728,6328996.178,31749.693,163.489,13573.545,3.988,181.433,3777,2402,1.410,1.600,1.020,1,0,0.997,0,0,18,321,0,7,0
19-01 15:45:36,21.497,4.749,70.990,1.000,0.500,5356248,156380,176152,2317284,10651.556,1619.780,0,5443.262,0,136.981,2784,2641,1.410,1.600,1.020,2,0,1.000,0,0,18,321,0,7,0
19-01 15:45:37,25.252,2.750,71.256,0.500,0,5362004,132408,176652,2333576,5588.498,1620.144,0,1788.159,0,43.004,2531,2490,1.410,1.600,1.020,2,0,0,0,0,18,321,0,7,0
19-01 15:45:38,22.970,3.995,70.909,0.749,0,5375032,152960,177156,2300776,9860.298,1617.916,0,1913.535,0,77.900,2736,2699,1.530,1.620,1.030,2,0,0,0,0,18,321,0,5,0
19-01 15:45:39,22.589,6.777,68.269,1.004,0,5378804,133444,178088,2313808,8036.685,1626.412,0,62908.016,0,332.310,3465,3135,1.530,1.620,1.030,1,0,0,0,0,18,321,0,5,0
19-01 15:45:40,23.754,3.001,71.763,0.750,0,5381540,130096,178892,2312356,10846.996,1620.298,0,2280.420,0,88.016,2786,2620,1.530,1.620,1.030,3,0,2.000,0,0,18,321,0,5,0
19-01 15:45:41,26.893,4.980,65.738,0.249,0.249,5386384,115664,180116,2319864,9435.344,1613.560,0,2653.410,0,117.531,4002,5456,1.530,1.620,1.030,2,0,6.972,0,0,18,321,0,5,0
19-01 15:45:42,25.617,8.037,64.294,1.758,0,5406556,122148,181328,2292184,8834.343,1627.432,4.018,112280.745,1.005,694.170,4770,3921,1.530,1.620,1.030,2,0,1.005,0,0,18,321,0,5,0
19-01 15:45:43,19.684,1.993,76.246,0.249,0,5277436,284540,181452,2258576,16151.110,4034.538,15.947,1140.196,1.993,37.874,2638,2439,1.730,1.660,1.040,1,0,1.993,0,0,18,319,0,5,0
19-01 15:45:44,18.993,4.248,75.223,0.250,0.500,5353244,208696,181456,2258608,10486.252,2956.943,0,479.828,0,12.995,2547,2126,1.730,1.660,1.040,0,0,32.988,0,0,18,320,0,5,0
19-01 15:45:45,21.257,3.501,73.776,0.250,0,5347984,206780,181912,2265024,7109.463,2627.910,28.010,1600.554,5.002,24.008,2337,2033,1.730,1.660,1.040,1,0,3.001,0,0,18,319,0,5,0
19-01 15:45:46,16.991,3.248,77.957,0.250,0,5369356,177632,182492,2271056,16655.888,4722.416,0,1331.272,0,19.989,2232,1988,1.730,1.660,1.040,1,0,16.991,0,0,18,319,0,5,0
19-01 15:45:47,23.757,10.003,63.769,1.250,0,5354808,191736,182532,2271424,6976.051,1662.489,4.001,130526.376,1.000,1119.329,12956,20524,1.730,1.660,1.040,1,0,14.004,0,0,18,319,0,5,0
19-01 15:45:48,22.499,7.000,68.748,0.250,0,5348356,197800,182604,2271688,11930.650,1619.952,0,635.981,0,24.999,11230,19858,1.910,1.700,1.060,2,0,14.000,0,0,18,319,0,5,0
19-01 15:45:49,22.002,5.501,71.257,0.250,0.250,5315144,245128,182640,2258752,9343.869,1620.151,0,660.061,0,25.002,2786,2509,1.910,1.700,1.060,2,0,8.001,0,0,18,319,0,5,0
19-01 15:45:50,22.212,4.742,71.627,0.250,0,5323128,234400,182716,2261424,12221.984,1455.497,359.382,750.709,13.976,11.979,2478,2145,1.910,1.700,1.060,3,0,6.988,0,0,18,319,0,3,0
19-01 15:45:51,23.336,5.018,68.251,1.506,0.251,5327768,228376,182716,2262816,7477.518,1625.984,1104.063,4259.676,50.185,411.514,6600,8676,1.910,1.700,1.060,4,1,0,0,0,18,322,0,8,0
19-01 15:45:52,17.543,14.285,64.658,1.754,0,5260868,294620,182716,2263472,5422.247,1623.967,513.254,4924.030,25.061,385.943,8210,10454,1.910,1.700,1.060,3,0,282.691,0,0,18,321,0,8,0
19-01 15:45:53,14.435,11.946,69.686,3.235,0.249,5241116,303224,182716,2274652,5184.649,1612.736,11054.213,1246.386,382.278,68.691,5191,4477,2.080,1.740,1.080,0,1,168.242,0,0,18,321,0,11,0
19-01 15:45:54,7.028,3.012,71.533,15.311,0.251,5236828,283344,182716,2298820,8431.350,1626.433,24111.372,485.922,2112.355,12.048,6104,6073,2.080,1.740,1.080,1,0,0,0,0,18,321,0,11,0
19-01 15:45:55,3.983,2.241,91.868,0.249,0,5241068,279160,182716,2298764,15647.944,4160.702,0,2449.815,0,76.681,1780,2254,2.080,1.740,1.080,0,0,5.975,0,0,18,322,0,11,0
19-01 15:45:56,12.766,4.005,82.604,0,0,5291544,228504,182716,2298944,45935.103,5301.706,440.557,136.172,7.009,13.016,2071,2024,2.080,1.740,1.080,1,0,5.006,0,0,18,322,0,11,0
19-01 15:45:57,19.038,8.517,71.142,0,0,5293796,225852,182716,2299344,176294.052,3631.251,1034.065,785.569,19.038,15.030,3162,2584,2.080,1.740,1.080,1,0,37.074,0,0,18,321,0,11,1
19-01 15:45:58,1.993,0.498,95.674,0,0.249,5236928,283092,182716,2299008,10699.524,125149.345,0,0,0,0,1250,1668,2.070,1.740,1.080,0,0,0,0,0,18,321,0,11,0
19-01 15:45:59,2.501,1.000,95.276,0.250,0,5235192,284828,182716,2299008,9708.618,1620.437,0,380.103,0,19.005,1463,2120,2.070,1.740,1.080,0,0,0,0,0,18,321,0,11,0
19-01 15:46:00,2.000,1.000,95.756,0,0.250,5232580,287436,182716,2299012,5893.345,1662.097,0,248.015,0,23.001,1359,2067,2.070,1.740,1.080,0,0,0,0,0,18,321,0,11,0
19-01 15:46:01,2.752,1.001,94.814,0.500,0,5230296,289716,182716,2299016,10256.926,1621.095,0,148.100,0,21.014,1539,2176,2.070,1.740,1.080,0,0,0,0,0,18,321,0,11,0
19-01 15:46:02,3.248,1.249,93.692,0.999,0.250,5228288,291712,182716,2299028,11104.133,1618.999,0,515.681,0,71.956,2044,2902,2.070,1.740,1.080,0,0,1.999,0,0,18,321,0,11,0
19-01 15:46:03,2.499,1.250,93.214,0.500,0.250,5226536,293456,182716,2299036,7352.174,1619.377,0,2323.107,0,137.947,2091,3027,2.150,1.760,1.090,0,0,1.000,0,0,18,321,0,11,0
19-01 15:46:04,1.999,1.000,95.224,0.500,0,5224972,294984,182716,2299072,8865.558,1619.554,0,279.923,0,13.996,1388,1883,2.150,1.760,1.090,0,0,0,0,0,18,321,0,11,0
19-01 15:46:05,1.250,0.500,96.490,0,0,5223636,296320,182716,2299072,7047.288,1619.836,0,283.971,0,13.999,1139,1661,2.150,1.760,1.090,1,0,0,0,0,18,321,0,11,0
19-01 15:46:06,1.750,0.750,96.026,0.500,0,5222408,297548,182716,2299072,12465.392,1458.397,0,1656.451,0,85.023,1409,1996,2.150,1.760,1.090,1,0,0,0,0,18,321,0,11,0
19-01 15:46:07,2.001,1.000,95.025,0.250,0.250,5220300,299656,182716,2299072,9184.420,1620.427,0,1456.384,0,261.069,1766,1801,2.150,1.760,1.090,1,0,0,0,0,18,321,0,11,0
19-01 15:46:08,1.750,0.500,96.516,0,0,5220300,299656,182716,2299072,9003.503,1620.270,0,4.001,0,1.000,1186,1701,2.140,1.770,1.100,0,0,0,0,0,18,321,0,11,0
19-01 15:46:09,2.500,0.500,95.740,0.250,0,5220300,299656,182716,2299072,9967.995,1619.837,0,91.991,0,11.999,1432,2042,2.140,1.770,1.100,0,0,0,0,0,18,321,0,11,0
19-01 15:46:10,1.500,0.750,96.234,0,0.500,5220300,299656,182716,2299072,10016.292,1619.724,0,203.965,0,14.997,1225,1719,2.140,1.770,1.100,2,0,0,0,0,18,321,0,11,0
19-01 15:46:11,1.750,0.750,96.501,0,0.250,5220296,299656,182716,2299076,6328.039,1620.010,0,48.000,0,6.000,1202,1698,2.140,1.770,1.100,0,0,0,0,0,18,321,0,11,0
19-01 15:46:12,2.250,1.000,95.251,0.250,0,5220796,299156,182716,2299076,10187.127,1620.020,0,304.004,0,29.000,1627,2367,2.140,1.770,1.100,0,0,1.000,0,0,18,321,0,11,0
19-01 15:46:13,1.749,1.250,94.722,0.500,0,5219976,299956,182720,2299092,9000.299,1457.563,3.999,16555.031,1.000,105.968,1413,1846,2.040,1.750,1.100,0,0,0,0,0,18,321,0,11,0
19-01 15:46:14,1.500,0.750,97.027,0,0,5219976,299956,182720,2299092,9996.783,1620.451,0,4.001,0,1.000,1137,1612,2.040,1.750,1.100,0,0,0,0,0,18,321,0,11,0
19-01 15:46:15,6.751,3.750,88.508,0,0.250,5234212,285720,182720,2299188,9279.812,1620.142,0,8.001,0,1.000,2353,8764,2.040,1.750,1.100,2,0,36.003,0,0,18,321,0,12,0
19-01 15:46:16,1.750,0.750,97.003,0,0,5233820,286112,182720,2299092,9055.296,1620.053,0,0,0,0,1111,1604,2.040,1.750,1.100,0,0,0,0,0,18,321,0,12,0
19-01 15:46:17,2.000,0.750,94.993,0,0.250,5223696,296228,182720,2299100,14787.975,1619.888,0,531.963,0,15.999,1536,2085,2.040,1.750,1.100,0,0,1.000,0,0,18,321,0,12,0
19-01 15:46:18,2.001,1.000,95.025,0.500,0,5223692,296228,182720,2299104,9713.585,1620.431,0,3556.947,0,161.043,1554,2098,2.040,1.760,1.100,0,0,1.000,0,0,18,321,0,11,0
19-01 15:46:19,2.500,1.000,94.990,0.250,0,5223864,296228,182720,2299104,10951.815,1619.825,0,2035.780,0,80.991,1562,2046,2.040,1.760,1.100,1,0,0,0,0,18,321,0,11,0
19-01 15:46:20,1.500,0.500,96.488,0,0,5224008,296228,182720,2299104,9215.827,1619.794,0,119.985,0,9.999,1151,1646,2.040,1.760,1.100,1,0,0,0,0,18,321,0,11,0
19-01 15:46:21,1.500,0.750,96.749,0,0.250,5224008,296228,182720,2299104,9238.890,1457.983,0,8.000,0,1.000,1148,1643,2.040,1.760,1.100,0,0,0,0,0,18,321,0,11,0
19-01 15:46:22,2.505,1.002,95.456,0,0.251,5224208,296004,182720,2299128,10952.591,1623.497,16.035,930.003,1.002,139.300,1811,2383,2.040,1.760,1.100,0,0,1.002,0,0,18,321,0,11,0
19-01 15:46:23,1.497,0.748,96.280,0.499,0,5224208,296004,182720,2299128,8053.568,1658.205,0,319.269,0,22.947,1170,1670,1.880,1.730,1.090,0,0,0,0,0,18,321,0,11,0
19-01 15:46:24,1.500,0.750,96.266,0,0.500,5223244,296968,182720,2299128,6207.019,1620.266,0,2576.423,0,11.002,1216,1672,1.880,1.730,1.090,0,0,0,0,0,18,321,0,11,0
19-01 15:46:25,1.750,0.500,96.763,0,0,5223240,296968,182720,2299132,9595.255,1620.212,0,0,0,0,1084,1616,1.880,1.730,1.090,1,0,0,0,0,18,321,0,11,0
19-01 15:46:26,1.500,0.500,96.744,0,0,5223240,296968,182720,2299132,7508.499,1619.892,0,11.999,0,2.000,1141,1620,1.880,1.730,1.090,0,0,0,0,0,18,321,0,11,0
19-01 15:46:27,2.500,0.500,95.245,0,0,5223492,296716,182720,2299132,12028.349,1619.912,0,359.981,0,7.000,1365,1846,1.880,1.730,1.090,0,0,0,0,0,18,321,0,11,0
19-01 15:46:28,1.750,1.250,95.759,0,0,5227996,292212,182720,2299132,136341.993,872.083,0,52.005,0,6.001,1250,1720,1.730,1.700,1.090,1,0,3.000,0,0,18,321,0,11,0
19-01 15:46:29,12.762,5.005,80.827,0.250,0.250,5230664,289520,182728,2299148,283319.025,6438.159,16.015,208.199,1.001,14.013,2733,2539,1.730,1.700,1.090,0,0,25.024,0,0,18,321,0,11,0
19-01 15:46:30,12.530,5.263,81.197,0,0.501,5244872,274584,182732,2299872,292649.759,6112.804,124.301,388.942,6.015,20.049,2883,2422,1.730,1.700,1.090,1,0,38.092,0,0,18,321,0,11,0
