"pcp-dstat 6.2.0 CSV Output"
"Author:","PCP team <pcp@groups.io> and Dag Wieers <dag@wieers.com>",,,,"URL:","https://pcp.io/ and http://dag.wieers.com/home-made/dstat/"
"Host:","ubuntu",,,,"User:","ubuntu"
"Cmdline:","dstat -tcmndrylpg --tcp --output /tmp/devstack_logs/dstat-csv.log",,,,"Date:","13 Feb 2026 21:03:25 UTC"
"system","total usage",,,,,"memory usage",,,,"net/total",,"dsk/total",,"io/total",,"system",,"load avg",,,"procs",,,"paging",,"tcp sockets",,,,
"time","total usage:usr","total usage:sys","total usage:idl","total usage:wai","total usage:stl","used","free","buf","cach","net/total:recv","net/total:send","dsk/total:read","dsk/total:writ","read","writ","int","csw","1m","5m","15m","run","blk","new","in","out","lis","act","syn","tim","clo"
13-02 21:03:25,,1112632,1486420,163744,5051168,,,,,,,1.220,0.870,0.500,3,0,,,,10,6,1,17,0
13-02 21:03:26,19.998,21.248,57.244,0.500,0,1103568,1494820,163812,5051680,23804.418,11516.751,0,3795.588,0,246.973,6839,5562,1.220,0.870,0.500,4,0,516.944,0,0,10,6,1,17,0
13-02 21:03:27,28.249,18.499,50.998,0.750,0,1036992,1560772,163928,5052004,44901.632,15949.514,0,2183.933,0,75.998,6528,6578,1.280,0.890,0.500,2,0,399.988,0,0,10,5,1,17,1
13-02 21:03:28,31.752,15.501,51.003,0.500,0.250,1132340,1449120,163996,5192400,147353.412,15319.771,0,2316.117,0,58.003,6606,8651,1.280,0.890,0.500,2,0,215.011,0,0,11,5,1,17,1
13-02 21:03:29,34.500,10.750,53.500,0.750,0,1139692,1422076,165036,5207888,50431.948,2213.998,0,2235.998,0,73.000,4010,2688,1.280,0.890,0.500,2,0,112.000,0,0,11,6,1,17,2
13-02 21:03:30,39.149,11.221,48.376,0.249,0,1199372,1344056,165468,5223812,6670.844,1689.655,0,2006.839,0,55.856,4456,3241,1.280,0.890,0.500,2,0,174.551,0,0,11,6,1,19,2
13-02 21:03:31,43.461,6.244,48.706,0.999,0,1266940,1248992,166404,5247564,13551.886,1618.553,0,4747.756,0,111.900,3284,2023,1.280,0.890,0.500,4,0,0.999,0,0,11,6,1,19,2
13-02 21:03:32,35.120,6.773,46.157,11.038,0,1276904,1210656,168196,5271164,7044.010,1625.541,4.014,29717.293,1.003,1884.423,11512,15503,1.340,0.910,0.510,3,0,25.086,0,0,11,8,1,19,2
13-02 21:03:33,28.995,7.249,42.242,19.246,0,1276152,1184224,169808,5294376,9251.317,1457.735,0,59493.179,0,3977.277,18354,26939,1.340,0.910,0.510,2,1,47.991,0,0,11,8,1,19,2
13-02 21:03:34,36.931,9.233,45.915,5.989,0.250,1205304,1270900,170208,5278172,18698.295,4407.819,0,21332.406,0,1491.232,8391,9840,1.340,0.910,0.510,3,0,85.841,0,0,11,4,1,19,0
13-02 21:03:35,40.434,5.491,53.163,0.499,0.499,1270684,1205496,170220,5278188,11294.547,3718.924,0,1525.508,0,65.892,2887,1752,1.340,0.910,0.510,3,0,32.946,0,0,11,5,1,19,0
13-02 21:03:36,44.567,6.760,46.821,1.502,0,1242796,1226940,170332,5283912,7443.258,1796.718,0,9350.143,0,575.871,4350,3257,1.340,0.910,0.510,2,0,13.020,0,0,11,4,1,19,0
13-02 21:03:37,41.219,6.745,50.712,0.500,0,1290660,1172380,170752,5288984,16304.728,4655.496,0,1470.893,0,94.929,8321,13172,1.310,0.910,0.520,4,0,21.983,0,0,11,4,1,19,0
13-02 21:03:38,35.351,19.054,43.374,0.251,0,1266468,1195876,170836,5289464,6439.346,1624.629,0,4384.491,0,310.886,15012,24332,1.310,0.910,0.520,2,0,327.934,0,0,11,4,1,19,0
13-02 21:03:39,29.227,26.479,43.965,0.250,0,1157384,1317200,170880,5278964,12250.303,1660.685,0,2234.232,0,43.965,6606,5470,1.310,0.910,0.520,5,0,425.663,0,0,11,4,1,19,0
13-02 21:03:40,52.723,16.742,27.986,0.750,0.250,1191728,1275480,170936,5286264,8445.713,1661.157,7276.307,1187.397,127.935,22.988,6188,7481,1.310,0.910,0.520,5,1,247.874,0,0,11,4,1,19,0
13-02 21:03:41,47.907,8.733,43.415,0,0,1254156,1212964,170940,5286468,11084.405,1836.422,0,135.736,0,11.977,3368,2141,1.310,0.910,0.520,3,0,94.815,0,0,11,5,2,19,0
13-02 21:03:42,46.945,9.988,41.951,0.250,0,1289856,1176688,170940,5287008,6841.008,1530.212,0,2461.125,0,181.788,3767,15363,1.370,0.930,0.520,4,0,35.958,0,0,11,5,2,20,0
13-02 21:03:43,26.575,9.025,63.680,0.251,0.251,1306896,1157388,170940,5289204,7036.876,1867.274,0,2226.288,0,107.303,4491,5179,1.370,0.930,0.520,2,0,118.334,0,0,11,4,2,20,0
13-02 21:03:44,14.024,4.758,80.637,0,0,1314684,1149584,170964,5289204,10274.430,1696.879,0,15165.728,0,76.129,2114,1914,1.370,0.930,0.520,1,0,22.037,0,0,11,4,2,19,0
13-02 21:03:45,23.163,2.491,73.724,0,0,1354244,1110020,170964,5289208,6755.739,1687.689,0,0,0,0,1790,1251,1.370,0.930,0.520,2,0,0,0,0,11,4,2,19,0
13-02 21:03:46,23.024,2.252,71.825,1.251,0.250,1381136,1082804,171044,5289452,4786.022,1695.779,0,2174.281,0,219.230,3806,4720,1.370,0.930,0.520,1,0,1.001,0,0,11,10,2,19,0
13-02 21:03:47,19.725,5.992,73.156,0.250,0,1365152,1098532,171316,5289452,10065.113,1617.928,371.524,0,19.974,0,2290,1562,1.340,0.930,0.530,2,0,41.946,0,0,11,4,2,21,0
13-02 21:03:48,23.829,3.010,73.242,0,0,1386272,1076988,171324,5289788,54219.192,1699.617,48.159,1440.762,12.040,17.056,2534,2313,1.340,0.930,0.530,1,0,1.003,0,0,11,16,2,15,0
13-02 21:03:49,20.492,5.998,71.224,1.499,0,1412956,1049864,171376,5290056,9451.497,1457.460,219.919,14946.461,53.980,172.936,3169,2679,1.340,0.930,0.530,1,0,44.983,0,0,11,28,2,15,0
13-02 21:03:50,22.763,2.752,73.292,0,0,1449228,1013576,171376,5290072,8464.798,1620.919,0,0,0,0,2137,1659,1.340,0.930,0.530,1,0,0,0,0,11,28,2,15,0
13-02 21:03:51,33.744,13.498,52.491,0,0,1465204,997588,171376,5290084,6074.986,1619.730,0,103.983,0,9.998,3975,2754,1.340,0.930,0.530,2,0,156.974,0,0,11,28,2,15,0
13-02 21:03:52,45.000,6.000,48.250,0.250,0.250,1486192,976256,171384,5290420,10932.909,1693.986,0,155.999,0,21.000,6431,8487,1.390,0.950,0.540,2,0,6.000,0,0,11,28,2,16,0
13-02 21:03:53,60.118,31.431,7.982,0,0.249,1564484,897928,171384,5290456,9488.154,1616.449,0,47.895,0,11.974,5899,4944,1.390,0.950,0.540,7,0,570.746,0,0,11,28,2,16,0
13-02 21:03:54,86.586,12.262,0.500,0,0.250,1734728,727600,171384,5290524,6499.470,1621.614,0,24980.867,0,112.112,6285,5273,1.390,0.950,0.540,8,0,0,0,0,11,30,2,16,0
13-02 21:03:55,79.372,14.272,5.759,0,0.250,1658356,803752,171400,5290724,8686.366,1622.497,0,456.703,0,52.080,8358,12643,1.390,0.950,0.540,2,0,232.358,0,0,11,29,2,16,0
13-02 21:03:56,19.912,6.969,71.931,0,0,1577936,884112,171400,5290752,6957.190,1612.858,0,290.713,0,20.907,2988,2803,1.390,0.950,0.540,2,0,77.656,0,0,11,28,2,16,0
13-02 21:03:57,21.827,4.265,72.756,0,0,1523292,938732,171408,5290768,14430.862,1463.157,0,2974.484,0,103.364,3562,3643,1.360,0.950,0.540,3,0,25.088,0,0,11,28,2,16,0
13-02 21:03:58,20.438,5.483,73.276,0.249,0,1528400,933624,171408,5290768,16701.993,1615.068,0,131.598,0,7.976,2387,1653,1.360,0.950,0.540,4,0,42.869,0,0,11,28,2,16,0
13-02 21:03:59,19.783,7.513,71.370,0.250,0,1457792,1004200,171416,5290792,7957.333,1696.843,0,5208.727,0,41.069,4131,4267,1.360,0.950,0.540,1,0,128.215,0,0,11,28,2,17,0
13-02 21:04:00,25.314,30.577,43.360,0,0,1463976,998016,171416,5290792,13586.322,1698.290,0,260.658,0,22.056,6768,6097,1.360,0.950,0.540,6,0,896.264,0,0,11,28,2,15,0
13-02 21:04:01,84.706,14.492,0.750,0,0.250,1652780,809136,171416,5290832,11529.959,1619.152,0,215.887,0,12.993,5409,3267,1.360,0.950,0.540,6,0,16.991,0,0,11,30,2,15,0
13-02 21:04:02,76.681,9.741,12.739,0,0.250,1690164,771360,171436,5291200,9488.448,1618.541,0,1130.981,0,96.913,9313,15997,1.650,1.020,0.560,5,0,0,0,0,11,29,2,16,0
13-02 21:04:03,74.348,24.783,0.751,0,0,1586376,875036,171444,5291304,11171.673,1622.131,0,360.473,0,27.036,5661,5309,1.650,1.020,0.560,6,0,310.408,0,0,11,28,2,16,0
13-02 21:04:04,86.259,13.251,0.250,0,0.500,1734780,726616,171444,5291312,13762.478,1620.174,0,89389.602,0,294.032,5773,3735,1.650,1.020,0.560,6,0,0,0,0,11,28,2,16,0
13-02 21:04:05,84.345,11.479,2.745,0.250,0,1693468,767652,171460,5291572,7354.472,1617.026,0,2499.403,0,66.877,8790,17371,1.650,1.020,0.560,6,0,88.837,0,0,11,30,2,16,0
13-02 21:04:06,53.459,14.239,32.225,0,0,1588528,872440,171460,5291724,6660.839,1456.871,0,671.480,0,11.991,4408,3819,1.650,1.020,0.560,3,0,208.838,0,0,11,28,2,16,0
13-02 21:04:07,41.587,13.027,44.593,0.501,0,1533444,927328,171472,5291908,10024.937,1623.390,0,416.871,0,29.061,6597,7959,1.680,1.030,0.570,3,0,291.609,0,0,11,28,2,17,0
13-02 21:04:08,61.283,13.507,24.763,0,0.250,1573052,887692,171472,5291936,9658.174,1620.868,0,192.103,0,8.004,4179,2547,1.680,1.030,0.570,3,0,87.047,0,0,11,28,2,17,0
13-02 21:04:09,59.455,12.990,26.480,0,0.999,1469872,990796,171484,5292000,8976.169,1618.768,0,579.559,0,54.958,8241,11459,1.680,1.030,0.570,5,0,248.811,0,0,11,28,2,18,0
13-02 21:04:10,82.249,16.750,1.000,0,0,1610104,850528,171488,5292032,27652.689,1619.982,0,175.998,0,7.000,5156,2555,1.680,1.030,0.570,4,0,9.000,0,0,11,31,2,18,0
13-02 21:04:11,73.556,14.261,10.508,0.250,0.250,1606836,853688,171504,5292124,9851.501,1621.234,0,396.302,0,35.027,9505,13801,1.680,1.030,0.570,6,0,200.152,0,0,11,28,2,18,0
13-02 21:04:12,62.494,15.249,21.998,0,0,1596680,863796,171504,5292168,10593.008,1619.848,0,279.974,0,18.998,4365,3077,1.940,1.100,0.590,3,0,124.988,0,0,11,28,2,18,0
13-02 21:04:13,59.209,18.987,20.486,0.250,0.250,1518632,941568,171512,5292436,8848.877,1618.880,0,2746.100,0,114.920,7880,10868,1.940,1.100,0.590,3,0,298.793,0,0,11,28,2,19,0
13-02 21:04:14,65.041,9.470,24.172,0.498,0.498,1581128,878924,171516,5292580,9090.790,1453.330,0,6275.835,0,447.562,4865,2926,1.940,1.100,0.590,4,0,0,0,0,11,28,2,19,0
13-02 21:04:15,56.077,19.527,24.033,0,0,1470972,989012,171524,5292764,9571.092,1622.219,0,324.444,0,27.037,7375,9352,1.940,1.100,0.590,3,0,287.393,0,0,11,28,2,20,0
13-02 21:04:16,65.370,8.265,26.298,0,0,1544636,915316,171528,5292792,11553.220,1697.117,0,220.405,0,9.017,4231,2696,1.940,1.100,0.590,3,0,0,0,0,11,28,2,21,0
13-02 21:04:17,59.797,13.704,24.168,0.997,0,1497000,962464,171620,5293088,12449.814,1614.529,0,3627.708,0,234.206,8567,10103,2.030,1.130,0.610,4,0,111.622,0,0,11,28,2,16,0
13-02 21:04:18,66.961,7.273,25.330,0,0,1556492,902792,171624,5293264,69871.864,1667.246,0,216.682,0,20.063,5082,5455,2.030,1.130,0.610,5,0,0,0,0,11,30,2,16,0
13-02 21:04:19,68.321,26.778,4.505,0,0,1555216,904008,171628,5293320,8314.686,1621.694,0,768.803,0,39.041,7072,7812,2.030,1.130,0.610,8,0,546.571,0,0,11,28,2,16,0
13-02 21:04:20,79.125,20.468,0,0,0.250,1713656,745496,171628,5293356,11716.422,1617.435,0,175.721,0,7.987,5680,5039,2.030,1.130,0.610,7,0,310.508,0,0,11,29,2,16,0
13-02 21:04:21,83.617,15.772,0.751,0,0.501,1778720,680352,171652,5293412,12402.309,1664.323,0,849.185,0,63.088,8188,10611,2.030,1.130,0.610,7,0,335.468,0,0,11,29,2,15,0
13-02 21:04:22,71.514,28.255,0,0,0.250,1608096,850716,171676,5293648,5132.984,1458.280,0,444.085,0,35.007,6726,7500,2.510,1.250,0.650,7,0,501.096,0,0,11,28,2,15,0
13-02 21:04:23,81.843,16.967,0.998,0,0,1698168,760572,171676,5293704,9122.493,1690.755,0,159.694,0,7.985,6612,6327,2.510,1.250,0.650,6,0,168.676,0,0,11,30,2,15,0
13-02 21:04:24,73.335,16.519,9.261,0,0,1660188,798304,171676,5293952,12414.466,1695.976,0,124.145,0,11.013,8630,15013,2.510,1.250,0.650,3,0,344.401,0,0,11,29,2,15,0
13-02 21:04:25,16.752,24.753,56.508,0,0,1523740,934576,171676,5294128,7381.009,1736.237,0,56.008,0,10.001,6579,6005,2.510,1.250,0.650,3,0,638.087,0,0,11,28,2,15,0
13-02 21:04:26,66.293,30.020,4.003,0,0,1582380,875904,171676,5294172,9819.406,1695.106,0,24.016,0,6.004,5610,4821,2.510,1.250,0.650,4,0,620.405,0,0,11,28,2,15,0
13-02 21:04:27,80.367,14.226,4.992,0,0.250,1595572,862632,171688,5294240,9133.858,1691.196,0,978.378,0,77.871,7299,9843,2.630,1.290,0.670,4,0,133.778,0,0,11,29,2,17,0
13-02 21:04:28,78.008,18.252,2.750,0,0.250,1572792,885344,171700,5294296,16729.798,1694.182,0,2868.308,0,138.015,5956,4846,2.630,1.290,0.670,6,0,134.014,0,0,11,30,2,17,0
13-02 21:04:29,72.360,9.014,18.528,0,0.501,1619528,838232,171704,5294668,7735.728,1622.460,0,156.237,0,9.014,9900,16061,2.630,1.290,0.670,4,0,0,0,0,11,32,2,19,0
13-02 21:04:30,70.055,12.465,16.454,0.249,0,1558544,899104,171732,5294752,11312.518,1689.299,0,837.669,0,57.839,9545,15659,2.630,1.290,0.670,5,0,89.750,0,0,11,28,2,20,0
13-02 21:04:31,81.897,14.276,3.506,0,0,1630896,826588,171732,5294932,9475.951,1460.613,0,148.265,0,9.016,5973,5220,2.630,1.290,0.670,3,0,31.056,0,0,11,31,2,20,0
13-02 21:04:32,66.048,6.755,26.519,0,0,1639156,818060,171736,5295196,8690.329,1621.181,0,140.102,0,9.007,10385,20065,2.660,1.320,0.680,5,0,0,0,0,11,29,2,22,0
13-02 21:04:33,77.325,19.955,1.746,0,0,1589804,867192,171744,5295404,5874.732,1616.350,0,155.648,0,7.982,5961,7072,2.660,1.320,0.680,4,0,259.414,0,0,11,28,2,21,0
13-02 21:04:34,78.196,9.524,11.779,0,0,1630652,826236,171752,5295500,20441.151,1698.250,0,1587.974,0,12.030,8339,11306,2.660,1.320,0.680,3,0,0,0,0,11,32,2,24,0
13-02 21:04:35,73.493,16.248,9.749,0,0,1529384,927292,171760,5295700,8660.174,1619.846,0,347.967,0,34.997,8042,10995,2.660,1.320,0.680,4,0,127.988,0,0,11,28,2,25,0
13-02 21:04:36,84.195,10.493,4.997,0,0,1624768,831868,171776,5295724,8958.119,1618.937,0,291.808,0,29.980,5983,5244,2.660,1.320,0.680,4,0,0,0,0,11,30,2,25,0
13-02 21:04:37,80.279,16.256,2.751,0,0.250,1543656,912724,171780,5295972,13014.754,1620.592,0,172.063,0,12.004,6652,14059,2.690,1.350,0.690,6,0,162.059,0,0,11,28,2,28,0
13-02 21:04:38,79.234,17.496,3.499,0,0.750,1568996,887188,171784,5296164,8343.318,1619.673,0,147.970,0,7.998,5897,8025,2.690,1.350,0.690,4,0,110.978,0,0,11,28,2,30,0
13-02 21:04:39,80.230,14.996,3.499,0,0,1575740,880392,171792,5296208,9675.592,1457.637,0,123.969,0,7.998,5818,6513,2.690,1.350,0.690,6,0,131.967,0,0,11,28,2,30,0
13-02 21:04:40,81.068,16.264,3.003,0,0,1585276,870656,171808,5296380,16784.115,1621.364,0,332.279,0,35.029,6635,8786,2.690,1.350,0.690,4,0,79.066,0,0,11,28,2,30,0
13-02 21:04:41,58.241,17.997,23.496,0.250,0,1574032,881692,171832,5296560,11993.207,1619.758,127.981,347.948,1.000,31.995,5719,5256,2.690,1.350,0.690,3,0,190.971,0,0,11,28,1,31,0
13-02 21:04:42,63.953,12.193,22.645,0.249,0,1557096,898432,171836,5297440,15357.638,1686.165,0,238.890,0,17.917,6193,7747,2.710,1.380,0.700,13,0,129.399,0,0,11,28,1,31,0
13-02 21:04:43,63.198,14.738,21.233,0,0,1528884,926576,171840,5296812,9644.095,1712.596,0,187.846,0,8.993,6424,13099,2.710,1.380,0.700,5,0,87.928,0,0,11,28,1,33,0
13-02 21:04:44,61.024,10.004,27.761,0.500,0.250,1607292,848088,171844,5296884,7392.877,1620.631,0,3949.537,0,213.083,4954,5378,2.710,1.380,0.700,3,0,86.033,0,0,11,28,1,33,0
13-02 21:04:45,39.631,11.037,48.160,0.251,0.251,1570188,885076,171864,5296992,8181.096,1625.383,0,726.406,0,84.279,6280,8420,2.710,1.380,0.700,3,0,135.449,0,0,11,28,1,32,0
13-02 21:04:46,44.835,5.761,48.842,0.250,0,1583996,871240,171868,5297012,8147.426,1623.073,0,148.281,0,10.019,3576,3002,2.710,1.380,0.700,3,0,0,0,0,11,29,1,32,1
13-02 21:04:47,39.640,12.216,47.119,0.249,0.499,1503992,950920,171868,5297336,9494.698,1453.972,0,873.580,0,57.840,5422,5693,2.730,1.400,0.720,5,0,137.619,0,0,11,28,1,32,0
13-02 21:04:48,44.875,6.267,48.134,0.251,0,1539616,915252,171888,5297360,8337.190,1666.636,0,340.948,0,34.095,4104,4328,2.730,1.400,0.720,2,0,26.073,0,0,11,31,1,32,0
13-02 21:04:49,41.306,9.207,48.522,0.249,0,1522008,932836,171896,5297376,9588.983,1612.430,0,214.991,0,21.897,3771,3315,2.730,1.400,0.720,3,0,39.813,0,0,11,30,1,32,0
13-02 21:04:50,45.423,6.023,47.682,0,0,1501816,952948,171912,5297436,9298.486,1626.206,0,405.548,0,43.165,6876,8974,2.730,1.400,0.720,3,0,44.169,0,0,11,32,1,30,0
13-02 21:04:51,41.912,9.480,48.149,0.249,0,1531408,923332,171912,5297420,9557.882,1616.597,0,147.689,0,5.987,3163,1990,2.730,1.400,0.720,3,0,7.983,0,0,11,33,1,30,0
13-02 21:04:52,41.367,9.778,47.885,0,0,1468384,986172,171916,5297600,9248.114,1624.587,0,296.838,0,29.082,5986,8069,2.680,1.410,0.720,3,0,100.283,0,0,11,32,1,30,0
13-02 21:04:53,24.648,10.208,63.986,0,0.249,1517900,936584,171916,5297664,6161.535,1613.332,0,211.127,0,11.951,3524,2850,2.680,1.410,0.720,2,0,181.251,0,0,11,32,1,30,0
13-02 21:04:54,16.312,12.548,70.015,0,0,1415908,1038540,171916,5297700,9342.394,1626.161,0,269.019,0,29.110,5467,5575,2.680,1.410,0.720,1,0,256.974,0,0,11,32,1,29,0
13-02 21:04:55,20.897,4.976,73.887,0,0,1466348,988096,171916,5297704,7299.139,1450.872,0,7.961,0,1.990,1932,1342,2.680,1.410,0.720,2,0,27.863,0,0,11,32,1,29,0
13-02 21:04:56,21.286,5.259,72.121,0.250,0.250,1443192,1011212,171932,5297728,4958.321,1622.723,0,733.230,0,45.076,4028,4757,2.680,1.410,0.720,2,0,46.077,0,0,11,32,1,30,0
13-02 21:04:57,22.756,3.251,73.518,0,0,1474632,979760,171940,5297732,9838.392,1620.394,0,132.032,0,10.002,2191,1824,2.540,1.410,0.730,3,0,0,0,0,11,32,1,30,0
13-02 21:04:58,20.567,5.769,71.482,0,0,1382176,1072052,171940,5297896,9007.178,1625.265,0,96.312,0,13.042,5492,6784,2.540,1.410,0.730,2,0,79.257,0,0,11,32,1,30,0
13-02 21:04:59,12.000,23.001,62.752,0.250,0.250,1366924,1087136,171948,5298052,11311.421,1694.063,0,380.014,0,26.001,6396,5018,2.540,1.410,0.730,2,0,543.020,0,0,11,32,1,32,0
13-02 21:05:00,44.295,6.719,48.526,0.249,0.249,1482904,970548,171964,5298636,8850.087,1612.545,0,796.319,0,17.917,2998,1794,2.540,1.410,0.730,3,0,3.982,0,0,11,32,1,32,0
13-02 21:05:01,36.425,6.280,46.221,10.551,0.251,1503428,943892,172684,5303476,7012.596,1627.798,0,23798.012,0,2017.666,11677,18719,2.540,1.410,0.730,5,1,82.395,0,0,11,36,1,32,0
13-02 21:05:02,32.488,7.747,39.735,17.494,0,1574212,869404,173312,5306444,9346.533,1619.399,0,37785.983,0,3284.782,17025,26037,2.580,1.430,0.740,1,1,85.968,0,0,11,36,1,31,0
13-02 21:05:03,40.249,7.250,42.749,8.500,0,1480380,963204,173484,5306264,8238.815,1457.967,0,26971.393,0,1989.955,10606,14766,2.580,1.430,0.740,2,0,15.000,0,0,11,32,1,31,0
13-02 21:05:04,41.629,7.478,45.617,3.988,0,1537316,906092,173548,5306376,5509.939,1657.169,0,6405.329,0,794.684,6419,7938,2.580,1.430,0.740,3,1,4.985,0,0,11,34,1,31,0
13-02 21:05:05,37.060,8.013,43.069,10.267,0,1479856,962744,173944,5306792,8838.219,1622.610,0,18938.468,0,2216.566,13266,21834,2.580,1.430,0.740,3,0,14.023,0,0,11,32,1,31,0
13-02 21:05:06,22.646,7.466,65.698,2.489,0.249,1543376,899068,174048,5306796,6388.677,1612.598,0,11021.413,0,584.318,4106,4826,2.580,1.430,0.740,3,0,86.603,0,0,11,32,1,30,0
13-02 21:05:07,22.578,3.763,73.755,0.251,0,1498028,944392,174052,5306816,8834.526,1625.617,0,337.165,0,19.066,1926,1441,2.450,1.430,0.740,2,0,1.003,0,0,11,32,1,30,0
13-02 21:05:08,22.234,3.747,71.950,0.749,0,1530996,911408,174068,5306816,7368.829,1618.864,0,2810.028,0,158.889,2248,1899,2.450,1.430,0.740,2,0,1.999,0,0,11,32,1,30,0
13-02 21:05:09,21.243,4.249,73.475,0,0.250,1507392,935000,174068,5306828,6287.863,1619.450,0,0,0,0,1781,1223,2.450,1.430,0.740,3,0,1.000,0,0,11,32,1,30,0
13-02 21:05:10,22.031,3.755,73.603,0,0.250,1495928,946372,174068,5306904,9557.362,1622.268,0,0,0,0,1810,1108,2.450,1.430,0.740,5,0,3.004,0,0,11,32,1,28,0
13-02 21:05:11,22.705,3.493,73.354,0,0,1502836,939464,174068,5306904,9362.352,1455.102,0,239.523,0,1.996,1886,1334,2.450,1.430,0.740,3,0,0.998,0,0,11,32,1,28,0
13-02 21:05:12,22.487,3.498,73.207,0,0,1488308,953992,174068,5306904,9249.593,1661.029,0,3.998,0,0.999,1770,1117,2.340,1.420,0.740,2,0,2.998,0,0,11,32,1,28,0
13-02 21:05:13,21.508,3.751,73.528,0.250,0.250,1468044,974140,174068,5307016,8531.235,1620.615,0,220.083,0,2.001,1838,1352,2.340,1.420,0.740,3,0,1.000,0,0,11,32,1,28,0
13-02 21:05:14,22.022,4.004,73.322,0,0.500,1493744,948428,174072,5307024,13676.399,1621.589,0,96.094,0,9.009,1985,1491,2.340,1.420,0.740,2,0,2.002,0,0,11,32,1,27,0
13-02 21:05:15,21.975,3.746,73.166,0.250,0,1460924,981224,174076,5307044,10027.466,1618.139,0,611.297,0,75.913,2068,1593,2.340,1.420,0.740,2,0,0.999,0,0,11,32,1,27,0
13-02 21:05:16,22.021,3.754,73.821,0,0,1462480,979640,174076,5307072,6832.558,1621.556,0,1869.795,0,235.226,2095,1297,2.340,1.420,0.740,3,0,1.001,0,0,11,32,1,27,0
13-02 21:05:17,21.746,4.249,72.986,0,0,1496616,945468,174076,5307104,6959.629,1619.681,0,0,0,0,1905,1269,2.230,1.410,0.740,3,0,2.000,0,0,11,32,1,27,0
13-02 21:05:18,16.305,10.787,71.744,0,0,1443232,998656,174076,5307244,57186.421,1462.974,0,128.437,0,3.010,3852,2767,2.230,1.410,0.740,1,0,205.699,0,0,11,32,1,25,0
13-02 21:05:19,8.226,21.189,68.803,0,0,1441780,1000056,174076,5307284,8871.627,1615.380,0,885.468,0,11.966,6158,4639,2.230,1.410,0.740,2,0,467.662,0,0,11,32,1,25,0
13-02 21:05:20,9.277,21.062,68.953,0,0,1454552,987244,174076,5307320,11569.126,1624.793,0,445.314,0,6.018,6173,4691,2.230,1.410,0.740,1,0,460.358,0,0,11,32,1,25,0
13-02 21:05:21,13.504,13.504,71.769,0,0,1434740,1006908,174076,5307468,7675.999,1620.422,0,16.004,0,1.000,4279,3175,2.230,1.410,0.740,1,0,237.062,0,0,11,32,1,25,0
13-02 21:05:22,21.916,3.736,73.470,0,0.249,1507704,933960,174076,5307452,9000.667,1613.844,0,0,0,0,1816,1204,2.130,1.410,0.740,3,0,1.992,0,0,11,32,1,23,0
13-02 21:05:23,22.087,4.518,72.283,0,0,1499840,941776,174076,5307468,8942.050,1700.666,0,16.063,0,1.004,1924,1328,2.130,1.410,0.740,1,0,7.028,0,0,11,32,1,23,0
13-02 21:05:24,22.405,3.236,73.689,0,0.249,1497136,944500,174084,5307456,4709.109,1686.875,0,143.394,0,11.950,1868,1403,2.130,1.410,0.740,2,0,1.992,0,0,11,32,1,23,0
13-02 21:05:25,22.257,3.251,73.024,0,0.250,1447160,994460,174088,5307468,6186.061,1736.579,0,784.261,0,108.036,2094,1567,2.130,1.410,0.740,2,0,1.000,0,0,11,32,1,23,0
13-02 21:05:26,22.839,3.514,74.037,0,0,1467324,974280,174088,5307484,9183.624,1700.597,0,12.047,0,1.004,1797,1159,2.130,1.410,0.740,1,0,3.012,0,0,11,32,1,23,0
13-02 21:05:27,21.168,4.234,73.716,0,0.249,1520028,921596,174088,5307464,7080.681,1526.112,0,0,0,0,1760,1185,2.040,1.400,0.750,2,0,1.992,0,0,11,32,1,23,0
13-02 21:05:28,22.495,3.249,73.232,0,0,1493936,947668,174088,5307484,10635.402,1693.586,0,23.994,0,2.000,1773,1218,2.040,1.400,0.750,3,0,1.000,0,0,11,32,1,23,0
13-02 21:05:29,21.492,3.999,73.973,0,0,1513996,927620,174088,5307472,9340.565,1619.404,0,0,0,0,1825,1230,2.040,1.400,0.750,2,0,1.999,0,0,11,32,1,23,0
13-02 21:05:30,22.759,3.501,73.528,0,0.250,1491640,949964,174088,5307484,8973.363,1694.635,0,20.007,0,3.001,1851,1285,2.040,1.400,0.750,2,0,1.000,0,0,11,32,1,23,0
13-02 21:05:31,22.507,3.251,73.023,0.250,0,1521476,920160,174092,5307460,8117.553,1662.523,0,2272.715,0,40.013,1957,1293,2.040,1.400,0.750,2,0,3.001,0,0,11,32,1,18,0
13-02 21:05:32,22.082,3.011,73.774,0,0,1541836,899864,174092,5307396,5091.878,1626.028,0,0,0,0,1775,1249,1.950,1.390,0.750,1,0,1.004,0,0,11,32,1,18,0
13-02 21:05:33,21.994,3.499,73.479,0,0,1455256,986352,174092,5307484,9283.368,1619.541,0,87.975,0,1.000,1885,1201,1.950,1.390,0.750,2,0,2.999,0,0,11,32,1,18,0
13-02 21:05:34,21.954,3.992,73.595,0,0,1478232,963368,174096,5307484,7656.917,1690.449,0,207.564,0,8.981,1881,1560,1.950,1.390,0.750,1,0,0.998,0,0,11,32,1,18,0
13-02 21:05:35,21.504,4.001,73.015,0,0,1541280,900336,174100,5307464,6936.444,1458.304,0,408.085,0,32.007,2061,1635,1.950,1.390,0.750,1,0,2.000,0,0,11,32,1,11,0
13-02 21:05:36,22.495,3.249,73.484,0,0,1515788,925808,174100,5307484,11725.461,1619.649,0,151.967,0,27.994,1941,1250,1.950,1.390,0.750,2,0,1.000,0,0,11,32,1,11,0
13-02 21:05:37,22.278,3.254,74.342,0,0,1534884,906712,174100,5307484,9544.813,1664.060,0,20.025,0,1.001,1828,1290,1.880,1.380,0.750,1,0,1.001,0,0,11,32,1,11,0
13-02 21:05:38,20.969,4.993,73.392,0,0.250,1583536,858072,174100,5307472,9386.133,1617.610,0,0,0,0,1908,1376,1.880,1.380,0.750,1,0,1.997,0,0,11,32,1,11,0
13-02 21:05:39,18.023,9.262,71.841,0,0.250,1535872,905696,174100,5307512,10455.314,1622.066,0,72.092,0,4.005,3052,2017,1.880,1.380,0.750,2,0,126.161,0,0,11,32,1,6,0
13-02 21:05:40,11.982,16.475,69.643,0,0.250,1534172,907384,174100,5307524,6455.108,1617.521,0,139.786,0,6.989,4792,3663,1.880,1.380,0.750,3,0,333.489,0,0,11,32,1,6,0
13-02 21:05:41,22.985,2.998,73.453,0,0,1561500,879872,174100,5307708,11538.680,1618.973,0,255.838,0,4.997,1919,1297,1.880,1.380,0.750,2,0,0.999,0,0,11,32,1,6,0
13-02 21:05:42,21.239,4.748,73.713,0,0,1541680,899608,174100,5307788,10299.882,1693.159,0,119.940,0,26.987,2045,1395,1.810,1.380,0.750,3,0,8.996,0,0,11,32,1,6,0
13-02 21:05:43,25.097,9.788,63.996,0,0,1537636,903560,174100,5307876,5249.201,1557.996,40.155,0,2.008,0,3831,12164,1.810,1.380,0.750,1,0,193.746,0,0,11,32,1,5,0
13-02 21:05:44,8.504,21.511,68.784,0.250,0,1513112,928008,174104,5307948,9165.591,1620.812,0,388.194,0,16.008,6061,4628,1.810,1.380,0.750,1,0,422.211,0,0,11,32,1,5,0
13-02 21:05:45,8.744,21.735,68.703,0,0,1483720,957352,174108,5307984,8533.131,1618.886,0,655.549,0,26.981,6599,5315,1.810,1.380,0.750,1,0,541.627,0,0,11,32,1,5,0
13-02 21:05:46,8.505,22.513,68.041,0,0,1462036,978992,174108,5308016,11237.716,1620.969,0,900.538,0,11.007,6564,5200,1.810,1.380,0.750,1,0,548.328,0,0,11,32,1,5,0
13-02 21:05:47,8.501,22.503,68.508,0,0,1442040,998948,174108,5308048,8941.071,1620.194,0,1284.154,0,14.002,6575,5115,1.660,1.350,0.750,1,0,555.067,0,0,11,32,1,4,0
13-02 21:05:48,8.236,21.712,68.380,0,0.499,1442704,998260,174108,5308072,4237.566,1617.163,0,1225.849,0,37.933,6227,4795,1.660,1.350,0.750,3,0,483.152,0,0,11,32,1,4,0
13-02 21:05:49,7.507,21.271,69.818,0,0,1429664,1011260,174108,5308112,9363.067,1621.570,0,192.186,0,8.008,6492,5271,1.660,1.350,0.750,1,0,545.528,0,0,11,32,1,4,0
13-02 21:05:50,8.507,21.518,69.059,0,0,1406516,1034364,174108,5308152,7889.744,1621.386,0,408.349,0,13.011,6223,4764,1.660,1.350,0.750,1,0,485.415,0,0,11,32,1,4,0
13-02 21:05:51,7.974,21.181,68.776,0,0,1401144,1039704,174108,5308184,9302.707,1614.742,0,43.857,0,10.964,6082,4553,1.660,1.350,0.750,1,0,461.497,0,0,11,32,1,4,0
13-02 21:05:52,17.056,24.831,57.186,0,0.502,1363380,1077436,174124,5308216,17071.611,1462.765,0,890.902,0,86.281,6766,5822,1.610,1.350,0.750,3,0,625.036,0,0,11,32,1,6,0
13-02 21:05:53,60.436,17.482,21.477,0.250,0,1534320,906188,174144,5308504,11219.171,1618.294,0,923.027,0,55.941,5210,4080,1.610,1.350,0.750,3,0,320.662,0,0,11,32,1,10,0
13-02 21:05:54,54.704,10.241,25.978,7.993,0,1644484,786544,174524,5316700,8761.660,1618.644,371.689,23028.708,2.997,1739.543,11783,15286,1.610,1.350,0.750,3,1,63.946,0,0,11,38,1,10,0
13-02 21:05:55,34.968,12.489,33.469,16.985,0,1636336,785060,175288,5324960,4723.690,1618.523,0,74859.701,0,5263.198,25232,39207,1.610,1.350,0.750,2,1,153.860,0,0,11,36,1,11,0
13-02 21:05:56,39.101,8.522,31.832,17.796,0,1644480,767952,175564,5333332,5124.239,1624.196,0,77744.865,0,5240.540,23339,38340,1.610,1.350,0.750,1,2,63.163,0,0,11,37,1,11,0
13-02 21:05:57,41.487,11.496,29.491,14.496,0,1666012,738320,176024,5340696,9311.115,1619.498,0,70930.022,0,5229.380,21686,36183,1.880,1.410,0.770,6,0,102.968,0,0,11,36,1,13,0
13-02 21:05:58,42.002,18.501,24.751,12.751,0.250,1602052,796512,176452,5346276,16257.855,1620.085,372.020,46462.442,6.000,3215.169,17980,28228,1.880,1.410,0.770,4,1,275.014,0,0,11,35,1,14,0
13-02 21:05:59,44.692,19.475,24.219,9.987,0.250,1560384,832172,176728,5351256,9440.743,1691.803,1122.543,48893.520,21.971,3448.523,21793,35411,1.880,1.410,0.770,3,1,223.710,0,0,11,34,1,13,0
13-02 21:06:00,34.558,14.024,35.560,14.024,0,1594756,792924,176920,5355820,9662.235,1460.454,669.124,46205.637,12.020,3567.995,15890,27437,1.880,1.410,0.770,2,0,158.266,0,0,11,34,1,13,0
13-02 21:06:01,33.722,6.744,42.215,14.738,0,1604816,780128,177052,5358344,11828.110,1618.647,0,44390.885,0,3644.952,20556,33399,1.880,1.410,0.770,3,1,48.959,0,0,11,35,1,15,0
13-02 21:06:02,29.767,10.506,42.524,15.009,0.250,1608480,775952,177256,5358584,7738.406,1620.923,0,41043.368,0,3438.958,18307,27660,2.050,1.450,0.790,2,1,101.058,0,0,11,34,1,15,0
13-02 21:06:03,36.260,7.002,41.511,14.254,0,1631580,751944,177468,5359260,7803.100,1620.436,0,31452.466,0,3038.818,16177,25842,2.050,1.450,0.790,1,1,33.009,0,0,11,35,1,14,0
13-02 21:06:04,32.248,9.250,40.748,15.499,0.250,1578496,804400,177676,5359660,6325.670,1661.913,0,46833.559,0,3816.801,21456,33340,2.050,1.450,0.790,2,1,53.997,0,0,11,34,1,14,0
13-02 21:06:05,38.733,5.997,39.233,12.744,0,1607236,773640,177764,5361548,10112.491,1619.278,0,23161.672,0,2403.928,16475,23022,2.050,1.450,0.790,2,0,35.984,0,0,11,36,1,14,0
13-02 21:06:06,36.503,7.751,40.003,14.751,0,1602264,776560,177812,5363488,10739.776,1662.120,0,42991.106,0,3549.256,21224,34278,2.050,1.450,0.790,4,0,48.003,0,0,11,36,1,14,0
13-02 21:06:07,31.259,9.253,40.761,17.005,0,1578692,797392,177872,5366080,11134.091,1620.450,0,41443.506,0,3502.973,19015,28432,2.130,1.480,0.800,4,1,94.026,0,0,11,36,1,14,0
13-02 21:06:08,31.974,8.243,40.966,16.237,0,1521616,850624,178044,5369636,13022.347,1618.676,0,52928.703,0,3830.866,20589,31165,2.130,1.480,0.800,2,1,78.935,0,0,11,36,1,15,0
13-02 21:06:09,33.258,8.502,40.510,15.504,1.500,1586744,783240,178144,5371716,11133.767,1458.362,0,35668.863,0,3220.800,18560,25285,2.130,1.480,0.800,2,1,66.016,0,0,11,37,1,15,0
13-02 21:06:10,32.182,10.977,40.664,15.467,0,1606560,761008,178224,5374000,9250.363,1616.568,0,43156.387,0,3553.457,20574,30426,2.130,1.480,0.800,2,1,128.727,0,0,11,36,1,15,0
13-02 21:06:11,34.851,7.773,40.117,16.047,0,1652176,714308,178252,5374996,5576.212,1624.724,0,45440.110,0,3620.526,19331,29126,2.130,1.480,0.800,2,0,25.073,0,0,11,36,1,15,0
13-02 21:06:12,31.499,9.000,40.749,16.749,0,1625524,745700,178272,5370212,8651.682,1619.940,0,49130.194,0,3884.857,20895,32461,2.520,1.570,0.830,2,0,48.998,0,0,11,36,1,16,0
13-02 21:06:13,37.408,5.736,44.890,10.474,0,1652092,718648,178324,5370636,7917.620,1616.044,0,35193.855,0,2687.422,13472,21801,2.520,1.570,0.830,3,0,32.919,0,0,11,35,1,17,0
13-02 21:06:14,19.045,21.551,55.129,2.756,0.251,1452328,918068,178332,5370972,7414.400,1623.811,0,9658.667,0,562.320,8827,9517,2.520,1.570,0.830,2,0,629.477,0,0,11,32,1,17,0
13-02 21:06:15,42.794,18.660,37.072,0.249,0,1478256,892100,178332,5371012,9706.300,1612.243,0,1978.481,0,121.416,6039,4991,2.520,1.570,0.830,4,0,379.176,0,0,11,32,1,23,0
13-02 21:06:16,66.204,9.493,23.983,0.250,0,1697932,670228,178384,5373144,8077.368,1618.871,0,2502.255,0,88.938,4016,1900,2.520,1.570,0.830,4,0,2.998,0,0,11,32,1,23,0
13-02 21:06:17,65.828,8.040,24.120,1.256,0,1800684,562608,178552,5377220,12469.038,1465.290,0,10025.882,0,418.080,5285,3402,2.560,1.590,0.850,4,0,6.030,0,0,11,38,1,23,0
13-02 21:06:18,24.264,7.254,46.277,20.762,0,1799180,553564,178676,5387272,7549.327,1620.929,0,75403.223,0,5274.023,26112,40382,2.560,1.590,0.850,2,1,189.108,0,0,11,38,1,23,0
13-02 21:06:19,20.250,7.750,46.749,22.999,0,1794764,548272,178728,5396644,6306.859,1619.964,0,85098.101,0,5973.867,28720,44168,2.560,1.590,0.850,1,1,206.995,0,0,11,38,1,23,0
13-02 21:06:20,16.244,7.497,51.482,21.743,0.250,1792840,543736,178800,5402780,9430.789,1619.449,0,70955.843,0,5389.165,24353,38579,2.560,1.590,0.850,2,2,113.961,0,0,11,38,1,23,0
13-02 21:06:21,35.486,9.746,32.987,19.742,0.250,1741244,588604,178884,5409232,8709.442,1619.338,0,70791.079,0,5072.927,25052,38194,2.560,1.590,0.850,1,2,204.916,0,0,11,36,1,23,0
13-02 21:06:22,39.522,9.505,29.016,19.011,0,1795252,526360,178940,5417140,9645.404,1620.908,0,77531.440,0,5356.001,20295,38063,2.590,1.620,0.860,2,1,106.059,0,0,11,36,1,23,0
13-02 21:06:23,39.759,8.002,35.008,15.753,0.250,1832748,479176,178964,5426388,7335.587,1620.351,0,60373.059,0,4033.873,15842,29186,2.590,1.620,0.860,2,0,10.002,0,0,11,38,0,23,0
13-02 21:06:24,21.207,9.481,47.904,17.714,0.249,1778152,527244,178980,5432668,10792.321,1616.752,0,66274.873,0,4646.666,19201,33228,2.590,1.620,0.860,2,2,104.790,0,0,11,36,0,23,0
13-02 21:06:25,18.030,5.509,53.088,19.282,0,1765096,536876,179016,5435944,6925.446,1664.752,0,54878.704,0,4468.385,21901,33380,2.590,1.620,0.860,0,1,87.144,0,0,11,36,0,23,0
13-02 21:06:26,30.509,9.753,52.265,7.502,0,1453452,848112,179028,5436316,6802.945,1458.417,0,32137.188,0,2162.618,11199,15381,2.590,1.620,0.860,1,0,135.039,0,0,11,32,0,23,0
13-02 21:06:27,18.460,8.980,71.344,0.249,0,1450560,850996,179028,5436324,6452.916,1616.472,0,5260.518,0,70.845,3193,2510,2.380,1.590,0.850,2,0,129.717,0,0,11,32,0,23,0
13-02 21:06:28,22.246,3.249,72.738,0.250,0,1521916,779636,179028,5436328,8920.568,1619.740,0,1095.824,0,53.991,1993,1431,2.380,1.590,0.850,2,0,2.000,0,0,11,32,0,23,0
13-02 21:06:29,22.495,3.999,71.235,1.250,0,1454176,847368,179028,5436336,8677.132,1619.651,0,4555.020,0,269.942,3336,3245,2.380,1.590,0.850,2,0,26.994,0,0,11,32,0,23,0
13-02 21:06:30,23.000,2.750,73.751,0,0,1517188,784356,179028,5436336,8728.165,1662.031,0,108.002,0,11.000,1832,1230,2.380,1.590,0.850,3,0,1.000,0,0,11,32,0,23,0
13-02 21:06:31,23.757,2.251,73.520,0.250,0.250,1550952,750588,179028,5436340,22818.353,1620.451,0,120.033,0,16.004,2060,1680,2.380,1.590,0.850,2,0,3.001,0,0,11,34,0,23,0
13-02 21:06:32,13.783,35.586,49.118,0,0.251,1501292,800212,179032,5436368,9005.704,1623.914,0,769.855,0,54.130,8230,7821,2.510,1.630,0.870,2,0,1139.747,0,0,11,32,0,23,0
13-02 21:06:33,8.249,23.247,67.242,0.250,0,1490848,810556,179032,5436464,10887.711,1619.808,0,307.964,0,22.997,6442,4845,2.510,1.630,0.870,2,0,567.933,0,0,11,32,0,23,0
13-02 21:06:34,8.243,20.233,70.192,0,0.250,1483024,818328,179032,5436512,5452.485,1456.794,0,11.990,0,2.998,5857,4277,2.510,1.630,0.870,2,0,389.677,0,0,11,32,0,23,0
13-02 21:06:35,9.505,21.260,68.033,0,0,1434316,866880,179032,5436668,7169.430,1620.775,0,40.019,0,10.005,5901,4437,2.510,1.630,0.870,1,0,385.184,0,0,11,32,0,23,0
13-02 21:06:36,24.736,16.241,59.216,0,0,1434724,866448,179036,5437020,9321.724,1619.084,0,1227.305,0,168.904,6734,8048,2.510,1.630,0.870,3,0,235.867,0,0,11,32,0,23,0
13-02 21:06:37,43.914,8.234,46.908,0,0,1531876,769176,179044,5437244,9397.572,1616.830,0,71.859,0,3.992,3067,1715,2.470,1.640,0.880,4,0,36.928,0,0,11,33,0,23,0
13-02 21:06:38,46.500,4.750,48.250,0,0,1621496,679520,179060,5437268,10346.894,1619.983,0,491.995,0,24.000,3743,3004,2.470,1.640,0.880,2,0,18.000,0,0,11,49,0,23,0
13-02 21:06:39,41.870,10.029,47.135,0,0,1657992,638712,179116,5441136,8728.955,1624.645,0,1387.968,0,138.396,6335,10234,2.470,1.640,0.880,1,0,117.335,0,0,11,48,0,23,0
13-02 21:06:40,14.495,18.493,64.977,0.250,0.500,1674716,621724,179120,5441636,10693.161,1619.419,0,287.897,0,6.997,7108,8200,2.470,1.640,0.880,1,0,351.874,0,0,11,48,0,23,0
13-02 21:06:41,6.233,3.491,89.013,0,0.249,1665144,631276,179120,5441308,11773.677,1615.702,0,167.554,0,14.960,1888,2139,2.470,1.640,0.880,1,0,28.923,0,0,11,48,0,23,0
13-02 21:06:42,0.500,0.250,97.748,0,0,1663304,633116,179120,5441308,5322.888,1457.969,0,335.993,0,26.999,713,1023,2.270,1.610,0.870,1,0,3.000,0,0,11,48,0,23,0
13-02 21:06:43,5.999,3.499,89.982,0,0,1660280,636140,179120,5441308,9040.186,1713.656,0,0,0,0,2098,6920,2.270,1.610,0.870,1,0,38.992,0,0,11,48,0,24,0
13-02 21:06:44,0.500,0,98.520,0,0.250,1657304,639116,179120,5441308,6996.390,1620.322,0,0,0,0,657,920,2.270,1.610,0.870,1,0,1.000,0,0,11,48,0,23,0
13-02 21:06:45,6.017,7.772,85.238,0,0,1639952,656468,179120,5441652,5168.414,1624.531,0,0,0,0,3031,3383,2.270,1.610,0.870,5,0,144.403,0,0,11,48,0,23,0
13-02 21:06:46,16.925,14.934,67.202,0,0,1661680,634720,179120,5441308,9078.737,1612.847,0,3.982,0,0.996,4919,7099,2.270,1.610,0.870,1,0,205.090,0,0,11,48,0,23,0
13-02 21:06:47,12.561,20.097,66.320,0,0,1712972,583244,179120,5441840,7835.861,1867.021,0,4.019,0,1.005,6242,5495,2.170,1.600,0.870,2,0,390.889,0,0,12,48,0,23,0
13-02 21:06:48,18.964,13.724,66.125,0.250,0,1719792,576420,179120,5441472,62547.372,1616.933,0,3026.260,0,53.898,6075,7149,2.170,1.600,0.870,2,0,217.587,0,0,12,64,0,23,0
13-02 21:06:49,5.008,8.514,84.894,0,0.250,1704008,592196,179120,5441508,12795.680,1622.749,0,192.326,0,10.017,2701,2544,2.170,1.600,0.870,1,0,171.290,0,0,12,64,0,23,0
13-02 21:06:50,18.502,15.501,64.756,0,0,1676228,619804,179120,5441664,4947.450,1458.132,0,20.002,0,4.000,6430,7913,2.170,1.600,0.870,2,0,222.020,0,0,14,64,0,23,0
13-02 21:06:51,7.751,18.501,71.755,0,0.250,1692108,603860,179120,5441708,10416.750,1620.117,0,136.010,0,12.001,5613,4664,2.170,1.600,0.870,2,0,399.029,0,0,14,66,0,23,0
13-02 21:06:52,11.959,19.682,67.018,0.498,0,1672628,623308,179120,5442180,9228.029,1739.972,0,474.357,0,35.876,6172,6383,2.160,1.610,0.880,2,0,370.716,0,0,14,66,0,21,0
13-02 21:06:53,24.583,20.569,53.932,0,0,1713176,582740,179128,5441756,5368.073,1625.473,0,919.094,0,76.257,6314,6612,2.160,1.610,0.880,3,0,367.236,0,0,14,66,0,21,0
13-02 21:06:54,28.219,25.222,45.200,0,0.499,1798972,496708,179168,5441944,9241.743,1618.204,0,319.645,0,6.992,6158,4395,2.160,1.610,0.880,4,0,414.540,0,0,14,66,0,21,0
13-02 21:06:55,28.762,26.261,44.019,0,0,1927052,367152,179212,5443264,7078.050,1620.698,0,856.369,0,7.003,7661,8624,2.160,1.610,0.880,6,0,569.245,0,0,14,70,0,23,0
13-02 21:06:56,34.931,21.957,41.668,0,0,1978768,315404,179212,5443544,9502.210,1616.803,0,27.945,0,6.986,7320,9040,2.160,1.610,0.880,15,0,398.213,0,0,14,70,0,23,0
13-02 21:06:57,47.785,22.517,29.272,0,0,2078428,215452,179228,5443956,7540.569,1711.264,0,556.411,0,5.004,5679,4834,2.140,1.610,0.880,4,0,380.281,0,0,14,70,0,18,0
13-02 21:06:58,58.492,21.904,18.668,0,0,2139448,174468,174200,5429496,6086.194,1451.606,19.912,39.825,2.987,7.965,6368,9086,2.140,1.610,0.880,5,0,341.496,0,0,14,70,0,18,0
13-02 21:06:59,67.364,28.152,4.776,0,0.251,2272764,159200,164508,5323148,10362.931,1628.791,16.087,2228.025,3.016,92.499,5527,5355,2.140,1.610,0.880,5,0,497.686,0,0,14,70,0,18,0
13-02 21:07:00,73.506,22.502,2.500,0.500,0.250,2424252,174224,164704,5160316,9254.728,1620.127,516.041,4056.319,68.005,329.026,8138,11205,2.140,1.610,0.880,4,0,235.018,0,0,14,74,0,18,0
13-02 21:07:01,65.440,25.726,4.246,3.247,0,2495344,166960,164712,5098416,9349.403,1688.447,3.996,32194.396,0.999,2325.861,17240,27132,2.140,1.610,0.880,8,0,453.583,0,0,14,76,0,15,0
13-02 21:07:02,65.439,22.979,8.992,0.999,0.250,2622168,158616,164228,4983032,7941.624,1618.497,603.440,13299.648,19.981,992.079,11731,17290,2.610,1.720,0.920,6,0,278.741,0,0,14,80,0,18,0
13-02 21:07:03,64.172,25.569,10.027,0.752,0,2729532,197092,164220,4840400,14965.164,1624.360,164.441,1323.552,19.051,74.199,9312,15949,2.610,1.720,0.920,5,0,499.340,0,0,14,93,0,24,0
13-02 21:07:04,45.683,26.711,26.461,0,0.250,2839844,154808,164100,4774084,9288.383,1617.628,0,962.589,0,59.912,8996,14415,2.610,1.720,0.920,2,0,537.212,0,0,14,93,0,24,0
13-02 21:07:05,51.583,15.699,31.897,0,0,2956324,170888,164104,4644084,4712.721,1614.765,2160.994,3727.914,25.916,54.822,5261,5750,2.610,1.720,0.920,4,0,196.363,0,0,14,96,0,22,0
13-02 21:07:06,53.217,10.543,34.641,0.502,0.251,3085624,174276,164124,4514400,10462.693,1506.146,72.295,5124.912,6.025,277.131,6285,9500,2.610,1.720,0.920,2,0,24.098,0,0,14,101,0,25,0
13-02 21:07:07,7.753,20.009,70.532,0.500,0,3084284,175576,164124,4514440,10604.758,1620.727,0,11064.965,0,460.206,7282,5482,2.480,1.710,0.920,2,0,466.209,0,0,14,101,0,25,0
13-02 21:07:08,7.729,19.946,70.311,0.249,0.249,3092652,167168,164124,4514480,10001.086,1705.411,3.989,87.764,0.997,7.979,5980,4497,2.480,1.710,0.920,3,0,368.010,0,0,14,101,0,25,0
13-02 21:07:09,15.724,11.481,71.879,0,0,3133276,193612,164124,4448960,12780.538,1617.284,23.960,107.819,1.997,9.983,3463,2511,2.480,1.710,0.920,2,0,140.764,0,0,14,101,0,23,0
13-02 21:07:10,24.489,2.749,72.968,0.250,0,3153640,173316,164124,4449012,9140.051,1619.300,7.997,495.786,1.999,15.993,2819,2759,2.480,1.710,0.920,2,0,0,0,0,14,103,0,24,0
13-02 21:07:11,19.749,7.250,71.748,0.750,0,3137296,189648,164124,4449024,14025.571,1619.950,0,5131.843,0,244.993,3368,2922,2.480,1.710,0.920,2,0,63.998,0,0,14,103,0,24,0
13-02 21:07:12,23.601,3.013,71.809,0.251,0,3152332,174600,164132,4449032,7762.373,1626.995,0,2233.603,0,36.155,2859,2624,2.370,1.700,0.920,2,0,1.004,0,0,14,108,0,24,0
13-02 21:07:13,22.975,5.494,68.426,1.249,0,3156384,168844,164140,4450696,7174.272,1618.257,1346.550,1686.184,40.956,215.768,5363,7618,2.370,1.700,0.920,2,0,1.998,0,0,14,109,0,23,0
13-02 21:07:14,22.027,8.761,67.835,0.751,0.250,3136968,188004,164140,4450952,10257.792,1622.023,48.060,1009.259,3.004,97.121,4511,4533,2.370,1.700,0.920,1,0,112.140,0,0,14,110,0,24,0
13-02 21:07:15,22.889,2.737,72.647,0.249,0.249,3189592,135364,164140,4450968,8050.886,1450.951,0,533.409,0,29.855,2239,1816,2.370,1.700,0.920,2,0,0.995,0,0,14,112,0,25,0
13-02 21:07:16,34.313,7.013,58.357,0.501,0,3251552,138524,164140,4387324,6597.137,1622.986,60.111,1198.204,6.011,125.230,5033,5773,2.370,1.700,0.920,4,0,5.009,0,0,14,119,0,25,0
13-02 21:07:17,37.461,13.236,47.950,0.499,0,3320824,133056,164144,4324728,10536.958,1618.304,19.979,1766.149,4.995,133.860,5035,4470,2.340,1.700,0.930,4,0,99.895,0,0,14,118,0,18,0
13-02 21:07:18,40.306,7.010,51.822,0,0.250,3399148,182264,164144,4200704,8683.094,1712.385,8.011,600.837,2.003,45.063,3422,2444,2.340,1.700,0.930,2,0,1.001,0,0,14,118,0,18,0
13-02 21:07:19,19.956,6.236,72.340,0.249,0.499,3392728,188932,164148,4200604,10196.379,1616.414,0,953.884,0,28.936,2529,1813,2.340,1.700,0.930,2,0,54.878,0,0,14,118,0,18,0
13-02 21:07:20,20.053,6.267,72.692,0,0,3373796,207876,164148,4200624,7497.769,1624.283,0,324.857,0,16.042,2659,2025,2.340,1.700,0.930,1,0,51.135,0,0,14,118,0,18,0
13-02 21:07:21,22.973,3.496,73.165,0,0,3412188,169472,164148,4200636,5562.529,1618.118,0,303.647,0,15.981,2181,1757,2.340,1.700,0.930,2,0,0.999,0,0,14,119,0,18,0
13-02 21:07:22,19.523,7.759,70.332,0.751,0,3391124,190364,164148,4200808,12679.771,1621.889,0,1025.194,0,124.145,4348,4532,2.390,1.720,0.940,3,0,83.097,0,0,14,120,0,18,0
13-02 21:07:23,23.741,3.749,71.472,0,0,3397288,184128,164148,4200880,8749.543,1457.424,59.976,359.858,3.998,19.992,2312,1710,2.390,1.720,0.940,2,0,6.997,0,0,14,122,0,18,0
13-02 21:07:24,19.219,7.238,72.383,0.250,0.250,3421340,160060,164148,4200896,4957.976,1617.382,3.994,1485.596,0.998,95.845,2715,2195,2.390,1.720,0.940,2,0,54.911,0,0,14,122,0,18,0
13-02 21:07:25,24.116,4.522,68.832,1.507,0.502,3427300,153980,164148,4201016,11545.750,1670.064,44.213,1780.598,3.015,277.339,5856,8537,2.390,1.720,0.940,1,0,2.010,0,0,14,126,0,18,0
13-02 21:07:26,29.609,7.464,60.711,0.498,0.249,3416276,164648,164148,4201372,12958.359,1612.330,47.773,2082.096,2.986,169.195,8731,14715,2.390,1.720,0.940,2,0,83.602,0,0,14,135,0,22,0
13-02 21:07:27,23.573,3.009,71.220,1.254,0,3441976,138900,164148,4201420,9116.132,1625.015,32.099,8060.876,2.006,621.919,3470,3207,2.280,1.710,0.940,3,0,0,0,0,14,136,0,22,0
13-02 21:07:28,24.976,4.995,67.684,0.749,0,3441000,139784,164148,4201496,6668.514,1618.426,15.984,1854.197,0.999,146.857,5754,8229,2.280,1.710,0.940,4,0,0,0,0,14,136,0,22,0
13-02 21:07:29,30.224,8.743,58.201,0.749,0,3382056,198668,164148,4201572,4886.863,1618.630,0,3365.151,0,386.673,8331,11813,2.280,1.710,0.940,3,0,68.942,0,0,14,135,0,22,0
13-02 21:07:30,23.332,3.011,73.507,0,0,3408488,172220,164148,4201588,10140.442,1667.829,0,449.571,0,25.088,2206,1703,2.280,1.710,0.940,2,0,0,0,0,14,136,0,22,0
13-02 21:07:31,17.195,10.965,70.026,0.498,0,3384428,196244,164148,4201624,7065.387,1453.349,0,1088.516,0,116.627,4494,4835,2.280,1.710,0.940,2,0,147.528,0,0,14,135,0,22,0
13-02 21:07:32,24.294,3.005,71.380,0.250,0,3408732,171800,164148,4201764,9801.886,1622.962,0,625.141,0,42.077,2679,2458,2.180,1.700,0.940,3,0,1.002,0,0,14,136,0,23,0
13-02 21:07:33,23.756,6.001,69.017,0.750,0.250,3411972,168524,164152,4201796,7970.977,1620.402,0,1348.334,0,145.036,5982,8238,2.180,1.700,0.940,3,0,1.000,0,0,14,136,0,23,0
13-02 21:07:34,35.781,14.512,47.040,1.001,0,3397148,182540,164172,4202536,12153.439,1949.675,612.526,1905.637,110.095,160.138,12069,17946,2.180,1.700,0.940,5,0,286.246,0,0,14,137,0,23,0
13-02 21:07:35,49.860,7.728,40.636,0.997,0,3430876,148556,164172,4202792,9661.883,1790.973,0,2205.809,0,220.381,9281,12843,2.180,1.700,0.940,3,0,2.992,0,0,14,137,0,23,0
13-02 21:07:36,23.535,12.268,61.842,0.751,0.250,3425748,153632,164172,4202844,5217.796,1622.424,0,6738.067,0,430.643,7526,8300,2.180,1.700,0.940,3,0,221.331,0,0,14,137,0,23,0
13-02 21:07:37,8.481,21.453,68.100,0,0,3396040,183288,164172,4202880,5180.625,1865.903,0,1552.591,0,23.947,5744,4238,2.160,1.700,0.950,1,0,321.295,0,0,14,137,0,23,0
13-02 21:07:38,18.570,15.559,64.995,0,0,3382140,197176,164176,4202888,11116.986,1626.142,0,256.971,0,16.061,6620,7996,2.160,1.700,0.950,1,0,234.887,0,0,14,137,0,23,0
13-02 21:07:39,29.714,23.721,45.195,0,0.499,3453664,125600,164176,4202944,9924.020,1498.191,0,27.966,0,6.992,6793,5562,2.160,1.700,0.950,2,0,511.383,0,0,14,137,0,23,0
13-02 21:07:40,29.035,21.025,49.559,0.501,0,3480564,160428,164188,4143228,11930.274,1706.041,72.086,308.369,8.010,20.024,7453,9770,2.160,1.700,0.950,1,0,371.444,0,0,14,143,0,23,0
13-02 21:07:41,46.950,21.977,30.218,0,0,3610760,146040,164196,4029984,9533.899,1688.211,83.911,455.517,6.993,31.966,6429,11862,2.160,1.700,0.950,7,0,424.550,0,0,16,149,0,23,0
13-02 21:07:42,54.478,25.622,18.906,0,0.249,3726440,165180,163980,3896696,10849.923,1611.966,0,354.234,0,26.866,6920,7847,2.230,1.730,0.960,5,0,475.629,0,0,16,149,0,23,2
13-02 21:07:43,49.791,23.638,25.398,0,0,3825224,164188,163980,3799996,9182.651,1724.073,32.188,4969.032,4.024,298.745,9956,22712,2.230,1.730,0.960,5,0,416.433,0,0,16,165,0,24,2
13-02 21:07:44,36.199,22.468,40.193,0.250,0,3864464,177256,163980,3748592,5201.679,1617.723,3.994,707.005,0.999,28.959,7333,5663,2.230,1.730,0.960,4,0,562.209,0,0,16,167,0,24,2
13-02 21:07:45,18.527,18.778,61.590,0,0,3887020,154584,163984,3749032,7366.799,1712.510,0,284.417,0,14.021,7482,9078,2.230,1.730,0.960,9,0,355.521,0,0,17,167,0,24,2
13-02 21:07:46,26.749,19.499,52.247,0,0.250,3924096,171300,163984,3695948,13518.320,1619.919,11.999,499.975,3.000,45.998,6155,5264,2.230,1.730,0.960,2,0,402.980,0,0,17,171,0,23,2
13-02 21:07:47,38.736,19.743,40.985,0.250,0.250,3990520,154764,163992,3647944,7854.068,1457.456,3.999,527.803,1.000,44.983,7914,9389,2.290,1.750,0.970,2,0,341.872,0,0,17,175,0,23,2
13-02 21:07:48,35.002,23.751,38.752,0.750,0,4085704,163064,164004,3546280,9258.410,1620.072,176.008,9236.409,10.000,845.037,9652,10905,2.290,1.750,0.970,2,0,497.022,0,0,17,183,0,23,2
13-02 21:07:49,30.452,25.460,43.182,0,0.250,4171748,128116,164004,3496432,7544.149,1687.349,15.975,702.896,0.998,19.969,7463,6800,2.290,1.750,0.970,5,0,663.957,0,0,17,187,0,23,0
13-02 21:07:50,15.278,23.042,61.112,0,0,4196592,173404,164004,3427612,8704.945,1622.973,16.029,773.417,4.007,54.099,8096,9778,2.290,1.750,0.970,2,0,429.787,0,0,17,197,0,23,0
13-02 21:07:51,22.240,15.743,59.973,0.500,0,4221152,148808,164004,3427656,7653.499,1619.259,23.989,555.746,2.999,22.989,6474,8514,2.290,1.750,0.970,2,0,244.888,0,0,17,197,0,23,0
13-02 21:07:52,42.557,10.701,45.294,0,0,4360384,131376,164004,3308312,8017.593,1612.677,453.939,3097.933,7.964,41.810,3717,2580,2.270,1.750,0.980,3,0,36.833,0,0,17,199,0,23,0
13-02 21:07:53,45.482,9.046,44.477,0.251,0,4471628,161368,164004,3169616,6751.388,1628.294,265.352,349.782,15.077,43.220,3915,3038,2.270,1.750,0.980,2,0,14.072,0,0,17,218,0,23,0
13-02 21:07:54,28.227,17.486,53.706,0.250,0.250,4401428,230520,164008,3170656,9916.904,1618.679,939.233,439.641,10.991,25.979,6056,5685,2.270,1.750,0.980,2,0,423.654,0,0,17,219,0,23,0
13-02 21:07:55,38.419,23.950,36.174,0,0,4446872,182604,164012,3173456,6795.755,1706.423,1245.389,534.879,19.958,40.914,8958,12207,2.270,1.750,0.980,10,0,565.814,0,0,17,223,0,25,0
13-02 21:07:56,54.042,23.018,22.518,0.250,0.250,4494284,132744,164024,3175892,9505.413,1459.138,976.762,804.627,18.014,13.010,6092,7451,2.270,1.750,0.980,6,0,260.203,0,0,17,223,0,25,0
13-02 21:07:57,71.163,15.676,12.690,0.498,0.498,4652496,134348,164028,3019608,6972.018,1612.372,1445.163,708.648,27.868,49.765,5543,5202,2.410,1.790,0.990,6,0,48.769,0,0,17,232,0,27,0
13-02 21:07:58,68.621,14.025,9.767,5.760,0,4673668,138672,164120,2994524,8800.517,1622.861,6852.081,2227.928,495.874,167.295,7111,7571,2.410,1.790,0.990,8,0,29.051,0,0,17,242,0,27,1
13-02 21:07:59,40.660,24.848,33.381,0.251,0,4667476,183360,164128,2957940,11898.738,1626.388,120.473,963.786,8.032,53.209,8119,9906,2.410,1.790,0.990,3,0,494.944,0,0,17,243,0,30,0
13-02 21:08:00,41.624,18.195,38.135,0.498,0,4697788,152228,164128,2958772,6956.994,1615.123,3.988,1782.618,0.997,185.440,6898,8241,2.410,1.790,0.990,3,0,290.124,0,0,17,245,0,30,0
13-02 21:08:01,56.946,30.104,13.296,0,0,4750416,180260,164128,2880376,11088.219,1625.603,4.014,8457.151,1.003,58.201,6775,7358,2.410,1.790,0.990,4,0,455.570,0,0,17,245,0,30,0
13-02 21:08:02,61.178,24.123,12.932,0.249,0,4756792,170248,164144,2884448,6818.090,1611.512,1082.300,863.452,48.743,63.665,8198,12807,2.450,1.810,1,5,0,376.020,0,0,17,247,0,32,0
13-02 21:08:03,53.757,26.125,19.594,0.251,0.251,4855144,147308,164152,2810840,10450.907,1627.773,72.345,655.128,8.038,50.240,7297,9084,2.450,1.810,1,3,0,362.732,0,0,17,253,0,32,0
13-02 21:08:04,56.272,25.260,16.256,0.500,0.500,4879568,154832,164160,2779536,13995.457,1458.569,604.236,988.385,36.014,71.028,8962,14273,2.450,1.810,1,6,0,389.152,0,0,17,261,0,35,0
13-02 21:08:05,55.764,19.505,24.256,0,0,4881580,218508,164164,2714836,11934.919,1780.435,12.003,444.109,2.000,32.008,6578,7004,2.450,1.810,1,4,0,269.066,0,0,17,261,0,36,0
13-02 21:08:06,71.398,17.225,11.234,0.250,0,5067536,150204,163848,2600292,9705.080,1659.620,327.530,631.095,3.994,19.971,4967,4073,2.450,1.810,1,4,0,27.960,0,0,17,263,0,27,0
13-02 21:08:07,65.420,14.732,17.978,0.499,0.250,5087360,160424,163860,2571180,10095.690,1618.027,2281.219,1030.743,106.870,93.886,8567,20070,2.500,1.830,1.010,3,0,16.979,0,0,17,271,0,31,0
13-02 21:08:08,50.865,26.059,21.799,0.501,0,5108748,138440,164016,2571620,6682.114,1623.673,1318.983,6067.724,25.057,532.204,8178,6999,2.500,1.830,1.010,4,0,431.977,0,0,17,272,0,31,0
13-02 21:08:09,49.718,27.593,20.384,0.746,2.237,5088180,155444,164128,2575332,8663.806,1610.853,4092.761,1237.971,57.673,80.543,7625,8637,2.500,1.830,1.010,4,0,442.488,0,0,17,271,0,31,0
13-02 21:08:10,69.194,18.803,11.031,0.251,0,5088792,189932,164132,2541084,4243.914,1624.561,962.703,1054.962,23.065,43.121,7173,10249,2.500,1.830,1.010,5,0,223.628,0,0,18,271,0,31,0
13-02 21:08:11,80.254,16.002,1.477,1.723,0.246,5246300,124260,164132,2451640,9314.411,1595.237,3084.125,504.174,176.264,28.557,6000,4360,2.500,1.830,1.010,5,0,42.343,0,0,18,276,0,31,0
13-02 21:08:12,81.198,15.527,3.309,0.764,0,5268812,164100,164164,2391100,9280.539,1649.421,1449.862,1930.434,51.926,101.816,6774,8065,2.620,1.870,1.030,3,0,55.999,0,0,18,277,0,35,0
13-02 21:08:13,51.536,16.261,23.516,6.755,0,5362016,126420,164184,2336904,14137.770,2774.918,1629.126,22951.861,55.038,1211.837,8499,8871,2.620,1.870,1.030,3,0,183.127,0,0,18,286,0,37,0
13-02 21:08:14,30.365,8.462,58.987,0.498,0,5352436,166968,164184,2306896,23404.719,4743.863,577.427,820.345,8.960,71.681,4640,4665,2.620,1.870,1.030,4,0,45.796,0,0,18,290,0,38,1
13-02 21:08:15,29.148,16.835,51.762,0.251,0.251,5323624,177488,164184,2325140,16636865.695,84693.149,3107.747,462.343,35.178,31.158,9974,6339,2.620,1.870,1.030,2,0,240.217,0,0,18,291,0,38,0
13-02 21:08:16,33.751,9.500,56.502,0.250,0.250,5381704,149692,164184,2296304,5982.246,1620.067,528.022,9044.372,5.000,51.002,3379,2742,2.620,1.870,1.030,5,0,31.001,0,0,18,291,0,38,0
13-02 21:08:17,26.726,4.496,66.941,0.749,0.250,5393140,137520,164184,2297044,12239.228,1618.575,479.578,2010.231,24.978,166.853,6121,8144,2.490,1.850,1.030,1,1,4.996,0,0,18,306,0,42,0
13-02 21:08:18,21.014,9.006,68.545,1.001,0,5274596,239704,164192,2313364,56033.623,1663.087,100.065,812.531,6.004,81.053,6439,8124,2.490,1.850,1.030,1,0,116.076,0,0,18,303,0,44,0
13-02 21:08:19,14.455,14.954,68.538,0,0,5313500,200664,164196,2313480,10455.660,1615.005,75.766,482.508,3.988,30.904,5473,5261,2.490,1.850,1.030,2,0,349.918,0,0,18,303,0,43,0
13-02 21:08:20,18.788,8.016,71.645,0,0,5333636,180516,164196,2313492,9102.404,1623.282,0,745.507,0,16.032,3401,2672,2.490,1.850,1.030,2,0,105.213,0,0,18,303,0,43,0
13-02 21:08:21,8.733,18.963,70.362,0.250,0,5333788,180328,164200,2313524,10562.276,1455.145,0,18815.083,0,59.883,6002,4670,2.490,1.850,1.030,3,0,341.330,0,0,18,303,0,43,0
13-02 21:08:22,4.482,9.711,83.414,0.249,0.249,5340464,173452,164332,2313592,9378.216,1613.499,167.326,972.084,5.976,60.755,3914,3862,2.370,1.840,1.030,1,0,222.105,0,0,18,303,0,43,0
13-02 21:08:23,13.562,4.521,81.371,0.251,0,5378292,135620,164332,2313596,8648.454,1627.424,0,204.935,0,23.105,2209,2227,2.370,1.840,1.030,2,0,15.069,0,0,18,303,0,43,0
13-02 21:08:24,23.520,4.504,70.310,0.250,0,5267908,276280,164332,2284428,5315.522,1621.379,64.054,172.146,4.003,25.021,3220,2996,2.370,1.840,1.030,4,0,36.031,0,0,18,307,0,43,0
13-02 21:08:25,12.996,16.245,70.228,0,0,5268780,275064,164336,2284736,11685.397,1661.488,15.995,443.863,3.999,31.990,5709,4695,2.370,1.840,1.030,2,0,219.932,0,0,18,307,0,43,0
13-02 21:08:26,12.472,16.463,68.847,0,0.249,5267020,276648,164336,2284912,11539.327,1616.404,0,139.689,0,14.967,5885,4674,2.370,1.840,1.030,2,0,229.489,0,0,18,311,0,43,0
13-02 21:08:27,19.490,8.496,70.713,0,0,5328104,215500,164336,2284944,17973.587,1619.152,3.998,79.958,0.999,9.995,3710,3112,2.260,1.820,1.030,2,0,117.938,0,0,18,311,0,39,0
13-02 21:08:28,24.048,4.259,70.141,0.251,0.501,5388804,154616,164336,2285128,7204.507,1623.269,276.557,224.452,4.008,34.069,2884,2800,2.260,1.820,1.030,2,0,4.008,0,0,18,315,0,39,0
13-02 21:08:29,24.248,3.250,71.744,0.250,0,5349800,193392,164340,2285352,10714.113,1457.879,111.991,759.937,7.999,58.995,2926,2823,2.260,1.820,1.030,3,0,6.999,0,0,18,315,0,39,0
13-02 21:08:30,23.254,3.251,72.013,0.500,0,5365576,177576,164340,2285392,12327.308,1620.303,24.004,1256.235,4.001,178.033,2451,2089,2.260,1.820,1.030,2,0,0,0,0,18,315,0,39,0
13-02 21:08:31,23.543,4.258,71.381,0,0,5394420,148596,164340,2285528,5448.984,1665.051,0,68.125,0,6.011,2980,2957,2.260,1.820,1.030,1,0,5.009,0,0,18,315,0,40,0
13-02 21:08:32,21.909,4.979,70.459,0,0.249,5344756,198236,164344,2285548,9241.823,1613.336,0,119.506,0,11.951,2586,2368,2.160,1.810,1.030,2,0,15.934,0,0,18,315,0,40,0
13-02 21:08:33,21.106,7.286,71.106,0.251,0,5347408,195448,164344,2285684,16143.824,1628.151,385.932,221.107,3.015,22.111,3398,2963,2.160,1.810,1.030,1,0,111.559,0,0,18,315,0,40,0
13-02 21:08:34,11.206,17.680,69.226,0,0.249,5351676,191004,164348,2285856,6115.782,1613.610,43.826,780.908,4.980,25.897,5972,4981,2.160,1.810,1.030,2,0,386.470,0,0,18,315,0,40,0
13-02 21:08:35,21.267,6.755,70.805,0.250,0.250,5368840,173680,164364,2286000,9033.055,1621.266,132.103,360.281,10.008,33.026,3432,3233,2.160,1.810,1.030,2,0,102.080,0,0,18,317,0,39,0
13-02 21:08:36,19.246,3.249,75.733,0.500,0,5348752,188072,164564,2291400,14650.673,4038.083,7.998,887.798,2.000,22.995,2369,2072,2.160,1.810,1.030,2,0,16.996,0,0,18,317,0,39,0
13-02 21:08:37,19.557,3.510,76.475,0,0.251,5373460,162872,164572,2291868,17257.672,4409.948,0,541.590,0,16.047,2411,2090,2.070,1.800,1.030,3,0,18.053,0,0,18,318,0,39,0
13-02 21:08:38,23.497,4.999,69.241,0.250,0,5383208,147472,164740,2297224,8216.918,1793.764,31.996,927.878,2.000,20.997,10671,19350,2.070,1.800,1.030,2,0,13.998,0,0,18,317,0,39,0
13-02 21:08:39,18.751,5.000,73.502,0.250,0,5373308,156936,164748,2297656,13421.418,4625.144,52.002,1336.042,8.000,119.004,7713,14060,2.070,1.800,1.030,2,0,5.000,0,0,18,318,0,39,0
13-02 21:08:40,21.921,5.729,71.493,0,0,5378584,151392,164768,2297904,11559.520,1614.208,7.971,167.399,1.993,1.993,3794,4863,2.070,1.800,1.030,2,0,15.943,0,0,18,318,0,39,0
13-02 21:08:41,13.296,14.801,70.242,0.251,0,5312624,227452,164812,2287856,10482.162,1842.356,0,1147.960,0,33.114,5008,4198,2.070,1.800,1.030,1,0,269.931,0,0,18,317,0,39,0
13-02 21:08:42,23.427,2.741,72.025,0.249,0,5363448,176456,164812,2288028,6591.411,1614.956,0,67.788,0,6.978,2116,1687,1.980,1.780,1.030,2,0,0,0,0,18,317,0,39,0
13-02 21:08:43,24.007,10.503,64.518,0.250,0.250,5329228,210508,164812,2288196,9807.784,1714.487,208.059,92.026,11.003,6.002,4600,13575,1.980,1.780,1.030,3,0,152.043,0,0,18,317,0,42,0
13-02 21:08:44,22.975,3.496,71.422,0.499,0.250,5387524,152128,164812,2288280,9648.530,1618.244,0,3548.150,0,473.486,2787,2072,1.980,1.780,1.030,2,0,0,0,0,18,317,0,42,0
13-02 21:08:45,20.509,8.254,70.032,0,0.250,5322680,216964,164812,2288288,15189.844,1458.657,0,324.146,0,35.016,3386,3118,1.980,1.780,1.030,2,0,70.032,0,0,18,319,0,42,0
13-02 21:08:46,23.272,4.004,71.817,0,0,5322608,217020,164812,2288304,9269.646,1621.512,0,16095.012,0,47.044,2785,2332,1.980,1.780,1.030,2,0,19.018,0,0,18,319,0,42,0
13-02 21:08:47,21.552,5.764,71.422,0.251,0,5391452,148172,164812,2288308,6032.560,1623.919,0,108.261,0,12.029,2822,2565,1.900,1.770,1.030,2,0,38.092,0,0,18,319,0,41,0
13-02 21:08:48,21.664,5.478,71.219,0.249,0,5357956,181620,164812,2288356,10085.159,1613.625,15.937,350.615,0.996,30.878,3285,3096,1.900,1.770,1.030,3,0,32.870,0,0,18,319,0,43,0
13-02 21:08:49,24.351,3.515,71.798,0,0.251,5373892,165676,164812,2288364,7169.761,1626.752,0,220.917,0,19.079,2587,2331,1.900,1.770,1.030,2,0,0,0,0,18,319,0,43,0
13-02 21:08:50,20.908,6.969,70.937,0.249,0,5418040,121512,164812,2288380,8601.018,1612.878,0,278.769,0,25.886,3057,2808,1.900,1.770,1.030,3,0,46.793,0,0,18,319,0,44,0
13-02 21:08:51,22.353,5.274,71.329,0,0,5320916,248968,164812,2259464,7171.041,1627.499,4.019,811.740,1.005,22.102,3022,2704,1.900,1.770,1.030,2,0,33.153,0,0,18,319,0,46,0
13-02 21:08:52,22.910,3.735,70.721,0.498,0.249,5374296,195452,164812,2259600,10095.238,1613.644,0,3171.508,0,152.400,2863,2780,1.830,1.760,1.030,2,0,0,0,0,18,319,0,46,0
13-02 21:08:53,14.730,8.988,72.899,1.498,0,5365080,203720,165200,2260160,7561.575,2577.447,926.722,535.262,231.681,49.931,4617,4942,1.830,1.760,1.030,4,0,179.752,0,0,18,321,0,47,0
13-02 21:08:54,5.001,2.500,90.259,0,0.250,5346768,221816,165220,2260356,11734.220,3844.400,56.006,228.024,14.001,11.001,3286,5108,1.830,1.760,1.030,1,0,1.000,0,0,18,321,0,47,0
13-02 21:08:55,8.518,7.265,82.419,0.251,0.251,5319588,248880,165220,2260468,20959.102,5157.607,0,573.179,0,39.080,3787,3812,1.830,1.760,1.030,1,0,127.262,0,0,18,321,0,47,0
13-02 21:08:56,12.289,11.537,74.737,0.502,0,5314372,253724,165224,2260836,14754.715,2100.651,345.093,333.054,37.118,25.079,4601,4230,1.830,1.760,1.030,1,0,211.670,0,0,18,319,0,48,0
13-02 21:08:57,21.896,3.732,71.412,0.995,0,5320272,237040,165228,2271568,8827.197,1612.364,816.135,1266.005,99.529,21.896,2653,2505,1.760,1.740,1.030,2,0,2.986,0,0,18,319,0,48,0
13-02 21:08:58,16.222,2.995,79.615,0.250,0,5303672,248644,165228,2276436,19716.451,6270.330,918.437,902.464,12.978,37.935,2477,2492,1.760,1.740,1.030,2,0,17.969,0,0,18,319,0,48,0
13-02 21:08:59,13.796,13.294,69.731,1.505,0,5296312,252984,165228,2279424,13977.357,1625.391,1175.900,5486.195,19.063,450.494,6211,5590,1.760,1.740,1.030,2,0,303.005,0,0,18,319,0,40,0
13-02 21:09:00,22.249,5.250,72.247,0,0,5357108,192180,165228,2279432,8531.665,1457.943,0,8.000,0,2.000,2358,2117,1.760,1.740,1.030,2,0,0,0,0,18,319,0,40,0
13-02 21:09:01,21.211,5.989,71.367,0.250,0,5383148,166120,165228,2279452,14635.777,1616.992,0,1549.119,0,137.744,3018,2453,1.760,1.740,1.030,2,0,47.911,0,0,18,319,0,41,0
13-02 21:09:02,24.490,2.749,71.220,0,0.250,5407636,141324,165228,2279772,7616.829,1619.326,303.873,87.963,18.992,11.995,2819,2769,1.780,1.750,1.030,2,0,1.000,0,0,18,319,0,42,0
13-02 21:09:03,22.558,6.266,70.682,0.251,0,5396180,152776,165228,2279776,6125.742,1624.174,0,517.329,0,51.131,3044,2953,1.780,1.750,1.030,2,0,15.039,0,0,18,319,0,42,0
13-02 21:09:04,26.704,4.742,66.135,0.998,0.499,5381304,166028,165228,2281400,10112.410,1617.187,1533.333,1074.132,49.913,142.752,6338,8756,1.780,1.750,1.030,3,0,7.986,0,0,18,323,0,39,0
13-02 21:09:05,23.432,3.739,71.043,0.249,0.249,5381804,165524,165228,2281404,6670.571,1615.295,0,785.712,0,53.843,2796,2707,1.780,1.750,1.030,4,0,0,0,0,18,323,0,39,0
13-02 21:09:06,22.372,6.284,68.876,1.005,0,5308400,238516,165228,2281816,8530.582,1671.125,225.230,1323.226,10.055,140.769,5542,7458,1.780,1.750,1.030,3,0,42.231,0,0,18,323,0,40,0
13-02 21:09:07,9.272,22.303,66.909,0,0,5313220,233668,165228,2281844,6912.378,1623.848,0,781.853,0,55.131,6810,5981,1.720,1.730,1.030,1,0,539.278,0,0,18,323,0,40,0
13-02 21:09:08,8.749,22.247,66.991,0,0,5316728,230128,165228,2281876,8981.815,1619.786,0,515.932,0,39.995,7473,6743,1.720,1.730,1.030,2,0,669.912,0,0,18,323,0,30,0
13-02 21:09:09,9.491,21.980,66.939,0.749,0,5320044,226780,165228,2281908,8921.848,1456.669,0,2889.360,0,179.836,7610,6905,1.720,1.730,1.030,4,0,600.451,0,0,18,323,0,30,0
13-02 21:09:10,8.256,23.518,67.051,0,0,5314084,232704,165228,2281944,7233.554,1621.245,0,280.215,0,27.021,7275,6492,1.720,1.730,1.030,1,0,656.504,0,0,18,323,0,30,0
13-02 21:09:11,8.499,21.748,67.745,0,0.250,5307344,239408,165228,2281980,8965.273,1619.869,0,1603.870,0,17.999,7236,6449,1.720,1.730,1.030,4,0,645.948,0,0,18,323,0,30,0
13-02 21:09:12,8.996,21.989,67.218,0,0,5312396,234308,165228,2282028,8104.110,1619.223,15.992,39.981,1.000,9.995,7000,6103,1.580,1.710,1.030,1,0,578.722,0,0,18,323,0,29,0
13-02 21:09:13,16.011,11.508,71.550,0,0,5324236,325544,165316,2190284,7569.274,1621.130,100.070,1465.021,24.017,7.005,3516,3332,1.580,1.710,1.030,2,0,107.075,0,0,18,323,0,29,0
13-02 21:09:14,23.658,3.486,70.973,0,0.498,5354232,291420,165396,2194336,11183.333,1613.699,11.953,2131.677,2.988,11.953,2740,2297,1.580,1.710,1.030,2,0,17.930,0,0,18,325,0,29,0
13-02 21:09:15,14.755,2.001,81.279,1.501,0,5368244,276364,165476,2195300,22885.104,9651.418,596.211,3109.101,33.012,339.120,2806,2498,1.580,1.710,1.030,1,0,0,0,0,18,326,0,29,0
13-02 21:09:16,15.550,1.505,80.757,1.505,0,5370252,273168,165596,2196364,44451.557,13048.553,601.917,1990.338,58.185,89.284,2594,2686,1.580,1.710,1.030,2,0,0,0,0,18,326,0,21,0
13-02 21:09:17,17.660,2.239,77.603,0.746,0.249,5388416,253472,165696,2197792,24621.892,10979.764,1181.946,1524.193,61.684,73.623,2609,2630,1.530,1.690,1.020,2,0,0.995,0,0,18,326,0,21,0
13-02 21:09:18,16.514,2.252,78.817,0.751,0,5401068,239440,165812,2199056,22387.082,12093.308,976.833,1537.310,66.056,65.055,2399,2490,1.530,1.690,1.020,2,0,1.001,0,0,18,326,0,21,0
13-02 21:09:19,16.258,2.751,78.040,2.001,0.250,5402548,206356,165908,2230564,22612.525,10054.124,15011.651,1096.559,201.102,41.021,2655,2413,1.530,1.690,1.020,3,0,0,0,0,18,326,0,21,0
13-02 21:09:20,22.469,3.495,71.902,0.749,0,5419104,174276,166672,2245316,9015.698,1617.793,0,1833.498,0,67.907,2653,2435,1.530,1.690,1.020,2,0,0.999,0,0,18,326,0,15,0
13-02 21:09:21,23.291,3.506,71.627,0.501,0,5418372,157772,166852,2262084,5854.347,1622.868,0,2255.987,0,50.089,2619,2454,1.530,1.690,1.020,2,0,1.002,0,0,18,326,0,15,0
13-02 21:09:22,22.766,3.502,71.299,1.001,0,5387816,192748,167348,2257772,8926.121,1621.112,0,2441.674,0,108.074,2924,2749,1.570,1.700,1.030,2,0,0,0,0,18,326,0,15,0
13-02 21:09:23,22.238,4.248,71.210,0.750,0.250,5397244,155296,168092,2284604,62935.655,1619.091,0,2802.426,0,101.943,2944,2712,1.570,1.700,1.030,2,0,5.997,0,0,18,326,0,15,0
13-02 21:09:24,23.712,2.246,71.387,0.749,0,5413340,146892,168368,2276524,11769.347,1791.161,11.981,1889.006,2.995,61.902,2470,2272,1.570,1.700,1.030,3,0,0,0,0,18,325,0,15,0
13-02 21:09:25,22.501,5.250,71.753,0,0.250,5354804,205364,168368,2276468,8716.369,1904.081,0,792.034,0,35.001,2954,2594,1.570,1.700,1.030,2,0,35.001,0,0,18,326,0,15,0
13-02 21:09:26,19.459,3.243,75.841,0.499,0,5367360,186788,168684,2282156,12570.712,3487.707,15.967,1456.953,0.998,20.956,2318,2241,1.570,1.700,1.030,3,0,1.996,0,0,18,325,0,15,0
13-02 21:09:27,18.830,3.766,76.575,0.251,0.251,5357064,190648,168868,2288248,17475.234,4570.415,4.017,1791.611,1.004,44.188,2376,2122,1.530,1.690,1.030,4,0,18.077,0,0,18,326,0,15,0
13-02 21:09:28,23.478,5.745,69.185,0,0,5350140,198048,168884,2287732,6827.568,1792.311,0,395.627,0,10.990,10547,19243,1.530,1.690,1.030,2,0,13.987,0,0,18,325,0,15,0
13-02 21:09:29,21.747,6.999,69.490,0,0.250,5353496,194520,168892,2287896,8857.768,1619.775,0,167.977,0,2.000,10434,19118,1.530,1.690,1.030,2,0,18.997,0,0,18,325,0,15,0
13-02 21:09:30,22.089,4.267,72.543,0.251,0,5330412,228976,168892,2276636,4682.911,1626.569,32.130,1602.471,2.008,14.057,3084,2962,1.530,1.690,1.030,2,0,51.207,0,0,18,325,0,15,0
13-02 21:09:31,23.630,5.721,68.153,0,0,5360208,199164,168892,2276652,9321.583,1653.588,0,0,0,0,10745,19716,1.530,1.690,1.030,3,0,24.873,0,0,18,325,0,15,0
13-02 21:09:32,20.771,3.754,73.575,0.501,0,5376896,177644,168892,2281540,15168.553,4011.113,0,21405.948,0,384.394,2987,2306,1.480,1.680,1.030,2,0,18.018,0,0,18,325,0,14,0
13-02 21:09:33,19.061,2.759,76.243,0.502,0,5372116,181580,168892,2282384,15304.813,4403.043,0,782.496,0,29.093,2538,2518,1.480,1.680,1.030,2,0,19.061,0,0,18,326,0,14,0
13-02 21:09:34,23.413,6.227,67.499,0.747,0.249,5362096,186132,168892,2287740,16493.777,1787.366,0,3359.530,0,139.482,11236,19987,1.480,1.680,1.030,2,0,13.948,0,0,18,325,0,14,0
13-02 21:09:35,22.987,6.496,67.961,0.250,0,5363176,184712,168900,2288056,10522.015,1619.079,0,819.534,0,24.986,10542,19030,1.480,1.680,1.030,3,0,19.989,0,0,18,325,0,14,0
13-02 21:09:36,22.022,5.005,71.570,0.500,0.500,5339452,219812,168900,2276720,12056.873,1621.597,48.047,1853.825,2.002,180.177,2831,2524,1.480,1.680,1.030,2,0,6.006,0,0,18,325,0,14,0
13-02 21:09:37,23.071,5.517,70.717,0.251,0.251,5346376,212872,168900,2276736,9888.394,1624.995,0,1111.416,0,54.166,3444,3042,1.440,1.660,1.030,2,0,102.314,0,0,18,325,0,14,0
13-02 21:09:38,22.700,3.742,72.592,0,0,5364176,185696,168900,2286112,8642.139,1616.472,0,15.965,0,2.993,2378,2150,1.440,1.660,1.030,2,0,10.976,0,0,18,325,0,14,0
13-02 21:09:39,16.958,2.743,79.052,0.249,0,5379328,169228,168900,2287396,22336.028,7480.255,0,1404.480,0,19.950,2245,1930,1.440,1.660,1.030,2,0,15.960,0,0,18,326,0,14,0
13-02 21:09:40,13.057,1.255,85.119,0.502,0,5374780,173580,168900,2287592,24854.771,10778.737,0,996.320,0,33.144,1860,1834,1.440,1.660,1.030,2,0,0,0,0,18,326,0,14,0
13-02 21:09:41,6.488,1.248,90.082,0.250,0,5365036,182648,169032,2288116,51835.062,8964.236,319.403,890.335,5.989,30.942,1832,2178,1.440,1.660,1.030,2,0,3.993,0,0,18,327,0,14,0
13-02 21:09:42,9.741,0.999,86.422,0.749,0,5369700,177728,169032,2288372,123672.594,9546.400,0,1294.834,0,54.950,1818,1970,1.410,1.650,1.030,2,0,0,0,0,18,327,0,14,0
13-02 21:09:43,20.830,3.263,75.291,0.502,0.251,5395912,151336,169032,2289676,22615.321,10247.567,0,1116.310,0,42.163,2669,4157,1.410,1.650,1.030,3,0,34.132,0,0,18,327,0,14,0
13-02 21:09:44,19.159,2.737,75.889,0.249,0,5398684,147908,169032,2289192,286675.729,15472.422,0,1401.336,0,39.811,3172,8885,1.410,1.650,1.030,2,0,1.991,0,0,18,327,0,15,0
13-02 21:09:45,10.265,2.003,84.374,1.753,0.250,5398448,147908,169044,2289412,137299.348,22856.519,28.041,3372.946,4.006,169.248,2658,3041,1.410,1.650,1.030,2,0,0,0,0,18,327,0,12,0
13-02 21:09:46,14.986,1.998,81.172,0.500,0.250,5397572,137644,169064,2300500,1088625.996,23987.084,119.885,1134.916,6.993,47.954,2604,2553,1.410,1.650,1.030,1,0,0.999,0,0,18,327,0,12,0
13-02 21:09:47,7.518,2.255,87.211,0.752,0,5388316,126164,169076,2321176,10919986.969,69135.102,0,17923.321,0,140.339,5614,4477,1.380,1.640,1.030,4,0,4.010,0,0,18,327,0,12,0
13-02 21:09:48,18.752,4.000,74.506,1.500,0,5393304,146108,169148,2297292,5886898.110,33609.730,164.013,13921.131,4.000,124.010,4396,3261,1.380,1.640,1.030,2,0,3.000,0,0,18,327,0,12,0
13-02 21:09:49,21.709,4.741,71.865,0.998,0.250,5404952,120844,170248,2306848,5572.503,1509.157,3.992,4447.622,0.998,85.838,2801,2562,1.380,1.640,1.030,4,0,0,0,0,18,327,0,10,0
13-02 21:09:50,23.203,3.243,71.107,0.499,0.249,5396060,136904,170660,2299128,13300.289,1562.861,0,1692.601,0,42.914,2600,2402,1.380,1.640,1.030,3,0,0,0,0,18,327,0,10,0
13-02 21:09:51,23.076,4.013,71.486,1.003,0,5407068,131804,171424,2292144,11033.426,1625.366,0,2488.215,0,94.311,2881,2623,1.380,1.640,1.030,2,0,1.003,0,0,18,327,0,10,0
13-02 21:09:52,22.452,8.233,65.362,2.495,0,5385496,138128,172352,2305092,7180.794,1616.577,43.907,160967.140,10.977,950.986,4635,3156,1.350,1.630,1.030,2,0,0,0,0,18,327,0,10,0
13-02 21:09:53,23.285,4.256,70.355,0.751,0.250,5392352,157872,173820,2276676,9791.608,1622.420,0,1542.301,0,65.097,2848,2766,1.350,1.630,1.030,2,0,0,0,0,18,327,0,7,0
13-02 21:09:54,23.311,3.259,71.938,0.501,0,5409288,131576,174600,2285140,9820.704,1624.251,0,3132.198,0,73.192,2603,2396,1.350,1.630,1.030,3,0,0,0,0,18,327,0,7,0
13-02 21:09:55,26.175,5.983,66.311,0.748,0,5434756,147224,175452,2244044,23387.407,2883.789,263.250,2552.731,3.989,100.713,3207,2984,1.350,1.630,1.030,2,0,4.986,0,0,18,328,0,7,0
13-02 21:09:56,40.832,8.768,49.099,0.501,0,5351772,265336,175452,2208972,11632.412,2943.925,513.033,665.339,4.008,18.036,3776,2588,1.350,1.630,1.030,4,0,10.020,0,0,18,325,0,7,0
13-02 21:09:57,24.409,7.223,65.506,1.993,0.249,5342688,269612,175496,2213736,13053.469,3842.713,334.755,73239.703,4.981,797.037,5608,6168,1.320,1.620,1.030,2,0,34.870,0,0,18,325,0,4,1
13-02 21:09:58,24.559,4.260,69.668,0.251,0,5338056,272996,175520,2214924,16690.150,2844.844,0,537.293,0,18.043,3384,3098,1.320,1.620,1.030,1,0,19.046,0,0,18,326,0,6,0
13-02 21:09:59,20.951,5.238,71.833,0.249,0,5340912,263876,175784,2220160,12498.890,3444.977,0,1029.602,0,26.937,10548,19259,1.320,1.620,1.030,2,0,6.984,0,0,18,325,0,6,0
13-02 21:10:00,22.529,6.008,70.342,0,0.250,5341936,262404,175820,2220456,7009.131,1622.113,0,2651.454,0,18.023,5943,9517,1.320,1.620,1.030,2,0,12.016,0,0,18,325,0,6,0
13-02 21:10:01,20.778,7.009,71.095,0,0.250,5342228,261900,175864,2220620,11560.410,1622.162,0,240.320,0,4.005,6785,11514,1.320,1.620,1.030,3,0,16.021,0,0,18,325,0,5,0
13-02 21:10:02,22.207,4.990,70.864,0.749,0,5325404,290752,175872,2209324,7522.585,1616.902,0,2139.899,0,224.570,2925,2417,1.290,1.610,1.030,3,0,6.987,0,0,18,325,0,5,0
13-02 21:10:03,22.339,5.271,70.030,1.004,0.251,5346936,265356,175876,2213184,10322.264,1626.502,1257.025,2771.078,54.217,61.245,3701,4065,1.290,1.610,1.030,4,0,1.004,0,0,18,326,0,5,0
13-02 21:10:04,24.698,4.740,65.612,2.495,0,5344884,266276,175876,2214300,9177.632,1616.588,910.079,2167.426,54.884,302.362,8342,12382,1.290,1.610,1.030,3,0,0.998,0,0,18,327,0,7,0
13-02 21:10:05,11.022,19.539,67.634,1.002,0,5292356,318536,175880,2214564,5420.708,1623.207,192.380,2396.735,10.020,170.336,6946,6490,1.290,1.610,1.030,1,0,429.849,0,0,18,327,0,6,0
13-02 21:10:06,10.957,4.731,78.439,4.233,0.249,5297568,308544,175888,2219336,10912.795,2624.609,4737.245,3370.655,605.602,158.373,3526,4090,1.290,1.610,1.030,1,0,30.878,0,0,18,328,0,8,0
13-02 21:10:07,1.998,0.749,94.923,0.749,0,5295864,310248,175888,2219336,33993.283,3370.252,0,2154.244,0,97.920,1675,2390,1.190,1.580,1.020,1,0,0,0,0,18,328,0,8,0
13-02 21:10:08,2.254,1.002,94.904,0,0.250,5290044,315840,175888,2219564,75070.171,3844.256,184.300,160.261,5.008,16.026,1350,1880,1.190,1.580,1.020,1,0,2.003,0,0,18,328,0,8,0
13-02 21:10:09,7.254,2.752,88.803,0,0.500,5265608,338812,175900,2221016,274286.727,129291.648,184.111,940.565,11.007,14.008,2123,2112,1.190,1.580,1.020,1,0,13.008,0,0,18,327,0,7,0
13-02 21:10:10,1.750,0.750,96.502,0,0.250,5264824,339592,175900,2221020,7254.159,1620.035,0,8.000,0,2.000,1081,1598,1.190,1.580,1.020,1,0,0,0,0,18,327,0,7,0
13-02 21:10:11,1.249,0.500,96.656,0,0,5263084,341332,175900,2221020,9630.645,1660.387,0,0,0,0,1145,1653,1.190,1.580,1.020,1,0,0.999,0,0,18,327,0,7,0
13-02 21:10:12,1.999,0.500,95.970,0,0.500,5260408,344008,175900,2221020,8573.300,1619.490,0,11.996,0,2.999,1119,1579,1.090,1.560,1.010,2,0,0,0,0,18,327,0,7,0
13-02 21:10:13,1.500,0.750,96.218,0,0,5258600,345816,175900,2221020,5098.323,1619.467,0,0,0,0,1217,1839,1.090,1.560,1.010,1,0,0,0,0,18,327,0,7,0
13-02 21:10:14,3.245,0.998,94.094,0.749,0,5257460,346952,175900,2221024,11111.563,1455.585,0,579.039,0,50.916,1648,2270,1.090,1.560,1.010,1,0,0,0,0,18,327,0,7,0
13-02 21:10:15,2.507,1.003,95.260,0.501,0,5257316,347088,175904,2221028,9529.055,1624.442,0,569.557,0,55.151,1657,2323,1.090,1.560,1.010,1,0,0,0,0,18,327,0,7,0
13-02 21:10:16,2.749,0.750,94.959,0.250,0,5257316,347088,175904,2221028,11339.152,1619.308,0,163.930,0,24.989,1598,2283,1.090,1.560,1.010,2,0,0,0,0,18,327,0,7,0
13-02 21:10:17,2.749,1.250,95.213,0,0,5257496,346864,175904,2221072,8786.621,1619.377,0,167.935,0,17.993,1459,1981,1,1.530,1.010,1,0,1.000,0,0,18,327,0,7,0
13-02 21:10:18,1.499,1.249,94.712,0.750,0.250,5257244,347116,175904,2221072,10239.895,1619.351,0,2159.135,0,339.864,1693,2068,1,1.530,1.010,3,0,1.000,0,0,18,327,0,7,0
13-02 21:10:19,2.750,0.500,94.992,0.250,0.500,5257244,347116,175904,2221072,8667.275,1619.864,0,175.985,0,18.998,1641,2225,1,1.530,1.010,1,0,0,0,0,18,327,0,7,0
13-02 21:10:20,1.500,0.750,96.018,0,0.250,5257244,347116,175904,2221072,4664.893,1620.310,0,140.027,0,11.002,1170,1707,1,1.530,1.010,1,0,0,0,0,18,327,0,7,0
13-02 21:10:21,1.750,1.250,96.751,0,0,5257244,347116,175904,2221072,7103.037,1620.008,0,104.001,0,8.000,1191,1746,1,1.530,1.010,1,0,1.000,0,0,18,327,0,7,0
13-02 21:10:22,2.252,0.751,95.836,0.500,0,5257244,347116,175904,2221072,8910.029,1459.315,0,252.227,0,20.018,1213,1693,0.920,1.500,1,1,0,0,0,0,18,327,0,7,0
13-02 21:10:23,2.001,2.001,94.545,0,0,5246692,357680,175904,2221076,9310.392,1620.765,0,23347.014,0,205.097,1817,2283,0.920,1.500,1,1,0,6.003,0,0,18,327,0,7,0
13-02 21:10:24,1.750,1.000,96.242,0.250,0,5246600,357764,175904,2221084,9116.225,1619.862,0,519.956,0,12.999,1455,2023,0.920,1.500,1,1,0,0,0,0,18,327,0,7,0
13-02 21:10:25,1.749,0.749,95.180,0.500,0,5246600,357764,175904,2221084,10017.643,1618.811,0,639.530,0,48.964,1600,2288,0.920,1.500,1,1,0,0,0,0,18,327,0,7,0
13-02 21:10:26,2.248,0.999,95.669,0,0.500,5246600,357764,175904,2221084,10450.132,1618.626,0,131.888,0,15.986,1270,1758,0.920,1.500,1,1,0,0,0,0,18,327,0,7,0
13-02 21:10:27,1.753,0.751,96.421,0,0,5246596,357764,175904,2221088,9283.488,1622.882,0,72.128,0,9.016,1243,1726,0.850,1.480,1,1,0,0,0,0,18,327,0,7,0
13-02 21:10:28,2.499,2.499,92.198,1.249,0.250,5239676,364680,175904,2221088,4986.202,1619.092,0,60941.808,0,691.612,2595,3221,0.850,1.480,1,1,0,0,0,0,18,327,0,7,0
13-02 21:10:29,1.249,4.495,92.903,0,0,5256868,347488,175904,2221092,5077.674,1456.472,0,7.992,0,0.999,1325,1662,0.850,1.480,1,1,0,0,0,0,18,327,0,7,0
13-02 21:10:30,1.998,0.500,96.669,0,0,5256716,347640,175904,2221092,10951.858,1618.649,0,3.997,0,0.999,1136,1573,0.850,1.480,1,2,0,0,0,0,18,327,0,7,0
13-02 21:10:31,1.502,1.001,96.610,0,0,5257024,347332,175904,2221092,11002.515,1621.845,0,0,0,0,1152,1641,0.850,1.480,1,1,0,1.001,0,0,18,327,0,7,0
13-02 21:10:32,1.749,1.000,95.704,0.500,0,5257328,347200,175904,2221092,9566.431,1619.227,0,719.656,0,14.993,1419,2003,0.780,1.450,0.990,2,0,1.000,0,0,18,327,0,7,0
13-02 21:10:33,2.504,0.501,95.133,0,0.250,5257424,347200,175904,2221100,7488.500,1622.275,0,252.354,0,23.032,1495,2122,0.780,1.450,0.990,1,0,1.001,0,0,18,327,0,7,0
13-02 21:10:34,1.751,1.751,95.303,0.250,0.500,5257036,347588,175904,2221100,10415.813,1620.905,16.009,2937.639,1.001,16.009,1576,2085,0.780,1.450,0.990,1,0,0,0,0,18,327,0,7,0
13-02 21:10:35,2.250,1.000,95.755,0.250,0.250,5257016,347588,175904,2221120,8875.453,1620.083,0,212.011,0,27.001,1573,2285,0.780,1.450,0.990,1,0,0,0,0,18,327,0,7,0
13-02 21:10:36,1.750,0.500,96.509,0.250,0,5257012,347588,175904,2221124,6331.603,1620.154,0,140.013,0,12.001,1112,1656,0.780,1.450,0.990,1,0,0,0,0,18,327,0,7,0
13-02 21:10:37,1.998,0.500,95.924,0,0,5257012,347588,175904,2221124,11354.959,1456.840,0,415.669,0,29.976,1338,1838,0.720,1.430,0.990,1,0,0,0,0,18,327,0,7,0
13-02 21:10:38,1.748,0.500,96.407,0,0,5257012,347588,175904,2221124,9001.334,1618.442,0,0,0,0,1123,1615,0.720,1.430,0.990,1,0,0,0,0,18,327,0,7,0
13-02 21:10:39,1.750,1.000,96.473,0,0.250,5257012,347588,175904,2221124,8823.534,1457.593,0,15.996,0,2.999,1121,1612,0.720,1.430,0.990,2,0,0,0,0,18,327,0,7,0
13-02 21:10:40,6.000,1.250,92.001,0,0,5260436,344164,175912,2221116,140643.270,1566.014,4.000,0,1.000,0,1506,1694,0.720,1.430,0.990,1,0,4.000,0,0,18,327,0,7,0
13-02 21:10:41,10.014,4.757,83.617,0.250,0,5280436,324016,175940,2221236,287685.022,7947.161,112.158,4.006,6.008,1.001,2590,2336,0.720,1.430,0.990,3,0,31.044,0,0,18,327,0,7,0
13-02 21:10:42,15.302,5.770,77.264,0,0.251,5275452,325368,175952,2224856,291887.774,3660.500,16.055,188.644,1.003,8.027,2869,2353,0.740,1.420,0.990,2,0,33.113,0,0,18,327,0,7,0
