"pcp-dstat 5.3.6 CSV Output"
"Author:","PCP team <pcp@groups.io> and Dag Wieers <dag@wieers.com>",,,,"URL:","https://pcp.io/ and http://dag.wieers.com/home-made/dstat/"
"Host:","ubuntu",,,,"User:","ubuntu"
"Cmdline:","dstat -tcmndrylpg --tcp --output /tmp/devstack_logs/dstat-csv.log",,,,"Date:","20 Apr 2024 04:29:06 UTC"
"system","total usage",,,,,"memory usage",,,,"net/total",,"dsk/total",,"io/total",,"system",,"load avg",,,"procs",,,"paging",,"tcp sockets",,,,
"time","total usage:usr","total usage:sys","total usage:idl","total usage:wai","total usage:stl","used","free","buf","cach","net/total:recv","net/total:send","dsk/total:read","dsk/total:writ","read","writ","int","csw","1m","5m","15m","run","blk","new","in","out","lis","act","syn","tim","clo"
20-04 04:29:06,,1035468,1419692,170044,5162472,,,,,,,1.430,0.620,0.400,4,0,,,,9,4,6,18,2
20-04 04:29:07,37.998,21.249,38.748,0.500,0,1051720,1401944,170220,5163492,138017.857,16107.050,0,2971.825,0,129.992,3767,6126,1.470,0.640,0.410,3,0,500.970,0,0,9,5,6,18,2
20-04 04:29:08,25.489,17.993,55.977,0.500,0,1051380,1400600,170400,5164892,810390.119,26436.108,0,1535.367,0,66.972,4869,8234,1.470,0.640,0.410,5,0,365.849,0,0,9,6,6,18,2
20-04 04:29:09,39.067,17.667,41.555,0.498,0.249,1167008,1282228,170528,5288500,1035099.349,22704.493,0,3073.582,0,64.697,5839,10921,1.470,0.640,0.410,6,0,186.127,0,0,10,4,6,18,2
20-04 04:29:10,37.686,9.547,52.258,0.502,0,1199640,1236968,170628,5304192,5044110.997,35347.688,0,6013.720,0,51.253,3570,3314,1.470,0.640,0.410,2,0,109.541,0,0,10,6,6,18,2
20-04 04:29:11,29.744,9.998,58.238,0.500,0,1227120,1202076,170972,5310828,2307826.050,37474.580,235.953,5766.858,10.998,129.974,3656,4649,1.470,0.640,0.410,2,0,192.962,0,0,10,6,6,20,3
20-04 04:29:12,30.002,3.000,65.505,1.000,0,1227424,1193916,171268,5317796,3135046.209,18288.518,172.014,7132.592,7.001,213.018,2466,2220,1.440,0.650,0.410,2,0,7.001,0,0,10,6,6,14,2
20-04 04:29:13,26.730,11.242,47.964,11.991,0.250,1270968,1127400,172076,5339484,7200.650,1684.748,14297.377,29370.178,160.880,2469.165,14294,23112,1.440,0.650,0.410,2,0,109.918,0,0,10,8,6,14,2
20-04 04:29:14,31.777,14.512,46.038,7.756,0,1188808,1205684,172600,5342412,6737.633,1621.355,0,34636.956,0,2601.175,11336,20174,1.440,0.650,0.410,2,0,189.158,0,0,10,6,6,14,2
20-04 04:29:15,43.729,6.997,48.477,0.500,0,1234528,1157892,172736,5344220,9817.376,1619.237,1327.375,8484.004,18.991,404.809,2744,3350,1.440,0.650,0.410,2,0,11.994,0,0,10,6,6,14,2
20-04 04:29:16,44.193,5.493,49.685,0.749,0.250,1214128,1147304,173708,5371136,14531.124,1617.898,0,3539.402,0,142.814,1853,2095,1.440,0.650,0.410,2,0,9.987,0,0,10,6,6,14,2
20-04 04:29:17,45.253,4.500,47.504,2.000,0,1264488,1074000,174828,5390292,15133.165,1620.125,0,9844.758,0,473.036,3045,3852,1.480,0.670,0.420,1,1,0,0,0,10,6,6,14,2
20-04 04:29:18,31.543,17.023,49.818,0.751,0,1189632,1141988,175572,5394384,17918.297,4276.799,0,2507.400,0,81.110,3402,5533,1.480,0.670,0.420,2,0,454.616,0,0,10,4,6,14,0
20-04 04:29:19,36.023,20.263,42.777,0,0.250,1154304,1175680,175624,5396092,8517.443,1695.083,384.246,11015.039,3.002,42.027,9499,17560,1.480,0.670,0.420,2,0,348.223,0,0,10,4,6,13,0
20-04 04:29:20,64.235,11.453,24.648,0,0.249,1247692,1082060,175632,5396760,9626.311,1559.570,55.770,83.655,1.992,0.996,5659,10299,1.480,0.670,0.420,3,0,138.429,0,0,10,5,6,13,0
20-04 04:29:21,70.941,6.994,21.732,0,0.250,1260916,1067404,175688,5397988,9465.116,1618.652,587.511,395.670,15.987,34.971,10173,18938,1.480,0.670,0.420,4,0,13.988,0,0,10,5,6,13,0
20-04 04:29:22,45.111,9.273,44.359,0,0,1293868,1032136,175764,5400084,6900.914,1623.980,0,260.639,0,27.066,2095,5705,1.600,0.710,0.440,1,0,131.322,0,0,10,4,6,14,0
20-04 04:29:23,20.517,4.504,74.060,0.751,0,1272440,1053548,175780,5400084,8680.988,1663.339,0,6761.443,0,173.139,1845,1981,1.600,0.710,0.440,4,0,68.055,0,0,9,4,6,14,0
20-04 04:29:24,23.743,3.249,72.727,0.250,0,1341032,984916,175784,5400096,7045.788,1619.491,0,11320.445,0,46.985,1279,1717,1.600,0.710,0.440,1,0,3.999,0,0,10,4,6,14,0
20-04 04:29:25,22.997,2.750,71.990,1.500,0,1360304,965512,175820,5400264,11654.368,1619.773,0,2443.658,0,254.964,3166,5209,1.600,0.710,0.440,1,0,1.000,0,0,10,10,6,14,0
20-04 04:29:26,21.244,5.249,73.229,0,0,1312556,1013000,175820,5400524,9033.435,1511.571,35.990,0,2.999,0,1274,1616,1.600,0.710,0.440,1,0,41.988,0,0,10,4,6,16,0
20-04 04:29:27,22.290,3.757,72.381,1.252,0.250,1281616,1043484,175824,5400836,9615.423,1622.941,236.428,2191.972,59.107,106.192,2317,3602,1.560,0.720,0.440,1,0,46.084,0,0,10,28,6,16,0
20-04 04:29:28,23.437,2.244,73.303,0,0,1335540,989556,175824,5400836,17776.271,1635.608,0,0,0,0,1216,1692,1.560,0.720,0.440,1,0,0,0,0,10,28,6,16,0
20-04 04:29:29,35.044,11.014,54.319,0,0,1383768,941312,175824,5400852,6930.760,1696.144,0,20.025,0,5.006,1862,2322,1.560,0.720,0.440,2,0,158.200,0,0,10,28,6,16,0
20-04 04:29:30,43.086,14.028,41.833,0,0.250,1319224,1005368,175836,5401240,10915.679,1697.371,0,34043.611,0,245.488,5558,11860,1.560,0.720,0.440,5,0,301.599,0,0,10,28,6,18,0
20-04 04:29:31,83.478,14.996,1.000,0,0,1557600,766980,175836,5401320,9597.466,1619.572,0,23.994,0,5.998,2650,4638,1.560,0.720,0.440,6,0,276.927,0,0,10,30,6,17,0
20-04 04:29:32,79.726,15.745,3.749,0.250,0.250,1420636,903572,175840,5401684,12298.298,1693.490,0,303.909,0,42.987,5866,13813,2.070,0.840,0.480,4,0,193.942,0,0,10,29,6,17,0
20-04 04:29:33,33.995,7.999,57.742,0,0,1344628,979516,175852,5401736,7906.948,1553.793,0,287.962,0,32.996,3388,6404,2.070,0.840,0.480,1,0,115.985,0,0,10,28,6,16,0
20-04 04:29:34,20.727,6.493,72.169,0,0.250,1308216,1015920,175852,5401744,10340.429,1618.189,0,127.857,0,15.982,2597,4462,2.070,0.840,0.480,1,0,67.924,0,0,10,28,6,18,0
20-04 04:29:35,22.729,3.497,71.934,0.999,0,1365068,959248,175860,5401768,6765.769,1564.559,0,11677.245,0,531.510,2476,2525,2.070,0.840,0.480,2,0,0,0,0,10,29,6,18,0
20-04 04:29:36,13.285,17.045,68.931,0.251,0,1308564,1015592,175892,5401896,6597.351,1740.578,0,533.403,0,47.124,3700,6023,2.070,0.840,0.480,1,0,514.353,0,0,10,28,6,18,0
20-04 04:29:37,70.501,18.750,10.250,0,0,1516040,808084,175896,5401924,11898.250,1694.036,0,404.008,0,28.001,2771,4926,2.310,0.910,0.510,5,0,525.011,0,0,10,28,6,18,0
20-04 04:29:38,80.971,10.746,9.247,0,0.250,1555556,767908,175956,5402476,12449.481,1693.385,0,4534.354,0,169.938,6133,16356,2.310,0.910,0.510,6,0,29.989,0,0,10,30,6,18,0
20-04 04:29:39,80.743,15.499,2.750,0.250,0.250,1492840,830444,175988,5402612,14878.795,1619.869,0,459.963,0,50.996,3459,7944,2.310,0.910,0.510,6,0,275.978,0,0,10,28,6,18,0
20-04 04:29:40,86.784,11.004,2.251,0,0,1582640,740372,175988,5402880,11268.462,1586.628,0,2957.171,0,19.008,4242,13035,2.310,0.910,0.510,6,0,32.013,0,0,10,31,6,18,0
20-04 04:29:41,67.742,11.249,19.998,0,0,1431104,891384,175996,5403380,9496.908,1619.814,0,403.954,0,35.996,6121,18660,2.310,0.910,0.510,4,0,153.982,0,0,10,28,6,19,0
20-04 04:29:42,44.504,9.501,45.754,0.250,0.250,1424504,897836,176000,5403524,7984.711,1620.144,0,216.019,0,12.001,1937,3262,2.280,0.920,0.510,3,0,118.011,0,0,10,30,6,19,0
20-04 04:29:43,38.754,20.002,40.754,0,0.250,1361544,960620,176012,5403688,6060.594,1566.153,0,284.028,0,27.003,3607,10217,2.280,0.920,0.510,5,0,378.037,0,0,10,28,6,20,0
20-04 04:29:44,63.750,7.250,28.500,0,0,1486028,835684,176016,5404120,6858.048,1768.012,0,184.001,0,8.000,3322,6040,2.280,0.920,0.510,4,0,0,0,0,10,30,6,20,0
20-04 04:29:45,68.499,14.750,16.500,0,0,1462992,858552,176020,5404284,20069.779,1619.982,0,2819.969,0,48.999,4344,9317,2.280,0.920,0.510,6,0,257.997,0,0,10,28,6,21,0
20-04 04:29:46,71.251,9.750,18.000,0,0.250,1493256,827896,176032,5404656,12368.210,1620.028,0,248.004,0,22.000,6292,13761,2.280,0.920,0.510,5,0,23.000,0,0,10,30,6,25,0
20-04 04:29:47,68.500,15.250,14.750,0.250,0,1468416,852552,176036,5404836,10795.935,1605.990,0,383.998,0,30.000,3653,7580,2.420,0.980,0.530,3,0,300.998,0,0,10,28,6,25,0
20-04 04:29:48,63.249,14.000,21.750,0,0.250,1427860,892880,176048,5405052,21549.698,1619.977,0,527.993,0,42.999,6476,14552,2.420,0.980,0.530,4,0,248.997,0,0,10,28,6,27,0
20-04 04:29:49,66.751,10.000,24.000,0,0.250,1494800,825728,176048,5405264,10950.164,1620.024,0,5028.075,0,176.003,3492,6072,2.420,0.980,0.530,3,0,52.001,0,0,10,31,6,29,0
20-04 04:29:50,60.997,15.499,22.749,0,0,1439388,881116,176064,5405272,11845.479,1619.929,0,67169.045,0,174.992,4494,8899,2.420,0.980,0.530,5,0,286.987,0,0,10,28,6,33,0
20-04 04:29:51,58.723,10.495,30.486,0,0,1441860,878340,176076,5405516,7278.666,1565.283,0,1591.271,0,43.980,5705,10921,2.420,0.980,0.530,3,0,63.971,0,0,10,28,6,33,0
20-04 04:29:52,69.781,10.004,19.509,0,0.250,1492148,828024,176076,5405544,7740.475,1694.761,0,244.110,0,17.008,2357,7029,2.630,1.040,0.560,3,0,82.037,0,0,10,30,6,34,0
20-04 04:29:53,68.235,17.246,14.497,0.250,0.250,1435216,884768,176080,5405728,8452.115,1693.622,0,627.860,0,58.987,4911,11002,2.630,1.040,0.560,5,0,392.912,0,0,10,28,6,35,0
20-04 04:29:54,83.363,14.886,1.737,0,0,1555224,764480,176080,5405960,12373.491,1607.720,0,412.847,0,28.780,3499,6873,2.630,1.040,0.560,9,0,222.302,0,0,10,30,6,35,0
20-04 04:29:55,82.649,13.859,2.016,0,0,1528648,790812,176100,5406184,9280.845,1523.962,0,4334.018,0,185.456,4733,8416,2.630,1.040,0.560,6,0,256.009,0,0,10,29,6,35,0
20-04 04:29:56,83.397,14.482,1.998,0,0.250,1563652,755572,176104,5406404,9064.823,1618.005,0,331.591,0,20.974,4570,9693,2.630,1.040,0.560,7,0,209.741,0,0,10,30,6,35,0
20-04 04:29:57,74.332,18.020,7.759,0,0.250,1502164,816868,176104,5406592,16019.750,1621.797,0,152.169,0,9.010,7096,17885,2.820,1.110,0.580,4,0,400.444,0,0,10,30,6,36,0
20-04 04:29:58,29.491,25.992,43.486,0,0,1315028,1003660,176108,5406920,9556.923,1619.479,0,175.943,0,8.997,5043,10225,2.820,1.110,0.580,1,0,717.769,0,0,10,28,6,36,0
20-04 04:29:59,12.255,22.760,63.027,0.250,0,1326336,992296,176112,5406972,9928.289,1566.677,0,196.085,0,15.006,3434,5353,2.820,1.110,0.580,3,0,646.279,0,0,10,28,6,36,0
20-04 04:30:00,74.254,21.001,4.500,0,0.500,1514984,803600,176120,5407008,7328.440,1694.102,0,688.041,0,22.001,3000,6457,2.820,1.110,0.580,4,0,617.037,0,0,10,29,6,36,0
20-04 04:30:01,75.240,12.998,10.999,0,0,1441296,876844,176152,5407412,6733.111,1565.793,0,943.875,0,78.990,5980,13548,2.820,1.110,0.580,4,0,200.973,0,0,10,28,6,37,0
20-04 04:30:02,81.510,11.501,6.501,0,0,1541976,775968,176156,5407604,5738.700,1640.200,0,208.025,0,11.001,3997,8640,2.910,1.160,0.600,4,0,67.008,0,0,10,30,6,34,0
20-04 04:30:03,59.984,7.498,32.491,0,0.250,1514400,802828,176160,5408296,5366.540,1619.559,0,227.938,0,18.995,4492,22924,2.910,1.160,0.600,3,0,29.992,0,0,10,31,6,37,0
20-04 04:30:04,77.520,9.252,11.503,0.250,0,1458492,858472,176176,5408536,6299.606,1620.413,0,5245.338,0,167.043,5285,14359,2.910,1.160,0.600,4,0,90.023,0,0,10,29,6,37,0
20-04 04:30:05,75.473,9.746,13.495,0,0,1489836,826548,176180,5409100,7559.248,1661.395,0,1595.419,0,44.984,7555,17057,2.910,1.160,0.600,3,0,12.995,0,0,10,31,6,43,0
20-04 04:30:06,66.020,11.003,22.507,0,0.500,1548800,766136,176180,5410528,7460.216,1620.481,0,0,0,0,9871,21544,2.910,1.160,0.600,3,0,58.017,0,0,10,31,6,48,0
20-04 04:30:07,78.004,13.751,6.250,0,0.250,1511412,803328,176180,5410720,14798.696,1566.074,0,52.002,0,3.000,4881,10960,3,1.200,0.620,4,0,196.009,0,0,10,29,6,48,0
20-04 04:30:08,79.993,10.999,9.249,0,0,1395956,918228,176200,5411236,6719.389,1585.856,0,275.975,0,21.998,5135,11089,3,1.200,0.620,4,0,131.988,0,0,10,28,6,49,0
20-04 04:30:09,80.488,10.998,7.749,0,0,1554116,759720,176204,5411572,16799.396,1619.749,0,151.976,0,7.999,4883,10336,3,1.200,0.620,3,0,2.000,0,0,10,31,6,49,0
20-04 04:30:10,77.508,14.252,7.501,0,0,1477460,834920,176236,5412996,6002.654,1620.177,0,4340.473,0,235.026,3551,8682,3,1.200,0.620,4,0,249.027,0,0,10,28,5,52,0
20-04 04:30:11,70.228,7.969,20.919,0,0.249,1555076,756828,176236,5413460,11284.262,1613.745,0,211.181,0,12.950,5614,12591,3,1.200,0.620,6,0,0,0,0,10,30,5,54,0
20-04 04:30:12,82.292,14.301,3.262,0,0,1530832,781032,176240,5413496,13248.981,1667.914,0,152.541,0,8.028,2382,3589,3.080,1.250,0.640,4,0,163.580,0,0,10,29,5,52,0
20-04 04:30:13,66.276,11.254,22.009,0,0.250,1342568,968948,176280,5413812,8159.198,1620.635,0,548.215,0,59.023,6677,14951,3.080,1.250,0.640,4,0,196.077,0,0,10,28,5,55,0
20-04 04:30:14,66.977,8.997,23.992,0,0.250,1498996,812428,176284,5413896,7797.349,1619.449,0,247.916,0,12.996,2584,4742,3.080,1.250,0.640,2,0,64.978,0,0,10,31,5,56,0
20-04 04:30:15,58.021,11.504,30.011,0,0.250,1426724,884460,176284,5414124,7180.635,1458.535,0,216.079,0,15.006,5097,10266,3.080,1.250,0.640,3,0,181.066,0,0,10,28,5,57,0
20-04 04:30:16,65.993,8.749,25.247,0.250,0,1394324,916688,176292,5414288,11288.860,1619.836,0,419.958,0,38.996,4237,10082,3.080,1.250,0.640,3,0,64.993,0,0,10,28,5,59,0
20-04 04:30:17,65.228,9.247,25.241,0,0.250,1491664,819120,176292,5414504,12429.799,1619.453,0,227.923,0,14.995,2593,3998,3.070,1.280,0.650,2,0,66.977,0,0,10,31,5,60,0
20-04 04:30:18,61.026,9.754,28.012,0.250,0,1419764,890812,176300,5414700,15766.827,1694.734,0,300.130,0,29.013,5463,10088,3.070,1.280,0.650,3,0,82.036,0,0,10,28,5,63,0
20-04 04:30:19,63.993,7.249,28.997,0,0,1378648,931724,176312,5414888,8974.950,1693.802,0,2651.690,0,190.978,5714,11174,3.070,1.280,0.650,4,0,66.992,0,0,10,28,5,63,0
20-04 04:30:20,65.490,9.499,24.246,0,0,1489324,820988,176312,5414940,9206.555,1619.746,0,1503.764,0,23.996,2295,3484,3.070,1.280,0.650,3,0,71.989,0,0,10,30,5,64,0
20-04 04:30:21,55.224,18.491,26.737,0.250,0,1391496,918408,176328,5415324,11714.424,1693.194,0,415.802,0,39.981,4892,12077,3.070,1.280,0.650,3,0,422.799,0,0,10,28,5,70,0
20-04 04:30:22,64.791,9.506,25.266,0,0,1436412,873108,176332,5415700,8495.335,1621.018,0,292.183,0,24.015,4065,8819,3.070,1.310,0.660,4,0,0,0,0,10,30,5,73,0
20-04 04:30:23,30.172,13.465,55.356,0,0.499,1375796,933624,176332,5415788,11663.663,1454.218,0,263.315,0,15.958,2588,5041,3.070,1.310,0.660,1,0,407.939,0,0,10,28,5,73,0
20-04 04:30:24,24.509,3.001,71.527,0.250,0,1322948,986292,176340,5415960,12480.643,1620.603,0,240.089,0,21.008,3311,7308,3.070,1.310,0.660,1,0,6.002,0,0,10,28,5,73,0
20-04 04:30:25,12.026,21.796,65.139,0,0.501,1320108,988960,176348,5416116,13353.456,1697.618,0,376.803,0,26.056,3478,5248,3.070,1.310,0.660,2,0,566.207,0,0,10,28,5,75,0
20-04 04:30:26,44.251,6.750,49.502,0,0,1465240,843144,176356,5416772,9678.319,1620.053,128.004,2688.089,9.000,20.001,1475,1674,3.070,1.310,0.660,2,0,26.001,0,0,10,28,5,73,0
20-04 04:30:27,38.003,6.500,44.753,11.501,0,1417196,885288,176968,5421692,7482.561,1846.138,188.014,20113.509,9.001,2006.150,11650,18958,3.060,1.340,0.680,1,1,109.008,0,0,10,32,6,73,0
20-04 04:30:28,38.638,6.481,41.879,11.467,0,1495640,804176,177680,5423452,10675.064,1689.105,0,37124.413,0,3214.684,16203,25913,3.060,1.340,0.680,2,0,37.890,0,0,10,32,6,73,0
20-04 04:30:29,45.602,7.517,44.098,3.007,0,1426852,872860,177760,5423472,14879.166,1623.619,0,13574.257,0,813.814,3822,5137,3.060,1.340,0.680,2,0,8.018,0,0,10,28,6,73,0
20-04 04:30:30,39.503,7.000,47.003,8.251,0,1498636,800568,178044,5423728,10002.650,1586.103,0,15805.027,0,2213.144,14685,24986,3.060,1.340,0.680,4,0,3.000,0,0,10,30,6,71,0
20-04 04:30:31,30.415,6.482,59.832,2.244,0,1381304,917576,178124,5423968,11397.960,1561.610,0,4834.410,0,533.500,4382,6830,3.060,1.340,0.680,1,0,98.722,0,0,10,28,6,71,0
20-04 04:30:32,23.765,2.502,73.047,0,0,1442268,856592,178128,5423968,10348.685,1705.101,0,916.592,0,52.034,1194,1532,2.900,1.330,0.680,1,0,2.001,0,0,10,28,6,71,0
20-04 04:30:33,22.744,3.249,71.982,1.250,0,1409116,889708,178148,5423984,9001.777,1735.571,0,6746.334,0,339.916,1741,2657,2.900,1.330,0.680,1,0,1.000,0,0,10,28,6,71,0
20-04 04:30:34,23.252,3.250,73.258,0.250,0,1340264,958540,178148,5424004,14703.573,1768.189,0,112.012,0,15.002,1147,1349,2.900,1.330,0.680,1,0,3.000,0,0,10,32,6,69,0
20-04 04:30:35,22.490,3.249,73.467,0,0.250,1417880,880924,178148,5424004,8961.976,1619.273,0,3.998,0,1.000,995,1131,2.900,1.330,0.680,1,0,1.999,0,0,10,32,6,69,0
20-04 04:30:36,23.511,2.501,74.035,0,0.250,1356152,942640,178148,5424016,9422.485,1620.771,0,0,0,0,942,1073,2.900,1.330,0.680,1,0,1.000,0,0,10,32,6,69,0
20-04 04:30:37,23.488,2.749,73.214,0,0,1428728,870064,178148,5424016,9093.517,1511.255,0,0,0,0,954,1103,2.740,1.330,0.680,1,0,1.999,0,0,10,32,6,69,0
20-04 04:30:38,23.005,2.000,74.017,0,0.250,1370684,928044,178164,5424056,10218.412,1608.380,16.004,0,4.001,0,860,1069,2.740,1.330,0.680,1,0,1.000,0,0,10,32,6,69,0
20-04 04:30:39,23.499,2.500,73.747,0.250,0,1442784,855748,178180,5424220,7437.688,1619.932,163.993,0,20.999,0,1031,1264,2.740,1.330,0.680,1,0,4.000,0,0,10,32,6,69,0
20-04 04:30:40,23.011,2.751,73.034,0.250,0.250,1331740,966692,178188,5424304,9166.207,1620.744,0,3285.508,0,273.125,1465,1671,2.740,1.330,0.680,1,0,2.001,0,0,10,32,6,69,0
20-04 04:30:41,22.735,2.998,73.452,0.250,0,1416868,881536,178188,5424332,7834.923,1618.951,0,1866.790,0,221.856,1124,1165,2.740,1.330,0.680,1,0,1.999,0,0,10,32,6,69,0
20-04 04:30:42,23.565,2.256,73.703,0,0,1364436,933944,178188,5424352,10980.174,1698.668,0,0,0,0,945,1078,2.600,1.320,0.680,1,0,1.003,0,0,10,32,6,69,0
20-04 04:30:43,22.946,2.245,73.826,0,0,1410056,888308,178188,5424368,11468.933,1690.012,0,0,0,0,985,1154,2.600,1.320,0.680,1,0,2.993,0,0,10,32,6,68,0
20-04 04:30:44,20.023,6.257,73.084,0,0,1336820,961544,178188,5424368,11835.635,1513.744,0,0,0,0,1472,1937,2.600,1.320,0.680,1,0,93.107,0,0,10,32,6,68,0
20-04 04:30:45,9.757,20.514,69.549,0,0.250,1338596,959624,178188,5424508,9554.698,1621.136,0,1012.710,0,12.008,3135,4919,2.600,1.320,0.680,2,0,480.337,0,0,10,32,6,66,0
20-04 04:30:46,8.508,19.518,70.066,0,0.250,1341848,956316,178188,5424552,8185.752,1567.484,0,288.273,0,6.006,3067,4928,2.600,1.320,0.680,1,0,448.425,0,0,10,32,6,66,0
20-04 04:30:47,12.745,15.244,71.471,0,0.500,1361988,936108,178188,5424612,12147.153,1713.316,0,3.998,0,1.000,2590,3757,2.390,1.300,0.680,1,0,317.873,0,0,10,32,6,62,0
20-04 04:30:48,21.749,3.500,73.997,0,0,1437900,860212,178188,5424596,22855.040,1619.932,0,0,0,0,1117,1208,2.390,1.300,0.680,1,0,2.000,0,0,10,32,6,62,0
20-04 04:30:49,24.207,1.747,73.369,0,0,1387580,910516,178188,5424612,41903.203,1690.982,0,15.971,0,0.998,1066,1186,2.390,1.300,0.680,1,0,2.995,0,0,10,32,6,60,0
20-04 04:30:50,23.245,2.249,72.983,0.250,0,1448332,849784,178192,5424588,11817.235,1619.621,0,475.889,0,32.992,1295,1670,2.390,1.300,0.680,1,0,2.000,0,0,10,32,6,60,0
20-04 04:30:51,23.489,1.999,73.467,0,0,1416536,881560,178192,5424612,9715.589,1511.314,0,0,0,0,968,1101,2.390,1.300,0.680,2,0,1.000,0,0,10,32,6,53,0
20-04 04:30:52,28.759,4.001,67.522,0,0,1337256,960852,178192,5424660,11785.842,1620.528,0,12.004,0,1.000,1515,3155,2.440,1.330,0.690,1,0,37.012,0,0,10,32,6,54,0
20-04 04:30:53,23.006,3.001,73.518,0,0,1413008,885088,178192,5424612,6697.641,1566.384,0,4.001,0,1.000,923,1087,2.440,1.330,0.690,1,0,2.000,0,0,10,32,6,48,0
20-04 04:30:54,23.741,2.749,73.971,0,0,1361320,936776,178192,5424612,9550.237,1619.362,0,11.995,0,1.000,968,1163,2.440,1.330,0.690,1,0,1.000,0,0,10,32,6,48,0
20-04 04:30:55,22.000,3.250,73.499,0,0,1439432,858684,178192,5424592,9574.914,1661.985,0,0,0,0,918,1101,2.440,1.330,0.690,1,0,2.000,0,0,10,32,6,47,0
20-04 04:30:56,23.756,2.501,73.519,0.250,0.250,1372664,925436,178192,5424608,7469.882,1620.408,0,104.026,0,6.002,997,1253,2.440,1.330,0.690,1,0,1.000,0,0,10,32,6,47,0
20-04 04:30:57,24.017,2.752,72.051,1.001,0,1437168,860928,178200,5424600,7553.318,1621.141,0,5848.117,0,253.178,1736,2213,2.330,1.320,0.690,1,0,2.001,0,0,10,32,6,46,0
20-04 04:30:58,23.472,1.748,73.913,0,0,1398068,900008,178200,5424620,7025.696,1584.128,0,0,0,0,910,1080,2.330,1.320,0.690,1,0,0.999,0,0,10,32,6,46,0
20-04 04:30:59,24.024,2.753,73.574,0,0.250,1330056,968020,178200,5424620,5499.516,1695.701,0,28.028,0,2.002,911,1161,2.330,1.320,0.690,1,0,5.005,0,0,10,32,6,46,0
20-04 04:31:00,22.983,2.998,73.196,0,0.250,1407400,890664,178212,5424620,6647.141,1638.802,0,343.749,0,27.980,1200,1709,2.330,1.320,0.690,1,0,0,0,0,10,32,6,46,0
20-04 04:31:01,23.549,3.006,73.903,0,0.251,1348180,949884,178212,5424620,9950.628,1623.365,0,132.274,0,5.010,1045,1202,2.330,1.320,0.690,1,0,3.006,0,0,10,32,6,46,0
20-04 04:31:02,23.256,3.001,73.769,0,0,1363408,934652,178216,5424620,8166.066,1694.429,0,232.059,0,3.001,1047,1221,2.220,1.310,0.690,1,0,1.000,0,0,10,32,6,46,0
20-04 04:31:03,21.704,3.493,73.842,0,0,1430936,867144,178216,5424600,5410.438,1616.545,0,0,0,0,964,1167,2.220,1.310,0.690,1,0,1.996,0,0,10,32,6,42,0
20-04 04:31:04,22.751,2.250,73.752,0,0,1352400,945660,178216,5424620,11738.282,1620.039,0,36.001,0,2.000,981,1152,2.220,1.310,0.690,1,0,2.000,0,0,10,32,6,42,0
20-04 04:31:05,23.731,2.748,73.940,0,0.250,1427940,870128,178216,5424612,9484.346,1510.781,0,3.997,0,0.999,975,1139,2.220,1.310,0.690,1,0,1.998,0,0,10,32,6,42,0
20-04 04:31:06,15.803,12.040,70.986,0.251,0,1338284,959780,178216,5424616,8078.903,1699.660,0,196.655,0,10.033,2299,3330,2.220,1.310,0.690,1,0,302.006,0,0,10,32,6,42,0
20-04 04:31:07,20.715,5.740,73.126,0,0,1409796,888224,178220,5424656,12235.310,1691.140,0,11.980,0,0.998,1473,1865,2.120,1.310,0.700,1,0,90.846,0,0,10,32,6,31,0
20-04 04:31:08,23.751,2.750,73.253,0,0.250,1378484,918864,178232,5425284,23078.923,1640.066,0,36.001,0,1.000,1131,1280,2.120,1.310,0.700,1,0,9.000,0,0,10,32,6,31,0
20-04 04:31:09,21.745,4.999,72.483,0,0,1343748,953484,178232,5425336,8458.029,1619.623,0,0,0,0,1178,1560,2.120,1.310,0.700,3,0,56.987,0,0,10,32,6,30,0
20-04 04:31:10,9.502,21.754,68.013,0,0,1340196,956944,178232,5425424,14122.754,1694.330,0,904.176,0,41.008,3271,5161,2.120,1.310,0.700,1,0,433.084,0,0,10,32,6,30,0
20-04 04:31:11,10.236,20.473,68.659,0,0.499,1341456,955656,178232,5425452,8480.763,1659.801,0,822.910,0,114.848,3253,4845,2.120,1.310,0.700,2,0,470.377,0,0,10,32,6,26,0
20-04 04:31:12,9.761,20.524,69.332,0,0,1343588,953472,178232,5425492,5228.154,1513.782,0,656.773,0,10.012,2956,4584,2.030,1.300,0.700,3,0,437.515,0,0,10,32,6,26,0
20-04 04:31:13,9.016,21.790,68.875,0,0.501,1341880,955176,178232,5425496,5371.787,1622.957,0,921.679,0,10.018,2775,4181,2.030,1.300,0.700,1,0,402.734,0,0,10,32,6,22,0
20-04 04:31:14,11.004,19.758,68.778,0,0,1342148,954868,178232,5425516,5930.372,1768.707,0,1104.442,0,12.005,3015,4535,2.030,1.300,0.700,1,0,449.180,0,0,10,32,6,22,0
20-04 04:31:15,8.740,19.478,70.420,0.250,0,1340816,956176,178232,5425540,6422.729,1618.168,0,791.104,0,10.988,2917,4507,2.030,1.300,0.700,1,0,422.522,0,0,10,32,6,20,0
20-04 04:31:16,9.753,18.506,70.022,0,0.250,1341560,955408,178232,5425564,8820.823,1566.501,0,168.054,0,7.002,2961,4564,2.030,1.300,0.700,1,0,419.134,0,0,10,32,6,20,0
20-04 04:31:17,13.507,21.761,64.283,0,0.250,1348196,948736,178240,5425592,8976.587,1620.828,0,1124.575,0,116.059,3687,5523,1.950,1.300,0.700,2,0,540.276,0,0,10,32,6,20,0
20-04 04:31:18,53.762,19.004,26.756,0,0.250,1499300,797368,178268,5425792,12134.670,1620.356,0,856.188,0,52.011,3261,5555,1.950,1.300,0.700,3,0,498.110,0,0,10,32,6,24,0
20-04 04:31:19,59.501,8.000,28.750,4.750,0,1623448,664196,178852,5433116,14706.221,1512.023,412.006,18724.281,5.000,1334.020,9074,14728,1.950,1.300,0.700,1,2,62.001,0,0,10,38,6,21,0
20-04 04:31:20,38.488,7.498,34.239,18.244,0,1604124,671612,179568,5443940,11074.445,1619.480,0,71157.159,0,5431.257,23624,38090,1.950,1.300,0.700,2,1,164.947,0,0,10,36,6,21,0
20-04 04:31:21,38.502,10.500,33.751,16.001,0.250,1565860,699132,180384,5453424,8428.329,1620.063,0,77619.027,0,5741.224,24122,41727,1.950,1.300,0.700,3,0,70.003,0,0,10,36,6,15,0
20-04 04:31:22,43.759,9.752,31.256,15.503,0,1629072,627404,180860,5461184,7879.552,1694.334,0,64360.679,0,5031.991,20888,35222,2.110,1.340,0.720,3,0,93.018,0,0,10,37,6,15,0
20-04 04:31:23,40.244,17.497,30.495,9.998,0,1562484,687428,181060,5467568,18275.058,1693.727,363.941,41513.316,5.999,3335.463,21438,37275,2.110,1.340,0.720,18,1,334.946,0,0,10,35,6,16,0
20-04 04:31:24,42.008,14.253,31.756,11.252,0,1542424,700740,181440,5473192,8953.674,1566.293,1620.303,51606.650,25.005,3950.739,17434,31401,2.110,1.340,0.720,2,2,153.029,0,0,10,34,6,18,0
20-04 04:31:25,37.250,7.750,42.750,11.500,0.250,1555064,684008,181700,5476916,7528.008,1620.002,0,37316.037,0,3320.003,18466,33134,2.110,1.340,0.720,3,0,95.000,0,0,10,35,6,20,0
20-04 04:31:26,34.679,8.483,42.912,11.726,0,1526756,712380,181924,5476544,13879.575,1616.689,0,36006.259,0,3231.382,16139,30402,2.110,1.340,0.720,3,1,82.830,0,0,10,34,6,20,0
20-04 04:31:27,39.332,7.265,44.593,9.770,0,1553664,683960,182220,5477720,8387.505,1515.162,0,19769.258,0,2211.616,12787,25338,2.110,1.350,0.720,3,1,39.082,0,0,10,35,6,21,0
20-04 04:31:28,35.979,8.745,41.976,13.242,0.250,1515160,720676,182432,5479252,9910.262,1619.063,0,41775.812,0,3565.935,17179,30630,2.110,1.350,0.720,1,1,44.974,0,0,10,34,6,23,0
20-04 04:31:29,41.132,6.232,39.637,12.464,0.249,1552420,680860,182576,5481596,15780.851,1615.378,0,30859.710,0,2807.966,11721,25258,2.110,1.350,0.720,6,1,37.892,0,0,10,37,6,24,0
20-04 04:31:30,35.084,7.267,45.108,11.528,0,1550384,679348,182692,5484964,6278.067,1698.075,0,38315.958,0,3525.461,17342,34900,2.110,1.350,0.720,4,2,30.072,0,0,10,36,6,27,0
20-04 04:31:31,36.031,7.256,43.538,12.511,0,1544152,682572,182788,5487756,5462.725,1621.403,0,28344.518,0,2568.222,12724,22019,2.110,1.350,0.720,2,0,94.081,0,0,10,36,6,27,0
20-04 04:31:32,34.428,7.484,41.912,14.470,0,1514920,708664,182944,5490640,9508.062,1636.568,0,39920.287,0,3568.517,18205,31561,2.260,1.400,0.740,2,0,111.766,0,0,10,36,6,28,0
20-04 04:31:33,37.828,7.766,41.586,12.526,0.501,1490284,730952,183024,5492840,6673.795,1665.442,0,40631.986,0,3588.417,16552,28945,2.260,1.400,0.740,2,1,47.097,0,0,10,36,6,28,0
20-04 04:31:34,33.733,9.995,39.980,14.493,0,1555120,670252,183144,5488580,6308.801,1511.234,0,39348.051,0,3496.227,14860,29236,2.260,1.400,0.740,3,1,54.972,0,0,10,36,6,28,0
20-04 04:31:35,38.415,6.486,43.155,10.726,0,1532028,693840,183216,5488012,8333.624,1616.436,0,36060.487,0,2824.771,13028,24059,2.260,1.400,0.740,2,0,60.866,0,0,10,34,6,29,0
20-04 04:31:36,26.051,11.522,61.369,0.751,0,1382656,842864,183224,5488336,9807.075,1623.157,0,4661.066,0,284.553,4683,7406,2.260,1.400,0.740,1,0,232.452,0,0,10,32,6,29,0
20-04 04:31:37,10.492,20.735,68.450,0,0.250,1381232,844288,183228,5488332,9383.150,1660.788,0,1099.198,0,68.950,3259,4702,2.160,1.390,0.740,1,0,473.654,0,0,10,32,6,29,0
20-04 04:31:38,50.584,15.526,32.304,1.002,0,1524892,700220,183256,5488696,5949.865,1622.690,0,3405.647,0,291.483,3272,4545,2.160,1.390,0.740,3,0,306.508,0,0,10,32,6,35,0
20-04 04:31:39,67.118,7.735,24.452,0.250,0.250,1685716,536460,183384,5491268,9627.083,1690.678,0,2698.697,0,131.741,1807,1942,2.160,1.390,0.740,3,0,1.996,0,0,10,32,6,35,0
20-04 04:31:40,41.064,8.764,36.056,11.267,0,1758016,454404,183604,5500336,9146.158,1622.512,0,45326.165,0,3236.009,15520,24866,2.160,1.390,0.740,4,2,111.172,0,0,10,38,5,35,0
20-04 04:31:41,23.255,7.501,46.259,22.004,0.250,1764924,436512,183736,5510852,11038.197,1458.290,0,77251.373,0,5838.162,25940,43366,2.160,1.390,0.740,7,0,192.038,0,0,10,38,5,35,0
20-04 04:31:42,30.762,6.002,43.267,19.007,0.250,1764908,426696,183908,5520180,7050.736,1620.629,0,70891.506,0,5532.146,24489,41582,2.620,1.500,0.780,4,1,153.059,0,0,10,38,5,35,0
20-04 04:31:43,41.482,9.496,34.485,14.494,0,1692240,490180,184068,5528928,8920.040,1619.281,0,72331.885,0,5357.621,21893,37628,2.620,1.500,0.780,2,2,231.897,0,0,10,36,5,35,0
20-04 04:31:44,48.018,8.503,27.761,15.006,0,1757708,417884,184204,5535368,9117.474,1662.633,0,65861.093,0,4702.792,20483,32326,2.620,1.500,0.780,4,0,87.033,0,0,10,36,5,35,0
20-04 04:31:45,33.874,8.967,37.361,18.929,0,1652208,511408,184280,5546908,11810.008,1613.988,0,81592.070,0,5436.748,21855,38319,2.620,1.500,0.780,2,1,74.722,0,0,10,36,5,35,0
20-04 04:31:46,27.851,5.269,48.426,18.066,0,1649820,505864,184328,5554440,8474.831,1625.915,0,57003.378,0,4837.599,22334,37462,2.620,1.500,0.780,2,1,36.131,0,0,10,36,5,35,0
20-04 04:31:47,25.448,11.726,58.631,3.243,0.249,1393884,761496,184344,5554676,9636.380,1710.517,0,14781.904,0,964.037,5342,8010,2.490,1.490,0.790,1,0,254.482,0,0,10,32,5,35,0
20-04 04:31:48,23.471,3.496,73.660,0.250,0.250,1460164,695220,184348,5554668,17860.175,1530.130,0,1238.487,0,74.908,1272,1587,2.490,1.490,0.790,1,0,0.999,0,0,10,32,5,35,0
20-04 04:31:49,23.506,2.001,72.518,0.500,0,1507276,648096,184348,5554680,8736.193,1694.425,0,4777.199,0,299.075,1995,2929,2.490,1.490,0.790,1,0,2.001,0,0,10,38,5,35,0
20-04 04:31:50,22.270,3.003,73.815,0,0.250,1442052,713320,184348,5554680,11093.818,1621.435,0,0,0,0,1126,1364,2.490,1.490,0.790,1,0,28.025,0,0,10,32,5,35,0
20-04 04:31:51,23.537,2.253,73.865,0,0,1501260,654100,184348,5554692,7868.211,1696.633,0,144.224,0,18.028,902,1355,2.490,1.490,0.790,1,0,0,0,0,10,34,5,35,0
20-04 04:31:52,20.012,22.764,56.285,0,0,1396776,758584,184352,5554688,34755.444,1621.000,0,612.378,0,40.025,3680,8540,2.370,1.480,0.790,2,0,592.365,0,0,10,32,5,35,0
20-04 04:31:53,13.249,27.249,59.248,0.250,0.250,1399512,755800,184352,5554732,12883.498,1619.937,0,4119.839,0,116.995,4743,7447,2.370,1.480,0.790,1,0,934.964,0,0,10,32,5,35,0
20-04 04:31:54,9.982,18.716,70.122,0,0,1401352,753892,184352,5554780,6911.428,1617.059,0,111.797,0,7.985,2996,4502,2.370,1.480,0.790,1,0,439.201,0,0,10,32,5,35,0
20-04 04:31:55,10.007,19.263,70.298,0,0,1400920,754244,184352,5554856,14173.737,1533.053,0,28.019,0,7.005,2857,4296,2.370,1.480,0.790,1,0,377.259,0,0,10,32,5,35,0
20-04 04:31:56,15.984,15.485,66.435,0,0.500,1406056,748940,184352,5555100,10879.382,1618.420,0,19.980,0,4.995,4538,9891,2.370,1.480,0.790,1,0,248.757,0,0,10,32,5,35,0
20-04 04:31:57,43.592,9.270,47.099,0,0.251,1503748,651016,184364,5555428,7145.069,1849.901,0,436.921,0,14.030,2386,3368,2.340,1.490,0.790,2,0,130.275,0,0,10,33,6,35,0
20-04 04:31:58,45.376,5.236,49.116,0,0.249,1599504,555044,184396,5555812,8060.985,1689.386,83.771,398.911,0.997,71.804,1411,1333,2.340,1.490,0.790,3,0,1.995,0,0,10,33,6,35,0
20-04 04:31:59,45.499,7.250,47.499,0.500,0,1648952,502456,184420,5558516,14574.621,1619.958,0,2567.933,0,305.992,2538,8057,2.340,1.490,0.790,1,0,36.999,0,0,10,48,6,35,0
20-04 04:32:00,13.514,14.265,72.327,0,0,1667896,483424,184420,5558596,10258.874,1695.798,0,0,0,0,2199,2977,2.340,1.490,0.790,1,0,225.239,0,0,10,48,6,35,0
20-04 04:32:01,4.242,0.749,93.583,0.499,0,1672836,478412,184420,5558632,69620.449,3369.971,0,391.300,0,51.907,1142,1612,2.340,1.490,0.790,2,0,1.996,0,0,10,49,6,35,0
20-04 04:32:02,1.252,0.751,95.899,1.002,0,1672828,478412,184424,5558636,89839.701,3425.326,0,7463.606,0,348.542,1660,2632,2.160,1.470,0.790,0,0,0,0,0,10,49,6,35,0
20-04 04:32:03,7.507,2.502,88.835,0.751,0,1678916,472176,184424,5558780,69215.170,3082.947,0,3607.449,0,175.167,1357,1920,2.160,1.470,0.790,1,0,8.008,0,0,10,48,6,36,0
20-04 04:32:04,14.505,11.004,70.774,3.001,0,1686412,415164,184520,5606628,11725.975,1768.600,4.001,9495.219,1.000,453.154,3245,4704,2.160,1.470,0.790,2,0,77.026,0,0,10,48,6,36,0
20-04 04:32:05,15.991,9.744,73.456,0,0.500,1713728,387216,184520,5606692,7485.554,1619.038,63.962,67.960,3.998,4.997,1466,1682,2.160,1.470,0.790,1,0,47.972,0,0,10,48,6,36,0
20-04 04:32:06,20.717,5.242,73.633,0,0.250,1720396,380540,184520,5606700,6172.199,1617.432,0,0,0,0,1211,1370,2.160,1.470,0.790,1,0,36.941,0,0,10,48,6,36,0
20-04 04:32:07,21.513,4.503,73.294,0,0,1725344,375536,184520,5606700,10926.490,1620.963,0,0,0,0,1220,1354,2.060,1.460,0.790,1,0,25.015,0,0,10,48,6,36,0
20-04 04:32:08,17.032,8.015,73.387,0,0,1662040,486300,184520,5560300,19055.653,1460.733,144.270,188.352,6.011,6.011,1614,1979,2.060,1.460,0.790,1,0,93.174,0,0,10,48,6,36,0
20-04 04:32:09,14.747,15.497,70.238,0,0,1664476,483772,184524,5560512,7336.716,1619.717,0,3.999,0,1.000,3911,6340,2.060,1.460,0.790,0,0,244.957,0,0,10,48,6,36,0
20-04 04:32:10,6.486,4.990,86.319,0,0.249,1664332,483880,184524,5560336,7869.537,1616.618,0,247.482,0,1.996,2519,4345,2.060,1.460,0.790,0,0,54.885,0,0,10,48,6,36,0
20-04 04:32:11,0.750,1.000,97.982,0,0,1664556,483656,184524,5560336,7540.628,1619.705,0,67.988,0,6.999,737,1105,2.060,1.460,0.790,0,0,2.999,0,0,10,48,6,36,0
20-04 04:32:12,0.750,0.750,97.983,0.250,0.250,1664556,483656,184524,5560336,7840.604,1693.699,0,307.945,0,21.996,858,1391,1.900,1.440,0.790,0,0,2.999,0,0,10,48,6,36,0
20-04 04:32:13,0.250,0.250,98.003,0,0,1664780,483432,184524,5560336,10250.359,1694.059,0,1500.053,0,11.000,698,1015,1.900,1.440,0.790,0,0,1.000,0,0,10,48,6,36,0
20-04 04:32:14,4.504,4.504,89.339,0.500,0.250,1599500,548720,184524,5560328,12598.523,1621.612,0,4656.629,0,298.297,2115,2235,1.900,1.440,0.790,3,0,95.095,0,0,10,48,6,36,0
20-04 04:32:15,18.034,16.531,65.123,0,0.250,1651180,496988,184524,5560312,8981.019,1460.768,0,0,0,0,4662,8468,1.900,1.440,0.790,1,0,275.522,0,0,11,48,6,36,0
20-04 04:32:16,16.234,17.233,64.936,0,0,1666404,481660,184524,5560764,7604.472,1856.162,0,0,0,0,4729,7690,1.900,1.440,0.790,1,0,247.755,0,0,11,48,6,36,0
20-04 04:32:17,8.234,6.737,84.582,0,0,1658464,489612,184528,5560388,7852.374,1616.783,0,383.237,0,12.974,2128,3693,1.750,1.410,0.780,0,0,147.706,0,0,11,48,6,36,0
20-04 04:32:18,12.035,12.787,73.712,0,0,1662428,485348,184528,5560876,7645.952,1624.664,0,32.092,0,2.006,3281,5292,1.750,1.410,0.780,0,0,183.527,0,0,13,50,6,36,0
20-04 04:32:19,10.990,16.484,71.932,0.250,0,1663492,484380,184528,5560552,18098.806,1618.462,0,1402.667,0,181.827,4012,6116,1.750,1.410,0.780,1,0,278.735,0,0,13,50,6,31,0
20-04 04:32:20,12.494,17.992,69.217,0,0.250,1662168,485688,184528,5560572,12650.042,1693.203,0,43.979,0,10.995,2921,4273,1.750,1.410,0.780,2,0,360.830,0,0,13,50,6,31,0
20-04 04:32:21,21.033,16.276,61.096,0,0.250,1683872,463804,184536,5560760,19598.731,1622.544,0,276.433,0,16.025,4104,8907,1.750,1.410,0.780,2,0,257.404,0,0,13,50,6,30,0
20-04 04:32:22,34.473,15.738,47.962,0,0.500,1761788,385664,184552,5560984,7356.240,1456.859,0,623.512,0,33.973,3959,10395,1.850,1.440,0.790,1,0,243.809,0,0,13,50,6,30,0
20-04 04:32:23,22.454,7.235,70.854,0,0,1654608,491452,184664,5562164,10945.496,1616.676,0,642.679,0,7.984,1640,2890,1.850,1.440,0.790,0,0,8.982,0,0,13,50,6,35,0
20-04 04:32:24,0.500,0.500,97.986,0,0,1654440,491572,184664,5562208,12436.172,1619.762,0,163.976,0,2.000,671,955,1.850,1.440,0.790,0,0,1.000,0,0,13,50,6,35,0
20-04 04:32:25,0.750,0,98.252,0,0,1654664,491348,184664,5562208,15072.317,1662.035,0,0,0,0,726,969,1.850,1.440,0.790,0,0,4.000,0,0,13,50,6,30,0
20-04 04:32:26,1.000,1.000,98.010,0,0,1654660,491348,184664,5562212,9660.937,1710.166,0,812.079,0,2.000,733,1054,1.850,1.440,0.790,0,0,1.000,0,0,13,50,6,30,0
20-04 04:32:27,12.774,13.776,71.133,0.250,0,1605844,540152,184664,5562564,9185.195,1623.038,0,625.170,0,17.032,3934,8360,1.780,1.430,0.800,1,0,201.377,0,0,13,50,6,26,0
20-04 04:32:28,18.712,15.219,65.117,0,0,1664160,481832,184664,5562204,15127.035,1616.691,0,55.886,0,8.982,4757,9916,1.780,1.430,0.800,1,0,203.583,0,0,13,50,6,26,0
20-04 04:32:29,21.312,14.292,63.685,0,0,1660116,485860,184664,5562244,8053.427,1610.685,0,36.105,0,8.023,4947,11540,1.780,1.430,0.800,4,0,275.802,0,0,11,48,6,23,0
20-04 04:32:30,20.253,17.753,61.761,0,0,1672880,473076,184664,5562252,9651.650,1694.290,0,0,0,0,5288,9417,1.780,1.430,0.800,2,0,298.051,0,0,13,50,6,23,0
20-04 04:32:31,30.942,21.211,46.913,0,0.250,1741544,404408,184664,5562264,10554.369,1616.992,0,287.465,0,5.989,3591,5671,1.780,1.430,0.800,3,0,596.890,0,0,13,50,6,19,0
20-04 04:32:32,35.973,20.735,42.219,0,0.500,1660964,484216,184664,5563352,6005.538,1692.742,0,239.822,0,8.993,4258,9730,2.360,1.560,0.840,1,0,271.798,0,0,13,50,6,27,0
20-04 04:32:33,22.759,10.754,65.526,0,0,1732624,412544,184672,5562988,6196.460,1662.660,0,288.114,0,3.001,2300,3285,2.360,1.560,0.840,1,0,176.070,0,0,13,50,6,26,0
20-04 04:32:34,23.992,3.249,72.976,0,0,1776148,368144,184748,5563788,13164.682,1619.469,0,199.934,0,8.997,1179,2006,2.360,1.560,0.840,1,0,3.999,0,0,13,50,6,26,0
20-04 04:32:35,23.556,4.511,62.650,8.019,0,1795336,335552,185032,5576380,9165.943,1461.499,140.336,23383.981,35.084,1571.763,9304,15849,2.360,1.560,0.840,3,0,5.012,0,0,13,52,6,26,0
20-04 04:32:36,24.137,4.479,55.738,13.188,0.249,1791524,330060,185140,5585256,7805.362,1775.665,0,19675.643,0,2195.693,12763,23113,2.360,1.560,0.840,3,0,3.981,0,0,13,52,6,26,0
20-04 04:32:37,32.582,19.298,47.118,0,0,1965812,153528,185176,5587132,9449.700,1698.259,0,1664.174,0,95.239,4466,18250,2.490,1.600,0.860,2,0,229.576,0,0,14,77,6,36,0
20-04 04:32:38,11.771,19.035,69.877,0.501,0,1972312,146632,185176,5587444,12929.532,1697.089,0,3334.068,0,52.095,2950,4702,2.490,1.600,0.860,2,0,362.660,0,0,14,77,6,36,0
20-04 04:32:39,14.731,16.229,65.914,0.250,0.250,1976472,142408,185176,5587860,12565.527,1617.879,0,51108.996,0,282.629,5323,9341,2.490,1.600,0.860,1,0,278.635,0,0,14,77,6,30,0
20-04 04:32:40,39.232,13.994,46.479,0.500,0,2054428,130384,182632,5525272,8947.929,1693.230,471.785,10603.176,19.991,806.633,3718,3307,2.490,1.600,0.860,2,0,127.942,0,0,14,78,6,30,0
20-04 04:32:41,28.468,13.735,57.186,0.499,0.250,2104340,125288,180796,5482512,10396.450,1618.202,2505.217,1454.384,43.951,85.905,2654,4638,2.490,1.600,0.860,2,0,136.848,0,0,14,81,6,30,0
20-04 04:32:42,9.004,18.008,71.531,0,0.250,2109100,127964,180384,5475512,8305.654,1458.642,532.234,112.049,9.004,12.005,2748,3975,2.290,1.570,0.850,2,0,310.136,0,0,14,81,6,30,0
20-04 04:32:43,9.765,18.529,70.861,0.751,0.250,2102484,136388,180292,5473828,8415.178,1622.541,28.044,1598.503,4.006,201.315,3044,4140,2.290,1.570,0.850,1,0,343.538,0,0,14,81,6,30,0
20-04 04:32:44,13.737,12.738,71.682,0.500,0.250,2136772,130532,180008,5446080,7005.387,1766.333,1358.717,0,38.963,0,2052,2937,2.290,1.570,0.850,1,0,202.809,0,0,14,81,6,30,0
20-04 04:32:45,23.463,4.243,72.137,0.250,0,2172352,120280,179364,5421632,9513.131,1617.472,2871.512,0,56.911,0,1850,3356,2.290,1.570,0.850,1,0,0,0,0,14,83,6,31,0
20-04 04:32:46,20.824,6.272,71.004,0,0,2173148,135300,178928,5406376,14939.408,1716.135,3079.007,136.488,41.147,6.022,1913,2714,2.290,1.570,0.850,1,0,64.230,0,0,14,85,6,31,0
20-04 04:32:47,31.934,4.990,59.626,2.245,0.249,2220556,130384,177620,5365696,7320.831,1710.456,1141.635,5532.537,31.934,627.699,4439,7384,2.270,1.580,0.860,1,1,6.986,0,0,14,102,6,31,0
20-04 04:32:48,19.495,8.998,69.983,1.000,0.250,2201528,155440,177436,5359828,14056.486,1619.595,323.919,1503.624,20.995,184.954,2888,4648,2.270,1.580,0.860,1,0,110.972,0,0,14,100,6,33,0
20-04 04:32:49,22.545,3.507,71.894,0.752,0,2247696,125260,177136,5344408,16553.206,1460.931,212.426,1098.203,5.010,163.328,1967,2901,2.270,1.580,0.860,1,0,2.004,0,0,14,102,6,34,0
20-04 04:32:50,22.735,5.996,68.704,0.749,0,2215228,173936,176844,5328532,18117.771,1660.879,27.981,1343.093,6.995,182.877,3094,5079,2.270,1.580,0.860,1,0,91.938,0,0,14,103,6,36,0
20-04 04:32:51,25.185,1.995,71.566,0.499,0,2265408,123592,176844,5328696,5368.188,1615.842,155.600,347.107,9.974,27.928,1279,1806,2.270,1.580,0.860,1,0,1.995,0,0,14,107,6,37,0
20-04 04:32:52,25.302,9.019,65.886,0.251,0.251,2261444,158952,175992,5298256,5912.232,1623.359,260.539,1006.082,7.015,142.294,1984,10639,2.160,1.570,0.860,1,0,90.187,0,0,14,107,6,38,0
20-04 04:32:53,20.712,5.490,71.619,0.499,0,2238080,182288,175996,5298260,6607.908,1690.906,31.942,1129.932,5.989,62.885,1595,2263,2.160,1.570,0.860,1,0,50.907,0,0,14,107,6,39,0
20-04 04:32:54,22.061,5.265,71.950,0.251,0.251,2214580,205712,175996,5298336,6859.103,1698.731,28.078,673.877,7.020,80.223,2382,3790,2.160,1.570,0.860,3,0,66.184,0,0,14,107,6,39,0
20-04 04:32:55,22.258,4.001,71.775,1.000,0,2275192,144324,175996,5299112,10199.549,1620.564,744.259,2276.792,129.045,137.048,1828,2582,2.160,1.570,0.860,1,0,16.006,0,0,14,110,6,39,0
20-04 04:32:56,20.501,5.000,73.004,0,0,2266324,153184,175996,5299120,7414.423,1458.083,0,216.012,0,12.001,1353,1709,2.160,1.570,0.860,1,0,55.003,0,0,14,107,6,40,0
20-04 04:32:57,27.493,3.999,66.484,1.500,0.250,2222812,196276,176008,5299528,7008.339,1619.616,171.959,2567.392,2.000,273.935,4005,7241,2.150,1.580,0.870,1,0,6.998,0,0,14,111,6,41,0
20-04 04:32:58,20.698,5.736,72.818,0,0,2282384,136636,176008,5299596,7002.529,1615.968,0,482.795,0,31.920,1422,2088,2.150,1.580,0.870,2,0,47.881,0,0,14,111,6,41,0
20-04 04:32:59,27.067,2.256,67.919,2.005,0.251,2288400,130616,176016,5299592,8094.090,1624.031,8.020,4515.207,2.005,326.811,3548,5960,2.150,1.580,0.870,3,0,2.005,0,0,14,113,6,41,0
20-04 04:33:00,32.664,4.488,61.338,0,0,2281504,137248,176016,5299856,7639.770,1615.722,0,526.606,0,54.855,2494,4112,2.150,1.580,0.870,1,0,68.818,0,0,14,111,6,42,0
20-04 04:33:01,19.303,8.523,69.942,0.752,0,2244924,172608,176016,5301076,4911.516,1698.675,1231.389,998.749,20.055,136.375,3196,5143,2.150,1.580,0.870,2,0,146.403,0,0,14,111,6,43,0
20-04 04:33:02,21.696,4.239,73.068,0,0,2305328,127756,175728,5285956,9563.188,1689.792,51.871,323.195,0.998,19.950,1264,1699,2.060,1.570,0.870,1,0,0.998,0,0,14,113,6,43,0
20-04 04:33:03,25.985,1.499,70.460,0.750,0,2311380,121484,175732,5286172,6393.394,1457.178,0,979.448,0,114.935,2461,4363,2.060,1.570,0.870,1,0,0.999,0,0,14,115,6,43,0
20-04 04:33:04,40.344,12.529,45.606,1.253,0,2266404,177012,175436,5275964,24679.256,1952.530,4506.455,1282.977,162.377,124.288,4786,8191,2.060,1.570,0.870,2,0,289.672,0,0,14,113,6,43,0
20-04 04:33:05,28.428,2.992,67.579,0.249,0,2322444,120844,175444,5276084,7092.050,1791.466,3.990,666.314,0.997,45.884,1875,2841,2.060,1.570,0.870,2,0,0,0,0,14,115,6,43,0
20-04 04:33:06,15.011,15.011,68.299,0,0.500,2267952,175308,175444,5276112,7089.069,1871.338,0,552.395,0,37.026,2837,4421,2.060,1.570,0.870,2,0,311.223,0,0,14,113,6,44,0
20-04 04:33:07,12.033,19.805,67.185,0.251,0.501,2276076,166728,175580,5276820,10623.267,1624.475,389.072,625.724,18.050,39.108,4008,7563,2.050,1.570,0.870,1,0,353.975,0,0,14,113,6,44,0
20-04 04:33:08,23.251,17.001,58.502,0,0,2304940,137600,175584,5276740,21656.758,1620.057,152.005,448.016,4.000,24.001,4416,7779,2.050,1.570,0.870,2,0,263.009,0,0,14,113,6,44,0
20-04 04:33:09,33.722,20.983,43.964,1.499,0,2346412,123828,174808,5249824,12635.614,1684.615,187.846,6638.543,6.994,492.595,4488,6694,2.050,1.570,0.870,3,0,510.580,0,0,14,115,6,44,0
20-04 04:33:10,41.542,19.520,37.538,0.250,0,2442064,123120,171932,5159328,8983.163,1621.654,2350.397,6174.298,91.093,419.428,7637,15565,2.050,1.570,0.870,3,0,242.247,0,0,16,125,5,46,0
20-04 04:33:11,51.981,24.241,21.242,1.000,0,2550516,131876,170020,5045568,6611.567,1619.404,255.906,5178.094,36.986,482.822,4099,6283,2.050,1.570,0.870,3,0,599.779,0,0,16,125,5,46,0
20-04 04:33:12,58.236,21.745,20.245,0.250,0,2619700,131052,169924,4978320,8318.029,1619.616,883.791,6174.537,76.982,434.897,7454,18947,2.210,1.610,0.890,4,0,280.933,0,0,16,141,5,46,0
20-04 04:33:13,31.257,24.255,41.509,1.500,0,2679200,133224,169912,4918344,6915.487,1620.348,13314.863,0,235.051,0,3851,6438,2.210,1.610,0.890,4,0,563.121,0,0,16,141,5,46,0
20-04 04:33:14,25.758,17.756,56.268,0.250,0,2712680,138784,169920,4880268,8918.809,1710.539,4.001,2060.649,1.000,252.079,4705,8262,2.210,1.610,0.890,1,0,380.120,0,0,17,141,5,46,0
20-04 04:33:15,26.738,19.491,52.476,0.750,0.250,2748940,130388,169912,4853080,9587.599,1619.257,2135.020,1271.416,126.942,202.907,5378,8436,2.210,1.610,0.890,4,0,385.823,0,0,17,141,5,46,0
20-04 04:33:16,35.906,19.449,42.638,0.249,0.249,2816332,125524,169920,4792268,8258.355,1524.006,179.529,1380.382,12.966,243.362,5842,9553,2.210,1.610,0.890,3,0,359.059,0,0,17,151,5,47,0
20-04 04:33:17,35.605,25.324,38.112,1.504,0.251,2921564,130168,169932,4684732,11451.622,1624.770,280.825,5877.256,14.041,556.634,6229,12235,2.110,1.600,0.890,8,0,561.649,0,0,17,157,5,47,0
20-04 04:33:18,34.729,23.236,40.226,0.250,0.250,3008512,128564,169932,4600928,9202.423,1734.949,47.971,455.724,2.998,33.979,5803,12559,2.110,1.600,0.890,1,0,633.616,0,0,17,163,5,47,0
20-04 04:33:19,13.220,19.455,66.098,0.249,0,3019096,136184,169932,4583436,10924.895,1690.116,375.138,4461.747,4.989,361.170,4809,7159,2.110,1.600,0.890,2,0,373.143,0,0,17,163,5,47,0
20-04 04:33:20,29.582,14.540,55.404,0.251,0,3071108,146456,169932,4521920,19907.243,1624.508,348.968,1431.974,20.056,182.506,4643,6622,2.110,1.600,0.890,2,0,154.429,0,0,17,169,5,46,0
20-04 04:33:21,44.850,7.475,46.096,0.498,0.249,3191444,131400,169932,4418980,10245.677,1688.344,179.399,139.533,19.933,11.960,1562,1945,2.110,1.600,0.890,3,0,0.997,0,0,17,169,5,46,0
20-04 04:33:22,43.391,11.538,43.893,0.502,0,3160828,227344,170064,4354996,16164.697,1462.769,2375.745,754.460,87.285,75.245,3424,7649,2.100,1.610,0.900,4,0,129.422,0,0,17,173,5,46,0
20-04 04:33:23,45.766,27.259,26.009,0.750,0,3225004,155548,170224,4362424,7796.666,1662.569,2828.968,504.172,57.020,32.011,5622,12618,2.100,1.610,0.900,7,0,620.212,0,0,17,175,5,46,0
20-04 04:33:24,46.977,23.489,28.236,0.500,0,3208052,174304,170232,4361024,12791.796,1619.215,427.793,10099.102,25.987,432.790,6247,12892,2.100,1.610,0.900,2,0,342.834,0,0,17,185,5,38,0
20-04 04:33:25,70.416,15.676,12.939,0,0,3316264,144196,170236,4284536,10442.534,1775.589,744.473,6274.279,35.830,388.161,4237,6846,2.100,1.610,0.900,5,0,179.151,0,0,17,200,5,38,0
20-04 04:33:26,79.383,17.836,2.261,0,0.502,3443784,134588,170268,4169696,9942.020,1670.066,594.873,1004.853,16.078,27.131,2627,5895,2.100,1.610,0.900,5,0,61.296,0,0,17,208,5,40,0
20-04 04:33:27,67.006,21.002,10.751,0.750,0,3456948,131396,170324,4159968,8820.759,1846.159,912.078,2180.187,37.003,133.011,9974,29340,2.260,1.650,0.910,5,0,235.020,0,0,17,209,6,48,0
20-04 04:33:28,41.371,20.935,34.143,1.246,0.249,3453024,147960,170332,4147888,6593.415,1688.728,697.821,22744.990,48.847,990.906,7905,15118,2.260,1.650,0.910,2,0,421.684,0,0,17,216,6,49,0
20-04 04:33:29,45.644,19.562,35.111,0,0,3475100,136552,170336,4137028,17487.119,1462.610,156.493,678.137,9.028,47.149,5121,11456,2.260,1.650,0.910,4,0,355.119,0,0,17,216,6,49,0
20-04 04:33:30,55.257,21.753,21.503,0,0.250,3563504,128956,170336,4058332,6758.885,1764.231,28.004,3208.420,3.000,407.053,6098,11268,2.260,1.650,0.910,21,0,379.050,0,0,17,216,6,49,0
20-04 04:33:31,60.731,20.161,17.174,0.498,0,3611148,134628,170432,4005332,7628.161,1612.845,258.852,5260.664,31.859,412.172,6494,12917,2.260,1.650,0.910,5,0,410.180,0,0,17,220,6,53,0
20-04 04:33:32,57.036,19.262,21.013,0.500,0,3644884,134904,170440,3972368,7740.838,1621.013,112.070,884.553,12.008,56.035,5610,13990,2.320,1.670,0.930,2,0,300.188,0,0,17,232,6,54,0
20-04 04:33:33,57.695,16.054,26.088,0.251,0.251,3731132,133548,170444,3889016,6313.352,1625.497,0,766.593,0,70.238,3619,6707,2.320,1.670,0.930,3,0,176.597,0,0,17,232,6,46,0
20-04 04:33:34,64.985,9.998,23.995,0.500,0,3800980,146748,170456,3807512,6608.500,1767.599,443.899,6702.479,46.989,569.871,3719,5412,2.320,1.670,0.930,3,0,9.998,0,0,17,241,6,49,0
20-04 04:33:35,52.522,20.258,25.761,0.250,0.250,3773520,202300,170456,3779940,9688.030,1784.742,636.265,4457.854,11.005,370.154,5976,12213,2.320,1.670,0.930,4,0,393.164,0,0,17,242,6,55,0
20-04 04:33:36,44.703,24.474,28.970,0.999,0.250,3842388,132144,170740,3781360,9496.020,1456.469,1674.240,1509.414,48.949,89.906,5628,10507,2.320,1.670,0.930,2,0,468.508,0,0,17,242,6,57,0
20-04 04:33:37,63.707,17.171,17.171,0.249,0,3899096,129468,170820,3728600,11550.947,1612.593,3655.212,3197.315,51.762,421.066,4634,7577,2.530,1.730,0.950,5,0,210.035,0,0,18,245,6,57,0
20-04 04:33:38,69.375,11.521,17.532,0.501,0,3937548,141268,170820,3679520,10737.359,1622.926,841.517,2163.902,8.014,289.522,3187,4127,2.530,1.730,0.950,3,0,48.087,0,0,18,245,6,59,0
20-04 04:33:39,54.439,13.798,32.613,0.502,0,3976952,142560,170860,3639928,12966.031,1625.646,746.593,3074.678,11.038,299.039,4839,8543,2.530,1.730,0.950,4,1,196.683,0,0,18,246,6,49,0
20-04 04:33:40,18.192,6.978,72.768,0,0,3989880,129424,170872,3640112,41094.825,4103.900,721.696,2715.333,13.955,143.542,2027,2632,2.530,1.730,0.950,3,0,40.870,0,0,18,248,6,49,0
20-04 04:33:41,21.240,4.998,72.465,0.500,0.250,4004376,133316,170872,3622068,29804.455,4450.828,803.608,1907.069,8.996,177.913,2336,3134,2.530,1.730,0.950,3,0,10.995,0,0,18,252,6,49,0
20-04 04:33:42,20.583,7.279,72.041,0,0,3997896,136268,170872,3625632,3677642.709,27250.172,771.118,192.779,6.024,19.077,3351,4452,2.410,1.720,0.950,3,0,11.045,0,0,18,256,6,49,0
20-04 04:33:43,34.355,15.435,48.545,0.996,0,4045216,139616,170876,3576296,12832425.177,65514.742,848.410,17454.134,10.954,277.824,6200,5175,2.410,1.720,0.950,2,0,264.879,0,0,18,265,6,49,0
20-04 04:33:44,27.774,6.506,65.056,0.250,0.250,4069776,140712,170876,3551004,9356.112,1621.406,436.378,1441.250,12.010,105.091,3641,6392,2.410,1.720,0.950,1,0,2.002,0,0,18,272,6,50,0
20-04 04:33:45,26.473,3.496,67.181,0.499,0.250,4060032,138832,170884,3562628,14279.307,1702.248,435.552,1638.314,22.976,123.873,5360,10267,2.410,1.720,0.950,1,0,3.996,0,0,18,277,6,52,0
20-04 04:33:46,11.280,18.800,68.933,0.251,0.251,4012200,186432,170884,3562860,15579.363,1624.313,212.564,328.873,7.019,17.045,3586,5609,2.410,1.720,0.950,1,0,439.166,0,0,18,277,6,52,0
20-04 04:33:47,24.197,4.490,69.848,0.249,0,4013672,184912,170884,3562908,14258.916,1710.272,71.843,1424.894,1.996,88.806,2005,2883,2.460,1.740,0.960,2,0,37.917,0,0,18,277,6,51,0
20-04 04:33:48,10.028,18.300,70.946,0.251,0,4019888,178612,170884,3562992,17478.170,1624.477,0,144.398,0,14.039,3140,4857,2.460,1.740,0.960,1,0,308.851,0,0,18,277,6,51,0
20-04 04:33:49,7.728,18.446,72.041,0,0,4018024,180376,170884,3563092,12415.944,1615.309,39.884,11.965,3.988,1.994,3095,4922,2.460,1.740,0.960,0,0,343.004,0,0,18,277,6,49,0
20-04 04:33:50,3.752,2.001,93.547,0,0.250,4018780,179620,170888,3563088,8076.095,1532.777,0,16036.130,0,35.018,1330,2211,2.460,1.740,0.960,2,0,9.005,0,0,18,277,6,49,0
20-04 04:33:51,24.811,2.256,72.428,0,0,4069748,128492,170888,3563248,8731.436,1623.987,0,120.295,0,12.030,1595,2432,2.460,1.740,0.960,1,0,1.002,0,0,18,281,6,46,0
20-04 04:33:52,13.009,15.010,70.297,0,0.250,4015776,182404,170892,3563648,9406.246,1621.076,16.011,60.040,3.002,3.002,3088,4699,2.420,1.740,0.970,2,0,264.175,0,0,18,281,6,46,0
20-04 04:33:53,16.989,15.490,66.208,0.750,0.500,4008824,187600,171148,3564804,11718.594,1618.977,1686.934,515.674,74.953,23.985,3581,6551,2.420,1.740,0.970,2,0,274.826,0,0,18,281,6,44,0
20-04 04:33:54,14.487,9.491,73.433,0.999,0,4009348,182332,171296,3569144,9431.427,1618.529,1027.066,4136.240,115.895,24.977,7682,14639,2.420,1.740,0.970,0,0,36.966,0,0,18,285,6,44,0
20-04 04:33:55,2.743,0.998,94.522,0.249,0,4009348,182332,171296,3569144,8812.700,1616.094,0,454.901,0,46.887,1495,2659,2.420,1.740,0.970,0,0,1.995,0,0,18,289,6,43,0
20-04 04:33:56,3.000,0.250,95.737,0,0,4009348,182332,171296,3569144,5943.221,1619.788,0,7.999,0,1.000,1212,1987,2.420,1.740,0.970,0,0,0,0,0,18,289,6,43,0
20-04 04:33:57,2.250,1.250,95.753,0.250,0,4009348,182332,171296,3569144,11206.370,1458.048,0,432.014,0,19.001,1256,1999,2.220,1.710,0.960,0,0,0,0,0,18,289,6,42,0
20-04 04:33:58,2.250,1.000,96.268,0,0,4009348,182332,171296,3569144,13898.585,1694.315,0,0,0,0,1147,1778,2.220,1.710,0.960,0,0,0,0,0,18,289,6,42,0
20-04 04:33:59,1.501,0.751,96.079,0,0,4009348,182332,171296,3569144,9013.445,1695.400,0,324.268,0,5.004,1093,1856,2.220,1.710,0.960,0,0,2.002,0,0,18,289,6,41,0
20-04 04:34:00,2.249,0.750,96.218,0,0.500,4009348,182332,171296,3569144,10912.323,1693.429,0,0,0,0,1154,2016,2.220,1.710,0.960,0,0,0,0,0,18,289,6,41,0
20-04 04:34:01,2.499,0.750,96.193,0.250,0,4009348,182332,171296,3569144,9142.551,1688.993,0,55.967,0,6.996,1108,1797,2.220,1.710,0.960,0,0,0,0,0,18,289,6,39,0
20-04 04:34:02,2.500,0.500,95.741,0,0,4009344,182332,171296,3569148,7161.305,1693.836,0,0,0,0,1157,1879,2.050,1.680,0.950,1,0,0,0,0,18,289,6,39,0
20-04 04:34:03,2.502,1.501,95.334,0,0.250,4009344,182332,171296,3569148,12050.592,1621.425,0,372.327,0,43.038,1433,2264,2.050,1.680,0.950,0,0,0,0,0,18,289,6,39,0
20-04 04:34:04,2.498,0.500,94.660,0,0.250,4001328,190144,171316,3569332,7932.488,125045.582,279.735,103.902,7.992,4.995,1209,1977,2.050,1.680,0.950,1,0,0,0,0,18,289,6,39,0
20-04 04:34:05,2.750,1.250,95.753,0.250,0,4001328,190144,171316,3569332,8508.247,1620.047,0,376.011,0,31.001,1421,2541,2.050,1.680,0.950,0,0,0,0,0,18,289,6,38,0
20-04 04:34:06,2.750,1.250,95.999,0.250,0,4001328,190144,171316,3569332,6897.959,1693.990,0,72.000,0,6.000,1164,1904,2.050,1.680,0.950,0,0,0,0,0,18,289,6,38,0
20-04 04:34:07,2.250,0.500,95.511,0.250,0.250,4001200,190144,171316,3569460,7597.843,1694.188,0,256.028,0,24.003,1305,2138,1.880,1.660,0.950,0,0,0,0,0,18,289,6,37,0
20-04 04:34:08,1.750,0.500,96.517,0,0,4001200,190144,171316,3569460,16341.925,1694.303,0,32.006,0,4.001,1051,1625,1.880,1.660,0.950,0,0,0,0,0,18,289,6,37,0
20-04 04:34:09,1.500,0.750,95.990,0.750,0.250,4001424,189920,171316,3569460,9260.991,1619.823,0,4203.542,0,467.949,1413,1743,1.880,1.660,0.950,2,0,1.000,0,0,18,289,6,37,0
20-04 04:34:10,3.001,0.500,96.267,0,0,4001424,189920,171316,3569460,14684.599,1694.300,0,4.001,0,1.000,1222,2059,1.880,1.660,0.950,0,0,1.000,0,0,18,289,6,37,0
20-04 04:34:11,2.000,1.000,96.483,0,0,4001424,189920,171316,3569460,7350.670,1457.736,0,0,0,0,1123,1867,1.880,1.660,0.950,1,0,0,0,0,18,289,6,35,0
20-04 04:34:12,2.500,1.500,96.255,0,0,4001420,189920,171316,3569464,8324.441,1620.086,0,0,0,0,1181,1891,1.730,1.630,0.940,0,0,0,0,0,18,289,6,35,0
20-04 04:34:13,2.500,1.000,95.496,0.250,0,4001412,189920,171316,3569472,7331.670,1619.927,0,223.990,0,22.999,1267,2051,1.730,1.630,0.940,0,0,0,0,0,18,289,6,35,0
20-04 04:34:14,2.002,1.001,94.824,1.251,0,4001504,189920,171316,3569472,7051.486,1769.377,0,6777.273,0,405.315,1719,1954,1.730,1.630,0.940,1,0,0,0,0,18,289,6,35,0
20-04 04:34:15,2.248,0.999,95.184,0.250,0,4001504,189920,171320,3569468,9427.504,1618.885,79.945,391.730,4.997,36.975,1479,2634,1.730,1.630,0.940,0,0,0,0,0,18,289,6,35,0
20-04 04:34:16,1.999,0.500,96.710,0,0.250,4001420,189920,171320,3569552,8666.412,1661.312,0,91.962,0,6.997,1099,1760,1.730,1.630,0.940,0,0,0,0,0,18,289,6,35,0
20-04 04:34:17,2.999,0.750,95.458,0.250,0.250,4001416,189920,171320,3569556,8528.273,1511.340,0,67.970,0,9.996,1244,1987,1.590,1.600,0.940,0,0,0,0,0,18,289,6,35,0
20-04 04:34:18,2.250,0.750,96.247,0,0.250,4001416,189920,171320,3569556,10827.632,1619.945,0,4.000,0,1.000,1147,1855,1.590,1.600,0.940,0,0,0,0,0,18,289,6,34,0
20-04 04:34:19,1.250,1.000,96.284,0,0,4001416,189920,171320,3569556,10253.578,1566.547,0,136.047,0,3.001,1100,1755,1.590,1.600,0.940,1,0,0,0,0,18,289,6,34,0
20-04 04:34:20,3.999,0.500,95.221,0,0.250,4001664,189672,171320,3569556,17794.626,1619.511,0,0,0,0,1320,2241,1.590,1.600,0.940,1,0,1.999,0,0,18,289,6,34,0
20-04 04:34:21,1.501,1.251,96.793,0,0,4001664,189672,171320,3569556,11491.160,1620.728,0,0,0,0,1091,1754,1.590,1.600,0.940,0,0,0,0,0,18,289,6,34,0
20-04 04:34:22,7.501,2.000,89.258,0,0,4001912,189420,171320,3569560,8278.712,1620.139,0,328.028,0,24.002,2571,4676,1.460,1.570,0.930,0,0,0,0,0,18,289,6,34,0
20-04 04:34:23,2.252,0.250,95.075,0.250,0,4001772,189420,171320,3569700,8084.411,1695.344,0,196.156,0,23.018,1276,2069,1.460,1.570,0.930,0,0,0,0,0,18,289,6,34,0
20-04 04:34:24,2.498,0.999,96.687,0,0,4001772,189420,171320,3569700,7479.161,1584.975,0,411.734,0,10.993,1148,1930,1.460,1.570,0.930,0,0,0,0,0,18,289,6,34,0
20-04 04:34:25,2.000,1.250,95.244,0.500,0,4001748,189420,171320,3569724,14059.114,1619.898,15.999,375.976,1.000,38.998,1399,2415,1.460,1.570,0.930,0,0,0,0,0,18,289,6,34,0
20-04 04:34:26,3.000,1.000,95.498,0,0,4001748,189420,171320,3569724,8669.818,1565.967,0,71.998,0,6.000,1210,2007,1.460,1.570,0.930,0,0,0,0,0,18,289,6,34,0
20-04 04:34:27,2.000,0.750,96.506,0,0.500,4001748,189420,171320,3569724,15182.941,1620.100,0,60.004,0,6.000,1169,1812,1.350,1.550,0.930,0,0,0,0,0,18,289,6,34,0
20-04 04:34:28,2.252,1.001,96.331,0,0,4001744,189420,171320,3569728,17432.696,1621.367,0,0,0,0,1115,1799,1.350,1.550,0.930,0,0,0,0,0,18,289,6,23,0
20-04 04:34:29,2.248,0.749,96.410,0,0.250,4001744,189420,171320,3569728,9283.302,1618.483,0,0,0,0,1010,1676,1.350,1.550,0.930,0,0,0,0,0,18,289,6,23,0
20-04 04:34:30,2.000,1.250,96.252,0,0.250,4001744,189420,171320,3569728,10584.169,1620.026,0,0,0,0,1093,1977,1.350,1.550,0.930,0,0,2.000,0,0,18,289,6,23,0
20-04 04:34:31,3.251,1.000,96.520,0,0,4001744,189420,171320,3569728,8711.847,1586.336,0,4.001,0,1.000,1080,1767,1.350,1.550,0.930,0,0,0,0,0,18,289,6,23,0
20-04 04:34:32,3.752,1.251,94.808,0.250,0,4001740,189420,171320,3569732,9236.607,1695.029,0,124.075,0,12.007,1340,2143,1.240,1.520,0.920,1,0,0,0,0,18,289,6,19,0
20-04 04:34:33,2.998,0.749,94.922,0.250,0,4001740,189420,171320,3569732,11912.268,1564.722,0,267.781,0,27.977,1389,2232,1.240,1.520,0.920,2,0,0,0,0,18,289,6,19,0
20-04 04:34:34,2.000,1.000,96.518,0.500,0,4001960,189196,171320,3569736,7933.484,864.162,0,876.164,0,161.030,1211,1882,1.240,1.520,0.920,0,0,0,0,0,18,289,6,18,0
20-04 04:34:35,7.503,2.501,87.533,0,0.250,4008824,181924,171340,3570092,231012.247,3777.443,412.157,416.159,12.005,29.011,1649,2669,1.240,1.520,0.920,0,0,8.003,0,0,18,289,6,18,0
20-04 04:34:36,9.999,5.250,83.745,0.250,0,4012208,178348,171364,3570260,352191.925,10617.395,211.988,287.984,8.999,15.999,1962,2602,1.240,1.520,0.920,1,0,38.998,0,0,18,291,6,9,0
