"pcp-dstat 6.2.0 CSV Output"
"Author:","PCP team <pcp@groups.io> and Dag Wieers <dag@wieers.com>",,,,"URL:","https://pcp.io/ and http://dag.wieers.com/home-made/dstat/"
"Host:","ubuntu",,,,"User:","ubuntu"
"Cmdline:","dstat -tcmndrylpg --tcp --output /tmp/devstack_logs/dstat-csv.log",,,,"Date:","18 May 2026 20:00:44 UTC"
"system","total usage",,,,,"memory usage",,,,"net/total",,"dsk/total",,"io/total",,"system",,"load avg",,,"procs",,,"paging",,"tcp sockets",,,,
"time","total usage:usr","total usage:sys","total usage:idl","total usage:wai","total usage:stl","used","free","buf","cach","net/total:recv","net/total:send","dsk/total:read","dsk/total:writ","read","writ","int","csw","1m","5m","15m","run","blk","new","in","out","lis","act","syn","tim","clo"
18-05 20:00:44,,967120,1711520,161808,4982820,,,,,,,1.380,1.020,0.520,1,0,,,,10,5,1,18,0
18-05 20:00:45,17.751,22.252,58.504,0.500,0,993008,1684980,162012,4983180,45933.297,14551.044,0,2760.198,0,104.007,6738,5687,1.380,1.020,0.520,3,0,513.037,0,0,10,6,1,18,0
18-05 20:00:46,23.760,18.258,56.273,0.250,0,1000456,1676888,162152,4983484,20962.661,10786.457,0,1536.635,0,53.022,5983,6508,1.430,1.030,0.530,1,0,373.154,0,0,10,6,1,18,0
18-05 20:00:47,28.492,16.496,53.486,0.500,0,1004880,1671800,162360,4983856,52158.234,14810.091,0,2763.271,0,67.982,7076,8650,1.430,1.030,0.530,2,0,264.930,0,0,10,6,1,17,0
18-05 20:00:48,28.193,10.229,59.879,0.748,0,1155552,1503484,162544,5125392,189680.790,14018.678,15.968,1880.201,0.998,53.891,4603,3713,1.430,1.030,0.530,3,0,107.782,0,0,11,7,1,17,1
18-05 20:00:49,37.012,12.754,48.515,1.000,0.250,1197392,1444960,163576,5138432,31033.648,1752.545,212.066,2204.685,10.003,85.026,4737,3487,1.430,1.030,0.530,2,0,181.056,0,0,11,6,1,19,2
18-05 20:00:50,43.200,5.743,48.693,0.999,0,1249504,1370416,164180,5157496,9216.261,1456.303,1801.900,2421.179,118.862,43.949,3283,1892,1.430,1.030,0.530,2,0,0,0,0,11,6,1,19,2
18-05 20:00:51,37.857,6.518,46.882,7.020,0,1279660,1309472,165612,5184064,10040.332,1624.584,16.045,17485.340,1.003,944.666,7872,10251,1.480,1.050,0.540,1,1,10.028,0,0,11,8,1,19,2
18-05 20:00:52,29.737,6.747,44.730,16.992,0.750,1270808,1282768,167544,5214660,9320.796,1619.270,0,45643.413,0,3025.635,14608,23743,1.480,1.050,0.540,1,1,44.980,0,0,11,8,1,19,2
18-05 20:00:53,38.490,10.747,41.989,8.748,0,1192816,1367324,168468,5206164,11294.975,2173.418,0,39245.491,0,2750.264,13140,16951,1.480,1.050,0.540,2,0,104.972,0,0,11,4,1,19,0
18-05 20:00:54,40.475,6.246,52.718,0.500,0,1271308,1287808,168488,5207172,13277.917,3565.829,0,1455.114,0,84.948,3093,1788,1.480,1.050,0.540,2,0,32.980,0,0,11,5,1,19,0
18-05 20:00:55,43.053,6.258,47.058,2.253,0,1304260,1249288,168660,5211908,10864.398,2223.742,0,10320.728,0,662.817,4406,3399,1.480,1.050,0.540,1,0,29.036,0,0,11,5,1,19,0
18-05 20:00:56,39.485,7.997,50.731,0.250,0.500,1355232,1191624,169040,5216992,28155.323,4240.392,0,1391.472,0,41.984,11456,19493,1.520,1.060,0.550,3,0,6.997,0,0,11,4,1,19,0
18-05 20:00:57,42.776,9.506,46.028,0.500,0,1304740,1241328,169092,5217560,26113.120,1621.001,0,3037.875,0,203.125,11846,19359,1.520,1.060,0.550,2,0,51.032,0,0,11,4,1,19,0
18-05 20:00:58,28.503,26.002,45.004,0.250,0,1237540,1320984,169140,5206476,11741.123,1458.139,0,588.056,0,21.002,6809,5888,1.520,1.060,0.550,3,0,568.054,0,0,11,4,1,19,0
18-05 20:00:59,34.942,17.471,47.171,0.499,0,1179364,1371988,169140,5213788,9380.307,1617.294,7080.155,19.967,69.883,4.992,6695,7130,1.520,1.060,0.550,1,0,297.502,0,0,11,4,1,19,0
18-05 20:01:00,46.137,9.726,43.393,0,0,1230752,1319864,169144,5214808,9270.233,1657.928,610.501,3.990,6.983,0.998,3689,2198,1.520,1.060,0.550,3,0,122.699,0,0,11,5,1,19,0
18-05 20:01:01,43.108,7.268,48.872,0,0.251,1274612,1275012,169164,5215844,6018.043,1624.060,513.283,505.263,19.048,48.120,2859,1403,1.560,1.080,0.560,2,0,0,0,0,11,5,1,19,0
18-05 20:01:02,37.026,9.757,52.788,0,0,1308280,1238904,169236,5218164,10869.776,1621.160,0,15459.059,0,157.112,4324,4635,1.560,1.080,0.560,1,0,118.084,0,0,11,4,1,19,0
18-05 20:01:03,1.750,2.251,93.522,1.000,0,1312284,1234884,169248,5218164,12306.954,1620.389,0,2904.697,0,128.031,1636,2096,1.560,1.080,0.560,1,0,24.006,0,0,11,4,1,19,0
18-05 20:01:04,22.199,4.240,73.332,0,0,1389244,1157916,169248,5218172,9281.771,1454.673,0,135.690,0,6.984,1921,1441,1.560,1.080,0.560,1,0,0,0,0,11,4,1,19,0
18-05 20:01:05,24.283,1.502,74.101,0,0.250,1417140,1129828,169248,5218364,9632.111,1664.265,0,44.060,0,5.007,1738,1096,1.560,1.080,0.560,1,0,0,0,0,11,6,1,19,0
18-05 20:01:06,21.029,5.007,70.597,2.003,0,1323544,1223312,169316,5218408,9712.345,1622.229,0,4165.724,0,388.534,4478,5719,1.510,1.080,0.560,1,0,43.059,0,0,11,4,1,21,0
18-05 20:01:07,22.459,3.743,72.617,0.250,0.250,1380672,1165580,169456,5218816,12217.546,1455.325,371.318,14337.649,12.976,234.569,2349,1352,1.510,1.080,0.560,2,0,0,0,0,11,4,1,21,0
18-05 20:01:08,23.267,2.752,73.054,0.500,0.250,1392692,1153316,169504,5219080,11850.748,1621.197,268.198,2221.640,66.049,33.024,3181,3195,1.510,1.080,0.560,2,0,3.002,0,0,11,28,1,19,0
18-05 20:01:09,19.701,5.985,72.818,0.249,0,1393452,1152548,169504,5219088,8837.916,1615.962,0,2657.360,0,107.731,2431,1676,1.510,1.080,0.560,1,0,42.893,0,0,11,28,1,19,0
18-05 20:01:10,19.576,8.533,71.527,0,0,1403028,1142912,169504,5219116,11027.736,1626.302,0,12.047,0,3.012,3219,2501,1.510,1.080,0.560,3,0,118.459,0,0,11,28,1,19,0
18-05 20:01:11,41.475,8.495,48.971,0,0.250,1509784,1036148,169504,5219120,9860.126,1457.132,0,591.648,0,7.995,3130,1922,1.550,1.090,0.570,3,0,37.977,0,0,11,29,1,19,0
18-05 20:01:12,41.775,11.757,44.527,0.250,0,1487972,1057728,169516,5219340,6395.832,1620.971,0,32423.428,0,166.100,7850,10241,1.550,1.090,0.570,4,0,199.119,0,0,11,28,1,18,0
18-05 20:01:13,76.000,22.000,1.500,0,0,1603600,942064,169516,5219372,11165.969,1619.996,0,3019.992,0,31.000,5477,4157,1.550,1.090,0.570,6,0,379.999,0,0,11,28,1,18,0
18-05 20:01:14,86.232,12.747,1.000,0,0,1772600,773012,169516,5219416,9504.055,1619.668,0,0,0,0,6793,7053,1.550,1.090,0.570,7,0,0,0,0,11,30,1,19,0
18-05 20:01:15,71.975,13.495,13.495,0,0,1662176,883196,169532,5219640,12090.798,1619.437,0,2139.257,0,171.940,8261,11673,1.550,1.090,0.570,1,0,249.913,0,0,11,28,1,20,0
18-05 20:01:16,18.953,6.983,73.319,0,0.249,1572896,972464,169536,5219648,9693.029,1454.403,0,143.645,0,7.980,2553,1857,1.510,1.090,0.570,3,0,59.852,0,0,11,28,1,20,0
18-05 20:01:17,20.307,6.017,72.204,0.251,0.501,1516100,1029092,169556,5219796,7375.789,1624.579,0,208.588,0,21.059,3659,3830,1.510,1.090,0.570,2,0,68.192,0,0,11,28,1,20,0
18-05 20:01:18,21.964,3.993,73.628,0,0,1514856,1030332,169556,5219800,11686.703,1691.208,0,363.400,0,6.988,2132,1750,1.510,1.090,0.570,3,0,0,0,0,11,29,1,20,0
18-05 20:01:19,17.276,10.767,70.608,0.250,0,1469944,1075208,169564,5219828,31113.704,1696.601,0,592.909,0,32.049,4707,4443,1.510,1.090,0.570,1,0,227.349,0,0,11,28,1,20,0
18-05 20:01:20,21.507,30.760,46.516,0,0.250,1476972,1068136,169564,5219872,12217.098,1694.568,0,228.076,0,22.007,6474,5467,1.510,1.090,0.570,5,0,765.257,0,0,11,28,1,18,0
18-05 20:01:21,85.497,13.500,0.750,0,0,1652424,892660,169572,5219884,8810.675,1693.938,0,775.971,0,43.998,5389,3385,1.790,1.160,0.590,5,0,45.998,0,0,11,28,1,18,0
18-05 20:01:22,83.353,10.981,4.243,0,0,1647628,897116,169604,5220192,9680.946,1529.306,0,451.205,0,55.902,8228,15103,1.790,1.160,0.590,6,0,57.898,0,0,11,30,1,20,1
18-05 20:01:23,81.146,18.032,1.002,0,0.250,1614352,930308,169632,5220228,10493.825,1697.044,0,83850.421,0,363.652,6886,6087,1.790,1.160,0.590,6,0,253.455,0,0,11,28,1,20,0
18-05 20:01:24,86.378,11.983,1.248,0,0.250,1752464,792028,169636,5220388,12399.448,1617.710,0,171.757,0,9.986,6028,6048,1.790,1.160,0.590,6,0,0,0,0,11,30,1,20,0
18-05 20:01:25,81.747,12.750,5.000,0,0.250,1685816,858428,169644,5220628,4628.838,1531.947,0,307.989,0,24.999,8545,14178,1.790,1.160,0.590,5,0,120.996,0,0,11,29,1,21,0
18-05 20:01:26,45.036,11.259,42.534,0,0,1569732,974468,169648,5220668,10368.403,1621.314,0,276.224,0,25.020,5333,5751,1.800,1.170,0.600,2,0,177.144,0,0,11,28,1,21,0
18-05 20:01:27,42.988,7.998,48.236,0,0,1548956,995212,169652,5220696,9522.278,1619.537,0,247.929,0,20.994,4426,5423,1.800,1.170,0.600,3,0,83.976,0,0,11,29,1,21,0
18-05 20:01:28,64.043,17.762,17.762,0,0.250,1560624,983368,169656,5220868,10575.155,1501.016,0,4134.797,0,44.030,5570,4990,1.800,1.170,0.600,3,0,294.199,0,0,11,28,1,21,0
18-05 20:01:29,63.230,6.498,28.241,0.500,0,1583732,960144,169684,5220956,7677.523,1693.454,0,599.807,0,46.985,7670,10727,1.800,1.170,0.600,3,0,40.987,0,0,11,28,1,22,0
18-05 20:01:30,78.287,20.510,1.501,0,0.250,1585456,958408,169684,5220968,10322.830,1662.778,0,2353.101,0,92.043,5294,2853,1.800,1.170,0.600,4,0,217.102,0,0,11,28,1,22,0
18-05 20:01:31,72.681,7.243,18.982,0,0,1628916,914824,169708,5221068,10643.921,1618.467,0,375.644,0,33.968,9320,13712,2.060,1.240,0.630,4,0,0,0,0,11,28,1,23,0
18-05 20:01:32,63.144,18.219,17.720,0,0,1570232,973472,169712,5221100,7767.984,1455.561,0,291.512,0,26.955,4452,3260,2.060,1.240,0.630,4,0,323.458,0,0,11,28,1,23,0
18-05 20:01:33,61.622,7.515,29.559,0.250,0.501,1554400,989028,169728,5221360,8523.941,1623.226,0,400.797,0,28.056,8065,10721,2.060,1.240,0.630,5,0,37.074,0,0,11,29,1,23,0
18-05 20:01:34,65.292,19.012,16.260,0,0.250,1558592,984808,169728,5221388,13705.824,1621.044,0,308.198,0,20.013,5206,11035,2.060,1.240,0.630,3,0,299.193,0,0,11,28,1,24,0
18-05 20:01:35,60.899,8.736,28.453,0.250,0,1602164,940876,169736,5221740,8392.144,1617.330,0,531.123,0,24.959,6883,8972,2.060,1.240,0.630,4,0,20.965,0,0,11,29,1,26,0
18-05 20:01:36,60.951,19.734,18.235,0,0,1565612,977408,169740,5221776,9672.152,1618.687,0,291.763,0,13.989,4669,3287,2.140,1.260,0.640,3,0,265.784,0,0,11,28,1,20,0
18-05 20:01:37,64.140,8.268,27.811,0,0,1522868,1019888,169740,5222040,8414.359,1697.704,0,380.831,0,36.079,7071,9141,2.140,1.260,0.640,4,0,39.085,0,0,11,28,1,20,0
18-05 20:01:38,62.019,13.004,24.507,0,0,1586268,956480,169740,5222048,11340.445,1458.443,0,236.072,0,15.005,4060,2002,2.140,1.260,0.640,3,0,73.022,0,0,11,28,1,20,0
18-05 20:01:39,63.743,13.999,20.998,0.500,0,1583628,958912,169788,5222264,9994.980,1619.835,0,9067.075,0,573.941,8254,11564,2.140,1.260,0.640,5,0,260.973,0,0,11,28,1,21,0
18-05 20:01:40,77.012,22.003,0.500,0,0.500,1601624,940868,169788,5222312,7426.140,1620.249,0,180.028,0,16.002,5582,4690,2.140,1.260,0.640,8,0,454.070,0,0,11,28,1,21,0
18-05 20:01:41,81.490,17.498,0.500,0,0,1741596,800812,169800,5222384,10853.730,1713.800,0,339.960,0,21.997,6590,6412,2.530,1.360,0.670,7,0,307.964,0,0,11,28,1,18,0
18-05 20:01:42,78.964,19.741,1.749,0,0.250,1730480,811656,169816,5222624,9773.583,1457.341,0,419.810,0,31.986,8299,10763,2.530,1.360,0.670,7,0,415.812,0,0,11,28,1,18,0
18-05 20:01:43,78.792,19.761,0.500,0,0.250,1626540,915508,169824,5222704,7879.226,1620.869,0,492.264,0,35.019,6497,6861,2.530,1.360,0.670,5,0,422.226,0,0,11,28,1,18,0
18-05 20:01:44,86.745,11.749,1.250,0,0,1703880,837996,169828,5222872,9043.443,1619.900,0,163.990,0,8.999,6838,7685,2.530,1.360,0.670,4,0,0,0,0,11,29,1,18,0
18-05 20:01:45,63.918,20.724,13.732,0,0,1508752,1032896,169828,5223104,10669.381,1456.141,0,167.786,0,11.985,9239,14092,2.530,1.360,0.670,4,0,459.414,0,0,11,28,1,20,0
18-05 20:01:46,20.523,33.036,46.301,0,0,1487312,1054300,169828,5223140,9332.259,1621.783,0,192.211,0,18.020,6700,5881,2.640,1.400,0.690,4,0,794.874,0,0,11,28,1,20,0
18-05 20:01:47,78.771,19.255,1.000,0,0,1599264,942308,169832,5223176,10397.776,1620.433,0,152.041,0,11.003,5610,4192,2.640,1.400,0.690,4,0,348.093,0,0,11,28,1,20,0
18-05 20:01:48,78.498,12.500,8.250,0.250,0.250,1594260,947196,169856,5223268,8965.721,1619.950,0,1107.966,0,86.997,7841,11380,2.640,1.400,0.690,4,0,150.995,0,0,11,28,1,21,0
18-05 20:01:49,82.250,16.000,2.000,0,0,1572792,968524,169856,5223408,32597.818,1457.992,0,179.999,0,9.000,5079,3025,2.640,1.400,0.690,4,0,116.999,0,0,11,28,1,21,0
18-05 20:01:50,66.230,7.221,24.649,0,0.249,1611292,929772,169864,5223652,8350.945,1613.421,0,1338.541,0,12.947,10070,15482,2.640,1.400,0.690,3,0,0,0,0,11,31,1,23,0
18-05 20:01:51,64.363,11.520,23.541,0,0.250,1546404,994388,169896,5223892,7344.904,1622.851,0,3802.681,0,186.327,10785,16782,2.750,1.450,0.710,5,0,90.158,0,0,11,28,1,26,0
18-05 20:01:52,84.696,14.534,1.002,0,0,1596328,944440,169900,5223912,11261.075,1623.760,0,144.334,0,9.021,5221,2876,2.750,1.450,0.710,4,0,30.070,0,0,11,29,1,26,0
18-05 20:01:53,63.807,7.976,26.669,0,0,1621000,919504,169904,5224172,12865.131,1688.897,0,147.554,0,8.973,11609,18576,2.750,1.450,0.710,3,0,0.997,0,0,11,32,1,26,0
18-05 20:01:54,68.707,15.045,15.045,0,0,1523004,1017264,169904,5224408,13523.685,1624.888,0,489.473,0,11.033,9195,13613,2.750,1.450,0.710,6,0,253.763,0,0,11,28,1,27,0
18-05 20:01:55,84.246,12.499,2.750,0,0.250,1604332,935920,169904,5224424,11363.504,1619.929,0,135.994,0,10.000,5680,4403,2.750,1.450,0.710,5,0,7.000,0,0,11,29,1,27,0
18-05 20:01:56,70.336,10.226,18.208,0,0,1556572,983392,169916,5224700,5109.095,1454.611,0,239.442,0,23.944,10027,16813,2.770,1.470,0.720,5,0,34.919,0,0,11,29,1,28,0
18-05 20:01:57,82.908,15.279,1.753,0,0,1580896,959040,169932,5224712,12216.290,1623.094,0,200.382,0,20.038,5546,3703,2.770,1.470,0.720,5,0,93.178,0,0,11,28,1,28,0
18-05 20:01:58,79.615,12.479,7.238,0,0.250,1649456,890240,169960,5224924,12203.277,1659.183,0,359.390,0,34.941,7348,11468,2.770,1.470,0.720,4,0,119.797,0,0,11,30,1,28,0
18-05 20:01:59,80.001,14.500,4.750,0,0.500,1638880,900744,169964,5224992,8782.150,1458.025,0,180.003,0,11.000,6112,8695,2.770,1.470,0.720,3,0,141.002,0,0,11,30,1,28,0
18-05 20:02:00,79.917,13.278,6.263,0,0,1623236,916200,169964,5225180,8696.176,1623.393,0,120.251,0,8.017,6660,8841,2.770,1.470,0.720,5,0,83.174,0,0,11,28,1,28,0
18-05 20:02:01,83.503,13.501,2.750,0,0,1617556,921848,169964,5225212,10646.427,1620.065,0,120.005,0,8.000,5868,5124,2.870,1.520,0.740,4,0,71.003,0,0,11,28,1,28,0
18-05 20:02:02,81.995,11.999,5.750,0,0,1592880,946292,169980,5225424,8645.496,1619.906,0,471.973,0,48.997,7629,9956,2.870,1.520,0.740,4,0,83.995,0,0,11,28,1,29,0
18-05 20:02:03,60.836,15.458,22.689,0,0.249,1571196,967936,170000,5225444,7966.527,1454.081,0,267.280,0,21.941,5117,4025,2.870,1.520,0.740,3,0,174.530,0,0,11,28,1,29,0
18-05 20:02:04,62.059,12.011,25.775,0.250,0.250,1581256,957656,170000,5225664,7864.498,1621.546,0,304.290,0,20.019,6313,7624,2.870,1.520,0.740,4,0,96.092,0,0,11,29,1,31,0
18-05 20:02:05,62.348,12.520,24.539,0,0,1578320,960548,170012,5225692,11284.814,1664.628,0,192.304,0,9.014,5020,4882,2.870,1.520,0.740,3,0,86.136,0,0,11,28,1,32,0
18-05 20:02:06,59.504,9.501,30.752,0.500,0,1574000,964640,170016,5225912,18404.115,1458.088,0,408.025,0,30.002,6089,7675,3.040,1.570,0.760,2,0,86.005,0,0,11,28,1,32,0
18-05 20:02:07,37.629,12.958,47.846,0,0.249,1468232,1070240,170032,5226064,10293.953,1614.816,0,283.091,0,26.914,5014,5655,3.040,1.570,0.760,2,0,134.568,0,0,11,28,1,32,0
18-05 20:02:08,45.544,4.755,48.297,0,0,1502180,1036240,170044,5226104,9482.198,1621.573,0,248.241,0,23.022,4311,4458,3.040,1.570,0.760,2,0,1.001,0,0,11,30,1,32,0
18-05 20:02:09,40.095,11.778,47.863,0.251,0.251,1449800,1088544,170056,5226164,11352.894,1623.847,0,412.978,0,60.142,5118,5011,3.040,1.570,0.760,2,0,139.330,0,0,11,32,1,30,0
18-05 20:02:10,43.476,7.246,48.723,0.250,0,1513760,1024568,170060,5226184,11227.757,1619.100,0,251.860,0,20.988,4075,3571,3.040,1.570,0.760,2,0,59.967,0,0,11,32,1,30,0
18-05 20:02:11,43.890,6.234,48.378,0,0,1496380,1041788,170060,5226308,6124.584,1615.933,0,247.377,0,20.947,3960,4357,3.040,1.600,0.780,2,0,6.982,0,0,11,32,1,30,0
18-05 20:02:12,44.069,7.512,47.825,0.250,0,1481548,1056568,170068,5226348,56810.307,1460.296,0,3765.920,0,173.272,5436,6412,3.040,1.600,0.780,2,0,43.068,0,0,11,32,1,31,0
18-05 20:02:13,43.689,6.990,47.933,0.250,0.250,1467720,1070360,170080,5226372,12975.847,1617.737,0,315.559,0,27.961,4159,3715,3.040,1.600,0.780,2,0,5.992,0,0,11,32,1,28,0
18-05 20:02:14,42.365,9.275,47.630,0,0.251,1417836,1120180,170092,5226424,6131.706,1624.426,0,244.667,0,25.068,6115,7695,3.040,1.600,0.780,2,0,81.221,0,0,11,32,1,28,0
18-05 20:02:15,23.933,11.967,63.323,0,0,1439936,1098008,170092,5226492,28412.692,1615.491,0,211.410,0,10.969,3488,2506,3.040,1.600,0.780,2,0,200.441,0,0,11,32,1,28,0
18-05 20:02:16,21.798,6.013,71.659,0.251,0,1408064,1129704,170100,5226656,9058.051,1461.235,0,308.683,0,24.053,4393,5107,2.870,1.590,0.780,1,0,63.140,0,0,11,32,1,29,0
18-05 20:02:17,16.241,10.994,71.461,0,0,1451256,1086500,170108,5226660,11954.486,1619.118,0,235.871,0,16.991,3617,2710,2.870,1.590,0.780,1,0,220.880,0,0,11,32,1,27,0
18-05 20:02:18,23.479,3.247,72.185,0,0,1459568,1078164,170112,5226676,12505.756,1660.507,0,179.838,0,8.992,3714,4312,2.870,1.590,0.780,1,0,1.998,0,0,11,32,0,28,0
18-05 20:02:19,20.484,5.995,72.694,0,0.250,1398252,1139472,170116,5226680,28454.275,1456.888,0,327.750,0,13.989,2280,1544,2.870,1.590,0.780,1,0,45.965,0,0,11,32,0,28,0
18-05 20:02:20,23.268,3.002,72.056,0.250,0,1410556,1127136,170116,5226712,8591.736,1621.271,0,152.119,0,9.007,4285,5238,2.870,1.590,0.780,1,0,0,0,0,11,33,0,28,0
18-05 20:02:21,12.492,17.489,68.459,0.250,0,1379624,1157868,170120,5226900,9673.185,1619.027,0,1603.036,0,25.984,5849,5205,2.800,1.590,0.780,1,0,392.764,0,0,11,32,0,28,0
18-05 20:02:22,34.096,14.040,51.144,0,0,1437420,1099848,170148,5227096,7170.238,1462.127,36.102,625.766,1.003,63.178,4512,3449,2.800,1.590,0.780,2,0,233.660,0,0,11,32,0,30,0
18-05 20:02:23,39.237,7.497,45.985,5.998,0.250,1545924,986476,170572,5231020,13318.518,1619.455,435.853,9912.664,16.994,883.703,8453,10534,2.800,1.590,0.780,2,2,47.984,0,0,11,36,0,30,0
18-05 20:02:24,32.891,6.479,41.862,16.944,0,1515292,1012172,171380,5234900,8692.277,1614.664,0,40334.715,0,3339.963,17864,27601,2.800,1.590,0.780,3,0,90.700,0,0,11,36,0,30,0
18-05 20:02:25,34.350,6.770,40.367,15.796,0.501,1523956,1002092,171956,5235676,11008.964,1624.717,0,38688.330,0,3267.487,18112,26754,2.800,1.590,0.780,2,0,35.102,0,0,11,36,0,30,0
18-05 20:02:26,44.210,6.994,46.708,0.999,0,1576360,949668,171976,5235676,11687.455,1618.540,0,5754.808,0,309.721,3676,3080,2.740,1.600,0.790,2,0,5.995,0,0,11,32,0,27,0
18-05 20:02:27,36.806,7.511,43.816,9.014,0,1624800,900684,172204,5235980,5548.411,1622.460,0,19024.840,0,1890.866,11608,18534,2.740,1.600,0.790,4,0,3.005,0,0,11,34,0,27,0
18-05 20:02:28,36.206,10.238,44.696,7.491,0.250,1575428,949440,172584,5236200,12193.280,1618.047,0,10735.041,0,1464.232,11791,15995,2.740,1.600,0.790,2,0,46.943,0,0,11,32,0,27,0
18-05 20:02:29,22.248,6.000,71.244,0.250,0,1602800,922036,172596,5236220,7946.339,1457.879,0,687.943,0,30.997,2331,1567,2.740,1.600,0.790,1,0,53.996,0,0,11,32,0,27,0
18-05 20:02:30,22.227,3.496,71.924,0.749,0,1565304,959480,172648,5236220,9211.283,1618.293,0,7000.615,0,366.613,2990,3068,2.740,1.600,0.790,1,0,0.999,0,0,11,32,0,26,0
18-05 20:02:31,22.487,3.748,72.959,0,0,1567052,957716,172652,5236232,9365.706,1619.085,0,107.939,0,16.990,1955,1308,2.600,1.590,0.790,1,0,2.998,0,0,11,32,0,26,0
18-05 20:02:32,21.748,4.000,73.242,0.250,0,1565824,958944,172652,5236232,11090.833,1511.841,0,1535.838,0,133.986,1907,1278,2.600,1.590,0.790,1,0,0,0,0,11,32,0,26,0
18-05 20:02:33,22.512,3.502,73.288,0,0,1556192,968472,172660,5236308,10573.484,1566.813,0,0,0,0,1861,1182,2.600,1.590,0.790,1,0,4.002,0,0,11,32,0,26,0
18-05 20:02:34,27.262,6.253,65.779,0,0,1563080,961576,172660,5236312,7838.485,1620.721,0,0,0,0,3202,12229,2.600,1.590,0.790,1,0,36.016,0,0,11,32,0,26,0
18-05 20:02:35,22.780,3.254,73.595,0,0,1576980,947548,172660,5236432,7292.460,1622.104,0,144.187,0,2.003,1796,1122,2.600,1.590,0.790,1,0,2.003,0,0,11,32,0,26,0
18-05 20:02:36,21.980,3.497,73.684,0.250,0,1464616,1059876,172664,5236456,11777.443,1456.694,0,235.789,0,1.998,1877,1415,2.470,1.580,0.790,1,0,1.998,0,0,11,32,0,26,0
18-05 20:02:37,21.517,4.253,73.559,0,0.250,1511504,1012960,172680,5236468,9831.888,1621.301,0,120.096,0,13.010,2031,1822,2.470,1.580,0.790,1,0,0,0,0,11,32,0,26,0
18-05 20:02:38,22.701,2.744,73.842,0,0,1524292,1000152,172680,5236488,12535.137,1616.536,0,287.384,0,16.964,1921,1351,2.470,1.580,0.790,1,0,2.994,0,0,11,32,0,23,0
18-05 20:02:39,21.751,3.750,73.755,0,0.500,1513816,1010616,172680,5236500,8103.546,1458.098,0,84.006,0,6.000,1788,1362,2.470,1.580,0.790,1,0,0,0,0,11,32,0,23,0
18-05 20:02:40,21.754,3.751,73.762,0,0.250,1489280,1035128,172680,5236524,10338.718,1620.269,0,0,0,0,1852,1370,2.470,1.580,0.790,1,0,1.000,0,0,11,32,0,23,0
18-05 20:02:41,21.534,4.507,73.365,0,0.250,1461564,1062712,172680,5236624,8456.236,1716.687,0,0,0,0,1953,1344,2.350,1.570,0.790,1,0,21.033,0,0,11,32,0,23,0
18-05 20:02:42,8.735,21.213,68.380,0,0,1467044,1057132,172680,5236684,6480.636,1617.164,0,702.768,0,7.986,6282,4983,2.350,1.570,0.790,1,0,502.120,0,0,11,32,0,22,0
18-05 20:02:43,8.275,20.813,69.460,0,0,1423944,1100040,172680,5236872,7359.275,1624.918,0,549.664,0,10.030,6411,5166,2.350,1.570,0.790,1,0,512.551,0,0,11,32,0,22,0
18-05 20:02:44,15.224,12.229,71.877,0.250,0,1455372,1068580,172680,5236880,9781.257,1455.509,0,135.768,0,1.997,4481,3824,2.350,1.570,0.790,3,0,342.414,0,0,11,32,0,22,0
18-05 20:02:45,21.760,3.502,73.283,0.250,0,1499108,1024844,172680,5236880,8106.653,1620.730,0,1908.860,0,217.098,2226,1318,2.350,1.570,0.790,1,0,2.001,0,0,11,32,0,22,0
18-05 20:02:46,22.488,2.749,73.710,0,0,1511252,1012704,172680,5236876,12367.367,1619.132,0,15.991,0,0.999,1774,1188,2.250,1.560,0.800,2,0,0.999,0,0,11,32,0,20,0
18-05 20:02:47,22.754,3.751,73.512,0,0,1544512,979460,172680,5236876,11899.892,1458.232,0,124.020,0,13.002,1963,1498,2.250,1.560,0.800,2,0,2.000,0,0,11,32,0,20,0
18-05 20:02:48,22.268,3.503,73.060,0,0,1495148,1028808,172680,5236888,13373.054,1621.340,0,808.668,0,110.091,2041,1408,2.250,1.560,0.800,2,0,1.001,0,0,11,32,0,20,0
18-05 20:02:49,22.256,3.001,73.518,0,0.250,1508572,1015368,172684,5236900,31713.913,1620.404,0,48.012,0,6.001,1755,1141,2.250,1.560,0.800,2,0,2.000,0,0,11,32,0,20,0
18-05 20:02:50,21.752,4.000,74.006,0,0,1512000,1011960,172684,5236880,6765.515,1620.123,0,0,0,0,1805,1325,2.250,1.560,0.800,1,0,1.000,0,0,11,32,0,18,0
18-05 20:02:51,22.742,2.749,73.725,0,0,1501412,1022528,172684,5236900,10495.405,1457.501,0,19.993,0,1.000,1806,1159,2.140,1.550,0.800,1,0,2.999,0,0,11,32,0,18,0
18-05 20:02:52,22.194,3.491,73.813,0,0.499,1510216,1013736,172684,5236888,9556.832,1615.914,0,19.950,0,1.995,1785,1246,2.140,1.550,0.800,2,0,1.995,0,0,11,32,0,18,0
18-05 20:02:53,22.567,3.260,73.720,0,0,1505800,1018168,172684,5236872,17265.410,1624.838,0,12.036,0,1.003,1827,1209,2.140,1.550,0.800,2,0,2.006,0,0,11,32,0,18,0
18-05 20:02:54,21.492,3.499,73.224,0,0.250,1499236,1024728,172684,5236876,10128.416,1457.484,0,175.938,0,27.990,1853,1249,2.140,1.550,0.800,2,0,1.999,0,0,11,32,0,11,0
18-05 20:02:55,22.724,3.246,73.667,0,0,1487956,1036068,172684,5236816,8384.498,1618.166,0,2173.537,0,13.984,1762,1118,2.140,1.550,0.800,2,0,0.999,0,0,11,32,0,11,0
18-05 20:02:56,22.223,3.745,73.660,0,0,1526376,997644,172684,5236820,23819.815,1618.018,0,0,0,0,1932,1208,2.050,1.540,0.800,2,0,1.998,0,0,11,32,0,11,0
18-05 20:02:57,23.041,2.755,72.880,0.250,0.250,1504764,1019160,172696,5236904,10937.484,1622.891,0,296.528,0,10.018,1923,1471,2.050,1.540,0.800,3,0,1.002,0,0,11,32,0,11,0
18-05 20:02:58,21.720,4.244,73.149,0.250,0,1482596,1041324,172708,5236896,8527.175,1617.757,0,439.391,0,27.961,1892,1462,2.050,1.540,0.800,3,0,0.999,0,0,11,32,0,10,0
18-05 20:02:59,21.293,4.008,73.397,0,0,1493044,1030872,172712,5236896,9927.905,1623.255,0,44.088,0,4.008,1801,1186,2.050,1.540,0.800,3,0,2.004,0,0,11,32,0,10,0
18-05 20:03:00,22.977,2.747,73.927,0,0,1475408,1048512,172712,5236892,9337.773,1618.401,0,139.862,0,24.975,1803,1167,2.050,1.540,0.800,3,0,0.999,0,0,11,32,0,10,0
18-05 20:03:01,21.745,3.499,73.733,0,0.250,1474612,1049284,172712,5236916,10151.597,1457.655,0,27.993,0,2.000,1804,1187,1.970,1.530,0.800,2,0,1.000,0,0,11,32,0,10,0
18-05 20:03:02,22.526,3.754,73.587,0,0,1498812,1025096,172712,5236904,7645.992,1621.907,0,0,0,0,1839,1291,1.970,1.530,0.800,2,0,2.002,0,0,11,32,0,9,0
18-05 20:03:03,16.254,11.503,71.267,0,0.250,1476764,1047132,172712,5236916,11845.882,1620.394,0,132.032,0,6.001,3717,2670,1.970,1.530,0.800,2,0,203.049,0,0,11,32,0,9,0
18-05 20:03:04,15.213,13.218,70.579,0,0.249,1473940,1049888,172712,5236980,10849.752,1616.090,0,195.527,0,6.983,4184,3213,1.970,1.530,0.800,1,0,257.377,0,0,11,32,0,9,0
18-05 20:03:05,22.988,2.749,73.963,0,0,1471708,1051892,172712,5237204,6105.906,1457.261,0,0,0,0,1663,1068,1.970,1.530,0.800,1,0,0,0,0,11,32,0,9,0
18-05 20:03:06,21.777,3.755,73.592,0,0,1485336,1038248,172712,5237220,90362.508,1622.038,0,208.262,0,27.034,1963,1327,1.890,1.520,0.800,1,0,9.011,0,0,11,32,0,9,0
18-05 20:03:07,20.793,7.766,70.645,0.251,0,1494840,1028608,172720,5237344,10412.352,1623.329,40.082,192.395,2.004,13.027,2853,2203,1.890,1.520,0.800,1,0,154.316,0,0,11,32,0,6,0
18-05 20:03:08,8.500,21.499,68.496,0,0,1487380,1036020,172724,5237388,38823.761,1457.916,0,527.970,0,24.999,6304,4831,1.890,1.520,0.800,2,0,466.973,0,0,11,32,0,6,0
18-05 20:03:09,7.250,22.000,68.499,0,0,1454660,1068704,172724,5237416,13044.819,1619.977,0,271.996,0,8.000,6404,4843,1.890,1.520,0.800,1,0,499.993,0,0,11,32,0,6,0
18-05 20:03:10,8.493,21.731,68.691,0,0.250,1448736,1074584,172724,5237448,14172.868,1618.614,0,615.473,0,6.994,6337,4926,1.890,1.520,0.800,1,0,508.565,0,0,11,32,0,6,0
18-05 20:03:11,8.502,21.755,68.267,0,0.250,1448828,1074472,172724,5237468,10732.651,1620.400,0,1268.313,0,36.009,5738,3999,1.980,1.550,0.810,2,0,392.097,0,0,11,32,0,6,0
18-05 20:03:12,8.251,21.753,68.759,0,0,1440592,1082668,172724,5237504,9242.217,1458.192,0,1380.182,0,15.002,6727,5508,1.980,1.550,0.810,1,0,612.081,0,0,11,32,0,6,0
18-05 20:03:13,7.757,21.018,69.561,0,0,1430040,1093184,172724,5237540,10039.753,1621.414,0,204.178,0,9.008,6010,4574,1.980,1.550,0.810,1,0,433.378,0,0,11,32,0,6,0
18-05 20:03:14,7.976,20.438,69.041,0,0,1417856,1105340,172724,5237568,11407.403,1615.102,0,410.754,0,8.973,5790,4264,1.980,1.550,0.810,1,0,389.818,0,0,11,32,0,6,0
18-05 20:03:15,7.766,23.299,68.144,0,0,1395000,1128172,172724,5237592,10139.392,1623.425,0,56.118,0,14.030,6360,4820,1.980,1.550,0.810,1,0,510.076,0,0,11,32,0,5,0
18-05 20:03:16,10.007,22.517,66.299,0,0.250,1332784,1190336,172736,5237632,9460.981,1663.227,0,220.162,0,10.007,6132,4911,1.820,1.520,0.810,3,0,489.361,0,0,11,34,0,6,0
18-05 20:03:17,43.884,26.181,29.422,0.249,0.249,1443100,1079796,172760,5237796,11245.159,1615.712,0,1631.670,0,186.505,6907,6122,1.820,1.520,0.810,3,0,609.383,0,0,11,32,0,11,0
18-05 20:03:18,63.307,10.009,24.772,1.752,0,1619640,899832,172924,5240672,9903.856,1459.305,444.397,4664.171,10.009,352.315,5671,4937,1.820,1.520,0.810,3,0,22.020,0,0,11,34,0,11,0
18-05 20:03:19,38.547,10.012,33.040,16.270,0,1611884,896580,173880,5249756,32718.789,1621.972,0,59292.104,0,4128.020,20269,32704,1.820,1.520,0.810,5,0,141.172,0,0,11,36,0,10,0
18-05 20:03:20,37.024,9.506,32.021,20.013,0.250,1633300,866272,174312,5257880,8861.743,1621.051,0,58205.723,0,4195.719,21345,31636,1.820,1.520,0.810,2,1,85.055,0,0,11,36,0,10,0
18-05 20:03:21,37.464,8.742,35.716,15.235,0,1631712,860716,174556,5264616,6556.678,1618.439,0,56609.415,0,4094.052,22121,33465,2,1.560,0.830,1,1,111.892,0,0,11,36,0,11,0
18-05 20:03:22,44.762,12.253,27.758,14.004,0,1626064,859344,174980,5270964,10293.789,1458.395,0,50725.744,0,3572.968,19016,28427,2,1.560,0.830,3,0,174.047,0,0,11,34,0,11,0
18-05 20:03:23,42.721,18.737,27.482,8.744,0,1632488,847144,175472,5275972,12688.517,1618.918,371.751,29600.210,5.996,2263.487,20115,31467,2,1.560,0.830,3,1,261.825,0,0,11,35,0,10,0
18-05 20:03:24,35.712,15.733,32.965,13.486,0.250,1639256,833420,175864,5282284,8245.162,1618.265,1782.090,51617.668,31.966,3505.243,16328,28983,2,1.560,0.830,2,1,204.780,0,0,11,34,0,10,0
18-05 20:03:25,34.062,7.514,42.577,15.278,0,1660012,809180,176040,5285456,9054.458,1502.732,0,44633.129,0,3565.481,16584,28462,2,1.560,0.830,1,1,45.082,0,0,11,35,0,11,0
18-05 20:03:26,29.706,9.236,44.934,13.231,0,1555508,909920,176184,5288976,7589.864,1617.627,0,37157.483,0,2963.652,18855,30327,2,1.570,0.830,1,1,115.830,0,0,11,34,0,12,0
18-05 20:03:27,32.731,8.245,39.227,16.490,0.250,1619568,846292,176368,5288320,10533.846,1619.054,0,43930.334,0,3595.899,17978,27579,2,1.570,0.830,3,1,26.984,0,0,11,35,0,13,0
18-05 20:03:28,33.567,6.513,41.834,14.529,0.251,1609712,853988,176704,5290132,26271.552,1623.247,0,39250.514,0,3364.731,20140,30704,2,1.570,0.830,3,0,33.066,0,0,11,35,0,18,0
18-05 20:03:29,32.758,8.752,41.261,15.754,0,1590284,872920,176932,5290376,6755.720,1620.413,0,36521.301,0,3298.840,19090,27772,2,1.570,0.830,1,1,54.014,0,0,11,36,0,18,0
18-05 20:03:30,36.876,7.475,39.367,13.455,0,1603792,857576,177004,5292092,10273.344,1453.098,0,38713.403,0,3248.043,17962,27510,2,1.570,0.830,2,1,32.889,0,0,11,37,0,18,0
18-05 20:03:31,34.464,9.240,43.205,11.738,0.250,1526640,932672,177092,5294016,9256.264,1618.298,0,31878.470,0,2892.957,18565,29828,2,1.580,0.840,2,1,99.895,0,0,11,36,0,19,0
18-05 20:03:32,33.131,7.781,40.159,17.570,0,1580892,875640,177136,5296680,8676.393,1626.447,0,46801.523,0,3768.940,17727,30931,2,1.580,0.840,3,1,45.179,0,0,11,36,0,19,0
18-05 20:03:33,31.433,9.729,42.409,14.968,0,1522004,931828,177336,5299108,12866.474,1616.542,0,48180.923,0,3692.101,19550,29916,2,1.580,0.840,2,0,76.836,0,0,11,36,0,19,0
18-05 20:03:34,36.584,8.018,37.586,15.034,0.501,1574676,876456,177444,5303928,10545.118,1623.714,0,45764.671,0,3686.431,18875,31776,2,1.580,0.840,6,1,109.250,0,0,11,36,0,19,0
18-05 20:03:35,33.738,10.246,38.236,15.994,0,1588676,860304,177480,5303656,11158.973,1457.474,0,50677.711,0,4129.510,19815,38628,2,1.580,0.840,3,1,121.956,0,0,11,36,0,20,0
18-05 20:03:36,34.529,7.506,40.033,15.263,0,1605208,841968,177516,5305360,11744.723,1621.342,0,46178.229,0,3813.157,16098,30102,2.240,1.640,0.860,2,0,27.022,0,0,11,37,0,21,0
18-05 20:03:37,31.232,9.245,42.476,14.992,0,1628552,823924,177540,5300044,7429.790,1619.083,0,34344.539,0,3190.192,16529,28400,2.240,1.640,0.860,3,1,48.972,0,0,11,36,0,21,0
18-05 20:03:38,39.007,5.001,45.258,8.001,0,1641476,810432,177568,5300580,11202.070,1458.269,0,17215.181,0,1640.303,11080,18032,2.240,1.640,0.860,2,0,33.006,0,0,11,34,0,22,0
18-05 20:03:39,14.757,24.261,57.027,4.252,0,1483712,967960,177596,5300788,8213.870,1620.764,0,19377.129,0,1056.498,9571,10141,2.240,1.640,0.860,2,0,589.278,0,0,11,32,0,22,0
18-05 20:03:40,35.491,19.495,42.989,0.500,0,1497092,954360,177612,5300992,9239.583,1619.576,0,1367.642,0,91.976,6353,5260,2.240,1.640,0.860,3,0,419.890,0,0,11,32,0,28,0
18-05 20:03:41,65.491,9.749,23.747,0.500,0,1626912,822844,177668,5302440,7347.042,1713.777,0,5751.250,0,315.959,4686,2903,2.300,1.660,0.870,3,0,3.000,0,0,11,32,0,28,0
18-05 20:03:42,66.987,9.248,22.746,0.250,0.250,1788348,657336,177816,5305940,58773.008,1457.727,0,6474.789,0,166.969,4508,2101,2.300,1.660,0.870,4,0,11.998,0,0,11,32,0,28,0
18-05 20:03:43,31.689,6.986,43.665,15.221,0.499,1798652,637680,177956,5314776,11413.887,1616.868,0,51500.226,0,3602.022,19491,29074,2.300,1.660,0.870,1,2,132.743,0,0,11,38,0,28,0
18-05 20:03:44,22.277,6.508,49.309,19.523,0.250,1797392,629364,178032,5323944,7958.568,1621.950,0,76916.475,0,5482.592,26221,42531,2.300,1.660,0.870,1,1,204.246,0,0,11,38,0,28,0
18-05 20:03:45,18.272,6.508,51.311,21.275,0,1796888,623064,178084,5330488,7107.396,1621.916,0,79145.498,0,5636.659,25653,40486,2.300,1.660,0.870,4,1,129.153,0,0,11,38,0,28,0
18-05 20:03:46,31.221,7.993,39.713,18.483,0,1707944,705420,178164,5336764,12979.018,1618.506,0,65323.696,0,4798.570,23229,37146,2.520,1.710,0.900,1,1,209.806,0,0,11,36,0,28,0
18-05 20:03:47,35.538,8.759,35.037,18.770,0,1765284,639676,178236,5344828,10063.662,1459.546,0,62722.450,0,4422.686,21813,33927,2.520,1.710,0.900,4,2,106.112,0,0,11,36,0,28,0
18-05 20:03:48,41.739,8.748,33.241,15.246,0,1833236,565364,178260,5350928,15014.003,1619.569,0,60379.926,0,4215.878,20451,31951,2.520,1.710,0.900,4,1,40.989,0,0,11,36,0,28,0
18-05 20:03:49,25.429,8.476,44.126,19.196,0,1762724,625612,178288,5360744,32585.609,1615.469,0,64882.030,0,4311.907,19872,32045,2.520,1.710,0.900,1,4,74.790,0,0,11,36,0,28,0
18-05 20:03:50,15.511,7.756,56.790,17.262,0.250,1753928,631696,178308,5363344,10388.367,1621.150,0,64369.651,0,4867.452,19755,35400,2.520,1.710,0.900,1,0,69.049,0,0,11,36,0,28,0
18-05 20:03:51,23.740,5.997,51.478,17.742,0,1751852,629968,178336,5367016,9787.740,1457.366,0,60221.789,0,4365.100,20588,32348,2.870,1.800,0.930,2,0,74.967,0,0,11,36,0,28,0
18-05 20:03:52,27.774,11.260,58.299,2.002,0,1482336,899448,178336,5367044,7855.664,1621.375,0,14732.498,0,651.553,5428,5512,2.870,1.800,0.930,1,0,249.211,0,0,11,32,0,28,0
18-05 20:03:53,22.276,3.504,73.335,0.501,0,1522940,858840,178336,5367048,9481.025,1621.886,0,1157.346,0,76.088,2046,1721,2.870,1.800,0.930,2,0,2.002,0,0,11,32,0,28,0
18-05 20:03:54,23.475,2.997,71.424,1.249,0.250,1568048,813732,178336,5367048,11733.507,1456.449,0,4311.409,0,293.687,2858,2893,2.870,1.800,0.930,1,0,1.998,0,0,11,38,0,28,0
18-05 20:03:55,21.522,4.254,73.824,0,0.250,1488372,893400,178336,5367056,8520.533,1621.624,0,84.084,0,7.007,2146,1403,2.870,1.800,0.930,1,0,27.027,0,0,11,32,0,28,0
18-05 20:03:56,22.008,3.251,73.276,0,0,1555148,826620,178336,5367060,9672.407,1620.571,0,40.014,0,4.001,1884,1269,2.720,1.790,0.930,2,0,1.000,0,0,11,32,0,28,0
18-05 20:03:57,20.501,6.500,72.252,0.250,0,1475292,906464,178340,5367068,10514.305,1620.047,0,776.023,0,46.001,2884,2258,2.720,1.790,0.930,3,0,79.002,0,0,11,32,0,28,0
18-05 20:03:58,12.750,37.751,48.251,0,0,1481544,900120,178340,5367140,10919.326,1458.044,0,184.005,0,23.001,8509,8346,2.720,1.790,0.930,2,0,1181.035,0,0,11,32,0,28,0
18-05 20:03:59,7.497,22.742,68.726,0,0.250,1474428,907184,178340,5367192,12072.809,1619.438,0,439.847,0,68.976,5660,3763,2.720,1.790,0.930,1,0,395.863,0,0,11,32,0,28,0
18-05 20:04:00,7.503,21.259,69.279,0,0,1463924,917684,178340,5367224,6582.785,1620.686,0,8.003,0,2.001,5552,4166,2.720,1.790,0.930,1,0,352.149,0,0,11,32,0,28,0
18-05 20:04:01,8.999,20.498,68.742,0,0.250,1398604,982828,178340,5367384,7631.117,1619.813,0,39.995,0,9.999,5554,3980,2.670,1.790,0.940,1,0,337.961,0,0,11,32,0,28,0
18-05 20:04:02,16.234,16.484,65.188,0,0,1400180,981216,178340,5367824,11175.328,1618.454,0,43.958,0,5.994,6605,7613,2.670,1.790,0.940,1,0,265.746,0,0,11,32,0,28,0
18-05 20:04:03,40.554,13.768,44.810,0,0,1487484,893768,178352,5367980,9108.199,1622.173,0,500.671,0,61.082,4097,2776,2.670,1.790,0.940,3,0,134.180,0,0,11,33,0,28,0
18-05 20:04:04,43.994,6.749,48.744,0,0.250,1587964,793272,178352,5367996,99625.944,1457.809,0,0,0,0,2769,1321,2.670,1.790,0.940,3,0,0,0,0,11,37,0,28,0
18-05 20:04:05,45.410,5.240,48.154,0.499,0,1633156,746040,178424,5369600,12080.939,1616.780,103.793,1908.200,0.998,182.636,3980,2998,2.670,1.790,0.940,2,0,18.962,0,0,11,49,0,28,0
18-05 20:04:06,23.291,15.277,60.356,0,0,1658404,718164,178428,5372168,9673.954,1622.844,0,264.463,0,7.012,6328,8972,2.530,1.780,0.940,3,0,255.448,0,0,11,48,0,29,0
18-05 20:04:07,19.746,13.497,64.486,1.000,0,1650592,720768,178512,5377180,8393.223,1619.657,5038.933,551.883,91.981,37.992,7180,9552,2.530,1.780,0.940,2,0,247.948,0,0,11,48,0,29,0
18-05 20:04:08,2.749,1.249,93.950,0.250,0,1663008,705676,178532,5379672,7290.138,1677.112,2246.810,1327.297,35.981,36.980,1435,1817,2.530,1.780,0.940,1,0,9.995,0,0,11,48,1,29,0
18-05 20:04:09,0.750,0.500,98.188,0,0.250,1663008,705676,178532,5379672,13509.532,1692.939,0,0,0,0,766,1003,2.530,1.780,0.940,1,0,1.999,0,0,11,48,1,29,0
18-05 20:04:10,0.499,0.499,97.394,0.749,0.250,1663008,705676,178532,5379672,10256.833,1692.158,0,4419.189,0,341.628,1065,1125,2.530,1.780,0.940,0,0,1.998,0,0,11,48,1,29,0
18-05 20:04:11,0.751,0.751,98.186,0,0,1663016,705676,178532,5379668,8950.927,1643.107,0,0,0,0,714,987,2.330,1.750,0.930,1,0,3.006,0,0,11,48,1,29,0
18-05 20:04:12,14.750,15.249,68.248,0,0.250,1674872,693800,178532,5380116,9654.679,1585.947,0,1571.948,0,18.999,6131,7155,2.330,1.750,0.930,1,0,281.991,0,0,11,48,1,29,0
18-05 20:04:13,12.257,15.509,71.540,0,0.250,1681712,686784,178532,5379832,7019.953,1821.025,0,416.234,0,9.005,4962,5106,2.330,1.750,0.930,1,0,289.163,0,0,12,48,1,29,0
18-05 20:04:14,16.754,18.004,63.015,0.500,0,1671364,697052,178532,5380308,12733.106,1858.453,0,7293.779,0,335.082,7498,9281,2.330,1.750,0.930,1,0,309.075,0,0,12,48,1,29,0
18-05 20:04:15,9.721,7.727,79.761,0.997,0,1661596,706708,178532,5380000,9389.857,1527.422,0,3150.557,0,159.522,3763,4473,2.330,1.750,0.930,0,0,194.417,0,0,12,64,1,29,0
18-05 20:04:16,11.028,13.033,74.688,0,0,1677576,690700,178532,5380020,6372.016,1666.188,0,72.181,0,4.010,4817,5204,2.300,1.750,0.940,1,0,206.519,0,0,14,64,1,29,0
18-05 20:04:17,13.971,16.216,68.358,0.249,0.249,1673016,695184,178532,5380056,10261.687,1616.642,0,842.251,0,47.901,6253,6663,2.300,1.750,0.940,1,0,323.328,0,0,14,66,1,29,0
18-05 20:04:18,9.274,19.801,69.177,0,0,1651248,716920,178532,5380088,10396.661,1624.165,0,148.381,0,10.026,5701,4256,2.300,1.750,0.940,2,0,359.923,0,0,14,66,1,29,0
18-05 20:04:19,17.452,15.707,65.819,0,0.499,1669432,698712,178532,5380204,30675.422,1689.342,0,27.923,0,6.981,6128,7548,2.300,1.750,0.940,0,0,248.315,0,0,14,66,1,29,0
18-05 20:04:20,28.792,24.035,46.568,0,0,1748200,619872,178540,5380160,10971.012,1622.368,0,320.468,0,9.013,6713,5563,2.300,1.750,0.940,2,0,513.750,0,0,14,66,1,22,0
18-05 20:04:21,29.999,23.999,44.748,0,0,1818268,548528,178604,5381320,9019.619,1457.938,8.000,95.996,1.000,2.000,7436,8729,2.280,1.760,0.940,4,0,588.975,0,0,14,66,1,22,0
18-05 20:04:22,30.888,25.408,42.845,0,0,1931136,435252,178620,5382108,9742.666,1614.146,0,749.283,0,96.649,7104,7159,2.280,1.760,0.940,3,0,484.244,0,0,14,70,1,24,0
18-05 20:04:23,52.529,18.347,28.401,0,0.251,1991156,375024,178624,5382304,6878.469,1628.635,0,494.622,0,2.011,5803,5751,2.280,1.760,0.940,5,0,307.631,0,0,14,70,1,24,0
18-05 20:04:24,53.805,27.770,16.860,0,0,2123268,242136,178644,5383420,7904.580,1737.619,0,31.737,0,7.934,7125,8037,2.280,1.760,0.940,3,0,414.569,0,0,14,70,1,22,0
18-05 20:04:25,66.633,20.870,12.321,0,0.251,2208016,156320,178712,5383768,8696.981,1466.427,0,1102.335,0,23.133,5456,5934,2.280,1.760,0.940,6,0,367.110,0,0,14,70,1,22,0
18-05 20:04:26,71.926,23.808,2.506,1.253,0.251,2332392,176752,171780,5248756,9842.044,1623.967,1824.457,8548.885,140.343,528.291,6590,7477,2.420,1.800,0.960,5,0,361.884,0,0,14,74,1,22,0
18-05 20:04:27,63.203,26.980,5.496,3.997,0.250,2465640,170992,170704,5125512,9588.847,1692.737,5164.148,27247.675,236.823,1810.649,16375,24873,2.420,1.800,0.960,7,0,352.737,0,0,14,76,1,22,0
18-05 20:04:28,69.247,23.749,3.250,1.500,0,2582848,123068,170288,5058816,7488.697,1457.941,1283.948,14463.416,43.998,1062.957,12946,20828,2.420,1.800,0.960,8,0,384.984,0,0,14,78,1,16,0
18-05 20:04:29,68.806,23.269,7.006,0.500,0,2667160,180236,169484,4920828,11802.594,1621.318,536.436,1188.966,27.022,66.054,9103,15532,2.420,1.800,0.960,7,0,305.248,0,0,14,91,1,22,0
18-05 20:04:30,52.694,26.222,19.729,0,0.250,2797492,121792,169152,4851144,10368.922,1618.271,15.983,994.937,3.996,52.943,8105,12603,2.420,1.800,0.960,3,0,570.391,0,0,14,93,1,23,0
18-05 20:04:31,39.198,18.226,41.944,0.250,0,2855552,135164,169152,4781152,4969.414,1456.070,259.656,902.803,13.981,49.934,6086,8306,2.540,1.830,0.980,4,0,308.591,0,0,14,95,1,23,0
18-05 20:04:32,59.838,14.772,24.035,0.751,0,3019164,171876,169040,4585316,8344.277,1622.387,1854.729,929.367,84.124,44.065,5943,8547,2.540,1.830,0.980,2,0,136.200,0,0,14,98,1,26,0
18-05 20:04:33,27.435,13.468,56.367,1.247,0.249,3059464,198716,169056,4519800,10805.489,1616.184,7.981,5742.442,1.995,335.209,6007,5737,2.540,1.830,0.980,1,0,166.607,0,0,14,101,1,26,0
18-05 20:04:34,7.509,20.023,71.081,0,0,3077368,180780,169056,4519832,12182.798,1711.939,8.009,136.154,2.002,16.018,5574,4118,2.540,1.830,0.980,2,0,320.363,0,0,14,101,1,26,0
18-05 20:04:35,13.227,21.462,63.887,0,0.250,3094776,163256,169056,4519948,10544.268,1617.127,31.943,135.759,3.993,10.980,7562,18213,2.540,1.830,0.980,1,0,540.041,0,0,14,101,1,27,0
18-05 20:04:36,21.294,4.259,73.401,0.251,0,3157744,165540,168932,4456328,10414.363,1623.330,1026.105,0,44.090,0,1861,1296,2.420,1.820,0.980,1,0,0,0,0,14,101,1,27,0
18-05 20:04:37,21.002,5.250,72.255,0.250,0,3126980,196256,168936,4456372,12433.932,1620.121,12.001,284.021,3.000,24.002,3541,3364,2.420,1.820,0.980,1,0,63.005,0,0,14,103,1,24,0
18-05 20:04:38,23.006,4.001,72.769,0.250,0.250,3188328,134892,168936,4456388,9795.521,1458.375,4.001,160.041,1.000,9.002,2068,1525,2.420,1.820,0.980,2,0,1.000,0,0,14,106,1,24,0
18-05 20:04:39,22.240,3.998,71.217,0.750,0,3186656,136244,168948,4456668,9637.498,1619.244,0,1143.466,0,138.935,3883,5144,2.420,1.820,0.980,1,0,0,0,0,14,108,1,24,0
18-05 20:04:40,31.218,4.246,61.688,0.749,0,3194888,127648,168948,4457032,5806.121,1618.361,83.915,1734.244,4.995,173.824,5926,8442,2.420,1.820,0.980,1,0,3.996,0,0,14,112,1,25,0
18-05 20:04:41,16.746,10.497,70.733,1.000,0.250,3149384,173144,168948,4457040,10985.380,1551.630,0,10625.466,0,572.863,4159,2610,2.390,1.820,0.980,1,0,110.974,0,0,14,112,1,18,0
18-05 20:04:42,26.996,5.749,66.241,0,0.250,3209984,178024,168952,4393308,9445.669,1619.772,0,667.906,0,37.995,3115,2783,2.390,1.820,0.980,3,0,9.999,0,0,14,117,1,18,0
18-05 20:04:43,35.344,9.275,53.391,0.752,0.501,3226832,225972,168952,4330172,10908.861,1698.494,20.053,2241.931,5.013,198.525,6043,7655,2.390,1.820,0.980,2,0,47.125,0,0,14,122,1,18,0
18-05 20:04:44,41.943,9.737,46.936,0,0,3335032,181564,168952,4267992,9542.934,1456.006,7.989,599.180,1.997,45.937,3631,2638,2.390,1.820,0.980,2,0,57.921,0,0,14,122,1,18,0
18-05 20:04:45,30.962,6.992,61.176,0.250,0,3357752,158640,168952,4268196,24733.969,1707.926,175.787,447.457,0.999,29.964,3205,2344,2.390,1.820,0.980,1,0,54.933,0,0,14,122,1,18,0
18-05 20:04:46,22.771,3.003,73.569,0.250,0,3366140,150112,168952,4268336,10254.666,1621.528,0,328.309,0,17.016,2045,1521,2.270,1.810,0.980,1,0,0,0,0,14,122,1,18,0
18-05 20:04:47,20.762,6.003,71.540,0,0,3394384,184648,168952,4206932,5808.283,1620.916,4.002,1432.810,1.001,82.046,2680,2198,2.270,1.810,0.980,2,0,51.029,0,0,14,122,1,18,0
18-05 20:04:48,22.493,4.748,71.477,0.500,0,3389220,189912,168952,4206972,9550.863,1499.507,11.996,735.758,2.999,102.966,3245,3651,2.270,1.810,0.980,1,0,8.997,0,0,14,122,1,18,0
18-05 20:04:49,18.979,7.492,71.920,0.499,0,3401752,177372,168952,4206980,35945.779,1618.189,0,2249.483,0,132.851,2852,2390,2.270,1.810,0.980,1,0,72.918,0,0,14,122,1,18,0
18-05 20:04:50,21.012,6.254,72.040,0,0,3410800,168300,168952,4207004,6747.783,1620.909,0,432.242,0,24.013,2649,2079,2.270,1.810,0.980,1,0,56.031,0,0,14,124,1,18,0
18-05 20:04:51,22.962,2.995,73.380,0,0,3446440,194588,168952,4146596,11306.496,1617.353,0,371.392,0,18.969,1889,1343,2.170,1.790,0.980,2,0,0,0,0,14,124,1,19,0
18-05 20:04:52,29.795,5.007,59.339,3.505,2.003,3446520,194120,168956,4146980,10227.275,1622.423,64.096,6930.351,7.010,571.854,8884,13562,2.170,1.790,0.980,2,0,7.010,0,0,14,128,1,20,0
18-05 20:04:53,22.482,6.745,68.696,0.250,0.250,3410448,230124,168960,4147044,11980.605,1456.858,3.997,983.229,0.999,85.933,5107,6833,2.170,1.790,0.980,1,0,56.955,0,0,14,129,1,21,0
18-05 20:04:54,23.758,2.751,72.524,0.250,0.250,3434376,206172,168960,4147068,9849.300,1620.543,0,700.235,0,59.020,3023,3036,2.170,1.790,0.980,2,0,0,0,0,14,130,1,21,0
18-05 20:04:55,27.798,6.010,64.111,0.501,0.250,3438688,201648,168960,4147264,6269.861,1622.811,0,1458.527,0,154.267,7298,11218,2.170,1.790,0.980,2,0,0,0,0,14,130,1,21,0
18-05 20:04:56,27.985,7.746,61.968,0.500,0,3463240,177028,168960,4147332,22790.095,1619.154,0,4533.632,0,103.946,5056,6523,2.080,1.780,0.980,1,0,76.960,0,0,14,129,1,21,0
18-05 20:04:57,22.731,2.998,72.691,0.749,0,3492944,147292,168960,4147364,12785.556,1456.810,0,1250.978,0,105.913,2942,3539,2.080,1.780,0.980,1,0,0,0,0,14,129,1,23,0
18-05 20:04:58,18.742,9.496,70.468,0,0,3495640,144596,168960,4147364,9071.891,1619.267,0,667.698,0,48.978,3480,3138,2.080,1.780,0.980,1,0,146.933,0,0,14,129,1,23,0
18-05 20:04:59,24.754,3.501,71.011,0.500,0.250,3500184,140020,168960,4147396,11121.730,1620.252,0,704.110,0,54.008,3514,4140,2.080,1.780,0.980,1,1,0,0,0,14,130,1,23,0
18-05 20:05:00,26.509,7.503,62.021,2.001,0,3493976,146112,168972,4147500,10391.572,1620.557,0,7198.474,0,500.172,7519,11125,2.080,1.780,0.980,9,0,1.000,0,0,14,130,1,23,0
18-05 20:05:01,45.473,15.241,37.228,0.500,0,3437784,201956,168972,4147816,10248.026,1784.959,47.972,4081.620,2.998,468.727,13099,20456,2.070,1.790,0.990,2,0,289.831,0,0,14,131,1,23,2
18-05 20:05:02,23.748,4.000,69.743,1.000,0.250,3488880,150844,168972,4147832,6899.284,1795.814,0,4823.499,0,387.960,2938,1908,2.070,1.790,0.990,2,0,3.000,0,0,14,131,1,23,2
18-05 20:05:03,14.031,14.532,69.403,0,0.251,3461828,177868,168972,4147860,8498.757,1783.937,0,617.363,0,39.086,4984,3898,2.070,1.790,0.990,1,0,240.531,0,0,14,133,1,23,2
18-05 20:05:04,9.508,21.267,68.556,0,0,3413876,225784,168972,4147896,12138.967,1711.405,0,464.381,0,33.027,6091,4717,2.070,1.790,0.990,1,0,395.325,0,0,14,133,1,23,2
18-05 20:05:05,22.990,16.993,58.725,0.750,0,3437456,202036,168972,4148052,8001.658,1457.391,3.998,1511.369,1.000,89.962,8172,10950,2.070,1.790,0.990,2,0,270.887,0,0,14,133,1,23,2
18-05 20:05:06,31.273,22.516,45.283,0,0,3474252,165160,168976,4148112,11449.244,1705.228,36.026,228.164,4.003,22.016,6602,5226,1.990,1.770,0.990,2,0,485.349,0,0,14,133,1,23,2
18-05 20:05:07,29.404,15.699,53.325,0,0,3498232,140792,168988,4148444,9784.912,1684.476,23.922,422.614,0.997,26.912,7203,8626,1.990,1.770,0.990,4,0,280.082,0,0,14,139,1,23,2
18-05 20:05:08,53.606,27.053,19.288,0,0,3643444,138504,168752,4008224,10742.223,1623.207,244.483,328.649,11.022,21.042,7959,11626,1.990,1.770,0.990,3,0,542.071,0,0,16,145,0,23,2
18-05 20:05:09,54.461,24.982,19.486,0,0.250,3734332,153152,168752,3904256,10054.754,1618.833,131.905,299.784,5.996,19.986,6248,6473,1.990,1.770,0.990,10,0,372.731,0,0,16,149,0,22,2
18-05 20:05:10,38.824,22.292,37.071,0.250,0.501,3807612,180312,168628,3805436,6385.157,1623.090,8.015,677.290,2.004,28.053,8282,14483,1.990,1.770,0.990,2,0,408.778,0,0,16,161,0,22,2
18-05 20:05:11,21.496,20.996,56.240,0.750,0,3781408,204888,168928,3806768,8750.468,1619.716,1527.733,475.917,80.986,27.995,6568,5381,1.910,1.760,0.990,2,0,471.917,0,0,16,167,0,22,0
18-05 20:05:12,12.254,20.007,66.773,0,0,3783964,202288,168928,3807252,61471.897,1548.526,0,560.190,0,22.007,6552,6148,1.910,1.760,0.990,1,0,350.119,0,0,16,167,0,22,0
18-05 20:05:13,25.460,18.970,53.915,0,0.250,3826864,159380,168928,3806828,9717.661,1617.447,7.987,383.395,1.997,39.937,6804,7452,1.910,1.760,0.990,3,0,275.565,0,0,16,169,0,22,0
18-05 20:05:14,29.542,24.535,44.814,0.250,0,3869856,171760,168904,3752764,11776.826,1622.318,8.011,572.818,2.003,41.059,6546,5454,1.910,1.760,0.990,2,0,408.584,0,0,16,169,0,22,0
18-05 20:05:15,27.428,17.205,54.108,0,0,3915388,126000,168904,3752996,10915.306,1615.753,0,347.088,0,12.966,6846,9145,1.910,1.760,0.990,2,0,232.389,0,0,16,175,0,22,0
18-05 20:05:16,35.015,28.762,34.515,0,0,4014876,176920,168648,3606384,10875.636,1528.652,16.007,312.133,4.002,27.012,8432,12616,2.070,1.800,1.010,5,0,528.225,0,0,16,181,0,22,0
18-05 20:05:17,26.811,27.563,44.853,0.501,0,4100140,140976,168648,3558376,9197.088,1665.819,32.074,653.498,5.011,44.101,10043,13776,2.070,1.800,1.010,1,0,537.232,0,0,16,193,0,23,0
18-05 20:05:18,9.227,20.448,68.328,0,0,4100756,140272,168652,3558444,6163.441,1615.921,19.950,602.479,1.995,27.929,6168,4956,2.070,1.800,1.010,3,0,378.046,0,0,16,193,0,23,0
18-05 20:05:19,18.295,17.042,64.658,0,0,4086348,154660,168656,3558452,35856.390,1623.958,0,328.801,0,21.051,6356,8081,2.070,1.800,1.010,2,0,245.599,0,0,16,195,0,23,0
18-05 20:05:20,39.720,12.490,45.465,0.500,0,4227108,140416,168660,3433860,13604.564,1456.882,343.736,463.644,6.995,41.968,4365,3286,2.070,1.800,1.010,3,0,116.910,0,0,16,209,0,23,0
18-05 20:05:21,43.997,9.499,45.497,0.250,0.250,4359824,134792,168772,3309224,8636.472,1619.901,327.980,271.983,17.999,26.998,3349,2001,2.070,1.800,1.010,3,0,5.000,0,0,16,211,0,23,0
18-05 20:05:22,30.517,13.257,54.780,0.250,0.250,4284652,209776,168776,3309408,13676.490,1710.937,20.011,500.274,3.002,34.019,4735,4758,2.070,1.800,1.010,4,0,274.150,0,0,16,215,0,21,0
18-05 20:05:23,32.762,23.509,40.515,1.250,0.250,4336204,156992,168780,3310604,8271.113,1620.610,940.354,16038.036,10.004,923.348,8597,6478,2.070,1.800,1.010,3,0,574.216,0,0,16,219,0,21,0
18-05 20:05:24,43.498,24.999,30.749,0.250,0.250,4385872,135544,168792,3283008,12638.414,1661.923,1119.948,367.983,20.999,18.999,7175,9953,2.070,1.800,1.010,8,0,283.987,0,0,16,221,0,21,0
18-05 20:05:25,70.500,17.500,11.000,0.250,0,4491976,173444,168800,3141768,8309.050,1620.010,556.003,1072.006,22.000,28.000,5241,4826,2.070,1.800,1.010,5,0,139.001,0,0,16,231,0,22,0
18-05 20:05:26,68.263,14.450,10.962,5.232,0,4566388,170400,168848,3072648,5961.291,1452.953,7147.171,1287.527,426.518,66.768,5899,5361,2.220,1.840,1.030,4,1,32.886,0,0,16,234,0,22,0
18-05 20:05:27,52.680,18.814,25.838,1.505,0,4547248,224684,168876,3038712,8605.434,1667.704,1083.707,6514.281,119.408,148.508,8023,9367,2.220,1.840,1.030,7,0,325.112,0,0,16,237,0,27,0
18-05 20:05:28,38.851,23.410,36.112,0.249,0,4628328,141484,168876,3040772,6966.344,1613.825,3.985,557.865,0.996,37.855,7549,8505,2.220,1.840,1.030,3,0,388.513,0,0,16,237,0,27,0
18-05 20:05:29,52.826,21.030,25.787,0.250,0,4644636,166576,168880,3000400,7968.398,1622.321,16.023,9353.380,4.006,77.110,7894,9772,2.220,1.840,1.030,6,0,396.567,0,0,16,237,0,27,0
18-05 20:05:30,59.933,23.973,15.233,0.499,0,4708520,142440,168888,2961932,11176.447,1456.364,883.008,363.592,32.963,22.974,6734,7224,2.220,1.840,1.030,4,0,422.525,0,0,16,238,0,18,1
18-05 20:05:31,59.330,25.284,14.019,0.250,0.501,4736112,142444,169000,2935004,7747.406,1622.179,524.705,1077.447,31.042,72.097,7614,12399,2.290,1.860,1.040,6,0,388.522,0,0,16,245,0,21,0
18-05 20:05:32,58.333,27.289,13.519,0.501,0,4717648,239296,169004,2858876,11483.423,1712.449,300.430,2487.558,16.023,236.338,8232,11769,2.290,1.860,1.040,7,0,442.633,0,0,16,247,0,24,0
18-05 20:05:33,52.787,20.764,24.267,1.501,0,4859292,130064,169004,2826320,10732.443,1529.060,388.269,11944.283,24.017,1107.768,9742,11190,2.290,1.860,1.040,4,0,270.187,0,0,16,253,0,24,0
18-05 20:05:34,70.435,13.987,14.237,0,0.250,4933984,152384,169004,2730780,8166.439,1618.502,275.745,319.704,2.997,15.985,4760,3707,2.290,1.860,1.040,3,0,21.980,0,0,16,253,0,21,0
18-05 20:05:35,71.898,15.977,11.234,0.499,0.250,5030832,135800,168828,2652280,11925.049,1617.701,1905.292,1178.325,113.838,62.911,8508,26820,2.290,1.860,1.040,5,0,52.925,0,0,16,262,0,27,0
18-05 20:05:36,56.850,20.286,22.039,0.250,0,4959188,243480,168828,2617608,10930.146,1460.558,1142.000,693.214,27.047,62.109,7266,8032,2.340,1.870,1.050,5,0,333.584,0,0,16,263,0,27,0
18-05 20:05:37,49.525,28.264,20.510,0.500,0,5032720,165788,169088,2621864,9923.029,1620.821,4366.213,1947.987,70.035,106.054,8533,10147,2.340,1.870,1.050,8,0,550.279,0,0,16,265,0,27,0
18-05 20:05:38,61.168,19.723,18.225,0.250,0.250,5021392,176724,169112,2622128,11503.522,1617.823,1262.302,507.317,30.958,28.961,6146,6927,2.340,1.870,1.050,7,0,178.759,0,0,17,265,0,26,0
18-05 20:05:39,77.356,19.026,2.003,0.501,0,5124536,136932,169112,2560332,11527.861,1622.232,1566.155,1109.527,90.124,62.085,6030,4614,2.340,1.870,1.050,5,0,93.128,0,0,17,268,0,26,0
18-05 20:05:40,83.049,13.218,1.746,1.247,0.249,5220280,172460,169120,2432552,10815.888,1616.098,3351.908,494.805,152.632,14.964,5535,3385,2.340,1.870,1.050,4,0,14.964,0,0,17,268,0,26,0
18-05 20:05:41,62.374,17.465,19.211,0.249,0,5242636,148612,169124,2434060,8051.749,2195.569,1077.825,1369.236,29.940,123.750,7510,9904,2.480,1.910,1.070,2,0,226.543,0,0,17,276,0,27,0
18-05 20:05:42,44.737,9.997,43.237,0.500,0,5238256,177904,169136,2409920,12717.255,3629.931,879.741,1695.501,28.991,218.936,6256,8129,2.480,1.910,1.070,1,0,56.983,0,0,17,281,0,27,0
18-05 20:05:43,24.594,7.278,67.257,0,0,5217436,184724,169136,2423888,14703985.611,82910.215,770.950,666.550,6.023,46.177,6778,3110,2.480,1.910,1.070,2,0,9.035,0,0,17,282,0,27,0
18-05 20:05:44,35.801,16.409,47.735,0.249,0.249,5267924,129620,169136,2428488,1931669.656,9266.553,2880.011,1284.867,34.807,47.735,6133,5948,2.480,1.910,1.070,2,0,263.537,0,0,17,284,0,27,0
18-05 20:05:45,35.696,6.284,55.806,0.503,0,5280880,144332,169136,2401644,8924.910,1628.927,518.843,691.791,5.028,65.358,4446,4475,2.480,1.910,1.070,1,0,6.033,0,0,17,294,0,28,0
18-05 20:05:46,24.867,3.730,69.380,0.497,0.249,5289784,134688,169140,2402364,9183.019,1533.819,572.944,819.628,30.836,72.613,6737,9308,2.360,1.900,1.070,1,0,2.984,0,0,17,299,0,29,0
18-05 20:05:47,16.342,13.828,68.385,0.503,0,5190068,218208,169140,2418528,9122.326,1629.166,112.634,889.002,7.040,73.413,5410,5145,2.360,1.900,1.070,1,0,258.454,0,0,17,296,0,32,0
18-05 20:05:48,18.203,9.725,70.818,0.249,0,5258944,149312,169140,2418548,51521.576,1615.847,0,474.780,0,26.931,3804,3557,2.360,1.900,1.070,1,0,208.464,0,0,17,296,0,32,0
18-05 20:05:49,14.783,11.777,71.912,0,0,5255268,152964,169140,2418572,47124.133,1461.291,0,412.930,0,24.054,4039,2953,2.360,1.900,1.070,1,0,179.404,0,0,17,296,0,32,0
18-05 20:05:50,7.752,20.256,70.270,0,0.500,5260848,147344,169140,2418612,8658.518,1620.471,0,484.141,0,21.006,5682,4327,2.360,1.900,1.070,2,0,340.099,0,0,17,296,0,32,0
18-05 20:05:51,3.485,6.971,87.133,0.996,0,5248984,159184,169140,2418636,10060.619,1613.204,3.983,1684.902,0.996,100.576,3031,3176,2.170,1.860,1.060,0,0,149.371,0,0,17,296,0,32,0
18-05 20:05:52,16.524,4.507,78.113,0.501,0,5231132,210220,169140,2387028,9872.253,1622.342,4.006,16431.722,1.001,81.117,2372,2394,2.170,1.860,1.060,1,0,9.013,0,0,17,296,0,32,0
18-05 20:05:53,21.488,5.497,71.459,0.500,0,5197456,243808,169140,2387112,16222.673,1457.162,63.963,3949.729,3.998,154.911,3407,2831,2.170,1.860,1.060,2,0,52.970,0,0,17,300,0,32,0
18-05 20:05:54,11.284,16.549,70.961,0,0,5198444,242560,169144,2387352,10860.294,1624.832,16.048,168.501,4.012,13.039,5202,3804,2.170,1.860,1.060,1,0,212.632,0,0,17,300,0,32,0
18-05 20:05:55,12.008,15.511,70.299,0.250,0.500,5193288,247396,169144,2387640,11369.950,1621.134,0,8770.132,0,35.024,5390,4060,2.170,1.860,1.060,1,0,208.146,0,0,17,304,0,29,0
18-05 20:05:56,12.243,14.742,70.710,0.500,0.250,5179692,258244,169196,2390188,7269.927,1619.093,2406.652,7.996,96.946,1.999,4964,3838,2.070,1.850,1.060,1,0,211.881,0,0,17,304,0,29,0
18-05 20:05:57,14.458,9.722,74.286,0.748,0,5183524,251188,169204,2393204,5765.399,1615.349,913.370,9297.230,50.854,60.825,4634,8949,2.070,1.850,1.060,0,0,17.948,0,0,17,308,0,29,0
18-05 20:05:58,1.251,1.001,96.307,0.500,0.250,5183744,250964,169208,2393204,10955.509,1458.867,0,9301.526,0,337.200,1585,1604,2.070,1.850,1.060,0,0,0,0,0,17,308,0,29,0
18-05 20:05:59,1.498,0.499,94.386,2.247,0,5164572,270136,169208,2393204,10315.493,1618.038,0,13635.468,0,1189.558,3247,1881,2.070,1.850,1.060,0,0,0,0,0,17,308,0,27,0
18-05 20:06:00,1.001,0.500,97.056,0,0,5164460,270244,169208,2393208,7596.392,1620.937,0,1729.000,0,11.006,876,1262,2.070,1.850,1.060,0,0,0,0,0,17,308,0,27,0
18-05 20:06:01,0.750,0.750,97.448,0,0,5164460,270244,169208,2393208,10706.255,1457.218,0,87.953,0,9.995,956,1254,1.910,1.820,1.050,0,0,0,0,0,17,308,0,27,0
18-05 20:06:02,2.501,0.750,96.055,0.250,0,5164712,269992,169208,2393208,7989.538,1620.921,0,120.068,0,16.009,1176,1703,1.910,1.820,1.050,0,0,1.001,0,0,17,308,0,27,0
18-05 20:06:03,2.003,1.503,93.656,1.002,0,5164892,269992,169208,2393220,11584.280,1622.701,0,18883.428,0,413.689,2081,2300,1.910,1.820,1.050,0,0,1.002,0,0,17,308,0,27,0
18-05 20:06:04,1.250,0.250,97.237,0,0,5164844,269992,169208,2393268,10362.588,1619.779,47.993,31.996,2.000,3.999,893,1256,1.910,1.820,1.050,0,0,0,0,0,17,308,0,27,0
18-05 20:06:05,1.000,0.500,97.741,0,0.750,5164844,269992,169208,2393268,5995.421,1457.859,0,39.996,0,1.000,812,1168,1.910,1.820,1.050,0,0,0,0,0,17,308,0,27,0
18-05 20:06:06,1.250,0.750,97.263,0,0,5164844,269992,169208,2393268,13154.743,1620.215,0,0,0,0,991,1310,1.760,1.790,1.050,0,0,0,0,0,17,308,0,27,0
18-05 20:06:07,2.501,0.500,95.792,0.250,0,5140200,294624,169216,2393272,9976.331,124069.859,60.026,416.181,5.002,32.014,1252,1729,1.760,1.790,1.050,0,0,0,0,0,17,308,0,27,0
18-05 20:06:08,0.748,0.499,96.977,0,0,5140228,294624,169216,2393244,5374.894,1453.914,0,111.686,0,10.969,918,1323,1.760,1.790,1.050,0,0,0,0,0,17,308,0,27,0
18-05 20:06:09,0.750,0.500,97.515,0,0,5140220,294624,169216,2393252,12095.833,1620.246,0,68.010,0,6.001,854,1204,1.760,1.790,1.050,0,0,0,0,0,17,308,0,27,0
18-05 20:06:10,1.001,0.500,98.328,0,0,5140220,294624,169216,2393252,9117.212,1621.282,0,0,0,0,836,1204,1.760,1.790,1.050,0,0,0,0,0,17,308,0,27,0
18-05 20:06:11,1.253,0.501,96.971,0,0,5140472,294372,169216,2393252,12648.818,1693.859,0,0,0,0,988,1264,1.610,1.760,1.040,0,0,0,0,0,17,308,0,27,0
18-05 20:06:12,1.250,1.000,96.991,0,0.250,5140472,294372,169216,2393252,14532.673,1619.852,0,99.991,0,11.999,1098,1560,1.610,1.760,1.040,0,0,0,0,0,17,308,0,27,0
18-05 20:06:13,1.496,0.499,96.024,0.249,0,5140720,294124,169216,2393252,8836.220,1616.199,0,239.437,0,19.953,1155,1611,1.610,1.760,1.040,0,0,0.998,0,0,17,308,0,27,0
18-05 20:06:14,1.249,0.749,96.668,0.500,0,5140716,294124,169216,2393256,11468.292,1456.767,0,259.780,0,27.976,1281,1871,1.610,1.760,1.040,0,0,0,0,0,17,308,0,27,0
18-05 20:06:15,1.500,1.000,97.748,0.250,0.500,5140716,294124,169216,2393256,8342.837,1619.968,0,139.997,0,9.000,879,1224,1.610,1.760,1.040,0,0,0,0,0,17,308,0,27,0
18-05 20:06:16,1.252,0.250,97.119,0,0.250,5140940,293900,169216,2393256,9875.091,1621.986,0,156.191,0,13.016,946,1266,1.490,1.730,1.040,0,0,0,0,0,17,308,0,27,0
18-05 20:06:17,0.751,0.500,97.077,0.250,0,5140884,293900,169216,2393312,8914.042,1621.281,48.038,380.300,2.002,32.025,1111,1666,1.490,1.730,1.040,0,0,1.001,0,0,17,308,0,27,0
18-05 20:06:18,1.251,1.001,97.559,0,0,5140884,293900,169216,2393312,11009.702,1458.888,0,36.022,0,4.002,1016,1368,1.490,1.730,1.040,0,0,0,0,0,17,308,0,27,0
18-05 20:06:19,0.749,0.250,97.397,0,0,5140880,293900,169216,2393316,32664.406,1618.286,0,7.992,0,0.999,847,1192,1.490,1.730,1.040,0,0,0,0,0,17,308,0,26,0
18-05 20:06:20,0.999,0.250,97.671,0,0,5140880,293900,169216,2393316,8077.468,1618.691,0,7.994,0,1.998,815,1207,1.490,1.730,1.040,0,0,0,0,0,17,308,0,26,0
18-05 20:06:21,1.249,0.999,97.436,0,0,5140880,293900,169216,2393316,6560.715,1618.943,0,0,0,0,977,1377,1.370,1.700,1.030,0,0,0,0,0,17,308,0,26,0
18-05 20:06:22,3.253,2.252,92.322,0,0,5148924,285836,169220,2393332,10447.123,1459.135,16.012,248.193,1.001,30.023,2046,2834,1.370,1.700,1.030,0,0,7.005,0,0,17,312,0,26,0
18-05 20:06:23,4.255,0.501,94.362,0,0.250,5148888,285836,169220,2393372,8320.876,1621.925,0,312.371,0,21.025,1510,1883,1.370,1.700,1.030,0,0,3.004,0,0,17,312,0,26,0
18-05 20:06:24,2.248,1.249,95.404,0.250,0.250,5149136,285584,169220,2393376,16259.658,1618.373,0,667.329,0,28.971,1301,1849,1.370,1.700,1.030,0,0,0.999,0,0,17,312,0,26,0
18-05 20:06:25,1.250,0.500,96.785,0.500,0,5149132,285584,169220,2393380,7493.686,1458.523,0,1212.435,0,247.089,1074,1277,1.370,1.700,1.030,0,0,0,0,0,17,312,0,26,0
18-05 20:06:26,0.999,0.749,97.130,0,0,5149132,285584,169220,2393380,9511.277,1618.006,0,3.995,0,0.999,966,1315,1.260,1.670,1.020,0,0,0,0,0,17,312,0,26,0
18-05 20:06:27,1.501,0.751,96.334,0.250,0.500,5149084,285584,169220,2393428,9217.012,1621.409,48.042,244.212,2.002,21.018,1080,1605,1.260,1.670,1.020,0,0,0,0,0,17,312,0,20,0
18-05 20:06:28,1.500,0.250,97.022,0,0,5149084,285584,169220,2393428,7765.784,1620.372,0,200.046,0,21.005,1052,1547,1.260,1.670,1.020,0,0,0,0,0,17,312,0,20,0
18-05 20:06:29,1.249,0.749,96.391,0.250,0.250,5149080,285584,169220,2393432,8946.877,1618.169,0,359.593,0,30.965,1169,1715,1.260,1.670,1.020,0,0,0,0,0,17,312,0,20,0
18-05 20:06:30,1.252,1.002,96.679,0,0,5157140,277520,169220,2393436,9839.244,1460.708,0,108.201,0,8.015,948,1262,1.260,1.670,1.020,1,0,2.004,0,0,17,314,0,20,0
18-05 20:06:31,1.497,0.499,97.070,0,0,5157140,277520,169220,2393436,9448.432,1686.863,0,143.733,0,14.972,1048,1436,1.160,1.640,1.020,0,0,0,0,0,17,314,0,17,0
18-05 20:06:32,1.502,0.501,96.604,0.250,0.250,5157140,277520,169220,2393436,8939.580,1621.738,0,108.116,0,14.015,1138,1546,1.160,1.640,1.020,0,0,0,0,0,17,314,0,17,0
18-05 20:06:33,1.751,0.750,96.549,0.250,0,5157132,277520,169220,2393444,10720.434,1620.822,0,408.207,0,54.027,1281,1586,1.160,1.640,1.020,0,0,1.001,0,0,17,314,0,17,0
18-05 20:06:34,0.749,0.499,97.616,0,0,5157132,277520,169220,2393444,12566.763,1456.003,0,31.956,0,3.995,888,1188,1.160,1.640,1.020,0,0,0,0,0,17,314,0,17,0
18-05 20:06:35,6.002,4.002,88.287,0.250,0,5156288,278316,169220,2393484,10848.503,1620.673,0,640.266,0,124.051,2418,10077,1.160,1.640,1.020,1,0,36.015,0,0,17,314,0,8,0
18-05 20:06:36,2.002,1.251,96.341,0,0,5156208,278316,169220,2393564,6894.501,1621.529,80.076,44.042,5.005,3.003,1161,1630,1.060,1.620,1.010,0,0,0,0,0,17,314,0,8,0
18-05 20:06:37,1.252,0.250,96.374,0.250,0.250,5156212,278316,169220,2393564,8279.615,973.248,32.041,504.647,1.001,40.051,1121,1733,1.060,1.620,1.010,0,0,0,0,0,17,314,0,8,0
18-05 20:06:38,5.994,1.748,91.410,0,0,5159892,274588,169224,2393608,276569.399,3694.359,11.988,123.878,0.999,10.989,1373,1470,1.060,1.620,1.010,1,0,6.993,0,0,17,314,0,8,0
18-05 20:06:39,11.236,5.243,82.398,0.250,0.250,5174608,259764,169232,2393708,287310.940,8405.554,123.846,131.836,5.993,6.991,2420,1879,1.060,1.620,1.010,1,0,31.960,0,0,17,314,0,8,0
18-05 20:06:40,15.251,5.500,77.756,0,0.250,5171076,259036,169344,2397872,150360.344,3070.252,128.011,128.011,6.000,4.000,2538,1969,1.060,1.620,1.010,2,0,34.003,0,0,17,316,0,8,0
