"pcp-dstat 5.3.6 CSV Output"
"Author:","PCP team <pcp@groups.io> and Dag Wieers <dag@wieers.com>",,,,"URL:","https://pcp.io/ and http://dag.wieers.com/home-made/dstat/"
"Host:","ubuntu",,,,"User:","ubuntu"
"Cmdline:","dstat -tcmndrylpg --tcp --output /tmp/devstack_logs/dstat-csv.log",,,,"Date:","02 Feb 2024 14:11:04 UTC"
"system","total usage",,,,,"memory usage",,,,"net/total",,"dsk/total",,"io/total",,"system",,"load avg",,,"procs",,,"paging",,"tcp sockets",,,,
"time","total usage:usr","total usage:sys","total usage:idl","total usage:wai","total usage:stl","used","free","buf","cach","net/total:recv","net/total:send","dsk/total:read","dsk/total:writ","read","writ","int","csw","1m","5m","15m","run","blk","new","in","out","lis","act","syn","tim","clo"
02-02 14:11:04,,1022736,1624872,158872,5004780,,,,,,,1.040,0.630,0.400,4,0,,,,9,5,5,10,2
02-02 14:11:05,12.482,19.972,65.658,0.250,0.250,995080,1652520,158892,5004492,30243.508,6351.077,0,1493.901,0,70.900,3207,4577,1.040,0.630,0.400,1,0,372.477,0,0,9,6,5,10,0
02-02 14:11:06,15.010,20.263,64.541,0,0.250,985136,1662060,158904,5005036,202667.112,6211.988,0,552.355,0,28.018,3446,5673,1.040,0.630,0.400,2,0,394.253,0,0,9,4,5,10,1
02-02 14:11:07,18.248,15.998,65.241,0,0.250,993124,1654152,158920,5004772,26387.517,3751.505,0,455.940,0,15.998,4411,8663,1.040,0.630,0.400,1,0,235.969,0,0,9,5,5,10,1
02-02 14:11:08,9.229,5.737,83.060,0,0,1116220,1530596,158920,5129912,32125.689,3396.250,0,0,0,0,3720,5860,0.960,0.620,0.400,0,0,46.893,0,0,10,4,5,10,2
02-02 14:11:09,13.281,8.520,76.680,0.251,0,1122464,1524220,158940,5130008,18334.067,5023.801,0,9121.426,0,45.106,1877,2310,0.960,0.620,0.400,1,0,109.257,0,0,10,6,5,10,2
02-02 14:11:10,19.224,10.486,69.406,0.250,0,1154072,1492288,158968,5130304,23584.972,4054.494,235.680,1370.139,10.985,43.940,2391,3223,0.960,0.620,0.400,2,0,175.761,0,0,10,6,5,12,2
02-02 14:11:11,26.499,1.750,70.497,0,0,1204808,1439900,159020,5131556,16282.251,4984.771,171.992,1747.920,7.000,16.999,1171,1338,0.960,0.620,0.400,1,0,0,0,0,10,6,5,12,2
02-02 14:11:12,18.265,5.254,64.552,12.010,0,1233260,1405472,159748,5136572,18154.742,4795.894,12.010,26869.818,1.001,2328.891,11425,19156,0.960,0.620,0.400,3,1,40.033,0,0,10,8,5,12,2
02-02 14:11:13,21.997,4.000,58.493,13.748,0.500,1247272,1386852,160396,5140344,19888.673,4147.515,0,36063.781,0,2884.662,13443,22790,1.120,0.660,0.420,1,0,29.996,0,0,10,8,5,12,2
02-02 14:11:14,23.962,5.990,66.394,2.246,0,1217104,1416044,160512,5141180,115992.644,5795.738,0,11162.163,0,432.309,2822,4111,1.120,0.660,0.420,1,0,74.880,0,0,10,6,5,12,2
02-02 14:11:15,27.999,1.750,68.498,0.500,0,1173584,1459220,160528,5141480,90645.006,5454.880,0,1003.978,0,40.999,1328,1413,1.120,0.660,0.420,1,0,10.000,0,0,10,6,5,12,2
02-02 14:11:16,27.255,3.501,68.264,0.500,0.500,1243124,1389456,160592,5141636,22099.420,5080.016,0,5101.020,0,292.058,2041,2612,1.120,0.660,0.420,1,0,2.000,0,0,10,6,5,12,2
02-02 14:11:17,18.789,10.522,69.142,0.251,0,1165292,1467072,160624,5141780,36484.157,4386.035,0,484.999,0,23.047,2127,2812,1.120,0.660,0.420,1,0,181.374,0,0,10,6,5,12,2
02-02 14:11:18,11.246,19.992,67.724,0,0,1166224,1465756,160676,5142040,33559.013,5060.042,0,611.763,0,28.989,3084,4727,1.110,0.670,0.420,1,0,396.846,0,0,10,6,5,11,2
02-02 14:11:19,17.725,15.228,64.159,0.250,0,1171352,1460448,160692,5142216,24861.597,4296.881,0,403.426,0,13.980,4355,8557,1.110,0.670,0.420,1,0,216.691,0,0,10,6,5,11,2
02-02 14:11:20,52.783,10.757,36.273,0.500,0,1290964,1338992,160816,5144104,76450.782,5357.348,120.075,1000.625,5.003,27.017,2203,2730,1.110,0.670,0.420,2,0,124.078,0,0,10,7,6,10,2
02-02 14:11:21,56.196,3.746,39.712,0.250,0,1340992,1286376,160884,5146516,19180.548,3476.655,567.454,1482.574,11.988,93.910,2978,5140,1.110,0.670,0.420,5,0,0,0,0,10,7,6,10,2
02-02 14:11:22,17.255,8.003,73.773,0.250,0.500,1356148,1269500,160956,5147776,142741.392,6751.147,0,936.298,0,26.008,2237,3614,1.110,0.670,0.420,0,0,119.038,0,0,10,6,6,11,2
02-02 14:11:23,20.757,5.002,73.276,0,0,1413464,1212060,161000,5147820,42470.204,4645.663,0,940.337,0,34.012,1723,2015,1.100,0.670,0.420,2,0,22.008,0,0,10,6,6,11,2
02-02 14:11:24,28.551,2.755,68.121,0.250,0,1454372,1170900,161044,5148024,30966.213,4555.122,0,10610.919,0,75.134,1512,1858,1.100,0.670,0.420,2,0,1.002,0,0,10,8,6,11,2
02-02 14:11:25,23.467,6.241,67.405,0.999,0.250,1399584,1215064,161124,5158204,386766.819,13072.607,0,1457.949,0,178.749,3677,5466,1.100,0.670,0.420,1,0,43.938,0,0,10,6,6,13,2
02-02 14:11:26,27.275,3.754,66.812,1.001,0,1438576,1170880,161192,5163004,432095.145,13476.574,272.254,3010.809,62.058,26.024,2180,2826,1.100,0.670,0.420,3,0,7.007,0,0,10,29,6,13,2
02-02 14:11:27,36.734,13.244,48.729,1.000,0,1459648,1137336,161224,5175184,26204.837,1767.247,11770.986,127.945,132.943,23.990,2496,2676,1.100,0.670,0.420,3,0,118.949,0,0,10,30,6,13,2
02-02 14:11:28,48.528,14.759,36.271,0,0.250,1492936,1102952,161224,5176140,23241.527,1694.986,760.443,136.079,8.005,22.013,2643,3564,1.260,0.710,0.440,4,0,238.139,0,0,10,30,6,13,2
02-02 14:11:29,65.511,9.502,24.004,0.750,0,1515108,1058672,162044,5194732,16572.701,1620.264,404.066,35165.732,6.001,170.028,4277,10099,1.260,0.710,0.440,4,0,4.001,0,0,10,30,6,17,2
02-02 14:11:30,76.004,19.251,4.500,0.250,0.500,1586160,960388,163084,5218132,16490.940,1620.092,0,4604.262,0,167.010,3065,4362,1.260,0.710,0.440,7,0,368.021,0,0,10,30,6,17,2
02-02 14:11:31,82,15.250,2.750,0,0,1645960,873300,163864,5242568,21222,1620,0,2300,0,87,4665,13441,1.260,0.710,0.440,8,0,233,0,0,10,31,6,17,2
02-02 14:11:32,73.696,14.739,10.992,0,0.250,1479160,1032068,164408,5248584,14095.710,1692.764,0,1898.614,0,72.947,4622,7655,1.260,0.710,0.440,2,0,227.834,0,0,10,30,7,17,2
02-02 14:11:33,22.218,5.492,71.397,0.250,0,1456532,1054644,164416,5248612,17171.325,2584.286,0,639.082,0,37.945,2175,3849,1.240,0.720,0.440,2,0,59.914,0,0,10,31,6,17,2
02-02 14:11:34,36.079,6.514,56.374,0,0,1358172,1168996,164432,5232956,15524.153,3083.784,384.847,813.790,3.007,43.095,2391,4166,1.240,0.720,0.440,4,0,70.154,0,0,10,28,6,17,0
02-02 14:11:35,42.990,8.248,45.990,0,0,1440792,1085812,164432,5233628,12519.158,1767.599,0,14072.805,0,591.866,10655,20332,1.240,0.720,0.440,3,0,16.996,0,0,10,29,6,17,0
02-02 14:11:36,38.756,23.754,37.756,0.500,0,1394340,1132092,164456,5233776,13648.184,1620.259,0,4184.670,0,179.029,13038,24648,1.240,0.720,0.440,4,0,767.123,0,0,10,28,6,17,0
02-02 14:11:37,82.227,16.495,1.000,0,0.500,1525352,1000976,164460,5233872,14355.952,1619.543,0,2615.262,0,29.992,2319,3735,1.240,0.720,0.440,7,0,259.927,0,0,10,29,6,17,0
02-02 14:11:38,84.992,12.999,1.500,0,0.250,1578784,946924,164472,5234408,17844.358,1703.843,0,4971.543,0,180.983,5734,10777,1.860,0.850,0.490,7,0,70.993,0,0,10,28,6,18,0
02-02 14:11:39,83.514,12.752,3.751,0,0.250,1506944,1018624,164476,5234540,13262.255,1620.275,0,384.065,0,38.006,4229,8366,1.860,0.850,0.490,7,0,69.012,0,0,10,28,6,18,0
02-02 14:11:40,81.935,13.697,2.989,0,0,1558820,966388,164480,5234896,17357.244,1506.207,0,410.422,0,15.939,4523,11095,1.860,0.850,0.490,7,0,260.996,0,0,10,30,6,18,0
02-02 14:11:41,78.814,11.546,9.538,0,0,1477888,1047060,164480,5235156,15734.782,1626.490,0,192.769,0,13.052,3367,12523,1.860,0.850,0.490,3,0,150.601,0,0,10,31,6,18,0
02-02 14:11:42,48.142,10.227,40.659,0.249,0,1372604,1152116,164484,5235372,20885.321,1562.508,0,415.072,0,33.924,4163,8578,1.860,0.850,0.490,2,0,147.670,0,0,10,28,6,19,0
02-02 14:11:43,47.045,4.755,48.546,0.250,0.250,1370784,1153756,164488,5235548,18093.207,1621.542,0,2574.448,0,189.180,3390,6658,1.870,0.870,0.490,2,0,5.005,0,0,10,29,6,17,0
02-02 14:11:44,55.813,18.020,25.529,0,0,1467048,1057332,164492,5235704,18194.669,1790.033,0,212.241,0,13.015,2614,4114,1.870,0.870,0.490,6,0,373.424,0,0,10,29,6,17,0
02-02 14:11:45,57.512,13.503,27.006,0,0.500,1349188,1174496,164500,5236384,14815.022,1620.331,0,1608.328,0,52.011,5480,13594,1.870,0.870,0.490,5,0,232.047,0,0,10,28,6,21,0
02-02 14:11:46,82.503,12.500,5.000,0,0,1558708,964916,164504,5236436,16632.532,1620.052,0,184.006,0,8.000,2809,5242,1.870,0.870,0.490,4,0,28.001,0,0,10,32,6,21,0
02-02 14:11:47,59.750,15.250,24.500,0.250,0.250,1378256,1145120,164512,5236664,16301.902,1511.991,0,447.997,0,43.000,7301,17170,1.870,0.870,0.490,4,0,323.998,0,0,10,28,6,25,0
02-02 14:11:48,68.985,8.248,21.745,0,0,1500488,1022664,164528,5236868,15896.550,1619.649,0,2379.484,0,205.955,4372,11106,1.960,0.910,0.510,4,0,33.993,0,0,10,30,6,28,0
02-02 14:11:49,69.512,13.502,16.503,0,0,1452516,1070420,164540,5237064,19399.414,1620.285,0,392.069,0,31.005,5905,10049,1.960,0.910,0.510,4,0,299.053,0,0,10,28,6,28,0
02-02 14:11:50,59.998,11.750,26.749,0,0.250,1411848,1111000,164548,5237136,20317.472,1565.959,0,867.977,0,40.999,6221,12519,1.960,0.910,0.510,5,0,236.994,0,0,10,29,6,29,0
02-02 14:11:51,72.418,10.238,17.730,0,0,1501704,1020960,164552,5237312,15790.220,1692.095,0,231.739,0,12.985,3165,5684,1.960,0.910,0.510,4,0,49.944,0,0,10,30,6,28,0
02-02 14:11:52,58.311,11.012,29.281,0,0.250,1432796,1089640,164572,5237516,15264.043,1621.704,0,420.442,0,37.039,4270,9931,1.960,0.910,0.510,4,0,112.118,0,0,10,28,6,30,0
02-02 14:11:53,62.252,13.750,23.251,0.250,0,1429852,1092384,164580,5237708,22934.642,1694.047,0,472.013,0,43.001,3567,10541,2.040,0.940,0.520,5,0,157.004,0,0,10,28,6,33,0
02-02 14:11:54,80.239,17.498,1.750,0,0.250,1561500,960672,164584,5237764,17567.699,1693.778,0,1475.807,0,24.997,2393,3924,2.040,0.940,0.520,7,0,324.957,0,0,10,28,6,33,0
02-02 14:11:55,81.763,16.253,1.250,0,0.500,1453916,1067812,164608,5238176,17888.916,1512.246,0,1904.310,0,59.010,4974,10185,2.040,0.940,0.520,9,0,286.047,0,0,10,28,6,33,0
02-02 14:11:56,81.494,16.499,2.250,0.250,0,1510608,1010928,164624,5238352,13571.050,1693.881,0,2547.822,0,174.988,4246,7360,2.040,0.940,0.520,8,0,275.981,0,0,10,28,6,33,0
02-02 14:11:57,83.736,13.498,2.000,0,0,1628744,892516,164624,5238616,22958.189,1619.731,0,151.975,0,7.999,4581,12370,2.040,0.940,0.520,6,0,153.974,0,0,10,31,6,34,0
02-02 14:11:58,57.014,24.756,16.754,0,0,1390432,1130672,164624,5238752,19208.668,1566.381,0,172.042,0,10.002,7733,18350,2.040,0.960,0.530,4,0,737.179,0,0,10,28,6,34,0
02-02 14:11:59,9.996,24.241,65.226,0,0,1328020,1192988,164624,5238848,12961.204,1693.373,0,171.936,0,8.997,3084,4281,2.040,0.960,0.530,2,0,508.812,0,0,10,28,6,34,0
02-02 14:12:00,33.012,29.511,36.514,0.250,0.500,1411984,1108992,164628,5238876,24636.140,1768.656,0,35229.070,0,115.043,3792,6458,2.040,0.960,0.530,5,0,853.317,0,0,10,28,6,34,0
02-02 14:12:01,78.497,13.000,7.000,0,0,1560416,960316,164636,5239092,14991.505,1661.945,0,363.988,0,37.999,5263,9835,2.040,0.960,0.530,5,0,165.995,0,0,10,28,6,33,0
02-02 14:12:02,79.256,16.001,4.750,0,0.500,1488620,1031632,164644,5239552,20353.445,1586.113,0,440.031,0,41.003,4635,8772,2.040,0.960,0.530,4,0,268.019,0,0,10,28,6,33,0
02-02 14:12:03,67.488,9.998,23.246,0,0,1557712,962108,164648,5239960,14443.371,1619.705,0,179.967,0,9.998,6749,15591,2.200,1.010,0.550,3,0,0,0,0,10,32,6,38,0
02-02 14:12:04,53.504,5.500,39.003,0.250,0,1502588,1016656,164652,5240524,14271.028,1620.117,0,200.014,0,24.002,8071,21577,2.200,1.010,0.550,5,0,30.002,0,0,10,30,6,41,0
02-02 14:12:05,83.757,12.251,3.500,0,0.250,1536808,982312,164652,5240636,16811.328,1620.128,0,38743.061,0,220.017,3504,5866,2.200,1.010,0.550,6,0,90.007,0,0,10,29,6,41,0
02-02 14:12:06,61.385,7.236,32.689,0,0,1565640,952884,164652,5241200,18391.461,1690.825,0,710.665,0,10.979,5141,18866,2.200,1.010,0.550,3,0,1.996,0,0,10,32,6,45,0
02-02 14:12:07,56.603,10.018,32.309,0,0,1451424,1065884,164652,5242412,18410.526,1568.857,0,140.255,0,8.015,7875,21292,2.200,1.010,0.550,4,0,141.257,0,0,10,30,6,49,0
02-02 14:12:08,84.239,13.248,2.500,0,0,1544440,972708,164656,5242564,15993.889,1693.776,0,147.980,0,9.999,2625,3874,2.340,1.060,0.570,5,0,125.983,0,0,10,28,6,49,0
02-02 14:12:09,74.009,9.501,15.252,0.250,0,1440628,1075928,164660,5243144,18032.290,1512.192,0,7592.964,0,152.019,7442,15844,2.340,1.060,0.570,6,0,102.013,0,0,10,29,6,54,0
02-02 14:12:10,83.992,10.499,4.750,0,0.750,1482548,1033856,164672,5243280,13964.687,1661.844,0,679.936,0,46.996,3514,7258,2.340,1.060,0.570,6,0,88.992,0,0,10,28,6,54,0
02-02 14:12:11,81.423,13.695,4.233,0,0,1545772,969932,164676,5243968,14593.349,1655.347,0,310.751,0,24.900,4024,9161,2.340,1.060,0.570,5,0,124.500,0,0,10,29,6,52,0
02-02 14:12:12,69.018,12.298,17.568,0,0,1427900,1086260,164676,5245500,12556.821,1626.323,0,144.562,0,8.031,5193,14543,2.340,1.060,0.570,6,0,149.582,0,0,10,28,6,59,0
02-02 14:12:13,84.360,10.233,4.992,0,0,1565092,949048,164680,5245516,15352.591,1617.323,0,187.689,0,10.982,2975,5480,2.470,1.110,0.590,6,0,42.929,0,0,10,30,6,59,0
02-02 14:12:14,68.121,13.023,18.533,0,0,1426872,1086852,164700,5245900,13714.398,1697.019,0,548.977,0,54.096,4365,11705,2.470,1.110,0.590,3,0,235.419,0,0,10,28,6,61,0
02-02 14:12:15,64.500,9.000,25.750,0,0,1412480,1101016,164700,5246112,17122.034,1566.003,0,372.001,0,31.000,3060,8180,2.470,1.110,0.590,5,0,95.000,0,0,10,29,6,61,0
02-02 14:12:16,64.758,10.251,24.753,0,0,1496720,1016744,164700,5246140,14307.703,1620.193,0,232.028,0,14.002,2575,5144,2.470,1.110,0.590,5,0,105.012,0,0,10,29,6,61,0
02-02 14:12:17,62.744,10.999,25.748,0,0.250,1430868,1082388,164704,5246340,13666.688,1511.855,0,363.965,0,34.997,4537,9574,2.470,1.110,0.590,4,0,107.990,0,0,10,28,6,62,0
02-02 14:12:18,61.972,10.745,26.738,0,0.250,1455160,1057868,164708,5246560,15451.001,1693.233,0,263.880,0,23.989,4255,12458,2.600,1.160,0.600,3,0,66.970,0,0,10,30,6,63,0
02-02 14:12:19,64.785,10.005,25.013,0.250,0.500,1489104,1023880,164716,5246592,15468.276,1620.867,0,4386.347,0,187.100,2913,4413,2.600,1.160,0.600,3,0,48.026,0,0,10,29,6,64,0
02-02 14:12:20,66.079,9.475,25.684,0,0,1391040,1121592,164716,5246932,18011.404,1615.820,0,367.050,0,32.915,5025,10567,2.600,1.160,0.600,4,0,110.714,0,0,10,28,6,65,0
02-02 14:12:21,65.599,8.513,25.789,0,0,1467968,1044632,164720,5246960,16616.975,1622.439,0,400.602,0,25.038,3384,5723,2.600,1.160,0.600,5,0,60.090,0,0,10,29,6,65,0
02-02 14:12:22,57.558,15.266,25.025,0.250,0,1447808,1064392,164720,5247332,16979.251,1621.648,0,444.452,0,35.036,5082,10588,2.600,1.160,0.600,4,0,380.386,0,0,10,29,6,70,0
02-02 14:12:23,67.221,8.996,24.489,0.250,0,1439668,1072472,164724,5247384,16974.650,1619.299,0,271.882,0,17.992,4633,9325,2.630,1.190,0.620,5,0,62.973,0,0,10,29,6,73,0
02-02 14:12:24,43.487,8.497,46.736,0,0,1378076,1133684,164728,5247748,20999.742,1605.522,0,315.906,0,24.993,4321,7394,2.630,1.190,0.620,3,0,123.963,0,0,10,28,6,73,0
02-02 14:12:25,26.512,11.255,61.779,0,0,1393652,1117756,164732,5248088,13658.324,1620.750,0,256.119,0,20.009,4657,8470,2.630,1.190,0.620,2,0,265.123,0,0,10,28,6,73,0
02-02 14:12:26,12.253,19.505,67.267,0,0.500,1333216,1178064,164732,5248216,18574.662,1620.407,0,316.079,0,20.005,3234,4633,2.630,1.190,0.620,3,0,500.126,0,0,10,28,6,71,0
02-02 14:12:27,41.966,8.493,49.210,0.250,0,1468484,1042256,164744,5248740,13237.317,1618.694,0,671.458,0,28.977,1845,2436,2.630,1.190,0.620,2,0,98.920,0,0,10,28,6,73,0
02-02 14:12:28,39.281,6.755,44.786,9.508,0.500,1427468,1076412,165376,5254476,24885.909,1621.297,368.295,28510.809,23.018,2319.856,10679,19496,2.580,1.200,0.630,3,0,100.080,0,0,10,32,6,73,0
02-02 14:12:29,38.912,8.481,39.410,12.721,0,1502468,999076,166084,5256032,14143.879,1658.234,0,36580.925,0,3020.141,13927,24482,2.580,1.200,0.630,2,0,46.894,0,0,10,32,6,73,0
02-02 14:12:30,47.011,5.751,46.011,1.500,0,1456228,1045296,166156,5255980,15997.663,1620.371,0,11366.603,0,675.155,3416,4497,2.580,1.200,0.630,2,0,6.001,0,0,10,28,6,69,0
02-02 14:12:31,39.710,7.742,42.957,10.240,0,1512188,988596,166456,5256412,12603.422,1692.311,0,17031.003,0,2233.771,14899,25714,2.580,1.200,0.630,3,0,2.997,0,0,10,30,6,69,0
02-02 14:12:32,31.018,7.754,58.284,2.501,0,1431236,1069364,166492,5256556,18470.695,1458.845,0,3185.845,0,458.265,4362,7251,2.580,1.200,0.630,1,0,101.059,0,0,10,28,6,69,0
02-02 14:12:33,22.003,3.250,73.761,0.250,0,1385048,1115540,166500,5256560,17826.656,1620.241,0,1488.222,0,96.014,1361,1642,2.450,1.200,0.630,1,0,1.000,0,0,10,28,6,69,0
02-02 14:12:34,24.011,2.751,72.282,0.500,0,1447772,1052792,166516,5256568,18618.155,1620.710,0,6038.645,0,312.137,2000,2628,2.450,1.200,0.630,1,0,2.001,0,0,10,28,5,69,0
02-02 14:12:35,23.519,2.752,72.809,0.500,0,1418648,1081896,166520,5256584,15106.176,1621.307,0,3198.578,0,239.193,1538,1384,2.450,1.200,0.630,1,0,1.001,0,0,10,32,5,69,0
02-02 14:12:36,21.724,3.995,73.161,0,0,1371480,1129040,166520,5256608,20614.932,1618.032,0,3.995,0,0.999,1124,1154,2.450,1.200,0.630,1,0,4.994,0,0,10,32,5,69,0
02-02 14:12:37,22.757,3.501,74.021,0,0.250,1444024,1056492,166520,5256612,15502.465,1662.479,0,0,0,0,1079,1179,2.450,1.200,0.630,1,0,2.001,0,0,10,32,5,69,0
02-02 14:12:38,22.004,3.251,73.512,0,0.250,1385008,1115452,166520,5256660,19603.254,1620.269,0,0,0,0,1056,1071,2.340,1.200,0.630,1,0,1.000,0,0,10,32,5,68,0
02-02 14:12:39,22.737,2.249,73.709,0,0.250,1446232,1054220,166524,5256660,24076.734,1499.174,0,7.996,0,1.999,1078,1087,2.340,1.200,0.630,1,0,1.999,0,0,10,32,5,68,0
02-02 14:12:40,23.755,2.250,73.765,0,0,1348364,1151932,166524,5256780,19876.154,1694.354,0,212.044,0,1.000,1095,1120,2.340,1.200,0.630,1,1,2.000,0,0,10,32,5,68,0
02-02 14:12:41,22.507,2.751,73.272,0.500,0.250,1424968,1075324,166524,5256780,14674.329,1694.500,0,2416.713,0,242.071,1361,1135,2.340,1.200,0.630,2,0,2.001,0,0,10,32,5,68,0
02-02 14:12:42,22.237,3.998,73.456,0,0,1352188,1148160,166532,5256836,13997.657,1619.035,0,451.731,0,33.980,1271,1579,2.340,1.200,0.630,1,0,1.999,0,0,10,32,5,67,0
02-02 14:12:43,22.248,3.000,73.495,0,0,1428264,1072084,166532,5256836,15744.929,1693.885,0,0,0,0,1046,1123,2.230,1.190,0.630,1,0,2.000,0,0,10,32,5,67,0
02-02 14:12:44,14.783,12.528,71.912,0,0.251,1349480,1150744,166544,5256928,16246.571,1717.867,0,88.199,0,1.002,2033,2716,2.230,1.190,0.630,1,0,207.467,0,0,10,32,5,67,0
02-02 14:12:45,9.494,19.738,69.708,0,0.250,1355504,1144616,166544,5256992,18642.870,1619.033,0,795.525,0,9.994,3209,4646,2.230,1.190,0.630,1,0,443.735,0,0,10,32,5,67,0
02-02 14:12:46,10.499,19.498,69.243,0,0,1352492,1147580,166544,5257040,15916.377,1457.851,0,455.953,0,6.999,3023,4406,2.230,1.190,0.630,2,0,394.960,0,0,10,32,5,63,0
02-02 14:12:47,10.233,18.220,70.135,0,0.250,1356776,1143248,166544,5257068,17948.654,1691.235,0,143.765,0,1.997,2608,3582,2.230,1.190,0.630,2,0,294.518,0,0,10,32,5,63,0
02-02 14:12:48,25.818,6.267,67.679,0,0,1425332,1074708,166544,5257052,14516.323,1624.288,0,0,0,0,1667,2775,2.130,1.190,0.640,1,0,36.095,0,0,10,32,5,57,0
02-02 14:12:49,22.947,3.243,73.580,0,0,1388732,1111292,166544,5257068,12451.275,1616.271,0,15.963,0,0.998,1016,1081,2.130,1.190,0.640,1,0,0.998,0,0,10,32,5,57,0
02-02 14:12:50,23.257,2.751,73.273,0.250,0,1445640,1054368,166548,5257048,22623.058,1772.553,0,296.092,0,11.003,1187,1296,2.130,1.190,0.640,1,0,2.001,0,0,10,32,5,54,0
02-02 14:12:51,23.238,2.499,73.963,0,0.250,1421116,1078880,166548,5257056,13279.281,1619.181,0,3.998,0,0.999,989,1049,2.130,1.190,0.640,1,0,0.999,0,0,10,32,5,54,0
02-02 14:12:52,22.992,2.999,72.725,0.250,0.250,1370416,1129552,166564,5257068,15602.555,1619.435,0,395.862,0,32.988,1378,1630,2.130,1.190,0.640,2,0,2.999,0,0,10,32,5,52,0
02-02 14:12:53,21.785,3.506,73.617,0,0,1438688,1061288,166564,5257060,19390.734,1534.432,0,0,0,0,1096,1140,2.040,1.190,0.640,2,0,2.003,0,0,10,32,6,52,0
02-02 14:12:54,23.483,2.998,73.946,0,0.250,1400380,1099604,166564,5257052,14589.394,1692.769,0,11.991,0,0.999,1024,1026,2.040,1.190,0.640,3,0,0.999,0,0,10,32,6,49,0
02-02 14:12:55,22.467,2.746,73.640,0,0,1447504,1052480,166564,5257052,17709.630,1775.356,0,19.970,0,0.999,1055,1078,2.040,1.190,0.640,2,0,1.997,0,0,10,32,6,49,0
02-02 14:12:56,22.791,3.757,73.383,0,0.250,1425524,1074452,166564,5257060,15580.325,1622.951,0,168.306,0,3.005,1130,1149,2.040,1.190,0.640,2,0,5.009,0,0,10,32,6,49,0
02-02 14:12:57,21.988,4.248,73.210,0,0,1377112,1122848,166564,5257072,23866.921,1693.072,0,71.961,0,3.998,1117,1137,2.040,1.190,0.640,2,0,0.999,0,0,10,32,6,49,0
02-02 14:12:58,22.770,2.502,74.066,0,0,1445680,1054304,166564,5257048,17505.597,1621.445,0,0,0,0,1074,1129,1.960,1.180,0.640,2,0,2.002,0,0,10,32,6,49,0
02-02 14:12:59,22.720,2.996,73.403,0,0,1395808,1104240,166564,5256984,18293.852,1571.925,0,23.968,0,0.999,1061,1058,1.960,1.180,0.640,2,0,0.999,0,0,10,32,6,48,0
02-02 14:13:00,24.271,1.752,73.814,0,0,1454272,1045776,166564,5256984,13295.580,1621.412,0,100.087,0,2.002,1074,1112,1.960,1.180,0.640,2,0,2.002,0,0,10,32,6,48,0
02-02 14:13:01,23.489,2.749,73.467,0,0.250,1356024,1143936,166564,5257072,14719.376,1693.238,0,11.995,0,1.000,1093,1133,1.960,1.180,0.640,2,0,1.999,0,0,10,32,6,48,0
02-02 14:13:02,22.513,3.502,73.043,0.250,0.250,1432860,1067104,166568,5257060,16035.509,1620.961,0,2101.246,0,35.021,1387,1637,1.960,1.180,0.640,2,0,2.001,0,0,10,32,6,48,0
02-02 14:13:03,22.264,3.002,73.545,0,0,1362796,1137140,166568,5257084,19301.871,1620.997,0,44.027,0,4.002,1044,1101,1.880,1.180,0.640,2,0,2.001,0,0,10,32,6,46,0
02-02 14:13:04,21.978,3.746,73.927,0,0,1435860,1064088,166568,5257072,18944.359,1618.407,0,0,0,0,1076,1134,1.880,1.180,0.640,2,0,1.998,0,0,10,32,6,46,0
02-02 14:13:05,15.533,12.777,70.649,0.251,0.501,1355032,1144888,166568,5257100,15434.567,1697.582,0,745.573,0,131.277,2446,3209,1.880,1.180,0.640,2,0,273.577,0,0,10,32,6,38,0
02-02 14:13:06,19.452,6.484,72.571,0,0,1416808,1083072,166572,5257136,19041.064,1454.415,0,11.970,0,0.998,1663,2068,1.880,1.180,0.640,1,0,120.702,0,0,10,32,6,38,0
02-02 14:13:07,22.541,3.256,73.634,0,0,1382724,1116928,166572,5257356,14135.741,1622.955,0,0,0,0,1105,1182,1.880,1.180,0.640,1,0,9.016,0,0,10,32,6,33,0
02-02 14:13:08,24.450,2.495,72.601,0,0.249,1352092,1147560,166572,5257356,19438.191,1616.689,0,139.714,0,1.996,1138,1158,1.810,1.180,0.640,1,0,6.986,0,0,10,32,6,33,0
02-02 14:13:09,10.272,20.544,68.147,0,0,1352788,1146748,166572,5257472,19443.863,1697.655,0,124.268,0,6.013,3256,4802,1.810,1.180,0.640,1,0,468.008,0,0,10,32,6,28,0
02-02 14:13:10,9.755,20.511,68.787,0,0.250,1355080,1144404,166572,5257500,19156.325,1662.896,0,252.136,0,6.003,3595,5407,1.810,1.180,0.640,1,0,533.287,0,0,10,32,6,28,0
02-02 14:13:11,10.500,21.001,69.503,0,0,1355804,1143636,166576,5257540,17031.715,1662.070,0,716.030,0,11.000,3134,4527,1.810,1.180,0.640,1,0,436.018,0,0,10,32,6,25,0
02-02 14:13:12,8.998,20.745,67.733,0.250,0.250,1354928,1144468,166628,5257528,16363.844,1693.570,0,5518.598,0,273.930,4049,6089,1.810,1.180,0.640,1,0,485.877,0,0,10,32,6,25,0
02-02 14:13:13,8.001,21.502,69.006,0,0,1354120,1145224,166628,5257596,15375.307,1512.129,0,1144.097,0,13.001,3217,4706,1.820,1.190,0.650,1,0,482.041,0,0,10,32,6,18,0
02-02 14:13:14,8.991,18.731,70.677,0,0.499,1356068,1143248,166628,5257620,13865.663,1564.382,0,271.719,0,5.994,2875,4246,1.820,1.190,0.650,1,0,385.601,0,0,10,32,6,18,0
02-02 14:13:15,9.756,19.262,69.793,0,0,1355216,1144072,166628,5257648,14570.903,1620.990,0,352.215,0,10.006,3308,5184,1.820,1.190,0.650,1,0,503.308,0,0,10,32,6,16,0
02-02 14:13:16,29.018,29.268,40.274,0.250,0,1431504,1067732,166644,5257684,18657.325,1620.984,0,1036.629,0,70.043,4495,7797,1.820,1.190,0.650,5,0,824.500,0,0,10,32,6,22,0
02-02 14:13:17,63.998,10.500,24.999,1.000,0,1609468,887412,166860,5259684,17319.515,1619.955,411.988,3463.903,5.000,199.994,2810,3591,1.820,1.190,0.650,4,0,17.000,0,0,10,34,6,21,0
02-02 14:13:18,39.247,9.249,34.747,17.499,0.500,1581904,902996,168052,5269424,19058.399,1619.864,0,48227.949,0,3895.673,19101,32620,1.920,1.220,0.660,1,1,154.987,0,0,10,36,6,22,0
02-02 14:13:19,40.494,10.248,33.245,19.247,0,1635168,839028,168708,5279092,15917.596,1619.755,0,75152.652,0,5248.208,22890,38413,1.920,1.220,0.660,3,0,89.986,0,0,10,36,6,20,0
02-02 14:13:20,41.755,8.751,31.003,17.002,0,1610188,855808,169168,5286504,14231.565,1512.166,0,66687.336,0,5046.555,22055,38769,1.920,1.220,0.660,8,0,112.012,0,0,10,36,6,21,0
02-02 14:13:21,40.007,17.753,28.505,11.252,0,1566212,891896,169476,5293820,15672.711,1620.280,364.063,50964.817,6.001,4056.702,18455,34567,1.920,1.220,0.660,3,1,303.052,0,0,10,35,6,21,0
02-02 14:13:22,41.483,15.743,34.236,8.746,0.250,1519920,930460,169684,5300928,16209.306,1565.354,1091.549,39472.698,16.993,3135.705,16449,35330,1.920,1.220,0.660,4,1,159.934,0,0,10,34,6,25,0
02-02 14:13:23,39.727,9.744,36.229,12.993,0,1562600,884144,170128,5303964,19109.051,1693.030,527.698,51622.420,7.995,3704.877,15085,29858,2.160,1.280,0.690,3,0,113.935,0,0,10,35,6,19,0
02-02 14:13:24,35.797,9.012,43.557,12.016,0,1562420,879872,170584,5307800,16301.241,1696.210,0,38790.544,0,3306.308,17541,34994,2.160,1.280,0.690,2,0,18.023,0,0,10,34,6,23,0
02-02 14:13:25,36.244,10.248,41.993,11.998,0,1558276,882256,170864,5309220,15513.409,1693.717,0,45448.410,0,3958.339,18141,29621,2.160,1.280,0.690,2,0,94.984,0,0,10,34,6,20,0
02-02 14:13:26,36.232,5.747,40.729,15.242,0.250,1563396,875996,171068,5310092,14926.432,1693.142,0,50438.428,0,4324.807,20871,37712,2.160,1.280,0.690,2,1,28.985,0,0,10,35,6,23,0
02-02 14:13:27,40.754,6.751,44.754,8.251,0,1552792,884000,171252,5312464,23160.316,1512.151,0,31783.178,0,2914.291,14210,25732,2.160,1.280,0.690,2,1,51.005,0,0,10,34,6,22,0
02-02 14:13:28,38.747,5.250,42.246,11.749,0.500,1561196,872912,171412,5314948,24781.794,1661.852,0,32445.112,0,3138.721,17732,32628,2.230,1.310,0.700,4,0,41.996,0,0,10,37,6,24,0
02-02 14:13:29,35.747,8.999,41.997,12.499,0,1536676,894724,171492,5317496,21654.203,1693.859,0,43608.381,0,3313.725,16078,28251,2.230,1.310,0.700,4,0,78.993,0,0,10,36,6,26,0
02-02 14:13:30,34.511,8.253,41.764,15.005,0,1562428,865492,171756,5320616,17467.764,1768.584,0,46379.305,0,3764.242,16991,30435,2.230,1.310,0.700,2,0,39.013,0,0,10,36,6,28,0
02-02 14:13:31,36.748,8.500,39.248,16.249,0.250,1559612,864632,172056,5323880,15355.109,1565.909,0,45025.389,0,3847.777,18310,29995,2.230,1.310,0.700,1,2,114.993,0,0,10,36,6,28,0
02-02 14:13:32,36.254,8.501,39.504,14.502,0,1541652,880164,172208,5326100,16955.882,1694.188,0,42680.738,0,3701.411,15898,29620,2.230,1.310,0.700,3,0,90.010,0,0,10,36,6,29,0
02-02 14:13:33,38.251,8.500,40.251,13.750,0,1511600,915540,172296,5320608,12284.307,1620.041,0,44905.123,0,3817.095,15897,34352,2.290,1.340,0.710,1,1,16.000,0,0,10,36,6,30,0
02-02 14:13:34,38.750,10.750,46.500,3.750,0,1452968,973688,172308,5321084,20752.062,1620.005,0,7492.022,0,937.003,6350,11176,2.290,1.340,0.710,3,1,211.001,0,0,10,32,6,32,0
02-02 14:13:35,16.499,13.999,64.997,2.750,0,1391924,1034552,172316,5321272,15741.181,1511.921,0,16583.138,0,962.950,5425,9655,2.290,1.340,0.710,2,0,324.983,0,0,10,32,6,32,0
02-02 14:13:36,23.250,22.000,54.251,0.750,0.250,1437212,989088,172340,5321424,14110.141,1736.017,0,1636.016,0,82.001,3789,5881,2.290,1.340,0.710,3,0,523.005,0,0,10,32,6,38,0
02-02 14:13:37,66.742,8.999,24.247,0,0.500,1616908,808192,172388,5322544,17112.015,1619.812,0,1179.863,0,31.996,1723,1498,2.290,1.340,0.710,3,0,3.000,0,0,10,32,6,38,0
02-02 14:13:38,67.845,6.485,24.943,0.998,0,1773100,647804,172576,5326288,15528.610,1690.148,0,9546.244,0,528.795,3512,4405,2.350,1.370,0.730,4,0,2.993,0,0,10,38,6,38,0
02-02 14:13:39,28.058,8.017,45.094,20.292,0,1771768,636724,172772,5337956,17785.046,1611.356,0,62710.626,0,5025.468,20713,39423,2.350,1.370,0.730,0,2,216.451,0,0,10,38,6,38,0
02-02 14:13:40,25.743,8.248,43.738,21.744,0,1773320,624880,172976,5347668,15145.956,1619.568,0,87008.769,0,6486.268,24294,46620,2.350,1.370,0.730,1,2,191.949,0,0,10,38,6,38,0
02-02 14:13:41,36.268,8.754,36.268,19.009,0,1668456,720884,173132,5356092,11843.815,1620.796,0,72387.542,0,5567.734,21482,39038,2.350,1.370,0.730,1,1,198.097,0,0,10,36,6,38,0
02-02 14:13:42,40.002,9.250,33.002,17.501,0.250,1727156,654128,173252,5363748,17916.860,1512.073,0,73843.544,0,5499.264,22530,36341,2.350,1.370,0.730,1,3,121.006,0,0,10,36,6,38,0
02-02 14:13:43,52.450,5.745,30.471,11.989,0,1656932,714628,173300,5373168,14396.352,1618.466,0,54899.955,0,3858.342,16747,27475,2.400,1.400,0.740,5,2,50.952,0,0,10,36,6,38,0
02-02 14:13:44,18.727,7.990,48.190,21.973,0,1654048,706592,173344,5383564,16565.343,1711.865,0,79844.434,0,5699.892,23298,40516,2.400,1.400,0.740,3,0,86.892,0,0,10,36,6,38,0
02-02 14:13:45,34.079,9.271,43.851,12.028,0,1395076,962752,173368,5386236,13787.836,1697.920,0,47449.561,0,3658.447,15591,26317,2.400,1.400,0.740,2,0,169.391,0,0,10,32,6,38,0
02-02 14:13:46,20.458,5.988,71.354,0.748,0.249,1449792,908004,173372,5386256,15663.905,1690.536,0,3420.990,0,213.562,1989,2791,2.400,1.400,0.740,1,0,106.781,0,0,10,32,6,38,0
02-02 14:13:47,23.038,2.504,73.873,0.250,0,1512284,845508,173372,5386260,17597.300,1568.612,0,641.067,0,37.062,1304,1609,2.400,1.400,0.740,2,0,0,0,0,10,38,6,38,0
02-02 14:13:48,26.943,4.989,65.859,0.748,0.499,1432500,925236,173380,5386268,16219.388,1616.550,0,8258.377,0,365.221,2838,4963,2.370,1.410,0.750,1,0,61.868,0,0,10,32,6,39,0
02-02 14:13:49,22.496,3.249,73.735,0.250,0,1501800,855936,173380,5386268,16546.724,1511.701,0,39.992,0,3.999,1106,1161,2.370,1.410,0.750,1,0,0,0,0,10,32,6,39,0
02-02 14:13:50,18.550,16.043,65.676,0.251,0,1405260,952464,173380,5386280,19640.676,1624.357,0,641.721,0,57.153,3028,4539,2.370,1.410,0.750,2,0,409.097,0,0,10,32,6,38,0
02-02 14:13:51,13.499,29.498,56.247,0,0.250,1410456,947196,173380,5386348,15293.052,1619.900,0,219.986,0,23.999,4779,7583,2.370,1.410,0.750,1,0,981.939,0,0,10,32,6,38,0
02-02 14:13:52,9.494,19.238,69.455,0,0,1410216,947372,173380,5386408,16713.220,1618.956,0,211.863,0,15.990,3041,4171,2.370,1.410,0.750,1,0,417.731,0,0,10,32,6,38,0
02-02 14:13:53,9.004,19.509,70.533,0,0,1409668,947844,173380,5386440,21772.189,1620.759,0,1008.472,0,9.004,2935,4035,2.260,1.400,0.750,2,0,332.155,0,0,10,32,6,38,0
02-02 14:13:54,11.751,18.751,68.254,0,0,1411648,945780,173380,5386836,14080.915,1620.105,0,48.003,0,11.001,3709,6711,2.260,1.400,0.750,19,0,379.025,0,0,10,32,6,38,0
02-02 14:13:55,27.687,13.968,57.619,0,0.249,1454256,903024,173384,5386852,19320.201,1690.168,0,0,0,0,3535,9979,2.260,1.400,0.750,2,0,169.615,0,0,10,33,6,38,0
02-02 14:13:56,45.751,5.500,48.751,0,0.250,1564680,792424,173392,5387088,13946.251,1566.028,0,20.000,0,1.000,1321,1183,2.260,1.400,0.750,3,0,2.000,0,0,10,33,6,38,0
02-02 14:13:57,49.232,4.498,44.734,0.500,0.250,1622944,731004,173444,5389916,12487.405,1511.444,83.969,2595.045,1.000,342.874,4370,9559,2.260,1.400,0.750,4,0,2.999,0,0,10,45,6,38,0
02-02 14:13:58,25.014,10.756,63.785,0.250,0,1663380,690268,173452,5390144,22040.056,1694.927,0,440.241,0,32.018,2750,4074,2.320,1.430,0.760,1,0,257.141,0,0,10,48,6,38,0
02-02 14:13:59,7.499,1.000,90.732,0,0.250,1668632,684976,173452,5390144,20517.917,2158.570,0,715.858,0,10.998,930,1194,2.320,1.430,0.760,0,0,2.000,0,0,10,49,6,38,0
02-02 14:14:00,0.500,0.500,97.491,0.250,0,1668612,684976,173452,5390164,40684.298,3131.715,0,495.955,0,37.997,1059,1515,2.320,1.430,0.760,0,0,0,0,0,10,49,6,38,0
02-02 14:14:01,6.750,2.750,88.993,0,0,1674552,678840,173456,5390316,162266.992,7171.469,0,299.978,0,6.999,1189,1211,2.320,1.430,0.760,1,0,9.999,0,0,10,48,6,39,0
02-02 14:14:02,14.758,10.506,71.041,2.752,0,1692496,613408,173564,5436228,14352.253,1620.932,4.002,9065.212,1.001,438.252,3531,4797,2.320,1.430,0.760,1,0,78.045,0,0,10,48,6,39,0
02-02 14:14:03,15.759,10.506,73.043,0,0.250,1703748,601616,173564,5436128,14548.540,1620.951,64.038,4.002,4.002,1.001,1747,1894,2.210,1.420,0.760,1,0,52.031,0,0,10,48,6,39,0
02-02 14:14:04,20.488,5.497,73.955,0,0.250,1715828,589512,173564,5436132,18037.142,1457.123,0,0,0,0,1318,1365,2.210,1.420,0.760,2,0,33.980,0,0,10,48,5,39,0
02-02 14:14:05,18.019,7.007,73.326,0,0,1657844,692528,173564,5391760,16120.604,1621.670,0,4.004,0,1.001,1670,1929,2.210,1.420,0.760,1,0,87.090,0,0,10,48,5,39,0
02-02 14:14:06,15.731,13.733,69.416,0,0,1663468,686756,173568,5392168,13561.645,1618.049,99.880,15.981,2.996,1.998,2866,4226,2.210,1.420,0.760,1,0,249.699,0,0,10,48,5,39,0
02-02 14:14:07,9.743,6.495,81.940,0,0,1662636,687396,173568,5391952,19915.442,1618.817,0,247.819,0,2.998,3016,4016,2.210,1.420,0.760,0,0,60.955,0,0,10,48,5,39,0
02-02 14:14:08,1.000,1.250,97.275,0,0.500,1662508,687484,173568,5391992,15513.018,1620.420,0,1572.407,0,4.001,863,1030,2.040,1.400,0.760,0,0,3.001,0,0,10,48,5,39,0
02-02 14:14:09,0.500,0.500,98.012,0,0,1662732,687260,173568,5391992,20098.512,1620.203,0,4.001,0,1.000,809,957,2.040,1.400,0.760,0,0,3.000,0,0,10,48,5,39,0
02-02 14:14:10,0.500,0.500,97.787,0.250,0.250,1662700,687292,173568,5391992,14161.325,1736.653,0,532.200,0,34.013,995,1392,2.040,1.400,0.760,0,0,1.000,0,0,10,48,5,39,0
02-02 14:14:11,2.999,3.498,93.209,0,0.250,1591820,758268,173568,5391976,13410.140,1573.312,0,0,0,0,1223,1667,2.040,1.400,0.760,0,0,46.979,0,0,10,48,5,39,0
02-02 14:14:12,16.778,14.775,66.360,0,0,1592704,757380,173568,5392000,18684.998,1622.692,0,0,0,0,5000,10790,2.040,1.400,0.760,1,0,253.420,0,0,10,48,5,39,0
02-02 14:14:13,10.755,17.508,70.782,0,0,1649508,700360,173568,5392500,18384.291,1932.872,0,1664.751,0,177.080,4403,6845,1.950,1.390,0.760,11,0,375.169,0,0,11,48,5,39,0
02-02 14:14:14,15.006,11.004,72.277,0,0,1648936,700892,173568,5392148,18690.860,1620.595,0,0,0,0,3779,8283,1.950,1.390,0.760,4,0,168.062,0,0,11,48,5,39,0
02-02 14:14:15,4.495,7.741,87.146,0,0,1652768,697028,173568,5392172,14963.134,1618.068,0,263.685,0,13.983,1639,2339,1.950,1.390,0.760,2,0,134.839,0,0,13,48,5,39,0
02-02 14:14:16,15.767,14.015,69.574,0,0,1652064,697732,173568,5392200,14209.076,1621.721,0,28.030,0,6.006,4438,9041,1.950,1.390,0.760,1,0,185.196,0,0,13,50,5,36,0
02-02 14:14:17,9.748,18.246,70.484,0,0.250,1654244,695508,173568,5392228,15964.312,1693.609,0,31.993,0,7.998,2975,4364,1.950,1.390,0.760,1,0,379.912,0,0,13,50,5,36,0
02-02 14:14:18,14.721,16.218,66.617,0,0.499,1655208,694436,173568,5392744,16579.008,1538.938,0,27.944,0,6.986,4189,8104,1.880,1.380,0.760,1,0,237.527,0,0,13,50,5,33,0
02-02 14:14:19,32.581,16.792,49.624,0,0.251,1725796,623816,173580,5392604,19616.964,1624.054,0,48.120,0,4.010,3780,7394,1.880,1.380,0.760,4,0,350.876,0,0,13,50,5,33,0
02-02 14:14:20,28.487,9.496,60.723,0.750,0,1770696,578064,173632,5393168,14869.443,1845.186,31.986,1383.390,1.999,53.976,3627,7136,1.880,1.380,0.760,3,0,58.974,0,0,13,54,6,34,0
02-02 14:14:21,23.426,5.483,70.030,0,0,1832680,515816,173636,5393424,15517.245,1688.694,0,3.987,0,0.997,1303,1489,1.880,1.380,0.760,1,0,9.969,0,0,13,58,6,36,0
02-02 14:14:22,15.020,3.004,81.857,0,0,1866256,481796,173640,5393864,13780.024,1622.122,0,0,0,0,1353,2786,1.880,1.380,0.760,0,0,3.004,0,0,13,58,6,34,0
02-02 14:14:23,1.000,0.500,98.226,0,0,1866148,481796,173640,5393972,26609.427,1783.559,0,0,0,0,772,957,1.730,1.360,0.750,0,0,2.000,0,0,13,58,6,31,0
02-02 14:14:24,4.509,4.509,89.931,0,0,1809744,538188,173640,5393952,18210.622,1623.264,0,893.797,0,9.018,1606,2179,1.730,1.360,0.750,1,0,89.179,0,0,12,56,6,31,2
02-02 14:14:25,17.730,13.735,68.423,0.250,0.250,1818304,529452,173640,5394100,14166.091,1456.365,0,179.798,0,3.996,5002,9815,1.730,1.360,0.750,1,0,215.758,0,0,12,56,6,28,2
02-02 14:14:26,19.018,15.014,65.563,0,0.250,1865524,482112,173640,5394152,13254.791,1695.636,0,72.070,0,2.002,4652,9467,1.730,1.360,0.750,5,0,279.269,0,0,12,56,6,28,2
02-02 14:14:27,16.503,16.253,65.264,0,0,1876392,471280,173640,5394136,18297.843,1694.356,0,44.009,0,8.002,5752,11072,1.730,1.360,0.750,1,0,272.057,0,0,13,52,6,27,4
02-02 14:14:28,15.967,10.229,71.101,0.499,0.249,1884356,463264,173640,5394148,14092.448,1658.522,0,5396.683,0,276.420,4331,8383,1.670,1.350,0.760,0,0,119.749,0,0,13,58,6,27,4
02-02 14:14:29,14.787,7.018,77.695,0.251,0,1671508,676112,173640,5394148,26502.548,1698.264,80.201,5044.667,3.008,99.249,1643,2177,1.670,1.350,0.760,4,0,102.257,0,0,13,50,6,29,0
02-02 14:14:30,31.249,21.749,46.748,0,0.250,1738740,608640,173640,5394392,14957.357,1619.930,0,475.980,0,7.000,3497,5612,1.670,1.350,0.760,3,0,537.977,0,0,13,50,6,29,0
02-02 14:14:31,37.734,21.349,40.464,0,0,1830996,515924,173640,5395060,13832.385,1608.648,0,190.655,0,8.937,6065,10007,1.670,1.350,0.760,2,0,325.702,0,0,13,58,6,30,0
02-02 14:14:32,44.975,12.060,41.960,0,0,1935340,411568,173640,5394852,17398.995,1465.327,0,438.191,0,9.045,2587,3002,1.670,1.350,0.760,5,0,180.905,0,0,13,58,6,30,0
02-02 14:14:33,27.007,3.501,68.269,0,0,1987584,357920,173716,5396136,16958.596,1620.439,0,4.001,0,1.000,2101,4028,1.610,1.350,0.760,2,0,4.001,0,0,13,58,6,29,0
02-02 14:14:34,24.041,5.760,64.861,5.760,0.250,2011976,328804,174032,5400188,16920.833,1712.919,152.259,49868.977,38.065,1223.084,8223,12420,1.610,1.350,0.760,0,1,5.009,0,0,13,60,6,29,0
02-02 14:14:35,25.744,4.999,54.487,11.747,0,2013972,308940,174144,5417748,19597.395,1767.585,0,35007.773,0,2549.401,15679,25736,1.610,1.350,0.760,1,0,3.999,0,0,13,60,6,26,0
02-02 14:14:36,31.724,17.486,50.459,0.500,0,2184048,136604,174176,5419592,14022.642,1618.689,0,2745.776,0,147.880,5396,12671,1.610,1.350,0.760,1,0,226.816,0,0,14,85,6,37,0
02-02 14:14:37,9.754,19.007,69.027,0,0.500,2188216,132220,174176,5419780,12392.784,1620.626,0,3733.441,0,85.033,3279,4932,1.610,1.350,0.760,1,0,374.144,0,0,14,85,6,31,0
02-02 14:14:38,14.226,18.468,65.638,0.250,0,2197076,123348,174176,5420164,18230.807,1701.089,0,2954.944,0,208.643,4937,8724,1.560,1.340,0.760,1,0,269.539,0,0,14,85,6,31,0
02-02 14:14:39,39.743,11.748,46.242,1.250,0.250,2250980,127944,172760,5363836,18260.987,1457.759,315.948,13373.793,7.999,834.862,3579,4269,1.560,1.340,0.760,2,0,130.978,0,0,14,86,6,31,0
02-02 14:14:40,29.319,13.281,55.881,0.501,0,2307864,132628,172492,5303136,22979.750,1623.798,1439.367,2377.561,50.117,229.537,2904,4145,1.560,1.340,0.760,1,0,121.284,0,0,14,89,6,32,0
02-02 14:14:41,8.993,18.235,71.191,0.250,0,2318336,139756,172456,5285816,13580.796,1618.665,0,883.271,0,51.957,3111,4538,1.560,1.340,0.760,1,0,353.708,0,0,14,89,6,32,0
02-02 14:14:42,9.004,19.009,71.032,0.250,0.500,2329488,128736,172456,5285724,14060.355,1694.766,0,108.049,0,10.005,2888,4118,1.560,1.340,0.760,1,0,353.160,0,0,14,89,6,32,0
02-02 14:14:43,15.967,10.229,72.352,0.249,0,2355204,125016,172388,5263944,17268.737,1616.699,630.712,0,35.927,0,1974,2548,1.520,1.330,0.760,1,0,163.666,0,0,14,89,6,32,0
02-02 14:14:44,23.041,3.256,71.879,0.501,0,2320808,194064,172236,5230084,16205.169,1807.253,6631.937,0,105.189,0,2022,2925,1.520,1.330,0.760,1,0,6.011,0,0,14,91,6,34,0
02-02 14:14:45,21.001,6.750,71.753,0,0.250,2382324,132436,172256,5230176,23823.001,1620.068,20.001,84.004,5.000,6.000,2014,2874,1.520,1.330,0.760,1,0,58.002,0,0,14,94,6,34,0
02-02 14:14:46,33.210,3.745,58.679,1.498,0,2431156,126744,171976,5188156,15359.476,1456.244,543.345,3983.196,34.958,583.297,4884,7835,1.520,1.330,0.760,1,0,8.989,0,0,14,106,6,36,0
02-02 14:14:47,20.499,6.500,72.495,0.500,0.250,2419964,137912,171992,5188164,22536.445,1619.888,15.999,931.936,4.000,59.996,1887,2479,1.520,1.330,0.760,1,0,110.992,0,0,14,106,6,36,0
02-02 14:14:48,27.472,6.244,65.183,0.499,0,2473288,133648,171816,5140208,16363.211,1618.340,55.943,2177.766,9.990,319.672,3202,8471,1.640,1.360,0.770,3,0,34.964,0,0,14,112,6,37,0
02-02 14:14:49,23.056,7.268,69.920,0.251,0.251,2454756,152120,171816,5140216,12881.327,1623.949,12.029,1287.130,1.002,109.266,2362,3650,1.640,1.360,0.770,1,0,92.224,0,0,14,114,6,38,0
02-02 14:14:50,22.451,5.239,70.845,0.499,0,2432760,173872,171952,5140324,13300.858,1616.458,231.493,878.076,7.983,56.875,1881,2472,1.640,1.360,0.770,1,0,56.875,0,0,14,118,6,39,0
02-02 14:14:51,23.014,3.002,73.294,0,0,2422320,184164,171952,5140472,15613.399,1769.065,0,1909.149,0,118.071,1701,2326,1.640,1.360,0.770,1,0,2.001,0,0,14,118,6,40,0
02-02 14:14:52,22.991,3.499,72.223,0.250,0,2484664,121804,171952,5140488,16183.882,1693.360,0,139.947,0,13.995,1505,1935,1.640,1.360,0.770,1,0,50.981,0,0,14,118,6,40,0
02-02 14:14:53,21.514,6.504,71.546,0.500,0.250,2466384,140032,171956,5140536,14337.161,1458.932,8.005,600.384,2.001,77.049,2249,3413,1.590,1.360,0.770,1,0,82.052,0,0,14,118,6,41,0
02-02 14:14:54,21.749,5.000,72.247,0,0,2443552,162752,171964,5140640,13611.524,1693.941,207.993,307.989,13.000,21.999,1639,2105,1.590,1.360,0.770,1,0,54.998,0,0,14,118,6,42,0
02-02 14:14:55,23.536,3.005,72.612,0.250,0.501,2484444,121676,171968,5140820,18969.194,1622.497,0,789.215,0,106.163,2108,3207,1.590,1.360,0.770,1,0,0,0,0,14,120,6,42,0
02-02 14:14:56,24.980,6.245,66.448,1.499,0,2468504,152500,171952,5126304,15995.396,1660.691,3.997,2330.164,0.999,243.808,3977,6539,1.590,1.360,0.770,1,0,58.954,0,0,14,126,6,43,0
02-02 14:14:57,24.764,2.501,72.042,0.250,0,2496412,124528,171952,5126368,15861.168,1620.937,48.028,848.490,1.001,81.047,2073,3566,1.590,1.360,0.770,1,0,0,0,0,14,128,6,43,0
02-02 14:14:58,32.237,2.249,61.976,1.250,0,2503316,131624,171892,5112600,24490.473,1693.341,743.711,5653.801,128.950,403.843,3854,6708,1.620,1.370,0.780,2,0,0,0,0,14,126,6,44,0
02-02 14:14:59,21.716,6.240,72.138,0.250,0.250,2505168,129928,171892,5112596,12472.555,1617.478,0,323.496,0,17.972,1627,2290,1.620,1.370,0.780,1,0,68.893,0,0,14,126,6,44,0
02-02 14:15:00,20.755,7.752,69.265,0.500,0,2472492,162480,171900,5112712,15909.532,1458.324,64.014,1304.290,2.000,142.032,3271,4960,1.620,1.370,0.780,1,0,147.033,0,0,14,126,6,45,0
02-02 14:15:01,25.055,2.004,72.410,0,0,2514540,120424,171900,5112720,13986.869,1623.583,0,481.062,0,27.060,1456,1848,1.620,1.370,0.780,2,0,0,0,0,14,128,6,45,0
02-02 14:15:02,27.207,1.997,69.641,0.499,0.250,2523664,126268,171840,5098184,15429.744,1617.457,0,946.512,0,105.834,2844,4884,1.620,1.370,0.780,7,0,0,0,0,14,128,6,45,0
02-02 14:15:03,43.483,12.245,42.233,1.000,0,2505644,140820,171848,5101628,16099.625,2111.164,3174.743,1359.462,92.963,136.946,5134,9381,1.730,1.390,0.790,4,0,288.886,0,0,14,126,6,45,0
02-02 14:15:04,28.552,5.260,65.620,0.501,0,2482984,183020,171764,5082756,21683.594,1783.256,0,4772.715,0,408.746,2916,3661,1.730,1.390,0.790,2,0,45.082,0,0,14,126,6,46,0
02-02 14:15:05,9.249,19.748,69.745,0,0.750,2487852,178096,171764,5082796,14022.906,1779.861,11.999,559.956,2.000,28.998,2942,4471,1.730,1.390,0.790,1,0,360.972,0,0,14,126,6,46,0
02-02 14:15:06,14.998,17.498,65.241,0.250,0,2493832,171676,171768,5083636,16981.690,1783.757,443.940,655.911,29.996,43.994,5049,9171,1.730,1.390,0.790,1,0,294.960,0,0,14,126,6,46,0
02-02 14:15:07,28.204,18.220,52.913,0.250,0,2535852,129512,171784,5083424,13831.386,1529.499,31.948,455.256,4.992,26.956,3522,6460,1.730,1.390,0.790,3,0,422.310,0,0,14,126,6,46,0
02-02 14:15:08,35.546,19.886,42.755,0.497,0.249,2590384,130380,171692,5029672,23097.513,1763.882,322.152,4438.541,30.823,466.325,5888,9653,1.990,1.450,0.820,7,0,363.913,0,0,14,132,6,47,0
02-02 14:15:09,44.599,23.685,30.992,0.504,0,2696892,133980,171492,4922536,19889.596,1632.773,866.781,5535.303,55.434,594.652,6673,14051,1.990,1.450,0.820,4,0,464.635,0,0,16,138,6,47,0
02-02 14:15:10,58.748,19.999,20.999,0.250,0,2805160,130964,171376,4820004,20269.311,1619.945,391.987,3267.889,9.000,332.989,4010,8094,1.990,1.450,0.820,3,0,419.986,0,0,16,138,6,47,0
02-02 14:15:11,49.697,22.226,27.970,0,0,2875464,126888,171236,4754948,15816.251,1734.164,143.848,231.755,3.996,12.986,4953,16029,1.990,1.450,0.820,2,0,452.521,0,0,16,154,6,47,0
02-02 14:15:12,32.492,24.994,41.740,0,0,2934864,130944,170940,4693056,15828.138,1619.605,27.993,631.846,2.999,29.993,4079,6446,1.990,1.450,0.820,2,0,566.862,0,0,17,154,6,47,0
02-02 14:15:13,22.029,14.519,61.331,0.751,0.501,2951292,123604,170940,4684268,14761.411,1712.252,0,6264.237,0,454.598,5898,9668,1.910,1.450,0.820,2,0,246.324,0,0,17,154,6,47,0
02-02 14:15:14,30.999,21.499,45.748,0,0,3014404,128088,170888,4618184,14411.496,1511.947,1107.961,455.984,52.998,32.999,4057,6542,1.910,1.450,0.820,2,0,536.981,0,0,17,154,6,47,0
02-02 14:15:15,42.000,21.000,36.250,0.750,0,3116680,131644,170820,4514424,19492.195,1566.016,1168.012,6528.065,73.001,646.006,8583,14289,1.910,1.450,0.820,2,0,294.003,0,0,17,166,6,47,0
02-02 14:15:16,30.197,23.958,45.171,0.250,0.250,3179672,136392,170804,4448328,15101.467,1760.906,255.551,598.948,12.977,52.907,4104,6733,1.910,1.450,0.820,3,0,592.958,0,0,17,166,6,47,0
02-02 14:15:17,23.791,23.291,51.089,0.501,0.250,3244236,127924,170792,4393640,17159.893,1622.827,340.593,4696.181,20.035,387.675,6202,12332,1.910,1.450,0.820,1,0,551.962,0,0,17,172,6,47,0
02-02 14:15:18,16.623,15.879,65.499,0,0,3250732,128296,170784,4386924,18814.072,1607.701,214.360,389.024,14.886,21.833,5579,10184,1.840,1.440,0.820,4,0,239.170,0,0,17,178,6,46,0
02-02 14:15:19,40.275,11.831,47.323,0.503,0,3354548,125640,170776,4288060,17166.021,1705.627,575.926,1558.625,36.247,249.702,2927,3749,1.840,1.440,0.820,3,0,117.803,0,0,17,178,6,46,0
02-02 14:15:20,45.093,7.225,46.339,0.747,0,3463936,137960,170908,4168376,16572.295,1614.379,2997.562,434.487,61.785,58.795,2019,2328,1.840,1.440,0.820,6,0,1.993,0,0,17,178,6,46,0
02-02 14:15:21,45.435,20.333,33.386,0,0,3457804,149740,170932,4163220,13747.982,1626.624,1413.757,498.028,30.123,30.123,6216,13520,1.840,1.440,0.820,4,0,454.852,0,0,17,184,6,46,0
02-02 14:15:22,44.754,29.253,24.252,0.250,0,3441136,178168,170940,4151564,16803.664,1512.150,20.002,760.075,2.000,47.005,5519,10851,1.840,1.440,0.820,4,0,511.051,0,0,17,194,6,42,0
02-02 14:15:23,48.249,20.500,29.749,0.500,0,3505508,122300,170940,4143484,17187.622,1693.963,27.999,2627.942,1.000,153.997,5894,11114,1.850,1.450,0.830,6,0,205.995,0,0,17,195,6,42,0
02-02 14:15:24,79.508,17.002,2.750,0,0.500,3582360,147604,170944,4043540,20575.955,1730.164,232.022,16637.581,8.001,514.049,3597,5871,1.850,1.450,0.830,4,0,132.013,0,0,17,209,6,42,0
02-02 14:15:25,80.494,14.499,4.500,0,0,3655136,131128,171032,3988452,13534.931,1619.872,631.950,1811.857,8.999,148.988,4597,12545,1.850,1.450,0.830,5,0,54.996,0,0,17,223,6,42,0
02-02 14:15:26,57.750,24.250,16.500,1.000,0.250,3655448,157832,171040,3961924,13066.013,1620.002,1048.001,18744.019,43.000,614.001,11410,36063,1.850,1.450,0.830,6,0,388.000,0,0,17,223,6,49,0
02-02 14:15:27,39.977,17.240,41.477,0.750,0.250,3646008,187312,171040,3942684,14557.804,1619.088,139.921,1767.005,9.994,163.908,6422,14295,1.850,1.450,0.830,1,0,255.856,0,0,17,225,6,49,0
02-02 14:15:28,47.473,21.738,29.483,0,0,3750444,122836,171040,3903244,15737.030,1619.077,147.916,603.656,1.999,37.978,3693,6182,1.950,1.470,0.840,8,0,355.797,0,0,17,226,6,47,0
02-02 14:15:29,54.658,22.754,21.517,0.247,0,3792500,133352,171128,3851900,22828.742,1644.192,138.500,870.571,22.754,56.389,4749,9134,1.950,1.470,0.840,6,0,338.335,0,0,17,229,6,50,0
02-02 14:15:30,52.631,21.761,24.291,0.506,0.253,3818788,128192,171128,3831296,17179.988,1530.349,429.145,6599.123,15.182,535.420,7122,13143,1.950,1.470,0.840,3,0,326.920,0,0,17,235,6,44,0
02-02 14:15:31,55.915,22.466,21.467,0.250,0,3864824,147120,171136,3767796,25041.811,1687.427,183.720,1002.471,12.980,62.904,6595,14783,1.950,1.470,0.840,6,0,381.418,0,0,17,243,6,45,0
02-02 14:15:32,49.169,18.470,30.450,1.248,0,3896928,179064,171140,3703960,16924.244,1563.436,271.555,8410.207,25.957,729.803,6253,10277,1.950,1.470,0.840,3,0,210.655,0,0,17,243,6,43,0
02-02 14:15:33,66.691,9.277,23.568,0.251,0,4042692,128512,171140,3609948,20580.964,1624.655,276.793,818.345,28.080,120.345,2589,3360,2.030,1.500,0.850,3,0,1.003,0,0,17,247,6,44,0
02-02 14:15:34,61.250,15.250,21.750,0.250,0,4056388,142704,171164,3582280,24030.168,1710.012,852.006,708.005,40.000,67.000,4617,11105,2.030,1.500,0.850,3,0,195.001,0,0,17,253,5,51,0
02-02 14:15:35,46.347,26.911,25.914,0,0.498,4056688,141356,171296,3583312,16005.135,1688.423,1694.403,806.337,39.868,55.816,4600,7828,2.030,1.500,0.850,3,0,517.291,0,0,17,253,5,52,0
02-02 14:15:36,44.830,18.784,34.061,1.503,0,4023228,182052,171376,3576364,23696.417,1622.905,3562.377,7271.015,55.099,682.221,8327,15685,2.030,1.500,0.850,1,0,250.448,0,0,18,253,5,43,0
02-02 14:15:37,62.593,14.962,21.945,0,0.249,4109652,136188,171376,3536804,17340.527,1508.219,845.879,367.080,9.975,24.937,2220,3594,2.030,1.500,0.850,3,0,161.595,0,0,18,256,5,43,0
02-02 14:15:38,62.515,11.800,25.358,0.251,0.251,4211192,137428,171428,3436392,14818.832,1626.898,1044.428,3069.013,11.047,350.486,3864,8133,2.110,1.520,0.860,3,0,15.064,0,0,18,256,5,43,0
02-02 14:15:39,22.247,11.998,65.491,0.250,0,4215664,134080,171436,3435264,12481.215,2488.644,839.880,867.876,11.998,49.993,3015,5215,2.110,1.520,0.860,2,0,218.969,0,0,18,258,5,45,0
02-02 14:15:40,18.997,5.249,74.739,0,0,4233208,126336,171444,3425752,20379.086,2251.678,807.884,147.979,9.999,14.998,2134,2863,2.110,1.520,0.860,1,0,10.998,0,0,18,262,5,44,0
02-02 14:15:41,19.251,6.750,72.504,0.250,0,4239172,127884,171444,3418344,19291.003,2780.145,768.040,180.009,6.000,15.001,2074,3752,2.110,1.520,0.860,2,0,11.001,0,0,18,268,5,44,0
02-02 14:15:42,18.194,5.483,74.768,0.249,0,4237740,133092,171444,3414632,22351.621,3146.234,765.624,259.195,5.981,32.898,2137,2983,2.110,1.520,0.860,1,0,8.972,0,0,18,272,5,44,0
02-02 14:15:43,2.748,0.500,95.168,0,0.250,4237636,133196,171444,3414632,27532.322,2894.511,0,151.869,0,11.990,1310,2009,1.940,1.500,0.860,2,0,0,0,0,18,271,5,44,1
02-02 14:15:44,4.006,1.001,93.133,0,0,4238248,132076,171444,3415140,510973.626,6210.844,16.023,360.513,1.001,42.060,1820,2631,1.940,1.500,0.860,1,0,3.004,0,0,18,277,5,42,0
02-02 14:15:45,3.007,1.503,93.961,0.251,0.251,4239348,128400,171444,3417716,2778745.168,23187.964,0,180.404,0,14.031,2076,2009,1.940,1.500,0.860,0,0,0,0,0,18,277,5,42,0
02-02 14:15:46,4.737,2.244,91.002,0,0.249,4227496,140332,171444,3417696,3771775.683,18268.237,0,327.109,0,29.919,2282,2423,1.940,1.500,0.860,2,0,1.995,0,0,18,277,5,41,0
02-02 14:15:47,3.753,1.001,93.563,0,0,4229216,139436,171444,3416872,3067739.657,12064.131,0,0,0,0,1905,1938,1.940,1.500,0.860,1,0,0,0,0,18,277,5,41,0
02-02 14:15:48,7.769,2.506,87.717,0,0,4223544,153580,171444,3408644,3587949.351,20691.252,252.626,0,28.070,0,2810,3591,1.780,1.470,0.850,0,0,34.084,0,0,18,277,5,42,0
02-02 14:15:49,5.490,3.244,90.589,0,0,4230092,144380,171444,3411284,2940284.994,17824.362,0,15.972,0,1.996,2381,2618,1.780,1.470,0.850,1,0,38.931,0,0,18,276,5,40,1
02-02 14:15:50,16.503,11.252,69.515,1.750,0.250,4260764,129608,171444,3395748,24713.165,1954.408,2120.443,13254.770,26.005,481.101,3522,4077,1.780,1.470,0.850,2,0,213.045,0,0,18,276,6,40,0
02-02 14:15:51,23.739,4.248,71.217,0,0.250,4287192,131184,171444,3368216,19942.727,1585.263,127.941,87.959,6.997,2.999,2900,5582,1.780,1.470,0.850,1,0,0,0,0,18,281,6,38,0
02-02 14:15:52,25.447,5.738,65.365,0.998,0,4303888,121432,171444,3361476,22154.185,1616.657,403.166,9580.188,22.953,340.296,5366,8826,1.780,1.470,0.850,1,0,8.981,0,0,18,295,6,39,0
02-02 14:15:53,14.550,15.804,68.736,0.753,0,4241564,194404,171444,3351276,18949.090,1699.839,188.648,401.379,8.028,32.110,3400,5079,1.800,1.480,0.860,1,0,330.134,0,0,18,292,6,39,0
02-02 14:15:54,19.697,8.477,70.561,0,0.249,4295532,140380,171444,3351332,15666.124,1615.681,15.957,207.445,1.995,10.971,2097,3206,1.800,1.480,0.860,1,0,135.637,0,0,18,292,6,39,0
02-02 14:15:55,11.987,16.732,70.676,0,0,4248972,186924,171444,3351348,13332.001,1648.269,35.962,619.350,3.996,42.955,3156,4821,1.800,1.480,0.860,1,0,272.714,0,0,18,292,6,37,0
02-02 14:15:56,10.769,17.530,71.124,0,0.250,4246260,189532,171444,3351452,15821.498,1696.949,16.028,128.223,2.003,10.017,3514,5276,1.800,1.480,0.860,0,0,390.679,0,0,18,292,6,37,0
02-02 14:15:57,2.502,1.501,94.833,0,0,4246044,189740,171444,3351460,18261.906,1769.541,0,3819.327,0,39.034,1356,1939,1.800,1.480,0.860,2,0,9.008,0,0,18,292,6,36,0
02-02 14:15:58,24.524,2.753,71.319,0.250,0.250,4299040,136672,171444,3351532,18684.142,1513.470,0,128.124,0,14.014,1761,2395,1.740,1.470,0.860,1,0,0,0,0,18,293,6,36,0
02-02 14:15:59,13.487,14.736,70.932,0,0,4242664,192976,171448,3351600,24452.428,1688.372,7.992,0,1.998,0,2852,4119,1.740,1.470,0.860,1,0,205.802,0,0,18,296,6,35,0
02-02 14:16:00,12.017,15.272,70.351,0,0.250,4241348,194204,171448,3351688,19692.278,1622.330,0,0,0,0,2960,4306,1.740,1.470,0.860,1,0,211.303,0,0,18,296,6,35,0
02-02 14:16:01,19.222,9.237,70.648,0.250,0,4283068,152304,171448,3351868,19040.620,1617.674,3.994,2568.307,0.999,132.809,2659,3866,1.740,1.470,0.860,4,0,124.821,0,0,18,296,6,34,0
02-02 14:16:02,24.733,3.747,68.704,1.249,0.250,4339596,128212,171448,3320228,18487.539,1618.909,15.989,15761.377,3.997,351.763,2540,3061,1.740,1.470,0.860,4,0,0.999,0,0,18,298,6,34,0
02-02 14:16:03,24.229,3.497,70.439,0.749,0,4274548,202604,171448,3311136,14689.294,1564.647,143.876,1262.908,7.993,131.886,2205,3109,1.680,1.470,0.860,1,0,7.993,0,0,18,300,6,33,0
02-02 14:16:04,24.504,3.501,71.011,0.250,0.250,4337468,139604,171448,3311216,14426.178,1620.245,20.003,144.022,1.000,12.002,1625,2366,1.680,1.470,0.860,4,0,1.000,0,0,18,300,6,33,0
02-02 14:16:05,24.242,3.749,70.478,0,0,4255036,222012,171448,3311240,17576.428,1693.463,3.999,79.975,1.000,5.998,2085,2991,1.680,1.470,0.860,1,0,19.994,0,0,18,300,6,32,0
02-02 14:16:06,25.752,3.000,71.007,0.250,0.250,4296112,180936,171448,3311240,16855.601,1512.144,0,256.024,0,21.002,1809,2278,1.680,1.470,0.860,1,0,2.000,0,0,18,300,6,32,0
02-02 14:16:07,12.542,17.057,70.236,0,0,4251576,224232,171456,3312472,17005.171,1625.465,1501.047,377.268,20.067,13.044,3095,4557,1.680,1.470,0.860,1,0,301.012,0,0,18,300,6,32,0
02-02 14:16:08,16.219,11.727,70.115,0,0,4259996,215512,171456,3312740,23135.395,1616.883,275.469,0,68.867,0,2875,4028,1.700,1.480,0.870,1,0,278.463,0,0,18,300,6,32,0
02-02 14:16:09,23.244,2.999,72.483,0.250,0.250,4280952,187288,171476,3319988,19477.306,1693.592,7062.298,3.999,63.985,1.000,1775,2186,1.700,1.480,0.870,1,0,4.999,0,0,18,300,6,31,0
02-02 14:16:10,22.727,5.744,69.678,0,0.250,4278412,189556,171484,3320252,24171.080,1692.255,155.839,83.913,6.993,1.998,9466,18411,1.700,1.480,0.870,1,0,11.988,0,0,18,300,7,31,0
02-02 14:16:11,4.999,1.250,93.489,0,0.250,4278132,189556,171484,3320532,19345.775,2683.691,279.968,0,6.999,0,1409,1949,1.700,1.480,0.870,0,0,0,0,0,18,301,6,31,0
02-02 14:16:12,8.748,1.000,88.478,0.250,0,4279500,188044,171496,3320664,16649.838,4207.948,99.975,471.882,4.999,29.993,1709,2793,1.700,1.480,0.870,1,0,0,0,0,18,301,6,31,0
02-02 14:16:13,21.007,1.250,76.277,0.250,0,4284544,182752,171504,3320904,16766.852,1578.551,72.025,604.211,3.001,36.013,1550,2081,1.650,1.470,0.870,3,0,0,0,0,18,301,6,31,0
02-02 14:16:14,24.815,5.013,69.681,0.251,0,4317180,148296,171652,3322304,14443.611,1624.229,0,485.264,0,18.047,8639,17323,1.650,1.470,0.870,1,0,5.013,0,0,18,301,6,31,0
02-02 14:16:15,22.922,4.236,72.007,0,0,4303180,162440,171656,3322156,20111.005,1680.319,0,267.097,0,15.946,1732,2342,1.650,1.470,0.870,1,0,8.970,0,0,18,300,6,31,1
02-02 14:16:16,15.013,13.762,70.063,0.250,0.250,4289640,176064,171656,3322072,16348.665,1729.551,0,224.201,0,12.011,2909,4349,1.650,1.470,0.870,1,0,266.239,0,0,18,300,6,31,0
02-02 14:16:17,22.286,5.008,71.365,0,0,4263156,202360,171656,3322260,18317.399,1622.604,24.039,0,2.003,0,2169,3215,1.650,1.470,0.870,1,0,49.079,0,0,18,300,6,34,0
02-02 14:16:18,21.523,5.756,71.328,0,0.501,4316572,148704,171656,3322500,16281.747,1621.768,0,1137.240,0,212.231,2047,2688,1.590,1.460,0.870,1,0,63.069,0,0,18,300,6,34,0
02-02 14:16:19,22.994,4.749,71.482,0,0.250,4305052,160116,171656,3322608,17367.519,1565.596,95.975,115.970,5.998,2.999,2118,3177,1.590,1.460,0.870,1,0,69.982,0,0,18,300,6,34,0
02-02 14:16:20,22.750,5.000,70.749,0.250,0,4290368,174776,171656,3322632,16975.864,1511.988,0,607.995,0,34.000,2184,3128,1.590,1.460,0.870,1,0,56.000,0,0,18,300,6,34,0
02-02 14:16:21,30.453,7.239,61.905,0.250,0,4266196,198812,171656,3322768,17676.901,1691.407,0,207.682,0,21.966,3104,5287,1.590,1.460,0.870,4,0,27.957,0,0,18,300,6,36,0
02-02 14:16:22,25.512,3.502,69.283,0.750,0,4309224,155748,171660,3322800,24193.468,1768.838,0,568.269,0,74.035,2606,4031,1.590,1.460,0.870,2,0,0,0,0,18,300,6,36,0
02-02 14:16:23,22.731,4.496,71.939,0,0,4304608,160356,171660,3322808,20706.586,1618.639,0,147.876,0,9.992,1831,2572,1.550,1.450,0.870,1,0,46.961,0,0,18,300,6,36,0
02-02 14:16:24,21.237,6.246,71.706,0.250,0,4294340,170476,171664,3322952,21539.732,1692.957,0,155.904,0,9.994,1836,2628,1.550,1.450,0.870,5,0,27.983,0,0,18,300,6,38,0
02-02 14:16:25,23.057,6.015,70.676,0,0.251,4278112,186676,171664,3322980,17100.563,1624.042,0,336.838,0,36.090,2563,3936,1.550,1.450,0.870,1,0,88.220,0,0,18,300,6,38,0
02-02 14:16:26,23.752,5.500,70.756,0.250,0,4235800,228980,171664,3322988,16347.324,1620.131,0,172.014,0,10.001,1921,2762,1.550,1.450,0.870,1,0,49.004,0,0,18,300,6,41,0
02-02 14:16:27,23.749,3.000,72.246,0,0.500,4293228,171524,171664,3323016,15037.128,1457.915,0,131.992,0,8.000,1682,2416,1.550,1.450,0.870,1,0,0,0,0,18,302,6,35,0
02-02 14:16:28,23.503,4.001,72.260,0,0,4287512,177104,171664,3323152,22510.994,1736.231,108.014,140.019,9.001,8.001,1574,2040,1.500,1.440,0.870,1,0,14.002,0,0,18,300,6,36,0
02-02 14:16:29,28.187,2.744,66.601,1.247,0.249,4262792,200580,171664,3324396,16106.083,1690.231,682.478,1189.348,42.904,165.631,3705,6771,1.500,1.440,0.870,1,0,4.989,0,0,18,302,6,37,0
02-02 14:16:30,24.016,3.252,70.798,0.250,0,4299256,164068,171664,3324444,22229.227,1695.161,36.025,820.562,2.001,85.058,2257,3510,1.500,1.440,0.870,1,0,0,0,0,18,304,6,37,0
02-02 14:16:31,19.783,11.519,67.112,0.501,0,4243984,219276,171664,3324508,21804.435,1622.712,4.007,1125.881,1.002,115.192,4062,6457,1.500,1.440,0.870,1,0,270.452,0,0,18,302,6,38,0
02-02 14:16:32,12.002,20.004,67.014,0.250,0,4251348,211896,171664,3324524,14839.027,1620.331,0,776.158,0,51.010,4229,6924,1.500,1.440,0.870,1,0,568.116,0,0,18,302,6,34,0
02-02 14:16:33,10.000,20.251,68.253,0,0,4252228,210992,171664,3324548,15988.704,1694.075,0,1384.061,0,129.006,3957,6213,1.380,1.420,0.860,1,0,537.024,0,0,18,302,6,34,0
02-02 14:16:34,10.245,20.240,66.968,0.250,0.500,4258364,204824,171664,3324580,15162.798,1457.308,0,3450.361,0,358.830,4763,6961,1.380,1.420,0.860,1,0,623.704,0,0,18,302,6,30,0
02-02 14:16:35,11.505,20.509,67.280,0.750,0.250,4253556,209568,171664,3324612,15827.154,1620.733,0,2445.105,0,151.068,4519,7355,1.380,1.420,0.860,1,0,621.281,0,0,18,302,6,30,0
02-02 14:16:36,10.000,20.000,67.999,0,0,4255960,207108,171664,3324668,14245.786,1619.976,0,467.993,0,39.999,4474,7538,1.380,1.420,0.860,1,0,636.990,0,0,18,302,6,23,0
02-02 14:16:37,13.488,18.483,67.939,0,0.250,4264648,198332,171668,3324752,12237.011,1766.414,11.989,143.871,2.997,11.989,3864,6247,1.380,1.420,0.860,3,0,533.521,0,0,18,302,6,23,0
02-02 14:16:38,36.969,13.489,48.959,0,0,4293480,253484,172100,3248900,13988.222,1618.637,767.354,163.862,5.995,4.996,7741,14675,1.430,1.430,0.870,2,0,36.969,0,0,18,302,6,21,0
02-02 14:16:39,27.986,3.748,66.468,0.500,0.250,4309612,234140,172204,3251688,13073.685,1661.198,255.876,2542.772,1.999,24.988,1791,2444,1.430,1.430,0.870,2,0,5.997,0,0,18,303,6,21,0
02-02 14:16:40,2.997,1.498,93.150,0,0,4309376,234140,172204,3251892,17814.956,2832.972,31.966,395.577,0.999,14.984,1471,2236,1.430,1.430,0.870,1,1,0,0,0,18,303,6,19,0
02-02 14:16:41,4.750,0.750,92.248,1.000,0,4309348,234140,172208,3251916,25271.419,4133.905,16.000,3179.927,3.000,171.996,2080,3231,1.430,1.430,0.870,0,0,0,0,0,18,303,6,19,0
02-02 14:16:42,9.239,1.748,88.391,0,0,4311772,231620,172212,3251976,20099.137,4109.916,23.970,515.362,2.996,29.963,1577,2337,1.430,1.430,0.870,1,0,0,0,0,18,303,6,19,0
02-02 14:16:43,5.012,0.752,92.213,0.251,0.251,4311748,231620,172212,3252000,46228.018,4891.323,0,489.132,0,20.046,1415,1876,1.320,1.410,0.870,0,0,0,0,0,18,303,6,19,0
02-02 14:16:44,5.508,0.751,92.633,0,0,4311736,231620,172212,3252012,20583.599,4117.922,0,400.576,0,17.024,1340,1939,1.320,1.410,0.870,2,0,0,0,0,18,303,6,19,0
02-02 14:16:45,4.737,0.997,92.492,0.249,0.499,4311836,231396,172212,3252104,22676.822,4869.434,31.911,295.178,3.989,9.972,1351,1883,1.320,1.410,0.870,3,0,0,0,0,18,303,6,19,0
02-02 14:16:46,5.509,1.753,92.150,0.250,0,4311756,231396,172212,3252184,18976.875,4095.664,0,504.821,0,39.064,1617,2371,1.320,1.410,0.870,0,0,2.003,0,0,18,303,6,19,0
02-02 14:16:47,5.489,1.248,93.070,0.250,0,4311956,231144,172212,3252236,22288.782,4793.705,0,383.257,0,11.977,1346,1978,1.320,1.410,0.870,3,0,0,0,0,18,303,6,19,0
02-02 14:16:48,4.252,0.750,92.801,0,0,4313004,229884,172212,3252416,18384.019,4027.195,0,280.153,0,9.005,1253,1853,1.210,1.380,0.860,3,0,0,0,0,18,303,6,19,0
02-02 14:16:49,13.003,3.251,82.269,0.250,0,4318484,224260,172212,3252556,19443.608,3179.754,0,1876.445,0,14.003,2046,3909,1.210,1.380,0.860,2,0,34.008,0,0,18,303,6,20,0
02-02 14:16:50,7.498,1.250,90.220,0,0.750,4317628,224260,172212,3253412,20709.104,4133.624,0,187.937,0,5.998,1359,1860,1.210,1.380,0.860,0,1,0,0,0,18,303,6,19,0
02-02 14:16:51,6.008,0.751,91.872,0.250,0,4317540,224260,172212,3253500,35533.152,4214.593,32.043,877.164,1.001,54.072,1880,2453,1.210,1.380,0.860,2,0,0,0,0,18,303,6,19,0
02-02 14:16:52,6.754,1.001,91.300,0,0,4318044,223504,172212,3253752,29770.463,4218.333,0,368.204,0,29.016,1792,2404,1.210,1.380,0.860,2,0,0,0,0,18,303,6,17,0
02-02 14:16:53,6.000,0.500,91.747,0.500,0,4320000,221488,172212,3253780,33809.986,4143.876,0,575.983,0,29.999,1688,2081,1.110,1.360,0.860,4,0,0,0,0,18,303,6,17,0
02-02 14:16:54,5.746,0.749,92.185,0,0,4321184,220228,172220,3253848,24319.976,5004.497,15.989,267.813,2.998,8.994,1381,1876,1.110,1.360,0.860,1,0,0,0,0,18,303,6,16,0
02-02 14:16:55,6.492,0.749,92.639,0.250,0,4322188,219220,172220,3253852,18572.750,4070.124,0,263.684,0,8.989,1356,1963,1.110,1.360,0.860,1,0,0,0,0,18,303,6,16,0
02-02 14:16:56,8.756,0.750,88.058,0,0.250,4323544,217696,172228,3254004,23107.251,4033.662,0,280.185,0,9.006,1454,1921,1.110,1.360,0.860,0,0,2.001,0,0,18,303,6,16,0
02-02 14:16:57,8.252,0.250,90.523,0.250,0.500,4325056,216184,172228,3254004,21246.503,3295.854,0,260.067,0,10.003,1339,1868,1.110,1.360,0.860,2,0,0,0,0,18,303,6,16,0
02-02 14:16:58,11.993,2.249,85.702,0.250,0,4325348,202072,172228,3267824,22068.752,3403.111,411.771,187.896,14.992,5.997,1320,1753,1.100,1.350,0.860,1,0,0,0,0,18,303,6,16,0
02-02 14:16:59,21.999,3.750,72.498,1.000,0,4326400,170640,172388,3295760,31445.025,1619.950,0,2779.914,0,101.997,1796,2600,1.100,1.350,0.860,1,0,0,0,0,18,303,6,16,0
02-02 14:17:00,21.260,4.002,72.035,1.251,0,4349844,123836,172928,3316604,19173.299,1620.786,0,3345.623,0,156.076,1885,2911,1.100,1.350,0.860,1,0,0,0,0,18,303,6,16,0
02-02 14:17:01,23.287,4.507,70.362,1.502,0.250,4323144,157404,173440,3308012,21055.584,1762.812,60.096,8309.253,7.011,539.861,2641,3198,1.100,1.350,0.860,1,0,4.006,0,0,18,302,6,16,1
02-02 14:17:02,24.748,5.499,68.494,0,0,4295992,182660,173440,3309724,14450.685,1727.843,79.993,631.942,6.999,21.998,8046,15641,1.100,1.350,0.860,4,0,10.999,0,0,18,302,5,16,0
02-02 14:17:03,22.743,4.249,71.479,0,0.250,4298056,180420,173440,3309864,19640.147,1511.550,0,1883.439,0,17.995,3149,5542,1.100,1.350,0.860,3,0,8.997,0,0,18,302,5,16,0
02-02 14:17:04,23.719,4.994,69.410,0,0,4267260,211120,173440,3309940,19183.139,1617.903,0,115.850,0,7.990,9389,18252,1.100,1.350,0.860,1,0,12.983,0,0,18,302,5,16,0
02-02 14:17:05,22.059,5.264,72.194,0,0.501,4266296,212152,173440,3309852,17246.272,1570.213,0,4.011,0,1.003,2847,4589,1.100,1.350,0.860,2,0,55.148,0,0,18,302,5,16,0
02-02 14:17:06,24.437,7.730,65.333,0.249,0,4301016,177520,173440,3309868,17732.605,1615.863,0,80880.945,0,286.267,13578,26869,1.100,1.350,0.860,1,0,13.964,0,0,18,302,5,16,0
02-02 14:17:07,23.756,6.502,68.266,0,0,4301680,176744,173440,3309976,18078.303,1620.386,0,1688.402,0,14.003,12829,25509,1.100,1.350,0.860,1,0,17.004,0,0,18,302,5,16,0
02-02 14:17:08,23.713,3.994,71.388,0,0,4257256,221224,173440,3309912,20342.083,1617.462,0,115.818,0,9.984,1752,2201,1.330,1.390,0.870,3,0,10.983,0,0,18,302,5,16,0
02-02 14:17:09,24.810,2.255,71.925,0,0.251,4292244,186236,173440,3309912,18799.702,1623.948,0,0,0,0,1521,1963,1.330,1.390,0.870,5,0,4.010,0,0,18,302,5,16,0
02-02 14:17:10,22.033,5.759,71.857,0,0,4270344,208124,173440,3309924,18956.283,1622.421,0,4.006,0,1.001,2189,3077,1.330,1.390,0.870,2,0,95.142,0,0,18,302,5,16,0
02-02 14:17:11,23.448,5.238,69.346,0.499,0,4272872,187044,174108,3325820,13518.017,1550.561,3.991,1776.061,0.998,128.715,10203,19100,1.330,1.390,0.870,6,0,6.985,0,0,18,302,5,16,0
02-02 14:17:12,16.247,1.750,80.987,0,0,4288188,170976,174156,3326324,15641.576,1858.712,0,795.877,0,18.997,1556,2197,1.330,1.390,0.870,4,0,3.999,0,0,18,303,5,16,0
02-02 14:17:13,4.245,0.999,94.897,0.250,0.250,4288188,170976,174156,3326324,19752.470,3264.442,0,279.695,0,15.983,1237,1733,1.300,1.380,0.880,4,0,0,0,0,18,303,5,16,0
02-02 14:17:14,5.007,0.751,92.383,0.250,0.250,4288664,170472,174168,3326340,19831.637,4079.891,0,316.457,0,19.027,1483,2260,1.300,1.380,0.880,1,0,0,0,0,18,303,5,16,0
02-02 14:17:15,7.999,1.000,90.239,0.250,0,4295444,163668,174184,3326348,21132.527,4216.507,0,307.964,0,8.999,1295,1830,1.300,1.380,0.880,0,0,0,0,0,18,303,5,16,0
02-02 14:17:16,5.741,1.498,92.360,0.250,0.250,4296888,162176,174196,3326380,22868.217,4218.584,0,631.040,0,32.950,1541,2210,1.300,1.380,0.880,2,0,1.997,0,0,18,303,5,16,0
02-02 14:17:17,5.759,0.501,92.652,0,0,4297540,161504,174208,3326388,22104.340,4090.725,0,244.402,0,10.016,1383,2016,1.300,1.380,0.880,3,0,0,0,0,18,303,5,16,0
02-02 14:17:18,4.750,0.750,92.755,0,0,4298936,159992,174228,3326452,20993.155,4775.263,0,380.021,0,11.001,1293,1896,1.280,1.380,0.880,1,0,0,0,0,18,303,5,16,0
02-02 14:17:19,5.500,0.750,92.749,0.250,0.750,4300156,158732,174240,3326480,19216.846,4014.968,0,295.998,0,10.000,1373,2021,1.280,1.380,0.880,1,0,0,0,0,18,303,5,13,0
02-02 14:17:20,4.749,1.000,91.989,0.750,0,4300524,158228,174260,3326592,24430.142,4283.499,0,695.919,0,30.996,1667,2519,1.280,1.380,0.880,1,0,0,0,0,18,303,6,13,0
02-02 14:17:21,3.997,1.249,92.681,0.250,0,4301216,157472,174276,3326636,33451.213,2989.785,0,367.728,0,24.981,1608,2447,1.280,1.380,0.880,1,0,0,0,0,18,304,6,13,0
02-02 14:17:22,3.750,0.750,94.755,0.250,0,4301376,157220,174304,3326668,41025.256,3856.212,0,496.027,0,42.002,1593,2357,1.280,1.380,0.880,1,0,0,0,0,18,304,6,13,0
02-02 14:17:23,8.008,2.503,87.341,0.250,0,4301572,156716,174320,3326960,94348.311,3708.865,0,848.885,0,50.052,2672,4633,1.260,1.370,0.880,0,0,1.001,0,0,18,304,6,13,0
02-02 14:17:24,4.498,0.750,92.949,0.250,0.750,4303120,154992,174368,3327036,83394.050,5409.020,0,535.705,0,29.983,1437,1912,1.260,1.370,0.880,1,0,0,0,0,18,304,6,13,0
02-02 14:17:25,4.497,0.999,92.444,0.250,0,4304304,153760,174392,3327060,32309.420,4238.432,0,319.806,0,12.992,1486,2074,1.260,1.370,0.880,0,0,0,0,0,18,304,6,11,0
02-02 14:17:26,4.497,0.750,92.943,0.250,0,4305120,152756,174404,3327232,16636.752,4156.440,0,551.660,0,23.985,1369,1981,1.260,1.370,0.880,0,0,1.999,0,0,18,304,6,11,0
02-02 14:17:27,9.786,1.756,87.069,0,0,4316848,140156,174420,3328088,24685.571,3567.088,0,228.840,0,9.033,1330,1779,1.260,1.370,0.880,1,0,0,0,0,18,304,6,8,0
02-02 14:17:28,5.738,0.499,92.062,0,0,4317592,139400,174420,3328100,22240.474,4116.573,0,319.346,0,7.984,1265,1839,1.160,1.350,0.870,0,0,0,0,0,18,304,6,8,0
02-02 14:17:29,5.755,0.751,92.329,0.250,0.500,4318280,138656,174420,3328140,18410.704,4219.599,0,292.249,0,9.008,1273,2065,1.160,1.350,0.870,2,0,0,0,0,18,304,6,5,0
02-02 14:17:30,5.741,1.248,92.357,0.250,0,4318948,137676,174432,3328408,25008.287,4275.382,0,487.246,0,23.963,1417,2054,1.160,1.350,0.870,2,0,0,0,0,18,304,6,5,0
02-02 14:17:31,5.246,1.499,91.179,0.250,0.250,4321844,134736,174444,3328440,31004.940,4153.777,15.988,6734.774,0.999,53.958,1779,2515,1.160,1.350,0.870,3,2,0,0,0,18,304,6,3,0
02-02 14:17:32,6.009,1.002,91.138,0.250,0.250,4322504,133980,174456,3328492,16909.652,4144.287,0,685.039,0,33.050,1797,2815,1.160,1.350,0.870,1,0,0,0,0,18,304,6,3,0
02-02 14:17:33,7.485,1.248,90.822,0.250,0.250,4323500,132972,174464,3328496,17138.494,4067.049,0,507.009,0,28.943,1371,2032,1.060,1.330,0.870,0,0,0,0,0,18,304,6,3,0
02-02 14:17:34,6.010,0.751,91.653,0,0,4327200,129192,174476,3328532,39188.405,3899.508,0,216.361,0,6.010,1359,2003,1.060,1.330,0.870,2,0,0,0,0,18,304,6,3,0
02-02 14:17:35,5.498,1.500,91.971,0.500,0,4330560,125664,174496,3328680,168811.824,7086.768,0,423.866,0,11.996,1393,1965,1.060,1.330,0.870,0,0,0,0,0,18,304,6,3,0
02-02 14:17:36,3.252,1.751,93.058,0.250,0,4330660,125412,174552,3328740,27910.332,4242.635,0,828.515,0,51.032,1702,2497,1.060,1.330,0.870,0,0,2.001,0,0,18,304,6,3,0
02-02 14:17:37,4.005,1.001,92.872,0.501,0,4336696,119364,174608,3328732,40684.296,4373.730,0,6536.563,0,270.354,1698,1973,1.060,1.330,0.870,2,0,2.003,0,0,18,304,6,3,0
02-02 14:17:38,19.265,6.755,72.805,0.751,0.250,4335360,140404,174652,3309092,29190.068,4952.744,768.581,5007.786,6.005,220.166,2159,2453,0.980,1.300,0.860,1,0,9.007,0,0,18,304,6,3,0
02-02 14:17:39,7.222,2.241,88.405,0.249,0,4345064,130688,174684,3309072,29440.095,3353.910,255.005,255.005,1.992,11.953,1402,2054,0.980,1.300,0.860,2,0,0.996,0,0,18,304,6,3,0
02-02 14:17:40,3.756,0.501,94.413,0,0,4344964,130688,174700,3309124,48455.586,4316.446,0,228.394,0,9.016,1343,1999,0.980,1.300,0.860,1,0,0,0,0,18,304,6,3,0
02-02 14:17:41,2.751,1.501,93.545,0.750,0.500,4345144,130436,174748,3309144,30784.715,4345.077,0,2525.207,0,141.067,1715,2811,0.980,1.300,0.860,0,0,0,0,0,18,304,6,3,0
02-02 14:17:42,4.499,2.000,90.990,0.750,0.250,4344912,130212,174800,3309512,132102.940,6629.244,0,887.899,0,61.993,1983,3077,0.980,1.300,0.860,1,0,1.000,0,0,18,304,6,3,0
02-02 14:17:43,3.501,1.500,93.273,0.500,0.250,4346268,128868,174860,3309508,33682.286,5091.252,0,16600.084,0,170.042,1753,2503,0.900,1.280,0.860,0,0,0,0,0,18,304,6,3,0
02-02 14:17:44,5.749,1.000,92.240,0,0,4346560,128364,174876,3309704,30368.781,3703.607,0,255.973,0,12.999,1314,2056,0.900,1.280,0.860,0,0,0,0,0,18,304,6,3,0
02-02 14:17:45,8.248,1.000,88.980,0.250,0,4348044,126852,174888,3309720,19568.499,4104.056,0,263.939,0,8.998,1356,1982,0.900,1.280,0.860,0,0,0,0,0,18,304,6,3,0
02-02 14:17:46,10.006,1.001,88.057,0,0,4350384,124344,174900,3309844,20114.034,3481.256,80.052,344.223,13.008,15.010,1588,2274,0.900,1.280,0.860,1,0,2.001,0,0,18,304,6,3,0
02-02 14:17:47,6.499,1.750,90.230,0.500,0.250,4346276,132148,174908,3306340,811429.051,16352.353,2003.553,0,333.926,0,2324,2372,0.900,1.280,0.860,2,0,1.000,0,0,18,304,6,3,0
02-02 14:17:48,4.245,1.248,91.138,0,0,4348944,125708,174924,3310048,1953580.096,32408.138,0,1186.541,0,5.993,2622,2769,0.910,1.280,0.860,0,0,0.999,0,0,18,304,6,3,0
02-02 14:17:49,8.996,4.998,84.217,0.250,0.250,4325260,178076,174952,3281584,1661825.917,18194.795,0,3450.634,0,22.991,2689,5315,0.910,1.280,0.860,1,0,33.987,0,0,18,304,6,3,0
02-02 14:17:50,4.747,2.249,91.699,0,0.250,4322816,176480,174952,3285624,2151686.359,25695.662,0,463.741,0,16.991,2365,2695,0.910,1.280,0.860,0,0,0.999,0,0,18,304,6,3,0
02-02 14:17:51,6.762,1.252,90.159,0.250,0.501,4323104,170500,174952,3291300,2925823.003,21411.813,20.035,380.672,2.004,32.057,2364,2659,0.910,1.280,0.860,1,0,0,0,0,18,304,6,3,0
02-02 14:17:52,5.752,1.751,90.285,0.250,0,4325416,162772,174952,3296700,2769048.084,15724.054,0,236.091,0,28.011,2236,2650,0.910,1.280,0.860,1,0,0,0,0,18,304,6,3,0
02-02 14:17:53,5.752,1.501,91.038,0.250,0.250,4329596,153168,174956,3302120,2972473.632,11656.814,0,980.405,0,155.064,2114,2123,0.830,1.250,0.850,1,0,0,0,0,18,304,6,3,0
02-02 14:17:54,3.751,2.001,92.280,0.250,0,4337508,141352,174980,3305936,1362223.912,13505.322,0,11559.699,0,25.008,1829,2557,0.830,1.250,0.850,0,0,2.001,0,0,18,304,6,3,0
02-02 14:17:55,4.754,1.251,92.578,0.250,0.250,4331092,141352,175008,3312276,1423631.392,14136.960,760.644,1929.632,127.108,14.012,1841,2422,0.830,1.250,0.850,2,0,1.001,0,0,18,304,6,3,0
02-02 14:17:56,3.740,1.247,93.758,0.499,0,4330556,140352,175048,3313772,355282.792,6297.777,243.373,702.191,39.897,18.951,1580,2186,0.830,1.250,0.850,5,0,4.987,0,0,18,304,6,3,0
02-02 14:17:57,16.982,2.497,79.417,0.499,0.250,4345000,123972,175096,3315612,175132.862,3352.513,179.813,623.352,19.979,17.981,1445,2068,0.830,1.250,0.850,1,0,1.998,0,0,18,304,6,3,0
02-02 14:17:58,20.036,6.011,71.880,1.753,0,4335432,135264,178520,3306312,14954.979,1622.928,4.007,24644.459,1.002,316.571,2162,2837,0.850,1.250,0.860,1,0,0,0,0,18,304,6,3,0
02-02 14:17:59,22.002,5.001,71.508,0.750,0,4355544,137276,179084,3282168,16189.797,1532.170,0,1736.193,0,78.009,1851,2561,0.850,1.250,0.860,2,0,0,0,0,18,304,6,3,0
02-02 14:18:00,21.462,4.991,71.374,0.998,0,4357280,137680,179968,3276532,29577.854,1691.019,0,2260.016,0,92.836,1977,2561,0.850,1.250,0.860,3,0,0,0,0,18,304,6,3,0
02-02 14:18:01,23.277,4.255,71.082,0.751,0.501,4357884,132984,181296,3276756,14871.102,1695.950,0,3199.680,0,101.116,2015,2979,0.850,1.250,0.860,1,0,0,0,0,18,304,6,3,0
02-02 14:18:02,23.024,3.504,71.073,1.001,0,4349640,136836,182200,3278452,16598.997,1621.661,0,2466.526,0,93.095,2089,3071,0.850,1.250,0.860,1,0,0,0,0,18,304,6,3,0
02-02 14:18:03,7.746,2.999,87.460,0.250,0.250,4361780,136736,182488,3265600,18041.809,2778.738,0,36923.237,0,144.934,1691,2344,0.780,1.230,0.850,1,0,1.000,0,0,18,305,6,3,0
02-02 14:18:04,12.238,1.249,85.918,0.250,0.250,4270952,260760,182488,3232356,17948.948,3126.030,63.939,119.886,5.994,9.991,1471,2161,0.780,1.230,0.850,3,0,1.998,0,0,18,302,6,3,0
02-02 14:18:05,22.793,5.761,70.383,0,0,4320268,209748,182580,3233976,13267.101,1623.071,12.023,0,3.006,0,9567,18830,0.780,1.230,0.850,1,0,9.017,0,0,18,302,6,3,0
02-02 14:18:06,22.942,4.987,70.322,0,0,4304808,225148,182584,3234032,13266.396,1454.316,0,2130.603,0,24.937,1805,2675,0.780,1.230,0.850,1,0,9.975,0,0,18,302,6,3,0
02-02 14:18:07,23.021,6.256,68.814,0,0,4323112,206752,182584,3234116,17910.531,1769.633,0,1377.271,0,15.014,9144,18060,0.780,1.230,0.850,2,0,13.012,0,0,18,302,6,3,0
02-02 14:18:08,23.035,4.256,72.110,0,0,4289968,239820,182584,3234192,17516.625,1622.466,0,92.140,0,2.003,1643,2209,0.800,1.230,0.850,1,0,6.009,0,0,18,302,6,3,0
02-02 14:18:09,24.723,3.496,70.173,0.749,0.250,4299284,226504,182944,3237124,17714.656,1618.233,946.966,2097.709,22.975,99.891,2581,4499,0.800,1.230,0.850,2,0,0.999,0,0,18,303,6,4,0
02-02 14:18:10,25.782,5.507,64.581,1.252,0,4257660,267240,182948,3238008,15038.829,1622.031,756.948,2855.575,47.059,294.369,5806,11003,0.800,1.230,0.850,2,0,48.060,0,0,18,304,6,12,0
02-02 14:18:11,13.002,16.753,69.261,0.500,0.250,4244136,279608,182948,3239128,18358.974,1662.269,908.147,916.148,14.002,56.009,3618,5593,0.800,1.230,0.850,2,0,391.063,0,0,18,304,6,14,0
02-02 14:18:12,12.456,2.989,82.955,0.249,0.249,4243080,279836,182948,3239952,15087.349,2462.244,821.080,1813.551,53.809,27.901,1743,2538,0.800,1.230,0.850,3,0,13.950,0,0,18,305,6,14,0
02-02 14:18:13,2.504,1.252,95.900,0.501,0.250,4243044,279836,182952,3239984,20912.791,2934.601,0,2031.185,0,119.187,1450,2353,0.730,1.200,0.850,2,1,0,0,0,18,305,6,14,0
02-02 14:18:14,2.498,0.999,95.682,0.500,0,4243264,279612,182952,3239988,44364.413,3224.704,0,1434.978,0,224.840,1578,1958,0.730,1.200,0.850,0,0,0,0,0,18,305,6,14,0
02-02 14:18:15,4.993,2.497,90.628,0,0.250,4236916,284756,183184,3240812,124231.784,127742.059,363.511,603.188,4.993,11.984,1605,2237,0.730,1.200,0.850,0,0,10.985,0,0,18,304,6,14,0
02-02 14:18:16,2.004,0.501,96.188,0,0,4236912,284756,183184,3240816,14001.373,1623.173,0,400.784,0,6.012,1280,1949,0.730,1.200,0.850,4,0,2.004,0,0,18,304,6,14,0
02-02 14:18:17,1.502,1.002,96.397,0,0.250,4236912,284756,183184,3240816,18321.941,1622.474,0,0,0,0,1143,1759,0.730,1.200,0.850,0,0,0,0,0,18,304,6,14,0
02-02 14:18:18,1.748,0.250,96.371,0,0,4236912,284756,183184,3240816,14426.668,1617.832,0,0,0,0,1143,1911,0.670,1.180,0.840,0,0,0,0,0,18,304,6,14,0
02-02 14:18:19,2.003,0.751,96.123,0,0,4236912,284756,183184,3240816,19887.496,1459.872,0,0,0,0,1213,1862,0.670,1.180,0.840,1,0,0,0,0,18,304,6,14,0
02-02 14:18:20,3.747,1.249,92.932,0.749,0,4236896,284756,183184,3240832,14455.419,1692.761,0,495.637,0,74.945,1792,2959,0.670,1.180,0.840,0,0,0,0,0,18,304,6,14,0
02-02 14:18:21,2.249,0.750,95.696,0,0.250,4236892,284756,183184,3240836,15193.461,1619.090,0,327.816,0,25.985,1285,1913,0.670,1.180,0.840,0,0,0,0,0,18,304,6,14,0
02-02 14:18:22,2.496,0.749,95.111,0,0.250,4236888,284756,183184,3240840,14768.482,1617.643,0,151.779,0,22.967,1382,2164,0.670,1.180,0.840,2,0,0,0,0,18,304,6,14,0
02-02 14:18:23,2.253,1.001,96.372,0.250,0.501,4236888,284756,183184,3240840,17716.340,1696.139,0,184.232,0,11.014,1207,1915,0.620,1.160,0.840,0,0,0,0,0,18,304,6,14,0
02-02 14:18:24,5.508,1.752,91.379,0,0,4236768,284756,183184,3240960,19053.809,1696.387,0,28.039,0,4.006,2240,4005,0.620,1.160,0.840,1,0,0,0,0,18,304,6,14,0
02-02 14:18:25,2.747,0.749,95.381,0,0,4236768,284756,183184,3240960,16984.786,1617.979,0,0,0,0,1443,2183,0.620,1.160,0.840,0,0,0,0,0,18,304,6,14,0
02-02 14:18:26,1.750,1.000,95.490,0,0.250,4236768,284756,183184,3240960,22063.705,1457.848,0,0,0,0,1293,1903,0.620,1.160,0.840,0,0,2.000,0,0,18,304,6,14,0
02-02 14:18:27,1.997,0.499,96.377,0,0,4236768,284756,183184,3240960,14054.067,1617.936,0,0,0,0,1174,1763,0.620,1.160,0.840,1,0,0,0,0,18,304,6,14,0
02-02 14:18:28,2.748,0.750,96.437,0,0,4236764,284756,183184,3240964,15198.091,1618.944,0,3.997,0,0.999,1117,1744,0.570,1.150,0.830,0,0,0,0,0,18,304,6,14,0
02-02 14:18:29,1.501,2.252,94.068,0.751,0,4238248,283412,183184,3240964,20840.964,1621.164,0,28896.748,0,311.223,1737,1977,0.570,1.150,0.830,1,0,0,0,0,18,304,6,14,0
02-02 14:18:30,2.753,1.001,95.601,0.250,0.501,4238356,283412,183184,3240996,14074.891,1621.716,32.034,1345.423,1.001,157.166,1626,2364,0.570,1.150,0.830,3,0,0,0,0,18,304,6,14,0
02-02 14:18:31,2.998,1.499,94.430,0.749,0,4238348,283412,183184,3241004,25309.195,1692.742,0,3001.770,0,158.882,1709,2527,0.570,1.150,0.830,0,0,0,0,0,18,304,6,14,0
02-02 14:18:32,3.000,0.750,95.001,0,0.500,4238348,283412,183184,3241004,13960.209,1458.022,0,96.001,0,15.000,1418,2292,0.570,1.150,0.830,0,0,0,0,0,18,304,5,14,0
02-02 14:18:33,2.000,0.750,96.490,0,0,4238348,283412,183184,3241004,17323.250,1619.836,0,175.982,0,10.999,1217,1894,0.520,1.130,0.830,0,0,0,0,0,18,304,5,14,0
02-02 14:18:34,3.248,3.248,92.191,0,0,4242532,278992,183184,3241004,17646.688,1618.962,0,107810.893,0,410.737,2701,3523,0.520,1.130,0.830,0,0,0,0,0,18,304,5,14,0
02-02 14:18:35,1.752,0.751,96.134,0,0,4242600,279008,183184,3241016,15171.118,1622.258,0,0,0,0,1149,1867,0.520,1.130,0.830,0,0,0,0,0,18,304,5,14,0
02-02 14:18:36,3.501,1.500,94.525,0.250,0.250,4242568,279040,183184,3241016,16318.324,1620.429,0,1664.441,0,25.007,1447,2251,0.520,1.130,0.830,0,0,2.001,0,0,18,304,5,14,0
02-02 14:18:37,2.505,1.252,93.670,0,0.250,4242568,279040,183184,3241016,18369.414,1622.952,0,0,0,0,1275,1757,0.520,1.130,0.830,1,0,2.004,0,0,18,304,5,14,0
02-02 14:18:38,17.220,6.489,74.870,0.250,0,4235548,285116,183184,3241956,15257.513,1617.193,1701.047,35.938,15.972,3.993,1719,2256,0.560,1.120,0.830,1,0,8.984,0,0,18,304,5,14,0
02-02 14:18:39,6.988,1.747,89.602,0,0,4234876,285608,183184,3242088,12239.829,1455.601,255.579,3921.537,1.997,14.975,1383,1961,0.560,1.120,0.830,0,0,0.998,0,0,18,304,5,14,0
02-02 14:18:40,2.501,0.750,95.029,0.250,0.250,4234872,285608,183184,3242092,15764.745,1620.488,0,1088.328,0,148.045,1578,2297,0.560,1.120,0.830,0,0,0,0,0,18,304,5,14,0
02-02 14:18:41,2.252,1.001,96.104,0,0,4234872,285608,183184,3242092,18481.924,1695.828,0,280.302,0,19.021,1374,1993,0.560,1.120,0.830,0,0,0,0,0,18,304,5,14,0
02-02 14:18:42,3.247,0.500,95.174,0.250,0,4234868,285608,183184,3242096,13838.984,1734.619,0,175.860,0,27.978,1455,2259,0.560,1.120,0.830,0,0,0,0,0,18,304,5,14,0
02-02 14:18:43,2.251,0.250,96.044,0,0.500,4234868,285608,183184,3242096,13784.286,1620.739,0,176.080,0,11.005,1166,1789,0.520,1.100,0.820,0,0,0,0,0,18,304,5,14,0
02-02 14:18:44,1.751,0.750,96.786,0,0.250,4234868,285608,183184,3242096,14885.537,1694.630,0,48.018,0,7.003,1186,1811,0.520,1.100,0.820,0,0,0,0,0,18,304,5,14,0
02-02 14:18:45,2.000,1.000,96.477,0,0,4234868,285608,183184,3242096,14662.510,809.807,0,0,0,0,1184,1828,0.520,1.100,0.820,0,0,0,0,0,18,304,5,14,0
02-02 14:18:46,7.995,2.998,87.192,0,0,4240320,279848,183204,3242384,230411.007,3731.522,287.809,151.899,5.996,15.989,1562,2167,0.520,1.100,0.820,2,0,9.993,0,0,18,304,5,14,0
02-02 14:18:47,11.286,4.264,84.019,0,0,4247904,272016,183240,3242592,358872.752,11009.241,208.668,4.013,8.026,1.003,2015,2426,0.520,1.100,0.820,1,0,38.122,0,0,18,304,5,14,0
