"pcp-dstat 5.3.6 CSV Output"
"Author:","PCP team <pcp@groups.io> and Dag Wieers <dag@wieers.com>",,,,"URL:","https://pcp.io/ and http://dag.wieers.com/home-made/dstat/"
"Host:","ubuntu",,,,"User:","ubuntu"
"Cmdline:","dstat -tcmndrylpg --tcp --output /tmp/devstack_logs/dstat-csv.log",,,,"Date:","10 Sep 2024 16:06:19 UTC"
"system","total usage",,,,,"memory usage",,,,"net/total",,"dsk/total",,"io/total",,"system",,"load avg",,,"procs",,,"paging",,"tcp sockets",,,,
"time","total usage:usr","total usage:sys","total usage:idl","total usage:wai","total usage:stl","used","free","buf","cach","net/total:recv","net/total:send","dsk/total:read","dsk/total:writ","read","writ","int","csw","1m","5m","15m","run","blk","new","in","out","lis","act","syn","tim","clo"
10-09 16:06:19,,1019052,1967516,162532,4667752,,,,,,,1.360,0.960,0.560,2,0,,,,9,4,4,17,2
10-09 16:06:20,26.721,20.228,50.695,0.749,0.499,1042988,1942848,162560,4668348,277220.879,15661.102,0,10049.157,0,489.472,4286,7429,1.360,0.960,0.560,1,0,515.444,0,0,9,6,3,17,2
10-09 16:06:21,39.032,20.267,41.034,0.250,0,1044884,1935400,162576,4673976,2220612.550,24222.153,0,3570.971,0,43.036,4386,7244,1.360,0.960,0.560,3,0,333.277,0,0,9,4,3,17,2
10-09 16:06:22,35.674,14.968,46.900,0,0,1188144,1791444,162648,4799396,84735.919,12168.995,0,1157.526,0,39.915,4867,9951,1.360,0.960,0.560,1,0,224.520,0,0,10,6,3,17,2
10-09 16:06:23,27.287,5.257,66.591,0.751,0,1186024,1776088,162700,4816384,2564310.670,30107.277,0,3849.277,0,49.067,2435,2343,1.360,0.960,0.560,3,0,46.063,0,0,10,6,3,17,2
10-09 16:06:24,45.501,17.250,35.501,1.000,0,1226284,1722616,162732,4829332,308988.562,9942.179,11856.213,1564.028,134.002,52.001,3210,3988,1.410,0.970,0.570,3,0,281.005,0,0,10,8,3,19,2
10-09 16:06:25,41.517,12.755,45.768,0,0,1232424,1711112,162736,4834272,2384575.446,30012.975,0,7418.960,0,67.027,3241,3420,1.410,0.970,0.570,2,0,112.045,0,0,10,6,3,20,2
10-09 16:06:26,39.009,9.502,48.011,3.251,0.250,1245420,1679592,163012,4850752,5403.259,1512.352,1164.271,8626.010,14.003,461.107,4150,6152,1.410,0.970,0.570,1,1,28.007,0,0,10,8,3,20,2
10-09 16:06:27,27.263,8.754,45.271,18.259,0,1272044,1622236,164756,4876584,5345.528,1620.767,0,43188.428,0,3205.516,15591,27463,1.410,0.970,0.570,2,0,45.021,0,0,10,8,3,20,2
10-09 16:06:28,39.910,9.479,41.406,8.730,0,1218152,1644036,166180,4903968,7024.083,1616.337,0,34370.117,0,1988.494,9181,15259,1.410,0.970,0.570,2,0,89.797,0,0,10,6,3,20,2
10-09 16:06:29,43.594,3.508,52.613,0.501,0,1216568,1658736,166332,4890728,13393.837,4364.397,0,1815.910,0,57.123,1428,1486,1.460,0.990,0.580,2,0,3.006,0,0,10,4,3,20,0
10-09 16:06:30,46.213,6.994,44.714,0.999,0,1171924,1702416,166392,4891608,5355.678,1618.694,0,7901.623,0,394.681,11087,21741,1.460,0.990,0.580,2,0,24.980,0,0,10,4,3,20,0
10-09 16:06:31,44.254,8.251,46.505,0,0.250,1220504,1653688,166396,4891748,5298.519,1608.158,0,2028.199,0,84.008,9917,18779,1.460,0.990,0.580,2,0,13.001,0,0,10,4,3,20,0
10-09 16:06:32,34.766,18.008,47.272,0.250,0.250,1119940,1754096,166396,4891824,5807.695,1620.752,0,2189.016,0,231.107,3777,5472,1.460,0.990,0.580,2,0,522.242,0,0,10,4,3,20,0
10-09 16:06:33,22.201,18.709,57.624,0,0.249,1088360,1785496,166396,4892072,5277.453,1508.699,0,27.939,0,6.985,3628,9453,1.460,0.990,0.580,1,0,335.266,0,0,10,4,3,20,0
10-09 16:06:34,46.765,7.502,45.014,0,0.250,1219848,1653980,166396,4892392,6365.043,1620.520,0,0,0,0,1674,2183,1.500,1.010,0.590,2,0,123.039,0,0,10,5,3,14,0
10-09 16:06:35,48.275,3.752,47.275,0,0,1270024,1601756,166396,4894264,5620.934,1620.846,0,11654.083,0,93.049,2042,4519,1.500,1.010,0.590,2,0,0,0,0,10,5,3,14,0
10-09 16:06:36,18.478,7.491,71.915,0.499,0,1287360,1582920,166404,4895632,8458.020,1618.091,0,2652.870,0,132.843,2280,4394,1.500,1.010,0.590,0,0,119.859,0,0,10,4,3,15,0
10-09 16:06:37,6.264,2.505,90.446,0.251,0,1303908,1566364,166408,4895632,6445.936,1623.510,0,376.815,0,7.015,1082,1363,1.500,1.010,0.590,1,0,21.046,0,0,10,4,3,15,0
10-09 16:06:38,22.248,2.750,73.244,0.250,0,1369164,1501096,166412,4895640,6252.481,1693.859,0,587.951,0,45.996,1150,1593,1.500,1.010,0.590,1,0,0,0,0,10,4,3,15,0
10-09 16:06:39,23.999,1.750,72.246,1.000,0,1386000,1483960,166460,4895888,7192.648,1457.929,0,1547.924,0,229.989,2874,4857,1.460,1.010,0.590,1,0,1.000,0,0,10,10,3,15,0
10-09 16:06:40,20.462,6.238,71.866,0.499,0,1324852,1544856,166476,4896064,5919.971,1616.988,0,13590.681,0,214.600,1645,2260,1.460,1.010,0.590,1,0,41.922,0,0,10,4,3,17,0
10-09 16:06:41,21.022,4.255,72.327,1.001,0.250,1286032,1583224,166484,4896336,5248.579,1621.724,232.247,3023.214,58.062,176.187,2319,3623,1.460,1.010,0.590,1,0,46.049,0,0,10,28,3,18,0
10-09 16:06:42,23.471,1.998,73.909,0,0.250,1278636,1590616,166484,4896340,5449.259,1617.999,0,0,0,0,1144,1678,1.460,1.010,0.590,2,0,0.999,0,0,10,28,3,18,0
10-09 16:06:43,38.077,8.517,51.855,0,0,1393928,1475296,166484,4896368,5635.457,1623.300,0,20.041,0,5.010,1919,2566,1.460,1.010,0.590,4,0,155.316,0,0,10,29,3,17,0
10-09 16:06:44,47.772,15.007,36.767,0.250,0,1357212,1511756,166488,4896568,6218.892,1620.754,0,612.285,0,51.024,5562,11850,1.420,1.010,0.590,5,0,389.181,0,0,10,28,3,17,0
10-09 16:06:45,81.229,15.746,2.749,0,0.250,1557912,1310976,166488,4896612,7146.135,1693.558,0,31659.737,0,121.968,3704,6496,1.420,1.010,0.590,6,0,188.951,0,0,10,30,3,17,0
10-09 16:06:46,72.331,12.970,14.217,0,0,1426664,1441856,166504,4896964,6063.835,1454.602,0,2174.919,0,187.562,4815,11551,1.420,1.010,0.590,4,0,201.529,0,0,10,29,3,17,0
10-09 16:06:47,33.832,7.518,57.390,0.501,0.251,1364244,1504320,166520,4899224,6428.641,1623.951,0,4442.809,0,151.368,3453,7392,1.420,1.010,0.590,3,0,142.346,0,0,10,28,3,18,0
10-09 16:06:48,23.451,4.740,70.103,0,0,1302460,1566076,166532,4897004,5644.159,1710.412,0,319.330,0,27.941,2319,4443,1.420,1.010,0.590,1,0,32.931,0,0,10,28,3,19,0
10-09 16:06:49,21.998,2.750,73.493,0.250,0,1362888,1505636,166532,4897016,6628.324,1619.835,0,171.982,0,14.998,1393,2166,1.390,1.010,0.590,1,0,36.996,0,0,10,28,3,18,0
10-09 16:06:50,14.533,16.036,69.408,0.501,0.251,1310688,1557808,166536,4897040,5412.313,1623.694,0,9886.492,0,557.268,4188,6130,1.390,1.010,0.590,1,0,467.063,0,0,10,28,3,20,0
10-09 16:06:51,63.736,23.495,12.747,0,0.250,1494316,1374208,166536,4897080,7077.500,1619.657,0,327.930,0,27.994,2829,4704,1.390,1.010,0.590,5,0,570.879,0,0,10,28,3,19,0
10-09 16:06:52,81.504,10.250,6.250,0,0.250,1494120,1374180,166548,4897436,5732.252,1620.071,0,3440.151,0,93.004,6279,14208,1.390,1.010,0.590,6,0,61.003,0,0,10,30,3,19,0
10-09 16:06:53,85.499,11.500,2.750,0.250,0,1495976,1372260,166568,4897480,5776.919,1457.980,0,471.993,0,51.999,3299,7021,1.390,1.010,0.590,8,0,170.998,0,0,10,28,3,18,0
10-09 16:06:54,83.761,11.502,3.250,0,0,1503160,1364504,166568,4898044,5565.757,1620.220,0,188.026,0,10.001,4491,12573,1.840,1.110,0.630,9,0,93.013,0,0,10,30,3,19,0
10-09 16:06:55,59.985,14.746,24.244,0,0.250,1371648,1495780,166584,4898256,5372.694,1619.606,0,8981.817,0,56.986,4799,13703,1.840,1.110,0.630,3,0,251.939,0,0,10,28,3,20,0
10-09 16:06:56,44.266,6.502,49.018,0,0,1423324,1444064,166588,4898288,7402.687,1620.588,0,292.106,0,11.004,1832,2772,1.840,1.110,0.630,3,0,34.012,0,0,10,28,3,20,0
10-09 16:06:57,55.999,13.750,30.249,0,0.250,1411540,1455780,166596,4898348,6833.843,1619.963,0,627.986,0,31.999,3882,8864,1.840,1.110,0.630,4,0,377.991,0,0,10,28,3,20,0
10-09 16:06:58,62.569,6.980,31.409,0.249,0,1489000,1377940,166600,4898724,9451.694,1615.333,0,343.009,0,28.916,5797,10535,1.840,1.110,0.630,5,0,0,0,0,10,29,3,24,0
10-09 16:06:59,76.723,15.044,6.268,0,0.501,1521928,1344968,166604,4898764,5835.942,1624.717,0,332.967,0,24.070,2686,4309,2.010,1.150,0.650,6,0,258.751,0,0,10,29,3,24,0
10-09 16:07:00,68.747,11.250,20.249,0,0,1379496,1487300,166608,4898852,11351.557,1457.943,0,391.985,0,36.999,5549,16094,2.010,1.150,0.650,5,0,223.991,0,0,10,28,3,24,0
10-09 16:07:01,64.503,14.251,20.501,0,0.250,1493308,1373368,166612,4898964,5489.231,1620.068,0,61646.589,0,198.008,2699,4177,2.010,1.150,0.650,4,0,100.004,0,0,10,28,3,24,0
10-09 16:07:02,56.498,16.500,26.749,0,0,1391848,1474480,166624,4899300,7041.810,1619.956,0,555.985,0,47.999,4725,11663,2.010,1.150,0.650,4,0,298.992,0,0,10,28,3,25,0
10-09 16:07:03,65.999,7.750,26.250,0.500,0,1435580,1430696,166628,4899348,5237.916,1619.974,0,3763.940,0,115.998,4157,9026,2.010,1.150,0.650,4,0,36.999,0,0,10,30,3,26,0
10-09 16:07:04,65.839,14.963,18.455,0,0.249,1476060,1390016,166628,4899548,6190.882,1616.054,0,239.415,0,12.968,2970,5039,2.170,1.200,0.660,4,0,249.391,0,0,10,28,3,26,0
10-09 16:07:05,62.152,11.779,26.064,0,0,1398032,1467336,166640,4900240,5686.927,1623.977,0,392.962,0,36.088,3831,8578,2.170,1.200,0.660,4,0,112.275,0,0,10,28,3,26,0
10-09 16:07:06,64.717,11.494,24.238,0,0.500,1442764,1422564,166652,4900264,8109.888,1619.179,0,415.789,0,28.985,3848,8593,2.170,1.200,0.660,5,0,127.935,0,0,10,30,3,27,0
10-09 16:07:07,80.792,15.258,3.002,0,0,1530124,1334964,166676,4900476,6825.563,1458.761,0,2781.452,0,186.097,3195,5968,2.170,1.200,0.660,6,0,364.190,0,0,10,29,3,26,0
10-09 16:07:08,85.497,12.750,1.750,0,0,1569936,1294888,166708,4900704,5785.792,1619.942,0,867.969,0,49.998,4887,10338,2.170,1.200,0.660,7,0,237.991,0,0,10,28,3,26,0
10-09 16:07:09,81.243,14.499,4.000,0,0.250,1534460,1330104,166732,4900940,5662.496,1693.849,0,3207.715,0,200.982,3951,7635,2.640,1.310,0.700,7,0,297.973,0,0,10,29,3,24,0
10-09 16:07:10,81.947,14.241,3.248,0,0,1539828,1324672,166736,4900996,17360.733,1692.901,0,247.839,0,8.994,4377,11987,2.640,1.310,0.700,7,0,253.835,0,0,10,28,3,24,1
10-09 16:07:11,56.289,24.767,18.513,0,0,1381116,1482996,166748,4901372,5452.795,1695.180,0,612.426,0,12.008,5133,15168,2.640,1.310,0.700,3,0,714.497,0,0,10,28,3,24,0
10-09 16:07:12,10.492,22.982,65.448,0,0.250,1315696,1548376,166752,4901408,5927.258,1692.646,0,175.859,0,9.992,3360,5152,2.640,1.310,0.700,2,0,612.510,0,0,10,28,3,24,0
10-09 16:07:13,63.282,23.262,13.007,0,0,1478780,1385196,166756,4901464,8194.113,1620.814,0,432.217,0,19.010,3485,6689,2.640,1.310,0.700,6,0,808.406,0,0,10,28,3,24,0
10-09 16:07:14,74.767,14.253,9.252,0,0.500,1477668,1386104,166768,4901648,5086.175,1500.347,0,1092.252,0,85.020,5984,12072,2.750,1.360,0.720,6,0,181.042,0,0,10,29,3,25,0
10-09 16:07:15,80.263,13.211,5.982,0,0,1533400,1330280,166788,4901720,5936.493,1615.237,0,283.165,0,21.935,3291,7038,2.750,1.360,0.720,6,0,133.606,0,0,10,30,3,22,0
10-09 16:07:16,64.172,8.021,28.326,0,0.251,1511008,1352264,166792,4902116,6113.347,1698.542,0,713.909,0,36.097,6452,19932,2.750,1.360,0.720,7,0,32.086,0,0,10,30,3,24,0
10-09 16:07:17,81.282,11.254,6.503,0,0,1482628,1380416,166796,4902328,5932.302,1620.629,0,312.121,0,29.011,5749,11849,2.750,1.360,0.720,4,0,90.035,0,0,10,29,3,24,0
10-09 16:07:18,73.189,7.244,19.734,0,0,1546924,1315932,166800,4902508,5663.299,1618.657,0,151.874,0,9.992,4757,15165,2.750,1.360,0.720,4,0,0,0,0,10,31,3,24,0
10-09 16:07:19,68.286,12.256,17.509,0,0,1440152,1422260,166800,4902944,6010.173,1620.856,0,424.224,0,4.002,6410,16209,2.770,1.390,0.740,4,0,187.099,0,0,10,28,3,28,0
10-09 16:07:20,78.963,10.745,7.497,0,0.250,1533356,1328856,166800,4903136,5693.353,1511.297,0,0,0,0,5842,11105,2.770,1.390,0.740,4,0,79.963,0,0,10,29,3,28,0
10-09 16:07:21,80.791,11.756,6.753,0.500,0.250,1454656,1407468,166808,4903208,5615.819,1566.787,0,1732.870,0,66.033,4187,8485,2.770,1.390,0.740,5,0,132.066,0,0,10,28,3,28,0
10-09 16:07:22,80.438,9.992,8.743,0.250,0,1459100,1402852,166824,4903384,6260.192,1618.757,0,435.665,0,50.961,4751,11813,2.770,1.390,0.740,5,0,119.908,0,0,10,29,3,30,0
10-09 16:07:23,82.571,13.011,3.253,0,0.250,1531824,1329948,166824,4903560,5461.692,1621.393,0,184.158,0,10.009,2802,5805,2.770,1.390,0.740,5,0,127.109,0,0,10,30,3,30,0
10-09 16:07:24,76.743,11.999,10.749,0,0,1416420,1445096,166832,4903796,4757.577,1661.852,0,159.986,0,9.999,3955,10649,2.950,1.450,0.760,5,0,162.985,0,0,10,28,3,31,0
10-09 16:07:25,78.249,10.250,11.250,0,0.250,1554028,1307280,166848,4903984,5262.932,1693.978,0,363.995,0,36.000,4020,8865,2.950,1.450,0.760,4,0,0,0,0,10,31,3,33,0
10-09 16:07:26,68.761,13.502,17.253,0.250,0,1462604,1398608,166860,4904056,5302.886,1620.271,0,476.080,0,44.007,3056,6004,2.950,1.450,0.760,3,0,263.044,0,0,10,28,3,33,0
10-09 16:07:27,53.748,11.999,33.248,0.250,0.250,1341764,1519068,166860,4904408,5148.763,1511.930,0,259.988,0,18.999,5172,11007,2.950,1.450,0.760,3,0,180.992,0,0,10,28,3,37,0
10-09 16:07:28,66.497,8.250,25.249,0,0,1494712,1366104,166860,4904424,5248.753,1565.926,0,211.990,0,9.000,2177,3927,2.950,1.450,0.760,5,0,0,0,0,10,30,3,37,0
10-09 16:07:29,61.245,10.999,26.998,0,0,1443652,1416960,166876,4904612,7568.364,1619.864,0,6203.479,0,178.985,4335,7350,2.950,1.470,0.770,6,0,131.989,0,0,10,28,3,38,0
10-09 16:07:30,59.749,10.750,28.999,0,0,1322616,1537796,166884,4904792,5476.869,1619.961,0,295.993,0,24.999,5637,10997,2.950,1.470,0.770,4,0,48.999,0,0,10,28,3,40,0
10-09 16:07:31,66.756,7.751,25.502,0,0,1492300,1368068,166888,4904832,5041.464,1662.153,0,248.023,0,14.001,1963,2927,2.950,1.470,0.770,4,0,33.003,0,0,10,29,3,41,0
10-09 16:07:32,61.260,11.002,27.255,0.500,0.250,1433080,1427220,166896,4904888,5055.844,1620.271,0,468.078,0,47.008,3907,7875,2.950,1.470,0.770,4,0,137.023,0,0,10,28,3,42,0
10-09 16:07:33,62.747,8.000,29.498,0,0.250,1329464,1530412,166896,4905296,5499.709,1619.914,0,371.980,0,29.998,3750,9646,2.950,1.470,0.770,4,0,49.997,0,0,10,28,3,44,0
10-09 16:07:34,61.004,13.501,24.252,0,0.250,1483196,1376648,166896,4905324,5145.319,1620.100,0,2316.144,0,184.011,2964,4560,2.960,1.500,0.780,4,0,373.023,0,0,10,30,3,44,0
10-09 16:07:35,45.500,14.750,40.000,0,0,1343612,1515792,166904,4905728,5889.959,1457.990,0,363.997,0,31.000,4655,9813,2.960,1.500,0.780,2,0,408.997,0,0,10,28,3,45,0
10-09 16:07:36,22.943,2.743,72.819,0.249,0,1380364,1479000,166920,4905740,9302.892,1841.426,0,522.702,0,21.945,1602,2818,2.960,1.500,0.780,2,0,1.995,0,0,10,29,4,44,0
10-09 16:07:37,16.538,12.028,69.660,0,0.251,1322948,1536268,166924,4905884,6943.992,1697.910,0,292.674,0,25.058,3467,6047,2.960,1.500,0.780,1,0,257.593,0,0,10,28,4,45,0
10-09 16:07:38,26.227,16.236,57.450,0,0,1405320,1453740,166952,4905984,8162.898,1618.592,0,435.621,0,26.977,2767,4084,2.960,1.500,0.780,2,0,337.706,0,0,10,28,4,47,0
10-09 16:07:39,42.690,6.491,48.432,1.498,0,1516880,1339428,167200,4908200,7075.088,1691.630,0,4701.413,0,293.589,2817,4368,2.880,1.510,0.790,2,1,22.968,0,0,10,32,4,47,0
10-09 16:07:40,38.833,5.261,41.088,14.782,0,1452356,1397548,167996,4913400,6708.336,1623.469,0,43773.544,0,3563.615,16549,28356,2.880,1.510,0.790,2,0,115.246,0,0,10,32,4,45,0
10-09 16:07:41,43.762,6.252,40.761,9.503,0,1468916,1380128,168328,4913884,5149.375,1616.432,0,20961.597,0,1790.478,9454,15612,2.880,1.510,0.790,2,0,16.004,0,0,10,28,4,45,0
10-09 16:07:42,46.914,2.745,49.410,0.499,0.250,1465136,1383800,168376,4913940,4904.045,1617.047,0,2299.801,0,330.397,3323,4938,2.880,1.510,0.790,2,0,1.996,0,0,10,30,4,44,0
10-09 16:07:43,38.977,5.497,51.969,2.748,0,1514832,1333400,168692,4914316,4982.001,1692.981,0,16422.114,0,2297.617,15448,25305,2.880,1.510,0.790,2,0,1.999,0,0,10,30,4,44,0
10-09 16:07:44,29.244,5.749,64.486,0,0,1398264,1449828,168732,4914412,4823.939,1619.644,0,6438.584,0,339.925,2337,3372,2.730,1.500,0.790,1,0,98.978,0,0,10,28,4,44,0
10-09 16:07:45,22.303,3.508,73.674,0.251,0,1344536,1503540,168732,4914428,4963.729,1623.837,0,320.758,0,21.050,1034,1321,2.730,1.500,0.790,1,0,3.007,0,0,10,28,4,44,0
10-09 16:07:46,22.197,3.492,73.076,0.499,0.249,1420364,1427688,168756,4914428,5422.095,1616.154,0,2470.121,0,136.675,1137,1746,2.730,1.500,0.790,1,0,3.991,0,0,10,28,4,44,0
10-09 16:07:47,22.755,2.751,73.518,0,0,1352176,1495840,168768,4914452,5622.349,1620.389,0,256.061,0,19.005,963,1302,2.730,1.500,0.790,1,0,1.000,0,0,10,32,4,44,0
10-09 16:07:48,27.495,5.499,67.237,0,0,1428056,1419960,168768,4914452,9836.170,1551.711,0,0,0,0,1918,4430,2.730,1.500,0.790,1,0,35.993,0,0,10,32,4,43,0
10-09 16:07:49,23.002,3.000,73.506,0,0.250,1364148,1483856,168768,4914464,8967.771,1620.139,0,4.000,0,1.000,931,1056,2.590,1.490,0.790,1,0,1.000,0,0,10,32,4,43,0
10-09 16:07:50,22.498,3.250,74.243,0,0,1436972,1411032,168768,4914464,6087.452,1619.854,0,7.999,0,1.000,946,1152,2.590,1.490,0.790,1,0,2.000,0,0,10,32,3,41,0
10-09 16:07:51,23.250,2.250,73.749,0,0,1377332,1470620,168772,4914512,5377.914,1619.974,0,0,0,0,930,1103,2.590,1.490,0.790,1,0,1.000,0,0,10,32,3,41,0
10-09 16:07:52,23.252,2.750,73.758,0,0.250,1446376,1401572,168772,4914512,5349.572,1694.181,0,188.020,0,3.000,989,1195,2.590,1.490,0.790,1,0,2.000,0,0,10,32,3,41,0
10-09 16:07:53,22.987,2.998,73.207,0.250,0.250,1399980,1447828,168792,4914628,5290.915,1619.056,0,407.762,0,29.983,1050,1416,2.590,1.490,0.790,1,0,0.999,0,0,10,32,3,41,0
10-09 16:07:54,24.502,1.500,74.257,0,0,1409992,1437804,168792,4914640,4756.452,1620.154,0,0,0,0,911,1089,2.460,1.480,0.790,1,0,1.000,0,0,10,32,3,40,0
10-09 16:07:55,23.308,3.258,73.682,0.251,0,1349452,1498316,168796,4914660,5198.836,1461.609,0,1660.099,0,181.448,1216,1138,2.460,1.480,0.790,1,0,3.007,0,0,10,32,3,40,0
10-09 16:07:56,22.946,2.245,73.577,0,0,1353780,1493948,168804,4914692,10252.844,1616.192,0,3.991,0,0.998,1005,1168,2.460,1.480,0.790,1,0,2.993,0,0,10,32,3,39,0
10-09 16:07:57,23.255,2.500,73.265,0.500,0.250,1433408,1414320,168804,4914692,8064.605,1620.322,0,2128.424,0,248.049,1375,1185,2.460,1.480,0.790,1,0,2.000,0,0,10,32,3,39,0
10-09 16:07:58,17.277,8.513,73.113,0,0,1347444,1500172,168812,4914796,8333.893,1622.510,0,0,0,0,1650,2186,2.460,1.480,0.790,1,0,143.222,0,0,10,32,3,35,0
10-09 16:07:59,8.750,20.251,69.253,0,0,1345584,1501912,168816,4914852,5383.242,1620.073,0,1156.052,0,13.001,3281,5221,2.340,1.470,0.800,1,0,537.024,0,0,10,32,3,35,0
10-09 16:08:00,9.255,19.511,69.788,0,0,1345488,1501828,168816,4915032,9017.879,1620.877,0,288.156,0,6.003,2875,4376,2.340,1.470,0.800,1,0,394.213,0,0,10,32,3,35,0
10-09 16:08:01,11.731,15.725,71.885,0,0.499,1370412,1476828,168816,4915064,6300.893,1617.406,0,3.994,0,0.998,2375,3619,2.340,1.470,0.800,1,0,300.518,0,0,10,32,3,35,0
10-09 16:08:02,23.749,2.250,73.998,0,0,1447280,1399972,168816,4915048,4881.863,1457.959,0,16.000,0,2.000,885,1119,2.340,1.470,0.800,1,0,2.000,0,0,10,32,3,35,0
10-09 16:08:03,22.990,2.749,73.467,0.250,0,1388428,1458800,168836,4915052,6586.036,1619.271,0,583.737,0,37.983,1130,1531,2.340,1.470,0.800,1,0,1.000,0,0,10,32,3,34,0
10-09 16:08:04,22.998,3.250,73.745,0,0,1449916,1397312,168836,4915052,5816.610,1619.891,0,19.999,0,1.000,927,1128,2.240,1.470,0.800,1,0,2.000,0,0,10,32,3,34,0
10-09 16:08:05,23.762,2.251,73.537,0,0,1408244,1438980,168836,4915056,5426.757,1620.823,0,0,0,0,938,1110,2.240,1.470,0.800,1,0,1.001,0,0,10,32,3,33,0
10-09 16:08:06,22.738,2.998,72.711,0,0.250,1350268,1496928,168848,4915072,7710.867,1619.132,0,387.792,0,15.991,1089,1426,2.240,1.470,0.800,1,0,4.997,0,0,10,32,3,33,0
10-09 16:08:07,23.508,2.251,74.024,0,0,1424008,1423200,168848,4915060,5259.709,1620.527,0,4.001,0,1.000,892,1112,2.240,1.470,0.800,2,0,2.001,0,0,10,32,3,31,0
10-09 16:08:08,22.999,3.250,73.998,0,0.250,1365752,1481444,168848,4915072,6570.809,1693.951,0,16.000,0,2.000,829,1001,2.240,1.470,0.800,2,0,1.000,0,0,10,32,3,31,0
10-09 16:08:09,23.250,2.000,73.500,0,0,1443136,1404080,168848,4915052,6863.041,1458.009,0,0,0,0,890,1048,2.140,1.460,0.800,2,0,2.000,0,0,10,32,3,31,0
10-09 16:08:10,23.019,2.252,74.311,0,0.250,1388632,1458576,168848,4915060,8977.352,1621.328,0,20.016,0,1.001,888,1017,2.140,1.460,0.800,2,0,1.001,0,0,10,32,3,31,0
10-09 16:08:11,22.234,3.498,73.698,0,0,1450876,1396332,168848,4915060,10247.786,1618.860,0,0,0,0,932,1103,2.140,1.460,0.800,2,0,1.999,0,0,10,32,3,31,0
10-09 16:08:12,22.991,2.749,73.723,0,0,1406952,1440268,168848,4915048,8177.950,1619.396,0,1871.302,0,6.997,873,1050,2.140,1.460,0.800,2,0,1.000,0,0,10,32,3,31,0
10-09 16:08:13,23.752,1.750,73.506,0,0,1454304,1392892,168856,4915056,7441.618,1662.138,0,492.041,0,36.003,1105,1500,2.140,1.460,0.800,3,0,2.000,0,0,10,32,3,31,0
10-09 16:08:14,21.498,4.250,73.745,0,0.250,1406632,1440632,168856,4914988,5903.563,1619.880,0,4.000,0,1.000,863,1061,2.050,1.450,0.800,3,0,1.000,0,0,10,32,3,31,0
10-09 16:08:15,23.508,2.251,74.024,0,0,1351464,1495708,168856,4915080,5820.921,1532.506,0,92.030,0,1.000,926,1075,2.050,1.450,0.800,2,0,3.001,0,0,10,32,3,30,0
10-09 16:08:16,22.493,3.249,73.477,0,0,1363000,1484172,168856,4915080,6260.016,1619.487,0,11.996,0,1.000,948,1158,2.050,1.450,0.800,2,0,2.999,0,0,10,32,3,30,0
10-09 16:08:17,23.011,3.252,74.037,0,0,1442900,1404292,168856,4915060,5765.877,1694.846,0,0,0,0,931,1126,2.050,1.450,0.800,2,0,2.001,0,0,10,32,3,28,0
10-09 16:08:18,22.996,2.250,73.987,0,0,1391680,1455508,168856,4915064,7760.642,1693.704,0,19.997,0,1.000,861,1051,2.050,1.450,0.800,2,0,1.000,0,0,10,32,3,28,0
10-09 16:08:19,23.251,2.500,73.754,0,0,1399344,1447832,168856,4915076,6756.412,1620.099,0,84.005,0,5.000,967,1130,1.960,1.440,0.800,2,0,1.000,0,0,10,32,3,26,0
10-09 16:08:20,23.999,1.250,73.746,0,0.250,1447476,1399700,168856,4915076,7090.567,1693.897,0,19.999,0,2.000,883,1073,1.960,1.440,0.800,3,0,2.000,0,0,10,32,3,26,0
10-09 16:08:21,12.281,17.293,70.427,0,0.251,1358056,1489060,168860,4915116,4577.476,1624.072,0,96.241,0,8.020,2634,4057,1.960,1.440,0.800,2,0,392.985,0,0,10,32,3,24,0
10-09 16:08:22,23.260,2.501,73.781,0,0,1427660,1419256,168864,4915312,5422.245,1458.604,0,0,0,0,881,1086,1.960,1.440,0.800,2,0,0,0,0,10,32,3,24,0
10-09 16:08:23,22.917,2.491,73.236,0.249,0,1398968,1447892,168868,4915364,5082.702,1656.038,0,561.977,0,32.882,1104,1626,1.960,1.440,0.800,2,0,8.968,0,0,10,32,3,22,0
10-09 16:08:24,20.039,9.519,70.889,0,0.250,1343964,1502884,168868,4915376,4457.742,1697.328,0,0,0,0,1702,2402,1.890,1.430,0.800,3,0,184.362,0,0,10,32,3,22,0
10-09 16:08:25,9.761,19.521,69.576,0,0,1343072,1503688,168868,4915464,5421.910,1621.768,0,172.188,0,8.009,2941,4416,1.890,1.430,0.800,1,0,425.464,0,0,10,32,3,21,0
10-09 16:08:26,10.498,20.247,68.989,0,0.250,1345896,1500788,168868,4915532,7117.818,1619.731,0,851.859,0,114.981,3534,5498,1.890,1.430,0.800,1,0,539.910,0,0,10,32,3,21,0
10-09 16:08:27,9.497,20.744,68.980,0,0,1345200,1501440,168868,4915564,5531.407,1619.534,0,1379.603,0,14.996,3279,5149,1.890,1.430,0.800,1,0,539.845,0,0,10,32,3,13,0
10-09 16:08:28,10.002,20.005,68.767,0,0,1346068,1500548,168868,4915588,6877.671,1620.394,0,1124.273,0,13.003,3094,4792,1.890,1.430,0.800,2,0,474.115,0,0,10,32,3,13,0
10-09 16:08:29,10.495,17.491,69.964,0,0.250,1348756,1497824,168868,4915616,6481.643,1457.245,0,1023.470,0,11.994,3057,4760,1.730,1.410,0.800,1,0,461.761,0,0,10,32,3,11,0
10-09 16:08:30,8.501,19.503,70.262,0,0.250,1345568,1500984,168868,4915644,9509.588,1620.271,0,192.032,0,8.001,3209,4940,1.730,1.410,0.800,1,0,480.080,0,0,10,32,3,11,0
10-09 16:08:31,14.509,23.765,61.788,0,0,1360332,1486180,168872,4915676,7094.413,1621.008,0,660.411,0,27.017,3648,5723,1.730,1.410,0.800,3,0,590.367,0,0,10,32,3,11,0
10-09 16:08:32,56.503,18.501,24.751,0.250,0.250,1518148,1327900,168944,4916000,7047.352,1736.087,0,912.046,0,62.003,3041,4918,1.730,1.410,0.800,3,0,437.022,0,0,10,32,3,15,0
10-09 16:08:33,58.514,10.753,27.757,4.251,0,1634600,1204040,169512,4922164,5130.262,1620.399,400.098,22145.448,4.001,1623.399,7716,14478,1.730,1.410,0.800,5,1,54.013,0,0,10,38,3,14,0
10-09 16:08:34,36.489,9.497,37.488,15.495,0,1603536,1224920,170460,4930796,5307.371,1619.503,0,72045.882,0,5522.305,23490,39058,2.080,1.490,0.830,8,0,140.957,0,0,10,36,3,14,0
10-09 16:08:35,37.005,8.751,35.755,19.003,0,1634112,1183128,171160,4940892,5074.675,1620.215,0,64180.536,0,5176.688,22054,38671,2.080,1.490,0.830,6,1,84.011,0,0,10,37,3,13,0
10-09 16:08:36,44.715,9.742,32.225,15.488,0,1626316,1184740,171556,4946436,7712.046,1510.834,0,53674.563,0,4343.647,20189,33335,2.080,1.490,0.830,2,1,104.919,0,0,10,36,3,13,0
10-09 16:08:37,40.520,16.508,28.764,12.256,0.250,1554764,1250280,171780,4952012,6045.932,1566.760,364.177,54142.259,6.003,4170.022,19224,34299,2.080,1.490,0.830,2,2,270.131,0,0,10,35,3,13,0
10-09 16:08:38,41.770,15.007,31.515,10.255,0,1534552,1262752,172032,4959124,6033.902,1620.780,708.341,27886.413,14.007,2259.087,16644,29650,2.080,1.490,0.830,2,0,138.066,0,0,10,34,3,13,0
10-09 16:08:39,40.228,13.243,33.731,11.743,0.250,1559032,1234424,172444,4962388,5607.871,1619.097,911.491,56892.254,10.994,4042.744,19266,33283,2.310,1.550,0.850,4,1,162.909,0,0,10,35,3,12,0
10-09 16:08:40,33.480,9.244,42.974,13.492,0.250,1518592,1270868,172700,4965948,6151.297,1619.025,0,39040.498,0,3329.995,17576,31413,2.310,1.550,0.850,7,0,88.946,0,0,10,34,3,12,0
10-09 16:08:41,39.025,6.254,41.527,12.758,0,1558496,1231612,173012,4964944,6444.144,1695.090,0,35522.841,0,3184.047,15334,27185,2.310,1.550,0.850,3,0,12.008,0,0,10,35,3,13,0
10-09 16:08:42,35.008,10.002,43.259,12.003,0,1518108,1269772,173216,4966936,5674.237,1620.353,0,34879.604,0,3172.692,18004,30901,2.310,1.550,0.850,1,3,66.014,0,0,10,34,3,14,0
10-09 16:08:43,35.474,6.995,40.720,14.989,0,1556600,1230208,173372,4967824,5292.084,1510.882,0,40426.085,0,3470.432,17120,30392,2.310,1.550,0.850,3,1,8.993,0,0,10,37,3,16,0
10-09 16:08:44,40.446,7.989,40.446,11.485,0,1506352,1278400,173520,4969688,5660.421,1617.834,0,22549.806,0,2503.648,14560,27673,2.370,1.570,0.860,2,1,90.878,0,0,10,36,3,19,0
10-09 16:08:45,36.819,7.764,40.075,15.028,0,1557016,1225228,173736,4971904,6217.602,1568.928,0,42218.780,0,3837.160,16799,30572,2.370,1.570,0.860,4,1,33.062,0,0,10,37,3,19,0
10-09 16:08:46,32.693,8.984,43.425,12.728,0.250,1542564,1236120,173916,4975192,6114.379,1617.191,0,47393.677,0,3886.250,17139,31714,2.370,1.570,0.860,3,1,74.870,0,0,10,36,3,20,0
10-09 16:08:47,35.303,7.762,41.813,14.772,0,1525360,1250044,174020,4978284,5883.896,1622.453,0,41763.146,0,3631.491,15699,30230,2.370,1.570,0.860,4,1,123.186,0,0,10,36,3,21,0
10-09 16:08:48,38.498,10.250,35.248,15.499,0.250,1553704,1219104,174156,4980668,5800.745,1787.921,0,52977.669,0,4134.818,17749,35354,2.370,1.570,0.860,2,0,81.996,0,0,10,36,3,25,0
10-09 16:08:49,37.016,9.004,41.517,13.005,0,1556348,1217396,174244,4979600,4718.982,1620.681,0,30228.696,0,2969.247,14859,25939,2.340,1.580,0.870,2,0,58.024,0,0,10,36,3,25,0
10-09 16:08:50,28.710,8.988,48.184,14.730,0.250,1503052,1273656,174308,4976596,5203.834,1509.921,0,48253.555,0,4023.460,19630,35092,2.340,1.580,0.870,2,0,80.889,0,0,10,36,3,25,0
10-09 16:08:51,17.763,10.507,67.548,3.502,0,1387532,1389240,174312,4976528,5775.089,1621.148,0,13409.494,0,987.699,5319,8099,2.340,1.580,0.870,1,0,297.210,0,0,10,32,3,26,0
10-09 16:08:52,15.012,22.767,61.047,0.500,0.250,1398100,1378496,174328,4976672,5615.307,1621.243,0,1164.893,0,72.055,3951,6283,2.340,1.580,0.870,3,0,644.494,0,0,10,32,3,31,0
10-09 16:08:53,64.747,10.750,24.499,0.250,0.250,1587144,1188872,174348,4977200,5504.769,1565.934,0,6271.737,0,371.984,2452,3072,2.340,1.580,0.870,3,0,8.000,0,0,10,32,3,32,0
10-09 16:08:54,67.239,7.749,24.246,0,0,1777660,995240,174516,4979864,8906.593,1619.744,3.999,4783.244,1.000,287.955,2163,2246,2.390,1.600,0.880,3,0,0,0,0,10,32,3,32,0
10-09 16:08:55,40.385,6.980,38.391,14.957,0,1778120,982948,174680,4990976,5239.095,1615.404,0,60204.718,0,4418.430,20366,32930,2.390,1.600,0.880,2,1,152.566,0,0,10,38,3,32,0
10-09 16:08:56,31.596,7.272,43.131,18.305,0,1777780,972628,174828,5001148,9593.057,1624.922,0,68198.573,0,5481.604,24756,39889,2.390,1.600,0.880,0,1,215.653,0,0,10,38,3,32,0
10-09 16:08:57,32.749,7.750,39.998,17.249,0.250,1649704,1090472,174936,5010900,7661.663,1511.933,0,82756.359,0,6077.733,24992,42563,2.390,1.600,0.880,5,0,180.992,0,0,10,36,3,32,0
10-09 16:08:58,39.984,8.747,34.736,16.244,0,1710488,1020672,175028,5019524,8393.643,1619.352,0,54738.105,0,4539.184,20494,33006,2.390,1.600,0.880,3,1,164.934,0,0,10,36,3,32,0
10-09 16:08:59,45.805,8.010,33.040,12.515,0,1775132,949636,175132,5025660,6840.270,1621.961,0,67217.266,0,5010.057,19646,33826,2.600,1.660,0.900,3,0,63.076,0,0,10,38,3,32,0
10-09 16:09:00,28.959,10.235,44.686,19.223,0,1657584,1054192,175228,5037992,8051.486,1617.687,0,77465.225,0,5525.099,23002,40727,2.600,1.660,0.900,3,0,83.880,0,0,10,36,3,32,0
10-09 16:09:01,29.963,4.994,45.195,14.982,0.250,1655996,1049948,175280,5043592,5427.341,1618.015,0,70952.941,0,5393.382,22841,38015,2.600,1.660,0.900,2,0,32.960,0,0,10,36,3,32,0
10-09 16:09:02,24.233,9.493,63.455,1.749,0.250,1418496,1287380,175284,5043652,6602.286,1564.883,0,6151.608,0,374.732,3122,4442,2.600,1.660,0.900,1,0,248.822,0,0,10,32,3,32,0
10-09 16:09:03,23.011,3.001,72.535,0.500,0,1487404,1218472,175284,5043652,5709.735,1620.776,0,4882.339,0,138.066,1332,1686,2.600,1.660,0.900,1,0,1.000,0,0,10,32,3,32,0
10-09 16:09:04,24.028,3.003,72.084,1.001,0.250,1393296,1312540,175284,5043660,6631.713,1513.761,0,5065.892,0,307.357,1924,2947,2.550,1.660,0.910,1,0,15.017,0,0,10,32,3,32,0
10-09 16:09:05,21.260,4.252,73.785,0,0.250,1463584,1242248,175284,5043660,4785.268,1620.768,0,96.046,0,10.005,991,1255,2.550,1.660,0.910,1,0,13.006,0,0,10,32,3,32,0
10-09 16:09:06,24.447,2.495,72.594,0.499,0,1511960,1193868,175288,5043660,8555.614,1842.041,0,343.262,0,25.944,1327,1879,2.550,1.660,0.910,1,0,1.996,0,0,10,34,4,32,0
10-09 16:09:07,14.288,30.079,54.894,0,0,1399840,1305912,175296,5043712,7268.130,1698.470,0,653.721,0,44.116,4773,7910,2.550,1.660,0.910,2,0,996.623,0,0,10,32,4,32,0
10-09 16:09:08,9.736,22.967,66.655,0,0,1400720,1305000,175296,5043744,5258.512,1617.696,0,191.727,0,19.972,3255,4849,2.550,1.660,0.910,2,0,573.184,0,0,10,32,4,32,0
10-09 16:09:09,7.505,21.263,70.543,0,0.250,1403352,1302268,175296,5043824,6745.155,1695.044,0,228.141,0,16.010,3147,4743,2.430,1.650,0.910,2,0,449.277,0,0,10,32,4,32,0
10-09 16:09:10,10.255,18.509,69.033,0,0.250,1401776,1303656,175296,5043984,5724.719,1566.744,0,36.017,0,9.004,2745,4322,2.430,1.650,0.910,2,0,363.173,0,0,10,32,4,32,0
10-09 16:09:11,19.252,16.252,63.757,0,0,1415600,1288996,175304,5044984,7126.755,1638.174,0,12.001,0,3.000,4337,6895,2.430,1.650,0.910,3,0,211.022,0,0,10,32,4,32,0
10-09 16:09:12,47.486,6.498,45.236,0,0.250,1527364,1176964,175308,5045324,8143.549,1619.513,0,0,0,0,1573,1890,2.430,1.650,0.910,2,0,97.971,0,0,10,33,4,32,0
10-09 16:09:13,47.504,6.751,45.504,0,0,1611720,1089548,175320,5048348,5062.476,1694.159,0,260.024,0,10.001,2210,8306,2.430,1.650,0.910,2,0,5.000,0,0,10,49,4,32,0
10-09 16:09:14,39.467,6.245,53.955,0,0.250,1661052,1038864,175376,5049412,5831.119,1618.645,0,2234.130,0,104.912,1882,2530,2.390,1.660,0.910,1,0,103.913,0,0,10,48,4,33,0
10-09 16:09:15,14.733,9.240,75.166,0.250,0,1681004,1018872,175376,5049432,6435.785,2293.429,0,67.924,0,5.993,1841,2648,2.390,1.660,0.910,0,0,154.826,0,0,10,49,4,33,0
10-09 16:09:16,1.251,0.250,97.051,0,0,1681364,1018396,175376,5049548,120515.271,4598.414,0,328.172,0,21.011,1038,1589,2.390,1.660,0.910,0,0,2.001,0,0,10,49,4,33,0
10-09 16:09:17,9.246,5.998,81.719,1.250,0,1687728,1010584,175468,5050728,66892.514,2806.931,3.998,4698.210,1.000,309.882,2405,3513,2.390,1.660,0.910,1,0,51.980,0,0,10,48,4,34,0
10-09 16:09:18,17.737,9.243,71.699,1.749,0.500,1714144,933352,175488,5099872,9614.116,1564.880,0,4820.548,0,150.892,1956,2774,2.390,1.660,0.910,1,0,38.972,0,0,10,48,4,34,0
10-09 16:09:19,18.507,6.752,73.276,0,0,1718500,928404,175488,5100048,5967.100,1620.570,0,4.001,0,1.000,1442,1685,2.200,1.630,0.910,1,0,45.016,0,0,10,48,4,34,0
10-09 16:09:20,21.255,4.501,74.018,0,0,1737392,909528,175488,5099876,8162.992,1662.406,0,0,0,0,1103,1304,2.200,1.630,0.910,1,0,17.004,0,0,10,48,3,34,0
10-09 16:09:21,14.265,11.012,73.828,0,0.250,1668604,1027928,175640,5050936,6060.400,1621.713,160.169,20.021,10.011,3.003,1830,2624,2.200,1.630,0.910,1,0,159.168,0,0,10,48,3,34,0
10-09 16:09:22,14.727,12.730,70.390,0.499,0.250,1672680,1023620,175640,5051088,6779.383,1765.236,0,4453.027,0,223.650,5743,9418,2.200,1.630,0.910,0,0,223.650,0,0,10,48,3,34,0
10-09 16:09:23,0.750,0.250,98.213,0,0,1672904,1023396,175640,5051088,5935.780,1619.394,0,255.904,0,2.999,614,960,2.200,1.630,0.910,0,0,2.999,0,0,10,48,3,34,0
10-09 16:09:24,0.250,0,98.035,0,0,1672652,1023648,175640,5051088,7077.555,1620.585,0,928.335,0,5.002,622,982,2.020,1.600,0.900,0,0,2.001,0,0,10,48,3,34,0
10-09 16:09:25,0.250,0.250,98.505,0,0.250,1672872,1023424,175640,5051092,4403.203,1458.067,0,4.000,0,1.000,579,925,2.020,1.600,0.900,0,0,2.000,0,0,10,48,3,34,0
10-09 16:09:26,1.000,2.251,95.282,0,0,1670980,1025316,175640,5051120,7099.385,1620.545,0,180.061,0,9.003,1048,1724,2.020,1.600,0.900,1,0,24.008,0,0,10,48,3,34,0
10-09 16:09:27,15.285,16.789,66.403,0.251,0,1668148,1028204,175640,5051120,6054.993,1623.752,0,1014.344,0,23.053,5002,8492,2.020,1.600,0.900,2,0,234.542,0,0,10,48,3,34,0
10-09 16:09:28,10.227,15.715,73.587,0,0,1667228,1028984,175640,5051284,8984.136,1853.901,0,3.991,0,0.998,3126,5087,2.020,1.600,0.900,1,0,357.210,0,0,11,48,3,34,0
10-09 16:09:29,16.002,13.002,69.760,0,0.250,1669536,1026488,175640,5051284,5435.766,1620.228,0,140.020,0,2.000,5476,9280,1.940,1.590,0.910,1,0,184.026,0,0,11,48,3,34,0
10-09 16:09:30,4.499,7.248,86.722,0,0,1671200,1024852,175640,5051304,5561.181,1619.470,0,271.911,0,10.996,1506,2372,1.940,1.590,0.910,1,0,149.951,0,0,12,48,3,34,0
10-09 16:09:31,16.790,14.284,68.414,0,0.752,1677196,1018848,175640,5051340,7367.682,1623.897,0,60.144,0,7.017,3619,8355,1.940,1.590,0.910,1,0,215.517,0,0,13,50,3,35,0
10-09 16:09:32,10.496,17.743,69.973,0,0,1678404,1017604,175640,5051376,5028.044,1457.433,0,31.988,0,6.997,2831,4383,1.940,1.590,0.910,2,0,379.852,0,0,13,50,3,35,0
10-09 16:09:33,17.006,16.506,65.024,0,0,1681624,1014200,175640,5051536,5846.175,1620.603,0,44.016,0,10.004,4701,7367,1.940,1.590,0.910,1,0,240.089,0,0,13,50,3,29,0
10-09 16:09:34,34.502,20.251,44.252,0,0,1759432,936300,175656,5051948,6048.278,1620.075,0,1408.065,0,186.009,5418,10298,2.030,1.620,0.920,2,0,413.019,0,0,13,50,3,29,0
10-09 16:09:35,27.489,6.747,64.475,0.250,0,1817132,877152,175744,5052860,6365.492,1619.362,31.987,267.894,1.999,7.997,2404,4146,2.030,1.620,0.920,1,0,31.987,0,0,13,58,3,31,0
10-09 16:09:36,22.252,4.500,72.758,0,0,1872888,821352,175744,5052872,9964.056,1620.172,0,848.090,0,25.003,1276,1809,2.030,1.620,0.920,1,0,10.001,0,0,13,58,3,31,0
10-09 16:09:37,13.467,2.245,83.547,0.249,0.249,1906952,786576,175752,5053576,5812.846,1616.065,0,387.058,0,26.934,1330,3062,2.030,1.620,0.920,0,0,2.993,0,0,13,58,3,30,0
10-09 16:09:38,1.000,0.500,96.977,0.250,0,1906948,786576,175756,5053576,5507.711,1531.642,0,2715.365,0,145.966,1013,1670,2.030,1.620,0.920,0,0,2.000,0,0,13,58,3,30,0
10-09 16:09:39,9.784,9.784,78.523,0.753,0.502,1855428,838060,175756,5053592,7020.424,1715.970,0,4575.920,0,190.663,3339,6212,2.020,1.620,0.920,1,0,166.580,0,0,13,56,3,29,0
10-09 16:09:40,13.245,16.494,69.223,0,0,1903828,789476,175756,5054060,7995.866,1619.365,0,47.981,0,1.999,5017,8085,2.020,1.620,0.920,16,0,299.882,0,0,13,56,3,29,0
10-09 16:09:41,21.485,14.740,62.207,0,0,1913548,779708,175756,5054068,5612.128,1688.835,0,0,0,0,6374,10581,2.020,1.620,0.920,2,0,198.863,0,0,12,56,3,28,0
10-09 16:09:42,19.481,14.236,63.688,0,0,1916792,776424,175756,5054104,7129.056,1618.424,0,3.996,0,0.999,4685,7551,2.020,1.620,0.920,3,0,307.700,0,0,13,50,3,28,0
10-09 16:09:43,24.040,9.766,65.860,0.250,0.250,1700688,992500,175756,5053760,5062.480,1622.718,0,1939.248,0,150.252,2650,3942,2.020,1.620,0.920,3,0,198.332,0,0,13,50,3,30,0
10-09 16:09:44,32.499,19.749,46.998,0.250,0,1770596,922572,175756,5053796,6999.713,1619.934,0,707.971,0,17.999,2931,4595,1.940,1.610,0.920,4,0,410.983,0,0,13,50,3,30,0
10-09 16:09:45,35.731,20.739,41.978,0,0,1871364,821112,175756,5054684,5238.208,1499.201,0,343.817,0,10.994,4849,10094,1.940,1.610,0.920,5,0,336.820,0,0,13,58,3,29,0
10-09 16:09:46,44.915,14.472,39.675,0,0.250,1958272,734172,175760,5054512,5304.910,1616.925,0,0,0,0,3895,6360,1.940,1.610,0.920,3,0,207.605,0,0,13,58,3,29,0
10-09 16:09:47,25.994,2.999,71.235,0,0,2020880,670696,175784,5055344,5617.798,1693.638,0,7.998,0,2.000,1220,3428,1.940,1.610,0.920,2,0,3.999,0,0,13,58,3,27,0
10-09 16:09:48,27.583,4.764,65.698,1.505,0.251,2058504,630592,176092,5057208,7382.272,1793.411,140.424,3029.139,35.106,192.581,2522,6641,1.940,1.610,0.920,2,1,39.118,0,0,13,60,3,28,0
10-09 16:09:49,23.898,5.975,58.750,8.962,0.249,2055688,616732,176096,5073768,7170.468,1702.750,0,35879.226,0,3501.092,14875,28413,2.030,1.640,0.930,2,1,3.983,0,0,13,60,3,24,0
10-09 16:09:50,39.151,17.819,40.155,2.259,0,2230592,435684,176212,5079348,6397.682,1700.561,0,55510.158,0,437.689,7195,18329,2.030,1.640,0.930,3,0,231.895,0,0,14,85,3,35,0
10-09 16:09:51,11.998,17.247,68.988,0,0,2236516,429500,176216,5079540,6175.919,1619.717,0,3151.448,0,48.991,3312,5364,2.030,1.640,0.930,1,0,398.930,0,0,14,85,3,33,0
10-09 16:09:52,17.998,15.748,66.491,0,0,2245396,420440,176216,5079696,7779.996,1553.800,0,859.889,0,44.994,4347,6494,2.030,1.640,0.930,5,0,239.969,0,0,14,85,3,33,0
10-09 16:09:53,44.643,8.729,44.643,0,0,2358336,307424,176220,5080168,5490.789,1562.241,0,10406.961,0,543.692,2906,3502,2.030,1.640,0.930,2,0,126.695,0,0,14,86,3,27,0
10-09 16:09:54,24.516,14.259,60.038,0.250,0.500,2407460,257384,176240,5080960,4869.097,1695.078,0,1536.978,0,94.060,2870,4747,2.020,1.640,0.940,1,0,200.127,0,0,14,89,3,27,0
10-09 16:09:55,10.509,16.514,71.560,0,0.250,2410772,254040,176240,5080992,6976.861,1621.362,0,60.050,0,9.008,2839,4241,2.020,1.640,0.940,1,0,348.293,0,0,14,89,3,27,0
10-09 16:09:56,8.750,18.999,71.496,0.500,0.250,2411376,253400,176240,5081024,6864.643,1619.916,0,103.995,0,9.999,2695,3936,2.020,1.640,0.940,1,0,328.983,0,0,14,89,3,27,0
10-09 16:09:57,18.222,7.988,72.887,0,0,2458880,205880,176240,5081040,7192.887,1617.501,0,11.981,0,2.995,1495,2095,2.020,1.640,0.940,1,0,116.820,0,0,14,89,3,27,0
10-09 16:09:58,20.749,6.000,72.498,0,0,2430916,233692,176240,5081192,8439.772,1619.956,0,307.992,0,25.999,1951,3104,2.020,1.640,0.940,1,0,62.998,0,0,14,91,3,28,0
10-09 16:09:59,22.994,3.499,72.982,0.250,0.250,2480544,184048,176240,5081208,5748.609,1709.586,0,139.966,0,16.996,2220,3739,1.940,1.630,0.940,2,0,0,0,0,14,95,3,28,0
10-09 16:10:00,32.346,5.516,59.677,1.755,0,2471592,192472,176264,5081668,8025.772,1462.331,0,4376.965,0,404.197,4837,9178,1.940,1.630,0.940,2,0,63.187,0,0,14,106,3,30,0
10-09 16:10:01,25.195,4.241,70.845,0,0.249,2533480,130540,176264,5081696,7660.255,1616.466,0,506.892,0,33.926,1544,2444,1.940,1.630,0.940,1,0,54.880,0,0,14,106,3,30,0
10-09 16:10:02,25.531,4.255,66.580,2.503,0,2555324,132336,176104,5059316,5166.241,1696.049,288.348,7645.235,24.029,781.945,4175,5569,1.940,1.630,0.940,2,0,8.010,0,0,14,107,3,32,0
10-09 16:10:03,42.253,9.751,47.254,0.750,0,2616612,126044,173996,5006552,5381.441,1620.133,376.031,956.078,20.002,139.011,2031,2407,1.940,1.630,0.940,3,0,95.008,0,0,14,107,3,32,0
10-09 16:10:04,26.942,6.486,66.357,0.249,0.249,2617468,145948,173580,4986424,6512.984,1616.521,1999.697,443.047,52.886,33.927,1641,2322,1.870,1.620,0.940,2,0,56.878,0,0,14,111,3,33,0
10-09 16:10:05,22.005,6.001,71.517,0.500,0.250,2587896,184144,173428,4978068,6909.658,1620.389,96.023,996.239,8.002,157.038,1724,2007,1.870,1.620,0.940,2,0,51.012,0,0,14,111,3,34,0
10-09 16:10:06,23.255,3.501,71.764,0.250,0,2633228,138800,173428,4978080,9242.830,1620.321,4.001,616.122,1.000,73.014,1736,2809,1.870,1.620,0.940,3,0,2.000,0,0,14,111,3,35,0
10-09 16:10:07,20.489,6.497,72.213,0.750,0.250,2630232,141744,173428,4978132,5695.050,1457.245,0,1687.126,0,111.942,1869,2748,1.870,1.620,0.940,2,0,81.958,0,0,14,111,3,35,0
10-09 16:10:08,21.819,5.016,72.731,0,0,2612668,159160,173428,4978280,8243.131,1625.152,0,96.305,0,6.019,1522,2002,1.870,1.620,0.940,2,0,55.175,0,0,14,111,3,36,0
10-09 16:10:09,24.394,4.232,68.701,0.996,0.249,2638172,133524,173432,4978408,7700.518,1612.987,19.913,1087.273,0.996,177.229,3297,5387,1.800,1.610,0.940,1,0,0,0,0,14,113,3,36,0
10-09 16:10:10,22.531,4.506,70.095,0.751,0,2637828,132940,173436,4979332,9517.925,1622.203,741.006,4438.027,128.174,316.430,2978,4614,1.800,1.610,0.940,1,0,53.072,0,0,14,111,3,37,0
10-09 16:10:11,27.063,3.007,69.413,0.752,0,2645152,125560,173436,4979388,6757.854,1623.809,0,1964.609,0,159.374,3134,5300,1.800,1.610,0.940,2,0,1.002,0,0,14,115,3,37,0
10-09 16:10:12,33.672,5.986,59.862,0.249,0.249,2639736,135676,173304,4974932,6107.903,1690.099,111.742,746.278,7.982,67.843,3104,4852,1.800,1.610,0.940,1,0,69.839,0,0,14,115,3,38,0
10-09 16:10:13,21.553,6.015,70.422,0.752,0,2589228,194748,173176,4966512,6782.570,1623.967,56.137,910.224,7.017,110.269,2543,4387,1.800,1.610,0.940,2,0,89.218,0,0,14,115,3,40,0
10-09 16:10:14,20.697,5.735,72.314,0.499,0,2647352,135644,173180,4967488,5278.429,1577.943,1069.251,538.615,24.936,33.913,1541,2170,1.730,1.600,0.940,1,0,57.851,0,0,14,115,3,40,0
10-09 16:10:15,25.317,1.755,70.437,0.501,0.251,2653520,129284,173184,4967676,5900.672,1612.282,4.011,1010.684,1.003,108.288,3001,5522,1.730,1.600,0.940,1,0,0,0,0,14,117,3,40,0
10-09 16:10:16,35.000,12.500,50.251,1.250,0,2627076,152860,173184,4970496,6225.075,2038.024,2648.032,1852.022,71.001,156.002,5324,9651,1.730,1.600,0.940,1,0,291.003,0,0,14,115,3,40,0
10-09 16:10:17,23.453,4.741,70.859,0.749,0,2666372,130492,173048,4953772,5934.203,1702.615,0,4027.992,0,389.226,1907,2018,1.730,1.600,0.940,2,0,0,0,0,14,117,3,40,0
10-09 16:10:18,15.020,18.274,65.588,0.501,0.250,2630164,166580,173060,4953880,6157.226,1946.601,204.273,749.001,9.012,51.068,3528,5855,1.730,1.600,0.940,1,0,341.456,0,0,14,115,3,40,0
10-09 16:10:19,12.475,18.214,67.366,0,0.250,2632356,163960,173060,4954676,5305.426,1616.778,315.371,518.966,13.972,35.928,3583,7132,1.670,1.590,0.940,1,0,322.358,0,0,14,115,3,40,0
10-09 16:10:20,27.083,18.557,53.163,0.251,0,2668068,128016,173064,4954552,6687.531,1624.989,32.099,2579.920,2.006,149.459,5512,10752,1.670,1.590,0.940,2,0,357.096,0,0,14,115,3,40,0
10-09 16:10:21,32.977,20.735,44.719,0.500,0,2711284,126244,172888,4914304,5231.333,1702.806,7.994,2318.375,1.999,341.760,4248,8861,1.670,1.590,0.940,20,0,450.684,0,0,14,115,3,40,0
10-09 16:10:22,49.289,21.517,26.271,1.001,0.250,2838500,132092,170052,4786420,8632.785,1571.235,1256.988,5932.663,78.061,435.342,6812,17700,1.670,1.590,0.940,4,0,363.286,0,0,16,127,3,40,0
10-09 16:10:23,54.955,22.232,21.233,0.250,0,2937880,139312,167632,4684964,6967.343,1618.686,3900.833,647.474,245.800,108.912,4602,8359,1.670,1.590,0.940,3,0,528.571,0,0,16,127,3,40,0
10-09 16:10:24,63.074,19.273,16.520,0.250,0.250,3030560,133076,164824,4602704,5522.522,1621.915,2691.178,8437.965,193.228,885.045,7783,19875,1.940,1.650,0.960,2,0,385.455,0,0,16,143,3,40,0
10-09 16:10:25,36.728,20.488,40.975,0.500,0.250,3092588,131256,164580,4544184,7486.493,1619.025,115.930,383.769,19.988,18.989,3649,5444,1.940,1.650,0.960,2,0,553.667,0,0,16,143,3,40,0
10-09 16:10:26,17.989,17.239,62.461,0.250,0,3106608,135432,164640,4526476,5798.359,1618.983,295.814,1602.993,41.974,248.844,5901,9832,1.940,1.650,0.960,2,0,233.853,0,0,17,143,3,40,0
10-09 16:10:27,33.741,19.745,45.988,0,0,3165472,129448,164640,4474768,5630.497,1709.544,127.966,475.873,6.998,34.991,3822,6623,1.940,1.650,0.960,2,0,510.864,0,0,17,143,3,40,0
10-09 16:10:28,42.034,20.767,35.779,0,0,3263996,122844,164656,4384764,5817.683,1695.365,4.003,608.490,1.001,48.039,6158,20135,1.940,1.650,0.960,2,0,253.204,0,0,17,155,3,40,0
10-09 16:10:29,30.753,23.502,44.504,0.750,0.250,3327792,127164,164660,4318084,6239.537,1656.142,680.058,5068.436,20.002,402.035,4680,7203,1.940,1.650,0.970,4,0,679.058,0,0,17,155,3,40,0
10-09 16:10:30,32.769,24.515,42.525,0,0,3405692,130100,164660,4238620,6155.644,1566.928,4.002,676.400,1.001,51.030,5346,14448,1.940,1.650,0.970,2,0,631.374,0,0,17,165,3,40,0
10-09 16:10:31,16.939,15.943,65.017,0.498,0.249,3421096,126816,164660,4227180,9267.840,1687.960,39.857,4651.357,0.996,363.699,5772,9662,1.940,1.650,0.970,1,0,244.127,0,0,17,165,3,40,0
10-09 16:10:32,40.589,11.275,47.354,0,0,3526728,139684,164656,4110904,5175.318,1665.643,56.123,1242.718,7.015,197.432,3212,5692,1.940,1.650,0.970,2,0,120.263,0,0,17,171,3,39,0
10-09 16:10:33,46.156,6.986,46.655,0.499,0.249,3625364,119472,164656,4033784,4891.071,1616.718,1245.472,243.506,30.937,26.945,1768,2281,1.940,1.650,0.970,1,0,0.998,0,0,17,171,3,39,0
10-09 16:10:34,36.102,13.287,51.395,0,0,3606056,183856,164680,3989776,4835.646,1624.585,212.600,577.630,15.042,62.175,3194,5640,1.790,1.620,0.970,2,0,370.044,0,0,17,175,3,39,0
10-09 16:10:35,37.497,20.499,40.247,0,0,3594368,194236,164688,3991116,7296.497,1693.883,4.000,547.962,1.000,42.997,5809,12024,1.790,1.620,0.970,2,0,497.966,0,0,17,185,3,39,0
10-09 16:10:36,52,20,26,0.750,0.500,3704264,123356,164704,3953644,8537,1738,1608,8984,39,587,6726,12337,1.790,1.620,0.970,8,0,263,0,0,17,188,4,35,0
10-09 16:10:37,79.472,16.143,2.980,0,0,3798612,118908,164728,3865860,7382.926,1772.220,806.638,1021.212,15.894,74.505,3015,5721,1.790,1.620,0.970,4,0,95.366,0,0,17,202,4,36,0
10-09 16:10:38,74.480,14.496,10.247,0.250,0,3841952,137676,164860,3805072,5431.544,1565.580,83.977,10541.175,7.998,349.906,4713,10477,1.790,1.620,0.970,4,0,59.984,0,0,17,216,4,36,0
10-09 16:10:39,57.091,23.893,18.611,0.252,0,3847768,179412,164876,3758220,5946.525,1704.181,76.457,877.241,5.030,47.282,4836,10316,1.890,1.650,0.980,4,0,438.620,0,0,17,213,4,43,0
10-09 16:10:40,47.292,22.270,27.774,0,0,3879336,152580,164888,3753800,9317.180,1621.424,0,776.682,0,55.048,6580,14050,1.890,1.650,0.980,6,0,304.267,0,0,17,215,4,44,0
10-09 16:10:41,57.996,25.998,14.749,0,0.250,3933260,128620,164888,3723536,5056.686,1619.900,4.000,443.972,1.000,21.999,3311,43214,1.890,1.650,0.980,3,0,454.972,0,0,17,215,4,44,0
10-09 16:10:42,59.336,20.194,19.695,0.249,0.499,3974780,128444,164964,3682608,5446.923,1615.528,143.603,702.057,16.953,43.879,4346,10451,1.890,1.650,0.980,3,0,253.299,0,0,17,217,4,44,0
10-09 16:10:43,58.429,22.318,18.306,0.752,0.251,4021560,129028,164972,3635600,5291.228,1633.008,128.394,27632.750,8.025,1299.987,9156,16769,1.890,1.650,0.980,3,0,490.504,0,0,17,223,4,48,0
10-09 16:10:44,59.489,20.496,17.497,0,0,4051152,177224,164976,3558996,5675.950,1693.687,39.993,971.820,3.999,68.987,6716,22603,1.980,1.670,0.990,3,0,255.953,0,0,17,229,4,47,0
10-09 16:10:45,67.495,11.249,20.498,0.250,0,4209804,129644,164980,3450472,14135.869,1689.865,35.997,619.950,2.000,55.996,3006,4415,1.980,1.670,0.990,3,0,130.990,0,0,17,229,4,47,0
10-09 16:10:46,71.243,7.249,19.498,0,0,4285808,134372,164996,3371312,9212.088,1565.845,371.963,1039.897,22.998,89.991,3955,7694,1.980,1.670,0.990,3,0,10.999,0,0,17,243,4,44,0
10-09 16:10:47,50.476,26.987,21.740,0.250,0,4243340,174564,164996,3373584,8747.784,1709.176,1787.139,1603.227,43.979,179.913,6369,13358,1.980,1.670,0.990,3,0,563.728,0,0,17,243,4,50,0
10-09 16:10:48,52.520,23.149,23.398,0.249,0,4263084,152796,165016,3375900,8267.787,1706.525,2218.284,1707.521,71.686,94.586,7093,15592,1.980,1.670,0.990,3,0,369.382,0,0,17,244,4,50,0
10-09 16:10:49,70.072,15.069,12.809,0.502,0,4296012,185088,165092,3311972,6055.863,1627.488,3604.585,940.326,51.236,67.310,3705,7717,2.220,1.730,1.010,3,0,208.961,0,0,18,249,4,50,0
10-09 16:10:50,61.744,11.749,25.748,0.250,0.500,4416440,122528,165108,3255192,5879.471,1511.864,771.931,935.916,6.999,39.996,2334,3149,2.220,1.730,1.010,3,0,11.999,0,0,18,249,4,39,0
10-09 16:10:51,42.603,14.201,40.361,1.246,0.249,4444608,122284,165140,3227748,7032.737,2098.759,637.800,14808.909,15.945,1188.898,6558,9176,2.220,1.730,1.010,1,0,222.233,0,0,18,251,4,40,0
10-09 16:10:52,18.744,4.998,73.977,0.250,0.250,4445324,131748,165136,3217600,10804.607,3703.837,767.759,463.854,5.998,25.992,1657,2233,2.220,1.730,1.010,3,0,8.997,0,0,18,252,4,40,0
10-09 16:10:53,20.010,7.754,71.786,0.250,0,4453096,124108,165136,3217492,20298.088,4465.219,800.398,2105.046,8.004,141.070,2610,3813,2.220,1.730,1.010,1,0,12.006,0,0,18,256,4,40,0
10-09 16:10:54,18.748,5.499,73.491,0,0,4448784,139068,165136,3206876,43614.505,2489.686,767.903,139.982,5.999,11.998,2049,3317,2.120,1.710,1.010,1,0,10.999,0,0,18,260,4,40,0
10-09 16:10:55,19.503,6.001,73.511,0,0,4449636,141368,165136,3203752,103915.860,4326.619,768.110,128.018,6.001,15.002,1956,2651,2.120,1.710,1.010,2,0,9.001,0,0,18,260,4,40,0
10-09 16:10:56,8.245,3.498,87.446,0.250,0,4450348,140472,165136,3203936,185480.558,7201.557,255.842,371.771,1.999,35.978,1976,2806,2.120,1.710,1.010,0,0,4.997,0,0,18,264,4,40,0
10-09 16:10:57,2.750,1.250,93.744,0.500,0,4450408,140248,165136,3204100,158576.851,5933.620,15.999,359.977,1.000,38.998,1727,2652,2.120,1.710,1.010,1,0,1.000,0,0,18,266,4,40,0
10-09 16:10:58,1.750,1.250,95.521,0,0.250,4450456,140024,165136,3204276,233389.879,6901.505,0,204.044,0,16.003,1371,2067,2.120,1.710,1.010,0,0,0,0,0,18,266,4,40,0
10-09 16:10:59,2.750,1.000,94.753,0.500,0.250,4450644,139576,165136,3204536,232299.504,8228.230,0,328.009,0,31.001,1578,2247,1.950,1.680,1,0,0,0,0,0,18,266,4,39,0
10-09 16:11:00,1.250,0.750,95.742,0,0.250,4450628,139576,165136,3204552,23127.011,2147.815,0,59.995,0,5.999,1202,1936,1.950,1.680,1,0,0,0,0,0,18,266,4,39,0
10-09 16:11:01,3.749,0.750,93.713,0,0,4450616,139352,165136,3204788,250808.178,9020.410,3.998,59.976,1.000,5.998,1590,2245,1.950,1.680,1,0,0,1.999,0,0,18,270,4,37,0
10-09 16:11:02,1.501,0.250,96.306,0,0,4450536,139352,165136,3204868,116531.287,5054.962,0,0,0,0,1271,1987,1.950,1.680,1,0,0,0,0,0,18,270,4,37,0
10-09 16:11:03,2.501,1.000,94.791,0,0.250,4450628,139128,165140,3204996,113459.128,4327.874,0,68.029,0,7.003,1315,2212,1.950,1.680,1,0,0,1.000,0,0,18,272,4,35,0
10-09 16:11:04,3.248,1.249,94.700,0.500,0.250,4450704,138904,165140,3205144,257634.969,7777.893,0,115.939,0,11.994,1499,2130,1.790,1.660,1,0,0,0.999,0,0,18,274,4,35,0
10-09 16:11:05,3.748,1.249,94.687,0,0.250,4450784,138680,165140,3205288,55271.410,3135.924,0,175.884,0,26.982,1484,2370,1.790,1.660,1,0,0,0.999,0,0,18,276,4,34,0
10-09 16:11:06,2.501,1.000,94.539,0.500,0,4450808,138456,165144,3205484,224978.141,6968.885,0,596.247,0,36.015,1598,2323,1.790,1.660,1,0,0,2.001,0,0,18,276,4,34,0
10-09 16:11:07,1.750,1.500,95.506,0,0,4450672,138456,165144,3205620,102703.984,4524.308,32.002,212.014,1.000,18.001,1315,2136,1.790,1.660,1,0,0,0,0,0,18,276,4,32,0
10-09 16:11:08,2.001,0.751,95.319,0,0,4450748,138232,165144,3205768,156729.472,5922.288,0,140.101,0,9.007,1380,2253,1.790,1.660,1,0,0,0,0,0,18,276,4,32,0
10-09 16:11:09,1.998,0.500,95.919,0.250,0.250,4450764,138008,165144,3205976,225944.851,7301.823,0,115.902,0,11.990,1342,1974,1.730,1.640,1,1,0,0,0,0,18,276,4,31,0
10-09 16:11:10,2.250,0.750,95.766,0,0.500,4450828,137784,165144,3206136,189390.818,6397.075,0,0,0,0,1310,1924,1.730,1.640,1,0,0,0,0,0,18,276,4,31,0
10-09 16:11:11,2.500,0.500,95.993,0,0,4450892,137560,165144,3206296,158034.305,5909.563,0,0,0,0,1243,1902,1.730,1.640,1,0,0,0,0,0,18,276,4,30,0
10-09 16:11:12,2.500,1.750,95.262,0,0,4451068,137336,165144,3206344,104096.908,4590.569,0,44.005,0,3.000,1343,2094,1.730,1.640,1,0,0,0,0,0,18,276,4,30,0
10-09 16:11:13,2.000,0.750,95.750,0.250,0.250,4450892,137336,165144,3206520,146721.147,5316.005,0,2288.002,0,122.000,1496,2459,1.730,1.640,1,0,0,0,0,0,18,276,4,28,0
10-09 16:11:14,1.998,0.500,95.909,0,0,4451036,137112,165144,3206600,130445.729,5113.168,0,0,0,0,1237,1876,1.590,1.620,0.990,1,0,0,0,0,18,276,4,28,0
10-09 16:11:15,3.253,1.001,94.843,0,0.250,4451016,136888,165144,3206844,219642.249,7741.587,0,192.188,0,26.026,1676,2557,1.590,1.620,0.990,0,0,0,0,0,18,276,4,27,0
10-09 16:11:16,2.250,1.250,95.234,0,0,4451344,136416,165144,3206988,166247.738,5393.083,0,319.946,0,18.997,1347,2112,1.590,1.620,0.990,1,0,2.000,0,0,18,276,4,27,0
10-09 16:11:17,1.750,1.000,94.754,0.750,0,4451420,136192,165144,3207136,143016.864,6074.249,20.001,1840.075,2.000,299.012,2092,2679,1.590,1.620,0.990,0,0,0,0,0,18,276,4,26,0
10-09 16:11:18,2.000,1.000,95.261,0,0.250,4451308,136192,165144,3207248,117486.158,5060.567,0,164.018,0,14.002,1350,2241,1.590,1.620,0.990,0,0,0,0,0,18,276,4,26,0
10-09 16:11:19,2.500,0.500,96.010,0,0.500,4451404,135968,165144,3207376,158386.314,6112.630,0,0,0,0,1246,1849,1.540,1.610,0.990,0,0,0,0,0,18,276,4,25,0
10-09 16:11:20,2.250,0.750,94.735,0.500,0,4451484,135504,165144,3207760,182113.226,6816.923,0,219.965,0,20.997,1573,2394,1.540,1.610,0.990,0,0,0,0,0,18,276,4,25,0
10-09 16:11:21,2.000,0.250,96.492,0,0.250,4451324,135504,165144,3207904,152429.196,5579.531,0,99.992,0,10.999,1198,1839,1.540,1.610,0.990,0,0,0,0,0,18,276,4,25,0
10-09 16:11:22,1.500,0.750,96.014,0,0,4451192,135504,165144,3208036,152838.773,6240.930,0,88.013,0,5.001,1199,1908,1.540,1.610,0.990,1,0,0,0,0,18,276,4,25,0
10-09 16:11:23,2.750,1.000,95.488,0,0,4451032,135504,165144,3208196,170307.860,6011.219,0,0,0,0,1338,2274,1.540,1.610,0.990,0,0,0,0,0,18,276,4,25,0
10-09 16:11:24,1.500,0.500,95.739,0,0.250,4450936,135504,165144,3208292,106262.674,4531.474,0,0,0,0,1159,1882,1.420,1.580,0.990,0,0,0,0,0,18,276,4,25,0
10-09 16:11:25,1.751,1.000,95.782,0.250,0,4450872,135504,165144,3208356,104799.108,4723.582,0,168.056,0,18.006,1342,2211,1.420,1.580,0.990,1,0,0,0,0,18,276,4,25,0
10-09 16:11:26,2.499,1.500,93.723,0,0,4450820,135280,165144,3208632,208322.836,7557.854,0,235.933,0,16.995,1478,2242,1.420,1.580,0.990,0,0,2.999,0,0,18,278,4,25,0
10-09 16:11:27,2.000,1.250,94.755,0.250,0,4450840,135056,165148,3208832,165016.921,6348.305,84.004,5160.248,6.000,84.004,1642,2520,1.420,1.580,0.990,0,0,0,0,0,18,278,4,25,0
10-09 16:11:28,2.000,0.750,95.255,0.500,0.500,4450520,135056,165148,3209152,294727.915,9210.497,0,664.036,0,93.005,1573,2395,1.420,1.580,0.990,0,0,0,0,0,18,278,4,25,0
10-09 16:11:29,2.751,0.750,96.289,0,0.250,4450728,134832,165148,3209168,37005.024,2569.043,0,0,0,0,1124,1838,1.310,1.550,0.980,0,0,0,0,0,18,278,4,25,0
10-09 16:11:30,2.249,0.999,95.201,0,0,4450452,134832,165148,3209444,217309.434,7634.046,0,59.969,0,5.997,1423,2079,1.310,1.550,0.980,0,0,0,0,0,18,278,4,25,0
10-09 16:11:31,2.000,0.500,95.976,0,0.250,4450544,134608,165152,3209572,169750.411,6238.472,0,59.985,0,3.999,1250,1862,1.310,1.550,0.980,0,0,0,0,0,18,278,4,25,0
10-09 16:11:32,1.250,0.250,95.974,0,0,4450716,134384,165152,3209624,32577.172,2419.344,0,7.998,0,1.000,1084,1808,1.310,1.550,0.980,0,0,0,0,0,18,278,4,25,0
10-09 16:11:33,2.001,1.251,95.550,0,0,4450540,134384,165152,3209800,273782.915,8958.676,0,8.004,0,1.001,1532,2171,1.310,1.550,0.980,1,0,0,0,0,18,278,4,25,0
10-09 16:11:34,3.000,0.750,93.510,0,0,4450616,134160,165152,3209948,82142.200,4194.470,0,192.022,0,41.005,1410,2051,1.200,1.530,0.980,0,0,0,0,0,18,278,4,25,0
10-09 16:11:35,5.001,1.500,91.515,0,0,4450420,134160,165156,3210140,99926.088,4326.697,0,184.030,0,17.003,2276,4018,1.200,1.530,0.980,0,0,0,0,0,18,278,4,25,0
10-09 16:11:36,5.249,1.250,92.984,0.250,0.250,4450552,133936,165156,3210232,80415.088,3635.371,0,227.961,0,19.997,1621,2492,1.200,1.530,0.980,1,0,2.000,0,0,18,278,4,26,0
10-09 16:11:37,2.000,0.750,94.746,0.250,0,4450492,133712,165156,3210516,169551.031,6371.701,0,239.989,0,22.999,1594,2467,1.200,1.530,0.980,0,0,0,0,0,18,278,4,26,0
10-09 16:11:38,2.000,1.500,95.262,0.250,0.250,4450556,133488,165156,3210676,173151.124,6768.826,0,112.014,0,8.001,1488,2435,1.200,1.530,0.980,0,0,0,0,0,18,278,4,25,0
10-09 16:11:39,1.500,0.750,96.246,0,0.500,4450700,133264,165156,3210756,91353.163,3665.846,0,115.995,0,9.000,1212,1899,1.100,1.500,0.970,1,0,0,0,0,18,278,4,25,0
10-09 16:11:40,1.000,1.000,95.021,0,0,4450492,133264,165156,3210964,213947.427,7693.670,0,272.059,0,20.004,1368,2048,1.100,1.500,0.970,1,0,0,0,0,18,278,4,18,0
10-09 16:11:41,1.751,0.750,96.054,0.250,0,4450364,133264,165156,3211092,153953.292,6135.479,0,40.023,0,4.002,1128,1824,1.100,1.500,0.970,1,0,0,0,0,18,278,4,18,0
10-09 16:11:42,0.999,0.500,96.158,0,0,4450236,133264,165156,3211220,128644.373,5175.027,0,0,0,0,1086,1791,1.100,1.500,0.970,1,0,0,0,0,18,278,4,17,0
10-09 16:11:43,2.000,0.500,95.748,0,0,4450152,133264,165156,3211304,154567.372,6041.897,0,0,0,0,1184,2068,1.100,1.500,0.970,2,0,0,0,0,18,278,4,17,0
10-09 16:11:44,2.002,0.500,95.589,0,0.250,4449928,133264,165156,3211528,178656.794,5783.367,0,0,0,0,1192,1937,1.020,1.480,0.970,1,0,0,0,0,18,278,4,13,0
10-09 16:11:45,2.249,1.249,95.208,0,0,4449880,133264,165156,3211576,106532.487,4456.013,0,79.964,0,11.995,1342,2131,1.020,1.480,0.970,0,0,0,0,0,18,278,4,13,0
10-09 16:11:46,3.001,1.250,94.786,0.250,0,4450476,132508,165156,3211736,125729.280,5053.941,0,248.095,0,20.008,1349,2122,1.020,1.480,0.970,0,0,2.001,0,0,18,278,4,10,0
10-09 16:11:47,1.998,0.749,95.169,0.250,0.250,4450372,132508,165156,3211840,120200.070,5179.608,0,135.885,0,17.985,1448,2462,1.020,1.480,0.970,0,0,0,0,0,18,278,4,10,0
10-09 16:11:48,6.772,2.508,90.291,0.251,0.502,4460220,137436,165156,3199840,42137.937,2935.470,0,4000.907,0,191.618,1960,4402,1.020,1.480,0.970,1,0,34.110,0,0,18,278,4,3,0
10-09 16:11:49,1.246,1.495,95.461,0,0,4441852,155844,165156,3197056,141834.094,5188.311,0,0,0,0,1304,2126,0.930,1.450,0.960,0,0,0,0,0,18,278,4,4,0
10-09 16:11:50,2.500,1.500,93.514,0.250,0.250,4443072,154332,165156,3197348,316509.210,10399.518,0,280.041,0,23.003,1694,2585,0.930,1.450,0.960,0,0,0,0,0,18,278,4,3,0
10-09 16:11:51,1.250,0.750,96.251,0,0,4443164,154080,165156,3197508,174433.268,6900.090,0,36.000,0,4.000,1173,1921,0.930,1.450,0.960,0,0,0,0,0,18,278,4,3,0
10-09 16:11:52,1.750,0.750,96.260,0,0,4443020,154080,165156,3197652,157711.033,5844.631,0,0,0,0,1193,1912,0.930,1.450,0.960,0,0,0,0,0,18,278,4,2,0
10-09 16:11:53,2.000,0.750,94.491,0,0,4443112,153828,165156,3197812,162589.717,5975.438,0,0,0,0,1389,2143,0.930,1.450,0.960,0,0,0,0,0,18,278,4,2,0
10-09 16:11:54,2.499,1.250,96.230,0,0.250,4443240,153604,165156,3197908,240913.685,7756.348,0,3.999,0,1.000,1370,2030,0.860,1.430,0.960,0,0,0,0,0,18,278,4,2,0
10-09 16:11:55,13.506,6.003,81.035,0,0,4471188,125432,165156,3198132,127449.696,4483.959,512.224,108.047,4.002,15.007,1748,2440,0.860,1.430,0.960,1,0,6.003,0,0,18,278,4,2,0
10-09 16:11:56,13.747,4.499,80.235,0,0.250,4456308,140064,165156,3198380,145906.153,5590.971,511.906,183.966,3.999,10.998,1800,2350,0.860,1.430,0.960,0,0,7.999,0,0,18,278,4,2,0
10-09 16:11:57,1.750,1.250,95.745,0,0.250,4456348,139840,165156,3198564,167278.803,6701.672,0,111.995,0,11.999,1484,2265,0.860,1.430,0.960,0,0,0,0,0,18,278,4,2,0
10-09 16:11:58,2.751,1.250,95.275,0.250,0,4456376,139616,165156,3198760,214589.295,8296.215,0,316.084,0,23.006,1499,2093,0.860,1.430,0.960,1,0,0,0,0,18,278,4,2,0
10-09 16:11:59,2.499,0.750,95.450,0,0,4456248,139616,165156,3198888,136167.784,5956.885,0,571.701,0,107.944,1465,1999,0.790,1.400,0.950,1,0,0,0,0,18,278,4,2,0
10-09 16:12:00,1.750,0.750,95.524,0.250,0,4456324,139392,165156,3199036,191658.340,7033.737,0,96.024,0,8.002,1429,2051,0.790,1.400,0.950,2,0,0,0,0,18,278,4,2,0
10-09 16:12:01,1.502,1.251,96.100,0,0.501,4456452,138944,165156,3199356,313774.070,9888.244,0,0,0,0,1369,1884,0.790,1.400,0.950,0,0,0,0,0,18,278,4,2,0
10-09 16:12:02,1.498,1.249,94.889,0,0.250,4456276,138944,165156,3199532,256837.216,8893.550,0,0,0,0,1492,2106,0.790,1.400,0.950,0,0,0,0,0,18,278,4,2,0
10-09 16:12:03,2.001,0.750,95.304,0,0,4456308,138720,165156,3199724,146966.183,5781.272,0,76.043,0,9.005,1347,2004,0.790,1.400,0.950,0,0,0,0,0,18,278,4,2,0
10-09 16:12:04,1.998,1.499,95.918,0,0.250,4456196,138720,165156,3199836,136788.909,4993.725,0,0,0,0,1293,1938,0.730,1.380,0.940,0,0,0,0,0,18,278,4,2,0
10-09 16:12:05,2.000,0.750,95.512,0.250,0,4456388,138496,165156,3199868,22712.862,2288.288,0,112.014,0,15.002,1298,2177,0.730,1.380,0.940,0,0,0,0,0,18,278,4,2,0
10-09 16:12:06,2.750,1.250,94.761,0.250,0.250,4456372,138272,165156,3200108,266028.593,8843.017,0,440.051,0,26.003,1652,2380,0.730,1.380,0.940,0,0,2.000,0,0,18,278,5,2,0
10-09 16:12:07,1.750,0.750,95.509,0,0.250,4456448,138048,165156,3200256,191057.004,6512.580,16.001,88.008,1.000,9.001,1453,2276,0.730,1.380,0.940,0,0,0,0,0,18,278,5,2,0
10-09 16:12:08,2.000,0.500,94.736,0.250,0,4456464,137824,165156,3200464,170798.063,6065.114,0,351.949,0,20.997,1383,2092,0.730,1.380,0.940,2,0,0,0,0,18,278,5,2,0
10-09 16:12:09,1.500,0.500,95.757,0.500,0,4456400,137824,165156,3200528,88242.265,3938.280,0,396.028,0,69.005,1284,1873,0.670,1.360,0.940,0,0,2.000,0,0,18,278,5,2,0
10-09 16:12:10,1.500,1.000,96.029,0,0,4456528,137600,165156,3200624,109707.022,4591.382,0,28.008,0,3.001,1205,1873,0.670,1.360,0.940,1,0,0,0,0,18,278,5,2,0
10-09 16:12:11,2.500,0.500,95.992,0,0.500,4456544,137376,165156,3200832,215204.062,8009.295,0,0,0,0,1320,1865,0.670,1.360,0.940,0,0,0,0,0,18,278,5,2,0
10-09 16:12:12,1.749,1.500,95.472,0,0,4456704,136928,165156,3201120,324413.271,9513.222,0,3.999,0,1.000,1423,1953,0.670,1.360,0.940,0,0,0,0,0,18,278,5,2,0
10-09 16:12:13,2.741,0.498,94.674,0,0.249,4456720,136704,165156,3201328,255125.094,8199.752,0,0,0,0,1295,1854,0.670,1.360,0.940,3,0,0,0,0,18,278,5,2,0
10-09 16:12:14,2.260,1.255,95.660,0,0.502,4456768,136480,165156,3201504,152970.018,5479.463,0,4218.062,0,33.142,1327,1943,0.610,1.330,0.930,0,0,0,0,0,18,278,5,2,0
10-09 16:12:15,1.749,0.250,95.669,0.250,0,4456720,136480,165156,3201552,68150.209,3531.006,0,167.858,0,21.981,1350,2291,0.610,1.330,0.930,0,0,0,0,0,18,278,5,2,0
10-09 16:12:16,1.500,1.000,95.508,0,0,4456816,136256,165156,3201680,137932.862,5382.463,0,200.017,0,15.001,1294,1983,0.610,1.330,0.930,0,0,2.000,0,0,18,278,5,2,0
10-09 16:12:17,2.002,1.001,95.335,0.250,0,4456664,136256,165156,3201832,164797.505,5717.082,16.014,132.117,1.001,18.016,1451,2387,0.610,1.330,0.930,0,0,0,0,0,18,278,5,2,0
10-09 16:12:18,1.998,1.499,94.177,0.749,0,4456644,136032,165156,3202076,229931.263,7961.845,0,2042.421,0,108.916,1656,2568,0.610,1.330,0.930,0,0,0,0,0,18,278,5,2,0
10-09 16:12:19,2.500,1.000,95.495,0,0.500,4456692,135808,165156,3202252,258239.539,9077.492,0,1063.940,0,5.000,1399,1935,0.570,1.310,0.930,0,0,0,0,0,18,278,5,2,0
10-09 16:12:20,1.750,0.500,94.754,0,0.250,4456720,135584,165156,3202448,153613.066,6174.284,0,244.011,0,21.001,1559,2487,0.570,1.310,0.930,0,0,0,0,0,18,278,5,2,0
10-09 16:12:21,1.250,1.250,95.963,0,0,4456752,135360,165156,3202640,233162.067,8018.873,0,0,0,0,1346,1971,0.570,1.310,0.930,0,0,0,0,0,18,278,5,2,0
10-09 16:12:22,1.000,1.000,95.772,0,0.250,4456736,135136,165156,3202880,222927.159,8295.867,0,100.023,0,10.002,1320,2036,0.570,1.310,0.930,0,0,0,0,0,18,278,5,2,0
10-09 16:12:23,1.750,1.750,95.243,0,0,4456796,134912,165156,3203044,170452.727,6581.526,0,0,0,0,1369,2290,0.570,1.310,0.930,1,0,0,0,0,18,278,5,2,0
10-09 16:12:24,2.250,0.500,95.740,0,0,4456700,134912,165156,3203140,120426.957,4787.521,0,7.999,0,1.000,1203,1890,0.520,1.290,0.920,0,0,0,0,0,18,278,5,2,0
10-09 16:12:25,2.751,1.000,94.785,0.250,0,4456732,134688,165156,3203332,206392.127,7100.585,0,136.050,0,20.007,1484,2309,0.520,1.290,0.920,0,0,0,0,0,18,278,5,2,0
10-09 16:12:26,2.000,1.000,95.486,0,0.500,4456844,134464,165156,3203444,85180.308,3743.442,0,179.973,0,10.998,1272,1958,0.520,1.290,0.920,0,0,2.000,0,0,18,278,5,2,0
10-09 16:12:27,1.500,0.750,95.515,0.250,0,4456756,134464,165156,3203532,67914.595,3402.531,32.005,144.022,1.000,20.003,1432,2583,0.520,1.290,0.920,0,0,0,0,0,18,278,5,2,0
10-09 16:12:28,2.001,0.750,95.785,0.250,0,4456756,134240,165156,3203756,235191.315,7958.921,0,148.054,0,10.004,1378,2216,0.520,1.290,0.920,0,0,0,0,0,18,278,5,2,0
10-09 16:12:29,1.998,1.249,95.669,0.250,0.500,4456836,134016,165156,3203900,166332.615,6126.829,0,111.906,0,7.993,1291,1922,0.560,1.290,0.920,0,0,0,0,0,18,278,5,2,0
10-09 16:12:30,2.501,0.250,94.772,0.250,0,4456964,133792,165156,3203996,92867.452,4268.986,0,816.189,0,107.025,1446,2051,0.560,1.290,0.920,0,0,0,0,0,18,278,5,2,0
10-09 16:12:31,2.000,1.000,95.758,0,0,4457024,133568,165156,3204160,207691.615,7758.621,0,36.003,0,1.000,1266,1840,0.560,1.290,0.920,0,0,0,0,0,18,278,5,2,0
10-09 16:12:32,2.000,0.500,96.230,0,0.250,4456896,133568,165156,3204288,121589.196,5092.961,0,0,0,0,1260,1935,0.560,1.290,0.920,0,0,0,0,0,18,278,5,2,0
10-09 16:12:33,2.751,1.250,94.783,0.250,0,4457144,133092,165156,3204516,237682.525,7046.417,0,132.045,0,12.004,1489,2374,0.560,1.290,0.920,0,0,0,0,0,18,278,5,2,0
10-09 16:12:34,2.250,0.500,95.515,0,0.250,4457256,132868,165156,3204628,125430.316,4788.737,0,180.028,0,11.002,1262,1936,0.590,1.280,0.920,0,0,0,0,0,18,278,5,2,0
10-09 16:12:35,2.750,0.750,94.988,0,0,4457556,132392,165156,3204804,192712.489,6659.188,0,135.983,0,18.998,1497,2306,0.590,1.280,0.920,0,0,0,0,0,18,278,5,2,0
10-09 16:12:36,2.249,0.500,94.966,0.250,0.250,4457444,132392,165156,3204916,124176.297,4852.253,0,531.809,0,26.990,1376,2292,0.590,1.280,0.920,0,0,1.999,0,0,18,278,5,2,0
10-09 16:12:37,5.252,0.750,93.534,0.500,0,4457204,132392,165156,3205156,220470.251,7562.753,36.013,164.060,2.001,21.008,1636,2606,0.590,1.280,0.920,0,0,0,0,0,18,278,5,1,0
10-09 16:12:38,4.004,1.752,92.101,0,0,4456964,132392,165156,3205396,131425.568,5924.517,0,116.128,0,7.008,2032,3998,0.590,1.280,0.920,1,0,0,0,0,18,278,5,1,0
10-09 16:12:39,4.245,0.250,94.144,0,0.250,4456960,132392,165156,3205400,5586.693,1692.090,0,0,0,0,1341,2139,0.550,1.260,0.920,0,0,0,0,0,18,278,5,3,0
10-09 16:12:40,2.250,0.750,95.251,0,0,4456896,132392,165156,3205464,78683.629,4070.033,0,64.001,0,7.000,1159,1811,0.550,1.260,0.920,0,0,0,0,0,18,278,5,3,0
10-09 16:12:41,1.500,0.500,96.005,0.250,0.250,4456832,132392,165156,3205528,79855.312,3744.202,0,304.016,0,22.001,1163,1885,0.550,1.260,0.920,0,0,0,0,0,18,278,5,3,0
10-09 16:12:42,2.750,0.750,95.759,0,0.250,4456860,132168,165156,3205724,198652.475,7592.706,0,4.000,0,1.000,1302,1933,0.550,1.260,0.920,0,0,0,0,0,18,278,5,3,0
10-09 16:12:43,2.482,0.745,94.321,0,0,4456780,132168,165156,3205804,146056.952,5647.322,0,198.570,0,9.928,1365,2214,0.550,1.260,0.920,0,0,0,0,0,18,278,5,3,0
10-09 16:12:44,7.578,12.125,79.063,0.253,0.253,4462368,124368,165160,3208012,88481.948,4213.330,2089.488,8.083,25.260,2.021,2638,4021,0.580,1.250,0.920,1,0,229.359,0,0,18,277,5,3,0
10-09 16:12:45,22.436,5.484,70.547,0.249,0,4500328,129796,165084,3165128,8074.793,1615.357,311.106,4574.852,18.946,204.413,2149,2878,0.580,1.250,0.920,2,0,29.914,0,0,18,277,5,3,0
10-09 16:12:46,25.581,3.260,69.971,0.502,0.251,4516644,137116,165084,3141848,6589.778,1699.358,565.784,361.139,23.073,45.142,3883,7501,0.580,1.250,0.920,2,0,3.009,0,0,18,286,5,7,0
10-09 16:12:47,22.226,6.743,69.176,0.499,0,4460568,177000,165084,3158040,5951.614,1692.184,247.734,475.490,8.990,49.946,3515,6734,0.580,1.250,0.920,2,0,105.886,0,0,18,283,5,8,0
10-09 16:12:48,14.720,14.221,69.608,0,0,4499728,137388,165084,3158492,6711.269,1784.349,255.477,267.453,4.990,15.967,2984,5188,0.580,1.250,0.920,3,0,359.265,0,0,18,283,5,8,0
10-09 16:12:49,20.568,12.542,65.969,0,0.251,4482624,169428,165084,3143680,4472.841,1462.854,0,268.892,0,18.060,2629,6330,0.620,1.250,0.920,2,0,159.529,0,0,18,283,5,8,0
10-09 16:12:50,8.985,18.719,70.382,0.499,0.250,4482244,169768,165084,3143720,5587.669,1691.176,7.987,1349.746,0.998,88.852,3487,5472,0.620,1.250,0.920,1,0,318.468,0,0,18,283,5,8,0
10-09 16:12:51,6.736,10.228,81.826,0,0,4481156,170784,165084,3143792,6697.734,1616.557,31.932,19.957,2.994,2.994,2318,3679,0.620,1.250,0.920,0,0,216.539,0,0,18,283,5,8,0
10-09 16:12:52,11.755,1.751,84.538,0.250,0.250,4515748,135504,165084,3144480,6075.722,1620.726,772.346,16103.214,9.004,32.014,1337,2006,0.620,1.250,0.920,1,0,9.004,0,0,18,283,5,8,0
10-09 16:12:53,22.298,7.015,69.651,0.251,0,4463444,194840,165104,3137472,5976.928,1623.512,617.335,332.720,54.117,32.069,2664,4350,0.620,1.250,0.920,1,0,105.228,0,0,18,287,5,9,0
10-09 16:12:54,13.251,14.251,70.756,0,0.250,4470484,187612,165108,3137656,5054.440,1768.154,8.001,52.005,2.000,4.000,3194,4900,0.650,1.250,0.920,1,0,247.021,0,0,18,287,5,9,0
10-09 16:12:55,29.528,14.013,55.802,0.250,0,4524212,133664,165108,3137876,5448.078,1621.511,588.549,428.399,6.006,40.037,2991,4731,0.650,1.250,0.920,1,0,196.183,0,0,18,287,5,9,0
10-09 16:12:56,35.614,7.472,55.538,0.747,0.249,4555484,133220,165108,3107156,8605.206,1506.260,1255.216,3968.875,51.803,482.162,2851,2879,0.650,1.250,0.920,1,0,7.970,0,0,18,287,5,9,0
10-09 16:12:57,25.507,3.001,69.769,0.500,0.250,4582972,129216,165108,3083840,5981.645,1566.431,180.050,820.226,14.004,121.033,2113,3229,0.650,1.250,0.920,1,0,2.001,0,0,18,289,5,9,0
10-09 16:12:58,25.002,2.250,72.506,0.250,0,4533456,178696,165108,3083876,9747.829,1620.138,24.002,176.015,5.000,8.001,1402,2151,0.650,1.250,0.920,1,0,5.000,0,0,18,287,5,9,0
10-09 16:12:59,23.568,2.256,72.459,0,0,4584924,127064,165108,3084040,5693.397,1624.679,152.439,140.404,4.012,10.029,1719,2759,0.680,1.240,0.920,2,0,2.006,0,0,18,293,5,9,0
10-09 16:13:00,25.530,4.005,70.832,0.250,0,4508356,203596,165108,3084076,6771.876,1621.886,28.033,644.750,1.001,41.048,1615,2269,0.680,1.240,0.920,3,0,15.017,0,0,18,287,5,9,0
10-09 16:13:01,21.666,4.981,71.723,0,0,4477484,234344,165108,3084200,7442.280,1613.772,0,51.800,0,5.977,1781,2642,0.680,1.240,0.920,2,0,84.673,0,0,18,287,5,9,0
10-09 16:13:02,10.519,17.282,70.379,0,0.250,4488240,222404,165116,3085376,8144.881,1622.965,1446.643,396.725,24.044,13.024,3381,5313,0.680,1.240,0.920,1,0,400.732,0,0,18,287,5,9,0
10-09 16:13:03,20.532,7.011,71.863,0,0,4513348,196900,165128,3085760,5944.327,1696.662,524.823,4.006,33.052,1.002,1905,3068,0.680,1.240,0.920,1,0,101.159,0,0,18,287,5,9,0
10-09 16:13:04,23.919,6.478,68.766,0,0.249,4531684,178252,165148,3086052,5278.028,1526.801,159.457,0,7.973,0,8946,18081,0.780,1.250,0.930,2,0,12.956,0,0,18,287,5,9,0
10-09 16:13:05,16.259,3.002,80.043,0.500,0,4516820,192924,165180,3086212,12919.925,5371.879,12.006,640.343,3.002,32.017,1678,2557,0.780,1.250,0.930,1,0,0,0,0,18,288,5,9,0
10-09 16:13:06,24.483,4.996,68.702,0.500,0.500,4542736,165020,165308,3087800,8762.857,1618.865,11.992,823.423,2.998,34.975,6922,14893,0.780,1.250,0.930,1,0,7.994,0,0,18,288,5,9,0
10-09 16:13:07,20.007,7.503,71.776,0,0,4476892,231132,165312,3087528,6254.270,1794.651,4.001,368.134,1.000,14.005,1848,2886,0.780,1.250,0.930,1,0,84.031,0,0,18,287,5,9,0
10-09 16:13:08,17.814,10.538,70.755,0.251,0,4527404,180588,165312,3087560,5472.724,1625.860,0,1762.352,0,107.387,2478,4158,0.780,1.250,0.930,2,0,187.676,0,0,18,287,5,9,0
10-09 16:13:09,21.667,6.475,70.979,0,0,4502480,205276,165312,3087796,5618.515,1655.669,23.909,394.491,1.992,17.931,2144,3521,0.880,1.270,0.930,2,0,111.573,0,0,18,287,5,12,0
10-09 16:13:10,23.522,3.253,72.067,0,0,4488028,219588,165312,3087936,8029.467,1501.396,0,0,0,0,1550,2318,0.880,1.270,0.930,4,0,4.004,0,0,18,287,5,12,0
10-09 16:13:11,23.474,4.495,71.671,0,0,4547164,160448,165312,3087940,8241.876,1692.127,0,0,0,0,1646,2493,0.880,1.270,0.930,1,0,65.927,0,0,18,287,5,12,0
10-09 16:13:12,22.506,5.251,72.270,0,0.250,4538012,169576,165312,3087964,7480.079,1694.471,0,100.028,0,9.003,1697,2637,0.880,1.270,0.930,1,0,56.016,0,0,18,287,5,12,0
10-09 16:13:13,23.074,4.765,71.227,0,0,4520796,186772,165312,3087984,6849.837,1625.181,0,0,0,0,1719,2747,0.880,1.270,0.930,1,0,32.102,0,0,18,287,5,14,0
10-09 16:13:14,22.428,4.984,70.774,0.249,0.249,4483752,223732,165312,3088068,5677.865,1614.842,71.771,303.032,5.981,38.876,2098,3454,0.970,1.280,0.940,1,0,46.850,0,0,18,287,5,15,0
10-09 16:13:15,23.490,3.998,71.969,0,0,4525972,181500,165312,3088080,6185.322,1661.281,0,315.863,0,38.983,1821,2978,0.970,1.280,0.940,1,0,0,0,0,18,289,5,19,0
10-09 16:13:16,22.514,3.752,71.543,0,0,4528236,179224,165312,3088092,6302.826,1620.984,0,120.073,0,6.004,1578,2213,0.970,1.280,0.940,1,0,34.021,0,0,18,289,5,19,0
10-09 16:13:17,21.997,6.499,70.990,0.250,0.250,4509288,198148,165312,3088116,5426.229,1457.793,0,319.955,0,33.995,2334,3892,0.970,1.280,0.940,1,0,87.988,0,0,18,289,5,19,0
10-09 16:13:18,22.823,4.514,71.730,0,0.251,4499792,207492,165312,3088268,7385.678,1625.210,0,108.347,0,6.019,1828,2985,0.970,1.280,0.940,1,0,47.151,0,0,18,289,5,21,0
10-09 16:13:19,23.419,3.488,71.502,0,0,4480792,226380,165312,3088380,5224.854,1729.992,103.640,131.543,10.962,8.969,1772,2632,0.970,1.270,0.940,1,0,13.952,0,0,18,289,5,22,0
10-09 16:13:20,24.337,3.763,71.506,0.502,0,4528360,178752,165312,3088440,7252.987,1625.825,108.388,397.424,9.032,44.158,1972,3167,0.970,1.270,0.940,1,0,0,0,0,18,291,5,23,0
10-09 16:13:21,26.997,3.250,67.741,0.750,0.250,4504180,202432,165312,3088940,5784.260,1661.787,195.975,1227.843,17.998,164.979,3056,5840,0.970,1.270,0.940,1,0,4.999,0,0,18,293,5,24,0
10-09 16:13:22,25.273,3.003,69.314,0.500,0,4523528,183028,165312,3088996,5481.086,1621.505,28.026,832.773,5.005,102.095,3115,5629,0.970,1.270,0.940,1,1,0,0,0,18,295,5,24,0
10-09 16:13:23,11.484,18.974,67.656,0.250,0,4484648,221844,165316,3089056,5326.639,1617.764,0,1170.383,0,97.865,3928,6791,0.970,1.270,0.940,1,0,531.266,0,0,18,293,5,25,0
10-09 16:13:24,12.249,18.999,67.746,0,0.250,4487568,218892,165320,3089084,8437.511,1565.909,0,339.980,0,27.998,3815,6337,0.970,1.270,0.940,1,0,573.967,0,0,18,293,5,25,0
10-09 16:13:25,10.518,21.786,67.112,0.501,0,4494144,212288,165320,3089112,7097.846,1514.528,0,3638.072,0,216.361,4774,8081,0.970,1.270,0.940,1,0,646.078,0,0,18,293,5,25,0
10-09 16:13:26,8.478,22.691,67.575,0.249,0.249,4497012,209344,165328,3089180,5670.342,1615.823,0,383.010,0,33.912,3918,6618,0.970,1.270,0.940,2,0,594.463,0,0,18,293,5,25,0
10-09 16:13:27,9.750,20.751,68.502,0,0.250,4498976,207332,165328,3089212,6485.182,1620.045,0,124.003,0,14.000,3725,6178,0.970,1.270,0.940,1,0,535.015,0,0,18,293,5,25,0
10-09 16:13:28,9.753,22.506,66.767,0.500,0.250,4490560,215696,165328,3089248,7505.967,1694.444,0,4325.133,0,469.123,4716,6703,0.970,1.270,0.940,1,0,599.157,0,0,18,293,5,25,0
10-09 16:13:29,14.214,12.469,71.570,0,0,4518796,271376,165380,3013412,5074.259,1689.757,91.770,23.940,14.962,2.992,2378,3749,0.980,1.260,0.940,1,0,212.466,0,0,18,293,5,25,0
10-09 16:13:30,23.022,5.255,70.068,0,0,4540652,234252,165888,3027268,7600.327,1621.563,8.008,8.008,1.001,2.002,9661,18772,0.980,1.260,0.940,1,0,10.010,0,0,18,293,5,25,0
10-09 16:13:31,6.491,1.498,90.381,0.499,0,4540708,234028,165896,3027396,10091.689,3860.907,0,2636.522,0,36.951,1327,2166,0.980,1.260,0.940,1,0,0.999,0,0,18,294,5,25,0
10-09 16:13:32,17.256,2.001,79.027,0.500,0,4542916,231032,165896,3028124,20995.054,10798.628,536.180,1140.383,33.011,43.014,1807,2758,0.980,1.260,0.940,1,1,0,0,0,18,295,5,25,0
10-09 16:13:33,15.254,2.000,80.519,1.250,0,4555464,217172,165896,3029368,30223.284,16918.077,948.229,2368.571,68.016,117.028,2133,3250,0.980,1.260,0.940,2,0,0,0,0,18,295,5,25,0
10-09 16:13:34,19.252,2.000,77.007,0.750,0.500,4562600,209360,165896,3030008,19244.848,11498.104,528.051,1100.106,34.003,40.004,1627,2295,0.980,1.260,0.940,1,0,0,0,0,18,295,5,25,0
10-09 16:13:35,18.750,1.500,76.749,1.750,0,4568140,180912,165896,3052912,23331.697,12401.839,11059.856,1387.982,244.997,56.999,2263,2978,0.980,1.260,0.940,1,0,0,0,0,18,295,5,25,0
10-09 16:13:36,21.243,4.998,71.728,1.250,0,4597500,125288,166008,3077320,8709.274,1977.381,683.786,3139.017,21.993,117.963,1986,2886,0.980,1.260,0.940,1,0,1.999,0,0,18,294,6,25,1
10-09 16:13:37,21.001,5.000,69.755,2.250,0.250,4584540,134364,166668,3078608,5912.390,1694.112,4.000,71344.709,1.000,848.056,3560,4040,0.980,1.260,0.940,1,0,0,0,0,18,294,6,25,1
10-09 16:13:38,23.509,4.001,72.026,0.750,0,4509312,216920,167400,3069240,5732.092,1860.679,420.153,1912.698,6.002,61.022,1502,2381,0.980,1.260,0.940,1,0,2.001,0,0,18,293,6,25,0
10-09 16:13:39,24.053,6.264,69.654,0,0.251,4558816,165320,167484,3071192,5438.998,1515.343,0,0,0,0,8668,17665,0.980,1.260,0.940,1,0,13.029,0,0,18,293,6,25,0
10-09 16:13:40,24.755,5.251,68.264,0,0,4556740,167200,167488,3071348,5879.205,1640.336,0,108.022,0,7.001,9729,19204,0.980,1.260,0.940,1,0,13.003,0,0,18,293,6,23,0
10-09 16:13:41,24.182,4.487,69.803,0,0,4507992,215804,167488,3071436,7183.699,1615.435,0,99.718,0,2.992,2053,3646,0.980,1.260,0.940,2,0,12.963,0,0,18,293,6,23,0
10-09 16:13:42,25.011,5.252,67.029,0,0,4523596,200180,167488,3071452,5287.311,1620.708,0,0,0,0,9883,19735,0.980,1.260,0.940,2,0,48.021,0,0,18,293,6,25,0
10-09 16:13:43,23.749,6.250,69.498,0,0,4531516,192120,167500,3071572,7285.767,1661.947,0,1787.943,0,7.000,9111,18254,0.980,1.260,0.940,2,0,16.999,0,0,18,293,6,25,0
10-09 16:13:44,24.241,5.248,68.726,0,0.250,4509184,214428,167500,3071588,7119.465,1767.371,0,115.959,0,8.997,9404,18646,0.980,1.250,0.940,1,0,12.995,0,0,18,293,6,25,0
10-09 16:13:45,25.002,2.500,71.006,0,0,4536276,187464,167500,3071460,5050.434,1694.146,0,300.026,0,13.001,1686,2521,0.980,1.250,0.940,1,0,8.001,0,0,18,293,6,25,0
10-09 16:13:46,21.749,7.750,69.246,0,0.250,4505980,206196,167592,3081716,6649.594,1511.908,0,419.974,0,17.999,10505,20126,0.980,1.250,0.940,1,0,102.994,0,0,18,293,6,25,0
10-09 16:13:47,17.744,1.749,79.471,0,0.500,4533108,174512,167704,3085432,5317.075,2624.050,0,3.999,0,1.000,1305,1957,0.980,1.250,0.940,0,0,2.999,0,0,18,294,6,21,0
10-09 16:13:48,9.749,1.500,87.495,0,0,4533384,174020,167720,3085592,17339.977,4836.715,0,1175.931,0,8.000,1211,1871,0.980,1.250,0.940,1,0,0,0,0,18,295,6,21,0
10-09 16:13:49,21.005,3.251,75.268,0.250,0,4543164,164112,167760,3085628,19674.643,11456.704,0,1104.261,0,37.009,2179,4755,0.900,1.230,0.940,2,0,34.008,0,0,18,295,6,21,0
10-09 16:13:50,9.501,1.500,87.261,0.500,0,4543364,163608,167780,3085872,17298.162,10322.290,0,1224.153,0,57.007,1596,2482,0.900,1.230,0.940,0,0,0,0,0,18,295,6,21,0
10-09 16:13:51,2.500,1.500,94.731,0.250,0,4543540,163356,167808,3085912,39860.148,4795.055,0,359.929,0,15.997,1152,1896,0.900,1.230,0.940,0,0,0,0,0,18,296,6,20,0
10-09 16:13:52,6.501,1.250,91.770,0.250,0.500,4545620,161088,167860,3086012,103466.038,7473.592,0,688.147,0,33.007,1411,2116,0.900,1.230,0.940,0,0,0,0,0,18,296,6,20,0
10-09 16:13:53,19.500,2.000,77.000,0.500,0,4564312,142188,167912,3086124,28522.143,11964.060,0,1264.006,0,45.000,1667,2513,0.900,1.230,0.940,1,0,0,0,0,18,295,6,20,1
10-09 16:13:54,13.502,1.000,84.010,0.500,0,4570148,136168,167952,3086212,22076.671,12917.563,0,1280.155,0,45.005,1470,2213,0.910,1.230,0.940,1,0,0,0,0,18,295,6,20,1
10-09 16:13:55,14.550,6.021,78.771,0,0.251,4592076,128112,167956,3072328,183084.359,6990.067,513.769,224.774,4.014,19.066,1776,2458,0.910,1.230,0.940,2,0,6.021,0,0,18,295,6,19,1
10-09 16:13:56,17.680,5.976,74.705,0,0.249,4573552,146448,168024,3072392,35219.776,7323.052,509.984,1187.307,3.984,47.811,1979,2667,0.910,1.230,0.940,0,0,7.969,0,0,18,295,6,19,1
10-09 16:13:57,3.751,1.000,93.030,0.750,0,4573284,146448,168112,3072492,40119.919,7234.329,0,932.300,0,46.015,1435,2085,0.910,1.230,0.940,2,0,0,0,0,18,295,6,19,1
10-09 16:13:58,5.749,1.500,90.480,0.750,0,4573412,146000,168216,3072660,83379.573,11667.421,23.995,1327.707,3.999,56.987,1577,2277,0.910,1.230,0.940,0,0,0,0,0,18,295,6,19,1
10-09 16:13:59,11.750,1.000,84.499,0.500,0.500,4575884,143228,168280,3072856,35032.545,10918.858,79.999,1123.985,7.000,44.999,1499,2188,0.920,1.220,0.940,0,0,0,0,0,18,295,6,19,1
10-09 16:14:00,9.750,1.500,87.501,0.250,0,4579608,125112,168316,3087088,3169778.886,26346.448,0,1580.027,0,21.000,2439,2579,0.920,1.220,0.940,1,0,3.000,0,0,18,295,6,19,1
10-09 16:14:01,10.500,3.250,83.004,2.000,0,4568428,136428,168372,3087096,11287411.646,83490.674,0,15960.702,0,578.025,5414,3896,0.920,1.220,0.940,0,1,1.000,0,0,18,295,6,19,1
10-09 16:14:02,11.507,1.501,84.553,0.750,0,4571636,130912,168532,3089116,3411955.648,25801.074,168.105,10438.503,8.005,83.052,2700,3491,0.920,1.220,0.940,1,0,9.006,0,0,18,295,6,19,1
10-09 16:14:03,20.999,5.750,70.248,1.750,0.250,4573696,132112,170292,3081676,9132.708,1619.948,0,77461.521,0,359.988,2046,3138,0.920,1.220,0.940,1,0,0,0,0,18,295,6,19,1
10-09 16:14:04,21.495,4.999,70.982,0.750,0,4599292,128848,172132,3055336,4611.856,1619.598,0,2807.304,0,62.984,1459,2517,0.930,1.220,0.940,1,0,0,0,0,18,295,6,19,1
10-09 16:14:05,23.004,4.751,71.011,0.750,0.250,4585352,137736,173088,3057304,4991.769,1620.250,0,2508.386,0,111.017,1819,2909,0.930,1.220,0.940,1,0,0,0,0,18,295,6,19,1
10-09 16:14:06,21.222,4.744,71.407,1.248,0.499,4585592,137284,174904,3053144,7888.745,1510.037,0,3251.773,0,119.844,1618,2667,0.930,1.220,0.940,1,0,1.997,0,0,18,295,6,19,1
10-09 16:14:07,23.606,3.767,72.075,0.502,0,4584096,137844,175864,3051540,5611.296,1627.336,0,3419.415,0,89.403,1564,2511,0.930,1.220,0.940,1,0,0,0,0,18,295,6,19,1
10-09 16:14:08,20.680,3.239,74.745,0.249,0,4514820,234756,176156,3023188,11550.647,4348.186,151.484,1267.681,5.980,36.874,1568,2283,0.930,1.220,0.940,1,0,1.993,0,0,18,293,6,19,0
10-09 16:14:09,22.577,6.021,69.488,0,0,4541972,205532,176316,3025048,7506.710,1699.822,0,1079.698,0,8.027,9117,18336,0.930,1.210,0.940,1,0,16.055,0,0,18,293,6,16,0
10-09 16:14:10,24.168,4.983,70.013,0,0,4540044,207304,176320,3025196,7440.835,1634.472,0,1893.596,0,6.976,5461,11981,0.930,1.210,0.940,2,0,4.983,0,0,18,293,6,16,0
10-09 16:14:11,23.251,5.500,71.252,0.250,0,4529880,217384,176320,3025272,6856.151,1620.036,0,2728.060,0,129.003,3353,6107,0.930,1.210,0.940,2,0,8.000,0,0,18,293,6,16,0
10-09 16:14:12,23.001,4.000,71.754,0.250,0,4542372,200888,176852,3028044,5978.323,1694.091,784.042,16.001,17.001,2.000,1364,2090,0.930,1.210,0.940,2,0,6.000,0,0,18,293,6,16,0
10-09 16:14:13,26.076,3.761,67.447,1.504,0.251,4543548,198900,176852,3028848,5545.186,1516.426,332.972,5227.258,22.064,444.297,5496,10440,0.930,1.210,0.940,4,0,1.003,0,0,18,299,6,19,0
10-09 16:14:14,17.204,12.966,67.571,0.997,0,4495300,246448,176852,3029548,5017.673,1657.597,450.803,2341.780,22.939,189.497,4211,7033,0.940,1.210,0.940,1,0,335.110,0,0,18,297,6,20,0
10-09 16:14:15,9.516,11.770,69.368,8.014,0,4476596,253844,176856,3040844,6516.058,1622.754,11299.175,593.006,1116.895,27.046,4505,5650,0.940,1.210,0.940,1,0,114.194,0,0,18,297,6,21,0
10-09 16:14:16,7.236,4.242,70.862,15.719,0,4472632,223380,176856,3075252,6295.748,1690.710,34225.397,1952.201,2393.343,76.850,4051,7187,0.940,1.210,0.940,1,0,1.996,0,0,18,297,6,21,0
10-09 16:14:17,4.246,1.499,92.913,0.250,0.500,4477776,218120,176860,3075364,11676.071,4181.087,223.791,779.271,6.993,9.991,1374,2181,0.940,1.210,0.940,0,0,5.994,0,0,18,298,6,17,0
10-09 16:14:18,2.001,0.750,95.277,0,0.250,4478028,217868,176860,3075364,48026.784,5595.606,0,120.034,0,14.004,1156,1888,0.940,1.210,0.940,2,0,2.001,0,0,18,298,6,17,0
10-09 16:14:19,3.752,1.751,92.793,0.500,0,4467116,225684,177008,3078276,7102.267,124569.302,3153.451,440.202,47.022,1.000,1366,2098,0.860,1.190,0.930,3,0,25.012,0,0,18,297,6,14,0
10-09 16:14:20,1.999,0.750,95.215,0.250,0,4467116,225684,177008,3078276,5280.046,1585.413,0,515.809,0,20.992,1379,2279,0.860,1.190,0.930,0,0,0,0,0,18,297,6,14,0
10-09 16:14:21,1.250,0.500,96.008,0,0,4467116,225684,177008,3078276,6629.530,1620.130,0,4.000,0,1.000,1044,1813,0.860,1.190,0.930,1,0,0,0,0,18,297,6,12,0
10-09 16:14:22,1.250,0.500,96.508,0,0.500,4467116,225684,177008,3078276,5201.432,1620.134,0,0,0,0,1044,1726,0.860,1.190,0.930,1,0,0,0,0,18,297,6,12,0
10-09 16:14:23,2.000,0.750,95.248,0,0,4467112,225684,177008,3078280,5305.889,1619.966,0,263.994,0,33.999,1383,2338,0.860,1.190,0.930,0,0,0,0,0,18,297,6,11,0
10-09 16:14:24,1.500,0.500,95.005,0.250,0,4467084,225684,177008,3078308,6669.373,1768.099,16.001,440.025,1.000,43.002,1337,2359,0.790,1.170,0.930,0,0,0,0,0,18,297,6,11,0
10-09 16:14:25,2.500,0.750,95.500,0,0.250,4467080,225684,177008,3078312,5721.006,1566.002,0,100.000,0,16.000,1246,2100,0.790,1.170,0.930,0,0,0,0,0,18,297,6,11,0
10-09 16:14:26,1.750,0.500,95.762,0,0,4467272,225460,177008,3078344,6528.816,1512.189,0,180.023,0,11.001,1096,1855,0.790,1.170,0.930,0,0,2.000,0,0,18,297,6,11,0
10-09 16:14:27,1.750,1.000,95.755,0.250,0.250,4467272,225460,177008,3078344,5216.297,1620.092,0,112.006,0,16.001,1241,2208,0.790,1.170,0.930,0,0,0,0,0,18,297,6,11,0
10-09 16:14:28,1.250,0,96.009,0.250,0.250,4467272,225460,177008,3078344,7148.651,1620.147,0,984.090,0,175.016,1351,1730,0.790,1.170,0.930,0,0,0,0,0,18,297,6,11,0
10-09 16:14:29,1.999,2.749,93.953,0.750,0,4467524,225200,177008,3078344,8419.782,1619.189,0,79148.347,0,610.694,2036,3078,0.730,1.150,0.920,0,0,0,0,0,18,297,6,11,0
10-09 16:14:30,2.001,0.250,95.533,0,0.250,4467520,225200,177008,3078348,7278.497,1620.556,0,152.052,0,21.007,1297,2145,0.730,1.150,0.920,1,0,0,0,0,18,297,6,11,0
10-09 16:14:31,2.250,0.500,96.249,0.250,0,4467520,225200,177008,3078348,5230.958,1619.987,0,115.999,0,8.000,1096,1855,0.730,1.150,0.920,0,0,0,0,0,18,297,6,11,0
10-09 16:14:32,1.749,1.000,96.452,0,0,4467520,225200,177008,3078348,5344.360,1635.192,0,0,0,0,1071,1790,0.730,1.150,0.920,1,0,0,0,0,18,297,6,11,0
10-09 16:14:33,2.251,0.750,95.536,0,0,4467520,225200,177008,3078348,5295.007,1586.601,0,88.033,0,13.005,1171,2048,0.730,1.150,0.920,0,0,0,0,0,18,297,6,11,0
10-09 16:14:34,2.000,3.749,93.480,0.250,0.250,4471272,221532,177012,3078356,10721.663,1693.631,0,69724.800,0,355.922,2487,3564,0.670,1.130,0.920,0,0,0,0,0,18,297,6,11,0
10-09 16:14:35,2.749,0.750,94.479,0,0,4471268,221532,177012,3078360,5352.822,1619.644,0,195.957,0,26.994,1356,2211,0.670,1.130,0.920,0,0,0,0,0,18,297,6,11,0
10-09 16:14:36,1.497,0.499,95.834,0.250,0,4471012,221784,177012,3078364,10628.538,1617.191,0,175.695,0,10.981,1245,1939,0.670,1.130,0.920,2,0,1.997,0,0,18,297,6,11,0
10-09 16:14:37,1.503,0.501,96.699,0.251,0,4471012,221784,177012,3078364,10705.052,1623.344,0,96.198,0,13.027,1107,1761,0.670,1.130,0.920,0,0,0,0,0,18,297,6,11,0
10-09 16:14:38,2.499,0.500,96.199,0,0.500,4471012,221784,177012,3078364,6081.795,1619.147,0,0,0,0,1149,1856,0.670,1.130,0.920,0,0,0,0,0,18,297,6,11,0
10-09 16:14:39,1.751,1.000,96.545,0,0.250,4471012,221784,177012,3078364,7480.493,1620.757,0,4.002,0,1.000,1048,1732,0.620,1.110,0.910,0,0,0,0,0,18,297,6,11,0
10-09 16:14:40,2.250,0.500,95.251,0,0,4470884,221784,177012,3078492,5798.052,1458.013,0,0,0,0,1190,1915,0.620,1.110,0.910,0,0,0,0,0,18,297,6,11,0
10-09 16:14:41,4.011,1.253,93.255,0,0,4470852,221784,177012,3078524,5222.272,1698.642,20.055,0,2.005,0,1708,3415,0.620,1.110,0.910,1,0,0,0,0,18,297,6,11,0
10-09 16:14:42,4.235,0.747,94.407,0,0,4470744,221784,177012,3078632,6742.518,1687.871,0,0,0,0,1247,1847,0.620,1.110,0.910,3,0,0,0,0,18,298,6,9,0
10-09 16:14:43,4.254,0.250,93.347,0,0,4470736,221784,177012,3078640,7636.897,1621.677,0,112.116,0,11.011,1401,2244,0.620,1.110,0.910,0,0,0,0,0,18,297,6,11,0
10-09 16:14:44,2.500,1.250,95.260,0.250,0,4470704,221784,177012,3078672,10556.161,1662.183,16.002,832.092,1.000,145.016,1599,2292,0.730,1.130,0.920,0,0,0,0,0,18,297,6,11,0
10-09 16:14:45,3.000,0.750,95.507,0.250,0.750,4470704,221784,177012,3078672,5943.410,1620.112,0,88.006,0,13.001,1325,2181,0.730,1.130,0.920,1,0,0,0,0,18,297,6,11,0
10-09 16:14:46,2.250,0.750,95.248,0.250,0.250,4470704,221784,177012,3078672,8695.800,1619.963,0,679.984,0,41.999,1272,2009,0.730,1.130,0.920,1,0,2.000,0,0,18,297,6,11,0
10-09 16:14:47,1.750,0.750,96.737,0,0,4470704,221784,177012,3078672,5577.236,1457.800,0,0,0,0,1054,1786,0.730,1.130,0.920,0,0,0,0,0,18,297,6,11,0
10-09 16:14:48,1.250,0.500,96.496,0,0,4470700,221784,177012,3078676,6310.729,1619.930,0,4.000,0,1.000,1050,1725,0.730,1.130,0.920,0,0,0,0,0,18,297,6,11,0
10-09 16:14:49,6.749,3.999,89.736,0,0,4454488,237996,177012,3078676,3319.479,439.931,0,0,0,0,1755,4469,0.670,1.110,0.910,0,0,33.995,0,0,18,297,6,12,0
10-09 16:14:50,12.507,4.002,81.793,0.500,0,4471428,220616,177044,3079084,334136.754,6841.578,408.213,424.222,10.005,27.014,1952,2809,0.670,1.110,0.910,7,0,24.013,0,0,18,297,5,11,0
10-09 16:14:51,22.295,7.014,69.390,1.253,0.251,4476092,212808,177052,3082200,240402.449,8176.443,288.580,3158.351,10.020,211.425,3547,5560,0.670,1.110,0.910,2,0,42.085,0,0,18,297,5,11,0
