"pcp-dstat 6.2.0 CSV Output"
"Author:","PCP team <pcp@groups.io> and Dag Wieers <dag@wieers.com>",,,,"URL:","https://pcp.io/ and http://dag.wieers.com/home-made/dstat/"
"Host:","ubuntu",,,,"User:","ubuntu"
"Cmdline:","dstat -tcmndrylpg --tcp --output /tmp/devstack_logs/dstat-csv.log",,,,"Date:","17 May 2026 02:29:06 UTC"
"system","total usage",,,,,"memory usage",,,,"net/total",,"dsk/total",,"io/total",,"system",,"load avg",,,"procs",,,"paging",,"tcp sockets",,,,
"time","total usage:usr","total usage:sys","total usage:idl","total usage:wai","total usage:stl","used","free","buf","cach","net/total:recv","net/total:send","dsk/total:read","dsk/total:writ","read","writ","int","csw","1m","5m","15m","run","blk","new","in","out","lis","act","syn","tim","clo"
17-05 02:29:06,,976528,1694324,161616,4990504,,,,,,,1.390,1.080,0.570,3,0,,,,10,5,0,18,0
17-05 02:29:07,14.716,20.453,62.358,0.998,0,978248,1692052,161768,4990820,43695.516,12742.987,0,2446.430,0,95.782,6680,5731,1.390,1.080,0.570,2,0,469.930,0,0,10,6,0,18,0
17-05 02:29:08,26.812,20.297,51.620,0.251,0,989796,1679756,161928,4991680,30236.439,13908.401,0,2136.978,0,69.161,6435,6063,1.390,1.080,0.570,2,0,377.880,0,0,10,6,0,17,0
17-05 02:29:09,29.680,15.713,52.626,0.499,0,1003080,1665752,162120,4992072,91411.369,15068.455,0,1871.585,0,57.864,6777,7415,1.390,1.080,0.570,2,0,292.310,0,0,10,6,0,17,0
17-05 02:29:10,19.484,5.246,73.938,0.500,0,1119704,1530100,162368,5134344,183678.912,12092.921,0,2098.251,0,58.951,3118,3090,1.360,1.080,0.570,0,1,15.987,0,0,11,5,0,17,1
17-05 02:29:11,34.516,10.005,53.774,0.500,0,1139808,1492284,163372,5148320,9070.085,1752.789,16.007,5634.538,1.000,86.039,3993,2724,1.360,1.080,0.570,2,0,101.046,0,0,11,6,0,17,2
17-05 02:29:12,39.242,12.247,47.490,1.000,0,1164816,1448852,163852,5164232,11065.684,1619.661,207.956,1791.625,8.998,53.989,4811,3466,1.360,1.080,0.570,3,0,179.962,0,0,11,6,0,19,2
17-05 02:29:13,40.249,7.750,48.749,2.500,0.250,1228244,1354376,165140,5190484,11733.669,1619.954,1807.949,5611.842,119.997,155.996,3864,2686,1.360,1.080,0.570,2,0,0,0,0,11,6,0,19,2
17-05 02:29:14,39.821,5.760,47.335,5.259,0.501,1250088,1299120,166464,5219628,12990.299,1460.620,16.029,12822.999,1.002,724.299,6855,8144,1.360,1.080,0.570,2,0,10.018,0,0,11,8,0,19,2
17-05 02:29:15,28.770,7.505,43.780,18.513,0,1272480,1282072,167796,5212156,7936.391,2143.456,0,36600.863,0,2988.030,15624,23229,1.410,1.100,0.580,1,2,63.043,0,0,11,6,0,19,0
17-05 02:29:16,32.759,8.252,46.013,11.503,0.250,1198196,1349164,168184,5218340,17208.750,3971.096,0,39907.016,0,2772.765,13362,19403,1.410,1.100,0.580,2,0,109.030,0,0,11,4,0,19,0
17-05 02:29:17,38.384,7.477,52.591,0.249,0,1252476,1293472,168216,5219512,36889.202,3645.950,0,3210.271,0,242.266,3434,1958,1.410,1.100,0.580,2,0,28.912,0,0,11,5,0,19,0
17-05 02:29:18,43.001,8.250,46.251,0.750,0,1284160,1254708,168664,5224892,7473.193,2470.064,0,2060.053,0,103.003,11365,19116,1.410,1.100,0.580,2,0,14.000,0,0,11,4,0,19,0
17-05 02:29:19,44.032,10.007,44.532,1.001,0,1253404,1285060,168784,5225132,9952.168,1621.168,0,8886.401,0,453.327,13897,22156,1.410,1.100,0.580,3,0,27.019,0,0,11,4,0,19,0
17-05 02:29:20,44.090,6.263,48.600,0.501,0,1266056,1285136,168788,5213912,9158.766,1665.412,0,649.330,0,38.078,3149,1660,1.460,1.110,0.590,2,0,13.027,0,0,11,4,0,19,0
17-05 02:29:21,21.966,21.966,55.165,0,0,1219412,1331736,168788,5213956,7592.287,1455.754,0,27.957,0,6.989,6312,5272,1.460,1.110,0.590,1,0,536.173,0,0,11,4,0,19,0
17-05 02:29:22,14.772,18.528,64.847,0.250,0,1192892,1358068,168788,5214464,13228.796,1622.428,0,6830.221,0,385.577,7694,8493,1.460,1.110,0.590,1,0,334.501,0,0,11,4,0,19,0
17-05 02:29:23,37.581,11.448,49.527,0.498,0.249,1207648,1335564,168788,5222316,7238.366,1612.729,7669.423,11.946,77.650,2.987,3960,2933,1.460,1.110,0.590,2,0,130.412,0,0,11,5,0,19,0
17-05 02:29:24,45.595,4.509,48.851,0,0.251,1272308,1269728,168804,5223464,9464.653,1623.371,513.065,180.375,8.017,2.004,2741,1139,1.460,1.110,0.590,2,0,0,0,0,11,5,0,19,0
17-05 02:29:25,44.342,8.518,46.597,0.251,0.251,1304092,1235920,168812,5225480,11687.273,1461.034,0,2036.229,0,122.254,3799,3493,1.500,1.130,0.590,3,0,0,0,0,11,5,0,19,0
17-05 02:29:26,6.486,7.983,84.318,0,0.249,1307692,1232176,168812,5225660,7941.864,1658.422,0,786.303,0,13.970,2829,3032,1.500,1.130,0.590,0,0,117.746,0,0,11,4,0,20,0
17-05 02:29:27,14.003,5.001,80.520,0.250,0,1344936,1194944,168816,5225664,11338.798,1620.400,0,15123.732,0,106.026,2170,1915,1.500,1.130,0.590,1,0,22.005,0,0,11,4,0,20,0
17-05 02:29:28,22.998,2.250,73.743,0,0,1386256,1153624,168816,5225664,9801.053,1619.844,0,0,0,0,1782,1217,1.500,1.130,0.590,1,0,0,0,0,11,4,0,20,0
17-05 02:29:29,23.249,2.500,71.997,1.250,0,1403536,1136028,168868,5225928,8229.651,1619.931,0,1443.939,0,185.992,3531,4506,1.500,1.130,0.590,1,0,1.000,0,0,11,10,0,20,0
17-05 02:29:30,20.305,6.518,72.698,0.752,0,1322136,1217320,168924,5225980,98607.330,1461.978,44.120,3008.186,3.008,149.407,2668,2175,1.460,1.120,0.600,1,0,42.115,0,0,11,4,0,22,0
17-05 02:29:31,22.932,2.493,72.037,0,0.249,1347408,1191460,169080,5226352,12100.302,1615.235,327.035,985.094,9.971,19.941,2675,2462,1.460,1.120,0.600,1,0,1.994,0,0,11,16,0,22,0
17-05 02:29:32,25.063,8.521,64.412,0.752,0,1328132,1210280,169128,5226604,9924.886,1624.072,268.674,39619.345,66.166,206.518,4511,12408,1.460,1.120,0.600,1,0,81.204,0,0,11,28,0,16,0
17-05 02:29:33,22.699,3.243,73.335,0.249,0.499,1364624,1173780,169132,5226608,11799.452,1616.363,0,2650.038,0,99.776,2176,1459,1.460,1.120,0.600,1,0,0,0,0,11,28,0,16,0
17-05 02:29:34,25.307,11.526,62.641,0,0,1365868,1172524,169132,5226628,5601.594,1555.497,0,48.108,0,4.009,3696,2762,1.460,1.120,0.600,2,0,156.352,0,0,11,28,0,16,0
17-05 02:29:35,44.702,5.744,48.448,0,0,1450292,1088080,169132,5226648,9727.570,1618.265,0,3352.405,0,19.979,3662,2971,1.510,1.140,0.600,2,0,0,0,0,11,29,0,16,0
17-05 02:29:36,46.326,18.030,35.308,0.250,0,1460100,1077876,169132,5227040,13936.827,1622.658,0,336.551,0,37.061,7341,9325,1.510,1.140,0.600,6,0,430.705,0,0,11,28,0,16,0
17-05 02:29:37,80.735,18.996,0,0,0,1657204,880728,169136,5227076,9369.266,1457.730,0,4419.182,0,28.995,5409,3738,1.510,1.140,0.600,6,0,147.973,0,0,11,28,0,16,0
17-05 02:29:38,87.072,11.477,0.998,0,0.249,1767956,769960,169148,5227080,9289.979,1616.690,0,335.313,0,26.945,7965,9237,1.510,1.140,0.600,5,0,55.886,0,0,11,29,0,17,0
17-05 02:29:39,52.274,14.006,33.015,0,0,1594400,943152,169176,5227356,9594.348,1620.734,0,540.245,0,42.019,6857,9298,1.510,1.140,0.600,3,0,248.112,0,0,11,28,0,17,0
17-05 02:29:40,21.223,4.245,73.158,0.499,0,1583312,954236,169180,5227356,9143.471,1456.164,0,123.844,0,7.990,1932,1382,1.460,1.140,0.610,1,0,11.985,0,0,11,29,0,17,0
17-05 02:29:41,19.484,7.494,71.440,0.250,0.749,1476588,1060932,169184,5227384,10675.019,1618.638,0,235.802,0,23.980,4083,4102,1.460,1.140,0.610,1,0,68.942,0,0,11,28,0,16,0
17-05 02:29:42,22.782,4.256,72.100,0,0,1474540,1062964,169192,5227392,7022.734,1622.249,0,27710.409,0,119.165,2551,2024,1.460,1.140,0.610,1,0,0,0,0,11,28,0,16,0
17-05 02:29:43,15.274,13.772,69.860,0.250,0,1435324,1102156,169204,5227404,10204.079,1622.557,0,829.307,0,29.046,4974,4511,1.460,1.140,0.610,2,0,234.369,0,0,11,28,0,16,0
17-05 02:29:44,27.276,29.028,42.040,0,0,1450840,1086640,169204,5227424,8065.662,1621.540,0,256.243,0,22.021,6514,5638,1.460,1.140,0.610,5,0,797.758,0,0,11,28,0,16,0
17-05 02:29:45,86.364,12.980,0.250,0,0,1661536,875912,169204,5227456,11603.713,1617.451,0,183.710,0,9.984,5268,2790,1.750,1.200,0.630,5,0,6.989,0,0,11,29,0,15,0
17-05 02:29:46,80.086,11.012,8.509,0,0,1715764,821268,169236,5227840,15455.511,1621.732,0,1161.241,0,93.099,9141,15680,1.750,1.200,0.630,5,0,30.032,0,0,11,30,0,17,0
17-05 02:29:47,80.541,18.760,0.250,0,0,1624932,911956,169248,5227972,32473.500,1458.741,0,58433.690,0,246.125,6736,6219,1.750,1.200,0.630,6,0,280.142,0,0,11,28,0,17,0
17-05 02:29:48,86.201,12.493,0.999,0,0,1736200,800624,169252,5228028,7117.931,1619.074,0,1123.358,0,10.994,6526,6266,1.750,1.200,0.630,5,0,0,0,0,11,31,0,17,0
17-05 02:29:49,79.436,12.202,7.719,0,0.747,1758340,778244,169252,5228268,9242.463,1613.621,0,2338.754,0,78.689,9721,14807,1.750,1.200,0.630,5,0,149.409,0,0,11,30,0,20,0
17-05 02:29:50,46.816,11.016,40.307,0,0.250,1563576,972976,169260,5228292,6576.278,1622.289,0,380.537,0,37.052,6029,6358,1.770,1.210,0.640,2,0,148.209,0,0,11,28,0,20,0
17-05 02:29:51,45.551,5.006,48.805,0,0,1588556,947812,169260,5228476,10689.939,1459.630,0,852.953,0,21.023,5001,5880,1.770,1.210,0.640,3,0,1.001,0,0,11,29,0,20,0
17-05 02:29:52,52.855,20.290,25.801,0.250,0,1544012,992332,169272,5228488,10208.263,1623.222,0,212.422,0,15.030,5240,4213,1.770,1.210,0.640,3,0,378.752,0,0,11,28,0,20,0
17-05 02:29:53,62.890,6.738,28.950,0.250,0.250,1579400,956816,169292,5228596,11440.064,1617.182,0,519.095,0,36.936,6877,9685,1.770,1.210,0.640,3,0,0,0,0,11,29,0,20,0
17-05 02:29:54,74.103,20.278,5.257,0,0,1549880,986324,169304,5228596,10568.723,1460.034,0,320.446,0,25.035,5435,3567,1.770,1.210,0.640,4,0,258.360,0,0,11,28,0,20,0
17-05 02:29:55,77.174,8.464,13.692,0,0,1629328,906756,169324,5228712,11993.269,1613.176,0,310.686,0,27.882,8696,12781,1.950,1.260,0.660,5,0,0,0,0,11,28,0,24,0
17-05 02:29:56,63.539,18.333,16.826,0,0.251,1558548,977508,169348,5228716,13629.962,1669.590,0,401.827,0,31.142,5140,4156,1.950,1.260,0.660,4,0,325.480,0,0,11,28,0,24,0
17-05 02:29:57,64.716,6.996,27.985,0.250,0,1607124,928620,169364,5229012,7146.233,1457.232,0,287.848,0,23.987,7443,9786,1.950,1.260,0.660,3,0,0,0,0,11,29,0,23,0
17-05 02:29:58,60.387,16.968,21.959,0,0,1548764,986960,169368,5229028,11328.749,1616.967,0,5940.856,0,418.215,5182,3837,1.950,1.260,0.660,3,0,298.440,0,0,11,28,0,23,0
17-05 02:29:59,62.104,8.264,28.798,0.250,0,1582452,953072,169372,5229356,8500.293,1622.729,0,861.448,0,28.047,7865,10107,1.950,1.260,0.660,4,0,74.125,0,0,11,28,0,24,0
17-05 02:30:00,63.017,17.005,19.255,0.250,0.500,1570672,964820,169384,5229376,5728.533,1620.434,0,1308.350,0,82.022,4503,2993,2.030,1.290,0.670,3,0,213.057,0,0,11,28,0,24,0
17-05 02:30:01,61.006,9.751,26.753,0.500,0.250,1516476,1018824,169444,5229508,13246.366,1620.167,0,3336.344,0,187.019,8584,10961,2.030,1.290,0.670,3,0,83.009,0,0,11,28,0,20,0
17-05 02:30:02,63.628,11.728,24.703,0,0,1529076,1005936,169448,5229792,12173.653,1616.899,0,263.495,0,13.973,4094,2393,2.030,1.290,0.670,3,0,29.943,0,0,11,29,0,20,0
17-05 02:30:03,62.893,17.790,17.790,0,0.251,1517584,1017356,169464,5229848,25288.327,1623.681,0,837.899,0,55.125,7579,10213,2.030,1.290,0.670,5,0,365.829,0,0,11,28,0,20,0
17-05 02:30:04,79.119,21.215,0,0,0,1637620,897244,169468,5229888,7631.410,1455.599,0,311.486,0,19.967,5693,4670,2.030,1.290,0.670,7,0,428.293,0,0,11,28,0,20,0
17-05 02:30:05,82.272,16.004,1.000,0,0,1765540,769256,169480,5229944,7909.085,1620.427,0,588.155,0,40.011,7760,9493,2.590,1.420,0.710,7,0,357.094,0,0,11,28,0,17,1
17-05 02:30:06,79.110,19.778,1.001,0,0.501,1709304,825192,169492,5230228,11957.652,1622.259,0,492.686,0,38.053,7329,8714,2.590,1.420,0.710,8,0,487.679,0,0,11,29,0,17,0
17-05 02:30:07,82.999,16.000,0.500,0,0,1655740,878564,169496,5230416,9758.892,1619.982,0,395.996,0,25.000,6021,4972,2.590,1.420,0.710,5,0,215.998,0,0,11,28,0,17,0
17-05 02:30:08,85.752,9.750,4.500,0,0.250,1678404,855796,169500,5230516,10647.298,1458.041,0,500.014,0,14.000,8565,12746,2.590,1.420,0.710,5,0,16.000,0,0,11,28,0,21,0
17-05 02:30:09,35.205,23.470,38.950,0,0.250,1548600,985396,169504,5230716,7115.897,1617.930,0,263.663,0,15.980,7438,9242,2.590,1.420,0.710,1,0,647.172,0,0,11,28,0,21,0
17-05 02:30:10,37.295,33.290,28.785,0.250,0,1517280,1016688,169516,5230732,8838.654,1621.955,0,252.304,0,20.024,6503,6011,2.700,1.460,0.730,5,0,880.061,0,0,11,28,0,21,0
17-05 02:30:11,84.126,12.731,2.496,0,0,1626088,907796,169524,5230804,12980.790,1455.846,0,251.628,0,19.970,5768,5140,2.700,1.460,0.730,4,0,61.908,0,0,11,28,0,21,0
17-05 02:30:12,75.321,18.518,6.006,0,0.250,1543272,990556,169580,5230804,5533.253,1621.539,0,1377.307,0,104.099,7400,9922,2.700,1.460,0.730,4,0,268.255,0,0,11,28,0,21,0
17-05 02:30:13,83.922,10.241,4.995,0,0.250,1610092,923504,169584,5231028,7111.426,1618.504,0,179.834,0,7.993,6038,6220,2.700,1.460,0.730,5,0,0,0,0,11,30,0,19,0
17-05 02:30:14,57.204,7.494,33.973,0,0,1625956,907344,169584,5231324,10468.527,1618.690,0,247.799,0,20.983,13113,22460,2.700,1.460,0.730,7,0,29.976,0,0,11,31,0,20,0
17-05 02:30:15,79.902,13.025,6.512,0,0,1548528,984728,169608,5231344,10719.425,1502.864,0,420.802,0,45.086,6740,7348,2.810,1.500,0.750,4,0,90.172,0,0,11,28,0,20,0
17-05 02:30:16,79.734,10.248,8.748,0,0.500,1617944,915068,169608,5231580,13145.405,1619.680,0,151.970,0,9.998,7544,9424,2.810,1.500,0.750,2,0,0,0,0,11,32,0,20,0
17-05 02:30:17,53.094,8.724,36.393,0,0,1611468,921116,169616,5231996,29808.422,1615.254,0,159.531,0,10.968,13493,21446,2.810,1.500,0.750,5,0,70.792,0,0,11,30,0,21,0
17-05 02:30:18,80.531,18.063,1.756,0,0,1552596,979976,169616,5232008,9503.153,1625.671,0,196.686,0,9.032,5388,4276,2.810,1.500,0.750,4,0,189.662,0,0,11,29,0,21,0
17-05 02:30:19,76.217,9.746,13.494,0,0,1626300,906028,169620,5232244,8688.225,1661.278,0,4174.186,0,138.940,8389,13385,2.810,1.500,0.750,4,0,0,0,0,11,31,0,22,0
17-05 02:30:20,76.286,14.507,8.004,0,0.250,1530892,1001376,169636,5232288,6654.099,1620.755,0,348.162,0,33.015,7579,9318,2.900,1.540,0.770,4,0,128.060,0,0,11,28,0,23,0
17-05 02:30:21,81.847,11.728,5.989,0.250,0.250,1623816,908352,169668,5232348,6962.023,1455.287,0,355.338,0,33.937,6378,6346,2.900,1.540,0.770,7,0,60.887,0,0,11,29,0,24,0
17-05 02:30:22,81.396,13.775,3.506,0,0,1560784,971336,169672,5232392,25324.287,1622.902,0,1658.967,0,12.021,7212,13399,2.900,1.540,0.770,4,0,119.213,0,0,11,28,0,27,0
17-05 02:30:23,80.754,14.001,4.750,0,0.250,1577792,953956,169676,5232752,9430.416,1620.071,0,176.008,0,11.000,6570,8227,2.900,1.540,0.770,4,0,125.006,0,0,11,28,0,27,0
17-05 02:30:24,80.000,14.953,4.486,0,0,1551996,979708,169692,5232780,10619.839,1614.957,0,151.527,0,8.972,6197,6699,2.900,1.540,0.770,4,0,110.654,0,0,11,28,0,27,0
17-05 02:30:25,82.741,11.283,5.265,0,0.251,1601532,929912,169704,5233020,7477.826,1462.268,0,357.042,0,39.114,6540,8981,3.070,1.600,0.790,4,0,20.059,0,0,11,28,0,27,0
17-05 02:30:26,62.753,16.251,19.501,0,0,1569812,961584,169724,5233048,12539.561,1620.072,0,376.017,0,35.002,5461,4891,3.070,1.600,0.790,3,0,238.011,0,0,11,28,0,26,0
17-05 02:30:27,61.927,12.985,24.970,0.250,0.250,1607760,923548,169728,5233128,12308.450,1618.087,0,215.745,0,16.980,5280,5985,3.070,1.600,0.790,4,0,95.887,0,0,11,30,0,26,0
17-05 02:30:28,62.052,12.260,25.271,0,0.500,1579388,951884,169728,5233164,9062.577,1621.356,0,180.151,0,9.008,5909,6654,3.070,1.600,0.790,3,0,86.072,0,0,11,28,0,26,0
17-05 02:30:29,61.514,11.003,26.756,0,0,1592076,938712,169732,5233632,9602.183,1458.332,0,268.061,0,20.005,5709,6975,3.070,1.600,0.790,2,0,86.020,0,0,11,29,0,27,0
17-05 02:30:30,41.210,9.990,48.203,0.250,0,1503104,1027632,169740,5233672,6424.765,1618.429,0,419.593,0,33.967,5538,6749,2.980,1.610,0.800,2,0,134.869,0,0,11,28,0,26,0
17-05 02:30:31,44.254,6.001,48.505,0,0,1576292,954412,169748,5233696,9786.930,1620.154,0,244.023,0,23.002,3899,3829,2.980,1.610,0.800,3,0,2.000,0,0,11,31,0,27,0
17-05 02:30:32,43.024,13.258,42.524,0,0,1529652,1000848,169756,5233888,10995.244,1620.920,0,212.120,0,17.010,5230,16643,2.980,1.610,0.800,2,0,174.099,0,0,11,30,0,28,0
17-05 02:30:33,44.249,6.750,48.499,0.250,0.250,1467932,1062540,169760,5233876,11054.810,1457.975,0,327.994,0,28.000,3961,3661,2.980,1.610,0.800,2,0,32.999,0,0,11,32,0,29,0
17-05 02:30:34,42.128,7.728,48.360,0.249,0,1497152,1033308,169768,5233900,11320.164,1709.043,0,697.975,0,67.803,3773,3971,2.980,1.610,0.800,2,0,34.899,0,0,11,32,0,28,0
17-05 02:30:35,44.623,6.769,48.384,0,0.251,1526920,1003488,169776,5233944,6910.087,1624.487,0,280.776,0,22.061,4528,5816,2.990,1.630,0.810,2,0,21.058,0,0,11,33,0,28,0
17-05 02:30:36,42.031,8.006,48.536,0.250,0,1540088,990300,169776,5233964,8389.265,1621.211,0,280.209,0,25.019,4132,4130,2.990,1.630,0.810,2,0,27.020,0,0,11,32,0,28,0
17-05 02:30:37,44.245,5.999,48.745,0,0.250,1526844,1003356,169780,5234144,9900.993,1619.835,0,271.972,0,23.998,5650,7396,2.990,1.630,0.810,3,0,21.998,0,0,11,33,0,28,0
17-05 02:30:38,24.689,11.222,62.594,0,0,1486284,1043820,169796,5234224,10802.154,1615.984,0,275.316,0,18.953,3956,3476,2.990,1.630,0.810,1,0,265.341,0,0,11,32,0,27,0
17-05 02:30:39,23.224,3.246,72.418,0.250,0.250,1469936,1060132,169800,5234252,51996.284,1618.173,0,523.409,0,23.973,3822,4705,2.990,1.630,0.810,1,0,2.997,0,0,11,32,0,27,0
17-05 02:30:40,14.260,14.010,70.800,0.250,0,1456904,1073148,169804,5234264,9671.850,1459.033,0,3610.557,0,202.143,4433,3129,2.830,1.620,0.810,1,0,281.199,0,0,11,32,0,27,0
17-05 02:30:41,23.244,3.249,72.731,0,0,1473140,1056888,169812,5234280,9815.407,1619.572,0,199.947,0,11.997,3228,3485,2.830,1.620,0.810,1,0,1.000,0,0,11,33,0,27,0
17-05 02:30:42,19.247,6.499,72.238,0.250,0.500,1436208,1093800,169820,5234292,11921.023,1619.731,0,683.887,0,42.993,2987,2695,2.830,1.620,0.810,2,0,45.992,0,0,11,32,0,27,0
17-05 02:30:43,23.280,2.503,72.594,0,0,1443828,1086148,169824,5234320,9576.441,1459.897,0,112.146,0,6.008,3748,4424,2.830,1.620,0.810,2,0,0,0,0,11,33,0,27,0
17-05 02:30:44,13.981,15.229,69.656,0,0,1415488,1114196,169828,5234600,46686.861,1617.812,0,315.573,0,22.969,5548,5124,2.830,1.620,0.810,1,0,280.620,0,0,11,32,0,27,0
17-05 02:30:45,27.020,17.513,54.539,0,0,1412308,1117232,169884,5234684,10780.784,1621.170,36.026,380.275,1.001,28.020,5274,4060,2.760,1.630,0.820,2,0,345.249,0,0,11,32,0,29,0
17-05 02:30:46,43.096,5.763,47.607,2.506,0.251,1525472,1000376,170148,5237724,13262.676,1461.270,436.978,5808.998,17.038,381.854,5127,5427,2.760,1.630,0.820,3,0,23.052,0,0,11,36,0,28,0
17-05 02:30:47,34.507,7.251,43.008,13.753,0,1529056,991080,171132,5242228,32882.219,1620.306,0,30081.689,0,2714.513,15387,23781,2.760,1.630,0.820,2,1,106.020,0,0,11,36,0,28,0
17-05 02:30:48,33.230,6.996,41.474,15.241,0,1591760,926308,171932,5243376,11263.065,1619.003,0,43809.025,0,3606.779,18339,28016,2.760,1.630,0.820,2,0,43.973,0,0,11,36,0,28,0
17-05 02:30:49,45.865,6.481,44.868,2.243,0,1463232,1054792,171988,5243380,11836.065,1615.233,0,12889.954,0,725.858,5416,5107,2.760,1.630,0.820,2,0,5.982,0,0,11,32,0,28,0
17-05 02:30:50,37.881,7.777,45.156,7.275,0.753,1535432,982028,172220,5243712,7323.266,1463.048,0,17616.780,0,1972.806,13200,18972,2.780,1.650,0.830,3,1,3.010,0,0,11,34,0,24,0
17-05 02:30:51,32.914,9.226,51.366,4.488,0,1416536,1100380,172544,5243924,7272.065,1615.793,0,11577.854,0,1244.759,9214,12559,2.780,1.650,0.830,1,0,99.740,0,0,11,32,0,24,0
17-05 02:30:52,22.249,3.750,73.246,0.250,0.250,1465496,1051416,172548,5243924,7225.601,1619.911,0,879.951,0,45.997,1971,1547,2.780,1.650,0.830,1,0,2.000,0,0,11,32,0,24,0
17-05 02:30:53,22.483,3.747,71.445,1.499,0.250,1480700,1036160,172576,5243944,12125.707,1618.759,0,7414.318,0,380.708,2482,2869,2.780,1.650,0.830,2,0,0.999,0,0,11,32,0,24,0
17-05 02:30:54,23.019,2.752,73.311,0,0.250,1414476,1102380,172580,5243944,9757.059,1621.339,0,172.142,0,22.018,1917,1329,2.780,1.650,0.830,2,0,3.002,0,0,11,32,0,24,0
17-05 02:30:55,21.741,3.998,73.220,0.250,0,1437480,1079360,172580,5243960,9026.270,1619.331,0,63.974,0,3.998,1914,1362,2.640,1.640,0.830,1,0,0,0,0,11,32,0,24,0
17-05 02:30:56,22.011,3.752,73.787,0,0,1451332,1065508,172584,5243956,13856.946,1500.752,0,0,0,0,1744,1161,2.640,1.640,0.830,1,0,3.002,0,0,11,32,0,24,0
17-05 02:30:57,21.497,3.999,73.989,0,0,1461184,1055560,172584,5244036,9122.597,1619.751,0,0,0,0,1816,1192,2.640,1.640,0.830,1,0,2.000,0,0,11,32,0,24,0
17-05 02:30:58,22.759,2.751,73.528,0,0,1452124,1064528,172584,5244124,10298.936,1620.619,0,0,0,0,1794,1180,2.640,1.640,0.830,1,0,1.000,0,0,11,32,0,20,0
17-05 02:30:59,22.244,3.749,74.228,0,0,1491980,1024616,172584,5244148,4913.575,1457.577,0,3.999,0,1.000,1840,1394,2.640,1.640,0.830,1,0,1.000,0,0,11,32,0,20,0
17-05 02:31:00,21.748,4.000,72.992,0,0,1511624,1004932,172588,5244152,6203.317,1619.822,0,267.971,0,8.999,2017,1681,2.510,1.630,0.830,1,0,2.000,0,0,11,32,0,20,0
17-05 02:31:01,22.251,4.000,72.754,0.250,0.500,1488740,1027792,172588,5244172,13376.666,1620.081,0,1256.063,0,149.007,2073,1454,2.510,1.630,0.830,2,0,2.000,0,0,11,32,0,20,0
17-05 02:31:02,21.750,4.000,73.250,0,0.250,1479352,1037164,172588,5244180,9050.978,1457.996,0,104.000,0,4.000,1835,1269,2.510,1.630,0.830,1,0,1.000,0,0,11,32,0,19,0
17-05 02:31:03,22.500,3.500,73.499,0,0,1496876,1019608,172588,5244208,10776.864,1619.980,0,0,0,0,1858,1312,2.510,1.630,0.830,2,0,2.000,0,0,11,32,0,19,0
17-05 02:31:04,16.514,10.509,72.560,0,0,1467876,1048460,172588,5244356,10229.425,1621.335,0,88.073,0,1.001,3586,2629,2.510,1.630,0.830,1,0,186.153,0,0,11,32,0,19,0
17-05 02:31:05,8.748,20.245,68.734,0.500,0,1450748,1065520,172588,5244404,9635.744,1619.621,0,2723.362,0,237.944,6581,5035,2.470,1.640,0.840,1,0,515.879,0,0,11,32,0,19,0
17-05 02:31:06,8.254,21.510,69.031,0,0.250,1433764,1082452,172588,5244436,11209.000,1458.651,0,264.118,0,3.001,6203,4787,2.470,1.640,0.840,1,0,467.208,0,0,11,32,0,19,0
17-05 02:31:07,15.491,11.493,71.208,0,0,1479472,1036720,172588,5244452,7346.623,1619.035,0,151.909,0,1.999,3755,2805,2.470,1.640,0.840,1,0,199.881,0,0,11,32,0,19,0
17-05 02:31:08,21.740,4.248,73.965,0,0,1477988,1038220,172588,5244436,9773.380,1619.235,0,0,0,0,1853,1279,2.470,1.640,0.840,1,0,1.999,0,0,11,32,0,19,0
17-05 02:31:09,22.259,3.001,73.531,0,0,1443920,1072268,172588,5244456,8941.762,1620.682,0,16.007,0,1.000,1828,1283,2.470,1.640,0.840,1,0,1.000,0,0,11,32,0,19,0
17-05 02:31:10,22.479,3.746,73.182,0.250,0.250,1482968,1033248,172600,5244444,4784.522,1618.485,0,343.678,0,15.985,2005,1725,2.350,1.620,0.840,1,0,1.998,0,0,11,32,0,19,0
17-05 02:31:11,22.017,3.503,72.805,0,0,1512680,1003512,172600,5244464,13341.042,1459.098,0,300.226,0,19.014,1951,1385,2.350,1.620,0.840,1,0,2.002,0,0,11,32,0,15,0
17-05 02:31:12,23.258,2.251,73.776,0,0,1536996,979208,172600,5244452,8661.098,1620.580,0,52.019,0,5.002,1721,1095,2.350,1.620,0.840,1,0,2.001,0,0,11,32,0,15,0
17-05 02:31:13,21.738,3.498,73.460,0,0.250,1527912,988280,172600,5244464,12186.394,1619.122,0,0,0,0,1795,1239,2.350,1.620,0.840,1,0,0.999,0,0,11,32,0,15,0
17-05 02:31:14,22.258,3.751,73.777,0,0,1512596,1003596,172600,5244464,9288.346,1620.584,0,20.007,0,1.000,1790,1128,2.350,1.620,0.840,1,0,3.001,0,0,11,32,0,15,0
17-05 02:31:15,21.743,3.749,73.977,0,0,1558104,958100,172600,5244452,7638.618,1499.532,0,131.959,0,1.999,1805,1278,2.240,1.610,0.840,1,0,1.999,0,0,11,32,0,14,0
17-05 02:31:16,22.501,3.250,73.752,0,0.250,1539088,977112,172600,5244456,10947.284,1620.042,0,12.000,0,1.000,1751,1195,2.240,1.610,0.840,2,0,1.000,0,0,11,32,0,14,0
17-05 02:31:17,21.999,3.250,73.498,0.250,0,1545540,970676,172600,5244440,31421.066,1619.952,0,507.985,0,93.997,1939,1271,2.240,1.610,0.840,1,0,2.000,0,0,11,32,0,14,0
17-05 02:31:18,22.994,2.749,73.731,0,0,1515776,1000412,172600,5244468,92941.866,1565.593,0,95.975,0,2.999,1822,1195,2.240,1.610,0.840,1,0,1.000,0,0,11,32,0,14,0
17-05 02:31:19,21.497,3.749,73.240,0,0.250,1564688,951588,172600,5244380,7430.989,1511.794,0,11.998,0,1.000,1770,1142,2.240,1.610,0.840,1,0,2.000,0,0,11,32,0,13,0
17-05 02:31:20,23.267,2.752,73.304,0.250,0,1509092,1007084,172600,5244480,7767.693,1663.219,0,2357.728,0,19.014,1894,1488,2.140,1.600,0.840,1,0,1.001,0,0,11,32,0,13,0
17-05 02:31:21,21.739,4.248,73.462,0,0.500,1489220,1026956,172600,5244480,11975.861,1619.170,0,407.791,0,25.987,1895,1435,2.140,1.600,0.840,1,0,1.999,0,0,11,32,0,13,0
17-05 02:31:22,22.257,3.751,73.772,0,0,1523624,992572,172600,5244460,8610.528,1458.428,0,172.051,0,30.009,1803,1216,2.140,1.600,0.840,1,0,2.001,0,0,11,32,0,13,0
17-05 02:31:23,22.748,3.250,73.493,0,0,1485404,1030772,172600,5244480,7161.297,1619.841,0,23.998,0,2.000,1770,1202,2.140,1.600,0.840,1,0,1.000,0,0,11,32,0,7,0
17-05 02:31:24,22.247,3.250,73.989,0,0,1493148,1023024,172600,5244484,12392.094,1619.751,0,23.996,0,1.000,1792,1191,2.140,1.600,0.840,1,0,1.000,0,0,11,32,0,7,0
17-05 02:31:25,21.506,4.251,73.272,0,0,1525844,990340,172600,5244472,12126.641,1620.487,0,0,0,0,1781,1191,2.050,1.590,0.840,1,0,2.001,0,0,11,32,0,7,0
17-05 02:31:26,14.004,15.004,69.770,0,0.250,1477736,1038400,172600,5244520,14927.244,1620.461,0,180.051,0,8.002,4551,3249,2.050,1.590,0.840,1,0,296.084,0,0,11,32,0,7,0
17-05 02:31:27,15.492,11.494,71.464,0.250,0,1466056,1050068,172600,5244532,20090.920,1457.269,0,147.926,0,4.997,3514,2577,2.050,1.590,0.840,2,0,163.918,0,0,11,32,0,7,0
17-05 02:31:28,23.254,2.250,74.013,0,0.250,1493004,1022936,172600,5244716,9774.674,1620.277,0,124.021,0,25.004,1744,966,2.050,1.590,0.840,1,0,0,0,0,11,32,0,7,0
17-05 02:31:29,22.248,4.500,72.744,0,0.250,1500720,1015104,172600,5244824,8402.258,1619.857,0,4.000,0,1.000,2007,1401,2.050,1.590,0.840,1,0,8.999,0,0,11,32,0,7,0
17-05 02:31:30,18.275,10.264,70.346,0,0,1495772,1019916,172604,5244956,5753.845,1622.212,40.055,284.388,2.003,11.015,3695,3127,1.960,1.580,0.840,1,0,227.310,0,0,11,32,0,7,0
17-05 02:31:31,8.758,21.269,68.562,0,0,1487460,1028200,172604,5244984,23037.742,1621.460,0,492.443,0,24.022,6020,4655,1.960,1.580,0.840,1,0,433.390,0,0,11,32,0,5,0
17-05 02:31:32,12.253,23.506,63.266,0,0,1462348,1053272,172604,5244916,11907.096,1458.379,0,296.077,0,8.002,7085,17100,1.960,1.580,0.840,1,0,580.151,0,0,11,32,0,6,0
17-05 02:31:33,8.996,21.741,67.972,0,0,1453908,1061668,172604,5245052,7799.835,1619.343,0,1007.591,0,34.986,6405,5070,1.960,1.580,0.840,1,0,526.786,0,0,11,32,0,6,0
17-05 02:31:34,8.756,22.766,68.550,0,0,1436564,1078984,172608,5245068,10666.708,1715.239,0,1433.035,0,18.013,6644,5260,1.960,1.580,0.840,1,0,574.415,0,0,11,32,0,6,0
17-05 02:31:35,8.492,20.729,69.431,0,0,1423520,1091972,172608,5245120,8405.670,1618.396,0,867.141,0,14.985,6755,5635,1.890,1.570,0.840,2,0,622.383,0,0,11,32,0,3,0
17-05 02:31:36,8.007,21.269,69.313,0,0.250,1413652,1101808,172608,5245152,15268.857,1459.324,0,384.349,0,10.009,6433,5126,1.890,1.570,0.840,2,0,513.466,0,0,11,32,0,3,0
17-05 02:31:37,7.742,22.977,68.183,0,0,1400140,1115280,172608,5245188,9672.480,1618.407,0,191.811,0,15.984,6511,5158,1.890,1.570,0.840,2,0,558.450,0,0,11,32,0,3,0
17-05 02:31:38,12.008,22.265,64.294,0,0.500,1364476,1150848,172628,5245232,5016.459,1621.118,0,320.221,0,17.012,6331,5323,1.890,1.570,0.840,3,0,533.368,0,0,11,32,0,5,0
17-05 02:31:39,48.029,23.514,27.516,0.500,0,1507764,1007532,172664,5245224,10173.071,1458.871,0,1488.888,0,170.102,6409,5388,1.890,1.570,0.840,3,0,540.322,0,0,11,32,0,9,0
17-05 02:31:40,62.231,10.247,24.493,2.749,0,1667696,842736,172944,5249424,7035.846,1619.504,443.864,9501.091,9.997,746.771,6826,6981,1.980,1.600,0.860,3,0,30.991,0,0,11,34,0,9,0
17-05 02:31:41,37.013,10.004,35.262,14.755,0.250,1672412,826636,173900,5258824,9098.220,1620.573,0,59597.091,0,4193.484,20992,33818,1.980,1.600,0.860,6,0,146.052,0,0,11,36,0,11,0
17-05 02:31:42,36.449,8.738,36.698,16.477,0,1722936,767124,174448,5266916,10666.000,1617.725,0,58002.431,0,4129.193,20680,30642,1.980,1.600,0.860,3,0,77.890,0,0,11,37,0,11,0
17-05 02:31:43,36.522,10.256,35.772,15.509,0,1666240,815336,174668,5274912,10065.150,1620.991,0,61181.385,0,4445.717,22136,35266,1.980,1.600,0.860,4,0,109.067,0,0,11,36,0,11,0
17-05 02:31:44,44.533,12.509,23.517,17.013,0,1615796,859984,175064,5280104,11489.518,1621.202,0,60568.902,0,4173.094,22207,30549,1.980,1.600,0.860,8,0,160.119,0,0,11,35,0,11,0
17-05 02:31:45,42.422,20.213,25.952,9.982,0.250,1622908,845736,175500,5286544,12087.724,1617.020,371.316,44054.812,5.989,3168.161,21375,35031,2.460,1.700,0.890,5,0,258.524,0,0,11,35,0,11,0
17-05 02:31:46,36.811,16.277,33.556,12.020,0,1579088,883020,175824,5292496,9381.667,1460.439,1790.991,28188.071,33.055,2311.861,15537,25099,2.460,1.700,0.890,2,1,246.411,0,0,11,34,0,11,0
17-05 02:31:47,35.006,6.751,40.507,15.503,0.500,1618308,841468,176092,5294480,33417.700,1620.276,0,48352.248,0,3605.615,19312,28854,2.460,1.700,0.890,5,0,36.006,0,0,11,35,0,12,0
17-05 02:31:48,30.997,8.499,44.746,13.999,0,1575292,881272,176200,5297496,7477.389,1619.868,0,46248.220,0,3449.718,20600,32703,2.460,1.700,0.890,5,0,99.992,0,0,11,34,0,11,0
17-05 02:31:49,31.696,7.487,41.929,16.222,0.250,1615228,842276,176420,5296316,6857.338,1617.250,0,45179.168,0,3732.652,12817,26224,2.460,1.700,0.890,3,0,27.952,0,0,11,34,0,11,0
17-05 02:31:50,35.275,7.756,41.030,13.009,0,1622772,832896,176720,5297832,9268.676,1459.051,0,34841.094,0,3142.263,16288,28603,2.500,1.730,0.910,2,2,30.022,0,0,11,35,0,11,0
17-05 02:31:51,32.771,9.506,41.527,14.509,0,1626668,828412,176916,5298196,11459.382,1621.044,0,46994.275,0,3797.446,17682,32169,2.500,1.730,0.910,2,1,58.037,0,0,11,36,0,12,0
17-05 02:31:52,38.252,6.250,39.502,12.501,0,1659576,793512,176984,5300072,9194.474,1620.084,0,29325.513,0,2715.140,13004,24242,2.500,1.730,0.910,9,0,39.002,0,0,11,37,0,12,0
17-05 02:31:53,34.485,7.996,40.732,14.743,0,1558192,892848,177024,5302032,8256.347,1457.355,0,46547.406,0,3725.352,20240,34919,2.500,1.730,0.910,2,0,43.981,0,0,11,36,0,13,0
17-05 02:31:54,31.256,9.502,41.758,15.753,0,1617532,830848,177084,5304540,6487.317,1620.329,0,49342.017,0,3888.789,19539,29284,2.500,1.730,0.910,4,0,98.020,0,0,11,36,0,13,0
17-05 02:31:55,32.268,8.004,43.024,14.758,0,1612404,833336,177248,5306940,10421.794,1620.901,0,40302.408,0,3327.850,18485,29068,2.380,1.710,0.910,4,1,76.042,0,0,11,36,0,14,0
17-05 02:31:56,34.169,6.983,41.651,14.715,0,1606248,836816,177372,5309424,14065.700,1658.075,0,40316.551,0,3540.618,13816,27369,2.380,1.710,0.910,4,1,76.818,0,0,11,36,0,14,0
17-05 02:31:57,30.209,10.236,40.195,16.478,0,1573536,867508,177420,5311348,9570.022,1456.026,0,51346.371,0,3862.762,19234,31764,2.380,1.710,0.910,3,1,116.842,0,0,11,36,0,14,0
17-05 02:31:58,37.592,8.270,40.600,12.280,0.251,1592724,848236,177448,5311328,7222.767,1623.995,0,34067.804,0,3003.388,16170,26598,2.380,1.710,0.910,3,1,24.059,0,0,11,37,0,14,0
17-05 02:31:59,30.039,8.511,43.806,14.769,0,1534724,910200,177472,5307324,10804.925,1622.091,0,43496.058,0,3568.599,20145,30871,2.380,1.710,0.910,1,1,55.071,0,0,11,36,0,14,0
17-05 02:32:00,39.424,5.988,44.414,9.731,0,1566956,877308,177508,5307940,7165.135,1616.871,0,26903.938,0,2174.792,13471,19706,2.350,1.720,0.910,2,0,26.948,0,0,11,35,0,15,0
17-05 02:32:01,17.271,23.029,56.570,1.502,0.501,1427492,1016568,177512,5308156,10542.102,1622.016,0,10064.509,0,558.694,8345,8779,2.350,1.720,0.910,3,0,582.724,0,0,11,32,0,15,0
17-05 02:32:02,33.249,20.249,45.249,0.500,0,1471644,972204,177532,5308352,7317.765,1619.948,0,1231.960,0,79.997,6347,5467,2.350,1.720,0.910,3,0,427.986,0,0,11,32,0,21,0
17-05 02:32:03,65.547,10.007,22.516,1.251,0,1620192,822264,177564,5309712,8748.332,1459.056,0,6648.813,0,412.298,4998,3078,2.350,1.720,0.910,3,0,3.002,0,0,11,32,0,21,0
17-05 02:32:04,67.481,7.748,24.243,0,0,1781044,657704,177640,5313076,8144.727,1619.548,0,6658.142,0,201.944,4525,2226,2.350,1.720,0.910,3,0,5.998,0,0,11,32,0,21,0
17-05 02:32:05,35.925,6.237,41.663,14.719,0,1795800,633008,177744,5322220,10531.034,1616.628,0,53360.698,0,3551.592,19443,29155,2.560,1.770,0.930,0,1,125.738,0,0,11,38,0,21,0
17-05 02:32:06,22.302,6.265,51.120,18.293,0.251,1796124,622928,177824,5331620,11064.957,1623.809,0,60149.101,0,4590.769,23935,37272,2.560,1.770,0.930,2,1,216.508,0,0,11,38,0,21,0
17-05 02:32:07,18.471,7.738,50.422,21.467,0.250,1795804,615872,177864,5338724,10955.040,1455.746,0,87117.132,0,6235.347,27392,43727,2.560,1.770,0.930,1,1,125.805,0,0,11,38,0,21,0
17-05 02:32:08,31.292,8.511,40.054,18.024,0,1703360,700448,177960,5346192,8221.065,1622.183,0,71564.325,0,5136.914,22540,38696,2.560,1.770,0.930,2,1,190.256,0,0,11,36,0,21,0
17-05 02:32:09,36.497,9.749,32.997,17.749,0,1760504,635552,178036,5353636,52563.812,1619.871,0,68354.554,0,4754.621,25163,35346,2.560,1.770,0.930,1,1,143.989,0,0,11,36,0,21,0
17-05 02:32:10,40.760,8.502,31.007,16.754,0,1822712,566476,178056,5360156,8200.975,1620.390,0,63311.247,0,4183.007,20772,29512,2.680,1.810,0.950,1,2,20.005,0,0,11,36,0,21,0
17-05 02:32:11,28.997,9.249,40.247,19.498,0.250,1767252,612240,178084,5369448,13438.834,1457.873,0,69805.943,0,4571.603,22128,33474,2.680,1.810,0.950,6,1,87.992,0,0,11,36,0,21,0
17-05 02:32:12,16.967,6.238,55.891,18.464,0,1763408,612516,178112,5372892,7466.374,1616.833,0,63994.637,0,4692.807,23481,35088,2.680,1.810,0.950,2,1,65.871,0,0,11,36,0,21,0
17-05 02:32:13,29.194,5.240,49.157,13.474,0,1753088,620368,178124,5375280,8752.359,1616.926,0,52388.392,0,3812.751,17080,27879,2.680,1.810,0.950,2,0,65.875,0,0,11,36,0,21,0
17-05 02:32:14,22.807,11.780,64.662,0.251,0,1491800,881628,178124,5375308,10257.771,1461.672,0,1182.972,0,62.156,3955,3031,2.680,1.810,0.950,1,0,249.627,0,0,11,32,0,21,0
17-05 02:32:15,22.274,3.754,73.329,0.250,0,1552200,821224,178124,5375312,11121.000,1663.795,0,1037.119,0,65.070,2044,1603,2.540,1.800,0.950,3,0,1.001,0,0,11,32,0,21,0
17-05 02:32:16,22.693,3.242,72.070,0.998,0.249,1581024,792396,178124,5375316,12059.823,1615.956,0,3327.673,0,203.491,2770,2610,2.540,1.800,0.950,1,0,1.995,0,0,11,38,0,21,0
17-05 02:32:17,21.501,4.750,72.753,0,0.250,1458400,915048,178124,5375316,28544.314,1620.075,0,112.005,0,10.000,2275,1566,2.540,1.800,0.950,1,0,29.001,0,0,11,32,0,21,0
17-05 02:32:18,22.492,3.249,73.475,0,0.250,1521388,852056,178124,5375320,9920.613,1619.447,0,43.985,0,3.999,1781,1144,2.540,1.800,0.950,1,0,0,0,0,11,32,0,21,0
17-05 02:32:19,19.053,10.028,69.694,0.251,0,1480740,892688,178128,5375332,9773.217,1624.524,0,557.553,0,45.126,3541,2885,2.540,1.800,0.950,4,0,186.519,0,0,11,32,0,21,0
17-05 02:32:20,12.740,35.472,50.710,0,0,1469160,904188,178128,5375408,6504.845,1498.812,0,323.743,0,30.975,8458,8256,2.420,1.780,0.950,2,0,1155.085,0,0,11,32,0,21,0
17-05 02:32:21,8.753,21.256,68.270,0.250,0.250,1445252,928020,178128,5375484,12676.788,1620.484,0,824.246,0,118.035,6360,4819,2.420,1.780,0.950,1,0,521.156,0,0,11,32,0,21,0
17-05 02:32:22,8.499,20.748,68.743,0,0,1432384,940724,178132,5375652,21741.940,1619.847,0,23.998,0,5.999,6014,4504,2.420,1.780,0.950,2,0,400.962,0,0,11,32,0,21,0
17-05 02:32:23,13.513,18.268,67.066,0,0,1420676,952380,178132,5376012,10925.734,1621.593,0,32.031,0,8.008,6365,6627,2.420,1.780,0.950,2,0,309.304,0,0,11,32,0,21,0
17-05 02:32:24,36.694,12.980,49.424,0,0,1486180,886680,178140,5376196,11258.757,1455.770,0,75.884,0,2.995,4947,5147,2.420,1.780,0.950,2,0,170.739,0,0,11,33,0,21,0
17-05 02:32:25,43.036,7.006,49.292,0,0,1590704,782216,178140,5376248,9792.291,1621.373,0,0,0,0,2702,1253,2.390,1.790,0.960,3,0,0,0,0,11,33,0,21,0
17-05 02:32:26,44.960,5.745,48.457,0.250,0,1635592,735992,178200,5377340,14317.196,1618.552,103.907,1634.538,0.999,153.862,4359,3385,2.390,1.790,0.960,2,0,18.983,0,0,11,49,0,21,0
17-05 02:32:27,28.028,14.765,56.306,0,0,1654184,714112,178216,5380396,11353.214,1621.602,0,692.684,0,40.040,9140,11577,2.390,1.790,0.960,1,0,279.276,0,0,11,48,0,21,0
17-05 02:32:28,17.201,12.215,68.054,0.997,0.748,1662492,705632,178216,5380444,9545.562,1453.821,0,7306.997,0,335.037,7846,10581,2.390,1.790,0.960,0,0,217.375,0,0,11,48,0,21,0
17-05 02:32:29,1.250,1.250,95.514,1.000,0,1662928,705160,178216,5380476,9383.354,1620.234,0,3264.471,0,159.023,1541,2000,2.390,1.790,0.960,0,0,3.000,0,0,11,48,0,21,0
17-05 02:32:30,0.250,0,98.007,0,0.250,1662960,705160,178216,5380476,9101.620,1620.110,0,40.003,0,4.000,724,992,2.190,1.760,0.950,0,0,2.000,0,0,11,48,0,21,0
17-05 02:32:31,0.750,1.000,96.985,0.500,0,1663184,704936,178216,5380476,13426.946,1457.777,0,4255.349,0,302.954,1351,1103,2.190,1.760,0.950,0,0,3.000,0,0,11,48,0,21,0
17-05 02:32:32,1.002,1.252,97.146,0,0,1663180,704936,178220,5380468,9568.331,1622.430,0,1005.506,0,5.008,949,1220,2.190,1.760,0.950,2,0,12.018,0,0,11,48,0,21,0
17-05 02:32:33,20.721,16.227,62.163,0,0,1716068,652040,178220,5380832,6696.600,1617.729,0,0,0,0,6383,17580,2.190,1.760,0.950,1,0,306.570,0,0,11,48,0,21,0
17-05 02:32:34,11.009,15.262,71.556,0,0,1750488,617416,178220,5380692,11567.083,1715.347,0,40.031,0,2.002,5113,5161,2.190,1.760,0.950,2,0,308.242,0,0,12,48,0,21,0
17-05 02:32:35,17.471,17.471,64.144,0,0,1736932,630876,178220,5381164,11104.694,1854.942,0,3.993,0,0.998,6721,8031,2.100,1.740,0.950,1,0,282.534,0,0,12,48,0,21,0
17-05 02:32:36,8.507,8.757,81.063,0.500,0.250,1720688,647136,178220,5380728,12670.904,1621.267,0,604.472,0,41.032,3529,3944,2.100,1.740,0.950,0,0,195.153,0,0,12,64,0,17,0
17-05 02:32:37,11.485,14.231,73.154,0,0.250,1710584,657200,178220,5380752,9439.638,1617.881,0,1442.111,0,10.986,4704,5496,2.100,1.740,0.950,2,0,205.731,0,0,14,64,0,17,0
17-05 02:32:38,13.285,18.047,66.925,0,0.251,1708932,658712,178220,5380920,9286.255,1461.818,0,20.052,0,4.010,6460,7111,2.100,1.740,0.950,2,0,384.003,0,0,14,66,0,17,0
17-05 02:32:39,9.237,20.470,67.901,0.250,0,1688188,679412,178220,5380960,7727.722,1659.578,0,754.898,0,44.934,5988,4803,2.100,1.740,0.950,1,0,359.475,0,0,14,66,0,17,0
17-05 02:32:40,19.048,16.041,64.413,0,0,1701584,666004,178220,5380968,5575.125,1708.328,0,92.234,0,9.023,6484,8368,2.010,1.730,0.950,2,0,246.625,0,0,14,66,0,17,0
17-05 02:32:41,29.526,25.022,45.289,0,0,1756796,610732,178228,5381012,10873.394,1621.401,0,416.360,0,11.010,7104,5959,2.010,1.730,0.950,2,0,642.555,0,0,14,66,0,12,0
17-05 02:32:42,29.249,24.999,44.499,0.250,0,1822596,543284,178260,5382504,10532.767,1457.968,8.000,1011.978,1.000,84.998,7412,8470,2.010,1.730,0.950,2,0,602.987,0,0,14,70,0,14,0
17-05 02:32:43,34.947,22.216,41.687,0,0.250,1915164,450436,178260,5383000,9923.889,1617.537,0,23.964,0,5.991,7489,7866,2.010,1.730,0.950,2,0,346.472,0,0,14,70,0,14,0
17-05 02:32:44,62.803,23.270,13.511,0,0,2022552,342928,178260,5383304,10533.965,1621.380,0,20.017,0,5.004,5363,4734,2.010,1.730,0.950,4,0,471.401,0,0,14,70,0,14,0
17-05 02:32:45,60.209,20.402,18.660,0,0.249,2124480,240124,178272,5384120,9808.670,1701.788,0,700.619,0,6.966,6859,9977,2.090,1.750,0.970,4,0,288.607,0,0,14,70,0,14,0
17-05 02:32:46,68.843,28.643,1.508,0.503,0.251,2241140,148068,171448,5367004,12689.142,1465.291,542.701,2126.582,67.335,74.370,6222,6862,2.090,1.750,0.970,6,0,586.921,0,0,14,70,0,14,0
17-05 02:32:47,72.012,22.504,3.000,1.500,0,2394296,144272,165180,5227156,33825.420,1620.260,3000.481,5976.958,125.020,424.068,9816,12334,2.090,1.750,0.970,8,0,176.028,0,0,14,74,0,14,0
17-05 02:32:48,61.449,27.477,7.244,2.998,0.250,2511812,144680,165092,5112220,6105.921,1618.654,3545.051,32397.051,172.856,2163.201,17219,25806,2.090,1.750,0.970,5,1,428.643,0,0,14,76,0,14,0
17-05 02:32:49,66.453,20.985,11.242,0.500,0,2611748,185360,165040,4974632,9748.108,1618.855,123.912,6963.077,11.992,435.692,10656,15414,2.090,1.750,0.970,5,0,248.824,0,0,14,80,0,15,0
17-05 02:32:50,72.603,21.207,5.239,0,0.998,2721628,147052,165052,4904900,6736.363,1455.054,1177.616,1101.770,50.897,56.885,8869,13183,2.320,1.810,0.990,3,0,394.202,0,0,14,93,0,22,0
17-05 02:32:51,42.147,26.342,30.857,0.502,0,2814712,124684,165052,4835820,6833.784,1625.658,0,871.032,0,50.175,8618,11516,2.320,1.810,0.990,2,0,494.722,0,0,14,93,0,22,0
17-05 02:32:52,41.726,16.490,39.977,0.250,0.250,2884196,192748,164996,4701448,12231.901,1619.060,1067.381,6140.436,34.980,462.731,6387,8491,2.320,1.810,0.990,6,0,237.862,0,0,14,95,0,22,0
17-05 02:32:53,51.621,11.222,36.160,0.499,0,3023204,188388,165000,4569716,10328.240,1615.970,1033.422,566.587,53.866,26.933,5020,6226,2.320,1.810,0.990,3,0,100.749,0,0,14,98,0,23,0
17-05 02:32:54,22.215,14.976,60.155,0.998,0.250,3075188,135256,165008,4570840,9817.428,1617.434,7.987,3514.425,1.997,193.693,5991,5495,2.320,1.810,0.990,4,0,263.582,0,0,14,101,0,24,0
17-05 02:32:55,8.016,19.288,71.138,0,0,3079432,130896,165008,4570960,8865.257,1713.335,4.008,172.335,1.002,14.027,5833,4495,2.300,1.810,0.990,1,0,372.726,0,0,14,101,0,24,0
17-05 02:32:56,8.518,19.291,70.651,0,0.251,3074996,135296,165008,4570996,11570.731,1503.213,4.009,44.094,1.002,4.009,5674,4127,2.300,1.810,0.990,0,1,355.760,0,0,14,101,0,24,0
17-05 02:32:57,21.511,4.752,72.786,0.750,0.250,3141928,136376,165008,4504700,10949.383,1620.797,628.309,11065.440,22.011,270.133,2306,1536,2.300,1.810,0.990,1,0,0,0,0,14,102,0,23,0
17-05 02:32:58,20.185,5.981,71.521,0,0,3127012,151252,165012,4504736,9123.786,1614.829,11.962,833.332,2.990,31.898,3495,3255,2.300,1.810,0.990,1,0,62.799,0,0,14,103,0,23,0
17-05 02:32:59,21.763,5.253,72.542,0.500,0,3190172,153608,164920,4440688,23201.410,1458.843,12.007,128.074,3.002,15.009,2345,2015,2.300,1.810,0.990,1,0,0,0,0,14,103,0,23,0
17-05 02:33:00,23.315,5.265,68.442,1.003,0,3188404,155072,164932,4441028,12008.696,1624.558,0,1656.649,0,167.470,4614,5764,2.190,1.800,0.990,2,0,4.011,0,0,14,111,0,23,0
17-05 02:33:01,30.998,5.000,61.495,1.250,0.250,3195596,147676,164932,4441232,10668.215,1619.881,71.995,1807.867,4.000,187.986,6281,8509,2.190,1.800,0.990,1,0,3.000,0,0,14,114,0,24,0
17-05 02:33:02,18.441,7.974,72.019,0.249,0.249,3181800,161456,164932,4441248,9667.039,1614.828,0,498.404,0,31.898,3184,2570,2.190,1.800,0.990,2,0,111.642,0,0,14,116,0,24,0
17-05 02:33:03,34.019,6.504,59.033,0,0,3275920,132040,164936,4378080,9477.286,1458.814,40.022,760.424,4.002,56.031,3901,3657,2.190,1.800,0.990,2,0,3.002,0,0,14,119,0,25,0
17-05 02:33:04,29.552,10.268,57.351,1.252,0.250,3233096,239848,164940,4314920,7290.858,1622.862,8.014,2151.795,2.004,196.346,5586,6762,2.190,1.800,0.990,2,0,97.171,0,0,14,122,0,26,0
17-05 02:33:05,43.680,8.237,46.675,0.749,0,3376576,160512,164940,4252324,11501.470,1707.249,3.994,3162.904,0.998,199.678,3976,3050,2.340,1.830,1.010,2,0,5.990,0,0,14,122,0,21,0
17-05 02:33:06,25.987,7.246,65.468,0,0.250,3383372,153700,164940,4252424,12115.040,1457.283,175.913,355.825,1.000,13.993,2929,2023,2.340,1.830,1.010,1,0,54.973,0,0,14,122,0,21,0
17-05 02:33:07,23.250,3.250,72.999,0,0,3423628,176256,164940,4190988,10387.846,1619.976,0,499.993,0,17.000,2081,1544,2.340,1.830,1.010,2,0,0,0,0,14,122,0,21,0
17-05 02:33:08,20.007,6.502,72.777,0,0,3386068,214056,164940,4190884,9423.517,1620.605,0,308.115,0,15.006,2366,1690,2.340,1.830,1.010,1,0,51.019,0,0,14,122,0,21,0
17-05 02:33:09,20.263,7.005,70.797,0.750,0,3390200,209908,164940,4190900,9357.199,1621.074,12.008,968.642,3.002,100.066,4077,4488,2.340,1.830,1.010,2,0,67.044,0,0,14,124,0,22,0
17-05 02:33:10,22.207,4.242,72.859,0.250,0,3455380,144672,164944,4190952,5307.715,1616.867,3.992,2355.436,0.998,21.957,1994,1696,2.230,1.820,1.010,1,0,15.969,0,0,14,124,0,22,0
17-05 02:33:11,20.776,6.258,72.340,0.250,0.250,3391304,208732,164944,4190968,11074.720,1622.009,0,316.392,0,18.022,2642,1955,2.230,1.820,1.010,1,0,56.069,0,0,14,124,0,22,0
17-05 02:33:12,22.745,3.249,72.483,0.250,0,3432204,167800,164944,4191000,5482.744,1619.629,0,671.846,0,85.980,2805,2859,2.230,1.820,1.010,1,0,0,0,0,14,125,0,22,0
17-05 02:33:13,34.498,5.500,56.497,2.000,0,3431808,167764,164948,4191428,11140.442,1457.927,63.997,3975.801,4.000,374.981,9820,14942,2.230,1.820,1.010,1,0,9.000,0,0,14,127,0,23,0
17-05 02:33:14,20.300,6.516,71.928,0,0.251,3479428,182300,164948,4130764,9389.203,1624.013,0,990.448,0,60.149,2606,1991,2.230,1.820,1.010,1,0,53.131,0,0,14,127,0,23,0
17-05 02:33:15,24.936,3.990,68.823,0.748,0,3485112,176444,164952,4130932,9878.554,1657.730,11.969,1304.639,2.992,134.653,5783,8027,2.130,1.810,1.010,2,0,0,0,0,14,128,0,23,0
17-05 02:33:16,33.248,5.750,59.747,0.500,0.250,3487176,174256,164952,4131056,12211.345,1457.922,0,1683.910,0,145.992,8323,12824,2.130,1.810,1.010,1,0,1.000,0,0,14,129,0,23,0
17-05 02:33:17,20.804,7.018,71.184,0.251,0,3488232,173176,164952,4131064,33238.962,1624.200,0,573.483,0,32.083,2737,2129,2.130,1.810,1.010,1,0,77.200,0,0,14,129,0,23,0
17-05 02:33:18,20.521,7.758,68.570,2.503,0.250,3480368,181048,164952,4131104,8709.841,1621.646,32.033,6846.950,2.002,748.760,5199,4954,2.130,1.810,1.010,1,0,116.118,0,0,14,129,0,23,0
17-05 02:33:19,22.389,4.726,71.146,0.249,0,3531308,130060,164952,4131152,7514.627,1653.775,0,640.813,0,46.767,2618,2304,2.130,1.810,1.010,1,0,30.847,0,0,14,130,0,23,0
17-05 02:33:20,24.032,4.256,69.593,0.751,0,3517884,143428,164956,4131204,7586.150,1459.953,0,1157.549,0,117.157,5195,6979,2.040,1.790,1.010,1,0,0,0,0,14,130,0,24,0
17-05 02:33:21,29.482,7.495,60.713,1.749,0,3505688,155348,164956,4131464,8938.499,1619.004,31.980,5968.327,1.999,374.769,7164,9659,2.040,1.790,1.010,2,0,4.997,0,0,14,131,0,24,0
17-05 02:33:22,42.016,15.256,39.515,0.750,0.250,3460192,200572,164956,4131720,10594.956,2038.761,0,2256.843,0,192.072,12274,19142,2.040,1.790,1.010,1,0,286.107,0,0,14,131,0,24,0
17-05 02:33:23,23.272,3.003,73.070,0,0,3501176,159572,164956,4131736,9436.022,1545.478,0,672.643,0,30.029,2182,1744,2.040,1.790,1.010,1,0,0,0,0,14,131,0,24,0
17-05 02:33:24,10.520,17.283,70.636,0,0.250,3475080,185640,164956,4131764,11938.064,1783.446,0,577.115,0,30.058,5453,4178,2.040,1.790,1.010,1,0,335.648,0,0,14,131,0,24,0
17-05 02:33:25,13.256,18.759,66.781,0.250,0,3353804,306752,164956,4131960,9461.348,1710.786,0,588.270,0,35.016,6383,6049,1.960,1.780,1.010,1,0,366.168,0,0,14,131,0,24,0
17-05 02:33:26,27.175,18.200,53.852,0.499,0,3399272,261292,164960,4131956,8829.750,1615.563,0,2193.974,0,124.658,6811,7351,1.960,1.780,1.010,2,0,372.976,0,0,14,131,0,24,0
17-05 02:33:27,32.602,23.824,42.633,0,0,3466484,193688,164968,4132752,13852.255,1751.469,40.125,469.466,7.022,33.103,7182,7923,1.960,1.780,1.010,5,0,510.594,0,0,14,134,0,24,0
17-05 02:33:28,32.211,15.731,51.437,0,0.499,3526892,133220,164972,4132796,10392.363,1687.947,27.966,942.853,1.998,18.977,6142,7228,1.960,1.780,1.010,4,0,262.681,0,0,16,137,0,24,0
17-05 02:33:29,54.315,30.286,14.517,0,0,3658636,142464,164788,3993596,9278.178,1621.954,176.212,512.618,11.013,42.051,9507,12602,1.960,1.780,1.010,4,0,562.678,0,0,16,143,0,24,0
17-05 02:33:30,60.000,21.500,17.750,0,0,3763700,138416,164788,3893928,5622.996,1457.999,48.000,356.000,5.000,26.000,8131,14659,2.280,1.850,1.040,5,0,302.000,0,0,16,159,0,24,0
17-05 02:33:31,30.679,23.446,44.398,0.249,0,3778256,174416,165004,3843868,12471.238,1616.272,1548.429,881.966,82.809,34.919,7219,6296,2.280,1.850,1.040,1,0,599.617,0,0,16,161,0,24,0
17-05 02:33:32,9.006,20.764,69.048,0.250,0,3752484,199980,165004,3844060,11937.235,1711.180,4.003,360.249,1.001,32.022,6154,4839,2.280,1.850,1.040,1,0,382.264,0,0,16,163,0,24,0
17-05 02:33:33,25.772,17.515,55.297,0.250,0.500,3780480,171768,165004,3844280,10160.653,1459.243,196.167,264.225,11.009,24.020,7642,20636,2.280,1.850,1.040,2,0,284.242,0,0,16,165,0,25,0
17-05 02:33:34,30.249,23.999,44.248,0.500,0,3835500,172992,164980,3789440,11227.610,1713.940,0,5399.812,0,165.994,7593,6745,2.280,1.850,1.040,4,0,545.981,0,0,16,165,0,24,0
17-05 02:33:35,34.216,17.233,47.453,0,0,3882656,136236,164732,3779468,5977.087,1618.399,19.980,439.565,3.996,29.970,7485,9826,2.180,1.840,1.030,3,0,300.703,0,0,16,171,0,24,0
17-05 02:33:36,35.812,28.550,35.311,0,0.250,3999656,133700,164724,3667868,13088.784,1692.947,20.035,372.649,2.003,25.044,9550,12697,2.180,1.840,1.030,3,0,696.212,0,0,16,177,0,24,0
17-05 02:33:37,27.745,24.996,46.242,0,0,4065592,155088,164724,3582656,14563.489,1457.749,7.999,547.906,2.000,30.995,9864,12755,2.180,1.840,1.030,3,0,582.899,0,0,16,183,0,24,0
17-05 02:33:38,15.971,18.467,63.136,0.499,0.250,4080384,140240,164728,3583152,6991.411,1617.088,3.993,662.807,0.998,27.950,7727,9429,2.180,1.840,1.030,1,0,329.407,0,0,16,189,0,24,0
17-05 02:33:39,33.445,14.226,50.666,0.998,0,4170816,125556,164728,3508492,54181.148,1617.318,179.702,14160.517,3.993,951.422,5859,3229,2.180,1.840,1.030,2,0,116.806,0,0,16,189,0,24,0
17-05 02:33:40,44.483,8.497,44.733,0.500,0,4286220,137064,164828,3383192,11701.540,1457.445,391.851,435.834,17.993,44.983,3545,2337,2.320,1.870,1.050,3,0,9.996,0,0,16,205,0,24,0
17-05 02:33:41,33.632,7.530,57.727,0.502,0.251,4228492,249584,164828,3329532,8653.976,1626.385,40.158,385.514,5.020,28.110,3463,2774,2.320,1.870,1.050,3,0,56.221,0,0,16,209,0,24,0
17-05 02:33:42,30.982,25.735,42.226,0,0,4304784,172324,164836,3330476,13427.344,1709.026,915.478,547.688,8.995,33.981,7264,6875,2.320,1.870,1.050,2,0,565.677,0,0,16,209,0,24,0
17-05 02:33:43,38.424,25.200,34.432,0.250,0.250,4261356,213424,164840,3333128,7067.081,1616.815,1293.452,4451.233,25.949,33.933,7912,9552,2.320,1.870,1.050,4,0,463.088,0,0,16,211,0,25,0
17-05 02:33:44,61.160,17.974,20.220,0,0,4409464,124296,164852,3274960,14396.807,1617.619,531.218,1098.383,11.982,36.946,5151,4820,2.320,1.870,1.050,4,0,174.743,0,0,16,216,0,25,0
17-05 02:33:45,68.171,14.983,14.234,1.249,0,4475560,170004,164884,3165940,8442.278,1618.137,2049.640,1110.721,93.892,68.921,5752,5155,2.540,1.920,1.070,5,0,27.968,0,0,16,228,0,26,0
17-05 02:33:46,62.404,14.786,17.794,4.762,0.251,4550040,167768,164956,3095188,8217.257,1624.003,5661.958,1748.310,448.105,125.309,6960,8376,2.540,1.920,1.070,2,0,98.242,0,0,16,227,0,29,0
17-05 02:33:47,37.568,25.797,36.065,0.250,0,4546876,168760,164956,3097316,37351.627,1460.645,88.160,1430.590,6.011,94.171,8286,8987,2.540,1.920,1.070,3,0,539.978,0,0,16,229,0,29,0
17-05 02:33:48,47.465,18.986,32.226,0.250,0,4606920,144516,164956,3062344,8246.927,1618.808,215.841,9824.765,6.995,224.834,7466,9045,2.540,1.920,1.070,3,0,275.797,0,0,16,229,0,30,0
17-05 02:33:49,56.702,26.727,15.737,0,0.250,4654592,136436,164964,3024232,9510.942,1618.629,0,451.617,0,30.974,7142,6961,2.540,1.920,1.070,5,0,552.532,0,0,16,229,0,30,0
17-05 02:33:50,63.884,19.791,14.530,1.002,0,4661308,169140,165100,2985988,8072.881,1461.055,1451.034,2906.077,64.134,183.383,9263,15411,2.660,1.960,1.090,4,0,266.557,0,0,16,233,0,25,0
17-05 02:33:51,56.480,26.740,15.494,0.250,0.250,4747216,147748,165108,2922904,5399.058,1689.392,3.999,679.756,1.000,39.986,6905,7009,2.660,1.960,1.090,5,0,551.802,0,0,16,237,0,25,0
17-05 02:33:52,57.771,20.757,20.757,0.250,0.250,4772852,148540,165120,2897076,10600.807,1620.582,688.247,1244.447,40.014,89.032,8813,16192,2.660,1.960,1.090,5,0,294.106,0,0,16,245,0,26,0
17-05 02:33:53,66.958,16.677,14.686,0.249,0,4946464,136028,165128,2738768,9377.055,1702.566,0,732.800,0,20.909,5375,4224,2.660,1.960,1.090,4,0,79.652,0,0,16,245,0,26,0
17-05 02:33:54,71.523,13.552,14.054,0,0,4966880,145584,165140,2709656,10687.867,1463.596,1726.602,799.055,80.307,41.157,13806,20891,2.660,1.960,1.090,4,0,20.077,0,0,16,254,0,27,0
17-05 02:33:55,58.319,18.194,21.683,0.997,0.249,4962592,174640,164032,2686376,7969.312,1614.997,1383.713,837.406,39.876,66.793,7323,9204,2.680,1.980,1.100,4,0,267.172,0,0,16,255,0,26,0
17-05 02:33:56,49.166,28.597,21.322,0.502,0,4993924,139172,164296,2690152,11840.086,1667.646,4426.988,1716.812,72.245,78.265,7904,8141,2.680,1.980,1.100,5,0,540.831,0,0,16,256,0,26,2
17-05 02:33:57,61.321,19.692,17.200,0,0.249,4977764,154948,164324,2690808,12918.185,1453.745,1184.533,634.144,26.921,47.860,7574,9499,2.680,1.980,1.100,6,0,228.332,0,0,17,255,0,28,2
17-05 02:33:58,79.033,19.008,1.000,0.750,0,5098792,131088,164324,2596168,6378.703,1620.687,1928.817,916.388,113.048,33.014,5908,4387,2.680,1.980,1.100,3,1,113.048,0,0,17,258,0,28,2
17-05 02:33:59,83.620,12.518,2.504,1.252,0,5148028,148400,164336,2531328,5402.781,1622.336,3040.379,6208.942,134.193,608.877,6805,4142,2.680,1.980,1.100,5,0,18.026,0,0,17,258,0,29,2
17-05 02:34:00,58.670,16.228,22.968,0.499,0,5226024,135592,164360,2467900,12350.058,2653.360,810.888,1370.120,24.966,118.837,7549,11291,2.710,1.990,1.110,4,0,223.693,0,0,17,266,0,30,3
17-05 02:34:01,44.300,10.512,43.049,0.501,0.501,5193084,195228,164372,2441848,17655.093,3635.137,1213.381,1217.385,34.039,143.163,5085,5435,2.710,1.990,1.110,3,0,16.018,0,0,17,271,0,30,2
17-05 02:34:02,43.079,12.273,43.831,0.250,0,5210776,161436,164372,2457916,16582605.953,91550.663,516.952,857.580,5.009,77.142,8969,5335,2.710,1.990,1.110,2,0,103.190,0,0,17,271,0,30,2
17-05 02:34:03,35.607,15.438,47.559,0.747,0,5252172,143044,164372,2435712,9412.162,1613.513,3091.571,490.030,34.860,29.880,5238,4615,2.710,1.990,1.110,2,0,213.143,0,0,17,276,0,29,0
17-05 02:34:04,37.552,6.759,52.573,1.752,0.250,5280472,147552,164372,2403780,9916.855,1460.040,512.716,16855.548,4.006,977.365,6641,5763,2.710,1.990,1.110,1,0,5.007,0,0,17,284,0,30,0
17-05 02:34:05,25.202,4.491,67.871,0.749,0.250,5238168,173088,164384,2420504,9836.242,1658.837,499.048,1105.891,29.943,107.794,6517,9186,2.570,1.980,1.110,1,0,3.992,0,0,17,291,0,31,0
17-05 02:34:06,12.803,17.322,69.037,0.753,0,5187320,223652,164384,2420768,8415.956,1626.757,144.601,763.170,9.038,54.225,5922,5434,2.570,1.980,1.110,1,0,422.756,0,0,17,290,0,34,0
17-05 02:34:07,22.414,4.732,71.725,0,0,5258732,152196,164384,2420812,14682.676,1613.809,0,629.585,0,41.839,2671,2581,2.570,1.980,1.110,1,0,45.824,0,0,17,290,0,31,0
17-05 02:34:08,11.526,16.787,70.657,0,0,5244328,166564,164388,2420844,8412.670,1461.243,0,27593.238,0,88.196,5273,3924,2.570,1.980,1.110,1,0,280.623,0,0,17,290,0,31,0
17-05 02:34:09,7.982,19.206,70.089,0.748,0.249,5240372,170428,164392,2420916,5645.033,1616.287,15.963,7594.554,0.998,266.388,6351,5064,2.570,1.980,1.110,1,0,388.108,0,0,17,290,0,31,0
17-05 02:34:10,1.754,1.002,96.473,0,0.251,5235372,175428,164392,2420916,10298.803,1623.753,0,308.714,0,15.035,1264,1739,2.370,1.940,1.100,2,0,9.021,0,0,17,290,0,31,0
17-05 02:34:11,21.445,5.236,71.565,0.249,0,5231116,212696,164392,2389436,9060.592,1454.243,0,135.650,0,16.956,2302,1887,2.370,1.940,1.100,1,0,0.997,0,0,17,291,0,30,0
17-05 02:34:12,17.263,9.507,71.053,0,0,5173040,270576,164396,2389612,11517.543,1621.203,80.059,212.157,8.006,24.018,4351,3850,2.370,1.940,1.100,1,0,139.103,0,0,17,294,0,30,0
17-05 02:34:13,12.026,16.786,70.402,0.251,0.251,5174048,269204,164396,2389944,10002.565,1623.500,4.009,236.510,1.002,15.032,5358,3980,2.370,1.940,1.100,2,0,213.460,0,0,17,296,0,30,0
17-05 02:34:14,11.718,16.455,70.059,0,0,5170276,272876,164396,2390032,22678.185,1615.596,7.978,12063.119,1.995,48.867,5470,4152,2.370,1.940,1.100,1,0,255.304,0,0,17,300,0,30,0
17-05 02:34:15,17.798,13.285,67.180,1.504,0,5163948,274992,164556,2393704,11359.353,1461.906,3417.131,385.029,155.415,10.027,4091,2955,2.260,1.930,1.100,4,0,93.249,0,0,17,300,0,29,0
17-05 02:34:16,4.737,2.244,91.499,0,0,5155488,281520,164556,2395636,8726.036,1615.563,0,7990.057,0,56.844,3009,10619,2.260,1.930,1.100,0,0,1.995,0,0,17,304,0,29,0
17-05 02:34:17,0.500,0.750,97.699,0,0.250,5152804,284204,164556,2395636,31040.815,1619.156,0,51.973,0,5.997,835,1215,2.260,1.930,1.100,0,0,0,0,0,17,304,0,29,0
17-05 02:34:18,0.750,0.250,97.495,0,0,5152804,284204,164556,2395636,12130.384,1661.916,0,0,0,0,844,1181,2.260,1.930,1.100,0,0,0,0,0,17,304,0,29,0
17-05 02:34:19,1.251,0.750,97.039,0.250,0.250,5152804,284204,164556,2395636,6871.759,1620.651,0,352.141,0,28.011,1131,1740,2.260,1.930,1.100,0,0,0,0,0,17,304,0,29,0
17-05 02:34:20,1.500,0.750,95.504,0.750,0,5152800,284204,164556,2395640,8888.417,1620.076,0,1928.090,0,121.006,1540,2239,2.080,1.890,1.090,0,0,0,0,0,17,304,0,29,0
17-05 02:34:21,1.750,0.500,97.256,0,0,5153048,283956,164556,2395640,7308.474,1458.095,0,0,0,0,950,1313,2.080,1.890,1.090,0,0,1.000,0,0,17,304,0,29,0
17-05 02:34:22,2.750,0.500,94.501,1.000,0.250,5153032,283956,164556,2395656,20811.229,1690.019,0,1404.015,0,92.001,1813,2366,2.080,1.890,1.090,0,0,0,0,0,17,304,0,29,0
17-05 02:34:23,1.000,0.500,97.719,0,0,5153032,283956,164556,2395656,10132.819,1619.492,0,183.942,0,12.996,930,1304,2.080,1.890,1.090,0,0,0,0,0,17,304,0,28,0
17-05 02:34:24,1.500,0.750,96.517,0,0.250,5153028,283956,164556,2395660,8697.511,1620.281,0,36.006,0,4.001,1067,1438,2.080,1.890,1.090,0,0,1.000,0,0,17,304,0,28,0
17-05 02:34:25,1.498,0.749,97.143,0,0,5153020,283956,164560,2395664,5391.063,1456.396,7.991,0,1.998,0,936,1405,1.910,1.860,1.090,1,0,0,0,0,17,304,0,28,0
17-05 02:34:26,1.502,0.751,95.855,0.501,0,5145256,291796,164564,2395592,11949.093,124152.037,100.110,444.487,6.007,32.035,1254,1742,1.910,1.860,1.090,1,0,0,0,0,17,304,0,28,0
17-05 02:34:27,1.000,0.500,97.501,0,0.250,5145160,291796,164564,2395688,19229.144,1620.012,0,32.000,0,4.000,917,1225,1.910,1.860,1.090,0,0,0,0,0,17,304,0,28,0
17-05 02:34:28,0.750,0.750,97.732,0,0.500,5145160,291796,164564,2395688,11309.949,1457.736,0,0,0,0,867,1183,1.910,1.860,1.090,0,0,0,0,0,17,304,0,28,0
17-05 02:34:29,1.750,0.750,97.017,0,0,5145116,291796,164564,2395732,10037.759,1620.284,0,508.089,0,10.002,977,1326,1.910,1.860,1.090,0,0,0,0,0,17,304,0,28,0
17-05 02:34:30,1.000,1.000,95.486,1.000,0,5136580,300332,164564,2395732,5655.193,1619.769,0,4347.380,0,610.913,2008,1510,1.760,1.830,1.080,0,0,0,0,0,17,304,0,28,0
17-05 02:34:31,1.250,0.250,96.999,0,0,5136832,300080,164564,2395732,10634.929,1457.990,0,0,0,0,989,1289,1.760,1.830,1.080,0,0,1.000,0,0,17,304,0,28,0
17-05 02:34:32,1.250,1.000,97.010,0.250,0,5136832,300080,164564,2395732,10826.089,1620.163,0,96.010,0,12.001,1083,1564,1.760,1.830,1.080,0,0,0,0,0,17,304,0,28,0
17-05 02:34:33,5.999,2.999,89.483,0,0,5127056,309856,164564,2395800,10236.024,1619.687,47.991,175.966,2.000,10.998,2207,8075,1.760,1.830,1.080,0,0,35.993,0,0,17,304,0,29,0
17-05 02:34:34,1.250,0.750,96.757,0.250,0,5127956,308956,164564,2395800,8102.619,1620.124,0,300.023,0,28.002,1080,1621,1.760,1.830,1.080,1,0,0,0,0,17,304,0,29,0
17-05 02:34:35,1.250,0.500,96.497,1.000,0.250,5127900,308956,164564,2395788,9236.672,1619.942,0,2503.911,0,276.990,1448,1748,1.690,1.820,1.080,0,0,0,0,0,17,304,0,28,0
17-05 02:34:36,1.000,0.500,96.715,0,0.250,5127844,308956,164564,2395844,100621.847,1619.418,47.983,227.918,1.999,21.992,1196,1751,1.690,1.820,1.080,0,0,0,0,0,17,304,0,28,0
17-05 02:34:37,0.750,1.251,97.542,0.250,0,5127844,308956,164564,2395844,9295.979,1458.624,0,140.060,0,10.004,1001,1398,1.690,1.820,1.080,0,0,0,0,0,17,304,0,28,0
17-05 02:34:38,1.500,1.250,96.495,0,0.250,5128596,308204,164564,2395844,5903.703,1619.918,0,111.994,0,8.000,1021,1324,1.690,1.820,1.080,0,0,6.000,0,0,17,304,0,28,0
17-05 02:34:39,1.000,0.250,97.503,0,0,5128596,308204,164564,2395844,11733.331,1620.046,0,60.002,0,5.000,905,1225,1.690,1.820,1.080,0,0,0,0,0,17,304,0,28,0
17-05 02:34:40,1.500,0.500,96.495,0.500,0,5128588,308204,164568,2395848,8599.593,1457.931,0,8023.620,0,479.977,1793,1561,1.560,1.790,1.080,0,0,0,0,0,17,304,0,28,0
17-05 02:34:41,3.249,1.750,93.484,0.250,0.250,5133488,303468,164568,2395852,8290.541,1619.715,15.997,203.964,1.000,19.996,1719,2311,1.560,1.790,1.080,0,0,5.999,0,0,17,308,0,28,0
17-05 02:34:42,5.000,0.750,93.005,0,0.250,5133316,303468,164568,2396024,11750.640,1620.088,0,104.006,0,12.001,1685,2144,1.560,1.790,1.080,0,0,4.000,0,0,17,308,0,28,0
17-05 02:34:43,2.000,1.000,95.994,0.250,0.250,5133312,303468,164568,2396028,10415.340,1511.904,0,299.981,0,25.998,1313,1845,1.560,1.790,1.080,0,0,1.000,0,0,17,308,0,28,0
17-05 02:34:44,1.000,0.500,97.512,0,0,5133304,303468,164568,2396036,10963.393,1566.199,0,168.021,0,14.002,930,1280,1.560,1.790,1.080,0,0,0,0,0,17,308,0,27,0
17-05 02:34:45,1.000,0.750,96.512,0,0,5133300,303468,164568,2396040,7699.982,1620.207,0,192.024,0,17.002,1050,1426,1.430,1.760,1.070,1,0,0,0,0,17,308,0,27,0
17-05 02:34:46,1.250,0.750,97.027,0.500,0,5133244,303468,164568,2396096,6370.776,1620.452,48.013,388.108,2.001,30.008,1225,1800,1.430,1.760,1.070,0,0,0,0,0,17,308,0,27,0
17-05 02:34:47,1.000,0.500,97.721,0,0,5133244,303468,164568,2396096,33465.234,1457.575,0,35.989,0,4.999,890,1242,1.430,1.760,1.070,0,0,0,0,0,17,308,0,27,0
17-05 02:34:48,1.000,0.750,97.745,0,0.250,5133244,303468,164568,2396096,12143.436,1661.923,0,0,0,0,884,1217,1.430,1.760,1.070,0,0,0,0,0,17,308,0,21,0
17-05 02:34:49,0.500,0.750,96.758,0.250,0,5133244,303468,164568,2396096,8648.702,1620.131,0,208.017,0,21.002,1176,1681,1.430,1.760,1.070,0,0,0,0,0,17,308,0,21,0
17-05 02:34:50,1.505,1.003,96.318,0,0.502,5133240,303468,164568,2396100,7003.154,1625.374,0,545.805,0,25.083,1304,1877,1.400,1.750,1.070,0,0,0,0,0,17,308,0,21,0
17-05 02:34:51,1.993,0.747,94.679,0.249,0.498,5141300,295404,164568,2396104,11614.593,1453.070,79.729,155.472,4.983,12.956,1312,1718,1.400,1.750,1.070,2,0,2.990,0,0,17,310,0,21,0
17-05 02:34:52,1.750,1.000,95.771,0.500,0,5141216,295404,164568,2396188,10908.425,1620.360,0,204.045,0,25.006,1362,2031,1.400,1.750,1.070,0,0,0,0,0,17,310,0,14,0
17-05 02:34:53,1.000,0.250,97.503,0.250,0.250,5141216,295404,164568,2396188,6267.216,1662.057,0,256.009,0,16.001,906,1282,1.400,1.750,1.070,1,0,0,0,0,17,310,0,14,0
17-05 02:34:54,1.000,0.750,97.731,0,0,5141216,295404,164568,2396188,10805.921,1619.688,0,31.994,0,3.999,876,1202,1.400,1.750,1.070,0,0,0,0,0,17,310,0,14,0
17-05 02:34:55,1.000,0.500,96.780,0.500,0.250,5141216,295404,164568,2396188,10332.255,1620.510,0,1116.352,0,230.072,1336,1334,1.290,1.720,1.060,0,0,0,0,0,17,310,0,14,0
17-05 02:34:56,0.999,0.500,96.699,0.250,0,5141072,295404,164568,2396332,6940.363,337.823,143.925,367.807,7.996,27.985,1115,1701,1.290,1.720,1.060,2,0,0,0,0,17,310,0,10,0
17-05 02:34:57,12.513,4.755,82.583,0,0.250,5157152,279316,164588,2396320,415560.088,6688.729,4.004,88.089,1.001,4.004,2222,1776,1.290,1.720,1.060,0,0,26.026,0,0,17,310,0,10,0
17-05 02:34:58,10.738,4.745,82.656,0,0,5166728,269248,164604,2396780,295623.818,7837.114,135.846,3.995,7.991,0.999,2418,1914,1.290,1.720,1.060,1,0,29.966,0,0,17,310,0,10,0
