"pcp-dstat 5.3.6 CSV Output"
"Author:","PCP team <pcp@groups.io> and Dag Wieers <dag@wieers.com>",,,,"URL:","https://pcp.io/ and http://dag.wieers.com/home-made/dstat/"
"Host:","ubuntu",,,,"User:","ubuntu"
"Cmdline:","dstat -tcmndrylpg --tcp --output /tmp/devstack_logs/dstat-csv.log",,,,"Date:","02 Feb 2024 07:03:51 UTC"
"system","total usage",,,,,"memory usage",,,,"net/total",,"dsk/total",,"io/total",,"system",,"load avg",,,"procs",,,"paging",,"tcp sockets",,,,
"time","total usage:usr","total usage:sys","total usage:idl","total usage:wai","total usage:stl","used","free","buf","cach","net/total:recv","net/total:send","dsk/total:read","dsk/total:writ","read","writ","int","csw","1m","5m","15m","run","blk","new","in","out","lis","act","syn","tim","clo"
02-02 07:03:51,,1015352,1635824,159228,5000580,,,,,,,0.820,0.600,0.400,2,0,,,,9,8,7,10,0
02-02 07:03:52,12.496,19.744,66.980,0.250,0.250,1017868,1630088,159248,5003748,1760131.721,37650.742,0,1427.573,0,58.982,5140,6694,0.820,0.600,0.400,2,0,473.858,0,0,9,7,7,10,0
02-02 07:03:53,18.245,18.245,62.232,0,0,989808,1657724,159284,5004444,160454.147,8757.443,0,2999.124,0,40.988,3644,6406,0.820,0.600,0.400,2,0,334.902,0,0,9,5,7,10,1
02-02 07:03:54,18.010,18.510,62.285,0.250,0,991464,1656048,159292,5004452,158259.733,6623.756,0,376.213,0,13.007,4231,7843,0.840,0.600,0.410,3,0,210.119,0,0,9,5,7,10,1
02-02 07:03:55,11.722,9.976,76.068,0,0.249,1107264,1539824,159308,5129304,79256.656,3607.382,0,303.275,0,9.976,2993,5450,0.840,0.600,0.410,1,0,114.726,0,0,10,6,7,10,2
02-02 07:03:56,18.013,9.757,71.053,0,0,1107536,1539456,159308,5129400,32008.847,3326.478,80.060,40.030,1.001,10.007,2060,2514,0.840,0.600,0.410,1,0,162.121,0,0,10,6,7,10,2
02-02 07:03:57,22.992,5.748,69.727,1.000,0.250,1162908,1483192,159408,5130136,17253.237,4282.570,327.890,2463.177,16.994,60.980,1998,2695,0.840,0.600,0.410,2,0,52.982,0,0,10,6,7,13,2
02-02 07:03:58,23.775,4.255,67.823,3.504,0,1205248,1437760,159688,5132780,20192.606,5015.366,12.013,24414.123,1.001,756.810,3679,5378,0.840,0.600,0.410,0,1,10.011,0,0,10,8,7,13,2
02-02 07:03:59,13.987,5.745,63.942,14.987,0.250,1210320,1425692,160448,5138888,20216.805,5152.363,0,28570.287,0,2708.562,13830,23818,0.850,0.610,0.410,1,1,44.960,0,0,10,8,7,13,2
02-02 07:04:00,20.028,7.510,61.836,10.014,0,1137172,1496096,160972,5140996,22030.733,4960.920,0,35878.050,0,2516.511,10394,17570,0.850,0.610,0.410,1,0,90.126,0,0,10,6,7,13,2
02-02 07:04:01,29.997,3.250,64.993,1.500,0.250,1221728,1411452,161036,5141016,19818.919,4147.565,0,5943.376,0,331.965,1983,2663,0.850,0.610,0.410,1,0,0,0,0,10,6,7,13,2
02-02 07:04:02,26.497,3.000,69.493,0,0.250,1175632,1456644,161036,5141896,86899.484,4900.520,0,599.941,0,28.997,1249,1403,0.850,0.610,0.410,1,0,9.999,0,0,10,6,7,13,2
02-02 07:04:03,29.003,2.000,67.757,0.750,0,1223780,1408260,161064,5142064,118757.351,5999.624,0,4788.498,0,244.025,1844,2465,0.850,0.610,0.410,1,0,2.000,0,0,10,6,7,12,2
02-02 07:04:04,13.990,17.738,66.703,0,0,1152284,1479644,161088,5142144,18970.758,4213.059,0,427.701,0,21.985,2759,4036,0.860,0.620,0.410,2,0,335.766,0,0,10,6,7,12,2
02-02 07:04:05,17.520,20.524,61.071,0.250,0,1154360,1476876,161116,5142896,41886.630,4502.227,0,592.688,0,25.029,4441,10510,0.860,0.620,0.410,9,0,450.523,0,0,10,6,7,12,2
02-02 07:04:06,29.932,13.719,54.626,0.249,0.249,1216168,1414732,161156,5143340,33195.348,5039.515,99.773,482.899,0.998,17.959,3677,6999,0.860,0.620,0.410,2,0,165.623,0,0,10,7,7,12,2
02-02 07:04:07,50.494,4.249,44.494,0,0,1308204,1321520,161176,5144416,21193.372,5020.377,587.927,603.925,8.999,18.998,1441,1260,0.860,0.620,0.410,2,0,0,0,0,10,7,7,12,2
02-02 07:04:08,46.552,10.512,42.548,0,0,1336988,1288524,161344,5147856,75606.679,4674.235,0,1369.534,0,70.078,2519,5896,0.860,0.620,0.410,1,0,117.131,0,0,10,6,7,11,2
02-02 07:04:09,6.242,0.749,91.634,0.250,0.250,1336740,1288368,161360,5148108,22743.321,4205.697,0,10291.023,0,30.961,960,1140,0.790,0.610,0.410,0,0,1.997,0,0,10,6,7,11,2
02-02 07:04:10,23.015,4.503,71.295,0.500,0,1400912,1223868,161416,5148360,145302.977,6723.256,0,984.623,0,29.018,1874,2040,0.790,0.610,0.410,1,0,23.015,0,0,10,6,7,11,2
02-02 07:04:11,27.995,2.250,68.989,0,0,1440972,1183548,161460,5148572,47308.289,4775.222,0,1163.810,0,67.989,1772,2199,0.790,0.610,0.410,1,0,1.000,0,0,10,12,7,11,2
02-02 07:04:12,25.791,3.756,68.860,0.751,0,1387808,1236404,161580,5148724,37298.641,4313.898,36.058,1294.069,3.005,166.266,3113,4741,0.790,0.610,0.410,3,0,42.067,0,0,10,6,7,13,2
02-02 07:04:13,28.444,3.244,67.367,0.749,0.499,1420496,1192868,161620,5159012,147543.781,6675.869,235.537,2123.822,58.884,18.963,2054,2780,0.790,0.610,0.410,1,0,4.990,0,0,10,29,7,13,2
02-02 07:04:14,21.991,6.497,68.973,0.750,0,1411312,1197840,161664,5163008,520017.073,15689.787,0,3598.575,0,160.936,2530,2996,0.810,0.610,0.410,1,0,44.982,0,0,10,30,7,13,2
02-02 07:04:15,41.282,13.010,44.285,1.001,0,1442772,1153744,161728,5175336,191802.373,5138.028,11460.985,408.320,130.102,25.020,2834,3703,0.810,0.610,0.410,3,0,209.164,0,0,10,30,7,13,2
02-02 07:04:16,56.682,15.981,26.218,0.250,0.250,1524736,1070648,161728,5176272,12700.683,1618.049,323.610,723.128,2.996,24.970,4498,9899,0.810,0.610,0.410,3,0,86.895,0,0,10,32,7,13,2
02-02 07:04:17,74.242,17.808,7.775,0,0,1515684,1075396,161800,5180004,17035.433,1625.289,1167.800,975.173,14.046,38.124,2795,4886,0.810,0.610,0.410,6,0,383.247,0,0,10,30,7,13,2
02-02 07:04:18,82.753,14.000,2.500,0.250,0.250,1649076,912224,162756,5205572,12450.386,1458.045,0,3064.095,0,108.003,6646,13234,0.810,0.610,0.410,8,1,220.007,0,0,10,33,7,13,2
02-02 07:04:19,81.004,13.501,4.750,0.500,0,1519712,1024812,163620,5219644,14814.681,1620.075,0,37433.722,0,273.013,4506,7437,1.070,0.670,0.430,6,0,183.008,0,0,10,31,7,13,2
02-02 07:04:20,50.498,10.250,36.498,1.250,0,1438164,1072504,164784,5248980,14195.319,1619.922,0,3799.818,0,142.993,4155,7492,1.070,0.670,0.430,3,0,126.994,0,0,10,30,7,15,2
02-02 07:04:21,24.482,3.997,71.198,0,0,1413108,1097240,164788,5249268,19787.456,2767.966,0,1267.069,0,143.894,2531,4152,1.070,0.670,0.430,1,0,27.979,0,0,10,31,7,15,2
02-02 07:04:22,35.962,6.993,56.690,0.250,0.250,1391988,1134340,164788,5233648,19533.451,3127.710,383.596,1162.777,2.997,17.981,1737,2276,1.070,0.670,0.430,2,0,42.955,0,0,10,28,7,15,0
02-02 07:04:23,34.060,21.037,43.327,0,0,1380500,1145116,164796,5234352,17346.704,1697.004,0,825.461,0,32.057,12554,23933,1.070,0.670,0.430,3,0,396.702,0,0,10,28,7,16,0
02-02 07:04:24,63.743,20.748,14.249,0,0.250,1496676,1028824,164800,5234476,15826.354,1693.824,0,6287.346,0,41.996,2824,24552,1.460,0.760,0.460,7,0,548.943,0,0,10,28,7,16,0
02-02 07:04:25,84.280,13.005,3.251,0,0,1602204,922720,164804,5235032,20437.214,1458.515,0,780.275,0,37.013,5852,22373,1.460,0.760,0.460,8,0,125.044,0,0,10,29,7,17,0
02-02 07:04:26,82.479,14.746,2.499,0,0.500,1513544,1011208,164816,5235128,15646.010,1619.587,0,1463.627,0,91.977,4732,8899,1.460,0.760,0.460,7,0,100.974,0,0,10,29,7,17,0
02-02 07:04:27,83.503,12.750,2.750,0,0,1540996,983552,164828,5235320,14982.584,1620.063,0,252.010,0,29.001,4596,8535,1.460,0.760,0.460,7,0,80.003,0,0,10,29,7,17,0
02-02 07:04:28,84.244,12.999,2.750,0.250,0,1581308,942852,164828,5235704,27274.009,1619.882,0,243.982,0,12.999,6976,13179,1.460,0.760,0.460,11,0,173.987,0,0,10,29,7,18,0
02-02 07:04:29,69.751,11.500,17.750,0,0,1432136,1091824,164828,5235916,12402.248,1662.033,0,9240.185,0,521.010,6733,14479,1.500,0.780,0.470,4,0,221.004,0,0,10,30,7,18,0
02-02 07:04:30,43.153,8.232,47.643,0.499,0.249,1395928,1127948,164836,5236064,22734.983,1616.373,0,450.988,0,34.922,2799,4613,1.500,0.780,0.470,2,0,98.778,0,0,10,28,6,16,0
02-02 07:04:31,43.839,7.014,48.598,0,0.251,1325776,1198040,164840,5236120,23928.359,1697.431,0,5006.117,0,96.194,3773,8386,1.500,0.780,0.470,5,0,32.065,0,0,10,28,6,17,0
02-02 07:04:32,53.756,17.002,28.253,0,0,1474644,1049148,164840,5236144,19168.243,1532.179,0,220.026,0,14.002,2715,3774,1.500,0.780,0.470,4,0,346.040,0,0,10,29,6,17,0
02-02 07:04:33,63.276,13.506,23.010,0,0.250,1379320,1143584,164848,5237020,23829.937,1662.693,0,512.214,0,52.022,4670,12824,1.500,0.780,0.470,5,0,260.108,0,0,10,28,6,21,0
02-02 07:04:34,81.704,9.245,7.996,0,0.250,1546068,976788,164848,5237068,14669.814,1619.097,0,343.808,0,9.994,3725,6870,1.860,0.870,0.500,4,0,0,0,0,10,31,6,21,0
02-02 07:04:35,71.791,13.758,15.009,0.250,0,1400876,1121612,164856,5237428,34695.950,1620.932,0,520.299,0,47.027,7128,15432,1.860,0.870,0.500,6,0,294.169,0,0,10,28,6,22,0
02-02 07:04:36,59.771,11.504,28.260,0,0,1434656,1087788,164856,5237472,12722.427,1620.564,0,364.127,0,31.011,5078,11307,1.860,0.870,0.500,5,0,113.039,0,0,10,30,6,22,0
02-02 07:04:37,71.698,12.491,15.239,0,0,1483952,1038296,164860,5237664,16382.090,1618.823,0,351.744,0,22.983,3543,7024,1.860,0.870,0.500,3,0,215.843,0,0,10,29,6,22,1
02-02 07:04:38,64.370,13.223,22.205,0,0,1394920,1127092,164860,5237896,14798.049,1616.728,0,343.305,0,24.950,4065,12394,1.860,0.870,0.500,4,0,286.420,0,0,10,28,6,25,0
02-02 07:04:39,63.624,5.761,29.808,0.250,0.250,1494944,1026884,164864,5238076,18812.534,1534.981,0,1406.732,0,22.043,4624,9003,1.880,0.890,0.510,5,0,0,0,0,10,30,6,25,0
02-02 07:04:40,64.252,10.750,24.501,0,0,1466572,1055200,164876,5238116,21960.571,1620.042,0,396.010,0,35.001,3276,4962,1.880,0.890,0.510,4,0,112.003,0,0,10,28,5,25,0
02-02 07:04:41,59.750,14.250,24.250,0,0.500,1358768,1162764,164884,5238340,15387.969,1619.997,0,479.999,0,44.000,5526,13010,1.880,0.890,0.510,4,0,331.999,0,0,10,28,5,28,0
02-02 07:04:42,86.720,12.996,0.500,0,0,1567332,954140,164904,5238380,15708.643,1619.448,0,2978.984,0,189.935,3426,6139,1.880,0.890,0.510,5,0,172.941,0,0,10,31,5,28,0
02-02 07:04:43,82.780,14.505,2.001,0.250,0.250,1486544,1034492,164920,5238784,21299.668,1620.583,0,476.171,0,37.013,4146,7896,1.880,0.890,0.510,7,0,283.102,0,0,10,28,5,28,0
02-02 07:04:44,82.316,15.012,2.502,0.250,0,1571944,948708,164932,5239148,41659.327,1621.297,0,920.737,0,36.029,4198,11020,2.210,0.970,0.540,6,0,184.147,0,0,10,30,5,29,0
02-02 07:04:45,74.675,15.484,8.242,0,0,1484476,1036048,164932,5239268,16978.902,1618.370,0,139.859,0,8.991,4569,11978,2.210,0.970,0.540,4,0,396.601,0,0,10,29,5,29,0
02-02 07:04:46,47.764,23.257,27.508,0,0,1312488,1207848,164932,5239448,15104.395,1458.424,0,172.050,0,9.003,7616,15787,2.210,0.970,0.540,3,0,762.222,0,0,10,28,5,29,0
02-02 07:04:47,12.749,23.748,63.744,0,0.500,1326640,1193676,164936,5239464,14372.635,1619.846,0,191.982,0,13.999,3710,5601,2.210,0.970,0.540,5,0,688.935,0,0,10,28,5,29,0
02-02 07:04:48,73.234,21.245,4.749,0,0,1515308,1004828,164936,5239644,15860.527,1693.629,0,175.961,0,13.997,3208,6435,2.210,0.970,0.540,5,0,641.859,0,0,10,30,5,26,0
02-02 07:04:49,72.744,13.499,13.249,0,0.500,1431680,1088192,164952,5239884,14198.807,1693.858,0,3591.698,0,77.993,4945,12228,2.350,1.020,0.560,7,0,200.983,0,0,10,28,5,27,0
02-02 07:04:50,82.889,10.736,6.991,0,0,1542768,976704,164952,5240256,13879.471,1617.840,0,39575.167,0,147.803,3672,7401,2.350,1.020,0.560,5,0,66.911,0,0,10,31,5,27,0
02-02 07:04:51,54.094,6.261,38.066,0,0,1487840,1031012,164952,5240860,22424.997,1622.822,0,7368.814,0,178.310,9982,22022,2.350,1.020,0.560,4,0,30.052,0,0,10,31,5,35,0
02-02 07:04:52,81.750,10.000,7.500,0,0,1470316,1048088,164956,5241296,22639.909,1693.993,0,419.998,0,41.000,5022,12235,2.350,1.020,0.560,4,0,90.000,0,0,10,28,5,35,0
02-02 07:04:53,67.738,8.998,22.496,0,0,1547024,970976,164960,5241684,25939.279,1619.705,0,147.973,0,7.999,6129,15340,2.350,1.020,0.560,3,0,2.000,0,0,10,32,5,36,0
02-02 07:04:54,53.780,8.004,38.021,0,0.250,1508880,1008160,164960,5242636,18949.555,1512.843,0,144.080,0,10.006,7935,20144,2.400,1.050,0.570,3,0,71.040,0,0,10,31,5,40,0
02-02 07:04:55,78.429,11.739,8.742,0,0.250,1465856,1050652,164960,5243112,18531.137,1564.576,0,29872.816,0,95.913,5833,13959,2.400,1.050,0.570,5,0,195.822,0,0,10,28,5,41,0
02-02 07:04:56,81.282,8.003,10.254,0.250,0,1504688,1011232,164960,5243696,13343.257,1788.705,0,224.088,0,22.009,6828,16367,2.400,1.050,0.570,5,0,34.013,0,0,10,30,5,42,0
02-02 07:04:57,82.740,10.999,6.249,0,0.250,1521120,994692,164964,5243796,16541.965,1845.773,0,447.945,0,29.996,3396,6802,2.400,1.050,0.570,5,0,97.988,0,0,10,29,6,39,0
02-02 07:04:58,78.757,13.251,7.751,0,0.250,1466692,1047504,164968,5245400,14451.358,1694.159,0,420.039,0,37.003,7250,16332,2.400,1.050,0.570,4,0,184.017,0,0,10,29,6,40,0
02-02 07:04:59,82.009,10.751,6.501,0,0,1486140,1027620,164972,5245828,19072.174,1620.185,0,172.020,0,10.001,3985,10194,2.610,1.120,0.600,6,0,93.011,0,0,10,30,6,40,0
02-02 07:05:00,80.497,13.250,6.500,0,0,1483584,1029860,164972,5246132,23165.212,1693.942,0,1631.945,0,54.998,4108,9643,2.610,1.120,0.600,5,0,132.995,0,0,10,29,6,41,0
02-02 07:05:01,75.078,11.262,13.014,0,0.250,1445252,1067836,164984,5246472,13470.076,1555.626,0,608.636,0,61.064,6515,13926,2.610,1.120,0.600,3,0,133.139,0,0,10,28,6,44,0
02-02 07:05:02,64.303,10.966,25.173,0,0.249,1491176,1021868,164984,5246512,13237.348,1698.783,0,5140.214,0,187.424,3141,4327,2.610,1.120,0.600,2,0,127.608,0,0,10,31,6,44,0
02-02 07:05:03,63.372,10.270,26.050,0,0,1423736,1089040,164984,5246752,17926.473,1569.017,0,228.439,0,17.033,4409,9969,2.610,1.120,0.600,4,0,183.353,0,0,10,28,6,45,0
02-02 07:05:04,63.729,8.997,25.992,0.250,0,1464520,1048080,164992,5246916,18182.091,1767.426,0,375.878,0,33.989,5186,10734,2.640,1.150,0.610,4,0,59.981,0,0,10,29,6,46,0
02-02 07:05:05,66.102,12.472,20.454,0,0,1487476,1024924,165000,5247104,16794.347,1690.211,0,375.159,0,23.946,3310,7805,2.640,1.150,0.610,5,0,105.763,0,0,10,29,6,48,0
02-02 07:05:06,63.901,10.024,25.310,0,0,1423636,1088552,165004,5247308,19995.229,1623.835,0,296.701,0,25.059,4424,8597,2.640,1.150,0.610,4,0,82.194,0,0,10,28,6,49,0
02-02 07:05:07,63.510,9.251,25.754,0,0.250,1379656,1132320,165016,5247504,17056.763,1620.262,0,476.077,0,45.007,4926,9804,2.640,1.150,0.610,6,0,118.019,0,0,10,28,6,49,0
02-02 07:05:08,63.993,9.499,25.997,0,0.250,1490208,1021724,165020,5247540,25523.039,1511.825,0,175.980,0,12.998,2167,2991,2.640,1.150,0.610,4,0,18.998,0,0,10,30,6,50,0
02-02 07:05:09,54.247,15.749,29.748,0,0.250,1380336,1131168,165024,5247940,18093.023,1619.913,0,395.979,0,33.998,6158,12970,2.750,1.200,0.630,4,0,288.984,0,0,10,28,6,54,0
02-02 07:05:10,63.229,11.746,23.492,0,0,1431980,1079256,165028,5248200,18253.812,1565.469,0,399.864,0,23.992,3571,7744,2.750,1.200,0.630,4,0,141.952,0,0,10,29,6,56,0
02-02 07:05:11,33.429,12.723,53.636,0,0,1350404,1160556,165028,5248472,14682.872,1616.573,0,339.281,0,25.945,4229,7688,2.750,1.200,0.630,2,0,400.152,0,0,10,28,6,56,0
02-02 07:05:12,25.317,2.507,72.190,0.251,0,1378696,1132220,165032,5248508,24863.341,1624.269,0,200.527,0,9.024,2084,4387,2.750,1.200,0.630,2,0,0,0,0,10,29,6,56,0
02-02 07:05:13,15.235,13.737,69.432,0,0.250,1321076,1189612,165036,5248728,16909.412,1766.267,0,231.773,0,20.979,2725,4553,2.750,1.200,0.630,1,0,232.772,0,0,10,28,6,55,0
02-02 07:05:14,25.757,16.254,56.265,0,0,1392276,1118240,165044,5248884,15718.087,1620.421,0,372.097,0,27.007,2716,3993,2.690,1.210,0.640,3,0,364.095,0,0,10,28,6,57,0
02-02 07:05:15,40.252,6.000,47.502,4.750,0,1494344,1012232,165272,5252368,15216.639,1512.064,368.015,8672.364,23.001,774.033,5214,8968,2.690,1.210,0.640,3,0,44.002,0,0,10,32,6,57,0
02-02 07:05:16,37.416,6.485,42.903,13.470,0,1450868,1050528,165956,5256600,20996.673,1616.357,0,31325.393,0,2862.548,13600,24284,2.690,1.210,0.640,2,1,93.789,0,0,10,32,6,57,0
02-02 07:05:17,40.263,7.502,43.764,6.752,0.250,1461416,1039568,166332,5256600,15030.885,1620.527,0,28177.158,0,2096.681,10426,16631,2.690,1.210,0.640,2,0,16.005,0,0,10,28,6,57,0
02-02 07:05:18,43.094,6.765,47.854,2.255,0,1477444,1023452,166412,5256608,19913.371,1569.418,0,4642.111,0,581.266,4837,7500,2.690,1.210,0.640,2,0,4.009,0,0,10,30,6,57,0
02-02 07:05:19,40.181,5.990,44.673,8.485,0.250,1353904,1146248,166660,5257100,17827.266,1617.212,0,15445.372,0,2179.243,14059,24286,2.630,1.230,0.640,2,0,1.997,0,0,10,28,6,57,0
02-02 07:05:20,24.802,7.516,67.390,0.501,0,1420588,1079560,166660,5257104,18123.661,1697.527,0,3783.863,0,221.460,2180,2709,2.630,1.230,0.640,2,0,99.206,0,0,10,28,6,57,0
02-02 07:05:21,23.188,3.491,73.303,0.249,0.249,1386452,1113648,166664,5257116,21827.285,1615.654,0,83.775,0,6.981,1141,1244,2.630,1.230,0.640,1,0,0.997,0,0,10,28,6,55,0
02-02 07:05:22,23.003,2.500,71.758,1.500,0.250,1334456,1165592,166692,5257136,15979.758,1620.178,0,6696.737,0,336.037,2013,2664,2.630,1.230,0.640,1,0,3.000,0,0,10,28,6,55,0
02-02 07:05:23,22.750,5.250,72.250,0.250,0,1413288,1086744,166704,5257140,14203.929,1511.992,0,4163.979,0,201.999,1463,1598,2.630,1.230,0.640,2,0,4.000,0,0,10,32,6,54,0
02-02 07:05:24,22.247,2.750,73.741,0,0,1379468,1120544,166704,5257160,16584.043,1619.809,0,0,0,0,1040,1114,2.500,1.220,0.640,2,0,1.000,0,0,10,32,6,54,0
02-02 07:05:25,23.516,1.751,73.299,0,0,1437368,1062588,166708,5257208,16783.178,1621.080,0,0,0,0,1074,1118,2.500,1.220,0.640,2,0,2.001,0,0,10,32,6,53,0
02-02 07:05:26,22.238,3.748,73.709,0,0,1398796,1101156,166712,5257208,16079.060,1565.130,0,7.996,0,1.999,1052,1127,2.500,1.220,0.640,2,0,0.999,0,0,10,32,6,53,0
02-02 07:05:27,22.755,4.001,72.766,0.250,0,1343516,1156340,166712,5257300,14463.167,1620.355,0,532.117,0,15.003,1162,1295,2.500,1.220,0.640,1,0,3.001,0,0,10,32,6,53,0
02-02 07:05:28,22.746,3.249,73.986,0,0,1369984,1129800,166720,5257364,14521.328,1661.694,0,0,0,0,977,1116,2.500,1.220,0.640,1,0,1.000,0,0,10,32,6,53,0
02-02 07:05:29,23.496,2.000,72.988,0,0,1430700,1069068,166724,5257372,15767.398,1767.708,0,139.977,0,8.999,1238,1522,2.380,1.220,0.650,1,0,2.000,0,0,10,32,6,52,0
02-02 07:05:30,22.004,3.751,73.765,0,0,1376260,1123456,166728,5257420,15749.103,1586.313,0,352.069,0,22.004,1121,1273,2.380,1.220,0.650,1,0,2.000,0,0,10,32,6,52,0
02-02 07:05:31,23.249,2.250,73.996,0,0.500,1431940,1067764,166728,5257432,14133.223,1619.911,0,0,0,0,1002,1123,2.380,1.220,0.650,1,0,2.000,0,0,10,32,6,51,0
02-02 07:05:32,10.771,18.535,70.134,0,0.250,1341808,1157724,166740,5257568,24458.790,1697.247,0,533.020,0,7.013,3001,4421,2.380,1.220,0.650,2,0,408.782,0,0,10,32,6,51,0
02-02 07:05:33,9.994,18.738,69.706,0,0.250,1339952,1159484,166744,5257612,22759.479,1660.940,0,755.518,0,55.964,3097,4386,2.380,1.220,0.650,1,0,395.748,0,0,10,32,6,51,0
02-02 07:05:34,8.992,20.732,69.689,0,0,1340264,1159108,166744,5257644,23013.886,1564.633,0,87.923,0,0.999,3184,4619,2.270,1.210,0.650,1,0,441.614,0,0,10,32,6,47,0
02-02 07:05:35,20.495,6.248,72.732,0.250,0,1407800,1091576,166744,5257636,21430.749,1619.603,0,143.965,0,2.000,1510,1887,2.270,1.210,0.650,2,0,94.977,0,0,10,32,6,47,0
02-02 07:05:36,23.051,1.754,73.662,0.251,0.251,1361504,1137856,166744,5257652,20324.735,1515.335,0,1968.332,0,238.525,1409,1100,2.270,1.210,0.650,1,0,3.007,0,0,10,32,6,45,0
02-02 07:05:37,23.995,2.499,73.485,0,0.250,1435224,1064156,166744,5257632,16544.675,1693.660,0,51.990,0,3.999,1167,1345,2.270,1.210,0.650,1,0,2.000,0,0,10,32,6,45,0
02-02 07:05:38,22.451,3.742,72.091,1.247,0,1398396,1100960,166760,5257640,13677.895,1732.187,0,4885.248,0,242.466,1651,2030,2.270,1.210,0.650,1,0,0.998,0,0,10,32,6,44,0
02-02 07:05:39,22.750,2.500,73.500,0,0.250,1351232,1148096,166764,5257660,14528.044,1694.005,0,120.000,0,15.000,1260,1588,2.170,1.210,0.650,1,0,3.000,0,0,10,32,6,44,0
02-02 07:05:40,22.752,3.000,73.507,0,0.250,1426076,1073252,166764,5257660,15023.502,1620.162,0,268.027,0,18.002,1034,1283,2.170,1.210,0.650,1,0,2.000,0,0,10,32,6,41,0
02-02 07:05:41,23.249,2.250,73.496,0,0,1394300,1105044,166768,5257640,15279.205,1693.912,0,279.985,0,7.000,1090,1200,2.170,1.210,0.650,1,0,1.000,0,0,10,32,6,41,0
02-02 07:05:42,23.252,2.500,73.757,0,0,1344116,1155204,166768,5257664,13255.273,1566.150,0,20.002,0,1.000,1030,1131,2.170,1.210,0.650,1,0,3.000,0,0,10,32,6,38,0
02-02 07:05:43,22.250,3.250,73.250,0,0,1421744,1077588,166768,5257652,17702.071,1512.006,0,0,0,0,1114,1278,2.170,1.210,0.650,1,0,4.000,0,0,10,32,6,38,0
02-02 07:05:44,22.496,3.249,73.738,0,0,1383160,1116184,166768,5257640,17591.133,1619.736,0,15.997,0,2.000,1075,1127,2.080,1.210,0.650,1,0,1.000,0,0,10,32,6,38,0
02-02 07:05:45,24.254,2.000,73.761,0,0.250,1440844,1058476,166768,5257664,17866.734,1768.271,0,24.004,0,1.000,1094,1150,2.080,1.210,0.650,1,0,2.000,0,0,10,32,6,38,0
02-02 07:05:46,21.999,3.500,73.496,0.250,0,1403780,1095616,166768,5257576,15245.116,1619.906,0,1763.898,0,6.000,1100,1210,2.080,1.210,0.650,1,0,1.000,0,0,10,32,6,37,0
02-02 07:05:47,22.820,2.508,73.977,0,0,1348512,1150796,166768,5257664,27371.895,1624.981,0,88.271,0,1.003,1195,1164,2.080,1.210,0.650,1,0,3.009,0,0,10,32,6,37,0
02-02 07:05:48,22.932,2.991,73.533,0,0,1363288,1136040,166768,5257644,19558.323,1615.237,0,514.483,0,93.724,1226,1119,2.080,1.210,0.650,1,0,0.997,0,0,10,32,6,37,0
02-02 07:05:49,21.752,3.750,73.006,0,0,1429020,1070296,166768,5257656,16739.356,1620.131,0,144.012,0,15.001,1283,1709,1.990,1.200,0.650,1,0,2.000,0,0,10,32,6,37,0
02-02 07:05:50,22.751,3.000,73.252,0,0,1361656,1137648,166772,5257664,23196.696,1458.044,0,404.012,0,29.001,1241,1308,1.990,1.200,0.650,1,0,2.000,0,0,10,32,6,36,0
02-02 07:05:51,23.747,1.500,73.742,0,0,1431456,1067844,166772,5257664,17028.076,1619.817,0,51.994,0,2.000,1110,1225,1.990,1.200,0.650,1,0,2.000,0,0,10,32,6,36,0
02-02 07:05:52,12.504,16.755,70.271,0,0.500,1337724,1161540,166772,5257700,16885.049,1620.485,0,84.025,0,7.002,2408,3234,1.990,1.200,0.650,2,0,275.082,0,0,10,32,6,28,0
02-02 07:05:53,19.001,7.750,72.003,0,0.250,1397388,1101844,166776,5257728,14810.711,1694.081,0,12.001,0,1.000,1659,2244,1.990,1.200,0.650,1,0,119.006,0,0,10,32,6,28,0
02-02 07:05:54,23.249,2.500,73.746,0,0,1366876,1132104,166776,5257948,20345.003,1693.917,0,123.994,0,22.999,1168,1180,1.910,1.200,0.660,1,0,9.000,0,0,10,32,6,25,0
02-02 07:05:55,23.247,2.750,73.492,0,0,1420264,1078712,166776,5257948,20245.672,1619.814,0,143.983,0,2.000,1054,1162,1.910,1.200,0.660,1,0,0,0,0,10,32,6,25,0
02-02 07:05:56,8.513,22.533,67.850,0,0.250,1340100,1158780,166776,5258040,13968.590,1716.530,0,120.177,0,6.009,3079,4462,1.910,1.200,0.660,1,0,424.626,0,0,10,32,6,22,0
02-02 07:05:57,10.512,19.522,68.826,0,0,1340332,1158520,166776,5258068,13861.317,1513.673,0,272.301,0,6.007,3303,4902,1.910,1.200,0.660,1,0,482.533,0,0,10,32,6,22,0
02-02 07:05:58,10.490,18.233,69.184,0,0.250,1340132,1158644,166780,5258104,15188.434,1564.500,0,755.276,0,12.988,3415,5216,1.910,1.200,0.660,2,0,531.490,0,0,10,32,6,20,0
02-02 07:05:59,8.758,21.270,68.814,0.250,0.250,1342256,1156496,166780,5258124,18537.128,1621.498,0,1505.391,0,46.043,3609,5499,1.840,1.200,0.660,2,0,540.499,0,0,10,32,6,20,0
02-02 07:06:00,8.744,20.985,69.700,0,0.250,1339676,1159040,166780,5258160,18452.696,1618.833,0,1634.821,0,37.973,3812,6100,1.840,1.200,0.660,2,0,626.548,0,0,10,32,6,19,0
02-02 07:06:01,8.252,20.504,70.265,0,0.500,1339860,1158808,166780,5258208,18628.024,1694.366,0,236.051,0,10.002,3534,5718,1.840,1.200,0.660,2,0,566.122,0,0,10,32,6,19,0
02-02 07:06:02,21.026,28.785,49.811,0,0,1384428,1114176,166804,5258244,15006.398,1696.079,0,808.992,0,44.054,4560,7873,1.840,1.200,0.660,4,0,861.056,0,0,10,32,6,20,0
02-02 07:06:03,65.995,10.999,22.498,0.250,0,1588792,908232,166948,5259540,14802.934,1619.883,11.999,1571.887,1.000,73.995,2240,2931,1.840,1.200,0.660,3,0,99.993,0,0,10,34,6,22,0
02-02 07:06:04,43.683,9.236,33.199,13.729,0,1565684,919504,168064,5269280,16614.414,1617.509,399.385,51117.279,3.994,3949.917,18543,31028,1.850,1.210,0.670,3,3,124.808,0,0,10,36,6,22,0
02-02 07:06:05,40.550,9.762,28.535,18.273,0,1647920,826620,168840,5281504,22920.375,1513.874,0,68713.067,0,5241.489,21844,41402,1.850,1.210,0.670,6,0,152.188,0,0,10,36,6,22,0
02-02 07:06:06,39.984,9.746,33.737,16.743,0,1597368,868024,169336,5287132,15749.763,1565.380,0,76181.832,0,5756.720,23140,43039,1.850,1.210,0.670,4,0,108.957,0,0,10,36,6,20,0
02-02 07:06:07,43.030,13.759,31.021,11.508,0,1543240,913372,169700,5295380,14546.022,1621.117,364.251,40007.565,6.004,3548.445,15234,30604,1.850,1.210,0.670,7,0,292.201,0,0,10,35,6,22,0
02-02 07:06:08,42.967,16.987,31.725,9.493,0.250,1506660,943748,169904,5300716,13577.450,1618.742,511.602,49040.895,3.997,3570.226,19307,38560,1.850,1.210,0.670,2,1,138.892,0,0,10,34,6,23,0
02-02 07:06:09,41.256,11.752,31.505,13.752,0,1543900,900536,170488,5305908,23665.455,1694.247,1104.161,51821.566,20.003,4029.588,19271,31968,1.860,1.220,0.670,3,1,164.024,0,0,10,34,6,23,0
02-02 07:06:10,36.248,7.750,44.497,11.999,0.250,1547208,893760,170812,5308928,19134.890,1619.906,0,41749.579,0,3657.788,20947,35867,1.860,1.220,0.670,5,0,17.999,0,0,10,35,5,18,0
02-02 07:06:11,36.258,8.752,41.009,13.753,0.500,1538812,901720,171064,5309068,16067.647,1620.368,0,36176.212,0,3166.719,14553,26375,1.860,1.220,0.670,1,2,95.022,0,0,10,34,5,18,0
02-02 07:06:12,35.993,8.248,41.242,14.247,0,1551528,888364,171252,5309496,22601.525,1511.701,0,45147.061,0,3592.289,18270,33330,1.860,1.220,0.670,3,0,26.995,0,0,10,35,5,19,0
02-02 07:06:13,39.504,8.251,43.254,10.251,0,1526472,910908,171436,5311776,16979.647,1620.157,0,32867.188,0,2929.284,16088,27994,1.860,1.220,0.670,3,0,53.005,0,0,10,34,5,21,0
02-02 07:06:14,37.493,6.499,38.493,13.997,0,1550892,884196,171572,5313896,12543.742,1607.711,0,38189.126,0,3354.396,17179,31442,2.030,1.270,0.690,3,1,38.993,0,0,10,37,5,19,0
02-02 07:06:15,35.753,8.251,41.753,13.001,0,1501368,930724,171680,5316708,16037.203,1620.122,0,45371.403,0,3713.278,18448,32639,2.030,1.270,0.690,3,0,82.006,0,0,10,36,5,21,0
02-02 07:06:16,35.262,7.502,41.764,14.255,0,1547576,881108,171916,5319756,12490.084,1620.530,0,38996.752,0,3354.097,17451,28276,2.030,1.270,0.690,1,1,39.013,0,0,10,37,5,21,0
02-02 07:06:17,34.745,7.249,41.495,14.748,0,1531832,893064,172148,5323200,13694.192,1619.786,0,36491.183,0,3285.566,17738,28877,2.030,1.270,0.690,2,0,120.984,0,0,10,36,5,23,0
02-02 07:06:18,35.744,9.998,38.993,16.247,0,1515128,907332,172320,5325392,13643.640,1619.720,0,56134.289,0,4369.244,18393,31822,2.030,1.270,0.690,2,0,86.985,0,0,10,36,5,24,0
02-02 07:06:19,35.960,8.241,41.454,13.485,0,1554680,872852,172408,5320240,16479.773,1692.129,0,36447.689,0,3443.192,16251,30196,2.270,1.330,0.710,2,1,8.990,0,0,10,37,5,24,0
02-02 07:06:20,35.792,14.016,46.554,3.504,0.250,1422940,1004560,172444,5320236,13705.926,1629.894,0,23375.162,0,1728.008,8677,13687,2.270,1.330,0.710,4,0,213.248,0,0,10,32,5,26,0
02-02 07:06:21,22.218,7.739,69.400,0.250,0.250,1377352,1049960,172444,5320424,14099.668,1617.667,0,2736.055,0,171.752,3662,5853,2.270,1.330,0.710,1,0,109.842,0,0,10,32,5,26,0
02-02 07:06:22,8.506,21.766,67.801,0.500,0.250,1375580,1051584,172444,5320572,15199.521,1641.244,0,1224.928,0,72.055,3165,4338,2.270,1.330,0.710,1,0,422.320,0,0,10,32,5,26,0
02-02 07:06:23,49.778,15.509,33.769,0.250,0.250,1520980,905844,172464,5320892,21802.471,1620.927,0,1380.790,0,88.050,3212,4385,2.270,1.330,0.710,3,0,321.184,0,0,10,32,5,32,0
02-02 07:06:24,66.252,8.500,24.751,0,0,1683720,740600,172592,5323052,19512.566,1620.047,0,2160.063,0,114.003,1730,1630,2.270,1.330,0.710,3,0,0,0,0,10,32,5,32,0
02-02 07:06:25,44.000,8.250,36.500,11.000,0,1750672,663292,172780,5332724,23958.120,1620.008,0,40780.204,0,3025.015,15332,24492,2.330,1.360,0.730,1,0,117.001,0,0,10,38,5,32,0
02-02 07:06:26,23.746,7.499,47.243,20.997,0.250,1755892,646924,172932,5343364,16385.509,1693.743,0,81395.628,0,6130.068,26750,44493,2.330,1.360,0.730,1,1,200.969,0,0,10,38,5,32,0
02-02 07:06:27,30.022,6.755,44.032,18.514,0,1756592,635612,173108,5353452,13597.981,1847.356,0,65071.763,0,5017.683,23128,38300,2.330,1.360,0.730,2,1,141.104,0,0,10,38,6,32,0
02-02 07:06:28,39.449,10.237,31.959,17.477,0,1686768,697808,173236,5360640,14361.388,1583.947,0,74279.733,0,5718.589,21451,38323,2.330,1.360,0.730,6,0,216.719,0,0,10,36,6,32,0
02-02 07:06:29,50.288,7.756,29.772,14.011,0.250,1750524,627248,173324,5367140,13754.371,1621.222,0,62318.989,0,4823.637,17310,32334,2.330,1.360,0.730,3,0,99.075,0,0,10,38,6,32,0
02-02 07:06:30,28.248,6.999,40.997,20.998,0.500,1639144,726512,173372,5378804,21428.329,1639.872,0,69970.542,0,5026.608,20450,35642,2.380,1.390,0.740,0,1,74.994,0,0,10,36,6,32,0
02-02 07:06:31,26.249,6.750,47.249,20.750,0,1637836,718488,173436,5387748,21303.553,1619.966,0,74362.438,0,5736.880,23392,40839,2.380,1.390,0.740,1,1,29.999,0,0,10,36,6,32,0
02-02 07:06:32,26.980,13.490,52.461,5.246,0,1380320,975172,173468,5388512,21386.238,1744.714,0,25205.424,0,1763.700,7478,12210,2.380,1.390,0.740,1,0,214.842,0,0,10,32,6,32,0
02-02 07:06:33,20.467,5.491,73.132,0.499,0,1442548,912928,173468,5388524,21671.023,1617.390,0,878.582,0,53.913,1471,1715,2.380,1.390,0.740,1,0,48.921,0,0,10,32,6,32,0
02-02 07:06:34,23.246,3.249,71.987,1.000,0,1503268,852196,173476,5388524,13685.482,1767.675,0,6446.814,0,377.930,2080,3186,2.380,1.390,0.740,1,0,0,0,0,10,38,6,32,0
02-02 07:06:35,22.297,3.758,73.404,0.251,0,1424168,931288,173476,5388532,15254.095,1589.344,0,112.236,0,9.019,1267,1586,2.270,1.380,0.740,1,0,28.059,0,0,10,32,6,32,0
02-02 07:06:36,22.954,2.495,73.851,0,0,1491936,863516,173476,5388536,13738.290,1616.739,0,35.928,0,6.986,940,1189,2.270,1.380,0.740,1,0,0,0,0,10,32,6,32,0
02-02 07:06:37,18.548,15.791,64.666,0,0.251,1392040,963388,173480,5388552,15000.536,1624.172,0,3950.148,0,64.165,3151,4989,2.270,1.380,0.740,2,0,475.221,0,0,10,32,6,32,0
02-02 07:06:38,12.735,29.965,56.433,0.250,0,1395428,959944,173480,5388608,18394.313,1564.156,0,331.609,0,32.961,4550,7360,2.270,1.380,0.740,1,0,924.910,0,0,10,32,6,32,0
02-02 07:06:39,9.739,19.977,69.169,0,0.250,1394748,960556,173480,5388676,16570.513,1618.097,0,107.873,0,9.988,2903,4061,2.270,1.380,0.740,1,0,405.523,0,0,10,32,6,32,0
02-02 07:06:40,11.023,17.036,71.400,0,0.501,1396272,958972,173480,5388712,14640.746,1623.409,0,12.025,0,3.006,2813,4120,2.090,1.360,0.740,1,0,359.755,0,0,10,32,6,32,0
02-02 07:06:41,13.233,18.976,67.164,0,0,1401560,953620,173480,5389120,13326.928,1617.927,0,35.954,0,8.988,3452,6375,2.090,1.360,0.740,1,0,358.541,0,0,10,32,6,32,0
02-02 07:06:42,31.230,12.242,54.216,0,0,1451524,903572,173484,5389236,13869.249,1692.932,0,463.707,0,35.977,3517,7684,2.090,1.360,0.740,2,0,164.896,0,0,10,33,6,32,0
02-02 07:06:43,45.736,5.248,48.985,0,0.250,1561968,792972,173500,5389340,15411.145,1585.501,83.974,27.991,1.000,2.999,1193,1281,2.090,1.360,0.740,2,0,1.999,0,0,10,33,6,32,0
02-02 07:06:44,46.107,6.766,46.608,0,0,1617396,734032,173552,5392384,13892.146,1623.757,0,1792.147,0,133.308,3962,10340,2.090,1.360,0.740,2,0,5.012,0,0,10,49,6,32,0
02-02 07:06:45,22.441,11.719,64.329,0,0.249,1652004,699300,173552,5392464,15451.039,1615.717,0,267.291,0,13.963,2444,3572,2.080,1.370,0.740,1,0,254.326,0,0,10,48,6,32,0
02-02 07:06:46,4.499,1.000,94.237,0.250,0,1656760,694540,173552,5392468,19779.310,2080.717,0,143.980,0,11.998,982,1273,2.080,1.370,0.740,0,0,2.000,0,0,10,49,6,32,0
02-02 07:06:47,0.750,0.250,97.502,0,0,1657172,694064,173556,5392528,146510.637,5178.093,0,576.010,0,36.001,1106,1459,2.080,1.370,0.740,1,0,0,0,0,10,49,6,32,0
02-02 07:06:48,12.277,9.020,76.922,1.754,0,1672856,676900,173640,5393604,56545.209,3740.348,4.009,4558.174,1.002,299.669,2731,3331,2.080,1.370,0.740,0,1,60.134,0,0,10,48,6,33,0
02-02 07:06:49,15.995,8.747,72.729,1.500,0.250,1691372,611708,173660,5438452,14149.882,1619.529,63.981,4674.640,3.999,142.958,2248,2784,2.080,1.370,0.740,1,0,34.990,0,0,10,48,6,33,0
02-02 07:06:50,15.976,10.983,73.138,0,0.250,1683740,619316,173660,5438456,15456.352,1583.577,0,3.994,0,0.998,1886,2023,2,1.360,0.750,2,0,73.887,0,0,10,48,6,33,0
02-02 07:06:51,22.806,2.757,73.429,0.501,0,1708668,594368,173660,5438456,16576.513,1623.969,0,4567.162,0,225.551,1526,1345,2,1.360,0.750,1,0,12.029,0,0,10,48,6,33,0
02-02 07:06:52,16.882,9.186,72.991,0,0.248,1652064,695880,173660,5394116,14177.143,1608.782,99.308,19.862,2.979,2.979,1741,2004,2,1.360,0.750,1,0,89.377,0,0,10,48,6,33,0
02-02 07:06:53,14.587,14.336,69.416,0,0,1648172,699680,173664,5394488,14436.460,1575.435,0,4.024,0,1.006,4298,9133,2,1.360,0.750,8,0,260.560,0,0,10,48,6,33,0
02-02 07:06:54,5.989,5.240,88.587,0,0,1649404,698432,173664,5394148,13064.028,1617.033,0,255.531,0,1.996,1364,2033,2,1.360,0.750,0,0,41.923,0,0,10,48,6,33,0
02-02 07:06:55,1.000,0.750,98.248,0,0.250,1649404,698432,173664,5394148,11551.734,1619.963,0,0,0,0,667,960,1.840,1.340,0.740,0,0,3.000,0,0,10,48,6,33,0
02-02 07:06:56,1.000,0,98.000,0,0,1649404,698432,173664,5394148,13731.959,1713.995,0,4.000,0,1.000,796,1002,1.840,1.340,0.740,0,0,3.000,0,0,10,48,6,33,0
02-02 07:06:57,0.747,1.245,96.619,0.498,0,1649620,698208,173664,5394156,16809.753,1506.065,0,2908.537,0,54.784,1158,1598,1.840,1.340,0.740,2,0,0.996,0,0,10,48,6,33,0
02-02 07:06:58,4.780,5.786,88.044,0,0,1594056,753808,173664,5394480,12791.010,1630.069,0,237.467,0,7.044,1788,2518,1.840,1.340,0.740,2,0,108.671,0,0,10,48,6,33,0
02-02 07:06:59,13.972,14.471,69.612,0,0.250,1583728,763960,173664,5394280,23036.342,1690.649,0,3.992,0,0.998,5657,9399,1.840,1.340,0.740,1,0,197.608,0,0,10,48,6,33,0
02-02 07:07:00,12.527,19.291,66.642,0,0.251,1640028,707572,173664,5394680,20671.969,1936.118,0,0,0,0,4284,7078,2.090,1.400,0.760,1,0,384.819,0,0,11,48,6,33,0
02-02 07:07:01,14.751,10.751,73.005,0,0.250,1637040,710556,173664,5394312,18715.235,1640.108,0,4.000,0,1.000,3750,6172,2.090,1.400,0.760,3,0,138.009,0,0,11,48,6,33,0
02-02 07:07:02,5.242,8.487,85.614,0.250,0,1643164,704412,173664,5394344,18484.720,1617.438,0,227.639,0,10.983,1878,2718,2.090,1.400,0.760,1,0,193.693,0,0,13,48,6,33,0
02-02 07:07:03,18.021,11.013,69.833,0,0.250,1646320,701092,173664,5394488,17708.055,1696.017,0,32.038,0,7.008,5388,9354,2.090,1.400,0.760,1,0,163.194,0,0,13,50,6,33,0
02-02 07:07:04,10.985,18.724,70.154,0,0.250,1648084,699224,173664,5394532,17230.498,1509.940,0,23.967,0,5.992,2954,4385,2.090,1.400,0.760,1,0,368.497,0,0,13,50,6,27,0
02-02 07:07:05,15.492,15.992,66.966,0,0,1647288,700028,173664,5394912,17363.162,1619.176,0,27.986,0,6.996,3996,9152,2,1.390,0.770,1,0,237.879,0,0,13,50,6,27,0
02-02 07:07:06,38.345,19.298,42.606,0,0,1718516,628700,173676,5394956,18235.388,1624.042,0,48.120,0,4.010,5154,11543,2,1.390,0.770,14,0,410.021,0,0,13,50,6,26,0
02-02 07:07:07,27.693,6.986,64.118,0.249,0,1755740,590464,173724,5395524,18927.143,1690.529,31.934,770.418,1.996,37.922,2180,3800,2,1.390,0.770,1,0,31.934,0,0,13,54,6,28,0
02-02 07:07:08,23.238,6.497,70.214,0,0,1827076,519068,173732,5395576,15865.893,1639.162,0,391.800,0,7.996,1329,1588,2,1.390,0.770,3,0,11.994,0,0,13,58,6,27,0
02-02 07:07:09,15.747,3.499,79.735,0,0.250,1862688,482780,173732,5396252,21037.940,1693.673,0,0,0,0,1201,2514,2,1.390,0.770,1,0,2.999,0,0,13,58,6,27,0
02-02 07:07:10,0.750,0.250,98.261,0,0.250,1862940,482528,173732,5396252,18178.036,1710.192,0,0,0,0,766,999,1.920,1.390,0.770,1,0,2.000,0,0,13,58,6,25,0
02-02 07:07:11,5.514,7.770,84.465,0,0,1818240,527108,173732,5396724,16401.825,1590.055,0,749.912,0,9.023,2747,5368,1.920,1.390,0.770,1,0,168.429,0,0,13,56,6,25,2
02-02 07:07:12,15.216,12.472,70.594,0.249,0.249,1814108,531172,173732,5396384,13019.176,1616.421,0,1744.138,0,163.638,4360,9016,1.920,1.390,0.770,2,0,178.605,0,0,13,56,6,24,2
02-02 07:07:13,17.039,14.784,65.899,0,0,1876788,468420,173732,5396408,26788.730,1623.681,0,272.618,0,5.011,5194,12432,1.920,1.390,0.770,1,0,218.495,0,0,13,56,6,24,2
02-02 07:07:14,19.997,16.497,62.490,0,0,1871532,473688,173732,5396404,14969.575,1619.738,0,603.902,0,15.997,5182,10697,1.920,1.390,0.770,1,0,297.952,0,0,13,52,6,23,4
02-02 07:07:15,16.459,12.220,70.825,0,0.249,1870484,474716,173732,5396432,14392.465,1763.646,0,0,0,0,4335,10049,1.930,1.400,0.770,1,0,118.707,0,0,13,58,6,23,4
02-02 07:07:16,12.786,5.515,80.725,0,0.251,1740852,604264,173732,5396516,16899.183,1570.385,80.224,0,3.008,0,1303,2003,1.930,1.400,0.770,3,0,95.266,0,0,13,50,6,26,0
02-02 07:07:17,31.488,22.491,45.982,0.250,0,1714912,630092,173732,5396580,20735.975,1619.373,0,819.683,0,35.986,3933,6863,1.930,1.400,0.770,2,0,618.761,0,0,13,50,6,26,0
02-02 07:07:18,40.503,16.501,41.754,0,0,1802276,542056,173732,5397236,21475.825,1512.129,0,1800.153,0,229.019,5632,10740,1.930,1.400,0.770,1,0,254.022,0,0,13,58,6,28,0
02-02 07:07:19,44.755,11.501,42.755,0,0.250,1919080,425204,173736,5397276,21688.472,1620.185,0,28.003,0,7.001,2341,3052,1.930,1.400,0.770,2,0,180.021,0,0,13,58,6,28,0
02-02 07:07:20,27.946,4.491,66.870,0,0,1977236,365508,173828,5398624,16372.074,1616.847,0,11.977,0,2.994,1761,4010,1.930,1.410,0.780,1,0,3.992,0,0,13,58,6,25,0
02-02 07:07:21,23.020,5.505,61.304,9.258,0,1999316,329804,174136,5411668,13756.174,1753.552,152.135,23644.926,38.034,1794.588,10176,17622,1.930,1.410,0.780,1,1,5.004,0,0,13,60,6,25,0
02-02 07:07:22,27.525,7.257,53.048,10.259,0,2051944,267644,174256,5420788,13396.217,1621.479,0,23301.251,0,2302.100,14651,27818,1.930,1.410,0.780,4,0,10.009,0,0,14,66,6,27,0
02-02 07:07:23,27.711,15.728,54.423,1.248,0,2169416,148896,174260,5421892,15208.526,1691.611,0,51231.661,0,567.199,6428,13337,1.930,1.410,0.780,1,0,262.629,0,0,14,85,6,36,0
02-02 07:07:24,10.504,20.008,68.277,0,0.500,2168608,149508,174260,5422060,19393.699,1640.651,0,4417.754,0,71.028,3322,5364,1.930,1.410,0.780,1,0,410.163,0,0,14,85,6,30,0
02-02 07:07:25,16.723,14.726,66.643,0.499,0,2174532,143396,174260,5422088,13859.838,1509.586,0,4404.956,0,231.630,5478,10058,1.940,1.420,0.790,1,0,193.690,0,0,14,85,6,30,0
02-02 07:07:26,44.266,10.504,43.766,0.250,0.250,2252144,129548,172560,5361520,21527.987,1620.601,184.068,3901.447,7.003,520.193,2697,2820,1.940,1.420,0.790,3,0,128.048,0,0,14,86,6,30,0
02-02 07:07:27,25.735,13.992,58.715,0.750,0,2296484,122436,172164,5324840,18023.240,1619.033,1455.131,1523.091,30.982,93.944,2780,5019,1.940,1.420,0.790,1,0,158.905,0,0,14,89,6,31,0
02-02 07:07:28,9.259,18.017,71.569,0,0.250,2305936,123316,172088,5314692,22007.347,1663.614,0,0,0,0,2798,3870,1.940,1.420,0.790,1,0,315.306,0,0,14,89,6,31,0
02-02 07:07:29,9.744,17.239,71.454,0,0,2301508,137500,172060,5305088,18551.941,1618.948,151.901,147.904,2.998,12.992,2913,4303,1.940,1.420,0.790,1,0,330.785,0,0,14,89,6,31,0
02-02 07:07:30,15.543,11.031,72.451,0.251,0.251,2337660,125440,171996,5281364,18114.213,1624.503,601.668,32.089,33.092,4.011,1997,2763,1.780,1.390,0.780,2,0,187.520,0,0,14,89,6,31,0
02-02 07:07:31,22.715,4.743,71.140,0.499,0.250,2313000,172884,171936,5258892,20857.837,1619.503,4824.561,0,131.797,0,2315,3567,1.780,1.390,0.780,1,0,28.955,0,0,14,91,6,32,0
02-02 07:07:32,22.524,5.756,71.827,0,0.250,2373676,128732,171892,5242676,14333.351,1695.816,328.352,88.094,31.033,7.008,1938,2800,1.780,1.390,0.780,1,0,35.038,0,0,14,93,6,32,0
02-02 07:07:33,32.495,5.999,55.991,2.250,0,2414160,119260,171636,5212384,21098.434,1619.726,1215.795,9118.459,160.973,819.861,5109,9486,1.780,1.390,0.780,1,0,11.998,0,0,14,106,6,35,0
02-02 07:07:34,20.953,6.236,72.337,0,0,2412868,136848,171604,5196412,12667.511,1616.365,15.964,646.546,3.991,34.921,1674,2234,1.780,1.390,0.780,1,0,110.751,0,0,14,106,6,35,0
02-02 07:07:35,25.309,3.258,70.414,0.501,0.251,2450960,129372,171464,5166644,16288.049,1623.793,513.199,801.873,97.227,80.187,2689,4786,1.720,1.390,0.780,1,0,2.005,0,0,14,113,6,36,0
02-02 07:07:36,19.748,7.999,70.494,0.750,0,2435260,144816,171480,5166884,12634.888,1661.854,87.992,639.944,12.999,58.995,2232,3562,1.720,1.390,0.780,1,0,89.992,0,0,14,111,6,38,0
02-02 07:07:37,21.448,6.235,71.576,0,0,2420292,159612,171480,5167056,13267.746,1616.071,147.641,430.952,5.985,36.910,1690,2381,1.720,1.390,0.780,1,0,56.862,0,0,14,115,6,39,0
02-02 07:07:38,22.752,3.750,72.756,0.250,0,2461428,133432,171416,5152336,13283.142,1458.125,0,1956.168,0,246.021,1488,1779,1.720,1.390,0.780,1,0,0,0,0,14,115,6,40,0
02-02 07:07:39,22.057,4.512,73.190,0.251,0.251,2468904,126228,171420,5152196,19526.711,1698.411,4.010,1215.156,1.003,65.169,1606,2098,1.720,1.390,0.780,4,0,51.133,0,0,14,115,6,40,0
02-02 07:07:40,21.705,6.237,70.604,0.499,0.249,2449856,145232,171420,5152240,13811.355,1616.647,0,618.717,0,71.851,2326,3704,1.740,1.400,0.790,1,0,81.830,0,0,14,115,5,41,0
02-02 07:07:41,23.550,3.758,72.654,0,0,2419520,175260,171420,5152548,25917.022,1623.447,280.596,224.477,12.026,13.028,1655,2022,1.740,1.400,0.790,1,0,46.098,0,0,14,115,5,42,0
02-02 07:07:42,22.741,3.249,72.222,0.500,0,2473932,129396,171348,5144244,15833.951,1619.381,51.980,1267.516,12.995,201.923,1774,2109,1.740,1.400,0.790,1,0,8.997,0,0,14,117,5,42,0
02-02 07:07:43,26.007,5.502,66.268,1.000,0,2452972,150172,171352,5144424,20029.488,1620.444,36.010,2180.597,9.002,255.070,3794,7276,1.740,1.400,0.790,1,0,56.015,0,0,14,117,5,43,0
02-02 07:07:44,23.686,2.992,72.305,0,0.249,2484076,118924,171352,5144568,19345.959,1615.654,3.989,785.886,0.997,58.842,1846,2653,1.740,1.400,0.790,1,0,0,0,0,14,119,5,43,0
02-02 07:07:45,30.833,3.509,63.921,1.003,0.251,2494132,123992,171320,5129828,15014.178,1570.202,8.021,2851.631,2.005,344.923,3951,7140,1.920,1.440,0.810,1,0,0,0,0,14,119,5,43,0
02-02 07:07:46,21.996,5.749,71.737,0,0,2481456,136632,171320,5129864,17596.709,1553.709,0,627.883,0,47.991,1957,2869,1.920,1.440,0.810,1,0,69.987,0,0,14,119,5,44,0
02-02 07:07:47,20.996,5.499,70.737,1.000,0,2444044,181148,171276,5122940,13789.421,1619.697,7.999,2479.536,2.000,293.945,2704,4552,1.920,1.440,0.810,1,0,46.991,0,0,14,119,5,45,0
02-02 07:07:48,21.200,7.233,70.584,0.998,0.249,2505064,120108,171280,5122956,19605.828,1616.194,7.981,4509.380,1.995,284.330,2244,3399,1.920,1.440,0.810,1,0,99.765,0,0,14,120,5,45,0
02-02 07:07:49,26.835,1.505,69.971,0.502,0,2506760,118344,171280,5123024,14371.443,1699.373,8.025,1444.568,2.006,121.384,2694,5105,1.920,1.440,0.810,2,0,0,0,0,14,121,5,44,0
02-02 07:07:50,35.985,9.746,52.478,1.000,0,2456292,180212,171240,5111964,16692.989,1693.289,3134.683,2299.034,81.966,297.875,3933,6621,1.930,1.450,0.820,2,0,158.933,0,0,14,119,5,45,0
02-02 07:07:51,34.660,7.730,56.853,0.249,0,2514392,121780,171248,5112288,17279.333,1942.977,91.763,953.535,4.987,87.773,3304,5902,1.930,1.450,0.820,1,0,129.665,0,0,14,120,5,45,0
02-02 07:07:52,16.550,11.535,69.960,0.251,0.251,2472120,164028,171248,5112312,18124.519,1875.642,0,537.617,0,35.106,2730,4013,1.930,1.450,0.820,2,0,254.766,0,0,14,119,5,46,0
02-02 07:07:53,11.251,19.002,67.757,0.250,0.250,2470716,165080,171384,5112872,12973.297,1708.171,248.025,524.052,19.002,35.004,4056,7691,1.930,1.450,0.820,12,0,408.041,0,0,14,119,5,46,0
02-02 07:07:54,21.496,15.497,60.489,0.250,0.250,2495288,140404,171388,5112732,17020.970,1619.712,123.978,431.923,5.999,24.996,3918,7340,1.930,1.450,0.820,2,0,223.960,0,0,14,119,5,46,0
02-02 07:07:55,31.515,22.511,44.272,1.000,0,2544048,128972,171364,5076108,16900.281,1662.815,28.014,5598.743,4.002,722.354,4745,6345,1.860,1.440,0.820,2,0,488.239,0,0,14,119,5,46,0
02-02 07:07:56,36.726,19.237,41.723,0.999,0,2636864,121460,171088,4993588,17058.809,1828.800,1994.691,8854.192,91.940,1239.187,9213,20115,1.860,1.440,0.820,3,0,228.850,0,0,16,131,5,46,0
02-02 07:07:57,52.880,24.445,21.451,0,0,2746428,131072,170848,4877676,15271.456,1911.676,51.883,678.465,9.977,53.878,4200,6955,1.860,1.440,0.820,4,0,672.479,0,0,16,131,6,46,0
02-02 07:07:58,59.396,19.799,19.799,0.251,0.251,2832888,132312,170424,4792084,17036.011,1698.188,834.057,304.752,59.146,21.052,5973,15900,1.860,1.440,0.820,3,0,265.655,0,0,16,147,6,46,0
02-02 07:07:59,33.997,22.830,41.690,0,0,2897356,124980,170312,4735920,16920.198,1608.044,35.734,6273.358,4.963,425.834,4770,6115,1.860,1.440,0.820,2,0,621.380,0,0,16,147,6,46,0
02-02 07:08:00,24.168,17.623,58.155,0.252,0,2928384,118664,170316,4711888,14178.655,1705.869,0,265.850,0,20.140,4475,8835,1.870,1.450,0.820,1,0,335.333,0,0,17,147,6,46,0
02-02 07:08:01,25.262,20.009,53.275,0.250,0.250,2963088,129208,170300,4667384,19517.095,1548.722,884.412,528.246,49.023,49.023,3977,8757,1.870,1.450,0.820,3,0,366.171,0,0,17,151,6,46,0
02-02 07:08:02,33.724,20.984,43.966,0.250,0.250,3028288,131072,170304,4602304,14654.569,1618.737,1442.875,279.782,81.936,21.983,4940,9404,1.870,1.450,0.820,5,0,351.726,0,0,17,153,6,47,0
02-02 07:08:03,33.007,23.505,42.009,0.750,0,3116340,130184,170280,4516376,15877.430,1620.350,684.148,572.124,35.008,47.010,5596,15041,1.870,1.450,0.820,2,0,430.093,0,0,17,163,6,47,0
02-02 07:08:04,31.253,24.502,44.254,0,0.250,3171080,127540,170280,4465564,16883.536,1838.167,48.004,220.020,3.000,21.002,4556,8407,1.870,1.450,0.820,3,0,716.065,0,0,17,165,6,48,0
02-02 07:08:05,15.752,23.253,60.008,0,0,3222112,130084,170280,4413396,15342.056,1694.227,0,720.096,0,46.006,5977,10551,2.440,1.580,0.870,1,0,416.056,0,0,17,169,6,48,0
02-02 07:08:06,27.499,17.999,53.247,0.250,0.250,3256664,130780,170280,4378960,15889.237,1619.922,339.984,555.973,21.999,34.998,6756,14919,2.440,1.580,0.870,2,0,224.989,0,0,17,175,6,49,0
02-02 07:08:07,44.733,7.747,46.982,0,0,3379180,127292,170280,4262636,13106.980,1619.380,15.994,183.930,3.998,8.997,1672,1866,2.440,1.580,0.870,2,0,1.000,0,0,17,175,6,48,0
02-02 07:08:08,44.752,7.500,46.002,0.250,0,3468260,127376,170416,4174816,66067.841,1512.065,3008.129,288.012,62.003,23.001,2791,3211,2.440,1.580,0.870,6,0,5.000,0,0,17,180,6,48,0
02-02 07:08:09,45.281,25.768,27.519,0.250,0,3454836,145300,170448,4170532,15424.566,1609.102,1428.979,276.189,29.020,18.012,8349,15177,2.440,1.580,0.870,3,0,641.439,0,0,17,181,6,44,0
02-02 07:08:10,47.741,22.996,27.495,0,0,3432508,164280,170452,4174180,17788.674,1619.697,0,999.813,0,50.990,6822,13729,2.560,1.620,0.880,4,0,422.921,0,0,17,191,6,44,0
02-02 07:08:11,66.753,17.001,15.001,0,0.250,3548196,131424,170464,4093072,19462.740,1710.065,224.009,1224.047,10.000,68.003,4335,7588,2.560,1.620,0.880,4,0,197.007,0,0,17,206,6,45,0
02-02 07:08:12,79.028,17.756,3.001,0,0.250,3620528,138144,170476,4015484,12398.339,1620.567,456.160,368.129,5.002,15.005,2604,5522,2.560,1.620,0.880,5,0,65.023,0,0,17,210,6,46,0
02-02 07:08:13,73.830,19.705,4.739,0.499,0,3648904,138588,170556,3987180,14580.407,1763.936,79.816,24367.856,2.993,339.218,11691,53721,2.560,1.620,0.880,5,1,69.839,0,0,17,215,6,51,0
02-02 07:08:14,44.794,19.769,33.282,1.251,0.500,3654048,142456,170556,3978460,31166.387,1621.581,656.640,16283.877,40.039,1033.007,8318,14927,2.560,1.620,0.880,5,0,518.506,0,0,17,222,6,52,0
02-02 07:08:15,42.280,13.760,43.030,0.250,0,3667724,145252,170556,3962440,19877.915,1621.135,408.286,640.448,8.006,45.032,5177,12334,2.520,1.620,0.890,4,0,190.133,0,0,17,222,6,50,0
02-02 07:08:16,50.511,25.255,23.255,0,0,3706344,159812,170556,3910492,17997.762,1512.316,176.037,640.134,4.001,45.009,3861,7362,2.520,1.620,0.890,3,0,505.106,0,0,17,222,6,51,0
02-02 07:08:17,59.240,18.497,20.747,0.250,0,3788640,134748,170652,3854716,13027.811,1565.737,295.950,7266.779,30.995,794.866,8629,19739,2.520,1.620,0.890,3,0,232.961,0,0,17,226,6,49,0
02-02 07:08:18,52.006,25.503,21.503,0.250,0,3857136,131492,170652,3791188,17308.129,1620.199,92.011,504.062,3.000,36.004,4657,8795,2.520,1.620,0.890,3,0,550.068,0,0,17,230,6,49,0
02-02 07:08:19,62.249,15.750,21.500,0.500,0.250,3908892,126252,170660,3745052,14899.836,1619.982,319.996,935.990,24.000,63.999,7566,18793,2.520,1.620,0.890,3,0,213.998,0,0,17,238,6,47,0
02-02 07:08:20,65.006,11.501,22.502,0.250,0.250,3998104,124148,170660,3658444,16549.589,1806.173,484.046,512.049,34.003,46.004,2674,4244,2.560,1.650,0.900,3,0,6.001,0,0,17,241,6,47,0
02-02 07:08:21,57.262,19.004,23.005,0.500,0,3989752,212400,170680,3579724,14739.110,1710.361,944.199,932.197,45.009,75.016,5106,11047,2.560,1.650,0.900,3,0,210.044,0,0,17,248,6,54,0
02-02 07:08:22,44.267,26.510,27.511,0.250,0,3997768,203140,170816,3580832,19293.505,1620.630,1776.691,1667.649,46.018,84.033,5257,9296,2.560,1.650,0.900,5,0,575.224,0,0,17,254,6,54,0
02-02 07:08:23,60.164,19.722,19.472,0.499,0.499,4084296,121936,170892,3575808,16536.353,1617.687,3558.911,679.029,48.930,41.940,4939,10405,2.560,1.650,0.900,6,0,196.719,0,0,18,254,6,54,0
02-02 07:08:24,64.801,16.013,19.015,0,0,4120084,130760,170892,3532292,18366.436,1513.189,772.607,932.733,7.006,57.045,2858,4456,2.560,1.650,0.900,6,0,148.116,0,0,18,257,6,43,0
02-02 07:08:25,58.426,13.483,27.964,0,0,4194456,123544,170944,3466668,16638.869,1617.945,990.742,739.061,8.989,31.959,4139,9590,2.590,1.670,0.910,3,0,119.848,0,0,18,254,6,44,0
02-02 07:08:26,20.456,7.983,68.851,1.746,0,4209768,124396,170952,3450944,19007.734,2495.582,838.180,13462.772,11.974,1045.730,3858,3400,2.590,1.670,0.910,1,0,110.760,0,0,18,255,6,44,0
02-02 07:08:27,17.800,7.270,73.206,0,0,4193240,140852,170960,3451008,14154.789,2204.196,810.278,541.522,10.028,30.085,2188,3094,2.590,1.670,0.910,1,0,11.031,0,0,18,259,7,44,0
02-02 07:08:28,18.250,7.750,73.498,0.250,0,4206604,127464,170960,3451032,18015.532,2878.925,767.980,151.996,6.000,16.000,2328,3442,2.590,1.670,0.910,1,0,10.000,0,0,18,263,6,43,0
02-02 07:08:29,18.429,5.728,74.711,0.498,0.249,4208212,142256,170960,3434884,26595.967,3089.033,765.036,235.089,5.977,27.892,2051,2787,2.590,1.670,0.910,0,0,8.965,0,0,18,267,6,43,0
02-02 07:08:30,2.500,1.250,94.260,0.250,0.250,4208440,142004,170960,3434908,78331.990,3349.342,0,528.054,0,53.005,1650,2485,2.390,1.640,0.910,1,0,1.000,0,0,18,268,6,43,0
02-02 07:08:31,3.749,1.500,92.975,0.500,0.250,4209340,140212,170960,3435800,897899.975,8381.703,15.996,375.897,1.000,38.989,1957,2706,2.390,1.640,0.910,0,0,2.999,0,0,18,274,6,43,0
02-02 07:08:32,4.005,1.252,92.614,0,0,4210744,135928,170960,3438680,3013322.387,23627.061,0,144.177,0,17.021,2190,2221,2.390,1.640,0.910,1,0,1.001,0,0,18,276,6,42,0
02-02 07:08:33,4.744,0.749,92.639,0,0,4189648,154692,170960,3441012,3016932.630,13899.279,0,239.712,0,16.980,2152,2173,2.390,1.640,0.910,0,0,1.998,0,0,18,276,6,42,0
02-02 07:08:34,2.752,1.501,93.560,0,0,4192280,149832,170960,3443240,2295125.995,10272.544,0,60.038,0,7.004,1712,1959,2.390,1.640,0.910,0,0,0,0,0,18,276,6,39,0
02-02 07:08:35,3.000,1.000,94.002,0,0,4193388,145872,170960,3446076,2993926.848,11652.291,0,0,0,0,1751,1818,2.270,1.630,0.910,0,0,0,0,0,18,276,6,39,0
02-02 07:08:36,2.750,1.500,94.488,0,0.250,4193788,147076,170960,3444564,2258189.984,9274.850,0,0,0,0,1740,1990,2.270,1.630,0.910,0,0,0,0,0,18,276,6,36,0
02-02 07:08:37,4.508,7.013,86.909,0.250,0.501,4195500,145152,170960,3444864,2170392.500,10178.668,2079.814,4.007,24.044,1.002,2241,2788,2.270,1.630,0.910,1,0,92.169,0,0,18,275,6,36,0
02-02 07:08:38,16.786,11.525,70.151,0,0,4237324,125432,170960,3423140,14469.181,1589.425,80.173,120.259,5.011,8.017,2452,3580,2.270,1.630,0.910,1,0,160.346,0,0,18,275,6,35,0
02-02 07:08:39,24.989,3.748,70.719,0.250,0,4256564,129968,170960,3399864,17984.141,1693.260,35.984,155.932,2.999,17.992,2724,5382,2.270,1.630,0.910,2,0,1.999,0,0,18,285,6,36,0
02-02 07:08:40,25.147,4.731,67.473,0.498,0.249,4274784,119068,170960,3392876,16155.584,1613.367,414.297,557.707,20.914,60.750,3959,7910,2.170,1.620,0.910,1,0,5.975,0,0,18,292,6,35,0
02-02 07:08:41,13.538,15.794,69.695,0,0,4214448,173148,170960,3399084,16046.835,1644.595,192.538,585.636,9.025,41.115,3627,5693,2.170,1.620,0.910,1,0,395.104,0,0,18,289,6,36,0
02-02 07:08:42,23.199,5.488,70.595,0,0,4213352,191032,170960,3382492,18064.439,1616.460,0,287.371,0,14.967,1946,2799,2.170,1.620,0.910,1,0,82.819,0,0,18,289,6,35,0
02-02 07:08:43,10.008,17.764,70.056,0.751,0,4218400,185944,170960,3382532,16168.968,1621.300,12.010,948.761,1.001,60.048,3255,4896,2.170,1.620,0.910,2,0,299.240,0,0,18,289,6,35,0
02-02 07:08:44,7.986,17.720,72.875,0,0,4221212,183072,170960,3382592,14133.817,1617.233,15.973,147.747,1.997,13.976,3280,5286,2.170,1.620,0.910,0,0,351.399,0,0,18,289,6,34,0
02-02 07:08:45,3.264,1.255,93.656,0,0.753,4231544,172740,170960,3382592,20338.248,1709.417,0,32.139,0,4.017,1341,2015,2,1.590,0.900,1,0,9.039,0,0,18,289,6,34,0
02-02 07:08:46,25.397,2.490,71.462,0,0,4277724,126400,170960,3382752,14481.552,1613.488,111.550,103.582,11.952,11.952,1861,2646,2,1.590,0.900,2,0,0.996,0,0,18,293,6,33,0
02-02 07:08:47,12.050,16.067,70.797,0,0,4223456,180588,170964,3382828,18280.577,1626.815,8.034,20.084,2.008,1.004,2986,4344,2,1.590,0.900,1,0,237.997,0,0,18,293,6,33,0
02-02 07:08:48,11.480,16.971,70.628,0,0.250,4220440,183376,170964,3383056,13923.967,1617.209,0,99.828,0,5.990,2969,4488,2,1.590,0.900,1,0,224.612,0,0,18,293,6,32,0
02-02 07:08:49,21.208,5.739,71.609,0,0,4267952,135836,170964,3383084,17068.290,1562.913,15.968,0,3.992,0,1941,2771,2,1.590,0.900,1,0,78.844,0,0,18,293,6,32,0
02-02 07:08:50,25.759,3.501,69.774,0,0,4315260,127512,170964,3344812,16453.594,1620.551,100.034,604.205,7.002,68.023,2232,3325,1.920,1.580,0.910,4,0,3.001,0,0,18,299,6,31,0
02-02 07:08:51,24.011,3.752,70.283,1.000,0,4258668,187300,170964,3341708,17362.160,1620.762,148.070,3473.633,7.003,411.193,2667,2968,1.920,1.580,0.910,1,0,6.003,0,0,18,297,6,31,0
02-02 07:08:52,24.519,4.003,71.056,0.500,0,4315840,130124,170964,3341712,15558.213,1583.243,0,292.229,0,20.016,1806,2468,1.920,1.580,0.910,4,0,5.004,0,0,18,300,6,30,0
02-02 07:08:53,23.707,4.492,68.874,0.250,0,4248976,196956,170964,3341744,14551.356,1690.904,11.978,570.955,2.995,36.932,2145,2876,1.920,1.580,0.910,1,0,17.967,0,0,18,297,6,31,0
02-02 07:08:54,22.262,5.503,70.789,0,0.250,4220084,225724,170964,3341868,19304.560,1694.927,0,100.055,0,12.007,1985,2627,1.920,1.580,0.910,1,0,64.035,0,0,18,297,6,31,0
02-02 07:08:55,10.513,19.024,70.088,0,0.250,4226376,218280,170972,3343012,16548.769,1622.036,1497.880,300.377,20.025,7.009,3283,4877,1.840,1.570,0.910,2,0,366.460,0,0,18,297,6,31,0
02-02 07:08:56,17.719,8.735,71.874,0.250,0.250,4259312,184964,170972,3343392,18106.260,1617.165,287.496,798.600,71.874,58.897,2395,3211,1.840,1.570,0.910,1,0,149.738,0,0,18,297,6,31,0
02-02 07:08:57,22.568,4.012,72.217,0.502,0.251,4271612,165560,170992,3350476,16162.601,1665.007,7237.764,0,68.205,0,2320,3491,1.840,1.570,0.910,2,0,8.024,0,0,18,297,6,31,0
02-02 07:08:58,18.955,3.990,75.570,0,0,4257444,179452,171004,3350740,12779.559,1746.839,15.962,155.629,3.990,5.986,8615,17325,1.840,1.570,0.910,0,0,7.981,0,0,18,298,6,31,0
02-02 07:08:59,4.747,0.750,93.943,0,0,4258680,177940,171004,3351016,18165.028,3322.993,271.836,0,4.997,0,1268,1830,1.840,1.570,0.910,0,0,0,0,0,18,298,6,31,0
02-02 07:09:00,13.758,1.251,82.798,0.250,0,4262996,173404,171020,3351220,15925.189,3408.967,72.042,624.360,3.002,34.020,1704,2502,1.780,1.560,0.910,1,0,0,0,0,18,298,6,31,0
02-02 07:09:01,26.320,2.256,70.939,0.501,0,4273568,161112,171168,3352600,14173.830,1698.533,52.139,16740.681,3.008,81.217,1738,2438,1.780,1.560,0.910,1,0,1.003,0,0,18,298,6,31,0
02-02 07:09:02,22.482,5.995,69.444,0,0.500,4300320,134152,171168,3352744,21106.967,1692.634,0,171.861,0,13.989,9221,18406,1.780,1.560,0.910,7,0,11.990,0,0,18,298,6,30,0
02-02 07:09:03,16.715,11.476,70.602,0.249,0,4235672,199044,171172,3352496,16231.978,1790.248,0,518.912,0,26.944,2511,3677,1.780,1.560,0.910,1,0,178.626,0,0,18,297,6,30,0
02-02 07:09:04,22.999,5.250,70.746,0,0,4275540,158980,171172,3352692,18408.877,1619.901,0,67.996,0,5.000,1925,2887,1.780,1.560,0.910,1,0,87.995,0,0,18,297,6,29,0
02-02 07:09:05,20.010,7.254,71.285,0,0,4251256,183216,171172,3352740,15563.579,1458.710,24.012,0,2.001,0,2209,3365,1.710,1.550,0.910,1,0,112.055,0,0,18,297,6,31,0
02-02 07:09:06,26.492,7.998,64.482,0,0,4237172,196904,171172,3353136,17133.100,1619.537,247.929,15951.438,26.992,15.995,2472,4932,1.710,1.550,0.910,1,0,103.970,0,0,18,297,6,33,0
02-02 07:09:07,23.500,4.000,71.250,0.500,0.250,4280236,153812,171172,3353164,14478.101,1620.011,0,3184.022,0,349.002,2574,3157,1.710,1.550,0.910,1,0,0,0,0,18,297,6,32,0
02-02 07:09:08,24.325,6.019,68.460,0,0.251,4284724,149316,171172,3353172,17439.609,1624.995,0,284.876,0,16.049,2628,4367,1.710,1.550,0.910,2,0,56.173,0,0,18,298,6,32,0
02-02 07:09:09,27.002,5.750,67.006,0,0,4271624,162208,171172,3353380,17787.530,1694.146,0,312.027,0,26.002,2280,3391,1.710,1.550,0.910,1,0,28.002,0,0,18,297,6,34,0
02-02 07:09:10,22.148,5.475,70.426,0.747,0,4256776,176952,171172,3353484,16177.615,1612.585,19.908,445.950,1.991,49.771,2346,3547,1.660,1.540,0.910,1,0,46.785,0,0,18,297,6,35,0
02-02 07:09:11,23.251,4.250,70.753,0,0.250,4231448,202112,171172,3353652,13126.617,1620.076,16.001,260.012,1.000,20.001,2105,3056,1.660,1.540,0.910,1,0,28.001,0,0,18,297,5,38,0
02-02 07:09:12,24.265,4.002,71.294,0.500,0,4281228,152324,171172,3353660,15648.718,1458.906,0,340.211,0,32.020,1990,2943,1.660,1.540,0.910,1,0,0,0,0,18,297,5,38,0
02-02 07:09:13,20.329,8.784,70.524,0,0,4269756,163708,171172,3353748,13849.876,1626.326,0,216.844,0,14.055,2049,2976,1.660,1.540,0.910,1,0,90.351,0,0,18,297,5,36,0
02-02 07:09:14,22.742,5.248,71.725,0,0,4235952,197444,171172,3353816,28316.146,1619.436,0,167.942,0,8.997,2053,2725,1.660,1.540,0.910,1,0,46.984,0,0,18,297,5,38,0
02-02 07:09:15,24.434,2.493,71.307,0,0.249,4215528,217824,171172,3353860,16652.904,1615.625,35.903,211.427,2.992,10.970,1745,2434,1.600,1.530,0.910,1,0,13.962,0,0,18,297,5,33,0
02-02 07:09:16,23.059,3.760,71.182,0,0.251,4267760,165508,171172,3353944,22844.390,1624.151,156.400,316.810,12.031,30.077,2004,2677,1.600,1.530,0.910,2,0,0,0,0,18,299,5,33,0
02-02 07:09:17,28.181,3.990,66.088,1.496,0,4246548,185480,171176,3355180,15473.965,1616.028,586.558,3710.879,38.904,463.860,3797,6096,1.600,1.530,0.910,1,0,4.988,0,0,18,301,5,33,0
02-02 07:09:18,27.257,2.751,68.517,0.250,0,4269400,162548,171180,3355256,17834.352,1620.395,40.010,928.226,3.001,105.026,2780,4892,1.600,1.530,0.910,1,0,0,0,0,18,303,5,34,0
02-02 07:09:19,13.777,18.537,67.134,0.751,0.501,4231224,200668,171184,3355308,15935.808,1589.172,0,1182.360,0,103.206,4202,7050,1.600,1.530,0.910,1,0,494.988,0,0,18,301,5,31,0
02-02 07:09:20,11.001,20.252,67.507,0.500,0,4239140,192720,171184,3355340,16607.744,1640.172,0,800.084,0,55.006,4410,7352,1.560,1.530,0.910,2,0,631.066,0,0,18,301,5,31,0
02-02 07:09:21,10.721,20.694,67.815,0,0,4236024,195804,171184,3355372,18958.301,1657.480,0,554.488,0,41.886,4054,6609,1.560,1.530,0.910,1,0,575.431,0,0,18,301,5,27,0
02-02 07:09:22,10.541,20.831,67.012,0.502,0.251,4236720,195076,171184,3355404,13392.364,1700.650,0,2622.253,0,170.667,4596,7656,1.560,1.530,0.910,1,0,663.595,0,0,18,301,5,27,0
02-02 07:09:23,11.238,18.980,68.180,0,0,4237312,194448,171184,3355440,13947.606,1618.330,0,327.662,0,25.973,4238,7036,1.560,1.530,0.910,1,0,591.390,0,0,18,301,5,22,0
02-02 07:09:24,10.251,20.252,68.005,0,0.250,4237360,194372,171184,3355468,11634.884,1620.123,0,348.026,0,22.002,3753,5973,1.560,1.530,0.910,1,0,492.037,0,0,18,301,5,22,0
02-02 07:09:25,13.491,15.240,70.205,0,0.250,4243116,188560,171184,3355524,13759.084,1618.951,11.992,99.935,2.998,8.994,3178,4797,1.510,1.520,0.910,1,0,356.769,0,0,18,301,5,22,0
02-02 07:09:26,19.271,9.760,70.325,0,0,4266000,249700,171632,3279932,14523.540,1587.699,0,20.021,0,5.005,9027,17220,1.510,1.520,0.910,1,0,13.014,0,0,18,301,5,22,0
02-02 07:09:27,24.158,3.985,70.482,0.249,0.249,4285632,227112,171640,3282496,12257.397,1912.728,0,3175.925,0,23.909,1748,2607,1.510,1.520,0.910,0,0,4.981,0,0,18,301,7,21,0
02-02 07:09:28,4.499,0.750,93.239,0.250,0.250,4285648,226888,171644,3282700,17847.983,2715.693,31.996,231.974,1.000,19.998,1575,2457,1.510,1.520,0.910,0,0,0,0,0,18,302,6,21,0
02-02 07:09:29,5.503,1.251,91.558,0.250,0,4285604,226888,171652,3282736,23709.914,5000.145,16.010,676.425,3.002,50.031,1504,2183,1.510,1.520,0.910,0,0,0,0,0,18,302,6,21,0
02-02 07:09:30,8.247,1.000,89.715,0.250,0,4285544,226888,171664,3282784,27700.169,4281.326,23.991,543.787,2.999,34.986,1597,2311,1.550,1.520,0.920,0,0,0,0,0,18,304,6,21,0
02-02 07:09:31,6.250,1.000,91.500,0.250,0.250,4285700,226664,171680,3282804,20996.042,4813.010,0,448.001,0,20.000,1335,1940,1.550,1.520,0.920,0,0,0,0,0,18,304,6,21,0
02-02 07:09:32,5.515,1.504,91.252,0.752,0.251,4286128,226216,171684,3282820,28863.751,4911.571,0,5254.518,0,219.607,1740,2104,1.550,1.520,0.920,2,0,0,0,0,18,304,6,21,0
02-02 07:09:33,5.237,0.748,92.514,0.249,0,4286872,225460,171688,3282916,18460.869,3900.043,31.919,283.277,3.990,21.944,1404,2000,1.550,1.520,0.920,0,0,1.995,0,0,18,304,6,21,0
02-02 07:09:34,4.497,1.499,93.188,0,0,4287264,224956,171700,3283016,29918.015,4159.222,0,271.818,0,8.994,1329,1880,1.550,1.520,0.920,1,0,0,0,0,18,304,6,21,0
02-02 07:09:35,2.752,1.251,94.053,0,0,4287428,224704,171712,3283060,18287.387,4027.287,0,280.159,0,9.005,1258,1874,1.430,1.500,0.910,0,0,0,0,0,18,304,6,21,0
02-02 07:09:36,6.005,1.001,92.577,0.250,0.250,4288512,223444,171724,3283224,21482.766,4070.366,0,276.228,0,9.007,1328,1967,1.430,1.500,0.910,1,0,0,0,0,18,304,6,21,0
02-02 07:09:37,7.986,0.749,89.344,0.250,0,4300336,211600,171732,3283236,17803.897,3335.173,0,395.309,0,9.983,1326,1880,1.430,1.500,0.910,1,0,0,0,0,18,304,6,21,0
02-02 07:09:38,8.005,0.750,89.302,0.250,0.250,4300956,210088,171748,3284112,15781.137,4137.396,4.002,432.250,1.001,24.014,1564,2350,1.430,1.500,0.910,0,0,0,0,0,18,304,6,21,0
02-02 07:09:39,4.998,1.000,92.461,0,0.250,4300900,210088,171760,3284156,15478.515,4207.237,0,543.772,0,27.988,1320,2018,1.430,1.500,0.910,0,0,0,0,0,18,304,6,20,0
02-02 07:09:40,5.243,1.748,91.128,0.250,0.250,4301588,209108,171772,3284404,18530.114,4102.490,0,491.340,0,32.956,1546,2352,1.470,1.510,0.920,0,0,0,0,0,18,304,6,20,0
02-02 07:09:41,5.007,0.250,93.880,0.250,0,4302308,208352,171772,3284440,22163.785,4009.569,0,368.512,0,17.024,1255,1797,1.470,1.510,0.920,0,0,0,0,0,18,304,6,18,0
02-02 07:09:42,6.501,1.250,91.762,0,0,4305028,205592,171780,3284472,18593.343,4079.514,0,308.039,0,13.002,1395,2105,1.470,1.510,0.920,0,0,0,0,0,18,304,6,18,0
02-02 07:09:43,4.000,0.750,93.259,0.500,0.250,4305496,205088,171784,3284504,24095.289,4159.395,16.002,268.025,3.000,10.001,1397,2015,1.470,1.510,0.920,0,0,2.000,0,0,18,304,6,18,0
02-02 07:09:44,7.989,1.498,88.874,0,0,4309236,201308,171792,3284536,21939.999,3269.380,0,263.627,0,9.986,1281,1800,1.470,1.510,0.920,1,0,0,0,0,18,304,6,18,0
02-02 07:09:45,6.510,1.502,90.895,0,0,4309332,201056,171792,3284660,20059.956,4143.601,0,176.281,0,6.010,1301,1801,1.350,1.480,0.910,0,0,0,0,0,18,304,6,18,0
02-02 07:09:46,5.750,1.000,91.751,0.250,0.250,4312024,198284,171808,3284724,17959.287,4079.065,4.000,312.005,1.000,15.000,1309,1877,1.350,1.480,0.910,0,0,0,0,0,18,304,6,18,0
02-02 07:09:47,21.585,4.518,72.034,0.753,0,4322152,159632,171984,3312080,15009.151,1692.671,413.630,1228.843,15.059,45.178,1678,2216,1.350,1.480,0.910,3,0,2.008,0,0,18,304,6,18,0
02-02 07:09:48,37.249,8.750,51.498,1.250,0.500,4358164,133428,172512,3300588,14631.503,1619.945,771.974,4839.835,7.000,411.986,2975,3385,1.350,1.480,0.910,2,0,7.000,0,0,18,304,6,18,0
02-02 07:09:49,28.384,6.224,62.743,1.743,0,4331356,130208,173288,3327648,15611.975,1613.384,254.954,3202.865,1.992,134.449,2145,2996,1.350,1.480,0.910,1,0,2.988,0,0,18,304,6,18,0
02-02 07:09:50,23.840,4.768,70.265,1.255,0,4281908,189900,173480,3316488,16510.343,1820.876,168.637,3629.706,12.045,175.663,2182,3317,1.650,1.540,0.930,2,0,5.019,0,0,18,303,6,18,0
02-02 07:09:51,23.189,5.984,69.319,0.249,0,4299876,170080,173484,3318232,16636.562,1615.781,23.937,885.687,0.997,12.966,8048,15375,1.650,1.540,0.930,2,0,14.961,0,0,18,303,6,18,0
02-02 07:09:52,26.095,4.015,68.499,0,0,4299552,170316,173484,3318316,18707.985,1625.909,0,2316.418,0,60.219,9329,18457,1.650,1.540,0.930,3,0,8.029,0,0,18,303,6,18,0
02-02 07:09:53,22.898,5.476,70.684,0.249,0,4270648,199212,173484,3318288,17987.595,1505.271,0,489.811,0,27.875,1864,2586,1.650,1.540,0.930,1,0,12.942,0,0,18,303,6,18,0
02-02 07:09:54,24.752,5.000,69.255,0,0,4248000,221812,173484,3318304,15981.103,1690.117,0,176.012,0,7.000,10216,20088,1.650,1.540,0.930,2,0,52.004,0,0,18,303,6,17,0
02-02 07:09:55,22.002,6.251,69.506,0,0.250,4290744,179048,173484,3318316,16849.500,1620.144,0,0,0,0,9086,17763,1.590,1.530,0.930,1,0,18.002,0,0,18,303,6,17,0
02-02 07:09:56,23.258,6.252,68.773,0,0.250,4300808,168880,173484,3318420,18354.259,1620.553,0,108.037,0,8.003,8324,16672,1.590,1.530,0.930,1,0,13.004,0,0,18,303,6,17,0
02-02 07:09:57,24.582,3.261,71.237,0.251,0,4269284,200508,173484,3318316,15770.547,1665.550,0,602.006,0,19.064,1865,2439,1.590,1.530,0.930,2,0,7.023,0,0,18,303,6,17,0
02-02 07:09:58,24.898,3.486,70.213,0.249,0.249,4278364,191328,173484,3318352,12996.843,1613.401,0,17026.362,0,82.662,2019,2665,1.590,1.530,0.930,1,0,3.984,0,0,18,303,6,17,0
02-02 07:09:59,21.767,7.006,69.555,0,0.250,4241676,214364,173928,3330140,15386.247,1695.349,4.003,500.398,1.001,27.022,9593,18608,1.590,1.530,0.930,1,0,102.081,0,0,18,303,6,17,0
02-02 07:10:00,23.830,4.014,70.989,0.251,0,4281972,168692,174188,3334568,19880.919,1591.357,0,1629.485,0,31.105,1861,2552,1.870,1.590,0.960,1,0,4.014,0,0,18,303,6,17,0
02-02 07:10:01,13.947,0.996,84.181,0,0,4282992,167432,174208,3334748,15729.448,2572.261,0,454.280,0,12.951,1499,2123,1.870,1.590,0.960,0,0,0,0,0,18,304,6,17,0
02-02 07:10:02,4.251,0.750,93.762,0,0,4285000,165416,174212,3334752,22823.967,3664.476,0,160.021,0,7.001,1263,1862,1.870,1.590,0.960,4,0,0,0,0,18,304,6,17,0
02-02 07:10:03,6.244,0.749,91.914,0.250,0.250,4285284,165164,174228,3334780,18374.709,5012.283,0,5782.559,0,267.748,1818,2217,1.870,1.590,0.960,0,0,1.998,0,0,18,304,6,17,0
02-02 07:10:04,7.751,1.250,89.515,0.500,0.250,4285496,164912,174244,3334800,18839.108,4216.696,0,324.053,0,13.002,1325,2135,1.870,1.590,0.960,0,0,0,0,0,18,304,6,17,0
02-02 07:10:05,6.002,1.250,92.032,0,0,4285428,164912,174260,3334820,19510.731,4827.666,0,384.133,0,12.004,1273,1871,1.720,1.560,0.950,0,0,0,0,0,18,304,6,17,0
02-02 07:10:06,10.252,2.250,86.016,0.250,0.250,4281728,168508,174280,3334876,20986.862,4809.885,0,372.068,0,13.002,1992,3527,1.720,1.560,0.950,1,0,34.006,0,0,18,304,6,16,0
02-02 07:10:07,4.500,0.750,92.746,0,0,4282644,167500,174292,3334956,17149.331,3980.845,0,383.985,0,12.000,1235,1906,1.720,1.560,0.950,1,0,0,0,0,18,304,6,16,0
02-02 07:10:08,4.750,0.750,91.748,0.500,0,4283268,166744,174320,3335056,36933.151,4589.894,16.000,691.984,1.000,43.999,1706,2706,1.720,1.560,0.950,0,0,0,0,0,18,304,7,14,0
02-02 07:10:09,4.750,0.500,93.257,0,0,4283264,166744,174320,3335060,24866.940,2784.217,0,152.012,0,8.001,1437,1940,1.720,1.560,0.950,0,0,0,0,0,18,305,6,14,0
02-02 07:10:10,7.780,1.757,89.847,0.251,0,4283220,166744,174324,3335100,55468.051,4398.976,0,465.798,0,32.124,2611,4352,1.580,1.540,0.950,1,0,1.004,0,0,18,306,6,12,0
02-02 07:10:11,6.225,0.249,90.630,0.498,0.249,4283276,166296,174352,3335428,137777.317,4621.127,0,677.234,0,43.821,1989,2868,1.580,1.540,0.950,0,0,0,0,0,18,305,6,13,0
02-02 07:10:12,4.500,1.000,93.250,0.250,0.250,4283356,166056,174404,3335488,38231.847,5070.980,0,615.998,0,30.000,1499,2178,1.580,1.540,0.950,0,0,0,0,0,18,305,6,10,0
02-02 07:10:13,5.506,1.251,91.357,0.250,0,4283432,165804,174416,3335648,22065.817,4107.806,0,588.689,0,27.032,1504,2159,1.580,1.540,0.950,1,0,2.002,0,0,18,305,6,10,0
02-02 07:10:14,10.240,1.499,87.664,0.250,0.250,4291432,157768,174428,3335672,16169.090,4088.976,0,1166.852,0,181.821,1388,1812,1.580,1.540,0.950,1,0,0,0,0,18,305,6,8,0
02-02 07:10:15,6.999,1.000,90.737,0,0.250,4290568,157768,174444,3336520,25417.264,4350.360,0,391.942,0,9.999,1356,1909,1.530,1.530,0.950,0,0,0,0,0,18,305,6,8,0
02-02 07:10:16,5.252,0.250,92.287,0.250,0,4291016,157264,174456,3336564,19084.748,4283.739,0,376.153,0,13.005,1238,1888,1.530,1.530,0.950,1,0,0,0,0,18,305,6,6,0
02-02 07:10:17,5.499,1.250,91.979,0.250,0,4291448,156508,174472,3336836,17641.978,4934.875,0,263.940,0,8.998,1286,1903,1.530,1.530,0.950,1,0,0,0,0,18,305,6,6,0
02-02 07:10:18,7.745,1.999,88.693,0.250,0,4296356,151496,174488,3336928,27187.410,4990.771,19.987,31391.690,1.999,126.918,1990,2708,1.530,1.530,0.950,2,0,0,0,0,18,305,6,4,0
02-02 07:10:19,5.505,1.752,91.831,0.500,0.250,4297348,150488,174496,3336936,22692.902,4080.579,0,820.720,0,50.044,1682,2519,1.530,1.530,0.950,0,0,0,0,0,18,305,6,4,0
02-02 07:10:20,9.499,1.000,87.992,0.250,0,4301580,146204,174512,3336968,17447.465,4159.634,0,363.968,0,21.998,1465,2215,1.410,1.500,0.940,0,0,0,0,0,18,305,6,3,0
02-02 07:10:21,6.498,1.250,91.228,0,0,4304844,142704,174536,3337148,185950.930,7475.228,0,499.882,0,17.996,1432,2017,1.410,1.500,0.940,1,0,0,0,0,18,305,6,3,0
02-02 07:10:22,3.251,1.000,93.772,0.500,0,4305248,142212,174604,3337164,30031.177,4934.179,0,760.182,0,37.009,1365,2045,1.410,1.500,0.940,0,1,0,0,0,18,305,6,3,0
02-02 07:10:23,3.251,2.751,91.029,0.750,0.250,4308064,139224,174656,3337240,32929.373,5011.579,0,42773.474,0,159.050,2152,3062,1.410,1.500,0.940,0,0,2.001,0,0,18,305,6,3,0
02-02 07:10:24,3.500,1.000,93.754,0,0.500,4308196,138972,174704,3337272,29403.353,4311.198,0,424.020,0,22.001,1360,2046,1.410,1.500,0.940,0,0,0,0,0,18,305,6,3,0
02-02 07:10:25,3.498,0.500,94.459,0.500,0,4308128,138972,174728,3337312,44207.946,4571.030,0,355.847,0,14.994,1269,1946,1.300,1.480,0.940,2,0,0,0,0,18,305,6,3,0
02-02 07:10:26,4.500,1.000,94.248,0.250,0,4308264,138720,174760,3337360,43032.139,5153.897,0,495.990,0,25.000,1359,1897,1.300,1.480,0.940,0,0,0,0,0,18,305,6,3,0
02-02 07:10:27,4.251,1.000,93.267,0.250,0.250,4308264,138468,174764,3337572,121124.529,5388.002,0,464.086,0,18.003,1464,2273,1.300,1.480,0.940,0,0,1.000,0,0,18,305,6,3,0
02-02 07:10:28,6.250,1.500,90.755,0.250,0,4308572,137992,174796,3337676,38931.947,4556.228,20.001,660.033,2.000,41.002,1746,2616,1.300,1.480,0.940,2,0,0,0,0,18,305,6,3,0
02-02 07:10:29,8.505,1.251,88.057,0.250,0,4309940,136480,174816,3337800,18210.746,4212.717,0,772.498,0,46.030,1592,2343,1.300,1.480,0.940,1,0,0,0,0,18,305,6,3,0
02-02 07:10:30,7.993,0.500,89.421,0.250,0,4312112,134212,174832,3337876,16337.525,4997.572,0,527.533,0,44.960,1704,2674,1.190,1.450,0.930,0,0,0,0,0,18,305,6,3,0
02-02 07:10:31,10.253,1.000,87.524,0,0,4312600,124384,174844,3347136,341508.281,7324.043,0,100.028,0,3.001,1465,1935,1.190,1.450,0.930,1,0,1.000,0,0,18,305,6,3,0
02-02 07:10:32,3.250,1.250,92.241,0.250,0,4302056,134212,174856,3347792,2256130.155,25581.519,0,1443.860,0,21.998,2037,2367,1.190,1.450,0.930,0,0,1.000,0,0,18,305,6,3,0
02-02 07:10:33,5.497,1.999,92.208,0.250,0.500,4306100,126572,174864,3351376,1801792.779,11868.564,0,3542.378,0,33.984,2086,2569,1.190,1.450,0.930,0,0,1.999,0,0,18,305,6,3,0
02-02 07:10:34,4.502,1.501,91.542,0.250,0.250,4305940,122428,174864,3355656,2280115.733,17864.146,0,19152.734,0,270.123,2616,2361,1.190,1.450,0.930,0,0,1.000,0,0,18,305,6,3,0
02-02 07:10:35,5.508,1.502,91.124,0.751,0,4299576,130880,174864,3353664,2858924.714,18511.231,0,22879.184,0,173.236,2376,2337,1.100,1.430,0.920,2,0,0,0,0,18,305,6,3,0
02-02 07:10:36,4.743,1.498,91.622,0,0.250,4302816,122968,174864,3358304,2422267.248,12822.062,0,0,0,0,1803,1983,1.100,1.430,0.920,0,0,0,0,0,18,305,6,3,0
02-02 07:10:37,5.500,1.750,91.498,0,0,4305068,146448,174864,3333112,2783455.547,18185.618,0,0,0,0,2035,2183,1.100,1.430,0.920,0,0,0,0,0,18,305,6,3,0
02-02 07:10:38,4.249,2.000,90.737,0.250,0.500,4316300,130892,174868,3337368,1558735.866,18614.264,0,12178.210,0,46.993,2444,3143,1.100,1.430,0.920,0,0,1.000,0,0,18,305,6,3,0
02-02 07:10:39,4.748,1.499,90.717,0.500,0,4313916,129388,174876,3341244,1437426.590,25981.413,371.863,1111.590,61.977,35.987,2592,2782,1.100,1.430,0.920,1,0,1.999,0,0,18,305,6,3,0
02-02 07:10:40,4.752,2.251,91.784,0.500,0,4313732,125468,174884,3345288,528041.319,10476.855,632.233,2028.747,105.039,31.011,1968,2792,1.010,1.400,0.920,1,0,2.001,0,0,18,305,6,3,0
02-02 07:10:41,4.752,1.251,93.291,0.250,0,4313604,124488,174888,3346392,319221.138,7958.494,116.051,700.307,19.008,21.009,1588,2098,1.010,1.400,0.920,1,0,3.001,0,0,18,305,5,3,0
02-02 07:10:42,22.755,3.251,72.267,0.500,0.250,4317616,144240,175228,3321212,11858.716,1566.359,4.001,1356.311,1.000,53.012,1649,2530,1.010,1.400,0.920,1,0,0,0,0,18,305,5,3,0
02-02 07:10:43,21.007,5.502,71.274,1.250,0,4322856,137812,178512,3315328,14977.137,1620.556,0,4893.679,0,116.040,1879,2857,1.010,1.400,0.920,1,0,2.001,0,0,18,305,5,3,0
02-02 07:10:44,21.483,3.497,71.444,1.249,0.250,4337300,135804,179144,3300828,13737.216,1618.729,0,2394.121,0,106.916,1816,2632,1.010,1.400,0.920,1,0,0,0,0,18,305,5,3,0
02-02 07:10:45,22.000,5.000,71.999,1.000,0,4325716,128328,179944,3316384,15189.818,1619.981,0,2007.976,0,74.999,1715,2472,1.010,1.400,0.920,1,0,0,0,0,18,305,5,3,0
02-02 07:10:46,21.501,4.000,72.253,0.250,0.500,4328620,128660,181296,3309712,16816.757,1662.075,0,2152.097,0,44.002,1629,2294,1.010,1.400,0.920,1,0,0,0,0,18,305,5,3,0
02-02 07:10:47,18.815,5.770,73.001,1.003,0,4335584,134328,182064,3294408,19083.514,1699.836,0,2356.088,0,87.300,1880,2721,1.010,1.400,0.920,1,0,3.010,0,0,18,305,6,3,0
02-02 07:10:48,20.424,5.479,73.475,0,0,4354604,138408,182064,3271336,18546.580,2578.349,1701.631,0,15.940,0,1651,2137,1.010,1.400,0.920,2,0,7.970,0,0,18,306,5,3,0
02-02 07:10:49,7.507,2.252,88.830,0,0,4354888,138116,182064,3271340,19669.604,2617.343,256.229,0,2.002,0,1510,2111,1.010,1.400,0.920,0,0,2.002,0,0,18,306,5,3,0
02-02 07:10:50,22.996,2.500,72.737,0.750,0,4279512,246864,182068,3238052,17990.906,2227.617,23.996,1063.817,2.999,41.993,1928,2638,1.010,1.390,0.920,1,0,6.999,0,0,18,303,5,3,0
02-02 07:10:51,23.248,5.999,68.994,0,0,4297576,226960,182068,3239844,18622.287,1619.851,67.994,1387.872,3.000,126.988,9104,17690,1.010,1.390,0.920,1,0,11.999,0,0,18,303,5,3,0
02-02 07:10:52,23.958,2.995,72.125,0,0,4286620,237828,182068,3239928,29993.901,1691.063,0,103.820,0,3.993,1777,2073,1.010,1.390,0.920,1,1,0.998,0,0,18,303,5,3,0
02-02 07:10:53,23.298,6.764,68.140,0,0.251,4297168,227248,182076,3239948,21646.592,1623.344,0,4024.290,0,115.237,9906,18573,1.010,1.390,0.920,2,0,14.029,0,0,18,303,5,3,0
02-02 07:10:54,23.074,3.762,72.484,0.251,0,4260368,263304,182332,3240372,30492.246,1625.237,425.371,168.543,9.029,6.019,1751,2048,1.010,1.390,0.920,1,0,7.023,0,0,18,303,5,3,0
02-02 07:10:55,23.265,4.503,69.795,0.750,0,4273912,245776,182492,3243504,15626.032,1621.041,808.519,3029.945,39.025,144.093,4041,7640,1.090,1.400,0.930,1,0,0,0,0,18,306,5,8,0
02-02 07:10:56,21.447,11.222,64.840,0.998,0.249,4223484,295596,182492,3244108,13163.591,1582.105,470.841,1907.304,22.944,223.450,4924,8801,1.090,1.400,0.930,4,0,179.558,0,0,18,305,5,11,0
02-02 07:10:57,12.728,15.223,69.129,0.749,0.250,4233184,284520,182500,3245476,12705.803,1936.617,1409.538,578.989,67.881,29.948,3207,4802,1.090,1.400,0.930,1,0,268.531,0,0,18,305,6,13,0
02-02 07:10:58,6.997,2.999,88.962,0.500,0.250,4234768,282468,182500,3245912,14856.730,2489.949,363.846,3958.330,5.997,138.941,1689,2477,1.090,1.400,0.930,0,0,4.998,0,0,18,306,6,13,0
02-02 07:10:59,3.502,0.750,94.549,0,0,4234764,282468,182500,3245916,48789.468,3225.684,0,108.056,0,13.007,1560,2197,1.090,1.400,0.930,0,0,0,0,0,18,306,6,13,0
02-02 07:11:00,4.497,2.499,90.948,0.500,0.250,4218456,297936,182680,3246556,56717.784,128430.052,367.791,1127.360,4.997,40.977,1759,2623,1,1.380,0.920,0,0,10.994,0,0,18,305,6,13,0
02-02 07:11:01,2.750,0.750,95.509,0,0,4218668,297712,182680,3246564,24656.318,1620.152,0,84.008,0,8.001,1343,2076,1,1.380,0.920,0,0,0,0,0,18,305,6,13,0
02-02 07:11:02,1.000,0.250,96.242,0,0,4218396,297984,182680,3246564,17924.530,1703.860,0,0,0,0,1070,1686,1,1.380,0.920,0,0,0,0,0,18,305,6,13,0
02-02 07:11:03,1.500,1.000,96.270,0,0,4218620,297760,182680,3246564,17303.616,1512.316,0,0,0,0,1251,1902,1,1.380,0.920,0,0,2.000,0,0,18,305,6,13,0
02-02 07:11:04,1.250,0.250,95.990,0,0,4218620,297760,182680,3246564,15482.390,1693.824,0,11.999,0,1.000,1169,1808,1,1.380,0.920,1,0,0,0,0,18,305,6,13,0
02-02 07:11:05,1.999,1.000,96.474,0,0,4218620,297760,182680,3246564,16783.485,1767.525,0,7.998,0,1.999,1236,1926,0.920,1.350,0.920,0,0,0,0,0,18,305,6,13,0
02-02 07:11:06,7.030,3.766,87.626,0.502,0.251,4224868,291500,182680,3249580,16597.152,1572.742,0,739.169,0,88.379,2460,5235,0.920,1.350,0.920,1,0,34.146,0,0,19,306,6,13,0
02-02 07:11:07,2.241,0.498,95.361,0,0.249,4196436,319928,182680,3246580,15462.958,1613.422,0,31.870,0,3.984,1311,2095,0.920,1.350,0.920,0,0,0,0,0,18,305,6,13,0
02-02 07:11:08,1.750,0.750,96.514,0,0.250,4196660,319704,182680,3246580,16178.297,1620.230,0,0,0,0,1158,1718,0.920,1.350,0.920,1,0,0,0,0,18,305,6,13,0
02-02 07:11:09,2.250,1.000,94.991,0,0,4196660,319704,182680,3246580,18110.243,1619.843,0,0,0,0,1294,1871,0.920,1.350,0.920,1,0,0,0,0,18,305,6,13,0
02-02 07:11:10,2.500,0.750,94.745,0.250,0,4196652,319704,182680,3246588,16905.121,1511.921,0,135.993,0,13.999,1484,2398,0.850,1.330,0.910,0,0,0,0,0,18,305,6,13,0
02-02 07:11:11,4.760,1.503,91.949,0.501,0.251,4196904,319452,182680,3246588,15148.721,1623.507,0,10963.682,0,277.600,2307,3735,0.850,1.330,0.910,1,0,0,0,0,18,305,6,11,0
02-02 07:11:12,3.994,0.749,92.617,0.499,0,4196992,319452,182680,3246708,14826.650,1617.671,0,2081.003,0,303.563,2167,2488,0.850,1.330,0.910,1,0,0,0,0,18,305,6,13,0
02-02 07:11:13,1.499,1.499,95.699,0,0.250,4197252,319200,182680,3246708,18202.298,1713.087,0,31.983,0,3.998,1322,1898,0.850,1.330,0.910,0,0,1.999,0,0,18,305,6,13,0
02-02 07:11:14,1.250,0.500,96.474,0,0,4197252,319200,182680,3246708,16177.697,1619.569,0,0,0,0,1086,1678,0.850,1.330,0.910,0,0,0,0,0,18,305,6,13,0
02-02 07:11:15,2.001,0.750,96.062,0,0.250,4197252,319200,182680,3246708,22700.665,1621.047,0,0,0,0,1162,1774,0.780,1.310,0.900,0,0,0,0,0,18,305,6,13,0
02-02 07:11:16,2.499,3.999,90.477,1.750,0.250,4205244,311108,182680,3246716,15986.019,1511.624,0,119206.318,0,404.899,2199,3228,0.780,1.310,0.900,0,0,0,0,0,18,305,6,13,0
02-02 07:11:17,1.500,1.000,96.234,0,0,4205244,311108,182680,3246716,15619.454,1619.736,0,363.941,0,6.999,1165,1806,0.780,1.310,0.900,1,0,0,0,0,18,305,6,13,0
02-02 07:11:18,2.500,1.000,95.999,0,0,4205244,311108,182680,3246716,15911.857,1619.985,0,0,0,0,1209,1748,0.780,1.310,0.900,0,0,0,0,0,18,305,6,13,0
02-02 07:11:19,1.750,0.750,96.248,0,0,4205244,311108,182680,3246716,17403.669,1619.969,0,0,0,0,1199,1836,0.780,1.310,0.900,0,0,0,0,0,18,305,6,13,0
02-02 07:11:20,2.249,1.000,94.960,0,0.250,4205240,311108,182680,3246720,14673.808,1639.308,0,271.885,0,27.988,1453,2370,0.710,1.290,0.900,1,0,0,0,0,18,305,6,13,0
02-02 07:11:21,2.250,2.250,93.759,0.250,0,4207144,309204,182680,3246720,17324.732,1620.162,0,31831.183,0,98.010,1549,2179,0.710,1.290,0.900,1,0,0,0,0,18,305,6,13,0
02-02 07:11:22,2.750,1.250,95.513,0,0.250,4208136,308196,182680,3246720,18852.526,1620.217,0,572.077,0,8.001,1214,1825,0.710,1.290,0.900,1,0,0,0,0,18,305,6,13,0
02-02 07:11:23,2.500,1.000,94.999,0,0,4208384,307948,182680,3246720,21843.782,1511.985,0,107.999,0,13.000,1571,2257,0.710,1.290,0.900,0,0,2.000,0,0,18,305,6,13,0
02-02 07:11:24,2.000,0,96.478,0,0.250,4208384,307948,182680,3246720,14464.630,1619.623,0,0,0,0,1080,1652,0.710,1.290,0.900,0,0,0,0,0,18,305,6,13,0
02-02 07:11:25,2.000,0.750,96.237,0.500,0,4208384,307948,182680,3246720,21629.058,1619.780,0,175.976,0,10.999,1298,1946,0.660,1.260,0.890,0,0,0,0,0,18,305,6,13,0
02-02 07:11:26,1.250,0.500,95.533,0,0,4208376,307948,182680,3246728,14779.114,1620.561,0,384.133,0,31.011,1401,2358,0.660,1.260,0.890,0,0,0,0,0,18,305,6,13,0
02-02 07:11:27,2.751,1.500,93.519,0.250,0,4208328,307948,182680,3246776,16587.317,1620.324,4.001,2676.535,1.000,21.004,1519,2284,0.660,1.260,0.890,0,0,0,0,0,18,305,6,13,0
02-02 07:11:28,1.500,1.000,96.248,0,0.250,4208324,307948,182680,3246776,16251.626,1565.964,0,39.999,0,5.000,1292,1898,0.660,1.260,0.890,0,0,0,0,0,18,305,6,13,0
02-02 07:11:29,1.250,0,96.261,0,0,4208320,307948,182680,3246776,20488.418,1586.187,0,8.001,0,1.000,1142,1711,0.660,1.260,0.890,0,0,0,0,0,18,305,6,13,0
02-02 07:11:30,2.749,1.749,95.214,0,0.500,4208320,307948,182680,3246776,28861.235,1369.489,0,283.894,0,27.990,1536,2295,0.680,1.260,0.900,0,0,0,0,0,18,305,6,13,0
02-02 07:11:31,5.000,1.500,92.754,0,0.250,4209260,306716,182692,3247056,120227.290,1728.076,276.012,32.001,3.000,4.000,1319,2025,0.680,1.260,0.900,0,0,4.000,0,0,18,305,6,13,0
02-02 07:11:32,12.757,5.003,81.545,0,0,4218700,296972,182732,3247276,361585.041,11080.161,220.122,320.178,11.006,7.004,1968,2316,0.680,1.260,0.900,1,0,38.021,0,0,18,305,6,13,0
