"pcp-dstat 5.3.6 CSV Output"
"Author:","PCP team <pcp@groups.io> and Dag Wieers <dag@wieers.com>",,,,"URL:","https://pcp.io/ and http://dag.wieers.com/home-made/dstat/"
"Host:","ubuntu",,,,"User:","ubuntu"
"Cmdline:","dstat -tcmndrylpg --tcp --output /tmp/devstack_logs/dstat-csv.log",,,,"Date:","09 Aug 2024 02:14:50 UTC"
"system","total usage",,,,,"memory usage",,,,"net/total",,"dsk/total",,"io/total",,"system",,"load avg",,,"procs",,,"paging",,"tcp sockets",,,,
"time","total usage:usr","total usage:sys","total usage:idl","total usage:wai","total usage:stl","used","free","buf","cach","net/total:recv","net/total:send","dsk/total:read","dsk/total:writ","read","writ","int","csw","1m","5m","15m","run","blk","new","in","out","lis","act","syn","tim","clo"
09-08 02:14:50,,1072440,1851456,162704,4727756,,,,,,,1.590,1.040,0.560,3,0,,,,9,4,6,18,2
09-08 02:14:51,36.707,28.466,34.459,0.250,0,1057984,1860512,162724,4732792,2393135.528,26513.608,323.617,4442.740,2.996,98.883,5048,7582,1.590,1.040,0.560,3,0,693.179,0,0,9,4,6,18,2
09-08 02:14:52,55.005,21.002,22.752,0.250,0.250,1061976,1839752,162748,4748284,6290.572,1620.147,1164.106,2024.184,14.001,78.007,3397,8640,1.590,1.040,0.560,4,0,438.040,0,0,9,4,6,18,2
09-08 02:14:53,48.248,16.749,32.999,0.750,0,1195540,1678312,163664,4896684,2397082.308,22982.150,0,6807.748,0,175.993,4916,10300,1.590,1.040,0.560,3,0,160.994,0,0,10,6,6,18,2
09-08 02:14:54,59.000,16.250,24.500,0.750,0,1229520,1612856,164996,4923628,7729.054,1620.011,84.001,7216.051,2.000,143.001,2996,4122,1.700,1.070,0.570,3,0,208.001,0,0,10,6,6,20,2
09-08 02:14:55,48.158,6.238,45.164,0.499,0.499,1243436,1611708,165028,4910832,17598.545,7498.745,0,1541.070,0,23.954,1420,1488,1.700,1.070,0.570,2,0,3.992,0,0,10,6,6,20,0
09-08 02:14:56,41.545,10.011,43.797,3.754,0.250,1243580,1601604,165388,4920252,2393861.401,20971.544,0,22087.744,0,1411.517,16113,28656,1.700,1.070,0.570,8,0,34.037,0,0,10,6,6,20,0
09-08 02:14:57,59.539,10.507,20.013,11.007,0,1284056,1554512,166040,4925956,6293.172,1695.124,0,51273.995,0,3862.561,21426,39866,1.700,1.070,0.570,3,0,67.044,0,0,10,6,6,20,0
09-08 02:14:58,57.403,7.487,34.941,0.250,0,1191996,1644896,166064,4927520,979662.269,15916.181,0,2244.218,0,74.874,2245,2250,1.700,1.070,0.570,3,0,88.850,0,0,10,4,6,20,0
09-08 02:14:59,55.249,5.750,38.500,0,0.250,1228836,1607652,166076,4927840,4894.951,1693.983,0,959.990,0,39.000,1448,1532,1.810,1.100,0.590,3,0,52.999,0,0,10,4,6,20,0
09-08 02:15:00,30.239,4.748,63.477,1.000,0,1152276,1682484,166120,4929496,968450.295,16910.946,0,8384.998,0,417.850,2615,3287,1.810,1.100,0.590,2,0,9.996,0,0,10,4,6,20,0
09-08 02:15:01,22.753,2.750,73.258,0,0,1090580,1744248,166120,4929388,7774.855,1694.186,0,212.023,0,22.002,1037,1286,1.810,1.100,0.590,3,0,25.003,0,0,10,4,6,20,0
09-08 02:15:02,10.505,18.008,70.781,0,0,1092668,1742120,166120,4929412,7260.129,1620.699,0,112.048,0,22.009,2772,4359,1.810,1.100,0.590,1,0,371.160,0,0,10,4,6,20,0
09-08 02:15:03,16.997,20.496,62.738,0,0,1092800,1741704,166120,4929604,4403.124,1511.699,0,35.993,0,8.998,4121,9520,1.810,1.100,0.590,1,0,392.922,0,0,10,4,6,21,0
09-08 02:15:04,35.756,13.002,50.008,0,0.250,1190312,1644044,166120,4930020,6034.966,1620.259,0,7441.191,0,454.073,4618,6064,1.740,1.100,0.590,2,0,165.026,0,0,10,5,6,18,0
09-08 02:15:05,47.499,3.500,49.499,0,0,1254452,1579560,166140,4930456,6530.830,1713.955,0,0,0,0,1142,1159,1.740,1.100,0.590,2,0,0,0,0,10,5,6,18,0
09-08 02:15:06,36.249,10.750,52.248,0,0,1288032,1542752,166264,4933212,8192.705,1619.942,0,955.966,0,21.999,2045,5895,1.740,1.100,0.590,0,0,117.996,0,0,10,4,6,15,0
09-08 02:15:07,0.750,0.250,97.700,0.500,0.250,1288316,1542612,166268,4933228,6203.811,1619.168,0,4537.668,0,228.882,1145,1383,1.740,1.100,0.590,0,0,0,0,0,10,4,6,15,0
09-08 02:15:08,20.760,3.502,75.535,0,0.250,1354276,1476604,166300,4933236,7758.639,1714.804,0,480.225,0,28.013,1335,1550,1.740,1.100,0.590,1,0,21.010,0,0,10,4,6,15,0
09-08 02:15:09,24.294,2.004,72.630,0,0,1393172,1437348,166316,4933572,9532.091,1514.716,0,21234.073,0,72.129,1225,1814,1.680,1.100,0.590,1,0,1.002,0,0,10,10,6,15,0
09-08 02:15:10,21.961,4.742,71.124,1.497,0,1320384,1510036,166376,4933608,5664.945,1617.130,0,3378.004,0,312.445,2837,4719,1.680,1.100,0.590,2,0,41.926,0,0,10,4,6,17,0
09-08 02:15:11,23.027,2.753,73.336,0.250,0.250,1359008,1471004,166380,4933984,7798.108,1621.894,32.037,1105.291,8.009,21.025,1571,2372,1.680,1.100,0.590,1,0,1.001,0,0,10,16,6,17,0
09-08 02:15:12,22.219,3.994,72.399,0.499,0,1340004,1489640,166380,4934240,7181.026,1617.753,199.723,1110.458,49.931,15.978,1601,2115,1.680,1.100,0.590,2,0,46.935,0,0,10,28,6,16,0
09-08 02:15:13,19.787,9.768,70.631,0,0,1314788,1514856,166380,4934240,5352.935,1643.049,0,12.022,0,3.006,1795,2575,1.680,1.100,0.590,3,0,133.247,0,0,10,28,6,16,0
09-08 02:15:14,45.157,6.986,47.402,0,0.249,1439204,1390492,166384,4934276,6304.014,1690.518,0,34189.569,0,86.821,1865,2505,1.710,1.110,0.600,4,0,22.953,0,0,10,29,6,16,0
09-08 02:15:15,51.862,18.289,29.564,0.251,0,1423920,1405544,166388,4934468,5514.890,1623.500,0,1166.515,0,27.058,4680,10128,1.710,1.110,0.600,5,0,440.951,0,0,10,28,6,16,0
09-08 02:15:16,84.492,13.249,3.000,0,0,1617604,1211812,166388,4934512,5933.466,1511.864,0,95.991,0,6.999,3732,7193,1.710,1.110,0.600,4,0,137.988,0,0,10,32,6,16,0
09-08 02:15:17,68.323,12.717,18.203,0,0.249,1451972,1377064,166392,4934880,7435.749,1615.817,0,335.132,0,34.910,4393,10709,1.710,1.110,0.600,3,0,199.484,0,0,10,29,6,16,0
09-08 02:15:18,24.260,8.753,65.276,0.250,0,1353612,1475396,166400,4934900,5237.090,1620.647,0,280.112,0,25.010,2513,4913,1.710,1.110,0.600,1,0,110.044,0,0,10,28,6,17,0
09-08 02:15:19,24.029,3.004,72.837,0,0.250,1387344,1441656,166404,4934904,5305.335,1621.937,0,3376.031,0,22.026,1556,2733,1.650,1.110,0.600,1,0,0,0,0,10,29,6,17,0
09-08 02:15:20,20.974,5.493,72.908,0.250,0.250,1370864,1458092,166420,4934932,4508.320,1617.961,0,363.542,0,24.969,1617,2443,1.650,1.110,0.600,2,0,67.914,0,0,10,28,6,16,0
09-08 02:15:21,21.549,4.009,72.916,0,0,1326116,1502824,166428,4934940,7315.636,1643.738,0,224.511,0,24.055,2114,3525,1.650,1.110,0.600,2,0,30.068,0,0,10,28,6,16,0
09-08 02:15:22,13.002,21.753,64.259,0.250,0,1337976,1490952,166460,4934920,7490.101,1694.249,0,3428.504,0,79.012,3651,5638,1.650,1.110,0.600,3,0,674.099,0,0,10,28,6,15,0
09-08 02:15:23,81.733,15.497,3.249,0,0,1568564,1260288,166460,4934996,5543.875,1511.693,0,119.976,0,12.997,2424,3866,1.650,1.110,0.600,5,0,335.932,0,0,10,28,6,15,0
09-08 02:15:24,78.763,9.252,11.002,0,0.250,1516004,1312488,166476,4935340,6894.131,1620.266,0,304.050,0,37.006,6404,15670,2,1.190,0.630,5,0,57.009,0,0,10,29,6,17,0
09-08 02:15:25,83.749,13.750,1.750,0.250,0,1528824,1299560,166488,4935380,7560.917,1619.982,0,66987.263,0,194.998,3729,5839,2,1.190,0.630,5,0,84.999,0,0,10,28,6,17,0
09-08 02:15:26,80.243,14.749,5.000,0,0,1646332,1181476,166492,4935952,8182.329,1619.867,0,215.982,0,13.999,5961,16004,2,1.190,0.630,6,0,167.986,0,0,10,30,6,17,0
09-08 02:15:27,65.249,11.000,21.750,0.250,0.250,1457580,1369896,166496,4936228,6993.923,1619.982,0,3683.959,0,162.998,5130,9816,2,1.190,0.630,2,0,199.998,0,0,10,29,6,17,0
09-08 02:15:28,41.734,9.496,48.231,0,0.250,1434152,1393284,166516,4936244,42598.600,1619.377,0,287.889,0,22.991,2649,4040,2,1.190,0.630,3,0,97.962,0,0,10,28,6,18,0
09-08 02:15:29,43.520,15.257,40.769,0.250,0,1415760,1411628,166516,4936292,7118.310,1682.782,0,268.125,0,26.012,4449,9323,2,1.210,0.640,4,0,321.149,0,0,10,28,6,18,0
09-08 02:15:30,66.032,9.254,24.262,0,0.250,1512068,1315228,166520,4936328,5774.801,1512.734,0,5378.609,0,21.010,2478,4044,2,1.210,0.640,4,0,57.028,0,0,10,30,6,19,0
09-08 02:15:31,63.465,15.991,19.739,0,0,1447832,1379212,166532,4936568,6195.561,1619.101,0,463.743,0,46.974,3684,8560,2,1.210,0.640,4,0,257.857,0,0,10,28,5,20,0
09-08 02:15:32,77.251,10.000,12.000,0,0,1580644,1246184,166540,4936776,5054.061,1620.019,0,200.002,0,10.000,4116,8711,2,1.210,0.640,3,0,2.000,0,0,10,32,5,25,0
09-08 02:15:33,63.507,15.002,20.502,0.250,0,1436008,1390744,166560,4936828,5283.586,1620.180,0,436.048,0,39.004,4326,8751,2,1.210,0.640,3,0,324.036,0,0,10,28,5,26,0
09-08 02:15:34,61.739,9.748,28.495,0.250,0.500,1459560,1366796,166584,4937200,5570.964,1619.699,0,503.906,0,43.992,3679,9323,2.080,1.240,0.650,5,0,50.991,0,0,10,29,5,29,0
09-08 02:15:35,68.006,13.501,17.501,0,0,1502196,1324072,166588,4937276,7891.671,1662.141,0,1176.100,0,17.001,2166,4013,2.080,1.240,0.650,3,0,248.021,0,0,10,28,5,29,0
09-08 02:15:36,60.020,15.005,25.259,0,0,1374660,1451388,166604,4937476,6333.134,1620.546,0,356.120,0,31.010,3804,11144,2.080,1.240,0.650,3,0,287.097,0,0,10,28,5,31,0
09-08 02:15:37,66.190,7.993,25.477,0,0,1518624,1306992,166612,4937900,5129.363,1456.683,0,223.798,0,8.992,2416,4065,2.080,1.240,0.650,4,0,0,0,0,10,30,5,30,0
09-08 02:15:38,59.919,9.987,30.459,0.250,0.250,1448576,1376724,166624,4938204,6327.471,1617.819,0,1286.266,0,43.941,3475,7368,2.080,1.240,0.650,4,0,111.849,0,0,10,28,5,33,0
09-08 02:15:39,59.359,10.269,29.304,0.250,0,1405008,1420220,166648,4938248,10655.489,1697.104,0,500.916,0,55.101,4352,9356,2.070,1.250,0.660,2,0,90.165,0,0,10,28,5,31,0
09-08 02:15:40,75.752,17.500,6.000,0,0,1555760,1269268,166676,4938420,7434.149,1694.034,0,7548.151,0,517.010,3148,3995,2.070,1.250,0.660,6,0,347.007,0,0,10,28,5,31,0
09-08 02:15:41,81.516,14.753,3.751,0,0,1492516,1332240,166688,4938640,5843.157,1620.321,0,668.132,0,49.010,4757,9589,2.070,1.250,0.660,8,0,277.055,0,0,10,28,5,31,0
09-08 02:15:42,85.228,12.747,1.750,0,0.250,1563712,1261044,166696,4938712,8353.861,1735.556,0,339.913,0,20.995,2767,4893,2.070,1.250,0.660,6,0,218.944,0,0,10,29,5,31,0
09-08 02:15:43,81.253,13.000,4.500,0,0,1616836,1207708,166704,4938908,4829.159,1620.053,0,3748.124,0,136.004,6003,13406,2.070,1.250,0.660,7,0,222.007,0,0,10,29,5,31,0
09-08 02:15:44,67.405,19.722,10.985,0,0.250,1401432,1422840,166708,4939164,5523.207,1455.946,0,211.701,0,10.985,6404,14360,2.550,1.360,0.700,3,0,577.186,0,0,10,29,5,31,0
09-08 02:15:45,22.978,23.478,52.201,0,0,1336580,1487504,166712,4939344,5453.884,1618.482,0,699.344,0,12.988,4828,8488,2.550,1.360,0.700,2,0,602.435,0,0,10,28,5,32,0
09-08 02:15:46,8.521,23.056,66.662,0,0.251,1334832,1489228,166716,4939364,4905.926,1698.128,0,192.468,0,10.024,2524,3548,2.550,1.360,0.700,2,0,373.909,0,0,10,28,5,32,0
09-08 02:15:47,61.502,25.251,12.750,0,0,1498880,1325144,166716,4939400,6458.174,1772.048,0,484.013,0,26.001,2918,5819,2.550,1.360,0.700,5,0,739.020,0,0,10,28,5,29,0
09-08 02:15:48,78.812,13.010,8.507,0,0,1425432,1398372,166728,4939604,5886.639,1695.336,0,664.524,0,58.046,5698,11237,2.550,1.360,0.700,4,0,170.134,0,0,10,29,6,29,0
09-08 02:15:49,80.440,13.240,5.746,0,0.250,1549152,1274568,166728,4939672,4374.710,1692.727,0,295.778,0,23.982,3981,7280,2.750,1.420,0.720,4,0,111.916,0,0,10,29,6,29,0
09-08 02:15:50,61.499,8.000,29.500,0,0,1522544,1300872,166732,4939968,5391.946,1619.984,0,263.997,0,17.000,9302,21459,2.750,1.420,0.720,3,0,30.000,0,0,10,31,6,37,0
09-08 02:15:51,76.481,10.747,12.247,0,0.250,1471448,1351792,166748,4940120,4558.874,1735.571,0,435.892,0,45.989,5315,11824,2.750,1.420,0.720,4,0,89.978,0,0,10,28,6,38,0
09-08 02:15:52,73.762,10.252,14.752,0,0.250,1579700,1243208,166748,4940444,4415.698,1500.237,0,144.023,0,8.001,5970,13683,2.750,1.420,0.720,5,0,2.000,0,0,10,31,6,42,0
09-08 02:15:53,66.798,10.468,22.183,0.249,0,1562948,1259656,166752,4940732,5390.699,1656.989,0,167.493,0,9.970,9267,21462,2.750,1.420,0.720,5,0,70.786,0,0,10,30,6,49,0
09-08 02:15:54,78.473,14.040,7.020,0,0,1522088,1300312,166752,4940932,5431.452,1698.833,0,1059.013,0,12.034,4474,9580,2.850,1.470,0.740,4,0,196.559,0,0,10,29,6,49,0
09-08 02:15:55,75.780,10.004,12.505,0,0.250,1432776,1389384,166756,4941164,7022.746,1768.692,0,244.095,0,21.008,5725,12027,2.850,1.470,0.740,5,0,86.034,0,0,10,28,6,48,0
09-08 02:15:56,84.143,10.986,4.494,0,0,1579300,1242696,166756,4941324,6326.958,1617.944,0,131.832,0,7.990,2623,4390,2.850,1.470,0.740,4,0,45.942,0,0,10,30,6,50,0
09-08 02:15:57,79.327,11.511,8.008,0,0.250,1449588,1372320,166772,4941392,6100.893,1621.566,0,432.418,0,52.050,4659,11171,2.850,1.470,0.740,5,0,214.207,0,0,10,28,6,53,0
09-08 02:15:58,79.242,11.499,8.249,0,0,1525576,1296180,166772,4941540,44643.357,1619.832,0,171.982,0,9.999,5164,9831,2.850,1.470,0.740,4,0,62.993,0,0,10,29,6,56,0
09-08 02:15:59,81.505,12.751,5.250,0,0.250,1524920,1296612,166776,4941756,10868.609,1458.082,0,160.009,0,10.001,3125,6425,3.020,1.520,0.760,4,0,133.007,0,0,10,29,6,56,0
09-08 02:16:00,71.250,14.250,14.250,0.250,0.250,1413156,1408136,166784,4941980,8826.035,1620.006,0,4952.020,0,195.001,6558,12943,3.020,1.520,0.760,4,0,138.001,0,0,10,28,6,58,0
09-08 02:16:01,62.482,12.496,24.493,0,0,1513852,1307300,166788,4942112,5209.536,1619.545,0,387.891,0,22.994,2237,3514,3.020,1.520,0.760,3,0,124.965,0,0,10,29,6,58,0
09-08 02:16:02,63.750,10.750,25.250,0,0,1422996,1397904,166792,4942340,7838.976,1619.995,0,291.999,0,21.000,4716,9631,3.020,1.520,0.760,4,0,182.999,0,0,10,28,6,60,0
09-08 02:16:03,65.541,9.256,24.015,0,0,1528952,1291752,166816,4942508,4948.063,1769.095,0,280.173,0,22.014,4515,11244,3.020,1.520,0.760,4,0,34.021,0,0,10,30,6,61,0
09-08 02:16:04,63.236,11.747,24.995,0.250,0.250,1493512,1327136,166848,4942528,5939.729,1619.653,0,391.916,0,37.992,3026,4496,3.180,1.580,0.780,3,0,131.972,0,0,10,28,6,62,0
09-08 02:16:05,60.498,8.500,29.749,0,0,1368740,1451696,166864,4942720,5346.797,1619.938,0,279.989,0,24.999,5587,11237,3.180,1.580,0.780,3,0,81.997,0,0,10,28,6,63,0
09-08 02:16:06,67.683,6.494,25.225,0,0,1527176,1293216,166868,4942756,4859.219,1456.567,0,227.776,0,13.986,2521,4043,3.180,1.580,0.780,3,0,0,0,0,10,30,6,64,0
09-08 02:16:07,61.447,9.991,27.227,0.250,0,1454708,1365496,166880,4942932,5329.406,1618.605,0,359.690,0,40.965,3538,6417,3.180,1.580,0.780,3,0,136.882,0,0,10,28,6,65,0
09-08 02:16:08,62.652,8.771,28.319,0,0,1406200,1413756,166896,4943140,5269.769,1718.163,0,356.865,0,30.073,4732,9684,3.180,1.580,0.780,3,0,44.107,0,0,10,28,6,70,0
09-08 02:16:09,57.970,17.491,24.237,0,0.500,1497136,1322776,166900,4943180,8591.489,1661.128,0,239.874,0,16.991,2486,3873,3.240,1.620,0.800,4,0,378.801,0,0,10,28,6,70,0
09-08 02:16:10,53.481,16.494,30.489,0,0,1344552,1475068,166916,4943432,5566.069,1693.412,0,347.879,0,28.990,5632,12629,3.240,1.620,0.800,2,0,408.858,0,0,10,28,6,70,0
09-08 02:16:11,22.756,3.001,73.269,0.250,0,1402684,1416692,166932,4943648,6062.552,1620.415,0,436.112,0,26.007,1485,2219,3.240,1.620,0.800,2,0,1.000,0,0,10,31,6,71,0
09-08 02:16:12,22.240,6.247,70.468,0,0.250,1337108,1482156,166932,4943756,6698.985,1457.344,0,279.874,0,27.987,3831,6701,3.240,1.620,0.800,1,0,72.967,0,0,10,32,6,70,0
09-08 02:16:13,8.755,22.762,66.535,0.250,0.250,1345152,1474052,166952,4943796,7040.717,1620.856,0,3597.900,0,135.071,2927,3953,3.240,1.620,0.800,2,0,421.222,0,0,10,32,6,70,0
09-08 02:16:14,41.922,8.484,48.659,0.250,0,1478960,1339916,167056,4944020,6888.188,1616.992,0,1337.512,0,26.950,1806,2414,3.140,1.630,0.810,2,0,103.807,0,0,10,32,6,72,0
09-08 02:16:15,38.823,7.264,45.085,7.264,0,1425140,1387608,167600,4949016,6393.070,1623.064,0,16318.810,0,1973.726,11341,17971,3.140,1.630,0.810,2,0,87.165,0,0,10,36,6,72,0
09-08 02:16:16,39.269,7.253,39.769,12.256,0,1504988,1304012,168364,4951880,5465.629,1620.780,0,39835.161,0,3887.870,17531,29054,3.140,1.630,0.810,3,1,60.029,0,0,10,36,6,72,0
09-08 02:16:17,46.222,5.747,46.222,2.498,0,1425844,1383192,168452,4951756,5084.944,1619.027,0,14575.240,0,921.446,3956,6533,3.140,1.630,0.810,2,0,7.995,0,0,10,32,6,72,0
09-08 02:16:18,40.649,7.731,45.637,5.985,0.249,1509896,1298812,168776,4951736,6083.906,1615.991,0,6847.013,0,1192.043,7706,13566,3.140,1.630,0.810,2,0,2.993,0,0,10,34,6,71,0
09-08 02:16:19,38.837,9.772,48.108,6.014,0.251,1376008,1431636,169268,4952268,5391.103,1535.447,0,12243.487,0,1435.222,8256,14903,3.210,1.670,0.830,2,0,99.223,0,0,10,32,6,71,0
09-08 02:16:20,23.255,1.750,71.767,1.250,0,1456696,1350948,169308,4952228,6914.632,1694.400,0,6193.462,0,351.083,1827,2799,3.210,1.670,0.830,2,0,2.000,0,0,10,32,6,71,0
09-08 02:16:21,23.484,3.747,73.699,0,0,1390588,1416996,169308,4952280,4848.616,1692.818,0,175.877,0,7.994,995,1365,3.210,1.670,0.830,1,0,0.999,0,0,10,32,6,71,0
09-08 02:16:22,23.492,3.249,72.724,0.250,0,1455852,1351728,169324,4952268,9921.438,1619.419,0,3238.837,0,187.933,1394,2070,3.210,1.670,0.830,1,0,3.999,0,0,10,32,6,71,0
09-08 02:16:23,24.271,1.501,73.564,0,0,1416416,1391128,169324,4952304,4883.234,1695.470,0,0,0,0,906,1122,3.210,1.670,0.830,2,0,1.001,0,0,10,32,6,71,0
09-08 02:16:24,24.719,1.748,73.908,0,0,1461268,1346272,169324,4952308,4537.328,1617.978,0,0,0,0,914,1128,3.040,1.660,0.830,1,0,1.998,0,0,10,32,6,70,0
09-08 02:16:25,22.521,2.753,74.069,0,0.500,1438764,1368764,169324,4952320,5951.505,1621.500,0,0,0,0,871,1153,3.040,1.660,0.830,1,0,3.003,0,0,10,32,6,70,0
09-08 02:16:26,23.438,3.241,73.306,0,0.249,1374308,1433168,169328,4952368,6631.440,1454.149,0,7.979,0,1.995,904,1093,3.040,1.660,0.830,1,0,0.997,0,0,10,32,6,69,0
09-08 02:16:27,22.276,3.254,73.837,0,0,1446068,1361376,169328,4952400,6400.559,1696.003,0,192.227,0,2.002,893,1128,3.040,1.660,0.830,1,0,2.002,0,0,10,32,6,69,0
09-08 02:16:28,24.039,1.753,73.871,0,0,1385292,1422044,169340,4952488,44522.150,1696.788,0,88.145,0,11.018,1130,1505,3.040,1.660,0.830,1,0,1.002,0,0,10,32,6,68,0
09-08 02:16:29,22.998,2.500,73.742,0.250,0.250,1398468,1408776,169348,4952536,6299.326,1735.814,0,823.912,0,95.990,1018,1278,2.870,1.650,0.830,1,0,1.000,0,0,10,32,6,68,0
09-08 02:16:30,22.498,3.500,73.994,0,0,1463736,1343508,169348,4952536,6086.501,1619.867,0,7.999,0,1.000,800,1150,2.870,1.650,0.830,1,0,2.000,0,0,10,32,6,68,0
09-08 02:16:31,23.479,1.998,73.935,0,0,1413928,1393292,169352,4952552,6027.720,1692.517,0,99.912,0,0.999,774,1091,2.870,1.650,0.830,2,0,0.999,0,0,10,32,6,68,0
09-08 02:16:32,24.254,2.000,73.511,0,0,1422776,1384404,169352,4952588,7326.084,1512.224,0,40.006,0,2.000,824,1157,2.870,1.650,0.830,5,0,3.000,0,0,10,32,6,66,0
09-08 02:16:33,22.491,3.249,73.472,0,0,1358448,1448732,169352,4952588,4574.266,1565.407,0,0,0,0,918,1297,2.870,1.650,0.830,3,0,29.989,0,0,10,32,6,66,0
09-08 02:16:34,9.013,20.280,70.606,0.250,0,1362376,1444652,169364,4952724,5248.858,1622.429,0,777.163,0,9.013,2905,4688,2.800,1.650,0.830,2,0,444.666,0,0,10,32,6,59,0
09-08 02:16:35,9.491,19.981,69.183,0,0.250,1360196,1446616,169372,4952920,9225.033,1766.283,0,563.452,0,8.991,3189,5143,2.800,1.650,0.830,1,0,479.534,0,0,10,32,6,59,0
09-08 02:16:36,10.753,18.255,70.519,0,0,1365052,1441744,169372,4952932,6379.742,1620.442,0,104.028,0,3.001,2910,4632,2.800,1.650,0.830,1,0,421.115,0,0,10,32,6,55,0
09-08 02:16:37,22.744,2.499,73.730,0,0.250,1444960,1361812,169372,4952936,9027.554,1619.561,0,0,0,0,979,1152,2.800,1.650,0.830,1,0,3.999,0,0,10,32,6,55,0
09-08 02:16:38,22.758,4.001,73.276,0,0,1388404,1418348,169376,4952948,5746.005,1620.566,0,200.070,0,13.005,1139,1534,2.800,1.650,0.830,1,0,1.000,0,0,10,32,6,52,0
09-08 02:16:39,23.264,2.752,73.544,0,0.500,1466608,1340156,169380,4952932,11288.751,1620.969,0,824.493,0,112.067,1162,1246,2.660,1.640,0.840,1,0,2.001,0,0,10,32,6,52,0
09-08 02:16:40,23.979,2.498,74.186,0,0,1401320,1405420,169380,4952952,6059.734,1510.687,0,19.983,0,0.999,898,1056,2.660,1.640,0.840,1,0,0.999,0,0,10,32,6,50,0
09-08 02:16:41,23.776,2.753,74.081,0,0,1466100,1340656,169380,4952936,6963.632,1609.764,0,20.022,0,2.002,908,1119,2.660,1.640,0.840,2,0,2.002,0,0,10,32,6,50,0
09-08 02:16:42,22.732,2.498,73.441,0,0,1425476,1381264,169380,4952952,6059.104,1618.692,0,7.994,0,1.998,971,1188,2.660,1.640,0.840,2,0,2.998,0,0,10,32,6,50,0
09-08 02:16:43,23.731,2.498,73.692,0,0.250,1471828,1334924,169380,4952940,8717.157,1692.671,0,11.991,0,0.999,923,1118,2.660,1.640,0.840,3,0,1.998,0,0,10,32,6,50,0
09-08 02:16:44,22.281,3.505,74.102,0,0,1443576,1363184,169380,4952932,7343.097,1696.332,0,52.072,0,3.004,987,1198,2.520,1.630,0.840,4,0,3.004,0,0,10,32,6,50,0
09-08 02:16:45,22.711,3.494,73.873,0,0,1383016,1423724,169380,4952952,4611.078,1617.222,0,19.966,0,0.998,895,1106,2.520,1.630,0.840,2,0,0.998,0,0,10,32,6,50,0
09-08 02:16:46,23.012,3.502,73.288,0.250,0,1463580,1343168,169380,4952944,5484.863,1620.846,0,2189.143,0,94.049,1047,1120,2.520,1.630,0.840,2,0,2.001,0,0,10,32,6,49,0
09-08 02:16:47,23.507,1.750,73.771,0,0,1407844,1398892,169380,4952956,5445.536,1512.427,0,12.003,0,1.000,860,1070,2.520,1.630,0.840,2,0,1.000,0,0,10,32,6,49,0
09-08 02:16:48,23.495,3.249,72.983,0.250,0.250,1473376,1333372,169392,4952932,8216.094,1619.624,0,275.936,0,32.992,1261,1714,2.520,1.630,0.840,1,0,2.000,0,0,10,32,6,49,0
09-08 02:16:49,23.997,2.750,73.241,0.500,0,1404940,1401776,169404,4952952,4859.427,1607.810,0,4835.429,0,235.972,1306,2006,2.400,1.620,0.840,1,0,1.000,0,0,10,32,6,49,0
09-08 02:16:50,22.508,3.251,73.275,0,0,1471292,1335500,169404,4952876,6201.127,1620.556,0,100.034,0,3.001,822,1084,2.400,1.620,0.840,1,0,2.001,0,0,10,32,6,49,0
09-08 02:16:51,23.029,2.754,74.094,0,0,1368440,1438260,169404,4952968,4635.906,1696.161,0,12.015,0,1.001,813,1088,2.400,1.620,0.840,1,0,2.003,0,0,10,32,6,41,0
09-08 02:16:52,22.231,4.246,73.688,0,0,1444308,1362412,169404,4952948,5480.364,1618.631,0,59.949,0,0.999,973,1219,2.400,1.620,0.840,3,0,3.997,0,0,10,32,6,41,0
09-08 02:16:53,22.971,2.996,73.656,0,0,1361540,1445180,169404,4952948,5150.418,1691.838,0,19.974,0,0.999,923,1105,2.400,1.620,0.840,4,0,0.999,0,0,10,32,6,34,0
09-08 02:16:54,21.243,4.498,73.475,0,0,1373888,1432812,169404,4952968,6088.954,1511.492,0,91.969,0,2.999,861,1122,2.290,1.610,0.840,3,0,1.000,0,0,10,32,6,34,0
09-08 02:16:55,22.755,3.001,74.015,0,0.250,1450760,1355952,169404,4952956,6583.336,1620.329,0,0,0,1.000,963,1205,2.290,1.610,0.840,2,0,2.000,0,0,10,32,6,29,0
09-08 02:16:56,17.779,9.265,71.619,0,0.501,1362968,1443716,169404,4952984,5824.651,1622.689,0,64.106,0,6.010,1702,2360,2.290,1.610,0.840,2,0,167.277,0,0,10,32,6,29,0
09-08 02:16:57,17.006,10.004,72.276,0,0,1407668,1398996,169408,4953000,4974.761,1566.555,0,68.024,0,5.002,1984,2928,2.290,1.610,0.840,1,0,225.080,0,0,10,32,6,24,0
09-08 02:16:58,22.956,3.244,72.861,0,0,1377680,1428692,169408,4953240,41309.100,1616.912,0,199.619,0,11.977,1242,1598,2.290,1.610,0.840,1,0,8.983,0,0,10,32,6,24,0
09-08 02:16:59,23.489,2.749,73.715,0.250,0,1450764,1355596,169408,4953252,7065.644,1619.231,0,319.848,0,22.989,898,1248,2.190,1.600,0.840,1,0,0,0,0,10,32,6,20,0
09-08 02:17:00,15.281,14.029,69.391,0,0.251,1364856,1441424,169408,4953328,5816.820,1739.535,0,288.586,0,47.096,2584,3817,2.190,1.600,0.840,1,0,350.713,0,0,10,32,6,20,0
09-08 02:17:01,10.254,20.009,69.279,0,0,1362572,1443684,169408,4953348,6299.677,1512.643,0,212.090,0,6.003,3081,4833,2.190,1.600,0.840,1,0,467.199,0,0,10,32,5,18,0
09-08 02:17:02,9.250,21.000,68.750,0.250,0.500,1363940,1442284,169412,4953376,5733.023,1620.006,8.000,640.003,2.000,14.000,3053,4788,2.190,1.600,0.840,1,0,469.002,0,0,10,32,5,18,0
09-08 02:17:03,10.989,23.976,64.436,0,0,1357216,1448792,169412,4953416,5171.880,1618.398,0,1286.726,0,13.986,3742,9503,2.190,1.600,0.840,2,0,568.437,0,0,10,32,5,17,0
09-08 02:17:04,9.503,20.257,68.524,0,0.250,1362380,1443760,169412,4953452,5957.115,1566.556,0,1104.392,0,12.004,3069,4620,2.010,1.570,0.830,1,0,472.168,0,0,10,32,5,17,0
09-08 02:17:05,6.995,20.986,70.703,0,0,1361576,1444548,169412,4953468,5581.272,1618.919,0,599.599,0,7.995,2862,4290,2.010,1.570,0.830,1,0,403.730,0,0,10,32,5,13,0
09-08 02:17:06,10.007,19.013,70.046,0,0.250,1362328,1443768,169412,4953496,5704.777,1621.073,0,180.119,0,9.006,2947,4525,2.010,1.570,0.830,1,0,420.278,0,0,10,32,5,13,0
09-08 02:17:07,14.258,19.512,64.538,0.250,0.500,1370648,1435424,169420,4953512,6220.701,1620.964,0,692.412,0,27.016,3507,5652,2.010,1.570,0.830,4,0,547.326,0,0,10,32,5,13,0
09-08 02:17:08,50.979,22.491,26.739,0,0,1508464,1297508,169472,4953528,5434.734,1605.331,0,819.658,0,49.979,3108,5433,2.010,1.570,0.830,3,0,510.787,0,0,10,32,5,17,0
09-08 02:17:09,59.479,11.246,27.240,1.749,0,1640952,1159268,169928,4958324,9540.623,1693.401,399.858,11655.874,3.999,886.686,6278,9922,2.090,1.600,0.850,4,0,45.984,0,0,10,34,5,11,0
09-08 02:17:10,36.790,10.762,35.038,15.767,0,1619388,1169324,170580,4968340,4498.859,1695.831,4.004,58154.807,1.001,4497.858,19640,34930,2.090,1.600,0.850,2,1,142.154,0,0,10,36,5,12,0
09-08 02:17:11,37.995,8.249,34.745,16.498,0,1652536,1125992,171396,4977324,6363.135,1619.780,0,80025.117,0,5755.217,23619,39852,2.090,1.600,0.850,3,0,86.988,0,0,10,37,5,12,0
09-08 02:17:12,43.254,10.001,29.003,17.002,0.250,1635780,1135160,171832,4984296,8696.774,1640.146,0,64913.777,0,5023.447,20253,35512,2.090,1.600,0.850,4,0,105.009,0,0,10,36,5,12,0
09-08 02:17:13,46.923,11.481,32.446,9.235,0,1569604,1193420,172152,4991664,6025.053,1617.330,0,44147.113,0,3480.254,16911,29606,2.090,1.600,0.850,2,1,225.627,0,0,10,35,5,12,0
09-08 02:17:14,40.518,17.007,29.763,10.004,0.250,1528432,1228452,172500,4996960,5767.520,1620.708,876.383,50217.945,10.004,3478.520,19486,37225,3.930,1.990,0.980,4,0,185.081,0,0,10,34,5,13,0
09-08 02:17:15,43.051,12.264,32.288,11.764,0,1571884,1179832,172696,5001728,4838.681,1513.777,1101.293,31345.800,19.022,2691.159,15307,26280,3.930,1.990,0.980,3,0,165.194,0,0,10,35,5,12,0
09-08 02:17:16,35.519,6.754,41.772,13.757,0,1511764,1236248,172952,5005072,5478.854,1694.883,0,44643.259,0,3830.996,19418,34962,3.930,1.990,0.980,3,0,49.026,0,0,10,34,5,14,0
09-08 02:17:17,38.953,7.990,43.198,10.737,0,1573916,1174628,173216,5004256,6591.025,1618.042,0,25077.656,0,2486.991,13762,22746,3.930,1.990,0.980,3,2,54.934,0,0,10,35,5,14,0
09-08 02:17:18,35.506,7.751,44.007,12.252,0,1574172,1172864,173412,5005528,6402.024,1846.295,0,45007.201,0,3904.625,19990,35441,3.930,1.990,0.980,4,0,36.006,0,0,10,34,6,17,1
09-08 02:17:19,37.257,8.002,40.258,13.003,0.500,1560504,1184764,173576,5007088,4996.999,1694.339,0,33706.741,0,3204.641,14471,27210,3.770,1.990,0.980,6,0,45.009,0,0,10,34,6,17,0
09-08 02:17:20,39.948,6.991,42.694,9.238,0,1573756,1169448,173712,5008980,5117.307,1617.884,0,25978.021,0,2555.657,14224,26370,3.770,1.990,0.980,1,1,32.957,0,0,10,37,6,18,0
09-08 02:17:21,33.802,7.011,41.564,15.274,0,1538048,1202552,173964,5011276,7473.539,1642.536,0,45450.175,0,3832.918,17781,33330,3.770,1.990,0.980,1,2,85.131,0,0,10,36,6,20,0
09-08 02:17:22,34.684,6.488,41.421,15.221,0,1570116,1167076,174096,5014468,8053.722,1551.058,0,37245.346,0,3302.735,16965,28948,3.770,1.990,0.980,2,0,37.928,0,0,10,36,6,20,0
09-08 02:17:23,33.815,7.765,43.083,14.027,0,1566536,1167396,174224,5017464,7962.280,1707.276,0,43699.860,0,3454.629,16001,26974,3.770,1.990,0.980,3,0,97.187,0,0,10,36,6,20,0
09-08 02:17:24,32.990,9.247,39.987,14.745,0.500,1541584,1189632,174388,5019948,9205.073,1693.461,0,47256.972,0,3717.818,17843,30472,3.710,2,0.990,3,0,107.966,0,0,10,36,6,20,0
09-08 02:17:25,38.761,7.252,39.011,15.004,0,1577188,1155136,174500,5018712,6586.831,1768.492,0,37594.451,0,3422.952,17633,30529,3.710,2,0.990,3,1,15.004,0,0,10,37,6,22,0
09-08 02:17:26,38.487,9.247,41.236,13.745,0,1572372,1162852,174584,5015656,8978.875,1619.436,0,48815.012,0,4002.607,17081,29838,3.710,2,0.990,2,0,60.979,0,0,10,34,6,23,0
09-08 02:17:27,31.261,15.506,51.519,1.751,0,1394136,1341076,174604,5015648,5946.164,1620.590,0,9559.480,0,553.201,5576,9124,3.710,2,0.990,3,0,419.153,0,0,10,32,6,23,0
09-08 02:17:28,18.252,22.503,57.257,0,0.250,1423968,1311028,174620,5015860,42972.028,1620.190,0,1680.197,0,111.013,4065,6343,3.710,2,0.990,3,0,590.069,0,0,10,32,6,29,0
09-08 02:17:29,65.994,9.749,24.498,0,0.250,1615272,1119060,174644,5016500,5344.530,1457.872,0,1095.904,0,54.995,1599,1559,3.730,2.040,1.010,3,0,3.000,0,0,10,32,6,29,0
09-08 02:17:30,66.749,9.250,24.500,0,0,1781728,949184,174828,5019592,6472.922,1619.981,0,5803.930,0,299.996,2424,2519,3.730,2.040,1.010,3,0,0,0,0,10,32,6,29,0
09-08 02:17:31,33.510,6.252,43.263,16.255,0,1780840,939088,175028,5029760,4711.385,1620.476,0,59681.546,0,4449.308,20284,35649,3.730,2.040,1.010,3,0,159.047,0,0,10,38,6,29,0
09-08 02:17:32,23.244,7.498,46.238,21.744,0,1782920,926236,175120,5040120,5465.584,1619.581,0,84162.202,0,6159.405,23878,45169,3.730,2.040,1.010,0,2,193.950,0,0,10,38,6,29,0
09-08 02:17:33,34.484,7.496,36.483,20.490,0.250,1651216,1048564,175256,5049040,6575.903,1693.203,0,75360.505,0,5549.386,19949,39556,3.730,2.040,1.010,5,0,123.942,0,0,10,36,6,29,0
09-08 02:17:34,41.007,11.252,34.006,17.253,0.250,1716504,975780,175372,5056252,5280.961,1694.308,0,53741.781,0,4360.794,19200,31310,3.750,2.070,1.030,1,1,198.036,0,0,10,36,6,29,0
09-08 02:17:35,44.258,8.502,31.006,18.503,0.250,1774756,910260,175484,5063092,8228.547,1620.305,0,71333.411,0,5300.997,21367,34553,3.750,2.070,1.030,3,0,102.019,0,0,10,36,6,29,0
09-08 02:17:36,35.983,7.247,38.981,17.742,0,1661236,1012828,175564,5073616,5067.573,1619.224,0,57964.235,0,4407.889,17839,32812,3.750,2.070,1.030,0,1,74.964,0,0,10,36,6,29,0
09-08 02:17:37,21.505,8.002,49.011,22.005,0,1659820,1006064,175616,5081348,5680.255,1458.322,0,77473.122,0,5805.283,19845,40091,3.750,2.070,1.030,1,2,18.004,0,0,10,36,6,29,0
09-08 02:17:38,33.248,6.999,49.496,6.999,0,1396376,1267264,175640,5083516,6215.552,1619.883,0,26042.125,0,1952.859,8890,15401,3.750,2.070,1.030,1,0,196.986,0,0,10,32,6,29,0
09-08 02:17:39,20.212,5.989,73.112,0,0,1456416,1207164,175640,5083552,9570.921,1658.866,0,622.823,0,42.919,1434,1992,3.530,2.050,1.030,1,0,76.855,0,0,10,32,6,29,0
09-08 02:17:40,23.750,2.250,74.001,0.500,0,1514864,1148716,175640,5083552,5480.049,1694.015,0,948.009,0,62.001,1054,1455,3.530,2.050,1.030,2,0,0,0,0,10,34,6,29,0
09-08 02:17:41,23.284,4.006,71.356,1.001,0.501,1412516,1251056,175640,5083556,7191.636,1514.240,0,3961.860,0,250.370,2009,2866,3.530,2.050,1.030,2,0,27.040,0,0,10,32,6,29,0
09-08 02:17:42,23.480,2.748,73.189,0,0,1476020,1187552,175640,5083556,5638.303,1618.652,0,471.607,0,87.927,1075,1205,3.530,2.050,1.030,1,0,2.998,0,0,10,32,6,29,0
09-08 02:17:43,24.025,2.252,73.325,0.501,0,1475160,1188392,175640,5083572,10332.560,1663.700,0,3519.597,0,30.031,1177,1574,3.530,2.050,1.030,1,0,0,0,0,10,34,6,29,0
09-08 02:17:44,13.759,33.523,52.285,0,0,1402028,1261512,175644,5083576,4782.218,1621.091,0,576.388,0,43.029,4471,7609,3.490,2.070,1.040,2,0,942.634,0,0,10,32,6,29,0
09-08 02:17:45,9.751,24.002,64.756,0,0.250,1404060,1259376,175644,5083644,4769.467,1566.153,0,176.017,0,18.002,3380,5233,3.490,2.070,1.040,2,0,610.060,0,0,10,32,6,29,0
09-08 02:17:46,10.479,20.460,69.862,0,0.250,1404612,1258764,175644,5083704,3775.543,1509.020,0,203.598,0,12.974,2815,4178,3.490,2.070,1.040,2,0,387.235,0,0,10,32,6,29,0
09-08 02:17:47,8.510,20.273,69.328,0,0,1400384,1262264,175644,5084428,4758.353,1621.825,0,48.054,0,12.014,3100,5265,3.490,2.070,1.040,1,0,479.539,0,0,10,32,6,29,0
09-08 02:17:48,23.769,17.514,57.046,0.250,0,1432340,1229972,175652,5085012,5322.268,1621.300,0,488.392,0,20.016,5223,9945,3.490,2.070,1.040,5,0,260.209,0,0,10,32,6,29,0
09-08 02:17:49,46.226,4.997,48.725,0,0,1541792,1120436,175656,5085188,6161.839,1693.131,0,27.986,0,0.999,1177,1249,3.370,2.070,1.040,2,0,9.995,0,0,10,33,6,29,0
09-08 02:17:50,50.155,4.491,45.414,0,0.499,1624200,1035008,175672,5088160,4293.837,1690.786,0,335.362,0,18.964,2236,8354,3.370,2.070,1.040,2,0,4.991,0,0,10,49,6,29,0
09-08 02:17:51,37.333,7.767,54.371,0.251,0,1667444,990388,175724,5089272,3917.725,1697.781,0,1270.830,0,146.326,1952,2479,3.370,2.070,1.040,1,0,84.187,0,0,10,48,6,29,0
09-08 02:17:52,14.745,12.496,71.726,0.250,0.250,1683956,973656,175724,5089324,5649.085,1619.451,0,5450.152,0,271.908,2358,2910,3.370,2.070,1.040,1,0,175.940,0,0,10,48,6,29,0
09-08 02:17:53,1.247,0.499,97.043,0.249,0,1684156,973432,175728,5089340,22097.909,2526.616,0,1081.695,0,112.760,1018,1386,3.370,2.070,1.040,0,0,0.998,0,0,10,49,6,29,0
09-08 02:17:54,0.500,0.250,98.290,0.250,0,1684136,973432,175728,5089360,38859.933,3067.258,0,356.146,0,19.008,690,1029,3.100,2.030,1.040,1,0,0,0,0,10,49,6,29,0
09-08 02:17:55,1.500,0.500,97.980,0,0,1684052,973432,175728,5089440,72804.294,3071.380,0,151.969,0,4.999,722,1032,3.100,2.030,1.040,0,0,0,0,0,10,49,6,29,0
09-08 02:17:56,7.751,3.750,88.008,0.250,0,1693392,963992,175736,5089492,67559.215,3204.295,0,336.031,0,15.001,1026,1280,3.100,2.030,1.040,1,0,20.002,0,0,10,48,6,30,0
09-08 02:17:57,15.501,10.000,71.002,2.500,0.250,1711836,894148,175828,5139240,7250.247,1736.059,4.000,8960.305,1.000,426.014,3387,4581,3.100,2.030,1.040,2,0,68.002,0,0,10,48,6,30,0
09-08 02:17:58,16.750,9.000,73.000,0,0,1726896,878332,175828,5139392,42380.788,1735.991,0,227.999,0,1.000,1574,1755,3.100,2.030,1.040,2,0,48.000,0,0,10,48,6,30,0
09-08 02:17:59,23.294,2.004,74.141,0,0.250,1741968,863188,175828,5139396,6300.984,1697.228,0,0,0,0,990,1199,2.930,2.010,1.040,1,0,12.023,0,0,10,48,6,30,0
09-08 02:18:00,13.497,12.997,73.485,0,0,1677196,977272,175984,5090832,5658.829,1457.698,159.967,19.996,9.998,2.999,1900,2608,2.930,2.010,1.040,1,0,166.965,0,0,10,48,6,30,0
09-08 02:18:01,17.492,12.244,68.967,0,0.250,1679016,975408,175984,5090824,9279.518,1693.182,0,0,0,0,4427,9413,2.930,2.010,1.040,1,0,211.898,0,0,10,48,6,30,0
09-08 02:18:02,0.749,1.248,97.845,0,0.250,1679040,975288,175984,5090852,5040.037,1617.444,0,311.508,0,6.989,666,1046,2.930,2.010,1.040,0,0,4.992,0,0,10,48,6,30,0
09-08 02:18:03,5.250,2.500,91.004,0,0,1663948,990376,175984,5090648,4869.229,1620.076,0,1196.056,0,14.001,1547,3279,2.930,2.010,1.040,1,0,36.002,0,0,10,48,6,31,0
09-08 02:18:04,1.000,0,97.503,0.250,0,1664068,990256,175984,5090856,17295.536,1620.050,0,440.014,0,22.001,875,1190,2.700,1.980,1.030,0,0,2.000,0,0,10,48,6,30,0
09-08 02:18:05,1.000,0.250,98.294,0,0,1663940,990256,175984,5090984,5987.700,1768.798,0,0,0,0,666,1010,2.700,1.980,1.030,0,0,1.000,0,0,10,48,6,30,0
09-08 02:18:06,14.017,16.019,69.083,0,0,1655560,998612,175984,5091028,5020.029,1621.948,0,0,0,0,4644,8864,2.700,1.980,1.030,4,0,218.262,0,0,10,48,6,30,0
09-08 02:18:07,9.490,16.733,73.174,0,0,1662016,992208,175984,5090988,6981.760,1456.490,0,3.996,0,0.999,2814,4419,2.700,1.980,1.030,1,0,298.690,0,0,11,48,6,30,0
09-08 02:18:08,18.501,17.001,64.003,0,0.250,1665192,988836,175984,5091172,5707.302,1952.103,0,152.008,0,5.000,5753,10458,2.700,1.980,1.030,2,0,243.013,0,0,11,48,6,24,0
09-08 02:18:09,3.255,5.758,89.881,0,0,1662388,991636,175984,5091164,10072.706,1622.369,0,256.374,0,11.016,1387,2113,2.480,1.950,1.020,1,0,112.164,0,0,11,48,6,24,0
09-08 02:18:10,16.253,14.502,66.510,0,0.250,1667208,986748,175984,5091224,4417.694,1620.254,0,4.001,0,1.000,4705,8108,2.480,1.950,1.020,1,0,200.031,0,0,13,48,6,23,0
09-08 02:18:11,9.000,17.500,72.750,0,0.250,1674664,979288,175984,5091200,5533.028,1620.008,0,28.000,0,6.000,3100,4603,2.480,1.950,1.020,1,0,344.002,0,0,13,50,6,23,0
09-08 02:18:12,11.729,19.216,67.630,0,0.250,1674924,978848,175984,5091728,7749.292,1617.139,0,47.915,0,11.979,3710,6119,2.480,1.950,1.020,2,0,326.423,0,0,13,50,6,23,0
09-08 02:18:13,26.304,18.789,53.860,0,0,1699852,953876,175996,5091376,6107.527,1697.482,0,404.830,0,23.047,4279,8584,2.480,1.950,1.020,2,0,369.758,0,0,13,50,6,23,0
09-08 02:18:14,35.426,11.476,52.142,0,0.499,1758232,895100,176028,5091760,9351.595,1454.981,0,479.006,0,28.940,3593,9726,2.440,1.950,1.030,1,0,106.778,0,0,13,50,6,23,0
09-08 02:18:15,24.535,5.758,69.600,0.250,0,1830344,821880,176084,5092724,5155.419,1696.441,32.046,0,2.003,0,1473,3023,2.440,1.950,1.030,1,0,10.014,0,0,13,58,6,24,0
09-08 02:18:16,22.225,3.746,72.667,0,0,1876208,775840,176088,5092896,7582.311,1618.146,0,0,0,0,1074,1296,2.440,1.950,1.030,1,0,5.993,0,0,13,58,6,24,0
09-08 02:18:17,3.747,1.249,94.664,0,0,1882360,769288,176088,5093288,4751.685,1618.530,0,0,0,0,1242,2814,2.440,1.950,1.030,4,0,2.997,0,0,13,58,6,21,0
09-08 02:18:18,2.003,2.503,93.868,0,0,1818332,833316,176088,5093288,5634.076,1712.150,0,1001.258,0,4.005,1057,1704,2.440,1.950,1.030,2,0,44.055,0,0,13,58,6,21,0
09-08 02:18:19,17.769,13.765,67.822,0,0.250,1831580,819676,176088,5093560,4925.250,1621.729,0,576.615,0,12.013,4104,9683,2.490,1.960,1.040,2,0,254.271,0,0,13,56,6,18,0
09-08 02:18:20,16.242,14.742,68.715,0,0,1887672,763564,176088,5093948,4306.782,1619.166,0,7.996,0,1.999,5183,9015,2.490,1.960,1.040,1,0,207.893,0,0,13,56,6,18,0
09-08 02:18:21,21.009,14.506,62.526,0,0.250,1892912,758324,176088,5093560,4694.925,1532.628,0,44.018,0,9.004,4855,11387,2.490,1.960,1.040,6,0,319.131,0,0,13,48,6,16,0
09-08 02:18:22,19.215,11.479,68.374,0,0,1894092,757032,176088,5093596,5677.565,1617.028,0,3.993,0,0.998,4497,8507,2.490,1.960,1.040,1,0,155.714,0,0,13,58,6,16,0
09-08 02:18:23,29.819,19.545,48.862,0.752,0,1711156,939952,176088,5093612,8234.957,1697.909,0,3764.666,0,203.468,3788,6130,2.490,1.960,1.040,2,0,521.200,0,0,13,50,6,19,0
09-08 02:18:24,33.995,20.997,44.244,0.250,0.250,1768272,882396,176088,5094392,4420.412,1619.785,0,2039.729,0,231.969,4651,9261,2.530,1.980,1.050,5,0,407.946,0,0,13,52,6,19,0
09-08 02:18:25,48.204,16.984,33.968,0,0,1867452,782868,176104,5094340,5862.454,1618.469,0,251.762,0,6.993,4097,5767,2.530,1.980,1.050,2,0,217.794,0,0,13,58,6,23,0
09-08 02:18:26,42.907,4.490,51.888,0.499,0,1979664,670000,176112,5094980,7777.225,1616.513,0,5631.852,0,294.365,2337,5264,2.530,1.980,1.050,1,0,3.991,0,0,13,58,6,23,0
09-08 02:18:27,23.503,3.500,72.510,0.250,0.250,2020260,627216,176428,5096632,9025.209,1620.217,140.019,28.004,35.005,7.001,1205,2035,2.530,1.980,1.050,1,0,5.001,0,0,13,60,6,20,0
09-08 02:18:28,24.072,4.764,58.925,10.281,0,2024648,608568,176460,5110596,44816.284,1594.743,0,26490.784,0,2164.437,11868,19071,2.530,1.980,1.050,1,2,4.012,0,0,13,60,6,20,0
09-08 02:18:29,34.502,12.251,46.752,6.500,0,2163476,460720,176600,5119004,7881.410,1620.084,0,63155.284,0,1566.081,12209,28567,2.570,2,1.060,6,0,12.001,0,0,14,80,6,25,0
09-08 02:18:30,16.455,21.441,59.336,0.748,0.249,2215080,408584,176600,5119408,7924.137,1689.339,0,6238.787,0,211.417,4520,9326,2.570,2,1.060,2,0,389.924,0,0,14,85,6,25,0
09-08 02:18:31,9.766,21.534,68.860,0,0.250,2216064,407556,176600,5119420,7773.453,1622.599,0,873.399,0,42.067,3015,5003,2.570,2,1.060,1,0,389.624,0,0,14,85,5,25,0
09-08 02:18:32,27.720,17.731,53.442,0.749,0.250,2261176,362140,176604,5119936,7496.926,1618.257,0,4227.447,0,233.748,6182,10588,2.570,2,1.060,2,0,206.777,0,0,14,86,5,25,0
09-08 02:18:33,46.839,3.757,48.592,0.250,0,2370484,252484,176624,5120380,4814.152,1623.085,0,2212.205,0,162.309,1582,1902,2.570,2,1.060,4,0,0,0,0,14,86,5,25,0
09-08 02:18:34,14.748,16.498,67.990,0.250,0.250,2381448,240916,176624,5120852,5451.215,1619.767,0,1291.814,0,85.988,3188,5164,2.440,1.980,1.060,2,0,284.959,0,0,14,89,5,25,0
09-08 02:18:35,8.731,18.958,71.590,0,0,2380444,241908,176624,5120864,6464.590,1454.757,0,59.867,0,5.987,2773,4120,2.440,1.980,1.060,1,0,329.266,0,0,14,89,5,25,0
09-08 02:18:36,10.772,17.035,71.900,0,0.501,2383140,239164,176624,5120912,5694.851,1623.378,0,116.242,0,10.021,2647,3775,2.440,1.980,1.060,3,0,325.678,0,0,14,89,5,25,0
09-08 02:18:37,21.200,5.238,72.830,0,0.249,2442748,179548,176624,5120920,6105.737,1616.224,0,0,0,0,1218,1654,2.440,1.980,1.060,1,0,51.879,0,0,14,90,5,25,0
09-08 02:18:38,21.016,6.005,71.305,0.500,0,2417824,204444,176624,5120948,6212.790,1711.319,0,368.284,0,29.022,2260,3835,2.440,1.980,1.060,2,0,63.049,0,0,14,91,5,26,0
09-08 02:18:39,25.282,3.004,71.340,0.250,0,2464588,157376,176636,5121240,9829.336,1696.129,0,752.945,0,77.097,2404,4187,2.330,1.970,1.060,2,0,1.001,0,0,14,95,5,26,0
09-08 02:18:40,28.708,7.739,61.910,0.999,0,2446948,174644,176640,5121564,6223.981,1733.488,0,3494.936,0,312.547,4306,8122,2.330,1.970,1.060,3,0,83.878,0,0,14,106,5,28,0
09-08 02:18:41,22.025,4.755,72.832,0,0,2495696,130360,176640,5117100,5137.785,1621.826,0,536.604,0,33.037,1361,2119,2.330,1.970,1.060,1,0,34.038,0,0,14,106,5,28,1
09-08 02:18:42,30.034,7.759,59.068,2.002,0.250,2478660,170188,175292,5096748,7964.119,1575.804,360.413,11641.329,25.029,810.929,4410,6267,2.330,1.970,1.060,2,0,95.109,0,0,14,108,5,29,0
09-08 02:18:43,41.448,9.488,48.189,0,0,2561000,134160,173244,5052612,5301.310,1617.958,1266.402,399.496,44.943,19.975,1764,1861,2.330,1.970,1.060,1,0,8.989,0,0,14,108,5,29,0
09-08 02:18:44,23.224,4.745,71.921,0.250,0,2546036,148724,173276,5052980,9079.013,1618.220,599.341,443.512,19.978,36.959,1593,2182,2.300,1.970,1.070,1,0,56.937,0,0,14,112,5,30,0
09-08 02:18:45,21.749,5.500,72.498,0.250,0.250,2540768,153756,173280,5053212,4892.868,1619.956,4.000,299.992,1.000,16.000,1499,2153,2.300,1.970,1.070,1,0,50.999,0,0,14,112,5,31,0
09-08 02:18:46,22.527,3.754,71.334,0.751,0,2578616,124988,173148,5044264,5741.775,1696.001,16.019,2286.698,3.004,262.310,2022,2632,2.300,1.970,1.070,1,0,0,0,0,14,114,5,31,0
09-08 02:18:47,21.017,7.256,71.810,0.751,0.250,2559200,144372,173152,5044292,8741.246,1621.344,116.096,480.398,5.004,51.042,2000,3017,2.300,1.970,1.070,2,0,82.068,0,0,14,112,5,32,0
09-08 02:18:48,23.954,4.491,71.862,0,0.250,2539200,180508,173116,5028192,9164.404,1842.462,295.433,463.111,10.979,23.954,1608,2475,2.300,1.970,1.070,1,0,20.960,0,0,14,114,6,34,0
09-08 02:18:49,21.016,5.504,73.057,0.250,0,2601440,133868,172948,5012776,6819.312,1587.236,68.053,636.496,7.005,34.027,1354,1816,2.360,1.980,1.080,1,0,34.027,0,0,14,115,6,34,0
09-08 02:18:50,28.236,3.748,64.469,1.749,0,2622784,127664,172788,4998152,6974.659,1565.250,967.537,1895.092,131.937,279.866,4907,8478,2.360,1.980,1.080,1,0,2.999,0,0,14,119,6,36,0
09-08 02:18:51,21.238,6.496,69.962,1.999,0,2616328,133828,172796,4998436,4636.450,1693.069,243.866,4429.564,10.994,286.842,2254,3041,2.360,1.980,1.080,2,0,52.971,0,0,14,119,6,36,0
09-08 02:18:52,26.064,4.010,68.168,0.501,0.251,2630348,134904,172644,4983492,7149.609,1666.104,8.020,1086.676,2.005,117.289,3073,5475,2.360,1.980,1.080,1,0,2.005,0,0,14,121,6,36,0
09-08 02:18:53,29.989,5.748,63.976,0.250,0,2611180,154120,172644,4983588,4926.123,1661.367,243.907,1623.381,3.998,111.957,2620,4455,2.360,1.980,1.080,2,0,68.974,0,0,14,119,6,37,0
09-08 02:18:54,21.969,5.492,70.901,0.749,0.250,2588772,176288,172644,4983828,5131.856,1691.645,0,874.782,0,101.858,2291,3905,2.250,1.970,1.080,2,0,30.957,0,0,14,119,6,38,0
09-08 02:18:55,20.227,8.241,71.168,0.250,0.250,2639244,124660,172644,4984984,14813.024,1765.976,1130.704,487.441,23.973,26.969,1748,2329,2.250,1.970,1.080,2,0,115.867,0,0,14,119,6,38,0
09-08 02:18:56,25.008,3.501,70.272,1.000,0.250,2651216,128024,172392,4970120,6615.090,1620.512,0,3032.958,0,348.110,3233,4999,2.250,1.970,1.080,1,0,0,0,0,14,121,6,38,0
09-08 02:18:57,32.067,7.516,58.623,0.501,0,2606328,170752,172412,4972244,7212.088,1515.170,2016.218,1306.734,69.145,109.229,3271,6003,2.250,1.970,1.080,2,0,89.187,0,0,14,119,6,39,0
09-08 02:18:58,28.220,9.240,61.186,0.499,0,2652192,123564,172416,4973532,41952.991,2067.831,1090.856,1306.629,21.977,102.892,2969,5414,2.250,1.970,1.080,1,0,199.790,0,0,14,119,6,38,0
09-08 02:18:59,17.007,10.004,71.277,0.250,0,2609016,181540,172140,4959136,5645.173,1620.624,0,620.239,0,39.015,2026,3130,2.150,1.950,1.080,1,0,116.045,0,0,14,119,6,39,0
09-08 02:19:00,10.267,19.282,69.616,0.250,0,2615356,174948,172148,4959380,6097.158,1915.191,168.280,476.794,8.013,29.048,3117,4921,2.150,1.950,1.080,3,0,354.591,0,0,14,119,6,39,0
09-08 02:19:01,16.480,15.731,66.169,0.250,0.250,2616608,173312,172148,4960028,8889.155,1618.026,315.615,639.220,12.984,35.956,5047,8654,2.150,1.950,1.080,1,0,228.721,0,0,14,119,6,39,0
09-08 02:19:02,29.514,22.761,47.523,0.250,0,2658252,132836,172160,4958656,6062.953,1620.789,116.057,2317.128,14.007,137.067,3864,6701,2.150,1.950,1.080,3,0,448.218,0,0,14,119,6,39,0
09-08 02:19:03,36.215,20.480,41.460,0,0,2717644,118180,171156,4916368,7158.178,1692.387,87.916,483.539,2.997,31.970,4703,9445,2.150,1.950,1.080,8,0,369.648,0,0,14,125,6,39,0
09-08 02:19:04,47.059,26.533,23.529,1.001,0.501,2834332,127112,169396,4794356,6297.841,1658.064,1421.770,8694.825,96.120,766.955,8278,18129,2.210,1.970,1.090,3,0,342.426,0,0,16,131,6,39,0
09-08 02:19:05,52.477,25.489,20.741,0.500,0.250,2939648,124172,167296,4696680,5490.606,1619.294,5929.415,827.639,290.873,147.936,4686,7881,2.210,1.970,1.090,6,0,539.765,0,0,16,131,6,39,0
09-08 02:19:06,55.514,19.755,24.506,1.000,0,3006732,131980,165376,4625204,5677.465,1566.404,1056.273,7998.064,43.011,812.210,6041,15594,2.210,1.970,1.090,2,0,287.074,0,0,16,147,6,39,0
09-08 02:19:07,35.006,21.754,41.507,0.250,0,3072248,126072,164772,4567368,6396.139,1620.288,48.009,464.083,8.001,15.003,3597,5963,2.210,1.970,1.090,2,0,532.095,0,0,16,147,6,39,0
09-08 02:19:08,18.748,20.997,61.242,0.500,0.250,3087620,123388,164632,4555528,6965.081,1803.762,879.884,1551.795,32.996,250.967,5030,8091,2.210,1.970,1.090,3,0,322.957,0,0,17,147,6,39,0
09-08 02:19:09,28.721,21.228,48.451,0.250,0.250,3126324,134084,164632,4506868,14689.120,1618.361,19.980,2125.847,3.996,347.648,4619,7631,2.200,1.970,1.090,3,0,454.540,0,0,17,149,6,39,0
09-08 02:19:10,39.407,17.459,41.651,0,0,3196272,125336,164640,4446984,8156.709,1616.178,0,131.689,0,9.976,5116,8770,2.200,1.970,1.090,4,0,286.323,0,0,17,155,6,39,0
09-08 02:19:11,37.125,27.844,34.867,0.251,0,3311460,118060,164656,4341316,6595.166,1591.349,236.796,6533.961,13.044,705.371,5885,13456,2.200,1.970,1.090,4,0,576.939,0,0,17,161,6,39,0
09-08 02:19:12,31.714,24.972,40.704,0.999,0.250,3396568,130804,164656,4245256,6861.233,1688.089,19.977,4910.441,2.997,550.377,6705,12231,2.200,1.970,1.090,3,0,677.233,0,0,17,169,6,39,0
09-08 02:19:13,15.004,17.755,65.519,0,0,3417164,123756,164656,4232144,7499.227,1566.465,0,452.134,0,29.009,4662,7802,2.200,1.970,1.090,1,0,327.097,0,0,17,171,6,39,0
09-08 02:19:14,33.197,13.728,51.417,0.250,0,3486936,125308,164656,4162300,7774.483,1617.396,47.923,2068.669,5.990,286.539,4431,7138,2.340,2,1.110,5,0,146.764,0,0,17,175,6,39,0
09-08 02:19:15,45.958,7.743,45.459,0.250,0.250,3603340,130448,164656,4043124,7287.390,1618.532,3.996,447.594,0.999,55.949,1609,1865,2.340,2,1.110,7,0,0.999,0,0,17,175,6,39,0
09-08 02:19:16,35.116,8.027,56.437,0.502,0,3556668,231236,164672,3990228,6716.197,1625.372,1432.735,706.334,41.136,71.235,2412,3429,2.340,2,1.110,2,0,83.275,0,0,17,178,6,35,0
09-08 02:19:17,40.245,21.747,36.746,0,0,3634644,152056,164676,3991428,7231.118,1619.802,15.998,371.955,4.000,22.997,5887,11831,2.340,2,1.110,5,0,634.923,0,0,17,179,6,35,0
09-08 02:19:18,45.915,19.963,32.690,0.499,0,3612828,175240,164692,3990228,6253.469,1706.853,1537.165,8711.935,35.934,568.951,6699,13519,2.340,2,1.110,2,0,310.428,0,0,17,191,6,35,0
09-08 02:19:19,72.127,17.531,9.016,0.250,0.250,3694508,190244,164708,3896296,5694.004,1588.792,284.500,4612.103,9.016,343.604,3990,6640,2.550,2.050,1.130,6,0,176.310,0,0,17,206,6,35,0
09-08 02:19:20,79.235,16.997,2.749,0,0.250,3826296,133692,164748,3822824,6817.752,1693.690,507.907,847.845,9.998,22.996,2550,5210,2.550,2.050,1.130,5,0,64.988,0,0,17,212,6,35,0
09-08 02:19:21,68.265,20.005,10.752,0.500,0,3866420,138880,164832,3777628,5984.346,1640.369,148.033,11226.526,7.002,510.115,6916,15821,2.550,2.050,1.130,3,0,151.034,0,0,17,215,6,45,0
09-08 02:19:22,46.010,26.506,26.006,0,0.500,3867720,144608,164840,3771056,6251.413,1620.366,0,1004.227,0,54.012,6733,13463,2.550,2.050,1.130,4,0,544.123,0,0,17,217,6,45,0
09-08 02:19:23,51.496,21.498,24.498,0,0,3845756,166320,164840,3770916,6084.531,1693.870,4.000,771.941,1.000,44.997,14731,29565,2.550,2.050,1.130,3,0,281.978,0,0,17,219,6,45,0
09-08 02:19:24,53.394,26.198,20.210,0.749,0,3947764,135412,164840,3700316,7577.028,1616.805,15.968,18818.814,1.996,601.811,5771,8388,2.590,2.070,1.140,3,0,444.122,0,0,17,219,6,41,0
09-08 02:19:25,64.127,20.541,15.280,0.250,0,3989124,123024,164908,3671608,7656.175,1623.217,252.500,1070.121,23.046,60.119,6352,16274,2.590,2.070,1.140,3,0,368.731,0,0,17,223,6,45,0
09-08 02:19:26,55.303,23.167,20.427,0.498,0,4047372,126592,164908,3610760,6120.169,1506.626,0,5871.058,0,479.290,6177,12604,2.590,2.070,1.140,9,0,345.767,0,0,17,227,6,41,0
09-08 02:19:27,66.014,17.570,16.315,0.251,0.251,4101292,174184,164912,3511436,9329.317,1700.803,84.337,867.470,6.024,69.277,5573,14473,2.590,2.070,1.140,5,0,207.831,0,0,17,233,6,43,0
09-08 02:19:28,69.154,7.739,22.469,0,0,4236000,130660,164912,3422204,43002.141,1781.520,0,395.450,0,27.961,2362,3419,2.590,2.070,1.140,5,0,0.999,0,0,17,239,6,44,0
09-08 02:19:29,66.557,15.513,15.763,1.001,0.500,4232804,171076,164932,3385720,7241.169,1641.398,1933.647,9367.982,64.055,979.835,6444,11785,2.700,2.100,1.150,3,0,208.177,0,0,17,247,6,51,0
09-08 02:19:30,46.752,22.751,27.751,0.750,0.250,4231452,171520,164952,3386692,4577.206,1690.076,1584.071,1835.083,43.002,92.004,5393,9917,2.700,2.100,1.150,2,1,602.027,0,0,17,248,6,40,0
09-08 02:19:31,57.729,22.892,18.911,0.498,0,4282760,139704,165032,3367660,4367.460,1686.070,3559.261,1070.963,51.757,72.658,7007,11573,2.700,2.100,1.150,5,0,220.961,0,0,18,248,6,42,0
09-08 02:19:32,81.804,14.554,3.011,0.251,0,4392976,120148,165032,3278956,6148.824,1668.192,811.010,461.714,9.034,24.089,2192,2771,2.700,2.100,1.150,3,0,61.227,0,0,18,251,6,42,0
09-08 02:19:33,72.068,12.718,14.713,0.249,0,4417964,154576,165072,3219976,4915.554,1508.181,574.545,6718.988,10.972,609.457,4199,5874,2.700,2.100,1.150,5,0,55.859,0,0,18,255,6,43,0
09-08 02:19:34,22.504,12.252,64.513,0,0,4433852,137056,165080,3221636,9172.825,3227.642,836.166,444.088,12.002,27.005,3856,6508,2.570,2.080,1.150,4,0,216.043,0,0,18,253,6,44,0
09-08 02:19:35,19.257,6.752,72.525,0,0,4423684,147180,165080,3221680,18472.318,5494.879,800.274,508.174,8.003,39.013,2247,3311,2.570,2.080,1.150,5,0,11.004,0,0,18,258,6,44,0
09-08 02:19:36,19.308,7.272,73.471,0.251,0,4431024,138968,165080,3222552,950214.444,11610.879,770.314,1841.532,6.018,108.325,2301,3036,2.570,2.080,1.150,5,0,8.024,0,0,18,258,6,44,0
09-08 02:19:37,33.660,15.459,49.119,1.247,0,4464776,124384,165084,3203620,15563702.551,83663.455,3039.914,21949.614,39.894,583.448,8218,7117,2.570,2.080,1.150,5,0,266.292,0,0,18,261,6,44,0
09-08 02:19:38,31.502,6.500,61.503,0.750,0,4490056,132140,165084,3171016,6606.330,1662.083,336.017,792.040,5.000,119.006,2671,3867,2.570,2.080,1.150,4,0,3.000,0,0,18,267,6,46,0
09-08 02:19:39,25.787,5.258,65.595,1.001,0.501,4506480,150028,165060,3137212,11328.460,1664.418,516.751,1930.805,27.039,300.437,5613,10564,3,2.180,1.190,2,0,7.010,0,0,18,281,6,47,0
09-08 02:19:40,15.259,15.760,68.292,0,0,4454472,185952,165060,3153296,6516.001,1620.995,312.192,468.288,13.008,49.030,3239,5235,3,2.180,1.190,1,0,285.175,0,0,18,277,6,48,0
09-08 02:19:41,20.664,6.224,72.450,0.498,0,4513560,125712,165072,3154436,5007.260,1547.590,1027.743,274.862,16.930,11.951,2111,3591,3,2.180,1.190,3,0,179.258,0,0,18,277,6,46,0
09-08 02:19:42,12.804,15.064,70.800,0.251,0.502,4447488,191604,165076,3154612,6136.004,1626.895,4.017,1164.937,1.004,73.311,2878,4604,3,2.180,1.190,2,0,226.962,0,0,18,277,6,46,0
09-08 02:19:43,9.494,19.488,69.956,0,0,4452940,186124,165076,3154640,3974.524,1618.991,7.995,103.935,0.999,9.994,2960,4591,3,2.180,1.190,2,0,303.811,0,0,18,277,6,45,0
09-08 02:19:44,5.481,7.973,85.461,0,0,4450208,188780,165076,3154716,7162.775,1730.149,31.892,3.987,2.990,0.997,1891,3011,2.760,2.150,1.180,2,0,132.552,0,0,18,277,6,45,0
09-08 02:19:45,15.569,2.260,81.109,0.251,0,4490748,148240,165076,3154716,4849.483,1647.298,0,16119.409,0,31.138,1399,2074,2.760,2.150,1.180,2,0,10.044,0,0,18,279,6,44,0
09-08 02:19:46,21.995,8.498,69.735,0,0,4457548,181408,165076,3154748,7290.484,1619.663,87.982,115.976,3.999,11.998,2315,3488,2.760,2.150,1.180,2,0,96.980,0,0,18,283,6,45,0
09-08 02:19:47,13.991,14.741,69.957,0,0,4461116,177588,165080,3154996,4917.956,1511.065,11.993,219.864,2.998,22.986,3028,4752,2.760,2.150,1.180,2,0,207.871,0,0,18,283,6,44,0
09-08 02:19:48,14.236,14.486,70.181,0.500,0.250,4466128,172412,165080,3155160,4342.714,1618.403,3.996,207.795,0.999,19.980,2981,4653,2.760,2.150,1.180,3,0,237.765,0,0,18,287,6,44,0
09-08 02:19:49,24.216,3.994,70.650,0.250,0,4523028,129908,165056,3140788,6305.097,1617.716,635.103,183.741,41.941,17.975,1536,2196,2.620,2.130,1.180,6,0,1.997,0,0,18,289,6,41,0
09-08 02:19:50,26.490,3.249,67.724,1.749,0.500,4564624,132292,165048,3097112,4587.234,1619.377,419.838,3958.476,26.990,464.821,2657,3751,2.620,2.130,1.180,1,0,2.999,0,0,18,295,6,41,0
09-08 02:19:51,24.826,3.009,70.966,0.502,0,4481540,215344,165064,3097128,5524.823,1624.948,36.110,1901.791,8.024,114.348,1782,2714,2.620,2.130,1.180,1,0,5.015,0,0,18,291,6,39,0
09-08 02:19:52,24.006,3.751,71.768,0.250,0.250,4534380,162456,165064,3097176,5202.332,1694.434,40.010,280.072,10.003,13.003,1420,2020,2.620,2.130,1.180,1,0,3.001,0,0,18,291,6,39,0
09-08 02:19:53,25.951,4.991,69.869,0.250,0,4457632,239124,165064,3097256,4622.347,1636.936,27.948,1133.877,0.998,53.899,2053,3103,2.620,2.130,1.180,5,0,15.970,0,0,18,291,6,38,0
09-08 02:19:54,23.504,3.001,72.013,0,0,4502984,193764,165064,3097264,4942.860,1512.263,0,76.013,0,6.001,1368,2051,2.490,2.110,1.180,6,0,0,0,0,18,291,6,38,0
09-08 02:19:55,13.521,14.522,71.108,0.250,0,4447280,248768,165068,3097960,5518.399,1622.469,837.274,340.518,18.027,13.020,2562,4082,2.490,2.110,1.180,3,0,234.357,0,0,18,291,6,37,0
09-08 02:19:56,12.741,15.989,70.449,0,0,4454964,240944,165072,3098096,5343.164,1618.838,19.986,3.997,4.996,0.999,2799,4332,2.490,2.110,1.180,2,0,304.781,0,0,18,291,6,37,0
09-08 02:19:57,23.250,6.250,69.750,0.500,0,4492428,203096,165092,3098460,5412.032,1620.010,528.003,368.002,32.000,30.000,2017,3076,2.490,2.110,1.180,1,0,48.000,0,0,18,293,6,37,0
09-08 02:19:58,24.018,5.754,69.801,0,0.250,4487164,207992,165100,3098788,41694.646,1621.192,160.118,268.197,8.006,13.010,8917,17577,2.490,2.110,1.180,1,0,12.009,0,0,18,293,6,37,0
09-08 02:19:59,20.747,2.000,76.239,0.500,0,4506088,186912,165264,3100524,13880.057,5368.248,0,931.870,0,42.994,1787,2707,2.370,2.090,1.180,2,0,1.000,0,0,18,294,6,36,0
09-08 02:20:00,22.890,7.962,68.174,0,0.249,4515388,177592,165264,3100544,5392.193,1685.931,15.924,664.818,0.995,50.757,9551,19140,2.370,2.090,1.180,4,0,11.943,0,0,18,296,6,36,0
09-08 02:20:01,14.311,14.060,71.053,0,0.251,4455620,237568,165264,3100288,9791.732,1638.985,0,237.010,0,6.026,2577,3907,2.370,2.090,1.180,1,0,219.937,0,0,18,295,5,35,0
09-08 02:20:02,23.017,5.254,71.053,0,0,4519148,173668,165264,3100644,5720.290,1621.216,0,8.006,0,2.002,1473,2345,2.370,2.090,1.180,1,0,47.035,0,0,18,296,5,35,0
09-08 02:20:03,21.962,5.990,70.876,0,0.250,4487284,205452,165264,3100724,5459.435,1659.093,23.958,0,1.997,0,2149,3368,2.370,2.090,1.180,2,0,111.804,0,0,18,295,5,37,0
09-08 02:20:04,28.760,8.003,64.022,0.250,0,4444248,248156,165264,3101056,4755.617,1620.551,328.112,124.042,32.011,3.001,2856,5230,2.260,2.070,1.180,3,0,86.029,0,0,18,295,5,38,0
09-08 02:20:05,24.458,3.993,71.626,0,0,4494580,197812,165264,3101068,5046.240,1687.071,0,83.854,0,5.990,1552,2435,2.260,2.070,1.180,1,0,17.969,0,0,18,295,5,37,0
09-08 02:20:06,22.064,6.268,71.709,0,0,4480424,211920,165264,3101116,7814.796,1624.739,0,76.222,0,9.026,1796,2688,2.260,2.070,1.180,1,0,56.164,0,0,18,295,5,37,0
09-08 02:20:07,23.702,5.239,70.359,0.499,0,4469332,223000,165264,3101128,4705.561,1455.081,0,119.760,0,11.976,2002,2916,2.260,2.070,1.180,3,0,31.936,0,0,18,295,5,39,0
09-08 02:20:08,23.989,3.248,71.217,0.250,0.250,4514364,177920,165264,3101176,6985.738,1755.180,55.974,391.817,4.998,41.980,2058,3008,2.260,2.070,1.180,2,0,0,0,0,18,295,5,39,0
09-08 02:20:09,22.561,5.515,71.442,0,0,4508848,183204,165264,3101408,8107.786,1698.564,0,200.539,0,14.038,1763,2591,2.160,2.050,1.180,1,0,47.127,0,0,18,295,5,39,0
09-08 02:20:10,24.154,4.731,70.220,0.249,0,4475704,216320,165264,3101436,5218.200,1687.275,15.936,258.968,0.996,24.901,2078,3190,2.160,2.050,1.180,2,0,31.873,0,0,18,295,5,41,0
09-08 02:20:11,21.842,6.528,71.050,0.251,0,4451636,240252,165264,3101572,5611.693,1626.869,0,2309.752,0,328.386,2696,3577,2.160,2.050,1.180,2,0,87.369,0,0,18,295,5,41,0
09-08 02:20:12,23.927,3.739,71.533,0.249,0,4506520,185344,165264,3101596,6481.297,1688.866,0,654.012,0,34.894,1632,2484,2.160,2.050,1.180,4,0,2.991,0,0,18,295,5,42,0
09-08 02:20:13,23.029,3.755,70.087,0,0.250,4493012,198700,165264,3101748,6176.659,1622.011,0,8.010,0,1.001,1676,2468,2.160,2.050,1.180,2,0,47.058,0,0,18,295,5,44,0
09-08 02:20:14,23.939,4.987,71.318,0,0,4482844,208800,165264,3101816,7446.020,1454.293,67.827,79.797,10.972,6.982,1751,2596,2.310,2.090,1.190,2,0,13.964,0,0,18,295,5,46,0
09-08 02:20:15,28.090,3.260,68.720,0.502,0.502,4517320,174024,165264,3102120,5439.412,1625.202,240.771,589.888,16.051,84.270,2802,4801,2.310,2.090,1.190,1,0,0,0,0,18,299,5,46,0
09-08 02:20:16,25.395,3.237,67.970,0.747,0.249,4498892,191984,165264,3102588,5020.291,1687.041,262.915,1063.613,20.914,111.540,2663,4268,2.310,2.090,1.190,1,0,4.979,0,0,18,297,5,47,0
09-08 02:20:17,28.820,4.762,65.659,0.501,0,4512612,177900,165268,3102948,8128.647,1623.925,88.213,1114.694,6.015,133.322,4175,7738,2.310,2.090,1.190,1,0,0,0,0,18,297,5,48,0
09-08 02:20:18,13.538,18.552,66.688,0.251,0,4456112,234352,165272,3102992,7257.466,1851.220,0,1327.744,0,83.235,4262,7139,2.310,2.090,1.190,2,0,568.603,0,0,18,297,6,49,0
09-08 02:20:19,11.495,19.741,67.468,0,0,4463580,226848,165272,3103028,4436.897,1693.197,0,539.744,0,41.980,3942,6488,2.200,2.070,1.190,1,0,584.723,0,0,18,297,6,49,0
09-08 02:20:20,8.471,22.175,67.521,0,0,4461316,229084,165272,3103056,4948.211,1453.070,0,582.025,0,50.828,4086,6785,2.200,2.070,1.190,3,0,590.995,0,0,18,297,6,49,0
09-08 02:20:21,10.038,21.330,67.253,0.753,0,4466184,224188,165272,3103084,4923.542,1700.404,0,3669.821,0,249.941,4517,7517,2.200,2.070,1.190,1,0,624.351,0,0,18,297,6,39,0
09-08 02:20:22,10.750,19.750,68.501,0.250,0.250,4464264,226076,165272,3103116,8425.177,1620.034,0,356.007,0,21.000,3695,6017,2.200,2.070,1.190,1,0,502.011,0,0,18,297,6,39,0
09-08 02:20:23,11.737,18.729,67.924,0,0.749,4464296,226012,165272,3103148,9579.319,1660.149,0,31.964,0,7.991,3690,5817,2.200,2.070,1.190,1,0,508.433,0,0,18,297,6,39,0
09-08 02:20:24,14.011,14.011,70.807,0,0,4472060,218484,165276,3102908,4433.582,1621.310,48.039,32.026,4.003,5.004,2842,4529,2.110,2.050,1.190,1,0,315.255,0,0,18,297,6,39,0
09-08 02:20:25,19.735,11.991,67.198,0,0,4492044,267784,165748,3040332,8920.149,1766.643,19.985,2094.392,3.997,11.991,10211,19681,2.110,2.050,1.190,1,0,7.994,0,0,18,297,6,39,0
09-08 02:20:26,10.230,1.996,86.084,0.499,0,4499076,259060,165748,3041896,10569.632,3565.130,0,2950.315,0,320.383,1910,2249,2.110,2.050,1.190,2,0,2.994,0,0,18,298,6,35,0
09-08 02:20:27,18.044,2.005,77.939,0.752,0,4503456,254048,165752,3042492,19485.369,7960.352,433.053,1367.324,22.054,73.178,2169,3426,2.110,2.050,1.190,1,0,0,0,0,18,299,6,35,0
09-08 02:20:28,16.710,0.998,78.313,1.247,0,4506872,249764,165752,3043328,65477.574,16096.545,622.513,1835.615,62.850,74.821,1901,2644,2.110,2.050,1.190,1,1,0,0,0,18,299,6,33,0
09-08 02:20:29,20.516,2.502,76.561,0.500,0,4524704,230864,165756,3044328,24258.237,12426.854,864.686,1273.009,48.038,51.040,1879,2795,2.100,2.050,1.190,1,0,0,0,0,18,299,6,33,0
09-08 02:20:30,17.524,1.502,77.857,1.252,0.250,4532716,208688,165756,3058460,26279.002,14557.944,7149.795,1862.552,120.165,80.110,1960,2676,2.100,2.050,1.190,2,0,0,0,0,18,299,6,25,0
09-08 02:20:31,21.681,4.486,71.521,1.744,0,4539000,169140,165756,3090108,7281.677,1614.828,4649.109,3684.200,138.556,99.681,1893,2628,2.100,2.050,1.190,2,0,0,0,0,18,299,6,25,0
09-08 02:20:32,21.829,4.265,72.011,1.505,0.251,4538772,148804,165948,3108872,5677.576,1758.372,0,3340.105,0,151.549,1735,2988,2.100,2.050,1.190,1,0,3.011,0,0,18,298,6,23,1
09-08 02:20:33,23.462,3.245,71.883,0.749,0.499,4467048,212548,166140,3115108,5249.438,1769.115,0,2236.353,0,78.871,1439,2350,2.100,2.050,1.190,1,0,0.998,0,0,18,297,6,23,0
09-08 02:20:34,24.553,4.760,70.151,0,0,4511676,165572,166252,3117184,5933.787,1697.658,384.829,4.009,7.015,1.002,5244,10043,2.010,2.030,1.190,2,0,9.019,0,0,18,297,6,21,0
09-08 02:20:35,22.752,6.250,68.755,0,0,4512580,164420,166260,3117388,5512.391,1620.115,0,84.006,0,1.000,9608,19463,2.010,2.030,1.190,2,0,13.001,0,0,18,297,6,21,0
09-08 02:20:36,23.491,3.999,71.474,0,0,4480936,196056,166260,3117364,6282.675,1619.401,0,123.954,0,8.997,4627,8743,2.010,2.030,1.190,1,0,12.995,0,0,18,297,6,21,0
09-08 02:20:37,23.940,6.484,68.329,0.249,0.249,4466348,210588,166260,3117388,5476.315,1615.962,31.920,2094.765,0.998,35.910,9256,18582,2.010,2.030,1.190,3,0,52.868,0,0,18,297,6,21,0
09-08 02:20:38,24.570,5.516,69.948,0,0,4511912,164980,166260,3117432,6228.640,1624.601,0,505.431,0,33.094,7390,14799,2.010,2.030,1.190,4,0,16.045,0,0,18,297,6,21,0
09-08 02:20:39,24.639,5.475,68.689,0,0,4498744,178036,166260,3117544,8721.570,1654.520,0,402.182,0,20.905,8981,18225,1.930,2.010,1.190,3,0,12.941,0,0,18,297,6,21,0
09-08 02:20:40,23.550,4.259,71.902,0,0,4495160,181728,166260,3117436,5206.021,1503.182,0,8.017,0,2.004,1392,1977,1.930,2.010,1.190,2,0,9.019,0,0,18,297,6,16,0
09-08 02:20:41,23.545,5.260,71.136,0.501,0,4481708,195172,166260,3117444,5713.885,1697.233,0,172.328,0,4.008,2000,3066,1.930,2.010,1.190,2,0,94.179,0,0,18,297,6,16,0
09-08 02:20:42,22.721,5.243,69.412,0.250,0,4498448,162200,166864,3131292,6264.063,1617.950,7.990,4070.842,1.997,154.804,9992,19265,1.930,2.010,1.190,1,0,10.986,0,0,18,297,6,16,0
09-08 02:20:43,4.738,0.997,92.264,0,0.249,4501816,158700,166876,3131408,10655.785,3777.353,0,550.594,0,3.990,1051,1701,1.930,2.010,1.190,1,0,0.997,0,0,18,298,6,16,0
09-08 02:20:44,17.771,1.752,78.842,0.501,0.250,4514136,146100,166928,3131596,21886.520,9495.071,0,784.915,0,25.029,1428,2026,1.770,1.980,1.180,1,0,0,0,0,18,299,6,16,0
09-08 02:20:45,13.021,1.252,84.134,0.501,0.250,4514144,145704,166996,3131832,40321.991,14017.245,0,1249.984,0,42.067,1539,2203,1.770,1.980,1.180,5,0,0,0,0,18,299,6,16,0
09-08 02:20:46,8.267,1.503,90.686,0.251,0.251,4514060,145452,167120,3131976,126402.631,11532.688,0,1098.256,0,48.099,1409,2075,1.770,1.980,1.180,1,0,0,0,0,18,300,6,15,0
09-08 02:20:47,20.703,1.497,76.575,0.748,0,4519780,139432,167180,3132144,19923.534,11316.176,31.927,1488.603,0.998,75.827,1889,2845,1.770,1.980,1.180,3,0,0,0,0,18,300,6,15,0
09-08 02:20:48,17.228,1.498,79.646,0.749,0,4523808,134896,167260,3132532,203560.168,16983.904,0,2332.965,0,89.883,1719,2470,1.770,1.980,1.180,0,1,0,0,0,18,299,6,15,1
09-08 02:20:49,10.788,2.258,84.046,1.756,0,4523796,134196,167512,3132792,144048.908,24514.266,24.085,3042.707,4.014,152.537,2022,2953,1.630,1.950,1.180,0,0,0,0,0,18,299,6,15,1
09-08 02:20:50,16.959,3.242,78.561,0.748,0.249,4525448,133376,167580,3131820,2783009.297,38275.870,79.808,6771.701,6.983,396.047,3211,3206,1.630,1.950,1.180,1,0,2.993,0,0,18,299,6,15,1
09-08 02:20:51,11.505,5.502,80.786,1.251,0,4531016,143112,167768,3116372,15071064.624,77720.586,168.075,17984.003,8.004,107.048,5906,4571,1.630,1.950,1.180,1,0,10.004,0,0,18,299,6,15,1
09-08 02:20:52,22.738,3.998,71.463,0.999,0,4530660,129656,168520,3127724,5249.265,1619.156,0,1895.013,0,71.963,1727,2480,1.630,1.950,1.180,1,0,1.999,0,0,18,299,6,15,1
09-08 02:20:53,22.754,3.751,72.013,1.000,0,4531096,123164,171084,3128112,5051.935,1694.313,0,4188.775,0,83.015,1700,2533,1.630,1.950,1.180,1,0,0,0,0,18,299,6,15,1
09-08 02:20:54,22.005,5.251,72.017,1.000,0,4534648,118792,172004,3125644,4695.103,1512.355,0,2132.501,0,102.024,2316,2606,1.580,1.930,1.180,1,0,0,0,0,18,299,6,15,1
09-08 02:20:55,22.021,7.757,69.315,1.251,0,4536472,133704,173808,3105012,5129.822,1567.473,0,107288.852,0,466.438,2848,3526,1.580,1.930,1.180,1,0,0,0,0,18,299,6,15,1
09-08 02:20:56,33.970,6.744,56.950,0.999,0,4565412,119444,174728,3088616,7298.643,1618.590,267.767,5023.624,3.997,75.934,1866,2586,1.580,1.930,1.180,4,0,4.996,0,0,18,299,6,15,1
09-08 02:20:57,33.309,10.268,54.596,1.503,0.501,4471700,253176,175072,3047632,11401.077,4370.697,793.397,110554.687,10.018,508.896,3072,4066,1.580,1.930,1.180,1,0,9.016,0,0,18,297,6,15,0
09-08 02:20:58,25.211,4.992,69.142,0,0,4514152,209152,175072,3049240,41438.480,1691.367,0,958.508,0,30.952,9084,17916,1.580,1.930,1.180,6,0,7.988,0,0,18,297,6,15,0
09-08 02:20:59,23.477,4.745,70.930,0.250,0,4504876,217988,175076,3049652,5412.625,1692.320,0,2177.837,0,15.984,2058,3162,1.530,1.910,1.180,7,0,8.991,0,0,18,297,6,15,0
09-08 02:21:00,24.040,6.511,69.365,0.501,0.250,4515680,207180,175076,3049652,5126.505,1622.692,0,997.655,0,125.208,8943,17760,1.530,1.910,1.180,1,0,14.023,0,0,18,297,6,15,0
09-08 02:21:01,21.742,5.498,72.472,0,0,4502764,217968,175224,3051212,5213.009,1627.378,167.936,239.908,3.998,5.998,1401,2112,1.530,1.910,1.180,1,0,5.998,0,0,18,297,6,15,0
09-08 02:21:02,24.458,4.991,68.382,0.998,0.250,4513984,204668,175396,3052996,7826.468,1659.131,914.419,45361.570,32.943,461.203,4719,8159,1.530,1.910,1.180,2,0,1.997,0,0,18,301,6,23,0
09-08 02:21:03,22.560,8.021,67.177,1.003,0,4465300,252644,175396,3053704,5863.491,1570.148,509.346,1403.709,24.064,186.493,4284,7675,1.530,1.910,1.180,1,0,167.442,0,0,18,301,6,25,0
09-08 02:21:04,16.179,13.938,64.216,3.485,0,4451700,259848,175396,3060068,5890.980,1612.876,6324.067,1123.040,582.427,67.701,4956,8630,1.410,1.880,1.170,2,0,316.602,0,0,18,301,6,28,0
09-08 02:21:05,6.754,3.752,71.543,16.010,0,4436912,238932,175396,3095772,4615.806,1620.986,35785.758,832.506,2412.467,22.013,5321,6915,1.410,1.880,1.170,0,1,0,0,0,18,301,6,25,0
09-08 02:21:06,7.013,2.505,87.160,2.755,0.250,4442244,230392,175404,3098976,9965.266,3401.234,3097.678,1418.600,457.839,20.037,2147,2875,1.410,1.880,1.170,1,0,6.011,0,0,18,302,6,25,0
09-08 02:21:07,4.242,1.248,92.571,0.998,0.250,4443508,229132,175404,3098972,41729.504,6211.019,0,3529.192,0,369.288,2103,2898,1.410,1.880,1.170,1,0,0,0,0,18,302,6,25,0
09-08 02:21:08,2.756,1.503,94.962,0,0,4443688,228684,175404,3099236,288317.660,4624.308,0,256.572,0,18.040,1297,2024,1.410,1.880,1.170,1,0,2.004,0,0,18,302,6,25,0
09-08 02:21:09,6.749,2.250,89.239,0.500,0,4429096,240604,175648,3101596,57777.951,124048.866,1803.780,999.878,36.995,20.997,1620,2510,1.300,1.850,1.160,3,0,12.998,0,0,18,301,6,23,0
09-08 02:21:10,2.249,0.500,96.211,0,0.250,4429096,240604,175648,3101596,4780.045,1565.360,0,0,0,0,1059,1788,1.300,1.850,1.160,2,0,0,0,0,18,301,6,23,0
09-08 02:21:11,2.253,0.501,96.377,0,0.250,4429092,240604,175648,3101600,6828.966,1692.222,0,488.642,0,15.020,1087,1807,1.300,1.850,1.160,0,0,0,0,0,18,301,6,21,0
09-08 02:21:12,2.494,1.247,95.290,0,0,4429092,240604,175648,3101600,6526.609,1616.436,0,63.859,0,5.987,1212,2042,1.300,1.850,1.160,3,0,1.996,0,0,18,301,6,21,0
09-08 02:21:13,3.998,0.999,93.943,0.500,0.250,4429044,240604,175648,3101648,8979.522,1619.012,31.980,447.727,0.999,68.958,1664,2914,1.300,1.850,1.160,1,0,0,0,0,18,301,6,18,0
09-08 02:21:14,3.250,0.750,95.747,0.250,0.250,4429040,240604,175648,3101652,6228.807,1585.951,0,331.990,0,24.999,1197,2024,1.190,1.820,1.160,1,0,0,0,0,18,301,6,18,0
09-08 02:21:15,3.006,0.501,95.941,0,0,4429040,240604,175648,3101652,8891.721,1697.383,0,8.016,0,2.004,1127,1844,1.190,1.820,1.160,1,0,0,0,0,18,301,6,16,0
09-08 02:21:16,2.249,0.999,94.940,0,0,4429036,240604,175648,3101656,6225.091,1618.983,0,255.839,0,22.986,1324,2274,1.190,1.820,1.160,3,0,0,0,0,18,301,6,16,0
09-08 02:21:17,3.749,0.500,94.713,0.500,0,4429036,240604,175648,3101656,6753.393,1565.396,0,163.937,0,23.991,1356,2295,1.190,1.820,1.160,1,0,0,0,0,18,301,6,15,0
09-08 02:21:18,2.498,0.500,96.163,0,0,4429032,240604,175648,3101660,8761.054,1618.532,0,175.841,0,10.990,1068,1838,1.190,1.820,1.160,1,0,0,0,0,18,301,6,15,0
09-08 02:21:19,3.749,1.250,93.479,0,0.250,4429024,240604,175648,3101668,5293.819,1619.639,0,67.985,0,8.998,1321,2090,1.100,1.790,1.150,2,0,0,0,0,18,301,6,13,0
09-08 02:21:20,5.509,1.753,91.897,0,0,4428912,240604,175648,3101780,7239.562,1622.591,0,0,0,0,2055,3829,1.100,1.790,1.150,2,0,0,0,0,18,301,6,13,0
09-08 02:21:21,4.754,1.751,93.329,0,0.250,4428908,240604,175648,3101784,6325.383,1513.288,0,4.003,0,1.001,1352,2182,1.100,1.790,1.150,0,0,0,0,0,18,301,6,15,0
09-08 02:21:22,2.247,0.749,95.857,0,0.499,4428904,240604,175648,3101788,5519.753,1691.473,0,43.934,0,3.994,1057,1791,1.100,1.790,1.150,1,0,1.997,0,0,18,301,6,15,0
09-08 02:21:23,2.499,0.500,95.728,0.250,0,4428896,240604,175648,3101796,5652.700,1693.610,19.995,99.977,2.000,11.997,1185,2107,1.100,1.790,1.150,1,0,0,0,0,18,301,6,15,0
09-08 02:21:24,3.002,0.750,95.810,0,0,4428876,240604,175648,3101816,5588.476,1566.975,0,416.259,0,23.014,1047,1781,1.010,1.760,1.140,2,0,0,0,0,18,301,6,15,0
09-08 02:21:25,2.748,0.749,96.182,0,0,4428876,240604,175648,3101816,8206.182,1618.852,0,0,0,0,1119,1766,1.010,1.760,1.140,2,0,0,0,0,18,301,6,15,0
09-08 02:21:26,2.500,1.250,94.987,0,0,4428876,240604,175648,3101816,5928.164,1619.772,0,87.988,0,9.999,1110,1829,1.010,1.760,1.140,1,0,0,0,0,18,301,6,15,0
09-08 02:21:27,3.249,0.750,94.727,0.250,0,4429060,240380,175648,3101856,7302.204,1619.602,0,3283.192,0,26.993,1412,2261,1.010,1.760,1.140,1,0,0,0,0,18,301,6,15,0
09-08 02:21:28,2.251,0.750,96.296,0,0.250,4429056,240380,175648,3101860,41891.941,1512.720,0,176.084,0,11.005,1201,1932,1.010,1.760,1.140,2,0,0,0,0,18,301,6,15,0
09-08 02:21:29,3.003,0.500,94.839,0,0,4429056,240380,175648,3101860,6113.753,1621.526,0,112.105,0,16.015,1395,2306,0.930,1.730,1.140,2,0,0,0,0,18,301,6,15,0
09-08 02:21:30,3.250,1.000,95.495,0,0.250,4429056,240380,175648,3101860,6197.659,1693.907,0,199.989,0,13.999,1277,2131,0.930,1.730,1.140,2,0,0,0,0,18,301,6,15,0
09-08 02:21:31,3.001,0.500,95.285,0.750,0.250,4429056,240380,175648,3101860,5331.946,1620.592,0,1864.681,0,118.043,1375,2393,0.930,1.730,1.140,0,0,0,0,0,18,301,5,15,0
09-08 02:21:32,2.997,0.749,94.646,0.749,0,4430180,239232,175648,3101860,5385.098,1564.286,0,9429.665,0,431.527,1866,2219,0.930,1.730,1.140,4,0,1.998,0,0,18,301,5,15,0
09-08 02:21:33,2.251,1.501,95.557,0,0.250,4430180,239232,175648,3101860,5077.041,1620.971,0,392.235,0,13.008,1253,2182,0.930,1.730,1.140,1,0,0,0,0,18,301,5,15,0
09-08 02:21:34,2.499,0.500,96.198,0.250,0,4430280,239232,175648,3101868,5361.116,1511.187,0,303.837,0,21.988,1070,1812,0.850,1.700,1.130,2,0,0,0,0,18,301,5,15,0
09-08 02:21:35,3.502,1.001,94.312,0,0,4430280,239232,175648,3101868,8625.676,1621.067,0,96.063,0,12.008,1504,2499,0.850,1.700,1.130,1,0,0,0,0,18,301,5,15,0
09-08 02:21:36,1.500,0.500,96.266,0,0,4430276,239232,175648,3101872,6860.111,1620.262,0,200.032,0,15.002,1070,1769,0.850,1.700,1.130,1,0,0,0,0,18,301,5,15,0
09-08 02:21:37,3.994,0.499,94.350,0.250,0.250,4430276,239232,175648,3101872,6202.132,1617.427,0,191.695,0,26.957,1284,2273,0.850,1.700,1.130,2,0,0,0,0,18,301,5,15,0
09-08 02:21:38,2.756,0.501,95.472,0.251,0,4430268,239232,175648,3101880,8005.645,1665.880,0,433.008,0,35.082,1306,2326,0.850,1.700,1.130,1,0,0,0,0,18,301,5,15,0
09-08 02:21:39,2.998,0.999,95.930,0.250,0.250,4430268,239232,175648,3101880,9979.705,721.473,0,171.874,0,14.989,1154,1970,0.790,1.670,1.130,1,0,0,0,0,18,301,5,15,0
09-08 02:21:40,8.004,2.251,88.045,0,0,4436608,232484,175680,3102252,226590.241,4160.134,380.195,0,11.006,0,1400,2063,0.790,1.670,1.130,4,0,9.005,0,0,18,301,5,15,0
09-08 02:21:41,11.014,4.255,83.603,0,0,4442544,226256,175700,3102520,349311.653,9940.226,208.256,260.320,8.010,12.015,1836,2474,0.790,1.670,1.130,1,0,37.046,0,0,18,301,5,15,0
