"pcp-dstat 6.2.0 CSV Output"
"Author:","PCP team <pcp@groups.io> and Dag Wieers <dag@wieers.com>",,,,"URL:","https://pcp.io/ and http://dag.wieers.com/home-made/dstat/"
"Host:","ubuntu",,,,"User:","ubuntu"
"Cmdline:","dstat -tcmndrylpg --tcp --output /tmp/devstack_logs/dstat-csv.log",,,,"Date:","16 Jan 2026 16:01:49 UTC"
"system","total usage",,,,,"memory usage",,,,"net/total",,"dsk/total",,"io/total",,"system",,"load avg",,,"procs",,,"paging",,"tcp sockets",,,,
"time","total usage:usr","total usage:sys","total usage:idl","total usage:wai","total usage:stl","used","free","buf","cach","net/total:recv","net/total:send","dsk/total:read","dsk/total:writ","read","writ","int","csw","1m","5m","15m","run","blk","new","in","out","lis","act","syn","tim","clo"
16-01 16:01:49,,985912,1718288,163356,4953036,,,,,,,1.420,0.980,0.520,1,0,,,,10,5,0,17,1
16-01 16:01:50,22.175,21.179,54.815,0.249,0,1008112,1695516,163404,4953444,23705.078,11677.629,0,2619.169,0,98.667,6679,5772,1.420,0.980,0.520,2,0,504.300,0,0,10,4,0,17,2
16-01 16:01:51,27.837,21.066,48.903,1.505,0,1031184,1646968,163620,4976744,186807.015,7734.262,0,12459.084,0,490.539,6732,5638,1.420,0.980,0.520,2,0,320.004,0,0,10,4,0,17,2
16-01 16:01:52,37.730,19.740,40.729,0.250,0,1039576,1614380,164584,4997360,9675.898,1619.146,0,1783.060,0,46.975,6125,6175,1.420,0.980,0.520,3,0,292.846,0,0,10,4,0,17,2
16-01 16:01:53,26.443,5.239,67.355,0.249,0.249,1176936,1461152,164880,5135876,7666.501,1616.521,0,790.299,0,23.948,2956,2993,1.380,0.980,0.520,3,0,13.970,0,0,11,4,0,17,2
16-01 16:01:54,34.526,11.509,52.290,1.501,0.250,1178508,1435432,166016,5155844,9941.552,1705.295,16.012,3318.521,1.001,138.105,4254,2971,1.380,0.980,0.520,3,0,106.081,0,0,11,6,0,17,2
16-01 16:01:55,38.081,12.777,48.102,1.002,0,1198808,1384432,167004,5182824,8930.913,1623.438,16.034,2922.188,1.002,95.202,4812,3516,1.380,0.980,0.520,2,0,180.382,0,0,11,6,0,19,2
16-01 16:01:56,39.895,5.236,53.110,0.748,0.249,1263172,1330040,167608,5171136,11695.159,4330.580,15.958,6458.967,0.997,70.813,2959,1694,1.380,0.980,0.520,2,0,0,0,0,11,4,0,19,0
16-01 16:01:57,39.095,6.767,46.864,5.012,0,1273348,1316332,167996,5174232,10756.247,1461.566,0,11267.495,0,810.979,7906,9264,1.380,0.980,0.520,1,1,46.113,0,0,11,6,0,19,0
16-01 16:01:58,25.679,7.479,47.868,16.205,0,1281740,1293544,169196,5186220,15281.983,3954.128,3.989,34158.084,0.997,2752.432,16234,22459,1.430,1,0.530,3,0,45.874,0,0,11,6,0,19,0
16-01 16:01:59,31.330,9.274,48.624,8.522,0,1246448,1327172,169508,5187484,16310.486,4496.437,0,31644.488,0,2042.194,12238,16484,1.430,1,0.530,2,0,120.306,0,0,11,5,0,19,0
16-01 16:02:00,43.660,9.480,45.656,0.499,0,1253908,1311472,170072,5193700,7232.060,1790.302,0,3021.758,0,105.781,10911,18120,1.430,1,0.530,2,0,13.971,0,0,11,4,0,19,0
16-01 16:02:01,44.592,9.520,45.093,0.752,0.251,1244856,1319912,170216,5194056,9207.924,1623.336,0,9683.902,0,407.838,13115,21290,1.430,1,0.530,2,0,30.062,0,0,11,4,0,19,0
16-01 16:02:02,42.647,7.482,48.133,0.249,0.249,1205004,1374632,170236,5181072,11735.571,1616.085,0,1041.477,0,32.920,3249,1822,1.430,1,0.530,2,0,9.976,0,0,11,4,0,19,0
16-01 16:02:03,35.781,8.007,55.798,0,0.250,1181928,1397692,170236,5181088,7043.084,1621.400,0,148.128,0,5.004,3536,2088,1.480,1.010,0.540,2,0,126.109,0,0,11,4,0,19,0
16-01 16:02:04,8.265,20.287,70.127,0,0.250,1153092,1426480,170236,5181120,5623.172,1622.936,0,16.029,0,4.007,5645,4090,1.480,1.010,0.540,1,0,359.651,0,0,11,4,0,19,0
16-01 16:02:05,11.992,20.237,66.708,0,0,1134232,1445180,170236,5181632,9151.173,1457.072,0,31.980,0,7.995,5934,5230,1.480,1.010,0.540,1,0,360.770,0,0,11,4,0,19,0
16-01 16:02:06,33.914,13.466,51.619,0,0,1168084,1411328,170236,5181760,11080.954,1615.910,0,8295.005,0,24.937,5008,4674,1.480,1.010,0.540,2,0,193.510,0,0,11,5,0,19,0
16-01 16:02:07,45.273,5.003,48.775,0,0,1240992,1337976,170236,5182204,10520.285,1620.814,0,484.243,0,43.022,2907,1315,1.480,1.010,0.540,2,0,1.001,0,0,11,5,0,19,0
16-01 16:02:08,43.459,8.742,47.705,0,0,1273104,1304476,170260,5183548,7924.485,1618.465,0,1402.670,0,67.936,2971,2983,1.520,1.030,0.540,2,0,0,0,0,11,5,0,19,0
16-01 16:02:09,16.516,9.509,73.570,0,0,1287540,1289032,170280,5184496,8666.250,1621.544,0,1517.445,0,68.065,3687,3412,1.520,1.030,0.540,1,0,140.133,0,0,11,4,0,20,0
16-01 16:02:10,22.502,3.500,73.007,0,0,1360136,1216396,170280,5184536,7227.647,1620.145,0,120.011,0,4.000,1899,1324,1.520,1.030,0.540,1,0,0,0,0,11,4,0,20,0
16-01 16:02:11,23.758,2.751,72.273,0.500,0,1365752,1210572,170284,5184740,5459.750,1620.519,0,16305.226,0,55.018,2021,1455,1.520,1.030,0.540,1,0,1.000,0,0,11,6,0,20,0
16-01 16:02:12,20.985,5.746,70.949,1.749,0.250,1343764,1232416,170368,5184780,4872.525,1618.846,0,3961.175,0,345.753,4604,5449,1.520,1.030,0.540,1,0,41.970,0,0,11,4,0,22,0
16-01 16:02:13,23.015,2.502,73.049,0.250,0,1380316,1195212,170644,5185068,10151.783,1458.975,372.249,648.433,20.013,33.022,2119,1533,1.480,1.030,0.550,1,0,0,0,0,11,11,0,22,0
16-01 16:02:14,20.749,5.250,72.248,0.750,0.250,1379568,1195540,170688,5185312,8138.764,1619.953,267.992,2679.922,65.998,92.997,3571,3325,1.480,1.030,0.550,1,0,45.999,0,0,11,28,0,23,0
16-01 16:02:15,20.991,4.998,73.469,0,0,1436788,1138248,170688,5185380,10605.483,1619.310,0,0,0,0,1865,1399,1.480,1.030,0.550,1,0,0,0,0,11,28,0,17,0
16-01 16:02:16,23.567,11.784,63.681,0,0.251,1377376,1197616,170688,5185404,9478.006,1624.629,0,24822.728,0,225.643,4053,3025,1.480,1.030,0.550,2,0,156.446,0,0,11,28,0,17,0
16-01 16:02:17,44.614,5.982,48.104,0.249,0,1456196,1118784,170688,5185416,10130.213,1615.091,0,1335.940,0,28.912,3393,2362,1.480,1.030,0.550,2,0,0.997,0,0,11,28,0,18,0
16-01 16:02:18,46.613,23.306,29.321,0,0.251,1453420,1121192,170692,5185760,7395.895,1623.929,0,2766.694,0,59.143,7092,9225,1.520,1.050,0.560,7,0,475.150,0,0,11,28,0,19,0
16-01 16:02:19,82.746,16.999,0.250,0,0,1661696,912888,170692,5185788,5385.739,1619.922,0,87.996,0,6.000,5372,3600,1.520,1.050,0.560,6,0,103.995,0,0,11,28,0,19,0
16-01 16:02:20,86.534,12.005,1.501,0,0,1748744,825616,170696,5186004,10557.094,1620.628,0,120.047,0,8.003,8906,12014,1.520,1.050,0.560,5,1,13.005,0,0,11,30,0,20,0
16-01 16:02:21,45.611,16.450,36.639,0.498,0.498,1562240,1012044,170716,5186064,7204.086,1495.451,0,14962.486,0,548.332,6000,6876,1.520,1.050,0.560,2,0,296.099,0,0,11,28,0,20,0
16-01 16:02:22,22.760,3.502,73.033,0,0,1538456,1036000,170716,5186076,5631.542,1620.732,0,436.197,0,9.004,2630,2749,1.520,1.050,0.560,1,0,0,0,0,11,29,0,21,0
16-01 16:02:23,17.997,7.999,72.487,0.250,0.250,1501324,1073128,170728,5186080,9297.332,1661.702,0,211.962,0,20.996,2996,2486,1.480,1.040,0.560,1,0,67.988,0,0,11,28,0,19,0
16-01 16:02:24,23.011,3.502,72.784,0.250,0,1478556,1095740,170736,5186228,9411.458,1620.768,0,148.070,0,20.009,3167,3367,1.480,1.040,0.560,1,0,9.004,0,0,11,28,0,19,0
16-01 16:02:25,8.014,22.539,68.118,0,0.250,1449748,1124540,170736,5186236,9882.053,1622.800,0,220.380,0,7.012,6022,4316,1.480,1.040,0.560,2,0,485.838,0,0,11,28,0,19,0
16-01 16:02:26,59.421,28.462,11.485,0,0,1532312,1041928,170740,5186280,9369.541,1711.724,0,667.113,0,21.971,5910,4715,1.480,1.040,0.560,6,0,543.278,0,0,11,28,0,19,0
16-01 16:02:27,85.000,12.750,1.500,0,0,1684588,889604,170752,5186312,5547.968,1619.991,0,90411.486,0,389.998,7371,7244,1.480,1.040,0.560,6,0,1.000,0,0,11,31,0,19,0
16-01 16:02:28,75.919,18.040,6.264,0,0.251,1494028,1079832,170780,5186616,8708.402,1623.617,0,605.349,0,69.154,8639,13540,1.840,1.130,0.590,5,0,172.384,0,0,11,28,0,20,0
16-01 16:02:29,80.499,19.500,0.250,0,0,1622872,950964,170788,5186632,7293.916,1457.983,0,203.998,0,13.000,5868,9808,1.840,1.130,0.590,6,0,173.998,0,0,11,28,0,21,0
16-01 16:02:30,86.958,11.494,1.249,0,0.250,1741568,832048,170788,5186824,7868.175,1619.213,0,543.736,0,9.995,6832,9086,1.840,1.130,0.590,8,0,5.997,0,0,11,30,0,22,1
16-01 16:02:31,71.523,17.005,9.753,0,0.250,1569332,1004052,170796,5187048,11564.708,1620.520,0,476.153,0,40.013,8276,13513,1.840,1.130,0.590,2,0,289.093,0,0,11,28,0,22,0
16-01 16:02:32,43.145,7.981,48.631,0.249,0.249,1573104,1000264,170804,5187056,7260.284,1616.057,0,758.150,0,14.963,3175,2020,1.840,1.130,0.590,3,0,8.978,0,0,11,29,0,22,0
16-01 16:02:33,45.733,21.242,31.239,0,0,1490476,1082824,170808,5187120,9927.361,1619.406,0,299.890,0,27.990,6238,7909,1.850,1.140,0.600,3,0,377.861,0,0,11,28,0,22,0
16-01 16:02:34,66.138,8.768,24.802,0,0,1576596,996552,170808,5187272,10217.325,1623.388,0,148.310,0,6.013,4171,2926,1.850,1.140,0.600,3,0,0,0,0,11,29,0,22,0
16-01 16:02:35,59.043,21.766,18.764,0.250,0,1500192,1072856,170832,5187348,6474.699,1621.176,0,464.337,0,46.033,7254,9732,1.850,1.140,0.600,4,0,258.187,0,0,11,28,0,23,0
16-01 16:02:36,85.760,11.751,2.250,0,0.250,1614240,958788,170832,5187368,12082.355,1620.182,0,192.022,0,10.001,5727,4278,1.850,1.140,0.600,4,0,0,0,0,11,29,0,23,0
16-01 16:02:37,62.590,17.206,18.702,0,0,1525132,1047652,170848,5187596,9696.176,1562.001,0,1224.864,0,76.803,8628,12339,1.850,1.140,0.600,3,0,324.170,0,0,11,28,0,24,0
16-01 16:02:38,66.732,8.498,23.744,0.500,0,1565048,1007688,170864,5187628,9481.475,1511.597,0,2999.201,0,180.952,4874,4014,1.950,1.170,0.610,3,0,0,0,0,11,28,0,24,0
16-01 16:02:39,59.915,18.551,21.309,0,0.251,1488560,1083972,170872,5187828,8947.655,1624.476,0,509.404,0,39.108,7371,10174,1.950,1.170,0.610,3,0,299.826,0,0,11,28,0,22,0
16-01 16:02:40,65.954,8.994,24.733,0,0.250,1545228,1027284,170876,5187844,9110.683,1618.878,0,695.518,0,12.991,4387,3124,1.950,1.170,0.610,3,0,0,0,0,11,30,0,23,0
16-01 16:02:41,61.544,17.763,19.264,0.250,0.250,1496844,1075320,170904,5188164,7284.189,1621.155,0,1521.084,0,88.063,7932,9829,1.950,1.170,0.610,3,0,287.205,0,0,11,28,0,23,0
16-01 16:02:42,63.980,8.997,26.742,0,0,1540588,1031540,170908,5188196,5033.412,1619.489,0,2875.093,0,97.969,5584,5751,1.950,1.170,0.610,2,0,0,0,0,11,31,0,24,0
16-01 16:02:43,57.747,14.999,26.249,0,0.250,1532540,1039516,170928,5188248,7291.659,1619.924,0,351.984,0,35.998,5411,5202,2.030,1.200,0.620,3,0,111.995,0,0,11,28,0,23,0
16-01 16:02:44,64.980,7.248,26.492,0.250,0,1580592,991212,170936,5188492,9285.206,1619.513,0,331.900,0,35.989,6543,7972,2.030,1.200,0.620,4,0,0,0,0,11,29,0,24,0
16-01 16:02:45,68.549,26.519,4.503,0,0,1557868,1013828,170944,5188560,7196.156,1621.161,0,304.218,0,28.020,6425,6415,2.030,1.200,0.620,8,0,595.427,0,0,11,28,0,24,0
16-01 16:02:46,81.752,18.750,0,0,0,1692884,878772,170948,5188596,8555.166,1458.028,0,200.004,0,9.000,5858,5029,2.030,1.200,0.620,8,0,353.007,0,0,11,28,0,24,0
16-01 16:02:47,82.599,16.470,0.499,0,0,1761132,810272,170968,5188828,8176.007,1617.035,0,770.587,0,44.918,8524,11359,2.030,1.200,0.620,7,0,322.409,0,0,11,29,0,22,0
16-01 16:02:48,71.307,27.522,0.500,0,0.751,1701064,870116,170972,5189048,11153.949,1621.301,0,428.344,0,36.029,6525,6898,2.350,1.280,0.650,6,0,458.368,0,0,11,28,0,22,0
16-01 16:02:49,83.717,14.744,1.000,0,0,1709528,861620,170976,5189076,8370.656,1619.353,0,203.919,0,10.996,6360,6018,2.350,1.280,0.650,5,0,125.950,0,0,11,30,0,22,0
16-01 16:02:50,74.596,18.524,6.508,0,0,1662988,907928,170976,5189308,4989.417,1622.086,0,12.015,0,3.004,7668,14499,2.350,1.280,0.650,3,0,335.431,0,0,11,29,0,24,0
16-01 16:02:51,22.252,28.752,47.504,0,0.250,1542520,1028352,170976,5189352,5433.468,1620.139,0,32.003,0,8.001,6944,6569,2.350,1.280,0.650,4,0,784.067,0,0,11,28,0,24,0
16-01 16:02:52,73.002,25.751,1.750,0,0,1581248,989576,170976,5189400,9801.300,1620.050,0,1864.057,0,35.001,5551,4274,2.350,1.280,0.650,4,0,483.015,0,0,11,28,0,24,0
16-01 16:02:53,78.993,14.499,5.999,0,0,1496252,1074356,170996,5189608,9122.217,1619.861,0,1511.870,0,90.992,7496,10189,2.480,1.330,0.670,5,0,158.986,0,0,11,29,0,26,0
16-01 16:02:54,80.258,17.502,1.500,0,0,1596296,974276,171000,5189640,10804.089,1500.151,0,252.025,0,21.002,5525,4679,2.480,1.330,0.670,4,0,109.011,0,0,11,28,0,26,0
16-01 16:02:55,71.451,8.244,19.237,0,0,1647644,922644,171016,5189908,6729.406,1618.895,0,223.847,0,18.987,10225,17826,2.480,1.330,0.670,5,0,0,0,0,11,31,0,27,0
16-01 16:02:56,77.052,14.510,7.755,0.250,0.500,1524988,1045064,171032,5190128,10615.167,1621.094,0,464.313,0,50.034,8523,13552,2.480,1.330,0.670,4,0,120.081,0,0,11,28,0,26,0
16-01 16:02:57,82.367,11.481,5.990,0,0.250,1625008,944988,171032,5190184,10300.399,1617.393,0,279.549,0,9.984,6200,7348,2.480,1.330,0.670,3,0,0.998,0,0,11,31,0,26,0
16-01 16:02:58,63.786,11.006,23.263,0.250,0,1592456,977136,171032,5190588,11441.416,1620.909,0,3133.757,0,136.076,12230,20414,2.440,1.340,0.680,4,0,71.040,0,0,11,30,0,26,0
16-01 16:02:59,76.988,20.497,2.000,0,0.250,1583748,985788,171032,5190644,9205.607,1619.755,0,123.981,0,6.999,5623,5561,2.440,1.340,0.680,5,0,188.971,0,0,11,28,0,27,0
16-01 16:03:00,79.785,9.254,9.754,0,0,1651264,918024,171032,5190892,7414.295,1620.720,0,220.098,0,21.009,8355,14649,2.440,1.340,0.680,4,0,0,0,0,11,30,0,29,0
16-01 16:03:01,80.805,16.761,2.001,0,0,1544224,1025024,171036,5190928,8277.611,1663.127,0,232.157,0,23.016,6243,6797,2.440,1.340,0.680,4,0,128.087,0,0,11,28,0,29,0
16-01 16:03:02,81.252,11.250,6.750,0,0,1609396,959656,171052,5191104,8808.244,1458.040,0,340.009,0,36.001,6803,9002,2.440,1.340,0.680,6,0,60.002,0,0,11,30,0,29,0
16-01 16:03:03,78.499,17.500,3.500,0,0.500,1603612,965196,171064,5191332,8684.853,1619.973,0,183.997,0,13.000,6968,10020,2.650,1.400,0.700,4,0,118.998,0,0,11,28,0,29,0
16-01 16:03:04,79.149,14.731,5.243,0,0,1626676,942060,171072,5191392,9644.692,1617.935,0,147.811,0,7.990,6327,8394,2.650,1.400,0.700,4,0,124.841,0,0,11,30,0,29,0
16-01 16:03:05,82.083,15.015,2.503,0,0.250,1602928,965748,171080,5191444,10169.245,1621.634,0,128.129,0,8.008,6038,6412,2.650,1.400,0.700,4,0,111.112,0,0,11,29,0,29,0
16-01 16:03:06,83.494,10.749,5.500,0,0,1548436,1020168,171104,5191492,7754.397,1619.874,0,319.975,0,37.997,6639,8118,2.650,1.400,0.700,5,0,26.998,0,0,11,29,0,29,0
16-01 16:03:07,65.777,18.508,14.756,0,0.250,1567728,1000748,171128,5191596,8884.639,1620.664,0,524.215,0,38.016,5803,5889,2.650,1.400,0.700,4,0,232.095,0,0,11,28,0,29,0
16-01 16:03:08,62.197,12.739,24.479,0,0,1513524,1054604,171140,5191928,7553.566,1618.621,0,239.796,0,15.986,7531,9004,2.680,1.430,0.710,4,0,119.898,0,0,11,28,0,29,0
16-01 16:03:09,60.265,14.504,24.256,0,0,1521820,1046256,171140,5191976,10789.724,1620.409,0,200.050,0,10.003,4724,4292,2.680,1.430,0.710,3,0,62.016,0,0,11,28,0,29,0
16-01 16:03:10,64.013,8.002,26.505,0.250,0.250,1550176,1017756,171156,5192100,7308.504,1458.300,0,308.063,0,27.006,7565,9434,2.680,1.430,0.710,4,0,29.006,0,0,11,29,0,30,0
16-01 16:03:11,40.014,15.755,43.515,0,0,1488224,1079660,171172,5192128,9458.284,1620.563,0,324.113,0,24.008,5367,5536,2.680,1.430,0.710,2,0,192.067,0,0,11,28,0,30,0
16-01 16:03:12,43.824,7.221,48.057,0.249,0.249,1495496,1072292,171176,5192220,7555.641,1613.517,0,1868.492,0,14.940,4017,4055,2.680,1.430,0.710,4,0,33.864,0,0,11,29,0,27,0
16-01 16:03:13,40.535,11.010,47.792,0,0,1514876,1052588,171176,5192540,5570.859,1621.414,0,376.328,0,22.019,4151,4131,2.620,1.440,0.720,2,0,104.091,0,0,11,28,0,27,0
16-01 16:03:14,42.895,8.978,47.384,0.499,0,1530612,1036808,171192,5192560,5239.221,1616.058,0,399.027,0,40.900,4451,4335,2.620,1.440,0.720,2,0,63.844,0,0,11,33,0,27,0
16-01 16:03:15,44.167,6.525,49.186,0,0,1522508,1044860,171204,5192568,10501.715,1626.150,0,252.957,0,21.080,4448,5803,2.620,1.440,0.720,3,0,5.019,0,0,11,33,0,27,0
16-01 16:03:16,42.450,8.240,47.943,0,0,1518964,1048364,171204,5192608,7501.120,1618.085,0,215.745,0,17.979,4105,5190,2.620,1.440,0.720,2,0,42.949,0,0,11,33,0,26,0
16-01 16:03:17,43.630,7.021,48.645,0.251,0,1531976,1035188,171208,5192764,8673.895,1624.851,0,292.874,0,23.069,4121,4855,2.620,1.440,0.720,2,0,5.015,0,0,11,33,0,26,0
16-01 16:03:18,32.733,14.992,51.724,0,0.250,1495508,1071560,171220,5192848,7995.911,1457.255,0,3882.015,0,189.903,6424,7128,2.570,1.450,0.730,1,0,282.855,0,0,11,32,0,27,0
16-01 16:03:19,20.949,3.741,73.322,0.249,0,1499920,1067140,171220,5192856,9297.423,1616.076,0,187.545,0,10.973,1962,1538,2.570,1.450,0.730,2,0,0,0,0,11,32,0,27,0
16-01 16:03:20,18.049,11.281,70.693,0,0.251,1414184,1152840,171220,5192888,8762.920,1624.434,0,433.182,0,52.142,4972,5005,2.570,1.450,0.730,1,0,147.402,0,0,11,32,0,26,0
16-01 16:03:21,15.949,10.716,71.273,0,0.249,1440488,1126520,171228,5192892,5344.961,1614.852,0,195.377,0,12.959,3090,2111,2.570,1.450,0.730,2,0,136.565,0,0,11,32,0,26,0
16-01 16:03:22,23.513,2.751,72.790,0.250,0,1449344,1117628,171240,5192916,4826.631,1620.883,0,712.388,0,44.024,3323,4034,2.570,1.450,0.730,1,0,0,0,0,11,32,0,27,0
16-01 16:03:23,19.745,6.748,72.983,0,0.250,1452596,1114372,171244,5192916,9282.776,1661.602,0,219.947,0,8.998,2465,1818,2.450,1.440,0.730,1,0,45.989,0,0,11,32,0,27,0
16-01 16:03:24,24.247,2.500,71.990,0.250,0,1449704,1117084,171252,5193084,7300.013,1619.781,0,95.987,0,11.998,4864,6582,2.450,1.440,0.730,1,0,0,0,0,11,32,0,25,0
16-01 16:03:25,8.265,22.040,68.125,0,0,1363168,1203472,171252,5193232,10610.403,1622.968,0,12.022,0,3.005,5201,3389,2.450,1.440,0.730,1,0,325.595,0,0,11,32,0,25,0
16-01 16:03:26,27.457,17.722,53.416,0,0,1417308,1149228,171304,5193276,8766.238,1549.567,0,407.360,0,25.959,4982,3726,2.450,1.440,0.730,2,0,300.528,0,0,11,32,0,27,0
16-01 16:03:27,42.870,6.267,47.884,3.008,0,1523580,1039144,171776,5196268,10154.321,1624.531,0,7693.457,0,601.678,6190,6991,2.450,1.440,0.730,3,0,38.106,0,0,11,36,0,27,0
16-01 16:03:28,34.152,7.977,41.132,13.212,0,1491612,1065632,172736,5200444,7399.849,1615.383,0,38825.025,0,3374.355,18820,26380,2.490,1.470,0.740,2,1,91.738,0,0,11,36,0,26,0
16-01 16:03:29,38.500,10.250,36.000,13.250,0.500,1540620,1014220,173364,5202116,7794.063,1620.013,0,39292.320,0,3204.026,19399,33499,2.490,1.470,0.740,1,1,77.001,0,0,11,36,0,27,0
16-01 16:03:30,43.503,7.751,43.253,4.750,0,1524212,1031236,173524,5201312,6234.468,1620.122,0,11576.870,0,916.069,7276,8221,2.490,1.470,0.740,3,0,15.001,0,0,11,32,0,27,0
16-01 16:03:31,39.823,7.764,45.834,5.761,0,1565408,989528,173788,5201556,11283.621,1622.966,0,15604.517,0,1531.799,10478,14512,2.490,1.470,0.740,3,0,3.005,0,0,11,34,0,27,0
16-01 16:03:32,35.792,10.012,43.050,9.261,0.250,1439028,1115428,173972,5201840,7711.961,1621.885,0,12566.603,0,1640.907,13238,17984,2.490,1.470,0.740,3,0,97.113,0,0,11,32,0,27,0
16-01 16:03:33,21.681,3.987,73.268,0.498,0,1498056,1056400,173972,5201840,10267.451,1614.881,0,749.624,0,38.877,1959,1345,2.370,1.460,0.740,1,0,3.987,0,0,11,32,0,24,0
16-01 16:03:34,22.503,3.751,71.010,1.500,0,1497868,1056540,174000,5201860,9268.248,1620.218,0,7148.962,0,380.051,3031,3083,2.370,1.460,0.740,2,0,1.000,0,0,11,32,0,24,0
16-01 16:03:35,22.253,3.751,73.510,0,0,1488216,1066180,174000,5201872,9508.306,1458.200,0,32.004,0,4.001,1851,1208,2.370,1.460,0.740,2,0,3.000,0,0,11,32,0,24,0
16-01 16:03:36,21.748,3.500,73.743,0,0.250,1486372,1068024,174000,5201872,9632.065,1619.843,0,0,0,0,1871,1303,2.370,1.460,0.740,5,0,2.000,0,0,11,32,0,24,0
16-01 16:03:37,23.252,2.750,73.758,0,0,1435552,1118764,174008,5201944,6325.670,1620.172,0,4.000,0,1.000,1740,1092,2.370,1.460,0.740,1,0,1.000,0,0,11,32,0,22,0
16-01 16:03:38,21.991,3.749,73.221,0,0.250,1500400,1053916,174008,5201944,10267.001,1619.369,0,95.963,0,1.000,1858,1223,2.260,1.450,0.740,3,0,2.999,0,0,11,32,0,22,0
16-01 16:03:39,22.503,3.000,73.510,0.250,0,1474584,1079640,174020,5202020,9650.314,1620.221,0,1012.138,0,131.018,2020,1269,2.260,1.450,0.740,2,0,1.000,0,0,11,32,0,22,0
16-01 16:03:40,22.500,3.500,73.499,0.250,0.250,1457592,1096588,174020,5202056,7956.864,1619.972,0,219.996,0,2.000,1764,1297,2.260,1.450,0.740,2,0,1.000,0,0,11,32,0,22,0
16-01 16:03:41,22.001,3.500,73.254,0.250,0.250,1516076,1038084,174028,5202064,13107.781,1620.097,0,412.025,0,30.002,2072,1743,2.260,1.450,0.740,2,0,2.000,0,0,11,32,0,20,0
16-01 16:03:42,22.501,3.750,73.504,0,0,1482172,1071924,174032,5202092,9686.519,1620.087,0,8.000,0,2.000,1864,1334,2.260,1.450,0.740,2,0,1.000,0,0,11,32,0,20,0
16-01 16:03:43,21.754,3.501,73.763,0,0,1488500,1065568,174036,5202112,10215.767,1458.252,0,292.051,0,9.002,1846,1309,2.160,1.440,0.750,1,0,1.000,0,0,11,32,0,20,0
16-01 16:03:44,21.751,4.000,73.254,0,0,1509524,1044540,174036,5202116,10478.569,1620.088,0,52.003,0,4.000,1829,1258,2.160,1.440,0.750,2,0,2.000,0,0,11,32,0,20,0
16-01 16:03:45,12.523,15.028,70.880,0,0,1452732,1101120,174044,5202264,6670.220,1622.973,0,364.668,0,5.009,4637,3328,2.160,1.440,0.750,4,0,306.562,0,0,11,32,0,17,0
16-01 16:03:46,8.497,20.993,69.727,0,1.749,1443484,1110316,174048,5202308,11470.275,1619.474,0,627.796,0,9.997,5825,4294,2.160,1.440,0.750,1,0,403.869,0,0,11,32,0,17,0
16-01 16:03:47,9.255,20.511,68.538,0,0,1423744,1130028,174048,5202336,10704.976,1620.905,0,264.147,0,3.002,6039,4496,2.160,1.440,0.750,2,0,437.244,0,0,11,32,0,17,0
16-01 16:03:48,13.724,13.724,71.363,0,0,1423408,1130232,174048,5202468,5241.959,1616.903,0,3.992,0,0.998,4127,3113,1.990,1.420,0.740,2,0,226.566,0,0,11,32,0,17,0
16-01 16:03:49,21.743,3.999,73.476,0,0,1486648,1066992,174048,5202468,9334.923,1619.466,0,7.997,0,1.999,1825,1227,1.990,1.420,0.740,2,0,1.999,0,0,11,32,0,16,0
16-01 16:03:50,22.500,3.250,73.751,0,0,1461816,1091828,174048,5202464,7088.091,1458.019,0,152.002,0,3.000,1771,1245,1.990,1.420,0.740,3,0,1.000,0,0,11,32,0,16,0
16-01 16:03:51,22.500,3.250,72.999,0.250,0,1477940,1075700,174052,5202464,9542.847,1619.974,0,335.995,0,26.000,2057,1591,1.990,1.420,0.740,3,0,2.000,0,0,11,32,0,16,0
16-01 16:03:52,21.797,4.009,73.660,0.251,0.251,1489520,1064108,174056,5202472,8470.349,1623.517,0,613.329,0,101.219,1967,1473,1.990,1.420,0.740,1,0,3.007,0,0,11,32,0,16,0
16-01 16:03:53,22.757,3.251,73.772,0,0.250,1415672,1137944,174056,5202484,7357.187,1620.482,0,60.018,0,8.002,1852,1235,1.910,1.410,0.740,1,0,3.001,0,0,11,32,0,12,0
16-01 16:03:54,21.495,3.749,73.482,0,0.250,1497400,1056236,174056,5202464,9366.661,1661.585,0,0,0,0,1876,1335,1.910,1.410,0.740,1,0,2.000,0,0,11,32,0,12,0
16-01 16:03:55,22.492,2.999,73.973,0,0,1490324,1063292,174056,5202484,10079.294,1619.405,0,23.991,0,1.999,1761,1119,1.910,1.410,0.740,1,0,1.000,0,0,11,32,0,12,0
16-01 16:03:56,21.954,3.992,73.596,0,0,1544516,1009112,174056,5202472,10108.834,1616.615,0,0,0,0,1826,1232,1.910,1.410,0.740,1,0,1.996,0,0,11,32,0,12,0
16-01 16:03:57,21.749,3.750,73.748,0,0,1520292,1033348,174056,5202460,7196.815,1619.958,0,12.000,0,1.000,1757,1209,1.910,1.410,0.740,1,0,1.000,0,0,11,32,0,10,0
16-01 16:03:58,22.504,3.251,73.513,0,0,1534944,1018696,174056,5202460,8527.538,1458.263,0,68.012,0,3.001,1840,1242,1.830,1.400,0.740,2,0,3.001,0,0,11,32,0,10,0
16-01 16:03:59,22.500,3.250,72.751,0,0,1485548,1068156,174056,5202396,6866.120,1620.028,0,2564.045,0,91.002,1879,1220,1.830,1.400,0.740,1,0,1.000,0,0,11,32,0,10,0
16-01 16:04:00,22.249,3.750,73.747,0,0.250,1514836,1038868,174056,5202396,4967.820,1619.941,0,223.992,0,28.999,1745,1102,1.830,1.400,0.740,1,0,2.000,0,0,11,32,0,10,0
16-01 16:04:01,21.795,4.259,73.151,0.251,0.251,1497208,1056404,174056,5202484,5786.942,1665.437,0,561.158,0,38.079,1980,1753,1.830,1.400,0.740,1,0,1.002,0,0,11,32,0,7,0
16-01 16:04:02,21.946,3.741,73.320,0,0,1490300,1063316,174060,5202476,11023.011,1616.043,0,43.893,0,3.990,1839,1281,1.830,1.400,0.740,1,0,0.998,0,0,11,32,0,7,0
16-01 16:04:03,22.506,3.251,73.769,0,0.250,1481884,1071712,174060,5202496,9059.364,1620.423,0,32.008,0,2.001,1749,1068,1.770,1.400,0.750,2,0,3.001,0,0,11,32,0,7,0
16-01 16:04:04,21.254,4.001,73.763,0,0,1507976,1045640,174060,5202476,9943.743,1620.284,0,20.004,0,1.000,1732,1185,1.770,1.400,0.750,1,0,0,0,0,11,32,0,7,0
16-01 16:04:05,21.994,3.999,73.480,0,0,1494864,1058744,174060,5202484,13814.294,1565.580,0,0,0,0,1806,1284,1.770,1.400,0.750,1,0,1.000,0,0,11,32,0,7,0
16-01 16:04:06,20.792,5.762,73.148,0,0,1475184,1078388,174060,5202520,10057.309,1515.059,0,32.065,0,2.004,2345,1556,1.770,1.400,0.750,1,0,63.127,0,0,11,32,0,7,0
16-01 16:04:07,10.758,19.015,69.054,0,0,1486200,1067348,174060,5202544,8847.927,1621.269,0,208.163,0,10.008,5413,4109,1.770,1.400,0.750,1,0,399.313,0,0,11,32,0,7,0
16-01 16:04:08,22.696,3.492,73.324,0,0,1541020,1012504,174060,5202568,5254.418,1616.130,0,79.809,0,1.995,1863,1377,1.710,1.390,0.750,1,0,0.998,0,0,11,32,0,7,0
16-01 16:04:09,21.998,3.000,73.495,0,0,1519076,1034208,174064,5202800,9503.308,1619.882,0,47.997,0,1.000,1880,1218,1.710,1.390,0.750,2,0,8.999,0,0,11,32,0,7,0
16-01 16:04:10,22.301,4.510,72.667,0.251,0.251,1530368,1022872,174064,5202844,8194.815,1623.728,0,136.313,0,28.064,2041,1276,1.710,1.390,0.750,1,0,27.062,0,0,11,32,0,7,0
16-01 16:04:11,8.253,22.257,67.771,0,0,1499460,1053632,174072,5202984,5485.721,1620.509,40.013,684.215,2.001,34.011,6417,5159,1.710,1.390,0.750,1,0,487.153,0,0,11,32,0,7,0
16-01 16:04:12,8.752,21.754,68.512,0,0.250,1492176,1060880,174072,5203016,9407.698,1620.292,0,320.058,0,9.002,6212,4636,1.710,1.390,0.750,1,0,473.085,0,0,11,32,0,7,0
16-01 16:04:13,8.491,21.228,67.929,0,0.250,1469172,1083848,174072,5203044,7216.495,1618.317,0,359.626,0,5.994,6093,4525,1.650,1.380,0.750,1,0,458.523,0,0,11,32,0,7,0
16-01 16:04:14,8.244,21.735,68.202,0,0.250,1453256,1099732,174072,5203072,8677.924,1456.980,0,1207.155,0,13.990,6206,4767,1.650,1.380,0.750,4,0,508.644,0,0,11,32,0,6,0
16-01 16:04:15,9.017,22.292,68.378,0,0,1438760,1114200,174072,5203100,9961.625,1623.035,0,1290.413,0,14.026,6468,4985,1.650,1.380,0.750,1,0,543.015,0,0,11,32,0,6,0
16-01 16:04:16,8.489,20.723,69.409,0,0,1423312,1129608,174072,5203140,7034.820,1617.889,0,683.109,0,34.954,6502,5168,1.650,1.380,0.750,1,0,527.312,0,0,11,32,0,6,0
16-01 16:04:17,8.759,21.772,69.571,0,0,1405512,1147356,174072,5203184,11415.668,1621.658,0,504.516,0,13.013,6650,5458,1.650,1.380,0.750,1,0,579.592,0,0,11,32,0,6,0
16-01 16:04:18,7.498,22.744,67.732,0,0,1400832,1152008,174072,5203212,10309.264,1619.570,0,59.984,0,14.996,6521,5146,1.520,1.360,0.740,1,0,553.853,0,0,11,32,0,6,0
16-01 16:04:19,15.500,23.750,59.499,0.250,0,1360772,1191960,174100,5203256,6836.923,1619.982,0,1251.986,0,42.000,6693,5737,1.520,1.360,0.740,2,0,585.993,0,0,11,32,0,8,0
16-01 16:04:20,56.538,20.014,23.016,0,0,1535876,1016620,174180,5203404,9863.699,1621.101,0,680.462,0,44.030,5411,4244,1.520,1.360,0.740,3,0,406.276,0,0,11,32,0,12,0
16-01 16:04:21,56.749,10.000,25.499,8.000,0.250,1640660,903612,174848,5210216,8456.829,1619.967,371.992,25275.490,3.000,1713.965,10820,14062,1.520,1.360,0.740,2,1,51.999,0,0,11,38,0,12,0
16-01 16:04:22,32.388,8.720,36.623,19.433,0,1648492,886268,175776,5218180,10935.151,1614.412,0,60418.876,0,4317.058,21860,33773,1.520,1.360,0.740,6,1,132.541,0,0,11,36,0,11,0
16-01 16:04:23,36.073,7.265,33.067,20.541,0,1686928,838036,176232,5227104,12051.258,1460.941,0,52080.833,0,4080.213,20585,31568,1.800,1.420,0.770,3,1,87.175,0,0,11,36,0,11,0
16-01 16:04:24,35.790,9.761,32.036,19.021,0.250,1690792,826744,176580,5233924,4682.215,1621.806,0,65472.922,0,4831.381,22966,35314,1.800,1.420,0.770,6,0,100.112,0,0,11,36,0,11,0
16-01 16:04:25,46.247,11.749,25.249,14.999,0.250,1611396,900328,176928,5239200,9102.503,1619.912,0,44881.549,0,3293.820,18883,26408,1.800,1.420,0.770,5,0,175.990,0,0,11,35,0,11,0
16-01 16:04:26,42.983,19.877,22.610,10.435,0,1608732,894412,177356,5247064,9832.003,1703.432,2484.586,52196.180,43.729,3393.944,21468,35326,1.800,1.420,0.770,5,1,251.440,0,0,11,34,0,12,0
16-01 16:04:27,40.509,18.116,26.671,13.587,0.252,1628772,863480,177740,5257160,9378.004,1851.849,6980.665,37823.006,122.786,2956.919,17827,25581,1.800,1.420,0.770,3,0,238.526,0,0,11,34,1,12,0
16-01 16:04:28,33.458,7.241,39.700,15.231,0,1622740,867500,177904,5258940,7156.916,1691.853,0,44851.073,0,3360.734,19735,31008,2.050,1.480,0.790,2,1,36.953,0,0,11,35,1,13,0
16-01 16:04:29,34.030,13.012,37.283,14.513,0,1590276,895748,178064,5262844,11283.097,1695.517,0,46465.580,0,3592.215,20098,36786,2.050,1.480,0.790,3,0,149.133,0,0,11,34,1,15,0
16-01 16:04:30,33.233,8.246,41.229,14.493,0,1624928,861904,178248,5261812,10836.460,1693.134,0,38732.197,0,3228.349,18576,27997,2.050,1.480,0.790,4,1,23.988,0,0,11,35,1,12,0
16-01 16:04:31,33.769,8.505,40.773,15.259,0,1529484,954968,178528,5263880,5648.203,1574.893,0,41295.419,0,3493.981,20625,30946,2.050,1.480,0.790,2,1,60.034,0,0,11,34,1,12,0
16-01 16:04:32,32.766,8.254,40.770,16.008,0.250,1581388,902564,178688,5264192,6383.101,1778.864,0,37190.067,0,3259.583,16025,27238,2.050,1.480,0.790,3,1,24.012,0,0,11,36,1,12,0
16-01 16:04:33,35.633,6.479,41.613,13.705,0.249,1579112,902976,178748,5265956,11889.855,1614.684,0,36579.569,0,3039.991,18451,30036,2.130,1.510,0.800,2,1,32.892,0,0,11,37,1,12,0
16-01 16:04:34,34.019,9.255,41.023,13.007,0,1560436,919712,178848,5267752,10068.622,1694.946,0,32181.971,0,2782.554,16044,23888,2.130,1.510,0.800,3,1,94.053,0,0,11,36,1,12,0
16-01 16:04:35,34.832,7.267,42.601,15.286,0,1573944,903920,178900,5269900,8811.867,1623.845,0,43226.363,0,3444.156,18531,28009,2.130,1.510,0.800,2,0,36.085,0,0,11,36,1,13,0
16-01 16:04:36,31.505,9.252,39.257,17.003,0.250,1611156,863844,179052,5272540,9844.632,1620.269,0,42527.049,0,3430.569,14811,25613,2.130,1.510,0.800,1,1,82.014,0,0,11,36,1,13,0
16-01 16:04:37,31.257,9.752,43.010,15.754,0.250,1599628,872860,179164,5274872,11306.520,1620.361,0,40284.980,0,3452.770,16843,27501,2.130,1.510,0.800,6,0,132.029,0,0,11,36,1,13,0
16-01 16:04:38,33.497,7.999,40.746,16.498,0,1637372,832736,179208,5277148,9461.089,1693.837,0,45115.655,0,3521.661,18447,28389,2.200,1.530,0.810,4,0,63.994,0,0,11,36,1,14,0
16-01 16:04:39,34.001,8.750,39.501,16.000,0,1646784,821020,179240,5279372,6548.159,1458.035,0,44309.077,0,3556.086,18746,29438,2.200,1.530,0.810,3,0,79.002,0,0,11,36,1,15,0
16-01 16:04:40,33.000,7.000,42.750,15.250,0,1667408,806084,179272,5273656,6377.024,1620.006,0,32312.122,0,3146.012,18289,27842,2.200,1.530,0.810,3,0,6.000,0,0,11,37,1,15,0
16-01 16:04:41,23.487,6.496,56.468,11.493,0,1628792,843988,179296,5274344,9267.752,1619.083,0,38238.348,0,2822.402,14946,23025,2.200,1.530,0.810,1,0,98.944,0,0,11,34,1,17,0
16-01 16:04:42,10.755,19.759,64.780,3.251,0,1465644,1006984,179308,5274484,6954.197,1620.745,0,13810.350,0,814.374,7662,7759,2.200,1.530,0.810,1,0,457.210,0,0,11,32,1,17,0
16-01 16:04:43,29.986,21.990,46.479,0.500,0.250,1478092,994264,179328,5274736,11332.848,1619.264,0,1451.340,0,99.955,6518,5586,2.100,1.520,0.820,3,0,485.779,0,0,11,32,1,23,0
16-01 16:04:44,65.100,10.476,22.947,0.998,0,1654504,816404,179384,5276080,9316.464,1616.264,0,5555.159,0,314.274,4631,2689,2.100,1.520,0.820,3,0,2.993,0,0,11,32,1,23,0
16-01 16:04:45,67.502,7.750,23.751,0,0.250,1806012,660124,179544,5280256,8912.280,1620.051,0,4700.148,0,143.004,4321,1905,2.100,1.520,0.820,5,0,6.000,0,0,11,32,1,23,0
16-01 16:04:46,28.580,8.273,43.120,18.050,0.251,1806836,649040,179664,5289920,7515.952,1698.735,0,58848.045,0,4287.953,22919,33842,2.100,1.520,0.820,0,1,174.486,0,0,11,38,1,23,0
16-01 16:04:47,22.243,7.498,48.235,20.244,0,1804712,641760,179720,5298864,5630.215,1619.487,0,75763.986,0,5308.317,25350,39094,2.100,1.520,0.820,0,1,182.942,0,0,11,38,1,23,0
16-01 16:04:48,16.998,6.999,49.744,21.748,0,1803156,637252,179764,5304720,10131.870,1457.837,0,73795.772,0,5416.396,23568,37207,2.260,1.560,0.830,1,2,114.987,0,0,11,38,1,23,0
16-01 16:04:49,30.515,8.754,38.269,19.259,0,1711944,721928,179840,5310968,9387.591,1620.793,0,66620.581,0,4805.350,23928,36512,2.260,1.560,0.830,2,0,207.101,0,0,11,36,1,23,0
16-01 16:04:50,35.192,9.484,36.191,17.971,0.250,1769516,655864,179928,5319060,6686.037,1617.348,0,66994.148,0,4611.439,22348,34813,2.260,1.560,0.830,2,1,111.817,0,0,11,36,1,23,0
16-01 16:04:51,42.788,7.757,31.778,14.513,0,1823904,594824,179952,5325440,11201.002,1621.448,0,59525.153,0,3981.555,19005,30238,2.260,1.560,0.830,2,1,32.029,0,0,11,38,1,23,0
16-01 16:04:52,22.258,9.003,44.017,21.008,0,1762188,646564,179968,5335040,7196.711,1620.610,0,68661.861,0,4443.674,22159,33078,2.260,1.560,0.830,0,1,81.031,0,0,11,36,1,23,0
16-01 16:04:53,15.250,7.500,53.500,21.750,0,1751952,653028,179996,5338640,9136.980,1619.996,0,71179.845,0,5344.988,23721,37341,2.480,1.620,0.860,1,0,69.000,0,0,11,36,1,23,0
16-01 16:04:54,31.007,6.251,45.511,15.004,0,1579832,822872,180004,5340828,8492.000,1620.382,0,43494.244,0,3436.809,17379,25670,2.480,1.620,0.860,2,0,92.022,0,0,11,34,1,23,0
16-01 16:04:55,21.194,10.971,65.329,1.745,0.249,1454892,947792,180004,5340848,6952.772,1615.764,0,10388.765,0,345.095,4702,4200,2.480,1.620,0.860,1,0,213.440,0,0,11,32,1,23,0
16-01 16:04:56,22.499,4.000,72.995,0.250,0,1514536,888148,180004,5340848,10092.346,1457.906,0,1383.910,0,81.995,2117,1668,2.480,1.620,0.860,2,0,1.000,0,0,11,32,1,23,0
16-01 16:04:57,23.001,3.000,70.754,1.500,0,1440604,962072,180004,5340856,10275.541,1620.085,0,4972.262,0,281.015,3022,2980,2.480,1.620,0.860,1,0,10.001,0,0,11,32,1,23,0
16-01 16:04:58,21.256,4.001,73.771,0,0,1483400,919276,180004,5340856,6100.738,1620.462,0,40.011,0,4.001,2055,1476,2.360,1.610,0.860,1,0,21.006,0,0,11,32,1,23,0
16-01 16:04:59,22.234,3.747,72.946,0,0.250,1538308,864360,180004,5340864,10457.315,1660.779,0,107.921,0,14.989,2058,1565,2.360,1.610,0.860,1,0,1.999,0,0,11,34,1,23,0
16-01 16:05:00,16.303,23.827,59.191,0,0.502,1460988,941632,180008,5340896,7226.373,1625.257,0,646.090,0,39.127,5847,5162,2.360,1.610,0.860,2,0,660.135,0,0,11,32,1,23,0
16-01 16:05:01,11.232,31.449,56.159,0.250,0,1444244,958360,180008,5340940,9583.536,1659.322,0,299.517,0,28.953,7301,6282,2.360,1.610,0.860,1,0,839.645,0,0,11,32,1,23,0
16-01 16:05:02,7.999,21.997,68.490,0,0,1437520,964996,180008,5341012,7369.939,1619.767,0,119.983,0,7.999,5708,4080,2.360,1.610,0.860,4,0,398.943,0,0,11,32,1,23,0
16-01 16:05:03,9.010,20.273,69.329,0.501,0,1396300,1006180,180008,5341056,5080.756,1695.921,0,632.717,0,121.137,6012,4440,2.330,1.620,0.860,2,0,389.441,0,0,11,32,1,23,0
16-01 16:05:04,13.500,18.500,66.750,0,0,1396292,1006024,180008,5341548,11120.976,1457.997,0,24.000,0,6.000,5869,5538,2.330,1.620,0.860,4,0,285.999,0,0,11,32,1,23,0
16-01 16:05:05,35.622,14.199,49.323,0,0,1460460,941796,180020,5341692,8500.489,1614.206,0,494.226,0,44.839,4890,4570,2.330,1.620,0.860,2,0,186.331,0,0,11,33,1,23,0
16-01 16:05:06,42.677,7.782,49.455,0,0.251,1566656,835480,180020,5341780,9659.083,1626.751,0,0,0,0,2618,1502,2.330,1.620,0.860,2,0,0,0,0,11,33,1,23,0
16-01 16:05:07,45.601,5.731,47.595,0,0,1649612,750904,180088,5343064,8796.325,1614.736,0,606.024,0,27.909,3849,3003,2.330,1.620,0.860,2,0,18.938,0,0,11,49,1,23,0
16-01 16:05:08,24.793,16.028,58.101,0,0.250,1658380,739248,180096,5345800,9074.837,1664.906,0,336.587,0,13.023,7935,11492,2.300,1.620,0.870,1,0,291.509,0,0,11,48,1,24,0
16-01 16:05:09,15.210,12.218,71.061,0,0.249,1669916,727584,180096,5345820,7480.111,1615.704,0,159.576,0,9.973,5498,7168,2.300,1.620,0.870,1,0,208.446,0,0,11,48,1,24,0
16-01 16:05:10,1.001,1.251,96.332,0,0,1662488,734976,180096,5345856,9397.960,1621.373,0,1889.600,0,26.022,1041,1335,2.300,1.620,0.870,0,0,3.003,0,0,11,48,1,24,0
16-01 16:05:11,0.750,0.750,97.989,0.250,0,1662488,734976,180096,5345856,5809.345,1619.817,0,135.985,0,4.999,714,960,2.300,1.620,0.870,0,0,2.000,0,0,11,48,1,24,0
16-01 16:05:12,0.250,0.250,98.512,0,0,1662488,734976,180096,5345856,9108.114,1458.178,0,0,0,0,722,925,2.300,1.620,0.870,0,0,2.000,0,0,11,48,1,24,0
16-01 16:05:13,1.750,2.000,95.024,0.500,0.250,1654856,742636,180096,5345844,9183.272,1620.401,0,3696.915,0,232.057,1560,1482,2.120,1.600,0.860,0,0,27.007,0,0,11,48,1,24,0
16-01 16:05:14,16.755,13.754,68.519,0,0.250,1709264,688192,180096,5345860,10919.076,1620.456,0,0,0,0,4847,6325,2.120,1.600,0.860,1,0,258.073,0,0,11,48,1,24,0
16-01 16:05:15,10.026,17.044,71.433,0,0,1693708,703736,180096,5345892,11548.570,1624.159,0,2378.089,0,14.036,5305,5075,2.120,1.600,0.860,1,0,326.837,0,0,12,48,1,24,0
16-01 16:05:16,18.237,15.988,64.204,0,0,1682416,714928,180096,5345912,9794.920,1856.658,0,219.841,0,2.998,5451,5785,2.120,1.600,0.860,1,0,266.807,0,0,12,48,1,24,0
16-01 16:05:17,7.482,8.480,82.307,0.499,0,1672400,724996,180096,5345916,8675.623,1616.204,0,562.678,0,37.911,3295,3449,2.120,1.600,0.860,0,0,187.559,0,0,12,64,1,24,0
16-01 16:05:18,14.044,17.053,68.213,0,0.251,1681300,716060,180096,5346376,5214.308,1625.082,0,0,0,0,5804,6425,2.030,1.590,0.870,1,0,272.853,0,0,14,64,1,24,0
16-01 16:05:19,11.737,14.733,71.418,0,0,1667420,729900,180096,5345976,10395.063,1618.142,0,195.775,0,20.976,4996,4103,2.030,1.590,0.870,2,0,273.686,0,0,14,66,1,24,0
16-01 16:05:20,10.002,20.254,69.262,0,0,1655224,741928,180096,5346144,10772.928,1500.268,0,364.065,0,25.004,6099,4656,2.030,1.590,0.870,1,0,398.071,0,0,14,66,1,24,0
16-01 16:05:21,20.015,16.763,62.048,0,0.250,1687116,710020,180096,5346168,5518.254,1663.282,0,212.164,0,10.008,6292,7034,2.030,1.590,0.870,3,0,261.201,0,0,14,66,1,24,0
16-01 16:05:22,28.994,25.244,44.990,0,0,1773212,623864,180104,5346220,9137.007,1619.647,0,411.910,0,9.998,7048,5742,2.030,1.590,0.870,2,0,611.867,0,0,14,66,1,24,0
16-01 16:05:23,29.006,25.505,44.509,0,0.250,1878916,516524,180188,5347676,7759.648,1620.344,0,32.007,0,8.002,7274,8917,1.950,1.580,0.870,2,0,555.118,0,0,14,70,1,19,0
16-01 16:05:24,34.821,21.887,42.034,0,0,1983656,411712,180188,5347704,8701.234,1611.708,0,43.775,0,7.959,5932,6514,1.950,1.580,0.870,4,0,299.459,0,0,14,70,1,19,0
16-01 16:05:25,69.386,27.151,4.274,0,0.251,2093180,301920,180200,5348400,9153.948,1629.067,0,16.090,0,4.022,5223,4772,1.950,1.580,0.870,4,0,578.218,0,0,14,70,1,19,0
16-01 16:05:26,59.222,20.490,19.491,0,0,2199252,194788,180232,5349804,7302.529,1803.143,0,1231.415,0,11.994,6505,7676,1.950,1.580,0.870,3,0,308.853,0,0,14,70,1,19,0
16-01 16:05:27,67.816,26.678,3.491,0.499,0,2270684,184732,175160,5293728,10847.540,1615.612,319.133,10487.518,13.962,553.497,6608,6108,1.950,1.580,0.870,5,0,515.600,0,0,14,70,0,17,0
16-01 16:05:28,73.379,22.790,2.504,1.002,0,2444012,164628,172140,5147320,6251.959,1460.560,697.222,3630.363,83.146,233.409,8179,10551,2.110,1.620,0.880,4,1,253.444,0,0,14,74,0,17,0
16-01 16:05:29,64.283,27.014,4.502,3.752,0.250,2564496,183148,171512,5012528,6062.120,1620.834,2317.193,33037.004,145.075,2218.142,16196,24707,2.110,1.620,0.880,9,0,427.220,0,0,14,76,0,17,0
16-01 16:05:30,67.390,24.959,5.990,1.248,0,2644736,149808,170972,4967056,9624.353,1617.371,99.838,9304.873,12.979,737.801,11323,29496,2.110,1.620,0.880,4,0,317.484,0,0,14,80,0,21,0
16-01 16:05:31,72.683,21.554,5.514,0,0.501,2748548,118756,170948,4895984,8211.657,1624.086,485.221,1114.804,39.098,60.151,8572,13097,2.110,1.620,0.880,4,0,386.973,0,0,14,93,0,24,0
16-01 16:05:32,41.654,26.190,30.680,0.249,0,2813736,195284,170948,4757480,10767.311,1616.294,139.680,909.914,14.966,49.886,8565,10843,2.110,1.620,0.880,2,0,523.799,0,0,14,93,0,24,0
16-01 16:05:33,44.937,17.476,36.948,0.250,0.250,2922824,153924,170836,4691588,7790.091,1617.735,2164.968,571.200,35.950,30.957,5425,8282,2.100,1.620,0.890,5,0,274.615,0,0,14,95,0,24,0
16-01 16:05:34,55.266,9.003,33.260,0.250,0,3064308,143388,170844,4563288,7513.148,1620.463,96.027,2648.757,6.002,137.039,5206,7600,2.100,1.620,0.890,2,0,58.017,0,0,14,98,0,27,0
16-01 16:05:35,14.283,18.042,65.904,0.501,0.251,3078760,128116,170856,4564020,10424.366,1623.795,8.019,1876.386,2.005,128.300,6204,5514,2.100,1.620,0.890,1,0,305.715,0,0,14,101,0,26,0
16-01 16:05:36,7.737,19.467,71.131,0.250,0,3082048,124796,170856,4564052,9704.794,1707.149,0,135.773,0,12.978,5702,4240,2.100,1.620,0.890,2,0,346.422,0,0,14,101,0,26,0
16-01 16:05:37,9.246,18.742,70.219,0,0,3085704,188544,170856,4498036,10572.291,1457.351,3.998,43.980,1.000,3.998,5363,4082,2.100,1.620,0.890,3,0,338.849,0,0,14,101,0,26,0
16-01 16:05:38,22.000,3.750,73.251,0,0,3147172,127068,170856,4498044,11527.174,1620.024,8.000,0,1.000,0,2177,1810,2.010,1.610,0.890,2,0,1.000,0,0,14,101,0,27,0
16-01 16:05:39,19.748,6.999,71.993,0.500,0.250,3103248,170948,170864,4498080,8782.201,1619.853,15.999,463.958,4.000,29.997,3289,2948,2.010,1.610,0.890,1,0,62.994,0,0,14,103,0,27,0
16-01 16:05:40,23.243,4.499,72.477,0.250,0,3148188,191880,170864,4433584,8444.343,1619.490,0,259.918,0,24.992,2429,2058,2.010,1.610,0.890,1,0,0,0,0,14,103,0,25,0
16-01 16:05:41,24.059,4.261,68.920,1.253,0,3149392,190464,170880,4433892,5617.878,1624.012,12.030,1447.576,3.007,195.483,4607,5742,2.010,1.610,0.890,2,0,4.010,0,0,14,111,0,25,0
16-01 16:05:42,27.676,4.737,63.331,1.995,0,3156732,182904,170884,4434116,5918.225,1615.693,0,6957.455,0,450.798,6313,8384,2.010,1.610,0.890,2,0,1.995,0,0,14,114,0,26,0
16-01 16:05:43,16.257,11.005,70.279,1.251,0.250,3135656,203984,170884,4434128,9947.121,1620.671,0,14706.093,0,613.254,4233,2415,1.930,1.600,0.890,2,1,113.047,0,0,14,116,0,26,0
16-01 16:05:44,33.051,6.510,59.842,0.501,0,3244564,160844,170884,4369956,8384.957,1622.507,36.056,781.207,3.005,42.065,3526,3061,1.930,1.600,0.890,2,0,3.005,0,0,14,119,0,18,0
16-01 16:05:45,28.049,5.259,64.363,0.751,0,3268648,136692,170888,4370020,8625.095,1460.556,8.014,1574.756,2.004,176.309,5295,6781,1.930,1.600,0.890,2,0,7.012,0,0,14,124,0,18,0
16-01 16:05:46,40.112,12.208,46.838,0.249,0.249,3328984,139392,170776,4308476,9099.616,1704.123,7.973,490.309,1.993,32.887,3861,2582,1.930,1.600,0.890,3,0,96.667,0,0,14,124,0,18,0
16-01 16:05:47,32.110,7.526,59.203,0.502,0,3371384,160764,170776,4246472,9205.532,1625.568,180.619,469.609,1.003,26.089,3299,2264,1.930,1.600,0.890,3,0,55.189,0,0,14,124,0,18,0
16-01 16:05:48,23.173,3.488,72.759,0,0.249,3433864,161524,170776,4184780,14445.122,1614.648,0,330.903,0,16.944,2083,1478,1.860,1.590,0.890,2,0,0.997,0,0,14,124,0,19,0
16-01 16:05:49,20.206,5.987,71.845,0.249,0.249,3406624,189780,170776,4183764,31154.782,1616.512,0,1097.632,0,60.869,2824,2124,1.860,1.590,0.890,2,0,50.890,0,0,14,124,0,19,0
16-01 16:05:50,23.800,4.008,70.900,0.501,0,3425044,232392,170776,4124308,5232.042,1623.426,16.034,873.844,4.008,113.239,3267,3693,1.860,1.590,0.890,1,0,0,0,0,14,124,0,19,0
16-01 16:05:51,18.552,7.772,72.204,0.251,0,3442376,215044,170776,4124324,10698.177,1666.701,0,352.996,0,20.057,2867,2262,1.860,1.590,0.890,1,0,82.232,0,0,14,124,0,19,0
16-01 16:05:52,20.447,6.483,72.812,0,0.249,3398692,258704,170776,4124348,7838.734,1615.823,0,271.299,0,13.964,2691,2023,1.860,1.590,0.890,1,0,54.858,0,0,14,124,0,19,0
16-01 16:05:53,22.245,2.999,73.483,0.250,0.250,3423396,233996,170776,4124352,9278.887,1457.668,0,259.941,0,14.997,1949,1386,1.790,1.580,0.890,1,0,0,0,0,14,124,0,19,0
16-01 16:05:54,30.995,7.499,56.741,3.000,0,3436328,220724,170776,4124692,10067.364,1619.737,0,6990.864,0,568.908,12331,20822,1.790,1.580,0.890,1,0,31.995,0,0,14,134,0,24,0
16-01 16:05:55,21.008,7.253,71.277,0,0,3394136,262892,170780,4124712,11048.140,1620.607,4.001,560.210,1.000,52.019,3463,3655,1.790,1.580,0.890,1,0,53.020,0,0,14,133,0,24,0
16-01 16:05:56,22.996,3.999,70.236,1.500,0,3417740,239252,170784,4124744,9330.189,1619.686,0,4587.109,0,283.945,3794,4145,1.790,1.580,0.890,1,0,0,0,0,14,134,0,24,0
16-01 16:05:57,25.585,5.769,66.221,1.003,0,3419900,237016,170788,4124800,7054.539,1625.424,0,1404.687,0,157.526,7496,11194,1.790,1.580,0.890,2,0,0,0,0,14,134,0,24,0
16-01 16:05:58,29.393,8.220,60.280,0.747,0.249,3380236,276612,170788,4124868,9453.431,1655.945,0,2941.245,0,310.863,6017,7705,1.720,1.570,0.890,1,0,69.745,0,0,14,135,0,24,0
16-01 16:05:59,23.502,3.250,72.006,0.750,0,3413348,243360,170788,4125032,8958.712,1620.129,0,984.078,0,104.008,3295,3642,1.720,1.570,0.890,2,0,0,0,0,14,135,0,24,0
16-01 16:06:00,18.243,9.746,69.972,0.250,0,3381048,275648,170788,4125044,5497.808,1619.354,0,667.734,0,47.981,3474,3095,1.720,1.570,0.890,1,0,147.941,0,0,14,135,0,24,0
16-01 16:06:01,24.764,3.502,70.539,0.500,0.250,3408016,248664,170792,4125056,12274.799,1500.831,0,676.375,0,51.028,3352,3468,1.720,1.570,0.890,2,0,1.001,0,0,14,136,0,24,0
16-01 16:06:02,21.749,6.500,68.995,0.500,0.500,3409980,246648,170804,4125096,6984.535,1619.892,0,1731.885,0,164.989,5781,7944,1.720,1.570,0.890,1,0,0,0,0,14,136,0,24,0
16-01 16:06:03,41.094,16.287,40.091,1.002,0,3392812,263580,170804,4125316,9885.528,1952.449,48.110,2401.473,3.007,212.484,14026,21231,1.750,1.580,0.900,3,0,289.660,0,0,14,137,0,24,0
16-01 16:06:04,40.407,4.240,55.123,0.499,0,3441604,214600,170804,4125504,5495.296,1791.858,0,1656.171,0,159.631,7291,10103,1.750,1.580,0.900,2,0,0,0,0,14,137,0,24,0
16-01 16:06:05,11.780,16.291,70.427,0.251,0,3407460,248700,170804,4125532,6605.569,1784.476,0,541.358,0,27.068,4908,3627,1.750,1.580,0.900,2,0,239.601,0,0,14,137,0,24,0
16-01 16:06:06,8.497,20.994,68.729,0,0,3349940,306184,170808,4125568,9510.059,1709.471,0,551.829,0,31.990,5905,4377,1.750,1.580,0.900,1,0,359.889,0,0,14,137,0,24,0
16-01 16:06:07,22.247,15.998,60.243,0.750,0,3359348,296764,170812,4125584,9565.883,1619.811,0,2579.699,0,157.982,7085,8840,1.750,1.580,0.900,2,0,271.968,0,0,14,137,0,24,0
16-01 16:06:08,31.281,23.023,45.044,0,0.250,3426536,229516,170824,4125632,9687.543,1663.639,16.016,304.300,1.001,28.028,6871,5720,1.770,1.590,0.910,2,0,522.515,0,0,14,137,0,23,0
16-01 16:06:09,29.496,15.998,52.492,1.250,0,3446592,208952,170836,4126116,11044.407,1569.774,43.994,5035.274,3.999,454.934,7113,8915,1.770,1.590,0.910,2,0,279.960,0,0,14,143,0,23,0
16-01 16:06:10,55.494,25.997,16.748,0.250,0,3637992,136532,170840,4010456,9337.029,1619.832,123.987,5275.452,11.999,275.971,9111,14128,1.770,1.590,0.910,3,0,583.939,0,0,16,149,0,23,2
16-01 16:06:11,57.251,23.750,18.750,0,0.250,3743964,166576,170472,3876688,9230.123,1620.022,16.000,288.004,1.000,18.000,6745,8535,1.770,1.590,0.910,3,0,398.005,0,0,16,163,0,23,2
16-01 16:06:12,41.229,22.239,34.732,0,0.250,3831024,132644,170472,3823640,9001.355,1619.164,7.996,419.783,1.999,28.985,8636,11795,1.770,1.590,0.910,2,0,384.801,0,0,16,165,0,23,2
16-01 16:06:13,25.735,22.986,50.470,0.250,0,3871936,136188,170480,3779864,5894.492,1708.983,3.998,755.550,0.999,26.984,6867,5816,1.790,1.590,0.910,2,0,586.651,0,0,17,167,0,23,2
16-01 16:06:14,17.219,16.720,65.133,0.250,0.250,3872384,135600,170480,3780112,9951.049,1617.083,0,339.388,0,28.948,6070,7068,1.790,1.590,0.910,3,0,242.562,0,0,17,169,0,23,2
16-01 16:06:15,28.351,24.086,45.662,0,0,3925092,135712,170368,3728216,7500.646,1625.776,12.043,614.182,3.011,56.200,7187,6529,1.790,1.590,0.910,2,0,472.679,0,0,17,171,0,23,2
16-01 16:06:16,37.498,22.249,38.748,0.250,0.250,4000956,167716,170380,3623296,10777.461,1619.919,23.999,583.971,5.000,44.998,7253,8138,1.790,1.590,0.910,5,0,327.984,0,0,17,179,0,23,2
16-01 16:06:17,33.489,23.992,41.736,0.250,0,4091048,136568,170380,3565332,7634.521,1689.451,167.945,527.829,4.998,33.989,9314,10522,1.790,1.590,0.910,2,0,539.825,0,0,17,183,0,23,2
16-01 16:06:18,32.249,26.499,40.499,0,0,4183784,129536,170380,3481656,9053.765,1457.962,27.999,443.988,4.000,33.999,8392,9800,1.800,1.600,0.920,4,0,602.984,0,0,17,189,0,23,2
16-01 16:06:19,9.737,20.723,66.914,0,0,4177100,135852,170380,3481992,9815.363,1617.917,0,447.424,0,28.963,6445,5596,1.800,1.600,0.920,1,0,404.479,0,0,17,195,0,23,2
16-01 16:06:20,22.782,18.025,58.833,0,0,4208680,178592,170380,3409116,5432.633,1622.279,20.028,544.765,2.003,27.038,6824,8647,1.800,1.600,0.920,2,0,257.362,0,0,17,197,0,23,0
16-01 16:06:21,44.097,8.969,45.592,0.498,0,4341708,140108,170380,3316332,5298.631,1614.403,454.425,231.198,7.972,15.945,3542,2329,1.800,1.600,0.920,4,0,17.938,0,0,17,205,0,23,0
16-01 16:06:22,44.598,10.273,43.846,0.501,0,4468924,174148,170384,3157832,8879.461,1623.558,216.474,396.870,11.024,43.094,4080,3108,1.800,1.600,0.920,2,0,9.020,0,0,17,216,0,23,0
16-01 16:06:23,27.787,14.269,57.577,0,0,4376008,266712,170384,3158184,7966.618,1622.162,28.037,496.662,4.005,33.044,4711,4137,1.740,1.590,0.920,2,0,246.328,0,0,17,217,0,23,0
16-01 16:06:24,35.220,24.729,37.218,0,0,4424968,215872,170392,3160044,9151.190,1708.542,943.195,275.765,9.991,16.986,7427,9374,1.740,1.590,0.920,2,1,493.579,0,0,17,219,0,23,0
16-01 16:06:25,42.266,27.010,29.511,0.250,0.750,4460844,177244,170408,3163104,7008.682,1620.620,1112.426,660.253,20.008,42.016,7116,9535,1.740,1.590,0.920,4,0,405.155,0,0,17,225,0,22,0
16-01 16:06:26,66.439,14.681,18.414,0,0,4546884,160656,170416,3095672,10109.644,1544.764,485.725,1226.256,13.935,46.781,5666,5461,1.740,1.590,0.920,6,0,156.268,0,0,17,235,0,25,0
16-01 16:06:27,72.074,15.570,10.547,1.758,0,4620960,138420,170444,3045044,8150.680,1627.323,4576.596,610.748,211.954,24.108,5690,5158,1.740,1.590,0.920,4,0,26.118,0,0,17,238,0,25,0
16-01 16:06:28,59.993,16.748,20.498,2.500,0.250,4645680,183916,170516,2977260,4944.420,1619.810,3423.599,2067.758,295.965,174.979,7700,9020,1.920,1.630,0.940,5,0,161.981,0,0,17,239,0,31,0
16-01 16:06:29,35.510,28.008,35.010,0.250,0,4691400,135924,170516,2979860,6677.951,1662.486,204.060,368.108,3.001,22.006,8302,10158,1.920,1.630,0.940,3,0,554.162,0,0,17,240,0,31,0
16-01 16:06:30,54.430,23.719,19.724,0.749,0,4699876,159604,170828,2947744,9978.096,1617.908,2676.539,14988.616,168.782,965.751,8598,17987,1.920,1.630,0.940,5,1,312.596,0,0,17,245,0,32,0
16-01 16:06:31,60.930,26.720,10.987,0,0.250,4801944,137160,170596,2870672,8168.682,1841.899,1070.779,627.284,66.924,44.949,7183,8078,1.920,1.630,0.940,6,0,546.377,0,0,17,247,1,32,0
16-01 16:06:32,59.883,23.454,14.222,0.998,0,4800828,170604,171164,2838444,9575.329,1690.703,1684.715,990.069,87.829,72.858,8429,14485,1.920,1.630,0.940,3,0,242.527,0,0,17,253,1,34,0
16-01 16:06:33,56.012,29.387,14.317,0.251,0.251,4832152,198516,171164,2780660,7952.183,1772.287,8.038,847.965,2.009,57.268,7270,7934,2.010,1.650,0.950,5,0,544.546,0,0,17,253,1,25,0
16-01 16:06:34,54.854,20.695,23.438,0.499,0.249,4906356,134280,171160,2770856,11210.202,1779.271,610.378,7244.743,36.902,241.358,8497,14781,2.010,1.650,0.950,4,0,263.300,0,0,17,261,1,27,0
16-01 16:06:35,68.926,19.229,11.238,0.250,0,5007492,158156,171148,2647464,7364.094,1530.357,0,17201.533,0,53.942,4990,4437,2.010,1.650,0.950,3,0,118.872,0,0,17,261,1,27,0
16-01 16:06:36,68.701,12.035,16.548,0.501,0,5075792,174716,170660,2564948,5750.815,1698.968,1901.560,1099.214,97.284,70.205,8286,16184,2.010,1.650,0.950,4,0,4.012,0,0,17,270,1,32,0
16-01 16:06:37,57.219,20.989,21.488,0.250,0.250,5065072,184588,170660,2566004,9802.741,1619.131,1023.451,551.704,19.989,46.975,6727,6584,2.010,1.650,0.950,7,0,208.888,0,0,17,271,1,31,0
16-01 16:06:38,47.002,29.501,21.501,0.750,0.250,5026988,218444,170928,2569800,8187.405,1694.084,4892.242,1831.091,75.004,97.005,8070,8528,2.330,1.730,0.980,3,0,491.024,0,0,17,271,1,31,0
16-01 16:06:39,56.247,23.499,19.249,0,0,5105128,139992,170928,2570532,7189.644,1619.920,583.971,399.980,9.000,19.999,7355,9130,2.330,1.730,0.980,4,0,279.986,0,0,17,271,1,31,0
16-01 16:06:40,76.610,18.965,3.494,0.250,0,5150632,129304,170932,2536528,10842.144,1617.039,1377.477,5378.151,61.887,539.013,7268,5175,2.330,1.730,0.980,4,1,174.680,0,0,18,276,1,31,0
16-01 16:06:41,80.170,14.030,2.756,1.253,0,5300108,137304,170952,2383060,6981.790,1623.439,3258.903,8554.120,148.314,516.093,6672,4341,2.330,1.730,0.980,4,0,13.028,0,0,18,276,1,31,0
16-01 16:06:42,70.680,16.983,12.238,0.250,0.250,5320884,146092,170980,2354552,9419.624,2015.993,1298.707,1458.548,45.954,121.879,7918,11932,2.330,1.730,0.980,3,0,225.775,0,0,18,284,1,35,0
16-01 16:06:43,42.395,10.225,45.138,1.496,0.249,5332072,161356,170988,2328836,10599.723,2734.222,937.675,4325.277,30.923,349.134,6764,7714,2.300,1.730,0.980,4,0,45.886,0,0,18,287,1,35,0
16-01 16:06:44,21.246,6.749,69.237,0.250,0,5335680,155888,170988,2330680,1876690.602,23760.437,815.843,371.929,8.998,22.996,4303,3788,2.300,1.730,0.980,2,0,7.998,0,0,18,292,1,35,0
16-01 16:06:45,29.260,15.505,54.018,0.500,0.250,5328840,146180,170988,2347180,14705456.198,84783.981,3061.010,384.127,33.011,26.009,9218,5854,2.300,1.730,0.980,2,0,268.088,0,0,18,291,1,34,0
16-01 16:06:46,24.988,4.998,68.718,0.500,0.250,5342608,160400,170988,2319800,8838.875,1619.244,0,1387.353,0,94.956,3027,3149,2.300,1.730,0.980,1,0,1.999,0,0,18,293,1,34,0
16-01 16:06:47,25.120,4.019,69.330,0.754,0,5352344,150032,170988,2320436,5818.681,1669.944,562.677,651.097,30.143,65.311,5737,8146,2.300,1.730,0.980,2,0,3.014,0,0,18,306,1,36,0
16-01 16:06:48,20.224,10.487,67.664,0.250,0,5273276,212840,170996,2336656,8968.603,1659.891,99.873,771.020,5.992,68.912,6449,7649,2.120,1.700,0.980,2,0,175.777,0,0,18,303,1,38,0
16-01 16:06:49,14.944,12.951,69.987,0.249,0.249,5308232,177824,170996,2336716,9840.016,1613.934,27.895,346.697,1.993,16.936,4718,4384,2.120,1.700,0.980,1,0,289.910,0,0,18,303,1,37,0
16-01 16:06:50,17.286,10.021,71.901,0.251,0,5337120,148916,170996,2336736,9144.158,1697.557,0,17580.833,0,84.176,4132,3458,2.120,1.700,0.980,1,0,185.388,0,0,18,303,1,37,0
16-01 16:06:51,8.520,19.796,70.163,0.251,0,5337804,148168,170996,2336800,7073.419,1461.392,20.047,128.298,2.005,14.033,6141,5041,2.120,1.700,0.980,1,0,381.886,0,0,18,303,1,37,0
16-01 16:06:52,3.237,5.478,90.140,0,0,5337856,148108,170996,2336808,6918.363,1613.554,0,75.698,0,4.980,2419,2633,2.120,1.700,0.980,0,0,102.590,0,0,18,303,1,37,0
16-01 16:06:53,18.826,3.765,75.304,0.502,0,5365552,152088,170996,2306612,9229.227,1626.561,0,325.312,0,48.194,2644,2534,2.030,1.690,0.980,1,0,9.036,0,0,18,303,1,37,0
16-01 16:06:54,21.177,6.976,70.757,0.249,0.498,5295488,221932,170996,2306832,9049.857,1614.444,63.781,219.246,3.986,13.952,3696,3279,2.030,1.690,0.980,2,0,81.719,0,0,18,307,1,37,0
16-01 16:06:55,12.295,16.561,70.006,0,0.251,5278192,239004,171000,2307020,9672.375,1625.947,16.059,2031.430,4.015,18.066,5427,4128,2.030,1.690,0.980,1,0,201.738,0,0,18,307,1,37,0
16-01 16:06:56,11.957,17.188,69.000,0,0,5265788,251132,171000,2307280,7805.743,1614.157,0,171.380,0,20.924,5494,4370,2.030,1.690,0.980,1,0,212.232,0,0,18,311,1,37,0
16-01 16:06:57,19.829,8.032,71.535,0,0,5308204,208604,171000,2307376,7105.264,1626.470,4.016,4.016,1.004,1.004,3576,2993,2.030,1.690,0.980,1,0,108.431,0,0,18,311,1,32,0
16-01 16:06:58,23.645,3.733,70.187,0.249,0.249,5371932,144848,171000,2307404,11606.242,1451.527,119.467,378.313,1.991,37.831,2714,2735,1.940,1.680,0.980,2,0,2.987,0,0,18,315,1,32,0
16-01 16:06:59,23.478,3.746,71.183,0.500,0,5287236,229168,171000,2307780,6394.996,1618.481,259.756,363.659,9.991,35.966,2665,2633,1.940,1.680,0.980,1,0,8.992,0,0,18,315,1,32,0
16-01 16:07:00,24.019,3.002,71.307,0.250,0,5343272,173096,171000,2307816,8127.466,1663.323,20.016,252.201,4.003,18.014,2386,2181,1.940,1.680,0.980,1,0,1.001,0,0,18,315,1,32,0
16-01 16:07:01,24.000,4.000,71.001,0.500,0,5376972,139368,171000,2307844,11776.124,1662.018,0,1228.013,0,159.002,3434,3370,1.940,1.680,0.980,1,0,5.000,0,0,18,321,1,32,0
16-01 16:07:02,22.762,4.752,70.787,0,0,5378952,137260,171000,2307972,8875.584,1620.837,0,100.052,0,6.003,2465,2072,1.940,1.680,0.980,1,0,15.008,0,0,18,315,1,32,0
16-01 16:07:03,23.338,5.270,71.017,0,0.251,5315364,231400,171000,2278668,8761.978,1696.385,4.015,196.740,1.004,24.091,2976,2533,1.870,1.670,0.980,1,0,50.189,0,0,18,315,1,32,0
16-01 16:07:04,10.464,18.686,69.759,0,0,5296372,250204,171008,2278848,8840.504,1614.431,442.474,601.924,10.962,25.911,6428,5797,1.870,1.670,0.980,2,0,449.450,0,0,18,315,1,32,0
16-01 16:07:05,20.577,6.023,72.020,0,0.251,5332312,214072,171152,2278896,11026.388,1626.104,152.573,798.999,7.026,9.034,3098,2565,1.870,1.670,0.980,2,0,99.373,0,0,18,315,1,32,0
16-01 16:07:06,19.159,2.239,76.886,0.249,0,5350700,189528,171760,2284332,14580.952,3880.623,119.434,2595.708,5.972,15.925,2181,1840,1.870,1.670,0.980,1,0,16.920,0,0,18,315,1,32,0
16-01 16:07:07,20.999,3.500,74.496,0.250,0,5347020,191960,171844,2285468,8496.509,2803.838,47.997,299.983,2.000,4.000,2456,2215,1.870,1.670,0.980,0,0,17.999,0,0,18,316,1,32,0
16-01 16:07:08,22.584,3.513,72.018,0.502,0.502,5314368,217932,172416,2291436,8998.538,3465.918,24.090,1349.028,2.007,40.150,6296,10265,1.800,1.660,0.980,2,0,7.026,0,0,18,315,1,32,0
16-01 16:07:09,18.172,4.232,75.677,0,0,5320664,211060,172444,2291964,15389.246,4531.637,43.813,617.362,5.974,17.923,6729,11458,1.800,1.660,0.980,2,0,7.966,0,0,18,316,1,32,0
16-01 16:07:10,22.277,7.759,68.583,0.501,0,5338464,192792,172528,2292356,9038.969,1621.968,12.015,2691.266,3.004,206.250,10468,17932,1.800,1.660,0.980,1,0,20.024,0,0,18,316,1,32,0
16-01 16:07:11,18.784,8.766,69.876,1.503,0,5283688,259212,172612,2280692,10420.837,1797.249,0,7072.785,0,749.355,4482,3118,1.800,1.660,0.980,1,0,122.221,0,0,18,315,1,32,0
16-01 16:07:12,18.532,9.767,70.370,0,0,5313348,229536,172612,2280708,7299.424,1622.762,0,36.061,0,1.002,3743,3337,1.800,1.660,0.980,1,0,147.251,0,0,18,315,1,32,0
16-01 16:07:13,25.755,2.000,71.014,0.250,0.250,5330704,211980,172612,2280908,9848.004,1620.330,16.003,244.050,1.000,27.005,2880,2605,1.730,1.640,0.980,2,0,0,0,0,18,319,1,34,0
16-01 16:07:14,18.676,9.214,70.721,0,0,5309652,232984,172612,2280956,7687.691,1613.638,19.921,171.325,1.992,10.957,3466,3220,1.730,1.640,0.980,1,0,115.544,0,0,18,319,1,34,0
16-01 16:07:15,21.500,6.500,70.501,0.250,0,5319040,223456,172612,2281096,5063.084,1458.024,0,16252.270,0,68.001,3335,3083,1.730,1.640,0.980,1,0,71.001,0,0,18,319,1,34,0
16-01 16:07:16,22.996,4.499,71.237,0.250,0,5357428,185056,172612,2281108,9613.202,1619.697,0,215.960,0,20.996,2558,2284,1.730,1.640,0.980,1,0,1.000,0,0,18,319,1,34,0
16-01 16:07:17,21.254,6.501,71.265,0,0.250,5355352,187120,172612,2281120,7653.569,1620.332,0,180.037,0,12.002,3149,2685,1.730,1.640,0.980,1,0,56.011,0,0,18,319,1,34,0
16-01 16:07:18,23.820,3.510,71.461,0.251,0.251,5369352,173076,172612,2281164,4845.291,1624.792,16.047,248.734,1.003,22.065,2808,2622,1.680,1.630,0.980,1,0,6.018,0,0,18,319,1,37,0
16-01 16:07:19,22.254,6.251,71.012,0,0,5388724,183664,172612,2252508,9193.501,1620.264,12.002,164.027,1.000,8.001,2662,2249,1.680,1.630,0.980,1,0,27.004,0,0,18,319,1,37,0
16-01 16:07:20,21.408,6.223,69.951,0.498,0,5369512,202852,172612,2252532,6203.455,1613.097,3.983,322.619,0.996,31.864,3428,3302,1.680,1.630,0.980,1,0,46.800,0,0,18,319,1,38,0
16-01 16:07:21,24.357,3.516,72.821,0,0,5410808,161544,172612,2252544,10787.595,1627.179,0,152.674,0,9.040,2563,2259,1.680,1.630,0.980,1,0,0,0,0,18,323,1,39,0
16-01 16:07:22,22.431,5.483,70.284,0,0.249,5393272,179076,172612,2252548,9533.752,1453.541,15.951,159.511,0.997,9.969,2869,2402,1.680,1.630,0.980,1,0,31.902,0,0,18,319,1,40,0
16-01 16:07:23,22.843,10.041,65.015,0.753,0,5304300,267756,172612,2252840,5209.209,1626.623,0,413.684,0,39.159,5270,6886,1.620,1.620,0.980,1,0,125.511,0,0,18,319,1,41,0
16-01 16:07:24,6.968,3.982,85.110,2.737,0.249,5302524,268432,173020,2253532,16531.264,4944.348,1003.403,2277.566,247.864,129.407,3601,4034,1.620,1.620,0.980,1,0,57.735,0,0,18,321,1,41,0
16-01 16:07:25,6.495,8.494,82.687,0.250,0,5291824,279076,173020,2253588,22152.099,4618.476,0,523.601,0,40.969,3647,3403,1.620,1.620,0.980,1,0,124.905,0,0,18,321,1,42,0
16-01 16:07:26,7.257,11.761,79.824,0.250,0,5275196,295624,173020,2253668,6861.342,2715.510,104.096,288.266,9.008,17.016,4132,3680,1.620,1.620,0.980,1,0,208.192,0,0,18,319,1,41,0
16-01 16:07:27,21.842,4.017,71.553,1.255,0,5317328,243732,173020,2263412,9308.402,1626.887,980.149,1052.455,114.485,26.111,2880,2653,1.620,1.620,0.980,1,0,6.026,0,0,18,319,1,41,0
16-01 16:07:28,15.179,2.488,80.371,0.249,0.498,5310112,244024,173020,2270240,18074.865,5708.114,895.781,1405.380,10.948,38.817,2411,2500,1.490,1.600,0.970,0,0,16.920,0,0,18,321,1,41,0
16-01 16:07:29,17.046,9.275,71.193,1.504,0,5263212,288568,173140,2272428,11605.391,2081.631,1287.482,3469.384,23.062,118.320,4728,4522,1.490,1.600,0.970,3,0,149.404,0,0,18,319,1,41,0
16-01 16:07:30,22.958,13.725,61.887,0,0,5304860,246908,173140,2272440,10885.162,1455.348,0,167.694,0,17.967,4933,15531,1.490,1.600,0.970,1,0,197.640,0,0,18,319,1,33,0
16-01 16:07:31,23.752,4.500,70.757,0.250,0,5324880,226864,173140,2272464,5637.524,1694.158,0,360.033,0,29.003,3237,2932,1.490,1.600,0.970,1,0,48.004,0,0,18,319,1,34,0
16-01 16:07:32,22.244,5.249,70.982,0.250,0,5391644,160096,173140,2272468,11254.091,1693.562,0,127.967,0,11.997,2528,2259,1.490,1.600,0.970,1,0,1.000,0,0,18,321,1,34,0
16-01 16:07:33,22.731,4.496,70.440,0.250,0.250,5413528,138116,173140,2272564,11000.576,1692.550,79.932,255.781,4.996,33.971,3119,2830,1.450,1.590,0.970,5,0,13.988,0,0,18,321,1,35,0
16-01 16:07:34,25.881,4.774,68.095,0.754,0.251,5382756,189772,173140,2252464,10046.960,1702.636,1431.260,727.691,44.224,93.474,4473,5513,1.450,1.590,0.970,1,0,2.010,0,0,18,324,1,30,0
16-01 16:07:35,23.155,4.979,69.713,0.498,0,5367788,204552,173140,2252652,9582.494,1687.045,79.672,856.469,4.979,92.618,4722,6179,1.450,1.590,0.970,1,0,4.979,0,0,18,323,1,30,0
16-01 16:07:36,24.000,3.250,70.749,1.000,0,5363888,208208,173140,2252896,11232.766,1693.965,271.994,1107.977,12.000,78.998,3854,4477,1.450,1.590,0.970,1,0,0,0,0,18,324,1,31,0
16-01 16:07:37,15.297,16.300,66.956,0.752,0,5336096,235768,173140,2253128,9617.646,1625.009,4.012,1207.723,1.003,130.402,6763,7035,1.450,1.590,0.970,3,0,393.212,0,0,18,323,1,31,0
16-01 16:07:38,8.259,22.775,66.823,0,0.250,5327264,244568,173140,2253160,4629.047,1533.672,0,556.607,0,41.045,7286,6630,1.500,1.590,0.980,1,0,663.724,0,0,18,323,1,24,0
16-01 16:07:39,8.748,22.744,66.233,0.500,0.250,5335588,236108,173140,2253296,6344.394,1619.590,95.976,2939.256,5.998,172.956,7825,7444,1.500,1.590,0.980,2,0,695.824,0,0,18,323,1,24,0
16-01 16:07:40,9.002,22.754,67.263,0,0,5315932,255732,173140,2253328,9448.794,1620.308,0,216.041,0,27.005,7704,7153,1.500,1.590,0.980,1,0,744.141,0,0,18,323,1,24,0
16-01 16:07:41,7.751,22.754,68.011,0,0,5313948,257700,173140,2253360,9620.518,1620.256,0,1892.298,0,133.021,6884,5841,1.500,1.590,0.980,2,0,549.087,0,0,18,323,1,24,0
16-01 16:07:42,9.250,22.751,66.503,0.500,0,5302716,268892,173140,2253400,9040.434,1694.081,0,2860.137,0,398.019,7738,6481,1.500,1.590,0.980,1,0,597.029,0,0,18,325,1,19,0
16-01 16:07:43,12.992,15.240,69.956,0.250,0,5300452,381072,173144,2153396,9288.157,1618.982,259.837,2078.692,22.986,14.991,4508,3956,1.460,1.580,0.980,1,0,195.877,0,0,18,325,1,19,0
16-01 16:07:44,23.010,4.502,71.032,0.250,0.250,5335664,340200,173508,2161068,9685.333,1620.725,0,1880.841,0,23.010,2731,2536,1.460,1.580,0.980,1,0,4.002,0,0,18,325,1,19,0
16-01 16:07:45,16.430,1.992,79.911,0.747,0,5332596,341844,173616,2162380,19859.642,7335.839,505.851,983.821,21.907,34.852,2350,2369,1.460,1.580,0.980,1,0,16.928,0,0,18,326,1,19,0
16-01 16:07:46,30.263,7.503,59.775,1.251,0.750,5384840,288360,173752,2163476,23218.833,12852.443,1204.510,3801.610,61.026,100.042,3685,3152,1.460,1.580,0.980,4,0,9.004,0,0,18,326,1,19,0
16-01 16:07:47,26.495,4.249,66.987,0.750,0,5413352,258556,173852,2164660,17192.704,9983.086,1419.728,1171.775,48.991,42.992,3022,2547,1.460,1.580,0.980,1,0,4.999,0,0,18,326,1,19,0
16-01 16:07:48,14.245,1.749,81.970,0.750,0,5401148,269688,173976,2165608,28996.402,12371.478,727.734,1455.468,58.978,48.982,2131,2162,1.340,1.560,0.980,0,1,1.000,0,0,18,326,1,19,0
16-01 16:07:49,16.502,1.750,79.759,1.000,0.250,5410248,259332,174084,2166756,24560.909,10843.284,912.108,1512.179,51.006,60.007,2281,2223,1.340,1.560,0.980,2,0,0,0,0,18,326,1,19,0
16-01 16:07:50,19.003,3.501,74.512,1.750,0,5415016,215892,174760,2204748,11946.918,4034.648,14478.324,1896.304,155.025,69.011,2715,2524,1.340,1.560,0.980,1,0,1.000,0,0,18,326,1,19,0
16-01 16:07:51,23.249,3.250,72.247,0.500,0.250,5412848,195836,175744,2225596,5323.799,1619.939,0,1375.948,0,32.999,2380,2129,1.340,1.560,0.980,1,0,0,0,0,18,326,1,15,0
16-01 16:07:52,24.257,3.251,71.270,0.250,0,5424148,166260,176008,2243376,8206.358,1620.466,0,892.256,0,25.007,2556,2314,1.340,1.560,0.980,1,0,0,0,0,18,326,1,15,0
16-01 16:07:53,23.232,2.498,71.446,1.499,0.250,5416004,159072,177032,2257368,7458.361,1618.776,0,3089.664,0,137.896,3157,3003,1.310,1.550,0.980,2,0,0,0,0,18,326,1,15,0
16-01 16:07:54,22.509,3.251,71.529,1.000,0,5409596,136536,177968,2285020,5816.380,1620.663,0,2509.027,0,98.040,2879,2819,1.310,1.550,0.980,1,0,0,0,0,18,326,1,15,0
16-01 16:07:55,23.250,3.500,71.500,0.250,0,5386848,171384,178420,2272264,5774.012,1632.003,0,1444.003,0,60.000,2698,2398,1.310,1.550,0.980,2,0,2.000,0,0,18,325,1,15,0
16-01 16:07:56,19.000,3.500,76.501,0.500,0,5398416,158732,178420,2273348,14811.116,3791.030,32.000,640.005,1.000,25.000,2387,2205,1.310,1.550,0.980,3,0,33.000,0,0,18,326,1,15,0
16-01 16:07:57,23.505,4.001,71.266,0.750,0,5394968,156540,178532,2278828,5209.192,1794.411,0,2444.559,0,222.051,2717,2425,1.310,1.550,0.980,2,0,5.001,0,0,18,325,1,15,0
16-01 16:07:58,17.548,3.510,76.959,0.251,0,5385708,158516,179000,2284764,16313.374,4737.887,0,1090.968,0,23.063,4665,7049,1.370,1.550,0.980,1,0,21.057,0,0,18,325,1,15,0
16-01 16:07:59,23.189,7.231,67.572,0,0,5380764,162824,179068,2285236,8301.122,1657.631,0,83.779,0,0.997,14077,27047,1.370,1.550,0.980,1,0,12.966,0,0,18,325,1,15,0
16-01 16:08:00,20.486,6.745,70.952,0.250,0.500,5337264,219872,179112,2272396,8431.248,1618.896,0,1918.691,0,25.982,4177,5393,1.370,1.550,0.980,1,0,16.988,0,0,18,325,1,15,0
16-01 16:08:01,23.265,6.504,69.046,0.250,0.250,5326444,230660,179112,2272424,9174.060,1705.126,0,14781.765,0,83.055,7793,12479,1.370,1.550,0.980,1,0,55.036,0,0,18,325,1,15,0
16-01 16:08:02,21.983,5.496,70.947,0,0,5383216,173876,179112,2272436,5534.828,2111.408,0,567.572,0,10.992,6125,9607,1.370,1.550,0.980,2,0,35.973,0,0,18,326,1,15,0
16-01 16:08:03,20.374,2.485,74.789,0.248,0,5378764,171864,179168,2278840,14679.478,3224.118,0,1065.430,0,19.877,2467,2174,1.340,1.550,0.980,2,0,1.988,0,0,18,325,1,15,0
16-01 16:08:04,18.368,3.271,76.743,0.755,0,5377436,169624,179180,2282392,14267.707,4580.441,0,3112.003,0,145.938,2820,2917,1.340,1.550,0.980,1,0,18.116,0,0,18,326,1,15,0
16-01 16:08:05,22.496,6.499,69.239,0.250,0.250,5377840,165096,179460,2285356,7069.874,1793.714,0,1123.821,0,17.997,10313,18730,1.340,1.550,0.980,1,0,13.998,0,0,18,325,1,15,0
16-01 16:08:06,21.477,7.492,69.427,0,0,5367516,175148,179508,2285548,9966.481,1692.214,31.966,471.502,0.999,3.996,11140,19551,1.340,1.550,0.980,2,0,18.980,0,0,18,325,1,15,0
16-01 16:08:07,22.271,5.505,71.068,0,0.250,5360456,195988,179520,2272508,7309.971,1733.653,16.015,1049.000,1.001,39.037,2887,2725,1.340,1.550,0.980,1,0,22.021,0,0,18,325,1,15,0
16-01 16:08:08,22.004,5.751,71.012,0.250,0,5360788,195644,179520,2272520,8915.472,1620.268,0,132.022,0,6.001,3404,2977,1.310,1.540,0.980,1,0,95.016,0,0,18,325,1,15,0
16-01 16:08:09,23.006,3.751,71.768,0,0,5369756,176256,179608,2282852,9464.347,1620.402,0,12.003,0,3.001,2520,2100,1.310,1.540,0.980,1,0,19.005,0,0,18,325,1,15,0
16-01 16:08:10,16.495,3.499,78.475,0.500,0.250,5379384,166116,179628,2283232,18297.227,8068.454,0,1411.555,0,25.992,2219,2035,1.310,1.540,0.980,0,0,0,0,0,18,326,1,15,0
16-01 16:08:11,12.248,1.250,84.735,0.750,0.250,5373400,171520,179692,2283684,32756.198,13748.565,0,1579.720,0,53.990,2027,2087,1.310,1.540,0.980,1,0,0,0,0,18,326,1,15,0
16-01 16:08:12,5.271,1.255,92.362,0.753,0,5368824,176128,179720,2283812,66203.163,7262.430,0,9975.049,0,268.049,1956,2035,1.310,1.540,0.980,0,0,0,0,0,18,327,1,15,0
16-01 16:08:13,11.210,1.495,85.444,0.498,0,5367004,177612,179784,2284052,107995.056,11609.404,0,1677.988,0,152.454,2227,2142,1.200,1.510,0.980,0,0,0,0,0,18,327,1,15,0
16-01 16:08:14,17.752,1.750,78.759,0.750,0,5372756,171644,179840,2284180,20904.511,8765.053,0,1172.141,0,45.005,2212,2165,1.200,1.510,0.980,1,0,0,0,0,18,327,1,15,0
16-01 16:08:15,15.497,1.750,79.985,0.750,0.500,5381744,161952,179888,2284804,284787.285,14405.384,0,1655.699,0,68.987,2612,2753,1.200,1.510,0.980,2,0,1.000,0,0,18,327,1,13,0
16-01 16:08:16,9.504,1.751,85.782,1.250,0,5382080,161236,179968,2284928,100190.457,17242.446,28.010,2781.040,4.001,146.055,2356,2847,1.200,1.510,0.980,1,0,1.000,0,0,18,327,1,13,0
16-01 16:08:17,13.743,2.499,82.458,0.750,0,5381104,161504,180132,2285348,51519.914,13301.265,103.947,12545.648,5.997,130.934,2429,2586,1.200,1.510,0.980,0,0,0,0,0,18,327,1,13,0
16-01 16:08:18,9.751,1.750,85.008,1.000,0.250,5381536,141184,180224,2305008,5690028.684,44032.370,0,6604.655,0,54.005,3690,2794,1.510,1.570,1,1,0,4.000,0,0,18,327,1,13,0
16-01 16:08:19,11.505,3.251,81.787,1.000,0,5365616,153796,180372,2308708,12121373.637,61762.073,164.075,13310.050,4.002,102.046,5187,2816,1.510,1.570,1,1,0,2.001,0,0,18,327,1,10,0
16-01 16:08:20,22.238,4.248,70.962,0.999,0,5370316,154724,183568,2297700,9721.760,1619.127,0,4813.406,0,105.943,2627,2455,1.510,1.570,1,1,0,0.999,0,0,18,327,1,10,0
16-01 16:08:21,23.735,4.247,71.204,0.750,0,5379488,146108,184464,2295656,9128.042,1618.943,0,1499.022,0,34.977,2624,2280,1.510,1.570,1,1,0,0,0,0,18,327,1,10,0
16-01 16:08:22,24.528,5.006,68.328,0.250,0,5387036,148992,184752,2284936,7723.846,1621.857,0,31996.645,0,183.210,3341,2953,1.510,1.570,1,1,0,0,0,0,18,327,1,10,0
16-01 16:08:23,22.491,4.498,70.721,1.249,0.250,5381752,147764,185680,2289196,10802.498,1619.325,3.998,3354.602,1.000,248.896,3396,3001,1.470,1.560,1,1,0,1.999,0,0,18,327,1,6,0
16-01 16:08:24,22.510,3.251,71.283,1.000,0.500,5397376,134940,186492,2285188,5597.552,1620.739,0,2253.027,0,88.040,2893,2818,1.470,1.560,1,3,0,0,0,0,18,327,1,6,0
16-01 16:08:25,24.988,8.746,65.219,1.249,0.250,5400420,137512,187848,2277832,5593.380,1661.222,0,153280.198,0,843.605,4636,3547,1.470,1.560,1,2,0,0,0,0,18,327,1,6,0
16-01 16:08:26,25.753,5.751,65.758,0.750,0,5402212,130416,188816,2281116,5246.607,1714.198,0,2248.260,0,85.010,4228,5481,1.470,1.560,1,1,0,1.000,0,0,18,327,1,6,0
16-01 16:08:27,21.261,3.252,73.038,1.001,0,5431896,151496,189316,2229708,14989.771,4050.100,148.077,2125.102,6.003,84.044,3263,3505,1.470,1.560,1,2,0,0,0,0,18,325,1,6,0
16-01 16:08:28,23.505,4.001,71.265,0,0,5351764,231588,189316,2229748,7867.709,1620.352,16.003,388.084,2.000,9.002,2763,2305,1.430,1.550,1,2,0,36.008,0,0,18,325,1,6,0
16-01 16:08:29,19.061,2.257,76.997,0.502,0.251,5355168,221512,189400,2236316,15217.768,3911.535,48.154,1392.462,7.023,18.058,2174,1967,1.430,1.550,1,2,0,2.006,0,0,18,325,1,6,0
16-01 16:08:30,23.913,8.967,66.010,0.498,0,5372476,202832,189408,2237544,15471.814,4534.533,0,78319.580,0,932.613,6650,12518,1.430,1.550,1,1,0,59.783,0,0,18,326,1,7,0
16-01 16:08:31,22.501,6.750,68.503,0.500,0.250,5393464,175680,189760,2242564,11001.450,1868.076,0,1568.064,0,46.002,11319,20118,1.430,1.550,1,1,0,15.001,0,0,18,325,1,7,0
16-01 16:08:32,22.747,6.999,67.741,0,0,5389376,179392,189804,2242828,8603.854,1777.763,0,2295.694,0,20.997,10096,17461,1.430,1.550,1,3,0,12.998,0,0,18,325,1,5,0
16-01 16:08:33,21.002,6.751,71.508,0.250,0,5377740,191000,189836,2242824,5132.546,1694.180,0,364.039,0,12.001,2408,1995,1.400,1.540,1,2,0,7.001,0,0,18,325,1,5,0
16-01 16:08:34,21.495,5.499,70.483,0.750,0.250,5344424,235424,189856,2232520,9451.777,1531.640,1527.641,2047.519,37.991,186.956,3031,2587,1.400,1.540,1,1,0,5.999,0,0,18,325,1,5,0
16-01 16:08:35,22.782,5.007,69.847,1.252,0,5353088,224628,189856,2234652,7654.644,1696.359,516.718,2175.024,23.032,86.120,4935,6270,1.400,1.540,1,1,1,2.003,0,0,18,328,1,7,0
16-01 16:08:36,22.049,9.521,65.645,2.255,0.251,5295148,281376,189856,2235844,5995.265,1697.756,1042.306,3403.531,55.122,316.701,7983,10569,1.400,1.540,1,3,0,162.359,0,0,18,327,1,6,0
16-01 16:08:37,14.196,14.445,68.740,0.747,0,5288740,286112,189856,2237516,10366.725,1613.886,1665.689,454.279,88.664,26.898,5491,4576,1.400,1.540,1,1,0,286.913,0,0,18,327,1,8,0
16-01 16:08:38,7.751,4.000,70.508,16.252,0,5271088,268220,189856,2273060,11293.291,1694.194,35496.059,3264.373,2219.254,149.017,7115,7184,1.360,1.530,1,0,1,1.000,0,0,18,327,1,8,0
16-01 16:08:39,6.500,3.250,80.501,7.250,0,5268400,265196,189856,2278772,11755.143,2635.032,5716.070,1064.013,1157.014,16.000,2963,4184,1.360,1.530,1,0,0,6.000,0,0,18,328,1,8,0
16-01 16:08:40,2.247,1.249,95.639,0,0,5268400,265196,189856,2278772,32765.980,3458.986,0,7.991,0,0.999,1303,1670,1.360,1.530,1,0,0,0,0,0,18,328,1,7,0
16-01 16:08:41,2.001,0.751,95.817,0.250,0.250,5269224,264188,189856,2278956,29425.632,4944.467,184.129,68.048,5.004,8.006,1228,1696,1.360,1.530,1,0,0,0,0,0,18,328,1,7,0
16-01 16:08:42,4.501,2.001,91.780,0.250,0.250,5247500,285716,189888,2279140,92779.276,127015.448,348.114,464.151,13.004,1.000,1840,2104,1.360,1.530,1,0,0,12.004,0,0,18,327,1,7,0
16-01 16:08:43,2.752,1.251,95.584,0.250,0.250,5247724,285492,189888,2279140,7094.271,1621.433,0,424.375,0,23.020,1434,2012,1.250,1.500,0.990,0,0,0,0,0,18,327,1,7,0
16-01 16:08:44,2.496,0.998,93.851,1.498,0,5243236,289980,189888,2279140,5673.975,1617.427,0,5407.399,0,465.260,2261,2889,1.250,1.500,0.990,0,0,0,0,0,18,327,1,7,0
16-01 16:08:45,2.252,0.250,95.573,0.250,0,5242968,290236,189888,2279152,9646.324,1621.231,0,220.167,0,26.020,1513,2190,1.250,1.500,0.990,0,0,1.001,0,0,18,327,1,7,0
16-01 16:08:46,19.481,6.993,71.179,0.500,0,5274800,258388,189888,2279168,7150.846,1618.381,511.488,551.448,3.996,76.923,3414,3528,1.250,1.500,0.990,1,0,8.991,0,0,18,327,1,7,0
16-01 16:08:47,11.513,4.255,83.095,0,0.250,5280540,252648,189888,2279168,11026.607,1621.854,512.586,156.179,4.005,10.011,2164,2033,1.250,1.500,0.990,0,0,4.005,0,0,18,327,1,7,0
16-01 16:08:48,2.999,1.000,94.726,0.250,0,5266244,266940,189888,2279172,8876.730,1619.586,0,627.839,0,49.987,1704,2292,1.150,1.480,0.990,0,0,1.000,0,0,18,327,1,7,0
16-01 16:08:49,1.749,0.250,96.217,0,0.250,5265692,267492,189888,2279172,5192.214,1619.443,0,0,0,0,1258,1846,1.150,1.480,0.990,1,0,0,0,0,18,327,1,7,0
16-01 16:08:50,2.001,0.500,96.546,0.250,0,5264396,268788,189888,2279172,9661.565,1532.724,0,92.043,0,10.005,1210,1707,1.150,1.480,0.990,0,0,0,0,0,18,327,1,7,0
16-01 16:08:51,1.750,0.750,96.488,0,0,5263656,269528,189888,2279172,7035.125,1619.798,0,4.000,0,1.000,1210,1678,1.150,1.480,0.990,0,0,0,0,0,18,327,1,7,0
16-01 16:08:52,1.750,1.000,95.508,0,0.250,5261196,271988,189888,2279172,9030.721,1620.129,0,0,0,0,1338,1862,1.150,1.480,0.990,0,0,0,0,0,18,327,1,7,0
16-01 16:08:53,2.007,0.753,95.578,0.502,0,5251500,281684,189888,2279172,9052.025,1625.572,0,967.315,0,182.626,1743,1993,1.060,1.450,0.980,2,1,2.007,0,0,18,327,1,7,0
16-01 16:08:54,1.744,0.747,95.678,0,0.249,5249616,283568,189888,2279172,9397.401,1614.571,0,231.223,0,19.933,1325,1878,1.060,1.450,0.980,0,0,0,0,0,18,327,1,7,0
16-01 16:08:55,2.750,0.250,96.498,0.500,0,5247968,285216,189888,2279172,8430.838,1619.969,0,95.998,0,13.000,1180,1697,1.060,1.450,0.980,0,0,0,0,0,18,327,1,7,0
16-01 16:08:56,1.749,2.249,93.458,0.500,0.250,5234356,298820,189888,2279188,6046.278,1619.271,0,38230.790,0,168.924,1889,2424,1.060,1.450,0.980,0,0,0,0,0,18,327,1,7,0
16-01 16:08:57,1.749,0.749,95.928,0,0.250,5233096,300080,189888,2279188,8535.580,1456.904,0,59.955,0,7.994,1259,1872,1.060,1.450,0.980,1,0,0,0,0,18,327,1,7,0
16-01 16:08:58,2.002,1.001,96.091,0,0,5232096,301080,189888,2279188,9989.462,1621.536,0,36.034,0,3.003,1291,1815,0.980,1.430,0.980,0,0,1.001,0,0,18,327,1,7,0
16-01 16:08:59,1.750,0.500,96.224,0,0,5232096,301080,189888,2279188,9491.390,1619.555,0,7.998,0,1.000,1140,1625,0.980,1.430,0.980,0,0,0,0,0,18,327,1,7,0
16-01 16:09:00,2.001,0.750,96.059,0.250,0,5232092,301080,189888,2279192,9635.929,1620.997,0,96.059,0,12.007,1352,2008,0.980,1.430,0.980,0,0,1.001,0,0,18,327,1,7,0
16-01 16:09:01,2.499,1.750,92.725,1.250,0,5216568,316884,189888,2279196,9600.382,1619.558,0,20850.315,0,275.925,2016,2330,0.980,1.430,0.980,0,0,1.000,0,0,18,327,1,7,0
16-01 16:09:02,1.750,0.750,96.495,0,0.250,5216740,316708,189888,2279196,11252.460,1619.922,0,0,0,0,1201,1668,0.980,1.430,0.980,0,0,0,0,0,18,327,1,7,0
16-01 16:09:03,2.251,0.750,95.273,0,0.250,5216756,316708,189888,2279200,8832.148,1620.394,0,216.053,0,28.007,1424,1947,0.900,1.410,0.970,0,0,0,0,0,18,327,1,7,0
16-01 16:09:04,1.999,0.750,95.968,0.250,0.250,5216756,316708,189888,2279200,5181.287,1457.518,0,199.934,0,13.995,1360,2031,0.900,1.410,0.970,0,0,0,0,0,18,327,1,7,0
16-01 16:09:05,1.500,0.750,96.259,0.250,0,5216756,316708,189888,2279200,7814.731,1620.152,0,644.060,0,124.012,1375,1688,0.900,1.410,0.970,0,0,0,0,0,18,327,1,7,0
16-01 16:09:06,2.000,0.750,95.766,0.500,0.250,5216692,316744,189888,2279224,10851.806,1736.289,16.003,2944.490,1.000,39.006,1499,2126,0.900,1.410,0.970,0,0,0,0,0,18,327,1,7,0
16-01 16:09:07,2.250,1.000,96.267,0,0,5216784,316652,189888,2279224,9242.614,1620.283,0,260.045,0,4.001,1188,1702,0.900,1.410,0.970,0,0,0,0,0,18,327,1,7,0
16-01 16:09:08,2.000,0.500,95.996,0,0,5217284,316152,189888,2279224,9690.547,1619.924,0,31.999,0,3.000,1283,1741,0.830,1.380,0.970,0,0,1.000,0,0,18,327,1,7,0
16-01 16:09:09,1.250,1.000,96.735,0,0.500,5217280,316152,189888,2279228,10359.378,1619.746,0,3.999,0,1.000,1102,1593,0.830,1.380,0.970,0,0,0,0,0,18,327,1,7,0
16-01 16:09:10,2.500,0.750,95.512,0,0,5217244,316152,189888,2279264,10061.236,1620.199,0,52.006,0,6.001,1292,1708,0.830,1.380,0.970,0,0,0,0,0,18,327,1,7,0
16-01 16:09:11,1.750,1.000,96.231,0,0,5217244,316152,189888,2279264,7515.515,1445.714,0,87.983,0,10.998,1215,1679,0.830,1.380,0.970,0,0,0,0,0,18,327,1,7,0
16-01 16:09:12,1.500,0.750,96.221,0,0,5217244,316152,189888,2279264,5654.325,1295.616,0,0,0,0,1262,1854,0.830,1.380,0.970,0,0,0,0,0,18,327,1,7,0
16-01 16:09:13,5.753,1.751,91.305,0.250,0,5220264,313132,189888,2279264,136848.535,1570.947,0,128.077,0,9.005,1694,1918,0.760,1.360,0.960,0,0,4.002,0,0,18,327,1,7,0
16-01 16:09:14,12.495,4.998,81.965,0.250,0,5241772,291508,189892,2279376,426184.367,9092.082,127.945,295.873,6.997,17.992,2927,2664,0.760,1.360,0.960,1,0,34.985,0,0,18,327,1,7,0
16-01 16:09:15,16.067,6.025,76.569,0,0.753,5253764,275444,189892,2283448,146995.061,2950.305,16.067,172.720,1.004,15.063,2894,2580,0.760,1.360,0.960,1,0,33.138,0,0,18,327,1,7,0
