"pcp-dstat 5.3.6 CSV Output"
"Author:","PCP team <pcp@groups.io> and Dag Wieers <dag@wieers.com>",,,,"URL:","https://pcp.io/ and http://dag.wieers.com/home-made/dstat/"
"Host:","ubuntu",,,,"User:","ubuntu"
"Cmdline:","dstat -tcmndrylpg --tcp --output /tmp/devstack_logs/dstat-csv.log",,,,"Date:","24 Sep 2024 14:17:50 UTC"
"system","total usage",,,,,"memory usage",,,,"net/total",,"dsk/total",,"io/total",,"system",,"load avg",,,"procs",,,"paging",,"tcp sockets",,,,
"time","total usage:usr","total usage:sys","total usage:idl","total usage:wai","total usage:stl","used","free","buf","cach","net/total:recv","net/total:send","dsk/total:read","dsk/total:writ","read","writ","int","csw","1m","5m","15m","run","blk","new","in","out","lis","act","syn","tim","clo"
24-09 14:17:50,,1017144,1943276,165492,4689452,,,,,,,1.450,0.900,0.450,3,0,,,,9,4,0,17,2
24-09 14:17:51,39.239,23.743,36.240,0.500,0.500,1055776,1890208,165712,4703196,520584.113,18832.614,0,3638.959,0,124.964,4775,7665,1.660,0.960,0.470,4,0,636.818,0,0,9,5,0,17,2
24-09 14:17:52,38.493,26.995,31.494,1.250,0.250,1060300,1870824,165796,4717764,1301454.437,18355.678,11773.869,3463.373,132.976,173.969,6716,10714,1.660,0.960,0.470,4,0,462.916,0,0,9,4,0,17,2
24-09 14:17:53,46.510,18.504,34.258,0,0,1225964,1703204,165804,4844052,10829.415,2872.641,988.220,100.022,11.002,16.004,4747,7028,1.660,0.960,0.470,2,0,143.032,0,0,10,7,0,17,2
24-09 14:17:54,47.751,16.250,34.501,0.500,0,1179596,1722956,166648,4867428,1305223.157,17521.526,256.008,8152.245,4.000,123.004,3340,4008,1.660,0.960,0.470,4,0,224.007,0,0,10,6,0,17,2
24-09 14:17:55,64.130,9.233,24.953,1.497,0,1273632,1607084,167744,4885428,8745.576,2670.984,3.993,5729.240,0.998,187.648,2589,3109,1.660,0.960,0.470,2,0,48.908,0,0,10,7,0,20,2
24-09 14:17:56,50.581,5.258,41.566,2.754,0,1298488,1552556,168956,4910632,1355149.819,22924.588,0,8068.878,0,347.555,3815,5085,1.770,0.990,0.490,4,0,5.008,0,0,10,9,0,20,2
24-09 14:17:57,55.754,7.501,23.502,13.501,0,1260380,1597024,169620,4903788,8153.603,2340.173,0,33034.445,0,3011.223,14448,24446,1.770,0.990,0.490,2,1,56.004,0,0,10,6,0,20,0
24-09 14:17:58,45.660,9.980,35.929,7.485,0.250,1293732,1557040,169964,4910016,1794865.576,23777.872,0,33637.331,0,2567.910,20746,36869,1.770,0.990,0.490,3,0,32.935,0,0,10,6,0,20,0
24-09 14:17:59,47.008,9.752,41.257,0.500,0.250,1200288,1649080,169984,4911220,618699.510,6403.133,0,8089.432,0,256.045,10417,19813,1.770,0.990,0.490,2,0,88.016,0,0,10,4,0,20,0
24-09 14:18:00,46.503,4.250,48.753,0.500,0.250,1177800,1671440,170012,4911252,8973.556,1512.094,0,7504.465,0,424.026,2096,2817,1.770,0.990,0.490,2,0,10.001,0,0,10,4,0,20,0
24-09 14:18:01,35.252,7.000,56.753,0,0,1135508,1713696,170016,4911284,6662.353,1662.088,0,140.007,0,12.001,1500,1792,1.780,1.010,0.500,1,0,63.003,0,0,10,4,0,20,0
24-09 14:18:02,24.989,0.750,73.218,0.250,0,1146400,1702796,170020,4911288,5867.401,1619.283,0,903.600,0,144.936,1088,1156,1.780,1.010,0.500,1,0,0,0,0,10,4,0,20,0
24-09 14:18:03,9.266,17.781,71.123,0,0,1084968,1764196,170020,4911320,9317.165,1706.962,0,8.014,0,2.003,2676,3930,1.780,1.010,0.500,1,0,336.584,0,0,10,4,0,20,0
24-09 14:18:04,9.746,19.242,69.223,0.250,0,1084968,1764012,170020,4911484,7369.089,1619.360,0,7457.054,0,424.832,3254,4765,1.780,1.010,0.500,1,0,387.847,0,0,10,4,0,14,0
24-09 14:18:05,33.214,13.985,51.944,0,0.250,1151580,1697220,170020,4912036,5683.873,1618.256,0,0,0,0,4968,8135,1.780,1.010,0.500,2,0,193.791,0,0,10,5,0,14,0
24-09 14:18:06,46.242,3.499,49.492,0,0.250,1242800,1605744,170020,4912288,7047.830,1619.731,0,347.942,0,35.994,1125,1150,1.800,1.020,0.500,2,0,0,0,0,10,5,0,14,0
24-09 14:18:07,46.336,7.263,46.336,0,0,1271780,1574048,170060,4914784,11063.501,1460.707,0,1342.488,0,60.111,2894,7035,1.800,1.020,0.500,2,0,0,0,0,10,5,0,14,0
24-09 14:18:08,4.242,7.735,86.579,0.499,0.250,1279804,1565488,170068,4915272,9388.420,1616.800,0,1149.725,0,41.917,1703,2780,1.800,1.020,0.500,1,0,119.763,0,0,10,4,0,15,0
24-09 14:18:09,12.253,4.251,82.523,0,0,1315848,1529132,170068,4915400,7609.123,1620.452,0,20901.832,0,55.015,1346,1591,1.800,1.020,0.500,2,0,21.006,0,0,10,4,0,15,0
24-09 14:18:10,23.750,2.500,74.250,0,0,1366472,1478608,170068,4915400,6938,1620,0,0,0,0,900,1088,1.800,1.020,0.500,2,0,0,0,0,10,4,0,14,0
24-09 14:18:11,24.498,1.500,71.743,1.250,0,1384064,1460716,170112,4915644,7832.209,1619.836,0,3879.608,0,305.969,3130,5424,1.820,1.040,0.510,1,0,1.000,0,0,10,4,0,16,0
24-09 14:18:12,21.250,5.000,73.251,0,0.250,1318532,1526072,170112,4915820,6066.079,1620.021,0,3140.041,0,67.001,1343,1586,1.820,1.040,0.510,1,0,42.001,0,0,10,4,0,16,0
24-09 14:18:13,21.744,5.498,71.480,0.500,0.250,1294588,1549540,170116,4916120,6046.349,1619.558,231.937,1047.714,57.984,12.996,2120,3302,1.820,1.040,0.510,2,0,45.987,0,0,10,28,0,17,0
24-09 14:18:14,23.504,3.751,72.761,0,0,1353384,1490712,170116,4916132,5841.905,1458.226,0,31624.902,0,109.017,1420,1912,1.820,1.040,0.510,2,0,0,0,0,10,28,0,17,0
24-09 14:18:15,31.759,10.503,57.266,0,0.500,1381712,1462356,170116,4916160,7114.978,1620.450,0,352.098,0,60.017,1909,2479,1.820,1.040,0.510,2,0,156.043,0,0,10,28,0,17,0
24-09 14:18:16,45.088,6.262,47.844,0.501,0,1370496,1473408,170128,4916360,6092.924,1623.177,0,1639.208,0,20.039,3446,8085,1.830,1.060,0.520,2,0,21.041,0,0,10,28,0,17,0
24-09 14:18:17,68.483,21.745,9.248,0,0,1513092,1330748,170128,4916392,6242.427,1619.592,0,51.987,0,12.997,2408,4300,1.830,1.060,0.520,6,0,480.879,0,0,10,29,0,17,0
24-09 14:18:18,84.004,12.001,3.750,0,0,1572684,1270948,170140,4916588,5796.261,1714.077,0,320.014,0,30.001,4545,10606,1.830,1.060,0.520,6,0,90.004,0,0,10,28,0,17,0
24-09 14:18:19,53.773,13.005,32.764,0,0,1319048,1524392,170144,4916776,6604.774,1620.681,0,540.227,0,51.021,3637,7281,1.830,1.060,0.520,2,0,237.100,0,0,10,28,0,19,0
24-09 14:18:20,20.708,5.738,73.352,0,0,1377116,1466312,170144,4916804,6074.717,1616.731,0,2906.124,0,18.962,1416,2089,1.830,1.060,0.520,1,0,60.877,0,0,10,28,0,18,0
24-09 14:18:21,20.483,5.246,72.192,0,0,1353776,1489636,170148,4916816,7587.854,1510.776,0,963.220,0,23.981,1936,3369,1.770,1.060,0.520,1,0,67.945,0,0,10,28,0,18,0
24-09 14:18:22,22.788,3.506,72.872,0.751,0.501,1319088,1524304,170148,4916836,5777.712,1568.637,0,2556.297,0,42.071,1861,3433,1.770,1.060,0.520,2,0,30.051,0,0,10,28,0,17,0
24-09 14:18:23,8.488,21.471,68.157,0,0,1323628,1519752,170148,4916848,6136.599,1617.785,0,263.639,0,14.979,2604,3515,1.770,1.060,0.520,1,0,361.505,0,0,10,28,0,17,0
24-09 14:18:24,38.836,26.308,33.574,0,0.251,1441080,1402264,170148,4916880,6301.965,1623.598,0,276.613,0,23.051,2865,4738,1.770,1.060,0.520,5,0,610.353,0,0,10,28,0,17,0
24-09 14:18:25,85.997,8.750,5.250,0,0.250,1598020,1245168,170156,4917028,5690.812,1619.947,0,28819.049,0,154.995,3164,7081,1.770,1.060,0.520,4,0,36.999,0,0,10,31,0,17,0
24-09 14:18:26,80.796,10.006,7.504,0,0,1461948,1380968,170160,4917268,5178.957,1620.926,0,580.331,0,67.038,4917,13062,2.030,1.120,0.550,6,0,108.062,0,0,10,28,0,19,0
24-09 14:18:27,81.684,15.737,2.498,0,0,1581968,1260432,170160,4917784,6674.587,1618.687,0,243.802,0,14.988,4034,7231,2.030,1.120,0.550,5,0,201.836,0,0,10,31,0,19,0
24-09 14:18:28,81.765,11.752,5.501,0,0,1496840,1345488,170160,4917856,5658.030,1512.275,0,196.036,0,12.002,4811,10760,2.030,1.120,0.550,4,0,145.026,0,0,10,28,0,19,0
24-09 14:18:29,50.382,10.725,38.909,0,0.249,1368696,1473444,170160,4918036,7443.508,1616.202,0,355.165,0,30.927,4286,9979,2.030,1.120,0.550,2,0,188.557,0,0,10,28,0,22,0
24-09 14:18:30,42.869,8.273,48.385,0.251,0,1440052,1401988,170164,4918196,5498.285,1570.366,0,42947.394,0,114.318,3023,6697,2.030,1.120,0.550,3,0,0,0,0,10,30,0,24,0
24-09 14:18:31,49.736,17.245,32.741,0,0.250,1437812,1404168,170164,4918236,8288.621,1619.535,0,243.930,0,15.995,3278,5018,2.020,1.140,0.560,3,0,377.892,0,0,10,28,0,23,0
24-09 14:18:32,60.742,8.999,29.496,0,0.500,1385212,1456572,170168,4918428,5970.248,1619.796,0,395.950,0,41.995,5237,11047,2.020,1.140,0.560,3,0,51.993,0,0,10,28,0,27,0
24-09 14:18:33,82.791,15.257,2.001,0,0,1554648,1287112,170168,4918452,6343.114,1620.796,0,228.112,0,15.007,2200,3236,2.020,1.140,0.560,5,0,206.101,0,0,10,28,0,27,0
24-09 14:18:34,59.499,12.750,25.250,0,0,1344188,1497340,170180,4918672,5280.937,1619.981,0,3007.964,0,154.998,6588,15781,2.020,1.140,0.560,5,0,288.997,0,0,10,28,0,30,0
24-09 14:18:35,66.742,8.249,24.997,0,0,1504636,1336844,170180,4918720,5502.307,1511.810,0,479.940,0,14.998,2384,3342,2.020,1.140,0.560,4,0,34.996,0,0,10,30,0,30,0
24-09 14:18:36,56.504,16.001,26.502,0,0,1414476,1426724,170192,4918984,7403.496,1620.109,0,620.042,0,50.003,5201,10613,1.940,1.130,0.560,4,0,299.020,0,0,10,28,0,34,0
24-09 14:18:37,63.703,6.495,28.979,0.250,0,1500444,1340568,170196,4919168,5891.699,1564.858,0,379.723,0,23.982,3456,7675,1.940,1.130,0.560,11,0,0,0,0,10,29,0,33,1
24-09 14:18:38,62.266,14.754,23.006,0,0,1474296,1366680,170200,4919200,5672.492,1620.426,0,4221.110,0,101.027,2741,4593,1.940,1.130,0.560,3,0,289.076,0,0,10,28,0,37,0
24-09 14:18:39,63.237,9.748,26.995,0.250,0.500,1382648,1457752,170208,4919756,7933.421,1619.678,0,491.902,0,41.992,4001,9476,1.940,1.130,0.560,3,0,111.978,0,0,10,28,0,35,0
24-09 14:18:40,66.033,6.503,27.264,0,0.250,1502812,1337576,170220,4919916,6981.463,1620.804,0,5210.584,0,390.194,3099,5131,1.940,1.130,0.560,4,0,0,0,0,10,30,0,35,0
24-09 14:18:41,72.491,19.248,7.749,0,0,1489836,1350332,170224,4920132,7609.026,1661.787,0,495.937,0,39.995,3483,6518,1.950,1.150,0.570,6,0,424.946,0,0,10,28,0,38,0
24-09 14:18:42,82.251,15.750,1.750,0,0,1504248,1335732,170240,4920304,6229.106,1620.028,0,764.013,0,57.001,4483,9176,1.950,1.150,0.570,7,0,211.004,0,0,10,28,0,38,0
24-09 14:18:43,81.248,16.500,2.250,0,0,1571368,1268364,170240,4920536,5698.852,1511.961,0,383.990,0,22.999,3202,5544,1.950,1.150,0.570,8,0,277.993,0,0,10,29,0,38,0
24-09 14:18:44,83.301,14.009,2.251,0,0.250,1577216,1262440,170240,4920608,6991.293,1620.995,0,388.238,0,26.016,4707,9901,1.950,1.150,0.570,6,0,235.144,0,0,10,29,0,38,0
24-09 14:18:45,67.409,20.223,10.736,0,0.499,1453712,1385732,170240,4920816,7169.357,1563.897,0,727.022,0,16.977,4693,11540,1.950,1.150,0.570,3,0,489.342,0,0,10,30,0,38,0
24-09 14:18:46,26.704,25.456,47.417,0,0,1334340,1504872,170240,4921040,5026.254,1617.186,0,235.590,0,12.977,4593,8711,2.030,1.180,0.580,1,0,714.756,0,0,10,28,0,38,0
24-09 14:18:47,19.048,25.815,52.633,0,0.251,1364788,1474404,170248,4921052,5949.982,1624.089,0,260.656,0,19.048,3535,5712,2.030,1.180,0.580,7,0,722.820,0,0,10,28,0,35,0
24-09 14:18:48,78.918,17.732,4.246,0,0,1537928,1301196,170256,4921112,5437.361,1618.322,0,819.151,0,50.947,2938,6275,2.030,1.180,0.580,6,0,385.600,0,0,10,29,0,35,0
24-09 14:18:49,73.809,15.262,10.258,0,0,1420900,1417996,170288,4921304,6001.759,1621.286,0,604.479,0,65.052,5273,11534,2.030,1.180,0.580,6,0,268.213,0,0,10,28,0,37,0
24-09 14:18:50,76.755,11.501,11.251,0,0,1557848,1280832,170304,4921504,5795.377,1512.098,0,212.014,0,11.001,4174,9533,2.030,1.180,0.580,4,0,0,0,0,10,31,0,40,1
24-09 14:18:51,55.496,6.500,37.247,0,0.250,1504100,1334148,170316,4921912,7024.494,1619.883,0,335.976,0,32.998,7021,19654,2.190,1.230,0.600,4,0,29.998,0,0,10,30,0,51,0
24-09 14:18:52,82.517,13.503,3.251,0,0.500,1520008,1318184,170328,4921952,6459.356,1620.340,0,368.077,0,36.008,3486,6139,2.190,1.230,0.600,5,0,90.019,0,0,10,28,0,51,0
24-09 14:18:53,71.994,10.499,16.499,0,0.250,1520564,1317288,170328,4922280,6010.507,1565.872,0,139.989,0,7.999,7287,17624,2.190,1.230,0.600,5,0,70.994,0,0,10,30,0,58,0
24-09 14:18:54,79.254,15.251,5.250,0,0,1512108,1325696,170328,4922324,8897.418,1620.076,0,152.007,0,10.000,3323,6854,2.190,1.230,0.600,5,0,196.009,0,0,10,29,0,58,0
24-09 14:18:55,72.551,8.506,17.762,0,0,1455436,1382128,170336,4922548,7503.245,1621.133,0,264.185,0,21.015,5714,14430,2.190,1.230,0.600,5,0,48.034,0,0,10,28,0,56,0
24-09 14:18:56,85.112,11.448,3.484,0.249,0,1560100,1277384,170340,4922624,9364.289,1612.645,0,242.892,0,23.891,2331,3902,2.410,1.290,0.620,4,0,83.619,0,0,10,30,0,56,0
24-09 14:18:57,77.535,14.052,7.779,0,0.251,1449008,1388260,170360,4922816,6173.676,1517.574,0,393.445,0,34.125,3165,8368,2.410,1.290,0.620,4,0,247.911,0,0,10,28,0,56,0
24-09 14:18:58,79.464,10.213,9.715,0,0.249,1565004,1272088,170360,4922988,7490.036,1614.189,0,147.469,0,7.971,4333,10329,2.410,1.290,0.620,4,0,1.993,0,0,10,30,0,57,0
24-09 14:18:59,82.300,13.800,3.513,0,0.251,1507340,1329536,170360,4923200,10911.752,1625.923,0,6134.347,0,141.516,3248,6388,2.410,1.290,0.620,4,0,163.596,0,0,10,29,0,57,0
24-09 14:19:00,74.008,11.251,13.251,0.250,0,1408912,1427892,170372,4923256,6337.703,1620.180,0,616.068,0,64.007,6760,13316,2.410,1.290,0.620,6,0,138.015,0,0,10,28,0,58,0
24-09 14:19:01,64.235,11.997,22.995,0,0,1506548,1330068,170372,4923424,6565.451,1565.631,0,215.949,0,11.997,2345,3670,2.780,1.380,0.660,3,0,122.971,0,0,10,30,0,58,0
24-09 14:19:02,60.264,12.253,27.507,0,0,1423944,1412420,170372,4923652,6212.485,1620.387,0,296.071,0,21.005,3797,9097,2.780,1.380,0.660,4,0,181.043,0,0,10,28,0,60,0
24-09 14:19:03,62.746,11.249,25.749,0.250,0,1472708,1363448,170388,4923840,6193.647,1619.908,0,339.981,0,31.998,3745,8398,2.780,1.380,0.660,4,0,59.997,0,0,10,29,0,61,0
24-09 14:19:04,65.341,9.726,25.438,0,0.499,1496884,1339248,170388,4923848,5499.636,1592.131,0,279.321,0,22.944,2754,4386,2.780,1.380,0.660,5,0,71.825,0,0,10,28,0,61,1
24-09 14:19:05,62.904,9.774,26.816,0.251,0.251,1428612,1407380,170388,4923980,5390.228,1623.985,0,280.689,0,25.062,3604,8535,2.780,1.380,0.660,4,0,82.202,0,0,10,28,0,61,0
24-09 14:19:06,66.496,7.750,25.749,0,0.250,1448584,1387084,170404,4924288,6819.632,1619.913,0,403.978,0,38.998,3677,8754,2.800,1.410,0.670,4,0,37.998,0,0,10,29,0,63,0
24-09 14:19:07,64.987,8.998,25.245,0,0,1494200,1341444,170412,4924304,6782.616,1619.670,0,275.944,0,21.996,1978,2985,2.800,1.410,0.670,4,0,98.980,0,0,10,29,0,63,0
24-09 14:19:08,58.244,14.249,27.247,0,0,1380200,1455172,170428,4924516,5126.477,1619.835,0,395.960,0,32.997,4874,10449,2.800,1.410,0.670,5,0,233.976,0,0,10,28,0,65,0
24-09 14:19:09,62.018,13.754,23.757,0,0,1440912,1394384,170436,4924572,4975.438,1566.453,0,212.061,0,15.004,2521,4281,2.800,1.410,0.670,4,0,204.059,0,0,10,29,0,64,0
24-09 14:19:10,34.750,14.750,49.250,0,0,1352756,1482236,170436,4924868,6989.021,1620.005,0,324.001,0,25.000,3802,8323,2.800,1.410,0.670,3,0,396.001,0,0,10,28,0,64,0
24-09 14:19:11,22.502,3.750,73.505,0,0,1392988,1442000,170440,4924868,6155.443,1512.109,0,572.041,0,39.003,1419,2745,2.650,1.400,0.670,2,0,0,0,0,10,29,0,62,0
24-09 14:19:12,18.496,10.248,70.986,0.250,0.500,1333640,1501176,170456,4925024,5526.884,1619.673,0,671.864,0,55.989,3105,6335,2.650,1.400,0.670,3,0,137.972,0,0,10,28,0,62,0
24-09 14:19:13,16.460,19.702,61.101,0,0,1373304,1461280,170488,4925220,7122.656,1616.065,0,442.921,0,29.927,3209,4884,2.650,1.400,0.670,2,0,455.890,0,0,10,28,0,64,0
24-09 14:19:14,45.734,5.498,48.733,0,0,1499128,1334580,170600,4925936,5366.165,1619.446,0,575.803,0,13.995,1180,1359,2.650,1.400,0.670,2,0,1.999,0,0,10,28,0,63,0
24-09 14:19:15,37.888,6.775,44.914,10.789,0,1531148,1296036,171328,4931164,6057.115,1625.936,0,30928.921,0,2782.158,12463,22832,2.650,1.400,0.670,3,0,93.341,0,0,10,32,0,63,0
24-09 14:19:16,36.761,8.002,43.013,11.504,0.250,1494772,1329796,171856,4933140,5732.783,1620.504,0,35763.122,0,3216.000,16093,26670,2.520,1.400,0.670,3,0,52.016,0,0,10,32,0,63,0
24-09 14:19:17,47.085,4.484,46.836,1.246,0.249,1511572,1312988,171876,4933128,6016.923,1560.533,0,4815.133,0,270.054,1987,2566,2.520,1.400,0.670,2,0,6.976,0,0,10,28,0,63,0
24-09 14:19:18,42.859,6.266,50.629,1.504,0.251,1477852,1346252,172148,4933308,5517.030,1610.094,0,11946.380,0,1401.564,8581,14526,2.520,1.400,0.670,2,0,4.010,0,0,10,30,0,63,0
24-09 14:19:19,39.196,9.237,45.188,7.240,0,1453280,1370236,172396,4933636,5973.846,1617.792,0,9431.127,0,1476.984,10165,17977,2.520,1.400,0.670,2,0,81.888,0,0,10,28,0,63,0
24-09 14:19:20,22.778,3.755,72.590,0.250,0,1411300,1412160,172404,4933668,6515.085,1622.013,0,4954.148,0,226.281,1435,1774,2.520,1.400,0.670,1,0,19.024,0,0,10,28,0,61,0
24-09 14:19:21,23.443,2.244,72.572,0.499,0,1454632,1368816,172416,4933664,5613.236,1616.037,0,5602.263,0,269.340,1576,2341,2.400,1.390,0.670,1,0,1.995,0,0,10,28,0,61,0
24-09 14:19:22,24.501,2.000,72.753,0.250,0,1410232,1413188,172416,4933692,5621.242,1620.070,0,192.008,0,22.001,1082,1401,2.400,1.390,0.670,2,0,1.000,0,0,10,32,0,61,0
24-09 14:19:23,23.235,2.249,73.703,0,0,1455592,1367828,172416,4933692,5906.250,1618.972,0,0,0,0,944,1162,2.400,1.390,0.670,2,0,1.999,0,0,10,32,0,61,0
24-09 14:19:24,22.506,2.501,73.770,0,0,1409936,1413460,172416,4933716,5788.557,1620.436,0,0,0,0,943,1103,2.400,1.390,0.670,2,0,1.000,0,0,10,32,0,61,0
24-09 14:19:25,22.506,3.001,73.521,0,0.500,1455296,1368100,172416,4933716,8459.386,1458.411,0,0,0,0,981,1129,2.400,1.390,0.670,2,0,2.001,0,0,10,32,0,61,0
24-09 14:19:26,23.753,2.500,73.510,0,0,1414716,1408664,172420,4933728,5839.783,1620.217,0,92.012,0,5.001,978,1234,2.290,1.380,0.680,2,0,1.000,0,0,10,32,0,59,0
24-09 14:19:27,22.749,3.500,72.245,0.500,0,1454276,1369100,172440,4933708,5798.635,1619.898,0,6047.619,0,283.982,1574,2859,2.290,1.380,0.680,1,0,2.000,0,0,10,32,0,59,0
24-09 14:19:28,23.251,3.000,72.753,0,0,1405756,1417504,172444,4933780,7357.302,1620.066,0,464.019,0,31.001,1225,1657,2.290,1.380,0.680,2,0,3.000,0,0,10,32,0,59,0
24-09 14:19:29,27.251,4.000,67.502,0,0,1457436,1365836,172444,4933780,6277.157,1620.041,0,36.001,0,4.000,1709,3660,2.290,1.380,0.680,1,0,36.001,0,0,10,32,0,60,0
24-09 14:19:30,22.249,3.250,73.496,0,0.250,1410072,1413044,172452,4933892,5776.659,1619.904,0,539.968,0,1.000,903,1087,2.290,1.380,0.680,2,0,1.000,0,0,10,32,0,57,0
24-09 14:19:31,22.999,2.500,73.998,0,0,1422212,1400892,172452,4933904,9415.736,1457.959,0,0,0,0,949,1126,2.180,1.380,0.680,2,0,1.000,0,0,10,32,0,57,0
24-09 14:19:32,23.250,2.500,73.500,0,0,1459788,1363316,172452,4933904,5738.977,1619.994,0,24.000,0,4.000,950,1104,2.180,1.380,0.680,2,0,2.000,0,0,10,32,0,54,0
24-09 14:19:33,23.502,2.000,74.255,0,0,1354744,1468308,172456,4933936,5994.396,1620.107,0,0,0,0,899,1119,2.180,1.380,0.680,2,0,2.000,0,0,10,32,0,54,0
24-09 14:19:34,23.248,2.250,73.742,0,0.250,1430516,1392516,172456,4933956,5281.435,1619.827,0,0,0,0,936,1094,2.180,1.380,0.680,2,0,0,0,0,10,32,0,48,0
24-09 14:19:35,24.005,2.000,73.514,0,0.250,1354432,1468600,172456,4933956,6853.295,1620.306,0,112.021,0,2.000,898,1121,2.180,1.380,0.680,2,0,4.001,0,0,10,32,0,48,0
24-09 14:19:36,10.268,19.534,69.870,0,0.250,1357292,1465560,172468,4934104,7713.275,1622.793,0,552.952,0,6.010,2752,4129,2.090,1.370,0.680,1,0,373.643,0,0,10,32,0,44,0
24-09 14:19:37,9.482,18.216,70.119,0,0,1357812,1465012,172472,4934120,7639.714,1616.976,0,562.947,0,8.983,3003,4615,2.090,1.370,0.680,2,0,423.209,0,0,10,32,0,44,0
24-09 14:19:38,9.271,20.295,69.907,0.251,0.251,1358648,1464032,172480,4934236,6840.315,1515.393,0,673.508,0,34.076,3833,6448,2.090,1.370,0.680,1,0,579.297,0,0,10,32,0,40,0
24-09 14:19:39,22.206,3.493,73.605,0,0,1429648,1392988,172484,4934252,6711.738,1562.912,0,55.890,0,3.992,1012,1159,2.090,1.370,0.680,1,0,1.996,0,0,10,32,0,40,0
24-09 14:19:40,22.495,2.499,74.232,0,0.250,1353812,1468820,172484,4934256,9607.713,1619.615,0,15.996,0,1.000,978,1031,2.090,1.370,0.680,1,0,1.000,0,0,10,32,0,39,0
24-09 14:19:41,22.753,3.000,73.258,0,0,1433028,1389480,172484,4934380,6137.681,1662.185,0,1880.209,0,211.023,1346,1165,2.080,1.380,0.690,1,0,2.000,0,0,10,32,0,39,0
24-09 14:19:42,23.049,2.756,73.907,0,0,1354412,1468076,172484,4934400,6541.875,1623.443,0,20.043,0,1.002,986,1103,2.080,1.380,0.690,1,0,1.002,0,0,10,32,0,36,0
24-09 14:19:43,20.251,5.000,73.753,0,0,1430532,1391972,172484,4934384,5523.199,1620.058,0,0,0,0,968,1196,2.080,1.380,0.690,1,0,2.000,0,0,10,32,0,36,0
24-09 14:19:44,22.950,2.993,74.089,0,0,1362484,1460004,172484,4934400,5428.210,1616.489,0,19.957,0,1.996,921,1133,2.080,1.380,0.690,1,0,0.998,0,0,10,32,0,36,0
24-09 14:19:45,22.750,2.750,73.501,0,0.250,1434820,1387680,172488,4934388,5421.076,1512.021,0,52.001,0,4.000,1017,1233,2.080,1.380,0.690,1,0,2.000,0,0,10,32,0,36,0
24-09 14:19:46,23.298,2.505,74.152,0,0,1364004,1458484,172488,4934400,5296.859,1569.217,0,12.025,0,1.002,925,1095,1.990,1.380,0.690,1,0,1.002,0,0,10,32,0,36,0
24-09 14:19:47,22.451,3.243,73.339,0,0.249,1434264,1388236,172488,4934384,6309.120,1616.444,0,1979.645,0,5.987,982,1185,1.990,1.380,0.690,1,0,1.996,0,0,10,32,0,36,0
24-09 14:19:48,23.252,2.000,73.756,0,0.250,1362892,1459592,172492,4934404,7410.571,1620.125,0,472.036,0,32.002,1214,1702,1.990,1.380,0.690,1,0,3.000,0,0,10,32,0,36,0
24-09 14:19:49,22.999,3.000,72.746,0.500,0.250,1437208,1385280,172496,4934392,8721.468,1619.901,0,759.954,0,133.992,1208,1362,1.990,1.380,0.690,1,0,4.000,0,0,10,32,0,36,0
24-09 14:19:50,23.751,1.750,74.003,0,0,1367644,1454824,172496,4934408,5774.260,1620.073,0,44.002,0,6.000,917,1051,1.990,1.380,0.690,1,0,1.000,0,0,10,32,0,32,0
24-09 14:19:51,22.001,4.250,73.504,0,0.250,1436208,1386284,172496,4934384,9206.534,1620.094,0,108.006,0,21.001,990,1121,1.910,1.370,0.690,1,0,2.000,0,0,10,32,0,32,0
24-09 14:19:52,23.001,3.250,74.003,0,0,1369916,1452552,172496,4934408,5595.246,1512.067,0,68.003,0,2.000,931,1091,1.910,1.370,0.690,1,0,1.000,0,0,10,32,0,20,0
24-09 14:19:53,23.246,2.250,73.738,0,0,1434268,1388292,172496,4934316,8919.510,1565.739,0,0,0,0,992,1259,1.910,1.370,0.690,2,0,0,0,0,10,32,0,20,0
24-09 14:19:54,23.254,2.000,74.012,0,0,1356056,1466412,172496,4934408,9978.607,1620.261,0,92.015,0,1.000,959,1028,1.910,1.370,0.690,1,0,3.000,0,0,10,32,0,20,0
24-09 14:19:55,22.749,3.750,73.746,0,0,1369300,1453168,172496,4934408,6082.659,1619.909,0,83.995,0,3.000,930,1076,1.910,1.370,0.690,1,0,1.000,0,0,10,32,0,13,0
24-09 14:19:56,22.255,2.501,73.766,0,0.250,1441140,1381348,172496,4934388,6061.321,1620.353,0,4.001,0,1.000,884,1058,1.840,1.360,0.690,1,0,2.000,0,0,10,32,0,13,0
24-09 14:19:57,23.001,2.250,74.004,0,0,1368552,1453916,172496,4934408,5753.322,1620.091,0,20.001,0,1.000,924,1100,1.840,1.360,0.690,1,0,1.000,0,0,10,32,0,12,0
24-09 14:19:58,24.746,2.000,72.987,0.250,0,1372948,1449520,172496,4934408,5619.034,1619.721,0,387.933,0,31.994,1148,1646,1.840,1.360,0.690,1,0,2.999,0,0,10,32,0,12,0
24-09 14:19:59,23.243,2.749,73.479,0,0,1446784,1375688,172496,4934404,7433.919,1511.577,0,35.990,0,3.999,997,1191,1.840,1.360,0.690,2,0,1.999,0,0,10,32,0,11,0
24-09 14:20:00,18.773,7.509,72.589,0,0.250,1353540,1468920,172496,4934416,9651.862,1621.993,0,36.044,0,3.004,1436,1814,1.840,1.360,0.690,2,0,99.122,0,0,10,32,0,11,0
24-09 14:20:01,14.237,15.236,70.187,0,0.250,1377024,1445404,172500,4934444,8325.474,1564.586,0,79.928,0,6.994,2313,3453,1.930,1.390,0.710,1,0,292.735,0,0,10,32,0,10,0
24-09 14:20:02,22.504,2.750,74.263,0,0,1441276,1380920,172504,4934640,6119.101,1620.292,0,36.006,0,2.000,839,1159,1.930,1.390,0.710,1,0,0,0,0,10,32,0,10,0
24-09 14:20:03,22.998,3.000,73.743,0,0,1411148,1410996,172504,4934692,6263.405,1619.846,0,0,0,0,931,1198,1.930,1.390,0.710,1,0,8.999,0,0,10,32,0,8,0
24-09 14:20:04,20.294,8.017,71.654,0,0,1354252,1467892,172504,4934692,7068.218,1623.495,0,0,0,0,1445,2110,1.930,1.390,0.710,1,0,141.304,0,0,10,32,0,8,0
24-09 14:20:05,8.240,20.726,70.668,0,0.499,1352464,1469584,172504,4934788,6066.000,1618.133,0,263.696,0,6.992,2730,3958,1.930,1.390,0.710,1,0,360.584,0,0,10,32,0,7,0
24-09 14:20:06,10.758,20.766,68.552,0,0,1353636,1468384,172504,4934816,5913.477,1597.209,0,260.197,0,6.005,3467,5738,1.860,1.380,0.710,1,0,576.436,0,0,10,32,0,7,0
24-09 14:20:07,7.996,21.240,68.716,0,0,1351160,1470824,172504,4934848,7918.096,1619.202,0,759.626,0,11.994,2641,3838,1.860,1.380,0.710,1,0,352.826,0,0,10,32,0,5,0
24-09 14:20:08,9.508,20.517,68.808,0,0.250,1355220,1466612,172504,4934996,5648.762,1621.367,0,832.702,0,10.008,2609,3842,1.860,1.380,0.710,1,0,358.302,0,0,10,32,0,5,0
24-09 14:20:09,8.498,20.996,69.235,0,0,1357504,1464308,172504,4935016,6464.629,1565.668,0,827.825,0,8.998,2575,3652,1.860,1.380,0.710,2,0,337.928,0,0,10,32,0,3,0
24-09 14:20:10,9.999,20.747,69.240,0,0,1355584,1466216,172504,4935028,6113.144,1619.773,0,935.869,0,10.998,2535,3647,1.860,1.380,0.710,1,0,331.954,0,0,10,32,0,3,0
24-09 14:20:11,9.250,19.250,70.750,0,0.250,1356116,1465664,172504,4935048,7979.040,1620.008,0,188.001,0,5.000,2567,3819,1.790,1.380,0.710,2,0,336.002,0,0,10,32,0,3,0
24-09 14:20:12,8.753,20.508,70.277,0,0.250,1356412,1465332,172504,4935084,7112.760,1620.629,0,128.050,0,7.003,2601,3831,1.790,1.380,0.710,1,0,339.132,0,0,10,32,0,3,0
24-09 14:20:13,11.253,22.005,64.515,0.250,0,1358264,1463436,172512,4935120,8194.967,1512.363,0,480.115,0,23.006,3053,4635,1.790,1.380,0.710,2,0,428.103,0,0,10,32,0,5,0
24-09 14:20:14,42.731,24.989,31.236,0,0,1484648,1336996,172552,4935132,6824.032,1619.296,0,951.586,0,55.976,3297,5909,1.790,1.380,0.710,3,0,569.752,0,0,10,32,0,9,0
24-09 14:20:15,63.449,7.994,26.229,1.499,0.250,1633844,1183012,172872,4939040,8653.086,1618.707,399.681,8265.396,3.997,610.512,4230,6961,1.790,1.380,0.710,1,2,32.974,0,0,10,36,0,7,0
24-09 14:20:16,35.540,10.011,37.042,16.519,0,1593328,1212852,173392,4948592,6157.903,1567.757,0,68608.911,0,5281.921,22696,38788,1.890,1.400,0.720,3,1,147.165,0,0,10,36,0,9,0
24-09 14:20:17,39.238,8.997,31.240,18.744,0.250,1645712,1149852,174064,4958076,6778.871,1619.491,0,70929.728,0,5261.348,21648,36874,1.890,1.400,0.720,3,0,83.974,0,0,10,36,0,9,0
24-09 14:20:18,42.006,10.001,31.755,16.252,0,1619236,1168140,174508,4965548,7390.064,1714.247,0,68625.882,0,5195.748,23391,38925,1.890,1.400,0.720,3,1,108.016,0,0,10,36,0,10,0
24-09 14:20:19,47.761,9.752,34.508,8.752,0,1564728,1214416,174824,4973156,6793.522,1620.363,0,39504.849,0,3186.714,16308,27873,1.890,1.400,0.720,5,0,99.022,0,0,10,35,0,11,0
24-09 14:20:20,39.985,21.742,25.990,10.496,0,1521292,1252008,175064,4978380,6063.744,1511.438,363.865,45706.997,5.998,3254.789,19452,34700,1.890,1.400,0.720,3,1,286.893,0,0,10,34,0,11,0
24-09 14:20:21,40.763,16.005,30.010,11.504,0,1562452,1205988,175208,4982904,13273.354,1620.532,1616.530,37541.314,24.008,3000.984,15181,27254,2.300,1.500,0.760,4,1,191.063,0,0,10,34,0,11,0
24-09 14:20:22,32.953,9.986,45.185,10.485,0,1500356,1264632,175320,4986140,6261.989,1617.672,0,33020.484,0,3049.612,17031,29040,2.300,1.500,0.760,2,1,94.863,0,0,10,34,0,12,0
24-09 14:20:23,37.925,7.735,43.663,9.980,0,1549088,1216308,175520,4985460,7450.189,1616.786,0,35138.145,0,3135.766,15470,26314,2.300,1.500,0.760,1,1,11.976,0,0,10,34,0,12,0
24-09 14:20:24,37.875,7.776,41.888,13.545,0.502,1547596,1215552,175728,4987456,5463.982,1571.171,0,38719.426,0,3465.405,19746,34550,2.300,1.500,0.760,1,1,39.129,0,0,10,34,0,17,0
24-09 14:20:25,35.185,7.486,41.173,13.475,0.250,1543952,1218608,175824,4987892,6471.956,1616.991,0,32279.927,0,3163.113,14642,25852,2.300,1.500,0.760,2,0,35.933,0,0,10,34,0,17,0
24-09 14:20:26,36.796,8.761,41.051,10.012,0,1479720,1280928,175936,4989668,5843.234,1622.008,0,27954.608,0,2624.249,15310,27636,2.350,1.520,0.770,3,0,66.082,0,0,10,36,0,19,0
24-09 14:20:27,38.272,9.255,43.525,10.006,0,1535980,1221820,176028,4992356,6001.409,1512.859,0,41635.649,0,3528.004,13708,26055,2.350,1.520,0.770,4,1,61.035,0,0,10,37,0,19,0
24-09 14:20:28,34.500,9.500,43.000,12.750,0.250,1506412,1247932,176124,4995632,5777.029,1620.008,0,34484.172,0,3074.015,14673,27653,2.350,1.520,0.770,3,0,69.000,0,0,10,36,0,21,0
24-09 14:20:29,37.994,9.748,37.494,13.748,0,1482740,1268812,176224,4998136,5545.085,1619.733,0,41965.076,0,3593.407,16912,32150,2.350,1.520,0.770,3,0,150.975,0,0,10,36,0,21,0
24-09 14:20:30,37.664,8.730,37.414,14.217,0,1537536,1209864,176316,5002176,7211.471,1616.295,0,50432.409,0,4172.437,17201,29588,2.350,1.520,0.770,8,1,56.870,0,0,10,36,0,21,0
24-09 14:20:31,37.092,9.273,40.350,14.035,0,1524652,1221856,176476,5002816,5848.522,1624.032,0,33515.218,0,3158.843,15890,28451,2.410,1.550,0.780,1,2,58.144,0,0,10,36,0,22,0
24-09 14:20:32,39.503,6.751,39.253,14.751,0,1552000,1198672,176548,4998616,11302.893,1566.124,0,51524.070,0,4113.325,19511,34137,2.410,1.550,0.780,2,0,9.001,0,0,10,36,0,22,0
24-09 14:20:33,19.949,8.977,66.580,2.992,0,1391688,1358948,176556,4998644,6944.264,1615.873,0,11817.817,0,943.590,5439,8559,2.410,1.550,0.780,2,0,142.636,0,0,10,32,0,23,0
24-09 14:20:34,9.768,21.540,67.625,0.250,0.250,1391348,1359216,176556,4998716,6933.786,1514.793,0,1402.586,0,85.157,2833,3825,2.410,1.550,0.780,1,0,338.624,0,0,10,32,0,23,0
24-09 14:20:35,9.240,23.974,64.680,0.999,0.250,1389120,1361324,176556,4998836,5045.551,1618.252,0,5442.123,0,322.652,3522,5125,2.410,1.550,0.780,3,0,375.594,0,0,10,34,0,25,0
24-09 14:20:36,59.336,13.269,26.789,0.250,0.501,1554456,1195652,176580,4999148,5971.671,1622.356,0,825.198,0,60.087,2358,3169,2.450,1.570,0.790,3,0,164.238,0,0,10,32,0,30,0
24-09 14:20:37,65.740,9.748,24.246,0,0,1717952,1029732,176708,5001312,7079.874,1619.742,0,1875.702,0,80.987,1561,1681,2.450,1.570,0.790,3,0,0,0,0,10,32,0,30,0
24-09 14:20:38,44.255,8.751,36.754,11.501,0,1779072,959484,176856,5009724,5766.640,1620.180,0,47333.254,0,3306.367,16149,25923,2.450,1.570,0.790,1,1,107.012,0,0,10,38,0,30,0
24-09 14:20:39,25.510,6.002,46.019,20.758,0,1783740,944628,176984,5019532,7096.867,1620.655,0,69392.034,0,5408.185,24204,41237,2.450,1.570,0.790,6,0,192.078,0,0,10,38,0,30,0
24-09 14:20:40,34.746,6.249,40.746,18.498,0,1781532,937588,177056,5028360,8667.055,1565.829,0,72844.060,0,5683.381,21017,40937,2.450,1.570,0.790,2,1,143.984,0,0,10,38,0,30,0
24-09 14:20:41,42.004,9.501,31.753,18.252,0,1686368,1024776,177172,5035944,7023.674,1554.149,0,68866.611,0,5319.511,22445,36647,2.580,1.610,0.810,6,1,213.020,0,0,10,36,0,30,0
24-09 14:20:42,42.496,8.999,35.247,13.999,0.250,1745924,956256,177276,5044576,6617.398,1619.853,0,64574.124,0,4879.556,20912,35294,2.580,1.610,0.810,5,1,120.989,0,0,10,36,0,30,0
24-09 14:20:43,45.495,6.499,33.746,12.999,0,1660316,1033580,177324,5052436,5701.361,1619.819,0,68776.297,0,4603.484,17687,29925,2.580,1.610,0.810,5,0,4.000,0,0,10,36,0,30,0
24-09 14:20:44,21.234,7.994,49.962,20.235,0,1660632,1023344,177348,5061944,5498.821,1618.770,0,66517.447,0,5370.918,23805,39344,2.580,1.610,0.810,3,1,88.932,0,0,10,36,0,30,0
24-09 14:20:45,33.774,9.006,46.783,8.256,0.250,1400316,1280804,177364,5064712,6830.816,1621.143,0,21835.394,0,1767.246,10093,16217,2.580,1.610,0.810,1,0,190.134,0,0,10,32,0,30,0
24-09 14:20:46,21.705,6.486,71.102,0.748,0.249,1452916,1228164,177368,5064732,5006.561,1616.629,0,10422.270,0,648.648,3517,4782,2.450,1.600,0.810,1,0,83.825,0,0,10,32,0,30,0
24-09 14:20:47,21.453,3.991,73.588,0,0,1515908,1165164,177368,5064736,5748.325,1454.792,0,526.838,0,32.927,1052,1342,2.450,1.600,0.810,1,0,0,0,0,10,32,0,30,0
24-09 14:20:48,22.555,4.762,71.175,0.752,0,1417780,1263268,177368,5064744,5378.220,1623.992,0,9074.305,0,390.961,2500,3449,2.450,1.600,0.810,1,0,29.071,0,0,10,32,0,30,0
24-09 14:20:49,21.494,4.249,73.479,0.250,0.250,1475988,1205056,177368,5064744,6230.187,1619.529,0,295.914,0,11.997,1028,1246,2.450,1.600,0.810,1,0,1.000,0,0,10,32,0,30,0
24-09 14:20:50,23.286,2.504,73.364,0,0,1396024,1285004,177368,5064760,5975.298,1622.525,0,196.305,0,34.053,1276,1734,2.450,1.600,0.810,1,0,5.008,0,0,10,32,0,30,0
24-09 14:20:51,15.013,34.280,48.793,0.500,0,1408792,1272192,177376,5064796,8124.190,1621.435,0,7282.445,0,422.374,6238,9985,2.330,1.590,0.810,2,0,1149.017,0,0,10,32,0,30,0
24-09 14:20:52,8.242,22.228,68.183,0.250,0.250,1412868,1268068,177380,5064840,6261.857,1618.412,0,3084.974,0,168.834,3809,5769,2.330,1.590,0.810,1,0,593.418,0,0,10,32,0,30,0
24-09 14:20:53,8.241,19.230,70.676,0.250,0.250,1407064,1273776,177380,5064916,6117.558,1618.296,0,663.302,0,33.964,2875,4158,2.330,1.590,0.810,2,0,332.650,0,0,10,32,0,30,0
24-09 14:20:54,11.020,19.535,69.374,0,0,1408024,1272760,177380,5064948,7491.387,1460.610,0,228.408,0,20.036,2851,4313,2.330,1.590,0.810,2,0,359.643,0,0,10,32,0,30,0
24-09 14:20:55,24.255,16.253,57.761,0,0,1445520,1235156,177388,5065308,7556.504,1620.322,0,28.006,0,3.001,4995,9796,2.330,1.590,0.810,4,0,230.046,0,0,10,32,0,30,0
24-09 14:20:56,43.487,6.998,48.485,0,0,1557240,1123332,177388,5065524,5959.206,1619.513,0,35.989,0,2.999,1122,1256,2.310,1.600,0.820,3,0,19.994,0,0,10,33,0,30,0
24-09 14:20:57,49.480,4.748,45.482,0.250,0,1620572,1056356,177400,5069020,6525.390,1619.352,0,499.800,0,22.991,4087,12490,2.310,1.600,0.820,2,0,4.998,0,0,10,49,0,30,0
24-09 14:20:58,33.266,10.255,55.027,0,0,1668476,1007008,177456,5070124,7355.604,1620.794,4.002,1080.529,1.000,153.075,2087,2845,2.310,1.600,0.820,1,0,116.057,0,0,10,48,0,30,0
24-09 14:20:59,14.962,8.977,75.311,0,0.499,1689256,986164,177456,5070148,6444.836,1710.710,0,247.380,0,6.982,1816,2502,2.310,1.600,0.820,0,0,144.637,0,0,10,48,0,30,0
24-09 14:21:00,0.750,0,97.726,0.500,0.500,1689240,986164,177456,5070164,23290.364,2392.421,0,779.811,0,20.995,874,1374,2.310,1.600,0.820,0,0,0,0,0,10,49,0,30,0
24-09 14:21:01,1.500,0.250,97.523,0.250,0,1689428,985912,177456,5070224,105184.298,4224.976,0,576.133,0,29.007,863,1206,2.120,1.570,0.820,0,0,0,0,0,10,49,0,30,0
24-09 14:21:02,2.500,0.500,95.995,0.250,0,1703388,971856,177456,5070320,70075.356,3071.840,0,4659.758,0,252.987,1013,1109,2.120,1.570,0.820,1,0,0,0,0,10,48,0,31,0
24-09 14:21:03,16.548,8.892,70.145,1.976,0,1694504,979044,177552,5071656,6755.655,1600.492,3.952,5066.248,0.988,334.918,3035,3806,2.120,1.570,0.820,2,1,67.181,0,0,10,48,0,31,0
24-09 14:21:04,14.973,11.167,73.598,1.269,0,1718412,903780,177552,5121012,6713.133,1687.166,0,4186.445,0,103.544,1949,2592,2.120,1.570,0.820,1,0,40.606,0,0,10,48,0,31,0
24-09 14:21:05,19.952,4.988,74.072,0,0.249,1734620,887388,177552,5121188,5703.306,1699.918,0,0,0,0,1202,1324,2.120,1.570,0.820,2,0,30.926,0,0,10,48,0,31,0
24-09 14:21:06,21.537,4.508,73.626,0,0,1743856,878344,177552,5121016,7596.960,1664.840,0,0,0,0,1173,1368,2.030,1.560,0.820,2,0,25.043,0,0,10,48,0,31,0
24-09 14:21:07,15.733,9.739,73.169,0.250,0,1673896,998272,177704,5071660,6186.121,1456.381,159.822,19.978,9.989,2.997,1724,2307,2.030,1.560,0.820,2,0,117.869,0,0,10,48,0,31,0
24-09 14:21:08,14.516,18.270,66.071,0,0,1677968,993976,177704,5071812,5657.093,1621.747,0,2518.713,0,13.014,4486,8825,2.030,1.560,0.820,2,0,243.262,0,0,10,48,0,31,0
24-09 14:21:09,0.998,1.247,96.549,0,0.249,1677000,994900,177704,5071812,7656.045,1616.631,0,391.185,0,1.996,881,1441,2.030,1.560,0.820,0,0,26.944,0,0,10,48,0,31,0
24-09 14:21:10,1.000,0.750,97.748,0,0.250,1677000,994900,177704,5071812,6099.884,1619.969,0,87.998,0,11.000,860,1333,2.030,1.560,0.820,0,0,3.000,0,0,10,48,0,31,0
24-09 14:21:11,0.500,0.500,97.473,0.250,0.250,1677000,994900,177704,5071812,7645.905,1619.556,0,431.882,0,31.991,827,1119,1.870,1.540,0.810,0,0,2.999,0,0,10,48,0,31,0
24-09 14:21:12,0.250,0,98.270,0,0.250,1677252,994648,177704,5071812,6307.299,1620.334,0,0,0,0,641,936,1.870,1.540,0.810,0,0,1.000,0,0,10,48,0,31,0
24-09 14:21:13,11.284,12.036,76.227,0,0,1619224,1052624,177704,5071844,6108.178,1624.836,0,0,0,0,3247,5699,1.870,1.540,0.810,2,0,180.537,0,0,10,48,0,31,0
24-09 14:21:14,12.992,16.490,69.708,0,0,1668064,1003740,177704,5071844,6435.132,1457.124,0,7.995,0,1.999,3289,5271,1.870,1.540,0.810,1,0,262.842,0,0,10,48,0,25,0
24-09 14:21:15,15.754,19.005,63.766,0,0,1681476,989868,177704,5072356,7058.821,2050.529,0,0,0,0,4663,8202,1.870,1.540,0.810,1,0,273.070,0,0,11,48,0,25,0
24-09 14:21:16,7.730,8.728,82.538,0,0,1678340,993004,177704,5072160,5423.052,1615.844,0,231.405,0,11.969,2232,3363,1.800,1.530,0.810,1,0,147.620,0,0,11,48,0,23,0
24-09 14:21:17,11.028,14.787,72.934,0,0.251,1681856,989448,177704,5072528,5806.639,1624.094,0,28.071,0,2.005,4450,7430,1.800,1.530,0.810,1,0,213.538,0,0,13,50,0,23,0
24-09 14:21:18,11.725,14.469,72.845,0,0.249,1678840,992420,177704,5072196,5046.246,1616.555,0,71.847,0,8.981,2828,4508,1.800,1.530,0.810,2,0,285.392,0,0,13,50,0,23,0
24-09 14:21:19,9.770,20.793,68.641,0.251,0.251,1674212,997032,177704,5072232,7175.696,1717.517,0,1378.824,0,182.374,2999,4416,1.800,1.530,0.810,1,0,350.718,0,0,13,50,0,23,0
24-09 14:21:20,25.006,14.503,58.764,0,0.250,1697696,973540,177708,5072244,4579.072,1458.341,0,332.078,0,19.004,4765,9405,1.800,1.530,0.810,2,0,304.071,0,0,13,50,0,23,0
24-09 14:21:21,35.667,15.714,47.640,0.249,0,1776444,894540,177724,5072488,6693.478,1616.252,0,502.834,0,29.931,5375,11055,1.820,1.530,0.820,2,0,207.519,0,0,13,50,0,22,0
24-09 14:21:22,25.246,5.749,68.989,0,0,1849564,820008,177808,5073720,7169.838,1619.738,31.995,147.976,2.000,2.000,1499,4150,1.820,1.530,0.820,2,0,9.998,0,0,13,58,0,26,0
24-09 14:21:23,22.504,4.001,72.512,0,0,1898760,770632,177812,5073896,7368.253,1620.275,0,0,0,0,1157,1376,1.820,1.530,0.820,2,0,6.001,0,0,13,58,0,25,0
24-09 14:21:24,4.499,2.249,92.221,0,0,1910956,758032,177812,5074288,5272.344,1619.491,0,31.990,0,1.999,1423,3322,1.820,1.530,0.820,1,0,2.999,0,0,13,58,0,25,0
24-09 14:21:25,1.500,1.000,96.278,0,0.250,1911944,757044,177812,5074284,6061.764,1710.498,0,1000.291,0,2.001,751,1128,1.820,1.530,0.820,1,0,8.002,0,0,13,58,0,20,0
24-09 14:21:26,14.501,15.251,69.005,0,0,1910076,758856,177812,5074648,5661.385,1620.110,0,560.038,0,10.001,4174,10136,1.910,1.560,0.830,1,0,211.014,0,0,13,56,0,20,0
24-09 14:21:27,14.025,15.778,68.624,0,0.250,1911944,756900,177812,5074328,6595.912,1460.638,0,4.007,0,1.002,4287,7597,1.910,1.560,0.830,1,0,252.456,0,0,13,56,0,18,0
24-09 14:21:28,20.965,15.474,62.644,0,0,1917788,750848,177812,5074572,6002.867,1617.270,0,39.933,0,7.987,5216,12902,1.910,1.560,0.830,4,0,199.663,0,0,11,48,0,18,0
24-09 14:21:29,23.056,15.538,59.896,0,0.251,1926032,742560,177812,5075640,7567.472,1623.964,0,8.020,0,2.005,4990,10383,1.910,1.560,0.830,4,0,337.825,0,0,13,56,0,16,0
24-09 14:21:30,31.247,18.498,49.746,0,0,1725420,943100,177812,5074612,6466.450,1661.859,0,275.977,0,3.000,3191,6323,1.910,1.560,0.830,3,0,375.968,0,0,13,50,0,20,0
24-09 14:21:31,32.753,21.502,45.504,0,0,1786592,881560,177812,5075008,6527.640,1620.159,0,420.041,0,11.001,3517,6829,1.920,1.570,0.840,3,0,524.051,0,0,13,50,0,18,0
24-09 14:21:32,42.996,21.498,35.247,0,0.250,1874780,793048,177812,5075340,7884.251,1619.846,0,15.998,0,4.000,5043,8134,1.920,1.570,0.840,3,0,253.976,0,0,13,58,0,22,0
24-09 14:21:33,42.159,6.985,50.142,0,0.249,2006724,660780,177812,5075652,5123.927,1454.856,0,3955.452,0,207.551,2043,3099,1.920,1.570,0.840,3,0,1.996,0,0,13,58,0,21,0
24-09 14:21:34,23.738,3.748,71.713,0.250,0,2049436,615476,178148,5077664,5423.223,1619.171,139.928,48838.994,34.982,60.969,1505,2772,1.920,1.570,0.840,1,0,4.997,0,0,13,60,0,21,0
24-09 14:21:35,22.323,5.016,59.945,10.785,0,2058628,593584,178184,5090244,5752.737,1715.588,0,23649.025,0,1876.110,11163,18426,1.920,1.570,0.840,3,0,4.013,0,0,13,60,0,21,0
24-09 14:21:36,30.469,8.741,52.447,7.992,0.250,2152056,490884,178300,5099020,6013.890,1618.356,0,21450.207,0,1913.056,11474,22392,2.170,1.620,0.860,6,0,10.989,0,0,14,68,0,26,0
24-09 14:21:37,27.970,18.980,51.945,0.250,0,2235904,405656,178304,5100256,8233.232,1618.277,0,2445.396,0,80.914,5681,11942,2.170,1.620,0.860,1,0,415.557,0,0,14,85,0,25,0
24-09 14:21:38,9.740,20.478,68.178,0,0,2233928,407536,178304,5100284,5991.691,1618.296,0,4978.757,0,199.790,3375,4676,2.170,1.620,0.860,1,0,382.597,0,0,14,85,0,25,0
24-09 14:21:39,32.999,13.999,51.748,0,0,2298292,342900,178304,5100908,6567.704,1457.934,0,691.969,0,19.999,5016,8135,2.170,1.620,0.860,2,0,189.991,0,0,14,86,0,25,0
24-09 14:21:40,44.765,6.002,48.016,0.500,0.250,2399108,241132,178324,5101800,6339.060,1620.527,0,3237.052,0,156.051,1983,2938,2.170,1.620,0.860,2,0,5.002,0,0,14,90,0,25,0
24-09 14:21:41,8.500,19.000,71.252,0.250,0.250,2411544,228504,178324,5101992,6406.141,1620.036,0,972.021,0,72.002,3282,5035,2.310,1.660,0.880,1,0,369.008,0,0,14,89,0,25,0
24-09 14:21:42,8.513,18.529,71.863,0.250,0.250,2409460,230424,178324,5102152,7989.584,1664.622,0,92.145,0,13.021,2920,4288,2.310,1.660,0.880,1,0,349.551,0,0,14,89,0,25,0
24-09 14:21:43,11.251,15.752,71.508,0,0,2434164,205688,178324,5102184,8649.917,1620.172,0,104.011,0,10.001,2434,3470,2.310,1.660,0.880,1,0,270.029,0,0,14,89,0,25,0
24-09 14:21:44,24.253,2.500,73.008,0,0.250,2480768,159068,178324,5102196,5833.671,1620.186,0,124.014,0,13.001,1587,2569,2.310,1.660,0.880,2,0,0,0,0,14,93,0,25,0
24-09 14:21:45,20.750,5.500,72.500,0,0.250,2474332,165484,178324,5102216,5420.027,1710.009,0,204.001,0,12.000,1646,2461,2.310,1.660,0.880,1,0,63.000,0,0,14,91,0,26,0
24-09 14:21:46,25.936,3.491,67.333,0.998,0,2507608,131784,178344,5102584,4914.811,1454.393,0,1376.586,0,184.542,4017,7111,2.370,1.690,0.890,1,0,1.995,0,0,14,96,0,26,0
24-09 14:21:47,31.245,5.499,62.240,0.500,0,2515136,124160,178344,5102680,7613.789,1619.742,0,1127.821,0,103.983,2945,4762,2.370,1.690,0.890,1,0,115.982,0,0,14,104,0,28,0
24-09 14:21:48,26.000,4.500,68.249,0.750,0,2522476,121176,178348,5098316,7425.881,1619.974,87.999,1439.977,5.000,146.998,3247,5650,2.370,1.690,0.890,3,0,4.000,0,0,14,104,0,29,0
24-09 14:21:49,40.497,11.749,44.497,2.000,0,2565320,118960,176612,5060772,5401.633,1619.890,443.970,12303.163,17.999,867.941,3194,3426,2.370,1.690,0.890,3,0,97.993,0,0,14,104,0,29,0
24-09 14:21:50,28.000,6.000,65.000,0.250,0,2560300,155044,175468,5030900,6334.006,1620.002,1264.001,544.001,43.000,31.000,1690,2284,2.370,1.690,0.890,1,0,55.000,0,0,14,104,0,30,0
24-09 14:21:51,22.508,4.752,72.027,0,0.250,2537284,177976,175468,5030984,7631.862,1620.608,8.003,396.149,1.000,33.012,1629,2262,2.260,1.670,0.890,1,0,53.020,0,0,14,108,0,31,0
24-09 14:21:52,23.799,2.505,73.402,0,0.251,2590508,124732,175468,5031004,6899.295,1623.364,0,252.523,0,12.025,1036,1393,2.260,1.670,0.890,1,0,0,0,0,14,113,0,31,0
24-09 14:21:53,20.022,7.759,71.079,0.250,0,2580572,155952,175024,5010216,8067.003,1459.629,328.366,440.492,13.015,60.067,2400,3735,2.260,1.670,0.890,1,0,82.092,0,0,14,110,0,32,0
24-09 14:21:54,22.683,3.240,73.282,0.499,0,2614480,121960,175032,5010292,6600.390,1615.201,59.822,809.595,4.985,39.882,1277,1717,2.260,1.670,0.890,1,0,0,0,0,14,110,0,33,0
24-09 14:21:55,20.499,6.000,73.248,0,0,2610616,125812,175032,5010304,7245.804,1619.956,0,239.994,0,14.000,1301,1693,2.260,1.670,0.890,1,0,54.999,0,0,14,110,0,33,0
24-09 14:21:56,24.294,7.013,67.371,1.002,0.501,2575952,160196,175036,5010580,7204.933,1622.913,0,1502.697,0,243.437,4116,7080,2.160,1.660,0.890,1,0,53.095,0,0,14,110,0,34,0
24-09 14:21:57,23.742,1.999,72.227,0.250,0.250,2615464,120660,175036,5010604,6165.015,1619.479,0,983.683,0,62.980,1606,2325,2.160,1.660,0.890,1,0,1.999,0,0,14,116,0,34,0
24-09 14:21:58,30.950,2.995,64.147,0.749,0,2626460,120020,174884,5000512,5601.964,1617.391,31.948,1617.391,0.998,163.736,3721,6338,2.160,1.660,0.890,2,0,2.995,0,0,14,116,0,35,0
24-09 14:21:59,23.000,5.250,70.499,0.500,0,2627252,118676,174884,5001064,6396.936,1619.984,547.995,863.991,16.000,59.999,1748,2548,2.160,1.660,0.890,1,0,68.999,0,0,14,116,0,35,0
24-09 14:22:00,20.284,8.514,69.868,0.501,0,2588852,172424,174740,4986124,6152.354,1460.458,36.061,1029.733,4.007,117.197,3067,5200,2.160,1.660,0.890,1,0,137.231,0,0,14,117,0,36,0
24-09 14:22:01,23.201,2.994,72.098,0.499,0,2645508,128952,174576,4973104,8153.852,1616.600,15.966,854.204,2.994,48.897,1266,1667,2.060,1.650,0.890,1,0,10.977,0,0,14,119,0,36,0
24-09 14:22:02,26.976,2.997,68.689,0.999,0.250,2652488,124784,174576,4970360,7719.169,1618.568,0,4104.368,0,439.611,3839,5655,2.060,1.650,0.890,2,0,0,0,0,14,119,0,37,0
24-09 14:22:03,37.895,9.286,52.200,0.502,0,2614808,175996,174432,4957076,7424.458,1626.233,2083.988,1598.126,64.246,133.512,3907,7793,2.060,1.650,0.890,3,0,170.654,0,0,14,121,0,38,0
24-09 14:22:04,30.911,7.977,59.828,0.748,0,2679016,129296,174424,4940024,6213.181,2219.634,1519.642,1276.339,138.602,105.697,2627,4777,2.060,1.650,0.890,1,0,120.654,0,0,14,121,0,37,0
24-09 14:22:05,15.030,14.028,69.390,1.503,0,2628920,182828,174420,4936592,5410.903,1915.860,36.073,5727.541,1.002,344.695,3105,4952,2.060,1.650,0.890,1,0,199.402,0,0,14,121,0,39,0
24-09 14:22:06,10.241,19.982,68.937,0.250,0.500,2637640,173944,174424,4936752,6297.257,1750.404,127.883,303.723,5.995,23.978,2963,4601,1.980,1.640,0.890,1,0,348.682,0,0,14,121,0,39,0
24-09 14:22:07,20.048,15.286,61.897,0.251,0.251,2659180,151736,174424,4937428,6734.040,1461.481,709.690,308.735,22.053,15.036,5444,9991,1.980,1.640,0.890,2,0,237.566,0,0,14,121,0,39,0
24-09 14:22:08,30.468,24.225,45.203,0,0,2707908,130680,174324,4909912,5826.899,1660.262,75.921,275.711,10.988,20.978,3464,5814,1.980,1.640,0.890,3,0,530.445,0,0,14,121,0,39,0
24-09 14:22:09,37.041,21.774,37.542,0.501,0,2773120,131000,173884,4846028,5885.551,1775.977,312.348,7440.281,23.026,960.069,6633,12390,1.980,1.640,0.890,7,0,205.228,0,0,14,131,0,39,0
24-09 14:22:10,50.731,26.990,21.742,0.750,0,2871944,133268,173892,4747376,6873.416,1619.391,1951.266,4038.482,147.944,345.870,5725,11002,1.980,1.640,0.890,5,0,587.779,0,0,16,133,0,39,0
24-09 14:22:11,56.232,20.993,20.743,1.000,0.250,2977796,127896,173876,4649436,8033.389,1619.474,5234.299,1811.411,295.904,300.902,5546,8732,2.060,1.660,0.910,3,0,290.905,0,0,16,133,0,39,0
24-09 14:22:12,54.018,22.507,22.757,0,0,3039088,131936,173840,4585064,9261.001,1620.525,392.127,148.048,65.021,11.004,8575,17213,2.060,1.660,0.910,2,0,566.183,0,0,16,149,0,39,0
24-09 14:22:13,38.456,20.726,40.704,0.250,0,3093248,129156,173848,4534884,6343.768,1618.155,27.968,6216.913,2.997,417.524,4438,6472,2.060,1.660,0.910,2,0,493.437,0,0,16,149,0,39,0
24-09 14:22:14,27.255,15.503,56.511,0.250,0,3125936,127212,173852,4504956,5367.079,1548.311,276.055,288.058,11.002,17.003,5351,10455,2.060,1.660,0.910,2,0,250.050,0,0,17,151,0,39,0
24-09 14:22:15,31.768,23.513,43.775,0.250,0.250,3187256,120792,173852,4451440,6389.629,1620.921,0,568.323,0,53.030,4265,8510,2.060,1.660,0.910,10,0,498.283,0,0,17,151,0,39,0
24-09 14:22:16,46.250,21.250,31.000,0.250,0,3292684,127456,173868,4341388,7352.029,1620.006,168.001,688.003,5.000,57.000,5655,12681,2.060,1.670,0.910,3,0,304.001,0,0,17,167,0,40,0
24-09 14:22:17,29.999,24.000,44.249,0.250,0.500,3353684,125888,173868,4282924,5731.897,1619.971,47.999,5451.902,3.000,412.993,4308,5998,2.060,1.670,0.910,2,0,546.990,0,0,17,167,0,40,0
24-09 14:22:18,26.215,23.219,49.184,0,0,3423272,126532,173868,4214240,7186.413,1687.749,0,383.488,0,27.963,6087,11573,2.060,1.670,0.910,2,0,467.377,0,0,17,173,0,39,0
24-09 14:22:19,15.528,18.032,65.617,0.250,0,3434944,125456,173868,4203916,6386.425,1717.072,569.018,512.918,5.009,39.070,4545,8656,2.060,1.670,0.910,6,0,300.538,0,0,17,179,0,39,0
24-09 14:22:20,33.124,13.449,51.055,0.249,0,3498564,125116,173868,4141940,6330.860,1613.846,11.954,4630.344,2.989,363.614,4164,6299,2.060,1.670,0.910,3,0,150.426,0,0,17,179,0,39,0
24-09 14:22:21,45.251,8.500,45.751,0,0,3611088,127552,173868,4029108,6058.133,1458.032,4.000,260.006,1.000,20.000,1591,2084,2.050,1.670,0.920,3,0,0,0,0,17,179,0,39,0
24-09 14:22:22,37.029,6.755,55.293,0.250,0.250,3566252,236740,173876,3966304,6446.990,1621.255,1337.035,424.328,38.029,23.018,1871,2476,2.050,1.670,0.920,1,0,8.006,0,0,17,182,0,38,0
24-09 14:22:23,34.836,23.057,40.350,0,0,3641268,161036,173884,3966984,5764.295,1624.028,140.348,232.577,9.022,21.052,4206,9783,2.050,1.670,0.920,3,0,573.422,0,0,17,183,0,38,0
24-09 14:22:24,39.998,22.749,37.498,0.750,0,3625676,173504,173900,3970080,5342.706,1709.906,1543.915,471.974,36.998,36.998,5496,10196,2.050,1.670,0.920,2,0,403.978,0,0,17,195,0,35,0
24-09 14:22:25,63.253,19.001,15.501,0.250,0.250,3736384,127752,173908,3907076,6149.301,1620.079,312.015,1156.057,7.000,67.003,5103,9178,2.050,1.670,0.920,5,0,202.010,0,0,17,210,0,35,0
24-09 14:22:26,79.254,18.501,2.000,0,0,3826336,133388,173920,3813740,5112.286,1620.091,472.026,13456.754,7.000,539.030,3469,5948,2.210,1.710,0.930,7,0,76.004,0,0,17,220,0,36,0
24-09 14:22:27,75.264,15.753,7.251,0.250,0.250,3870856,134828,174024,3768232,6337.179,1620.301,88.016,960.179,5.001,48.009,4519,14251,2.210,1.710,0.930,5,0,49.009,0,0,17,220,0,42,0
24-09 14:22:28,47.225,28.735,22.738,0,0,3887896,141904,174036,3744288,5044.321,1457.226,0,999.469,0,48.974,5674,12569,2.210,1.710,0.930,3,0,536.715,0,0,17,221,0,42,0
24-09 14:22:29,50.012,25.006,24.256,0.250,0.250,3902020,120588,174036,3751460,5601.328,1620.384,0,684.162,0,43.010,7297,55892,2.210,1.710,0.930,6,0,212.050,0,0,17,221,0,43,0
24-09 14:22:30,55.253,26.001,17.251,0,0.250,3950424,129816,174040,3694028,5739.298,1620.084,100.005,380.020,5.000,27.001,3661,10543,2.210,1.710,0.930,4,0,584.030,0,0,17,221,0,40,0
24-09 14:22:31,60.198,22.730,14.488,0.999,0,3984860,131516,174120,3658456,5747.069,1618.611,167.856,22284.880,22.980,710.390,6905,11931,3.230,1.930,1.010,5,0,283.757,0,0,17,227,0,43,0
24-09 14:22:32,59.060,24.025,15.766,0.751,0,4031048,153112,174120,3591540,6548.706,1621.661,80.082,6022.167,5.005,524.537,6520,16187,3.230,1.930,1.010,3,0,458.469,0,0,17,229,0,40,0
24-09 14:22:33,61.733,20.744,16.745,0,0,4111648,121600,174124,3543500,8872.587,1619.559,31.991,971.736,1.999,77.979,6995,21685,3.230,1.930,1.010,5,0,241.934,0,0,17,235,0,42,0
24-09 14:22:34,66.494,11.249,21.248,0,0,4222196,134996,174124,3422292,5721.491,1709.848,0,5839.480,0,495.956,2739,2835,3.230,1.930,1.010,4,0,19.998,0,0,17,236,0,42,0
24-09 14:22:35,68.974,12.245,16.494,0.250,0.250,4279080,125640,174132,3375860,6984.318,1457.440,859.670,1975.242,52.980,226.913,5909,13549,3.230,1.930,1.010,4,0,12.995,0,0,17,249,0,51,0
24-09 14:22:36,48.560,24.030,25.031,0.250,0.250,4246828,173460,174132,3360552,5436.736,1692.097,780.968,3884.813,7.009,262.325,5084,10250,3.450,2,1.040,3,0,518.643,0,0,17,250,0,51,0
24-09 14:22:37,49.118,23.188,25.681,0.997,0,4233832,189868,174220,3357368,7644.497,1615.667,4360.306,1602.702,82.778,83.775,6126,12294,3.450,2,1.040,7,0,356.045,0,0,17,250,0,54,0
24-09 14:22:38,75.887,16.530,7.514,0,0,4358628,124044,174220,3299768,5380.712,1622.929,512.926,324.586,4.007,16.029,3204,5667,3.450,2,1.040,5,0,197.356,0,0,18,253,0,44,0
24-09 14:22:39,65.747,13.499,20.249,0,0.500,4400152,127824,174232,3255456,7595.666,1661.927,771.966,467.979,7.000,39.998,2593,4108,3.450,2,1.040,4,0,50.998,0,0,18,253,0,44,0
24-09 14:22:40,51.701,14.486,32.220,0.250,0,4421364,157012,174248,3205340,7302.143,1618.480,827.223,1210.863,11.989,61.942,4282,11695,3.450,2,1.040,4,0,140.868,0,0,18,254,0,46,0
24-09 14:22:41,21.756,10.253,67.519,0.250,0,4432764,145452,174252,3205556,10893.028,2495.694,836.232,1392.387,11.003,83.023,2539,3758,3.260,1.990,1.040,2,0,90.025,0,0,18,255,0,46,0
24-09 14:22:42,20.188,5.732,71.280,0.249,0,4457160,120840,174252,3205772,27150.133,5858.902,829.438,207.359,9.969,16.948,2105,2901,3.260,1.990,1.040,0,0,10.966,0,0,18,260,0,46,1
24-09 14:22:43,20.575,6.524,72.012,0,0,4452080,140556,174252,3191208,8366.395,1957.110,513.867,726.640,4.015,33.120,2396,3708,3.260,1.990,1.040,1,0,10.036,0,0,18,264,0,46,1
24-09 14:22:44,28.493,14.996,54.986,0.500,0.250,4460908,131536,174252,3191708,16531944.886,82569.027,3031.230,287.927,39.990,21.994,6632,5456,3.260,1.990,1.040,2,0,263.933,0,0,18,263,0,46,0
24-09 14:22:45,25.935,3.491,68.578,0.748,0.249,4489168,129928,174252,3165296,5680.764,1615.950,207.480,606.480,9.975,71.820,2504,4222,3.260,1.990,1.040,1,0,2.993,0,0,18,274,0,47,0
24-09 14:22:46,24.964,4.743,67.901,1.248,0,4506628,130272,174252,3147668,6001.292,1701.531,455.339,9406.351,24.964,848.768,6127,8702,3,1.950,1.030,1,0,1.997,0,0,18,279,0,48,0
24-09 14:22:47,15.818,13.558,68.796,0.502,0.502,4456344,181188,174252,3147184,7179.910,1627.004,249.072,417.799,10.043,34.147,3876,6501,3,1.950,1.030,3,0,270.163,0,0,18,275,0,47,0
24-09 14:22:48,19.416,7.468,70.445,0,0,4506856,129540,174252,3148320,4766.395,1451.724,999.678,334.554,12.944,15.931,2281,3662,3,1.950,1.030,1,0,197.148,0,0,18,275,0,47,0
24-09 14:22:49,14.307,14.809,71.784,0.251,0,4465312,171064,174252,3148340,6319.989,1626.431,0,244.969,0,14.056,2560,3981,3,1.950,1.030,1,0,225.893,0,0,18,275,0,45,0
24-09 14:22:50,10.238,18.228,69.666,0.250,0,4463456,172876,174256,3148380,6613.051,1618.055,11.986,1094.684,1.998,67.918,3489,5635,3,1.950,1.030,3,0,360.567,0,0,18,275,0,45,0
24-09 14:22:51,3.243,3.991,90.546,0.249,0.249,4462144,174148,174256,3148420,7451.190,1616.354,7.982,16391.022,0.998,48.890,1651,2548,2.760,1.920,1.030,0,0,75.829,0,0,18,277,0,44,0
24-09 14:22:52,18.307,4.765,75.736,0.251,0,4516544,119748,174256,3148420,6625.672,1625.070,0,16086.189,0,24.075,1486,2113,2.760,1.920,1.030,1,0,10.031,0,0,18,279,0,44,0
24-09 14:22:53,17.008,12.506,70.285,0,0.500,4456796,179900,174260,3148012,6328.126,1620.801,76.038,352.174,5.002,38.019,2884,4573,2.760,1.920,1.030,2,0,164.081,0,0,18,283,0,43,0
24-09 14:22:54,12.477,14.972,70.121,0,0,4466152,170364,174260,3148192,6079.825,1617.028,0,231.574,0,19.963,3009,4620,2.760,1.920,1.030,1,0,218.598,0,0,18,287,0,43,0
24-09 14:22:55,17.268,10.761,71.324,0.250,0.250,4485836,150468,174260,3148404,6414.671,1459.518,4.004,0,1.001,0,2346,3545,2.760,1.920,1.030,1,0,160.167,0,0,18,287,0,41,0
24-09 14:22:56,21.949,5.986,70.836,0.499,0,4538768,132612,174260,3113408,5953.206,1616.255,654.484,259.399,42.901,26.938,1654,2489,2.610,1.900,1.020,1,0,1.995,0,0,18,289,0,41,0
24-09 14:22:57,24.781,2.753,69.586,0.501,0,4578688,124128,174260,3082252,7162.875,1622.010,296.367,584.724,15.019,56.069,2003,3135,2.610,1.900,1.020,1,0,3.004,0,0,18,295,0,40,0
24-09 14:22:58,24.202,3.743,71.359,0,0,4504600,198180,174264,3082284,7120.915,1616.802,27.945,143.716,5.988,9.980,1532,2094,2.610,1.900,1.020,1,0,6.986,0,0,18,291,0,40,0
24-09 14:22:59,24.003,3.500,71.509,0,0,4563000,139772,174264,3082292,6329.772,1620.198,152.019,180.022,4.000,9.001,1459,1994,2.610,1.900,1.020,1,0,1.000,0,0,18,293,0,39,0
24-09 14:23:00,25.593,3.011,71.008,0,0.251,4487468,215132,174264,3082464,6892.073,1625.915,0,224.818,0,13.047,1803,2667,2.610,1.900,1.020,1,0,16.058,0,0,18,291,0,40,0
24-09 14:23:01,24.649,1.743,71.954,0,0,4515692,186908,174264,3082464,6135.764,1613.364,0,67.721,0,5.975,1444,1925,2.490,1.890,1.020,3,0,0,0,0,18,291,0,39,0
24-09 14:23:02,9.292,20.342,70.067,0.251,0.251,4470052,231116,174272,3083888,7667.658,1464.620,1583.156,389.762,25.114,12.054,3360,5470,2.490,1.890,1.020,2,0,384.739,0,0,18,291,0,39,0
24-09 14:23:03,16.687,10.959,71.231,0.498,0.249,4494264,206520,174272,3084272,5201.329,1613.896,378.568,239.096,28.891,19.925,2648,4125,2.490,1.890,1.020,1,0,200.243,0,0,18,291,0,38,0
24-09 14:23:04,23.746,5.249,68.989,0,0.250,4527288,173284,174292,3084464,5074.163,1619.733,307.949,331.945,10.998,16.997,8836,17951,2.490,1.890,1.020,1,0,7.999,0,0,18,291,0,38,0
24-09 14:23:05,18.505,4.001,76.771,0.500,0,4514144,185940,174316,3084924,13173.596,5370.466,16.004,344.094,4.001,11.003,1537,2276,2.490,1.890,1.020,2,0,7.002,0,0,18,292,0,35,0
24-09 14:23:06,25.487,4.498,68.714,0.250,0,4535692,162544,174460,3086336,5090.363,1703.118,15.992,651.662,0.999,35.981,9990,19733,2.370,1.870,1.020,2,0,5.997,0,0,18,292,0,35,0
24-09 14:23:07,17.730,8.990,70.671,0.499,0,4478996,219368,174460,3086208,9129.775,1791.993,0,3184.433,0,362.594,2457,3181,2.370,1.870,1.020,1,0,106.880,0,0,18,291,0,35,0
24-09 14:23:08,19.783,9.265,70.616,0,0,4522628,175836,174460,3086108,10345.049,1460.407,0,164.271,0,4.007,2211,3313,2.370,1.870,1.020,1,0,166.274,0,0,18,291,0,35,0
24-09 14:23:09,19.997,8.749,70.740,0.250,0.500,4491604,206620,174460,3086348,7221.931,1619.760,23.996,83.988,2.000,3.000,2158,3407,2.370,1.870,1.020,1,0,111.983,0,0,18,291,0,39,0
24-09 14:23:10,24.489,3.248,71.966,0,0,4529152,169072,174460,3086348,7400.544,1661.224,0,3.998,0,1.000,1437,2142,2.370,1.870,1.020,1,0,0,0,0,18,291,0,39,0
24-09 14:23:11,21.483,5.246,71.694,0,0,4527708,170372,174460,3086492,5560.685,1688.690,0,0,0,0,1674,2363,2.260,1.860,1.020,2,0,69.946,0,0,18,291,0,39,0
24-09 14:23:12,23.280,6.508,70.590,0,0.250,4506224,191836,174460,3086512,6005.675,1622.073,0,156.200,0,15.019,1971,2984,2.260,1.860,1.020,1,0,56.072,0,0,18,291,0,39,0
24-09 14:23:13,23.328,5.518,70.234,0,0,4497312,200696,174460,3086564,6717.335,1625.404,0,164.547,0,23.077,2022,3092,2.260,1.860,1.020,1,0,32.107,0,0,18,291,0,41,0
24-09 14:23:14,23.200,3.991,70.847,0.249,0.249,4474324,223668,174460,3086580,5777.492,1454.850,0,443.041,0,45.901,2032,3197,2.260,1.860,1.020,1,0,18.959,0,0,18,291,0,41,0
24-09 14:23:15,22.972,3.995,72.412,0,0,4526988,171000,174460,3086584,6158.493,1618.028,0,151.815,0,9.988,1471,2392,2.260,1.860,1.020,1,0,27.966,0,0,18,291,0,41,0
24-09 14:23:16,22.739,5.497,71.215,0.250,0,4515560,182408,174460,3086604,8335.882,1619.200,0,335.834,0,29.985,1940,2931,2.320,1.880,1.030,2,0,31.984,0,0,18,291,0,43,0
24-09 14:23:17,21.237,6.746,70.706,0.500,0.250,4487480,210456,174460,3086636,5905.356,1619.001,0,1083.332,0,123.924,2494,3680,2.320,1.880,1.030,1,0,87.946,0,0,18,291,0,42,0
24-09 14:23:18,24.600,4.769,71.291,0,0,4470492,227300,174460,3086780,7008.581,1626.633,0,212.868,0,10.041,1740,2535,2.320,1.880,1.030,1,0,27.111,0,0,18,291,0,44,0
24-09 14:23:19,23.172,3.987,71.759,0,0,4527328,170452,174460,3086792,5522.417,1708.252,0,159.463,0,10.963,1504,2239,2.320,1.880,1.030,2,0,21.926,0,0,18,291,0,44,0
24-09 14:23:20,24.511,3.252,71.033,0.250,0,4517860,179564,174460,3087148,5162.421,1620.760,336.158,168.079,26.012,10.005,1686,2564,2.320,1.880,1.030,1,0,14.007,0,0,18,291,0,45,0
24-09 14:23:21,28.085,3.260,67.454,0.752,0.251,4488196,208080,174464,3088292,5079.335,1462.415,902.725,1187.585,56.170,168.509,3806,7352,2.210,1.860,1.030,1,0,5.015,0,0,18,293,0,47,0
24-09 14:23:22,24.988,3.748,68.717,1.499,0.250,4524684,171540,174464,3088344,6081.087,1619.224,35.983,4985.612,3.998,300.856,2420,4331,2.210,1.860,1.030,1,0,0,0,0,18,295,0,47,0
24-09 14:23:23,21.251,11.251,64.253,0.750,0.250,4479820,216192,174464,3088556,7128.371,1620.084,20.001,1136.059,2.000,125.007,5054,9284,2.210,1.860,1.030,1,0,260.014,0,0,18,293,0,48,0
24-09 14:23:24,9.993,20.735,66.204,0,0,4479208,216664,174464,3088696,6832.204,1618.864,0,563.604,0,37.973,3660,6084,2.210,1.860,1.030,2,0,492.654,0,0,18,293,0,48,0
24-09 14:23:25,11.500,20.749,66.498,0.250,0,4480244,215556,174464,3088736,5834.848,1619.958,0,263.993,0,23.999,3829,6433,2.210,1.860,1.030,1,0,506.987,0,0,18,293,0,48,0
24-09 14:23:26,10.014,21.780,67.844,0,0.250,4478368,217404,174464,3088764,5513.658,1622.253,0,484.673,0,35.049,3882,6549,2.110,1.850,1.030,2,0,577.803,0,0,18,293,0,48,0
24-09 14:23:27,10.714,20.432,67.774,0,0.249,4486860,208884,174464,3088792,6219.302,1453.164,0,442.527,0,29.900,3820,6143,2.110,1.850,1.030,2,0,527.245,0,0,18,293,0,41,0
24-09 14:23:28,10.030,21.314,68.206,0.251,0,4483844,211840,174464,3088820,5785.437,1624.897,0,1584.777,0,98.296,4517,7664,2.110,1.850,1.030,1,0,666.007,0,0,18,293,0,41,0
24-09 14:23:29,8.231,22.198,68.089,0,0.249,4486008,209636,174464,3088860,6908.702,1616.187,15.962,219.482,0.998,18.955,3880,6344,2.110,1.850,1.030,1,0,550.701,0,0,18,293,0,41,0
24-09 14:23:30,20.510,13.257,65.033,0,0.250,4486784,281544,174820,3023536,6389.239,1620.822,280.142,1948.988,30.015,12.006,9119,21587,2.110,1.850,1.030,1,0,153.078,0,0,18,295,0,41,0
24-09 14:23:31,18.950,2.493,76.796,0.249,0,4524960,239092,174820,3027232,6381.077,2671.914,0,781.926,0,18.950,1596,2644,2.100,1.850,1.040,0,0,2.992,0,0,18,296,0,41,0
24-09 14:23:32,1.751,0.751,95.573,0,0,4524908,239092,174820,3027284,6650.094,1621.242,0,576.442,0,12.009,1241,2017,2.100,1.850,1.040,0,0,0,0,0,18,296,0,36,0
24-09 14:23:33,3.755,1.252,93.113,0.751,0.250,4524852,239092,174820,3027340,7648.300,1621.972,32.039,768.935,1.001,79.096,1950,3314,2.100,1.850,1.040,0,0,0,0,0,18,296,0,36,0
24-09 14:23:34,1.998,0.749,95.883,0,0,4524852,239092,174820,3027340,9973.842,2436.030,0,183.776,0,17.978,1157,1927,2.100,1.850,1.040,0,0,0,0,0,18,296,0,34,0
24-09 14:23:35,9.496,1.249,87.712,0,0,4525132,238616,174820,3027500,10577.409,2936.725,0,203.912,0,14.993,1219,1900,2.100,1.850,1.040,0,0,0,0,0,18,297,0,34,0
24-09 14:23:36,19.521,2.252,76.833,1.251,0,4526692,236124,174852,3028364,27542.581,16034.221,752.809,1665.789,56.060,61.066,1717,2799,1.930,1.820,1.030,0,0,0,0,0,18,299,0,25,0
24-09 14:23:37,20.237,1.499,75.700,0.750,0.250,4546324,215264,174856,3029552,26047.626,12973.347,1003.331,2998.000,55.963,59.960,1776,2647,1.930,1.820,1.030,2,0,0,0,0,18,299,0,25,0
24-09 14:23:38,18.504,1.750,77.516,1.750,0.250,4553336,207452,174920,3030252,27799.616,16180.268,540.109,4628.935,48.010,413.083,1957,2557,1.930,1.820,1.030,1,0,2.000,0,0,18,299,0,22,0
24-09 14:23:39,18.515,4.253,73.558,1.751,0,4549072,171928,174952,3068936,12304.659,5158.049,11505.031,1397.097,240.189,60.047,2037,2600,1.930,1.820,1.030,2,0,0,0,0,18,298,0,22,1
24-09 14:23:40,21.001,3.750,71.752,1.750,0.250,4579148,122332,174952,3086708,6175.148,1458.035,0,3560.085,0,157.004,2014,2991,1.930,1.820,1.030,1,0,1.000,0,0,18,298,0,21,1
24-09 14:23:41,21.750,5.000,71.251,1.250,0.250,4577980,128928,175288,3078900,6833.116,1620.028,0,2948.050,0,108.002,1828,2774,1.860,1.810,1.030,1,0,0,0,0,18,298,0,21,1
24-09 14:23:42,25.000,3.250,71.751,0,0,4525416,193020,175288,3067164,6507.046,1902.013,392.003,592.004,7.000,16.000,1563,2019,1.860,1.810,1.030,1,0,6.000,0,0,18,297,0,19,0
24-09 14:23:43,24.982,4.996,68.450,0.500,0,4525780,191244,175288,3068576,5428.038,1618.818,0,1910.605,0,54.960,9675,19256,1.860,1.810,1.030,1,0,11.991,0,0,18,297,0,19,0
24-09 14:23:44,23.261,5.753,69.283,0,0,4532532,184296,175288,3068740,6226.945,1620.767,0,1240.587,0,18.009,9177,18633,1.860,1.810,1.030,1,0,13.006,0,0,18,297,0,19,0
24-09 14:23:45,23.540,4.007,72.123,0,0,4509004,207920,175288,3068644,6117.430,1622.767,0,388.663,0,15.026,1974,2877,1.860,1.810,1.030,1,0,55.094,0,0,18,297,0,19,0
24-09 14:23:46,24.035,6.009,68.349,0,0,4537452,179452,175288,3068664,5139.468,1460.122,0,176.256,0,13.019,9777,19772,1.870,1.810,1.040,2,0,11.016,0,0,18,297,0,18,0
24-09 14:23:47,23.240,7.497,67.471,0.250,0.250,4548400,168396,175288,3068772,7554.714,1619.296,0,4673.967,0,223.903,15744,31547,1.870,1.810,1.040,1,0,13.994,0,0,18,297,0,18,0
24-09 14:23:48,22.937,4.238,71.802,0,0,4509052,207852,175288,3068664,5846.857,1615.539,0,119.670,0,9.972,1613,2300,1.870,1.810,1.040,1,0,14.959,0,0,18,297,0,16,0
24-09 14:23:49,22.322,5.267,71.732,0,0.251,4488452,228432,175288,3068684,5515.877,1625.267,0,4.013,0,1.003,1668,2407,1.870,1.810,1.040,2,0,57.185,0,0,18,297,0,16,0
24-09 14:23:50,23.174,4.735,70.022,0.249,0.249,4519488,182956,175784,3081056,5644.582,1614.731,11.961,11.961,2.990,2.990,10012,19564,1.870,1.810,1.040,1,0,46.847,0,0,18,297,0,16,0
24-09 14:23:51,9.495,1.499,87.704,0,0,4535032,165400,175820,3082640,10098.668,3653.071,0,0,0,0,1222,2069,1.800,1.800,1.040,2,0,2.998,0,0,18,298,0,16,0
24-09 14:23:52,14.509,2.001,82.553,0.250,0,4544604,155572,175828,3082832,18900.172,7946.117,0,1781.147,0,28.018,1405,1981,1.800,1.800,1.040,1,0,0,0,0,18,299,0,16,0
24-09 14:23:53,17.990,1.249,78.958,0.999,0.250,4548180,151792,175872,3083008,29742.998,15205.819,3.998,2122.858,0.999,102.945,2065,3068,1.800,1.800,1.040,1,0,0,0,0,18,299,0,16,0
24-09 14:23:54,6.499,1.250,91.740,0.500,0,4548568,151048,175968,3083232,136938.348,10013.929,0,855.908,0,35.996,1414,2072,1.800,1.800,1.040,1,0,0,0,0,18,300,0,16,0
24-09 14:23:55,19.760,0.750,78.289,0.500,0,4562604,136740,176028,3083352,29926.993,11739.882,0,1232.618,0,44.022,1593,2251,1.800,1.800,1.040,1,0,0,0,0,18,300,0,16,0
24-09 14:23:56,17.000,1.250,80.251,0.500,0,4572300,126688,176036,3083656,200912.009,17326.173,0,1788.018,0,66.001,1800,2625,1.660,1.770,1.030,1,0,0,0,0,18,300,0,16,0
24-09 14:23:57,11.471,1.995,84.035,1.247,0.249,4574780,123704,176168,3083876,127770.164,19501.116,23.939,2437.764,3.990,119.694,1963,2683,1.660,1.770,1.030,1,0,0,0,0,18,299,0,16,1
24-09 14:23:58,15.786,2.255,80.185,0.501,0.251,4561572,129340,176284,3091208,90022.131,14627.820,76.176,1591.680,6.014,61.141,1684,2300,1.660,1.770,1.030,0,0,3.007,0,0,18,299,0,16,1
24-09 14:23:59,8.029,4.265,86.309,0.753,0,4568376,120388,176372,3093268,14435659.841,78489.384,0,14760.918,0,55.198,4828,3512,1.660,1.770,1.030,0,0,3.011,0,0,18,299,0,16,1
24-09 14:24:00,14.451,2.990,79.978,0.747,0,4575792,129912,176552,3076000,3391831.947,16005.629,167.431,4839.560,7.973,74.746,2497,3064,1.660,1.770,1.030,3,0,8.970,0,0,18,299,0,15,1
24-09 14:24:01,20.754,5.001,72.014,1.750,0.250,4565572,120312,179868,3088736,5713.103,1620.313,0,5485.059,0,142.027,1922,2987,1.600,1.750,1.030,1,0,0,0,0,18,299,0,15,1
24-09 14:24:02,21.315,5.266,72.473,0.752,0,4571156,124876,180524,3076276,8387.767,1624.992,0,1661.103,0,70.216,1678,2396,1.600,1.750,1.030,1,0,0,0,0,18,299,0,15,1
24-09 14:24:03,22.239,5.497,70.215,1.000,0.250,4573600,131688,181384,3063936,5772.154,1619.202,0,17687.280,0,196.903,2434,3620,1.600,1.750,1.030,1,0,0,0,0,18,299,0,15,1
24-09 14:24:04,23.181,3.988,72.034,0.249,0,4577792,130432,182968,3057340,5822.573,1615.166,0,1148.562,0,50.848,1502,2297,1.600,1.750,1.030,1,0,0,0,0,18,299,0,15,1
24-09 14:24:05,21.497,5.249,71.490,0.750,0.250,4572944,125212,184116,3064164,5683.193,2068.706,0,4403.375,0,107.985,1922,2910,1.600,1.750,1.030,0,0,0,0,0,18,300,0,15,1
24-09 14:24:06,21.509,3.251,73.281,1.251,0,4520528,208388,184116,3033340,11239.822,3817.638,20.009,4061.742,3.001,174.075,2038,3161,1.560,1.740,1.030,1,0,4.002,0,0,18,297,0,15,0
24-09 14:24:07,22.458,6.488,67.124,0.250,0,4544308,182700,184120,3035204,7105.698,1563.074,0,1493.205,0,17.966,9008,17939,1.560,1.740,1.030,1,0,13.974,0,0,18,297,0,15,0
24-09 14:24:08,25.553,5.762,69.644,0,0,4548428,178424,184120,3035360,6919.316,1623.359,8.017,1747.616,1.002,9.019,5873,12416,1.560,1.740,1.030,2,0,7.015,0,0,18,297,0,15,0
24-09 14:24:09,21.530,5.257,71.600,0.250,0,4494312,232460,184120,3035436,7892.073,1622.276,0,668.939,0,113.159,3135,5389,1.560,1.740,1.030,1,0,9.013,0,0,18,297,0,15,0
24-09 14:24:10,22.473,3.995,72.912,0.250,0.250,4533244,189836,184460,3038200,5885.866,1659.988,783.051,7.990,16.979,1.998,1394,2154,1.560,1.740,1.030,1,0,4.994,0,0,18,297,0,14,0
24-09 14:24:11,26.323,3.760,67.939,1.253,0,4533988,188324,184460,3038864,6308.576,1666.643,365.017,3064.538,25.070,223.623,5453,10503,1.510,1.730,1.030,1,0,1.003,0,0,18,303,0,22,0
24-09 14:24:12,14.716,15.714,67.844,0.998,0.249,4488180,233484,184460,3039508,6238.651,1616.283,510.825,2266.786,23.945,194.553,4372,7599,1.510,1.730,1.030,1,0,328.245,0,0,18,301,0,23,0
24-09 14:24:13,10.222,11.219,67.066,8.227,0.499,4473016,240512,184460,3047744,5969.596,1615.560,8085.780,61682.496,1126.903,198.455,4902,6144,1.510,1.730,1.030,0,1,120.668,0,0,18,301,0,25,0
24-09 14:24:14,4.005,2.503,88.868,3.254,0,4473272,237296,184460,3050700,13123.480,3954.267,2959.943,5323.090,421.562,358.477,2630,3282,1.510,1.730,1.030,0,0,6.008,0,0,18,302,0,25,0
24-09 14:24:15,5.019,2.760,91.090,0.251,0,4465996,244056,184460,3051216,44931.595,3929.658,674.516,554.067,19.071,13.049,1550,2491,1.510,1.730,1.030,1,0,27.101,0,0,18,301,0,23,1
24-09 14:24:16,3.501,1.750,94.022,0,0,4457572,251940,184584,3051560,6844.567,124400.488,372.085,28.006,5.001,6.001,1165,1814,1.390,1.700,1.020,3,0,2.000,0,0,18,301,0,23,0
24-09 14:24:17,17.436,7.722,73.479,0,0,4466568,242928,184588,3051560,5671.096,1614.051,765.180,526.061,5.978,17.934,1684,2536,1.390,1.700,1.020,1,0,6.974,0,0,18,301,0,21,0
24-09 14:24:18,9.499,3.000,86.491,0,0,4454160,255332,184588,3051568,5200.444,1619.827,255.973,211.977,2.000,10.999,1515,2241,1.390,1.700,1.020,0,0,4.999,0,0,18,301,0,21,0
24-09 14:24:19,1.000,0.250,96.497,0,0.250,4454408,255080,184588,3051568,6202.777,1619.942,0,0,0,0,1000,1669,1.390,1.700,1.020,1,0,0,0,0,18,301,0,19,0
24-09 14:24:20,2.250,1.250,95.756,0,0.250,4454408,255080,184588,3051568,5853.375,1620.104,0,20.001,0,2.000,1082,1912,1.390,1.700,1.020,1,0,0,0,0,18,301,0,19,0
24-09 14:24:21,3.251,1.000,94.269,0.250,0.250,4454404,255080,184588,3051572,12871.561,1458.290,0,256.051,0,33.007,1636,2695,1.360,1.690,1.020,0,0,0,0,0,18,301,0,18,0
24-09 14:24:22,2.749,1.000,94.229,0.500,0,4454392,255080,184588,3051584,12696.118,1619.632,3.999,695.842,1.000,76.983,1732,2872,1.360,1.690,1.020,0,0,0,0,0,18,301,0,18,0
24-09 14:24:23,3.002,1.251,93.067,0.751,0.250,4455932,253456,184588,3051592,13046.406,1621.169,0,27531.850,0,366.264,2085,2458,1.360,1.690,1.020,1,0,0,0,0,18,301,0,16,0
24-09 14:24:24,1.749,0.500,96.673,0,0,4456340,253456,184588,3051592,12324.141,1618.705,0,275.779,0,19.984,1080,1673,1.360,1.690,1.020,0,0,0,0,0,18,301,0,16,0
24-09 14:24:25,3.000,0.750,95.006,0,0.250,4456332,253456,184588,3051600,7198.418,1620.094,0,100.006,0,12.001,1205,1946,1.360,1.690,1.020,0,0,0,0,0,18,301,0,15,0
24-09 14:24:26,4.501,2.751,91.269,0.250,0,4456520,253216,184588,3051652,4801.008,1620.340,20.004,12.003,2.000,1.000,2083,3757,1.330,1.680,1.020,0,0,0,0,0,18,301,0,15,0
24-09 14:24:27,5.749,1.000,92.476,0,0.250,4456420,253216,184588,3051736,7370.113,1619.585,0,0,0,0,1476,2422,1.330,1.680,1.020,0,0,0,0,0,18,301,0,17,0
24-09 14:24:28,3.501,0.750,93.788,0.250,0,4456656,252968,184588,3051748,5497.232,1458.592,0,132.054,0,13.005,1438,2312,1.330,1.680,1.020,0,0,2.001,0,0,18,301,0,17,0
24-09 14:24:29,2.000,0.250,96.235,0,0,4456656,252968,184588,3051748,7436.877,1619.755,0,0,0,0,1102,1823,1.330,1.680,1.020,1,0,0,0,0,18,301,0,17,0
24-09 14:24:30,5.997,3.748,89.458,0,0.250,4435284,274340,184588,3051748,5614.333,1619.231,0,0,0,0,1758,3735,1.330,1.680,1.020,0,0,33.984,0,0,18,301,0,18,0
24-09 14:24:31,2.000,0.500,95.272,0,0,4435284,274340,184588,3051748,5415.273,1620.381,0,408.096,0,26.006,1138,1848,1.220,1.650,1.020,0,0,0,0,0,18,301,0,17,0
24-09 14:24:32,2.252,1.251,95.588,0.250,0.500,4435280,274340,184588,3051752,6150.683,1621.498,4.004,300.277,1.001,25.023,1387,2417,1.220,1.650,1.020,0,0,0,0,0,18,301,0,17,0
24-09 14:24:33,2.248,1.499,94.907,0,0,4435276,274340,184588,3051756,6079.030,1618.411,0,103.898,0,13.986,1307,2245,1.220,1.650,1.020,2,0,0,0,0,18,301,0,17,0
24-09 14:24:34,2.499,3.998,91.203,0.500,0,4441236,268460,184588,3051760,7536.104,1619.163,0,86775.137,0,525.728,2952,3878,1.220,1.650,1.020,1,0,0,0,0,18,301,0,17,0
24-09 14:24:35,2.001,0.500,95.538,0.250,0.250,4441236,268460,184588,3051760,5722.300,1458.586,0,1188.478,0,219.088,1474,1910,1.220,1.650,1.020,0,0,0,0,0,18,301,0,17,0
24-09 14:24:36,1.750,0.250,95.243,0.250,0.250,4441236,268460,184588,3051760,5404.616,1619.885,0,91.993,0,9.999,1232,2082,1.120,1.620,1.010,0,0,0,0,0,18,301,0,17,0
24-09 14:24:37,3.250,1.000,94.759,0,0,4441236,268460,184588,3051760,8040.724,1620.146,0,264.024,0,23.002,1353,2321,1.120,1.620,1.010,0,0,0,0,0,18,301,0,17,0
24-09 14:24:38,2.502,0.250,96.067,0.250,0,4441484,268212,184588,3051760,7403.167,1621.132,0,64.045,0,10.007,1155,1889,1.120,1.620,1.010,0,0,2.001,0,0,18,301,0,17,0
24-09 14:24:39,2.742,2.742,93.984,0,0,4442676,266840,184588,3051764,7346.218,1615.430,0,49747.265,0,260.264,1894,2566,1.120,1.620,1.010,0,0,0,0,0,18,301,0,17,0
24-09 14:24:40,1.503,0.752,95.948,0,0,4442676,266840,184588,3051764,8214.989,1665.444,0,8.017,0,2.004,1084,1835,1.120,1.620,1.010,0,0,0,0,0,18,301,0,17,0
24-09 14:24:41,3.750,1.000,94.509,0,0.500,4442676,266840,184588,3051764,8185.794,1620.157,0,912.088,0,15.001,1510,2487,1.030,1.590,1.010,0,0,0,0,0,18,301,0,17,0
24-09 14:24:42,2.250,0.750,95.254,0.250,0.250,4442668,266840,184588,3051772,8371.368,1458.064,0,480.021,0,43.002,1485,2587,1.030,1.590,1.010,0,0,0,0,0,18,301,0,17,0
24-09 14:24:43,2.250,0.750,95.248,0,0.250,4442660,266840,184588,3051780,5545.900,1619.971,0,123.998,0,18.000,1241,2167,1.030,1.590,1.010,0,0,0,0,0,18,301,0,17,0
24-09 14:24:44,4.007,1.503,92.672,1.252,0,4443552,265916,184588,3051788,7412.743,1623.009,0,5810.773,0,199.370,1815,3055,1.030,1.590,1.010,1,0,0,0,0,18,301,0,17,0
24-09 14:24:45,1.499,0.500,95.664,0.250,0,4443552,265916,184588,3051788,6943.744,1618.542,0,131.881,0,12.988,1182,2161,1.030,1.590,1.010,0,0,0,0,0,18,301,0,17,0
24-09 14:24:46,1.249,0.750,95.707,0,0.250,4443552,265916,184588,3051788,4790.858,161.928,0,443.802,0,79.964,1161,1829,0.950,1.570,1,0,0,0,0,0,18,301,0,17,0
24-09 14:24:47,12.254,5.001,82.524,0,0,4455484,253920,184620,3051816,335408.262,6773.944,96.028,348.100,7.002,17.005,1673,2388,0.950,1.570,1,1,0,26.007,0,0,18,301,0,17,0
24-09 14:24:48,10.281,7.021,80.994,0,0,4459384,247708,184628,3054208,237777.662,7919.870,244.738,4.012,11.033,1.003,1916,2652,0.950,1.570,1,3,0,42.127,0,0,18,301,0,17,0
