"pcp-dstat 5.3.6 CSV Output"
"Author:","PCP team <pcp@groups.io> and Dag Wieers <dag@wieers.com>",,,,"URL:","https://pcp.io/ and http://dag.wieers.com/home-made/dstat/"
"Host:","ubuntu",,,,"User:","ubuntu"
"Cmdline:","dstat -tcmndrylpg --tcp --output /tmp/devstack_logs/dstat-csv.log",,,,"Date:","14 May 2025 17:02:42 UTC"
"system","total usage",,,,,"memory usage",,,,"net/total",,"dsk/total",,"io/total",,"system",,"load avg",,,"procs",,,"paging",,"tcp sockets",,,,
"time","total usage:usr","total usage:sys","total usage:idl","total usage:wai","total usage:stl","used","free","buf","cach","net/total:recv","net/total:send","dsk/total:read","dsk/total:writ","read","writ","int","csw","1m","5m","15m","run","blk","new","in","out","lis","act","syn","tim","clo"
14-05 17:02:42,,1079160,1916912,164116,4654800,,,,,,,1.320,0.800,0.480,4,0,,,,9,8,4,16,1
14-05 17:02:43,43.704,20.479,34.464,0,0,1069012,1923988,164152,4657720,1297039.297,23864.038,0,5186.575,0,96.899,4461,6769,1.320,0.800,0.480,4,0,610.362,0,0,9,4,4,16,2
14-05 17:02:44,58.751,16.750,23.750,0.500,0.500,1043632,1948948,164216,4657988,73505.250,15866.270,0,2076.035,0,86.001,3755,8367,1.320,0.800,0.480,5,0,303.005,0,0,9,4,4,16,2
14-05 17:02:45,35.485,15.493,48.229,0.750,0,1148184,1818892,164716,4806084,2253678.157,36587.158,0,5609.571,0,101.956,6894,10721,1.320,0.800,0.480,3,0,139.939,0,0,10,4,4,16,2
14-05 17:02:46,57.744,9.209,31.859,0.249,0.249,1186224,1753480,165232,4830540,10563.100,1451.555,0,3134.085,0,116.483,2242,2912,1.380,0.820,0.490,5,0,99.558,0,0,10,6,4,16,2
14-05 17:02:47,44.844,13.278,38.331,3.257,0,1219212,1685664,166468,4860880,423285.863,14349.234,236.498,15789.268,11.023,713.503,3881,4608,1.380,0.820,0.490,3,0,188.397,0,0,10,8,4,18,2
14-05 17:02:48,39.550,4.477,54.475,0.497,0,1216116,1697232,166944,4851144,29871.210,4952.002,585.047,2972.992,9.950,58.704,1481,1845,1.380,0.820,0.490,3,0,3.980,0,0,10,6,4,18,0
14-05 17:02:49,37.504,9.061,45.055,7.551,0,1270276,1633304,167460,4860176,838730.171,36740.513,12.082,27030.837,1.007,2258.275,19809,34671,1.380,0.820,0.490,3,1,63.429,0,0,10,8,4,18,0
14-05 17:02:50,59.543,9.507,23.267,6.755,0,1178560,1720412,167860,4864028,153103.153,5902.285,0,38083.649,0,2594.884,19953,37457,1.380,0.820,0.490,4,0,113.082,0,0,10,4,4,18,0
14-05 17:02:51,59.045,7.256,34.276,0,0.500,1203612,1695072,167876,4864240,28035.531,5844.489,0,1309.005,0,50.038,1652,1691,1.510,0.860,0.510,2,1,18.014,0,0,10,6,4,18,0
14-05 17:02:52,45.026,5.970,48.260,0,0,1144528,1753428,167948,4864792,667646.134,21840.496,0,8131.602,0,518.424,3101,3506,1.510,0.860,0.510,2,0,62.689,0,0,10,6,4,18,0
14-05 17:02:53,24.009,2.001,73.527,0,0,1215380,1681720,167948,4865648,542157.225,25467.499,0,536.200,0,22.008,1723,1582,1.510,0.860,0.510,2,0,2.001,0,0,10,6,4,18,0
14-05 17:02:54,17.058,9.031,72.247,0,0.251,1133196,1763020,167948,4866524,211442.075,6777.144,0,208.713,0,16.055,1951,2563,1.510,0.860,0.510,3,0,139.476,0,0,10,6,4,18,0
14-05 17:02:55,32.508,21.255,46.262,0.250,0.250,1118640,1777404,167956,4866612,13403.404,1806.459,0,1444.367,0,20.005,3386,5869,1.510,0.860,0.510,3,0,527.134,0,0,10,4,4,18,0
14-05 17:02:56,36.259,17.254,45.511,0.500,0,1173292,1717772,167968,4871672,235532.763,9625.320,4273.030,372.090,48.012,10.002,5244,7551,1.710,0.910,0.530,3,0,252.061,0,0,10,7,4,18,0
14-05 17:02:57,46.239,4.499,48.988,0,0,1290556,1598812,168004,4873276,312474.131,9163.746,587.855,11249.233,8.998,60.985,1825,1642,1.710,0.910,0.530,3,0,3.999,0,0,10,7,4,12,0
14-05 17:02:58,50.277,3.002,46.275,0.250,0,1325884,1559472,168136,4877060,934842.401,21931.646,0,3053.621,0,74.039,3314,6674,1.710,0.910,0.530,4,0,0,0,0,10,5,4,12,0
14-05 17:02:59,28.879,5.228,65.724,0,0,1318444,1566056,168136,4877524,12318.300,1613.229,0,3.983,0,0.996,1779,3099,1.710,0.910,0.530,3,0,119.498,0,0,10,4,4,12,0
14-05 17:03:00,18.539,4.259,75.407,0.251,0,1362056,1521316,168176,4878692,783957.415,16924.219,0,1290.686,0,49.102,2138,2258,1.710,0.910,0.530,2,0,24.050,0,0,10,6,4,12,0
14-05 17:03:01,45.962,3.747,50.958,0.250,0,1408688,1473244,168188,4880012,538914.551,9592.125,0,1478.786,0,9.992,1651,1468,1.650,0.910,0.530,3,0,2.998,0,0,10,4,4,12,0
14-05 17:03:02,36.057,3.506,58.593,0.751,0.250,1434928,1446532,168264,4880392,24468.002,6327.085,0,1911.046,0,216.345,3049,4917,1.650,0.910,0.530,2,0,4.006,0,0,10,12,4,12,0
14-05 17:03:03,22.165,5.479,71.973,0.249,0,1387548,1493076,168276,4881240,592564.589,14360.783,195.249,9706.678,11.954,28.889,2027,2163,1.650,0.910,0.530,2,0,43.831,0,0,10,6,4,14,0
14-05 17:03:04,23.270,4.003,72.313,0.751,0.250,1352348,1527092,168288,4882176,440195.410,18159.817,240.209,2233.946,60.052,20.017,2595,3527,1.650,0.910,0.530,3,0,46.040,0,0,10,30,4,14,0
14-05 17:03:05,42.486,4.249,52.482,0,0,1406144,1471952,168288,4883488,466368.233,19715.415,0,1511.495,0,8.997,2085,2144,1.650,0.910,0.530,3,0,2.999,0,0,10,28,4,14,0
14-05 17:03:06,51.465,9.289,39.415,0,0,1446004,1432112,168300,4883448,10613.311,3739.613,0,196.822,0,6.025,2112,2889,1.680,0.930,0.540,4,0,163.683,0,0,10,28,4,14,0
14-05 17:03:07,45.689,7.490,46.937,0,0,1374232,1503800,168304,4883540,5710.365,1691.738,0,259.653,0,19.973,4226,8905,1.680,0.930,0.540,3,0,43.941,0,0,10,28,4,17,0
14-05 17:03:08,73.346,20.527,5.007,0,0.250,1512068,1365844,168304,4883692,5204.829,1534.013,0,34425.166,0,87.114,2717,4517,1.680,0.930,0.540,7,0,435.571,0,0,10,28,4,17,0
14-05 17:03:09,83.830,11.261,4.254,0,0.250,1650032,1227836,168324,4883716,5675.403,1715.633,0,1121.067,0,21.020,7302,13542,1.680,0.930,0.540,7,0,112.107,0,0,10,30,4,17,0
14-05 17:03:10,58.701,11.740,28.976,0,0,1377764,1499840,168340,4883964,6397.671,1456.786,0,355.704,0,37.968,3688,7374,1.680,0.930,0.540,1,1,249.792,0,0,10,29,4,18,0
14-05 17:03:11,20.659,5.476,72.929,0,0.249,1361832,1515624,168348,4884104,5910.008,1451.616,0,1115.096,0,29.869,1632,2311,1.620,0.930,0.540,2,0,61.729,0,0,10,28,4,18,0
14-05 17:03:12,21.317,5.517,71.976,0.502,0,1330348,1547080,168364,4884112,7432.375,1625.111,0,477.502,0,28.088,2500,4070,1.620,0.930,0.540,1,0,68.215,0,0,10,28,4,16,0
14-05 17:03:13,23.056,2.506,73.678,0,0,1380480,1496932,168368,4884124,5847.115,1461.528,0,5244.661,0,28.068,1187,1702,1.620,0.930,0.540,1,0,2.005,0,0,10,28,4,16,0
14-05 17:03:14,15.721,13.974,69.872,0.499,0.250,1314648,1562728,168404,4884124,6391.246,1617.026,0,2571.271,0,165.695,3577,5944,1.620,0.930,0.540,2,0,379.302,0,0,10,28,4,16,0
14-05 17:03:15,50.527,21.511,27.265,0,0,1465108,1412236,168404,4884156,7130.794,1620.862,0,2385.269,0,30.016,3187,5521,1.620,0.930,0.540,6,0,666.355,0,0,10,28,4,16,0
14-05 17:03:16,86.276,8.503,4.251,0,0.250,1633288,1243900,168408,4884364,7175.138,1694.505,0,108.032,0,6.002,3421,7026,1.900,1,0.560,6,0,2.001,0,0,10,31,4,16,0
14-05 17:03:17,76.502,11.000,12.000,0,0,1422184,1454780,168448,4884544,7048.190,1512.041,0,692.019,0,76.002,5444,12080,1.900,1,0.560,6,0,175.005,0,0,10,28,4,17,0
14-05 17:03:18,84.223,14.745,0.750,0,0.250,1633704,1243016,168460,4884768,6275.992,1565.499,0,72200.896,0,672.785,3770,5098,1.900,1,0.560,7,0,146.953,0,0,10,31,4,17,0
14-05 17:03:19,85.935,10.992,2.998,0,0,1518708,1357632,168460,4885096,6338.221,1618.779,0,167.873,0,12.990,4076,14202,1.900,1,0.560,6,0,150.886,0,0,10,30,4,17,0
14-05 17:03:20,43.840,9.964,44.836,0,0,1401912,1474224,168472,4885288,4808.459,1614.112,0,442.386,0,34.873,2943,5632,1.900,1,0.560,3,0,151.448,0,0,10,28,4,17,0
14-05 17:03:21,42.435,8.286,48.713,0,0.251,1310036,1566024,168472,4885364,5317.231,1627.109,0,241.053,0,20.088,3211,7093,1.900,1.020,0.570,5,0,75.329,0,0,10,28,4,17,0
14-05 17:03:22,53.937,16.731,27.967,0,0,1480188,1395708,168476,4885524,5779.273,1456.305,0,199.767,0,12.985,2380,3243,1.900,1.020,0.570,3,0,308.641,0,0,10,28,4,17,0
14-05 17:03:23,63.167,12.282,24.816,0.251,0,1413432,1462268,168492,4885704,8001.163,1698.493,0,8658.903,0,127.337,5364,12154,1.900,1.020,0.570,5,0,228.605,0,0,10,28,4,20,0
14-05 17:03:24,86.147,10.987,2.247,0,0,1575204,1300436,168496,4885752,5630.277,1510.197,0,151.819,0,8.989,2249,3958,1.900,1.020,0.570,5,0,37.955,0,0,10,31,4,20,0
14-05 17:03:25,65.986,13.997,19.246,0,0.250,1399592,1475688,168528,4886076,5161.937,1565.677,0,479.901,0,43.991,4421,11146,1.900,1.020,0.570,4,0,329.932,0,0,10,28,4,22,0
14-05 17:03:26,64.262,8.001,29.255,0,0,1512428,1362792,168540,4886124,5460.016,1620.301,0,272.051,0,19.004,2376,5791,1.990,1.050,0.580,6,0,0,0,0,10,30,4,24,0
14-05 17:03:27,63.969,15.183,21.406,0.498,0.249,1459568,1415436,168548,4886328,5455.009,1505.379,0,493.828,0,37.834,3231,7151,1.990,1.050,0.580,4,0,303.664,0,0,10,28,4,25,0
14-05 17:03:28,62.774,8.286,27.872,0.251,0,1388156,1486776,168552,4886376,5439.723,1572.859,0,1892.252,0,93.407,4644,9814,1.990,1.050,0.580,5,0,136.596,0,0,10,28,4,26,0
14-05 17:03:29,64.469,11.494,23.988,0,0.250,1508032,1366840,168552,4886436,5599.279,1619.213,0,231.887,0,14.993,1865,2696,1.990,1.050,0.580,5,0,157.923,0,0,10,30,4,26,0
14-05 17:03:30,59.505,11.001,28.753,0,0.250,1397188,1477112,168568,4886992,4687.431,1512.139,0,416.038,0,41.004,5428,10358,1.990,1.050,0.580,4,0,118.011,0,0,10,28,4,25,0
14-05 17:03:31,66.275,8.503,25.760,0,0,1452744,1421232,168572,4887312,4791.797,1566.587,0,1208.453,0,32.012,3472,6549,2.070,1.080,0.600,6,0,35.013,0,0,10,30,4,28,0
14-05 17:03:32,78.989,16.498,3.999,0,0,1524780,1349124,168584,4887356,4366.367,1693.754,0,463.933,0,35.995,3208,6770,2.070,1.080,0.600,7,0,407.941,0,0,10,28,4,28,0
14-05 17:03:33,82.750,15.000,2.000,0,0,1539112,1334500,168616,4887584,5099.969,1693.990,0,6227.963,0,219.999,6085,11015,2.070,1.080,0.600,11,0,220.999,0,0,10,28,4,28,0
14-05 17:03:34,84.957,13.993,0.999,0,0,1601224,1272192,168624,4887768,5110.414,1511.235,0,295.850,0,20.989,3028,5047,2.070,1.080,0.600,9,0,235.881,0,0,10,29,4,28,0
14-05 17:03:35,83.957,12.993,3.248,0,0,1513380,1359832,168632,4887964,4948.471,1693.135,0,279.857,0,20.989,4184,10349,2.070,1.080,0.600,7,0,289.852,0,0,10,29,4,28,0
14-05 17:03:36,64.309,19.018,16.015,0.250,0.250,1452328,1420632,168640,4888208,6732.221,1567.448,0,172.159,0,10.009,5327,11590,2.310,1.150,0.620,5,0,596.551,0,0,10,28,4,28,0
14-05 17:03:37,27.538,23.782,49.067,0,0,1320012,1552876,168640,4888280,6068.283,1514.067,0,8.011,0,2.003,5156,9422,2.310,1.150,0.620,4,0,810.106,0,0,10,28,4,28,0
14-05 17:03:38,57.691,26.972,14.735,0,0.250,1491444,1381404,168640,4888320,5504.353,1618.340,0,1474.487,0,16.983,3054,6046,2.310,1.150,0.620,7,0,856.122,0,0,10,28,4,25,0
14-05 17:03:39,81.361,11.015,6.759,0,0.501,1471916,1400636,168684,4888548,5331.293,1642.247,0,1005.375,0,75.103,4023,10347,2.310,1.150,0.620,5,0,126.173,0,0,10,29,4,25,0
14-05 17:03:40,80.326,15.217,4.740,0,0,1532600,1339908,168684,4888588,5151.857,1616.504,0,247.465,0,19.957,3813,6731,2.310,1.150,0.620,5,0,188.592,0,0,10,29,4,25,0
14-05 17:03:41,63.518,9.253,25.257,0,0,1579336,1292780,168688,4888960,4566.306,1512.433,0,152.043,0,10.003,5963,19198,2.520,1.210,0.650,4,0,34.010,0,0,10,32,4,31,0
14-05 17:03:42,72.377,9.767,17.531,0,0.250,1460460,1411432,168696,4889172,5355.388,1795.147,0,753.321,0,64.112,5145,14388,2.520,1.210,0.650,6,0,92.162,0,0,10,28,5,33,0
14-05 17:03:43,84.113,10.233,4.493,0,0,1567976,1303732,168696,4889352,5387.256,1691.255,0,155.747,0,8.985,3797,7960,2.520,1.210,0.650,7,0,35.942,0,0,10,29,5,34,0
14-05 17:03:44,61.249,9.000,28.750,0,0,1537244,1334356,168700,4889452,8449.916,1553.984,0,171.998,0,8.000,7901,17591,2.520,1.210,0.650,5,0,72.999,0,0,10,31,5,37,0
14-05 17:03:45,75.454,14.491,9.244,0,0.250,1469668,1401564,168704,4889808,4903.989,1638.994,0,163.899,0,9.994,4913,10844,2.520,1.210,0.650,7,0,207.872,0,0,10,29,5,40,0
14-05 17:03:46,80.307,10.257,7.756,0,0,1521584,1349316,168704,4890136,8242.852,1567.113,0,196.139,0,19.013,5138,12775,2.640,1.260,0.660,5,0,32.023,0,0,10,28,5,40,0
14-05 17:03:47,82.259,14.752,2.750,0,0,1547236,1323608,168704,4890168,5111.583,1650.188,0,128.015,0,9.001,2358,4273,2.640,1.260,0.660,5,0,110.013,0,0,10,28,5,40,0
14-05 17:03:48,76.500,14.500,8.000,0,0.250,1458112,1412532,168716,4890352,6822.986,1693.997,0,447.999,0,47.000,5335,13135,2.640,1.260,0.660,5,0,184.000,0,0,10,28,5,40,0
14-05 17:03:49,85.149,10.737,4.245,0,0.250,1571304,1299292,168716,4890388,5620.340,1691.995,0,1753.922,0,71.915,2926,6628,2.640,1.260,0.660,3,0,63.924,0,0,10,31,5,40,0
14-05 17:03:50,78.561,12.259,7.756,0,0,1463504,1406948,168720,4890588,5748.438,1567.210,0,160.124,0,10.008,3840,8302,2.640,1.260,0.660,7,0,170.131,0,0,10,28,5,41,0
14-05 17:03:51,79.809,8.256,11.008,0,0,1581392,1288788,168732,4890840,5376.968,1513.117,0,292.216,0,34.025,3990,9119,2.750,1.310,0.680,9,0,1.001,0,0,10,30,5,46,0
14-05 17:03:52,69.596,14.416,15.410,0,0,1477136,1392884,168744,4890988,6860.156,1610.645,0,389.736,0,35.792,2897,5341,2.750,1.310,0.680,7,0,270.429,0,0,10,28,5,46,0
14-05 17:03:53,60.320,10.305,28.652,0.251,0.251,1332920,1536624,168748,4891440,6447.254,1574.365,0,329.752,0,28.150,5967,11793,2.750,1.310,0.680,4,0,135.721,0,0,10,28,5,47,0
14-05 17:03:54,64.290,10.507,24.515,0.250,0,1516164,1353336,168748,4891464,4719.945,1554.970,0,6407.999,0,158.099,2256,2689,2.750,1.310,0.680,3,0,114.071,0,0,10,29,5,47,0
14-05 17:03:55,58.462,10.200,30.848,0,0,1387440,1481832,168752,4891688,10414.759,1612.069,0,433.865,0,41.794,5024,11127,2.750,1.310,0.680,3,0,159.217,0,0,10,28,5,50,0
14-05 17:03:56,44.995,5.999,47.994,0.250,0.250,1458052,1411048,168752,4891856,7973.027,1607.804,0,359.956,0,28.996,2769,5504,2.690,1.320,0.690,5,0,2.000,0,0,10,28,5,53,0
14-05 17:03:57,43.730,8.042,48.253,0,0,1441756,1427200,168752,4892000,5749.189,1668.763,0,233.225,0,15.079,1939,2435,2.690,1.320,0.690,2,0,43.227,0,0,10,28,5,53,0
14-05 17:03:58,43.440,7.240,48.434,0,0.250,1387216,1481700,168760,4892028,11603.081,1617.780,0,307.578,0,28.960,3412,6142,2.690,1.320,0.690,3,0,68.905,0,0,10,28,5,57,0
14-05 17:03:59,47.255,5.000,48.005,0,0.250,1451428,1417468,168760,4892048,13083.256,1566.150,0,224.022,0,14.001,3604,6501,2.690,1.320,0.690,6,0,1.000,0,0,10,29,5,59,1
14-05 17:04:00,38.003,15.001,47.004,0,0,1417864,1450848,168768,4892220,11134.924,1512.126,0,332.028,0,29.002,3128,4669,2.690,1.320,0.690,3,0,331.027,0,0,10,28,5,60,0
14-05 17:04:01,44.313,7.260,47.818,0,0,1394256,1474440,168776,4892228,8013.475,1568.246,0,280.402,0,24.034,3198,7329,2.800,1.360,0.710,2,0,79.113,0,0,10,29,5,61,0
14-05 17:04:02,24.967,8.988,66.162,0.250,0.250,1384900,1483676,168780,4892340,5141.167,1509.993,0,1865.521,0,16.977,1993,3073,2.800,1.360,0.710,3,0,245.673,0,0,10,28,5,61,0
14-05 17:04:03,24.911,1.495,72.242,0,0,1395956,1472616,168784,4892340,6388.188,1614.236,0,247.118,0,22.918,3079,6661,2.800,1.360,0.710,3,0,0,0,0,10,28,5,62,0
14-05 17:04:04,9.280,21.569,68.721,0.251,0,1331764,1536572,168784,4892576,5632.107,1699.464,0,654.103,0,18.058,3010,4327,2.800,1.360,0.710,4,0,461.484,0,0,10,28,5,62,0
14-05 17:04:05,40.291,11.262,48.800,0,0,1459376,1408588,168868,4892824,5423.543,1621.657,0,468.479,0,26.027,2086,2903,2.800,1.360,0.710,2,0,170.174,0,0,10,28,5,64,0
14-05 17:04:06,38.724,5.246,45.719,8.994,0.250,1521496,1340364,169460,4897672,5401.311,1564.931,315.784,16912.449,17.988,1519.962,9054,16334,2.730,1.370,0.710,3,0,70.952,0,0,10,32,5,64,0
14-05 17:04:07,37.676,6.238,42.417,13.224,0,1489348,1368924,170184,4900440,5453.360,1509.056,0,36069.628,0,3137.878,14700,26062,2.730,1.370,0.710,7,0,83.836,0,0,10,32,5,64,0
14-05 17:04:08,40.400,6.775,43.160,9.033,0.251,1371352,1486288,170612,4900600,5276.555,1626.026,0,28585.939,0,2301.529,10056,17390,2.730,1.370,0.710,2,0,26.097,0,0,10,28,5,64,0
14-05 17:04:09,44.890,6.235,48.382,0.499,0,1506812,1350744,170632,4900624,8599.001,1655.956,0,1560.190,0,167.591,2379,3253,2.730,1.370,0.710,9,0,7.981,0,0,10,30,5,61,0
14-05 17:04:10,37.786,8.008,45.543,10.260,0.250,1445780,1410764,171092,4901152,6137.788,1513.427,0,17572.571,0,2510.367,16389,28280,2.730,1.370,0.710,3,0,1.001,0,0,10,30,5,61,0
14-05 17:04:11,28.461,7.739,62.663,0.999,0,1444356,1412140,171124,4901164,6121.516,1617.758,0,3982.480,0,240.666,2390,3400,2.670,1.380,0.720,1,0,101.859,0,0,10,28,5,60,0
14-05 17:04:12,23.919,2.741,73.004,0.249,0,1403944,1452520,171132,4901184,5729.714,1560.747,0,422.578,0,18.936,1166,1513,2.670,1.380,0.720,2,0,2.990,0,0,10,28,5,60,0
14-05 17:04:13,23.484,3.248,70.702,0.999,0,1449276,1407188,171152,4901164,7572.903,1658.884,0,6371.712,0,349.765,2074,2785,2.670,1.380,0.720,2,0,1.999,0,0,10,32,5,60,0
14-05 17:04:14,22.836,3.764,74.028,0,0,1423448,1432976,171156,4901200,5699.367,1700.375,0,60.226,0,5.019,885,1186,2.670,1.380,0.720,1,0,3.011,0,0,10,32,5,60,0
14-05 17:04:15,23.177,3.240,73.517,0.249,0.249,1361580,1494760,171164,4901268,5111.791,1561.050,0,2591.781,0,161.488,1013,1155,2.670,1.380,0.720,2,0,2.991,0,0,10,32,5,60,0
14-05 17:04:16,23.248,2.750,73.493,0,0,1439944,1416392,171164,4901272,7771.293,1585.856,0,0,0,0,984,1194,2.620,1.390,0.730,2,0,4.000,0,0,10,32,5,60,0
14-05 17:04:17,24.348,2.008,73.796,0,0,1382352,1473892,171176,4901348,7120.561,1626.524,0,8.032,0,2.008,929,1098,2.620,1.390,0.730,2,0,1.004,0,0,10,32,5,59,0
14-05 17:04:18,22.922,2.741,73.498,0,0,1394276,1461944,171176,4901392,9046.026,1560.656,0,0,0,0,1041,1225,2.620,1.390,0.730,2,0,4.983,0,0,10,32,5,59,0
14-05 17:04:19,23.496,3.000,73.488,0.250,0.250,1448456,1407764,171176,4901392,6611.929,1511.755,0,1619.738,0,156.975,1054,1160,2.620,1.390,0.730,5,0,3.000,0,0,10,32,5,59,0
14-05 17:04:20,22.734,3.498,71.950,0.500,0,1420100,1436064,171192,4901424,6837.221,1692.817,0,619.567,0,32.977,1206,1635,2.620,1.390,0.730,2,0,2.998,0,0,10,32,5,59,0
14-05 17:04:21,23.596,1.757,73.801,0,0.251,1416900,1439200,171200,4901476,5733.398,1700.942,0,68.279,0,4.016,944,1117,2.490,1.390,0.730,3,0,3.012,0,0,10,32,5,59,0
14-05 17:04:22,19.506,6.502,73.523,0,0,1347104,1508988,171200,4901484,5378.673,1694.527,0,4.001,0,1.000,1235,1556,2.490,1.390,0.730,2,0,64.020,0,0,10,32,5,59,0
14-05 17:04:23,9.238,20.474,69.663,0,0.250,1350832,1505100,171208,4901628,5853.700,1617.982,0,527.342,0,5.993,2831,4188,2.490,1.390,0.730,2,0,391.512,0,0,10,32,5,56,0
14-05 17:04:24,10.278,18.299,70.189,0,0.251,1352436,1503452,171212,4901660,5655.213,1644.423,0,629.694,0,10.027,2914,4527,2.490,1.390,0.730,1,0,416.119,0,0,10,32,5,56,0
14-05 17:04:25,9.976,20.202,69.835,0,0,1351544,1504248,171212,4901756,5286.513,1508.437,0,139.670,0,4.988,3090,4717,2.490,1.390,0.730,2,0,436.968,0,0,10,32,5,54,0
14-05 17:04:26,20.436,4.486,73.518,0,0,1414056,1441700,171212,4901784,5158.724,1614.905,0,0,0,0,1322,1785,2.370,1.380,0.730,2,0,69.780,0,0,10,32,5,54,0
14-05 17:04:27,24.355,3.013,72.313,0.753,0,1351740,1503988,171232,4901792,5392.327,1627.039,0,4877.098,0,248.073,1663,2311,2.370,1.380,0.730,3,0,3.013,0,0,10,32,5,54,0
14-05 17:04:28,22.147,3.733,73.906,0,0,1429848,1425900,171232,4901772,5574.086,1451.253,0,39.815,0,4.977,974,1174,2.370,1.380,0.730,3,0,3.981,0,0,10,32,5,51,0
14-05 17:04:29,22.004,3.751,73.262,0,0,1377096,1478628,171232,4901796,4544.768,1768.299,0,20.003,0,1.000,975,1171,2.370,1.380,0.730,3,0,4.001,0,0,10,32,5,51,0
14-05 17:04:30,24.224,2.248,73.420,0.250,0,1443872,1411848,171240,4901792,4873.697,1618.239,0,431.530,0,33.963,1206,1658,2.370,1.380,0.730,4,0,1.998,0,0,10,32,5,49,0
14-05 17:04:31,24.166,1.762,74.009,0,0,1389344,1466360,171240,4901804,6162.341,1468.087,0,56.387,0,5.035,963,1177,2.260,1.370,0.730,2,0,3.021,0,0,10,32,5,49,0
14-05 17:04:32,23.876,1.990,73.617,0,0.249,1450600,1405124,171240,4901784,7070.186,1611.608,0,67.648,0,1.990,967,1176,2.260,1.370,0.730,3,0,1.990,0,0,10,32,5,44,0
14-05 17:04:33,23.491,2.749,74.220,0,0,1408908,1446796,171240,4901804,5380.853,1619.354,0,0,0,0,980,1161,2.260,1.370,0.730,4,0,2.999,0,0,10,32,5,44,0
14-05 17:04:34,22.256,3.501,73.520,0,0.250,1351912,1503792,171240,4901804,5398.495,1458.404,0,16.004,0,2.001,925,1081,2.260,1.370,0.730,5,0,3.001,0,0,10,32,5,44,0
14-05 17:04:35,23.746,2.500,74.237,0,0,1429800,1425928,171240,4901780,5394.024,1619.707,0,207.962,0,3.999,983,1214,2.260,1.370,0.730,3,0,3.999,0,0,10,32,5,44,0
14-05 17:04:36,23.329,2.509,74.252,0,0.502,1376272,1479432,171240,4901804,4956.828,1625.519,0,24.082,0,1.003,879,1062,2.160,1.370,0.740,3,0,1.003,0,0,10,32,5,44,0
14-05 17:04:37,24.161,2.491,73.478,0,0,1449676,1406104,171248,4901716,5241.606,1526.352,0,91.661,0,2.989,978,1195,2.160,1.370,0.740,3,0,3.985,0,0,10,32,5,44,0
14-05 17:04:38,23.138,3.018,73.689,0,0,1403548,1452016,171248,4901932,4889.115,1704.148,0,88.527,0,1.006,949,1144,2.160,1.370,0.740,2,0,3.018,0,0,10,32,5,44,0
14-05 17:04:39,24.231,1.749,73.691,0,0,1409452,1446112,171248,4901932,5472.600,1618.699,0,11.990,0,0.999,991,1235,2.160,1.370,0.740,2,0,3.997,0,0,10,32,5,44,0
14-05 17:04:40,22.649,3.484,73.173,0,0,1347596,1507952,171256,4901932,4603.436,1612.796,0,2054.821,0,32.853,1195,1594,2.160,1.370,0.740,2,0,2.987,0,0,10,32,5,44,0
14-05 17:04:41,28.495,3.999,66.987,0.250,0,1418392,1437168,171256,4901704,5092.027,1457.722,0,671.872,0,117.977,1564,2779,2.070,1.360,0.740,2,0,35.993,0,0,10,32,5,45,0
14-05 17:04:42,22.008,4.001,74.277,0,0,1416004,1439548,171256,4901924,5063.874,1620.600,0,0,0,0,955,1157,2.070,1.360,0.740,2,0,3.001,0,0,10,32,5,38,0
14-05 17:04:43,19.752,7.751,73.006,0,0,1344712,1510836,171256,4901924,5712.497,1704.148,0,40.003,0,4.000,1416,1863,2.070,1.360,0.740,3,0,106.009,0,0,10,32,5,38,0
14-05 17:04:44,13.041,15.800,70.472,0,0,1381324,1474176,171256,4901972,5322.756,1462.604,0,72.227,0,6.019,2232,3307,2.070,1.360,0.740,2,0,288.909,0,0,10,32,5,33,0
14-05 17:04:45,23.252,3.000,73.257,0,0,1439860,1415460,171264,4902144,6611.615,1694.158,0,0,0,0,1001,1200,2.070,1.360,0.740,2,0,2.000,0,0,10,32,5,33,0
14-05 17:04:46,22.675,2.990,74.007,0,0,1420024,1435228,171264,4902208,6267.380,1688.445,0,143.528,0,3.987,1032,1274,1.980,1.350,0.740,2,0,10.964,0,0,10,32,5,29,0
14-05 17:04:47,17.060,13.046,69.995,0,0.251,1347744,1507504,171264,4902212,5898.675,1463.128,0,48.169,0,2.007,2224,3336,1.980,1.350,0.740,2,0,293.027,0,0,10,32,5,29,0
14-05 17:04:48,10.992,18.986,69.449,0,0,1352400,1502716,171264,4902312,4883.416,1618.812,0,231.830,0,6.995,3160,4975,1.980,1.350,0.740,3,0,489.641,0,0,10,32,5,29,0
14-05 17:04:49,9.246,20.492,68.972,0,0.500,1351904,1503168,171264,4902348,4826.017,1457.401,0,375.846,0,8.996,3140,4870,1.980,1.350,0.740,2,0,481.802,0,0,10,32,5,29,0
14-05 17:04:50,10.231,19.963,68.624,0.250,0.250,1351040,1503992,171268,4902380,4800.172,1617.026,0,2283.800,0,120.778,3469,5272,1.980,1.350,0.740,2,0,473.130,0,0,10,32,5,26,0
14-05 17:04:51,10.530,21.310,68.943,0,0,1349660,1505348,171268,4902400,8061.605,1624.555,0,1127.161,0,16.045,3084,4724,1.820,1.330,0.730,2,0,477.338,0,0,10,32,5,26,0
14-05 17:04:52,11.745,17.242,69.968,0,0,1355820,1499140,171268,4902444,10226.327,1511.309,0,751.656,0,9.995,2890,4269,1.820,1.330,0.730,3,0,402.816,0,0,10,32,5,21,0
14-05 17:04:53,9.505,19.010,70.035,0,0,1351324,1503608,171268,4902472,5543.783,1640.824,0,168.084,0,7.004,2928,4356,1.820,1.330,0.730,3,0,412.207,0,0,10,32,5,21,0
14-05 17:04:54,9.761,22.526,66.327,0,0,1352164,1502756,171280,4902472,7134.247,1621.875,0,504.583,0,24.028,3407,5429,1.820,1.330,0.730,3,0,525.608,0,0,10,32,5,22,0
14-05 17:04:55,50.543,20.914,28.633,0.249,0,1508600,1346260,171332,4902476,15129.092,1683.113,0,956.088,0,54.776,3610,6039,1.820,1.330,0.730,4,0,574.649,0,0,10,32,5,26,0
14-05 17:04:56,61.043,8.290,27.884,2.261,0.502,1637428,1210368,171764,4908472,11262.024,1615.751,413.986,14887.415,5.024,1100.278,7415,11575,1.920,1.360,0.750,4,0,53.255,0,0,10,38,5,23,0
14-05 17:04:57,39.250,12.500,36.000,13.250,0,1615108,1221128,172908,4918120,5609.972,1511.992,0,79747.601,0,6112.969,23699,41990,1.920,1.360,0.750,7,0,152.999,0,0,10,36,5,24,0
14-05 17:04:58,45.743,8.749,29.495,17.247,0,1647104,1177544,173588,4928644,13752.855,1619.747,0,89238.079,0,6635.965,26683,45954,1.920,1.360,0.750,4,0,77.988,0,0,10,36,5,19,0
14-05 17:04:59,47.205,10.490,25.976,15.485,0.500,1649384,1164868,174128,4938104,12401.306,1456.626,0,67772.091,0,5321.981,21804,37228,1.920,1.360,0.750,5,0,111.894,0,0,10,36,5,19,0
14-05 17:05:00,41.305,18.775,29.289,9.262,0,1574888,1232888,174408,4944220,12492.728,1622.172,364.488,58906.876,6.008,4323.790,21232,39279,1.920,1.360,0.750,6,0,338.453,0,0,10,35,5,17,0
14-05 17:05:01,41.687,15.477,31.952,11.233,0,1546360,1255648,174652,4949220,8474.246,1617.566,1605.584,47162.021,21.967,3817.255,19360,33560,2.080,1.400,0.760,6,0,254.617,0,0,10,34,5,17,0
14-05 17:05:02,35.458,7.241,43.449,12.485,0,1574972,1223048,174992,4952688,5976.947,1530.194,0,40955.672,0,3837.472,17078,30263,2.080,1.400,0.760,4,1,59.929,0,0,10,35,5,17,0
14-05 17:05:03,36.264,7.753,44.268,10.504,0,1533048,1264308,175220,4953052,11631.606,1694.671,0,42496.829,0,3917.551,18337,33070,2.080,1.400,0.760,4,0,96.038,0,0,10,34,5,18,0
14-05 17:05:04,38.047,8.510,40.550,13.266,0,1577020,1218948,175428,4954188,8385.297,1621.992,0,47802.702,0,4137.080,17621,31795,2.080,1.400,0.760,7,0,43.053,0,0,10,35,5,16,0
14-05 17:05:05,37.333,6.720,41.813,11.449,0,1520888,1273004,175632,4956048,10380.630,1525.187,0,44095.028,0,3928.452,20181,34611,2.080,1.400,0.760,10,0,68.693,0,0,10,34,5,18,0
14-05 17:05:06,37.786,7.007,44.292,8.508,0.250,1572920,1218824,175756,4958008,5887.640,1621.553,0,40779.066,0,3949.784,16152,28862,2.080,1.410,0.770,4,0,47.045,0,0,10,34,5,16,0
14-05 17:05:07,32.323,7.517,42.095,14.282,0,1572220,1216052,175908,4961244,5842.133,1461.285,0,45935.262,0,3960.904,19930,35750,2.080,1.410,0.770,3,0,48.108,0,0,10,36,5,18,0
14-05 17:05:08,32.286,9.761,41.797,15.267,0.250,1563304,1221980,176104,4963968,8903.043,1621.829,0,53880.778,0,4428.996,18507,32849,2.080,1.410,0.770,3,0,108.122,0,0,10,36,5,18,0
14-05 17:05:09,38.182,7.736,41.926,12.977,0.250,1537524,1244616,176304,4966820,6156.116,1784.844,0,45299.910,0,4017.896,19219,33634,2.080,1.410,0.770,3,0,129.771,0,0,10,36,5,18,0
14-05 17:05:10,37.086,6.766,40.093,15.787,0,1576996,1203124,176460,4968628,5370.443,1623.762,0,54963.350,0,4488.400,19665,32986,2.080,1.410,0.770,4,0,42.098,0,0,10,36,5,18,0
14-05 17:05:11,34.212,10.738,41.454,14.484,0,1580088,1204440,176540,4964096,5826.527,1618.202,0,38221.536,0,3643.952,16676,29547,2.070,1.420,0.780,3,0,76.915,0,0,10,36,5,18,0
14-05 17:05:12,38.926,7.735,43.667,10.480,0.250,1537056,1247400,176572,4964144,5166.220,1680.818,0,31256.831,0,2844.615,14513,25453,2.070,1.420,0.780,3,0,77.853,0,0,10,34,6,23,0
14-05 17:05:13,31.945,12.229,52.660,3.244,0,1458184,1326136,176584,4964264,7247.614,1691.110,0,15393.692,0,931.408,5796,8993,2.070,1.420,0.780,2,0,213.635,0,0,10,33,6,23,0
14-05 17:05:14,13.784,15.037,69.922,0.251,0,1388892,1395420,176584,4964272,5198.826,1461.606,0,966.384,0,63.156,3192,4905,2.070,1.420,0.780,2,0,297.735,0,0,10,32,6,23,0
14-05 17:05:15,30.309,18.536,49.596,0.250,0,1459088,1325044,176608,4964428,5457.588,1697.293,0,1150.231,0,79.154,3649,5677,2.070,1.420,0.780,4,0,500.972,0,0,10,32,6,29,0
14-05 17:05:16,67.358,8.699,24.110,0,0,1656068,1126496,176664,4965728,6654.299,1610.633,0,1276.575,0,28.832,1529,1446,2.140,1.450,0.790,4,0,8.948,0,0,10,32,6,29,0
14-05 17:05:17,62.247,6.024,28.112,3.263,0,1778476,997860,176884,4971220,7271.862,1548.145,0,12903.213,0,937.722,5829,8549,2.140,1.450,0.790,5,0,48.191,0,0,10,38,6,29,0
14-05 17:05:18,27.546,8.013,45.326,20.284,0.250,1776684,988564,177024,4981896,7770.054,1696.851,0,86561.423,0,6533.977,27703,46426,2.140,1.450,0.790,4,0,198.333,0,0,10,38,6,29,0
14-05 17:05:19,22.501,7.750,48.003,20.001,0,1782056,974256,177196,4990324,8074.436,1768.095,0,86672.680,0,6639.359,26862,46205,2.140,1.450,0.790,7,0,190.010,0,0,10,38,6,29,0
14-05 17:05:20,32.501,8.250,40.752,19.001,0,1660056,1088184,177280,4998064,4278.180,1458.061,0,70690.969,0,5638.237,24090,40036,2.140,1.450,0.790,5,0,216.009,0,0,10,36,6,29,0
14-05 17:05:21,41.252,9.000,30.752,17.751,0.250,1736384,1001776,177376,5007672,5641.299,1620.086,0,77188.091,0,5704.302,21051,38268,2.130,1.460,0.800,7,0,147.008,0,0,10,36,6,29,0
14-05 17:05:22,50.402,6.487,30.191,13.723,0,1780932,949108,177464,5015444,5149.988,1616.857,0,77577.190,0,5335.628,19236,35115,2.130,1.460,0.800,4,0,23.953,0,0,10,38,6,29,0
14-05 17:05:23,22.037,10.768,47.830,19.282,0,1662424,1057268,177512,5025364,5606.408,1460.451,0,80759.514,0,5987.046,24925,41719,2.130,1.460,0.800,3,0,108.182,0,0,10,36,6,29,0
14-05 17:05:24,20.244,6.498,48.486,20.494,0.500,1663108,1053488,177560,5028296,6332.145,1619.525,0,66640.474,0,5330.438,22814,37941,2.130,1.460,0.800,3,1,71.979,0,0,10,36,6,29,0
14-05 17:05:25,25.964,8.238,58.668,5.992,0,1402952,1312796,177564,5029076,6402.056,1617.740,0,16940.334,0,1462.956,8610,13369,2.130,1.460,0.800,2,0,176.753,0,0,10,32,6,29,0
14-05 17:05:26,20.032,7.011,72.114,1.002,0,1459076,1256636,177564,5029096,6050.578,1622.569,0,4459.059,0,224.355,2154,2956,2.040,1.450,0.800,2,0,102.162,0,0,10,32,6,29,0
14-05 17:05:27,22.455,3.493,73.354,0.250,0,1521036,1194672,177564,5029096,5947.183,1764.494,0,1381.255,0,85.829,1207,1663,2.040,1.450,0.800,2,0,0,0,0,10,36,6,29,0
14-05 17:05:28,22.314,4.513,71.704,1.504,0,1429524,1286168,177572,5029104,5710.269,1624.629,0,5852.674,0,421.200,2385,3201,2.040,1.450,0.800,2,0,27.077,0,0,10,32,6,29,0
14-05 17:05:29,23.949,2.744,73.345,0,0,1497308,1218380,177572,5029108,6830.560,1454.924,0,103.781,0,9.979,1042,1271,2.040,1.450,0.800,1,0,3.992,0,0,10,32,6,29,0
14-05 17:05:30,20.753,7.251,71.262,0,0,1408828,1306860,177572,5029108,6854.117,1620.264,0,140.023,0,20.003,1673,2370,2.040,1.450,0.800,5,0,118.019,0,0,10,32,6,29,0
14-05 17:05:31,15.500,32.999,50.498,0.250,0.250,1411488,1304160,177572,5029140,6259.812,1619.951,0,3447.897,0,66.998,5528,9395,2.040,1.460,0.800,1,0,1211.964,0,0,10,32,6,29,0
14-05 17:05:32,10.739,19.480,69.179,0,0,1409888,1305680,177572,5029196,4838.007,1498.454,0,255.736,0,17.981,2907,4239,2.040,1.460,0.800,2,0,447.538,0,0,10,32,6,29,0
14-05 17:05:33,9.017,18.284,71.632,0,0.250,1410356,1305140,177572,5029268,7191.261,1622.993,0,8.015,0,2.004,2719,4159,2.040,1.460,0.800,2,0,354.654,0,0,10,32,6,29,0
14-05 17:05:34,12.501,18.251,67.754,0,0.250,1410064,1305100,177572,5029812,5301.307,1694.098,0,156.009,0,15.001,4251,7175,2.040,1.460,0.800,2,0,398.023,0,0,10,32,6,29,0
14-05 17:05:35,35.754,11.751,51.255,0,0.250,1469708,1245292,177580,5029980,4847.504,1458.152,0,0,0,0,4225,8177,2.040,1.460,0.800,3,0,165.017,0,0,10,33,6,29,0
14-05 17:05:36,46.300,4.232,48.789,0,0,1593992,1121084,177580,5030016,4856.036,1613.037,0,7.966,0,0.996,1196,1217,2.040,1.470,0.810,4,0,3.983,0,0,10,33,6,29,0
14-05 17:05:37,47.758,7.289,44.993,0,0,1657472,1052608,177652,5034780,5519.796,1520.206,84.456,1126.079,1.005,147.798,2227,8115,2.040,1.470,0.810,3,0,7.038,0,0,10,49,6,29,0
14-05 17:05:38,20.977,13.485,65.180,0,0,1677524,1032036,177656,5034988,7555.832,1564.309,0,451.512,0,18.979,2344,3367,2.040,1.470,0.810,2,0,236.744,0,0,10,48,6,30,0
14-05 17:05:39,16.679,12.696,68.958,0,0,1682552,1026980,177656,5035172,5963.761,1613.173,0,155.343,0,9.958,4998,9956,2.040,1.470,0.810,1,0,201.149,0,0,10,48,6,30,0
14-05 17:05:40,0.749,0.749,97.409,0,0,1682300,1027140,177656,5035004,5394.940,1456.634,0,83.921,0,10.990,804,1325,2.040,1.470,0.810,1,0,2.997,0,0,10,48,6,30,0
14-05 17:05:41,1.252,1.753,95.920,0.250,0.250,1689164,1020336,177656,5035624,5914.480,1622.876,0,304.540,0,23.041,861,1330,1.870,1.450,0.810,5,0,34.060,0,0,10,48,6,30,0
14-05 17:05:42,4.245,1.748,93.644,0,0,1668292,1041208,177656,5035004,4981.381,1618.175,0,375.576,0,14.983,1181,3718,1.870,1.450,0.810,1,0,3.995,0,0,10,48,6,31,0
14-05 17:05:43,1.002,1.754,97.228,0,0,1668780,1040716,177656,5035008,6648.604,1814.258,0,0,0,0,769,1196,1.870,1.450,0.810,2,0,8.019,0,0,10,48,6,30,0
14-05 17:05:44,16.060,16.311,67.001,0,0,1664792,1044616,177656,5035156,4522.966,1591.971,0,0,0,0,3525,7916,1.870,1.450,0.810,6,0,232.874,0,0,10,48,6,30,0
14-05 17:05:45,10.994,14.741,73.207,0,0.250,1666664,1042716,177656,5035144,5676.702,1802.952,0,3.998,0,0.999,2982,4859,1.870,1.450,0.810,6,0,317.815,0,0,11,48,6,30,0
14-05 17:05:46,17.417,13.436,67.926,0,0,1674296,1034724,177656,5035292,8611.981,1685.970,0,1261.989,0,6.967,4853,9783,1.800,1.440,0.810,3,0,240.853,0,0,11,48,6,30,0
14-05 17:05:47,3.509,4.261,91.480,0.251,0,1676028,1032992,177656,5035320,5768.473,1624.075,0,292.734,0,11.028,1315,1977,1.800,1.440,0.810,2,0,106.267,0,0,11,48,6,30,0
14-05 17:05:48,15.186,13.942,68.214,0,0.249,1679808,1029048,177656,5035348,4786.924,1451.911,0,3.983,0,0.996,5361,9121,1.800,1.440,0.810,1,0,205.140,0,0,13,48,6,31,0
14-05 17:05:49,9.051,19.861,70.394,0,0.251,1677696,1031084,177656,5035360,5530.951,1629.117,0,168.945,0,15.084,3134,5184,1.800,1.440,0.810,2,0,435.437,0,0,13,50,6,31,0
14-05 17:05:50,17.684,15.692,63.266,0.747,0,1682668,1026132,177656,5035508,6449.106,1729.592,0,6029.660,0,304.870,6123,10007,1.800,1.440,0.810,3,0,247.085,0,0,13,50,6,31,0
14-05 17:05:51,30.343,23.071,45.890,0,0.251,1759232,949512,177668,5035528,5863.920,1536.696,0,3402.398,0,137.420,3667,6264,1.820,1.450,0.820,4,0,610.867,0,0,13,50,6,31,0
14-05 17:05:52,33.026,22.518,45.536,0,0,1813224,894332,177752,5036548,4900.926,1621.299,32.026,56.045,2.002,11.009,3754,7802,1.820,1.450,0.820,3,0,594.476,0,0,13,54,6,33,0
14-05 17:05:53,44.236,16.245,38.238,0,0,1894460,812792,177760,5036748,7218.748,1531.522,0,0,0,0,3154,10434,1.820,1.450,0.820,3,0,246.923,0,0,13,54,6,33,0
14-05 17:05:54,33.825,4.477,61.681,0,0.249,1990468,716332,177788,5037132,6295.396,1611.653,0,15.918,0,3.979,1187,2546,1.820,1.450,0.820,2,0,5.969,0,0,13,54,6,33,0
14-05 17:05:55,23.768,3.252,72.805,0.250,0,2033252,671264,178096,5038852,12920.691,1695.271,156.117,0,39.029,0,1147,1791,1.820,1.450,0.820,2,0,6.005,0,0,13,56,6,33,0
14-05 17:05:56,26.360,6.025,60.000,8.787,0,2052596,639572,178112,5050804,9139.083,1596.653,0,24534.234,0,2219.248,10563,20134,1.910,1.470,0.830,3,1,4.017,0,0,13,56,6,27,0
14-05 17:05:57,27.987,9.907,51.268,8.421,0.248,2139768,543696,178224,5058928,5645.939,1604.917,0,18918.207,0,1545.476,10114,20119,1.910,1.470,0.830,7,0,10.898,0,0,14,70,6,32,0
14-05 17:05:58,31.989,19.898,46.849,0,0,2237580,444396,178228,5060252,11916.888,1632.174,0,4130.812,0,109.819,5876,13935,1.910,1.470,0.830,2,0,471.517,0,0,14,93,6,38,0
14-05 17:05:59,13.469,16.712,68.095,0.748,0,2242008,439628,178228,5060844,5902.601,1763.996,0,8476.758,0,382.133,4761,8464,1.910,1.470,0.830,2,0,361.180,0,0,14,93,6,38,0
14-05 17:06:00,34.896,13.306,51.466,0,0,2321832,359664,178232,5060944,11826.625,1626.826,0,682.865,0,33.139,4497,8408,1.910,1.470,0.830,3,0,161.678,0,0,14,94,6,36,0
14-05 17:06:01,35.696,8.986,54.168,0.250,0,2408568,272184,178252,5061628,9514.566,1455.792,0,1090.346,0,62.905,2258,3564,1.920,1.480,0.830,3,0,102.844,0,0,14,97,6,37,0
14-05 17:06:02,10.746,17.244,71.474,0.500,0.250,2411228,269504,178252,5061648,5903.869,1619.415,0,2339.156,0,132.952,3131,4735,1.920,1.480,0.830,2,0,358.870,0,0,14,97,6,36,0
14-05 17:06:03,7.774,19.309,71.470,0,0,2413944,266744,178252,5061676,6131.862,1462.499,0,60.185,0,6.019,2800,4178,1.920,1.480,0.830,2,0,336.034,0,0,14,97,6,36,0
14-05 17:06:04,15.897,10.929,72.035,0,0.248,2453744,226908,178252,5061708,6481.145,1651.336,0,119.230,0,11.923,2089,3021,1.920,1.480,0.830,2,0,198.717,0,0,14,97,6,34,0
14-05 17:06:05,24.497,2.500,72.991,0,0.250,2486436,194204,178252,5061720,5408.340,1619.802,0,383.953,0,12.998,1705,2743,1.920,1.480,0.830,2,0,0,0,0,14,99,6,35,0
14-05 17:06:06,20.505,6.502,72.769,0,0,2473300,207184,178252,5061876,4716.207,1548.396,0,1312.336,0,15.004,1685,2523,1.850,1.470,0.830,2,0,65.017,0,0,14,99,6,32,0
14-05 17:06:07,26.550,4.008,67.377,1.503,0,2508244,171972,178264,5062088,6101.471,1697.191,0,1538.893,0,219.412,3904,7318,1.850,1.470,0.830,2,0,3.006,0,0,14,104,6,32,0
14-05 17:06:08,29.446,7.736,61.387,0.250,0,2499044,180920,178268,5062332,6019.887,1690.879,0,1724.816,0,147.727,3192,5485,1.850,1.470,0.830,2,0,114.788,0,0,14,106,6,32,0
14-05 17:06:09,22.999,3.750,72.245,0.500,0,2558008,121952,178268,5062336,6003.610,1551.899,0,2591.832,0,231.985,1619,2407,1.850,1.470,0.830,3,0,2.000,0,0,14,112,6,32,0
14-05 17:06:10,30.710,5.790,63.182,1.007,0.252,2504992,192368,177460,5046424,6299.041,1631.146,728.981,1989.595,33.227,188.287,3380,5883,1.850,1.470,0.830,3,0,42.289,0,0,14,111,6,34,0
14-05 17:06:11,42.636,9.973,45.379,1.247,0,2610060,132140,176012,5003032,6598.376,1615.685,1444.143,6311.143,44.880,605.383,3007,2644,2.020,1.520,0.850,3,0,66.822,0,0,14,116,6,34,0
14-05 17:06:12,30.368,6.223,61.732,0.498,0,2624004,136580,175980,4984796,6791.471,1451.688,1286.407,390.303,25.887,26.883,1736,2415,2.020,1.520,0.850,2,0,56.753,0,0,14,115,6,33,0
14-05 17:06:13,21.506,6.252,71.271,0,0.250,2596196,180200,175928,4969060,5450.581,1620.470,556.161,420.122,17.005,36.010,1766,2701,2.020,1.520,0.850,2,0,51.015,0,0,14,115,6,35,0
14-05 17:06:14,23.766,2.502,73.801,0,0,2654692,121368,175928,4969396,6104.206,1621.117,176.121,288.199,8.006,16.011,1133,1557,2.020,1.520,0.850,2,0,2.001,0,0,14,118,6,32,0
14-05 17:06:15,20.853,7.035,70.851,0.754,0.502,2638416,153540,175752,4953804,6606.776,1702.446,337.675,763.789,11.055,84.419,2209,3479,2.020,1.520,0.850,2,0,84.419,0,0,14,115,6,33,0
14-05 17:06:16,22.923,5.482,71.013,0,0,2615956,173964,175752,4955840,6748.453,1616.599,2104.967,478.402,155.481,40.863,1730,2490,1.940,1.510,0.850,2,0,53.820,0,0,14,115,6,28,0
14-05 17:06:17,23.200,2.994,72.595,0.249,0,2670768,134776,175600,4940540,6374.378,1616.545,0,2478.703,0,144.691,1566,2275,1.940,1.510,0.850,2,0,2.994,0,0,14,115,6,28,0
14-05 17:06:18,25.254,5.501,65.759,1.500,0,2620424,184824,175600,4940916,6999.008,1620.233,308.044,2552.368,20.003,343.049,4852,8970,1.940,1.510,0.850,3,0,55.008,0,0,14,119,6,29,0
14-05 17:06:19,22.998,3.250,72.495,0.250,0,2673088,132156,175600,4940920,6091.555,1457.894,0,1723.874,0,100.993,1317,2069,1.940,1.510,0.850,2,0,3.000,0,0,14,122,6,29,0
14-05 17:06:20,31.156,4.271,63.067,1.005,0,2685348,135248,175436,4925732,5092.580,1670.390,0,1696.522,0,199.000,4011,7159,1.940,1.510,0.850,3,0,0,0,0,14,121,6,29,0
14-05 17:06:21,30.583,6.216,61.165,0.497,0,2666904,153440,175456,4926056,6127.458,1611.180,286.432,1833.961,9.946,143.216,2845,4589,1.860,1.500,0.850,2,0,72.603,0,0,14,123,6,30,0
14-05 17:06:22,23.575,5.016,71.980,0.752,0,2623100,197240,175456,4926060,5172.526,1462.673,0,1203.846,0,119.381,2452,4030,1.860,1.500,0.850,2,0,49.157,0,0,14,123,6,31,0
14-05 17:06:23,20.688,6.231,71.534,0,0,2678208,142076,175456,4926116,5554.226,1688.900,3.988,1008.953,0.997,60.816,1685,2384,1.860,1.500,0.850,2,0,99.699,0,0,14,123,6,31,0
14-05 17:06:24,25.074,3.260,70.207,0.501,0.501,2690412,129728,175460,4926256,5748.959,1624.793,0,1167.444,0,128.379,2998,5083,1.860,1.500,0.850,3,0,0,0,0,14,125,5,31,0
14-05 17:06:25,32.599,5.266,60.934,0.251,0.251,2632912,185960,175460,4927492,5837.659,1462.424,1163.520,1653.000,14.042,136.413,3358,5927,1.860,1.500,0.850,3,0,49.149,0,0,14,123,5,32,0
14-05 17:06:26,31.065,10.935,54.674,1.491,0.249,2687044,129304,175460,4930016,6192.077,1789.330,2123.339,6859.099,71.573,453.297,5381,9283,1.870,1.510,0.860,2,0,240.566,0,0,14,123,5,32,0
14-05 17:06:27,36.180,7.789,55.274,0.502,0,2645812,187588,175292,4913172,7205.777,1551.704,32.160,3899.360,7.035,377.876,4172,6638,1.870,1.510,0.860,2,0,135.674,0,0,14,123,5,34,0
14-05 17:06:28,10.021,20.041,69.644,0.251,0,2659516,173708,175296,4913504,6773.981,2022.174,480.993,476.984,10.021,34.070,3246,5269,1.870,1.510,0.860,1,0,404.836,0,0,14,123,5,34,0
14-05 17:06:29,19.475,14.981,62.920,0,0,2680308,152520,175296,4913976,6423.855,1707.834,163.792,391.504,8.989,21.972,6002,10176,1.870,1.510,0.860,2,0,237.699,0,0,14,123,5,34,0
14-05 17:06:30,31.517,21.511,45.524,0,0.250,2728624,131168,174612,4888040,6003.194,1620.862,72.038,444.236,18.010,31.017,3762,6397,1.870,1.510,0.860,3,0,574.306,0,0,14,123,5,34,0
14-05 17:06:31,44.714,21.483,30.975,1.499,0,2832044,125888,174252,4792868,5368.732,1618.713,1786.580,12238.271,80.936,1513.797,10740,17617,1.880,1.520,0.870,5,0,278.778,0,0,16,135,5,34,0
14-05 17:06:32,52.709,25.730,21.233,0.250,0.250,2946356,133556,174216,4673376,4840.234,1762.629,103.919,1566.781,11.991,199.845,4081,6714,1.880,1.520,0.870,3,1,647.496,0,0,16,135,5,34,0
14-05 17:06:33,60.042,19.263,18.263,0.500,0.250,3031492,130236,174196,4593376,7004.882,1617.127,1985.384,6064.227,96.067,399.278,9308,21839,1.880,1.520,0.870,3,0,254.177,0,0,16,151,5,34,0
14-05 17:06:34,35.278,22.518,41.533,0.250,0,3094752,137880,174212,4524084,5238.159,1621.287,224.178,284.226,15.012,14.011,3568,5535,1.880,1.520,0.870,4,0,527.419,0,0,16,151,5,34,0
14-05 17:06:35,21.736,18.239,58.463,0,0,3120800,138232,174216,4498792,5143.785,1692.942,0,243.848,0,14.991,4147,7109,1.880,1.520,0.870,4,0,415.740,0,0,17,151,5,34,0
14-05 17:06:36,25.956,16.472,57.154,0,0,3148012,128048,174216,4481928,6604.877,1455.549,79.866,275.536,0.998,21.963,5945,13538,1.970,1.540,0.880,3,0,277.533,0,0,17,153,5,34,0
14-05 17:06:37,32.545,22.031,43.561,0,0.250,3224884,130656,174216,4404192,5443.577,1622.258,0,528.736,0,49.068,4571,8622,1.970,1.540,0.880,3,0,465.648,0,0,17,157,5,34,0
14-05 17:06:38,41.209,21.229,36.714,0,0,3327496,124820,174228,4309096,5388.665,1708.309,335.668,447.557,12.987,42.957,6710,14074,1.970,1.540,0.880,4,0,368.635,0,0,17,169,5,34,0
14-05 17:06:39,32.923,20.951,43.897,0.748,0.249,3385324,145144,174228,4232400,11190.836,1454.599,63.851,5678.723,5.986,431.990,4946,7617,1.970,1.540,0.880,4,0,676.419,0,0,17,170,5,33,0
14-05 17:06:40,21.798,20.796,55.873,0.501,0,3440180,136080,174232,4187572,8669.037,1697.728,20.044,501.100,4.009,37.081,5752,14085,1.970,1.540,0.880,2,0,487.070,0,0,17,175,5,33,0
14-05 17:06:41,22.525,14.766,60.067,0.250,0,3461236,135376,174232,4167532,5951.594,1691.875,1105.225,448.497,35.039,28.031,5227,8474,1.890,1.530,0.880,3,0,223.247,0,0,17,181,5,33,0
14-05 17:06:42,47.403,10.977,40.167,0,0,3594768,129416,174136,4042616,6680.265,1680.545,243.499,594.777,20.957,37.922,2458,4791,1.890,1.530,0.880,2,0,55.885,0,0,17,181,6,34,0
14-05 17:06:43,45.437,5.742,47.434,0.499,0,3683188,136600,174260,3949320,4951.148,1691.659,4034.416,347.519,73.898,33.953,2121,3314,1.890,1.530,0.880,3,0,4.993,0,0,17,186,6,33,0
14-05 17:06:44,29.351,19.065,51.175,1.003,0,3639724,179196,174268,3950180,4696.089,1667.714,718.461,457.568,53.182,26.089,3567,6532,1.890,1.530,0.880,3,0,493.691,0,0,17,185,6,33,0
14-05 17:06:45,44.140,19.701,35.412,0,0,3615892,201152,174316,3952036,4856.935,1528.204,331.177,726.196,31.921,54.864,6380,18564,1.890,1.530,0.880,3,0,443.897,0,0,17,197,6,33,0
14-05 17:06:46,66.126,18.034,15.029,0,0.250,3755192,134156,174336,3881748,10690.387,1623.095,3065.847,11085.139,60.115,616.175,6027,10675,1.980,1.560,0.890,5,1,214.409,0,0,17,206,6,33,0
14-05 17:06:47,82.233,13.497,2.999,0,0,3848480,136472,174376,3788404,5459.886,1619.670,471.904,643.869,6.999,58.988,3353,6290,1.980,1.560,0.890,7,0,62.987,0,0,17,218,6,34,0
14-05 17:06:48,72.793,17.010,8.755,0.500,0.250,3867772,166520,174448,3739256,5319.165,1785.062,324.193,1789.064,21.013,85.051,6954,13854,1.980,1.560,0.890,4,0,187.111,0,0,17,223,6,41,0
14-05 17:06:49,46.752,27.751,24.001,0.250,0.250,3917924,130612,174468,3725488,5579.223,1768.071,0,18840.754,0,502.020,6712,12097,1.980,1.560,0.890,4,0,542.022,0,0,17,223,6,40,0
14-05 17:06:50,57.245,19.498,20.998,0.250,0,3925400,126688,174476,3721624,4902.544,1457.864,27.997,471.956,2.000,21.998,9676,41011,1.980,1.560,0.890,5,0,283.974,0,0,17,226,6,40,0
14-05 17:06:51,54.613,22.386,21.156,0,0,3971912,123596,174480,3678388,5744.717,1594.115,114.146,633.710,6.888,49.201,5003,8532,2.070,1.580,0.900,8,0,433.953,0,0,17,225,6,40,0
14-05 17:06:52,60.589,21.639,18.075,0,0.255,3997956,146440,174564,3630088,5274.772,1484.675,342.147,1128.272,32.585,78.409,6815,15231,2.070,1.580,0.900,3,0,425.648,0,0,17,229,6,42,0
14-05 17:06:53,60.134,19.712,20.211,0.250,0,4096492,140552,174576,3539624,9724.164,1616.868,51.899,14132.625,3.992,718.608,5854,11676,2.070,1.580,0.900,8,0,324.372,0,0,17,235,6,42,1
14-05 17:06:54,63.902,16.162,18.648,0.249,0,4191164,129020,174576,3458016,5420.491,1611.228,803.625,584.816,16.908,36.800,4719,10971,2.070,1.580,0.900,6,0,183.004,0,0,17,241,6,43,0
14-05 17:06:55,67.875,9.050,22.374,0.754,0,4267836,133788,174592,3378192,12921.443,1508.340,253.401,6439.605,19.106,564.119,4210,6082,2.070,1.580,0.900,4,0,14.078,0,0,17,252,6,48,0
14-05 17:06:56,59.232,20.494,18.994,0.500,0,4218272,245588,174600,3317044,12089.240,1619.496,947.705,3898.787,31.990,265.917,6075,13576,2.220,1.620,0.920,5,0,358.888,0,0,17,257,6,55,0
14-05 17:06:57,48.699,24.225,24.474,0.749,0,4290256,169208,174684,3321860,6087.657,1766.160,4798.999,2380.519,112.882,195.796,6048,12328,2.220,1.620,0.920,10,0,508.470,0,0,17,259,6,55,0
14-05 17:06:58,68.317,17.767,14.514,0.250,0,4337724,136296,174688,3307420,24456.870,1549.512,992.969,852.832,12.012,73.071,5736,11945,2.220,1.620,0.920,7,0,187.183,0,0,18,258,6,55,0
14-05 17:06:59,82.601,13.476,2.496,0.250,0.998,4414536,137292,174104,3231196,16568.161,1686.962,1189.857,6648.027,29.946,579.956,3548,3748,2.220,1.620,0.920,5,0,44.919,0,0,18,261,6,45,0
14-05 17:07:00,73.888,15.028,9.518,0,0,4496972,151180,174120,3135744,11251.051,1460.733,1102.062,1254.347,20.037,91.171,4732,11455,2.220,1.620,0.920,5,0,127.238,0,0,18,262,6,47,0
14-05 17:07:01,19.690,11.465,67.544,0.249,0,4451212,195960,174136,3136860,12504.860,2926.075,1567.220,426.699,24.924,24.924,2153,3473,2.120,1.610,0.920,2,0,144.559,0,0,18,263,6,47,0
14-05 17:07:02,20.416,5.975,72.700,0.498,0,4467628,179488,174136,3136916,21857.793,4722.510,796.712,497.945,7.967,32.864,1942,2982,2.120,1.610,0.920,1,0,9.959,0,0,18,270,6,47,1
14-05 17:07:03,21.142,6.041,71.733,0,0,4468420,178608,174136,3137004,8129.762,2493.798,515.472,1510.173,4.027,97.658,2238,4407,2.120,1.610,0.920,2,0,9.061,0,0,18,273,6,46,0
14-05 17:07:04,20.267,6.505,72.311,0.250,0,4463364,182664,174136,3138004,1145511.939,26229.981,768.644,668.560,6.005,26.022,3123,3233,2.120,1.610,0.920,3,0,10.008,0,0,18,274,6,46,0
14-05 17:07:05,8.439,2.482,88.613,0,0,4459008,187020,174136,3138004,25515.518,2396.765,254.172,297.858,1.986,35.743,1661,2719,2.120,1.610,0.920,3,0,1.986,0,0,18,276,6,46,0
14-05 17:07:06,3.498,1.249,93.441,0.250,0,4459244,186072,174140,3138712,805597.057,33808.599,0,411.739,0,36.977,2322,2646,1.950,1.580,0.910,1,0,1.999,0,0,18,280,6,46,0
14-05 17:07:07,5.008,2.254,91.148,0.250,0,4458444,185036,174140,3140548,2063571.176,59889.200,16.026,288.468,1.002,35.057,4311,4572,1.950,1.580,0.910,1,0,1.002,0,0,18,282,6,45,0
14-05 17:07:08,4.241,1.746,89.567,0,0,4458376,182768,174140,3142884,2462373.983,55646.148,0,387.208,0,28.941,4735,4451,1.950,1.580,0.910,2,0,0,0,0,18,282,6,45,0
14-05 17:07:09,4.506,2.504,90.379,0,0.501,4458236,180088,174140,3145704,2469029.367,56089.928,564.805,0,5.007,0,4960,4542,1.950,1.580,0.910,1,0,1.001,0,0,18,282,6,43,0
14-05 17:07:10,4.753,2.502,89.556,0,0,4458400,177624,174140,3148004,2466210.983,55038.234,0,128.080,0,15.009,4715,4381,1.950,1.580,0.910,1,0,2.001,0,0,18,286,6,43,0
14-05 17:07:11,4.742,2.745,90.600,0,0.250,4458644,175300,174140,3150084,2457398.176,55100.588,0,3.993,0,0.998,4252,4417,1.800,1.560,0.910,2,0,0,0,0,18,286,6,41,0
14-05 17:07:12,4.271,1.758,90.183,0.251,0,4458476,173004,174140,3152548,2470524.990,55180.924,0,478.296,0,24.116,4861,4821,1.800,1.560,0.910,0,0,0,0,0,18,286,6,41,0
14-05 17:07:13,7.755,12.258,76.552,0.500,0.250,4463508,164880,174140,3155644,936178.474,21884.926,2137.458,456.311,28.019,42.029,4411,6100,1.800,1.560,0.910,2,0,253.173,0,0,18,289,6,38,0
14-05 17:07:14,23.041,3.757,72.377,0.250,0,4510748,138508,174140,3134840,5509.697,1696.987,268.473,144.254,7.012,9.016,1546,2418,1.800,1.560,0.910,2,0,8.014,0,0,18,289,6,38,0
14-05 17:07:15,26.473,4.745,68.181,0.749,0.499,4523688,142144,174124,3118488,5374.550,1456.523,483.510,511.481,27.972,70.928,3731,8248,1.800,1.560,0.910,4,0,0.999,0,0,18,298,6,39,0
14-05 17:07:16,22.288,7.763,68.617,0.250,0,4462220,202516,174124,3119844,7755.223,1696.893,196.335,653.114,9.015,67.114,3916,6693,1.730,1.550,0.910,1,0,119.203,0,0,18,295,6,42,0
14-05 17:07:17,15.260,14.260,69.047,0.250,0,4486040,178556,174124,3119984,6594.478,1621.101,16.011,272.185,2.001,12.008,3140,5074,1.730,1.550,0.910,2,0,349.237,0,0,18,295,6,42,0
14-05 17:07:18,20.947,6.234,71.817,0,0,4462060,202504,174124,3120016,8564.170,1454.293,47.878,255.349,11.969,13.964,1781,2633,1.730,1.550,0.910,2,0,74.809,0,0,18,295,6,41,0
14-05 17:07:19,9.456,19.160,70.917,0,0,4471728,192788,174124,3120064,7249.009,1612.439,7.963,923.669,0.995,59.720,3472,5703,1.730,1.550,0.910,2,0,363.297,0,0,18,295,6,41,0
14-05 17:07:20,6.721,11.948,80.150,0.249,0,4470840,193572,174124,3120168,4599.940,1612.966,7.965,155.323,0.996,10.952,2439,3949,1.730,1.550,0.910,1,0,230.993,0,0,18,295,6,40,0
14-05 17:07:21,10.779,2.256,85.978,0,0,4503600,160812,174124,3120168,5801.385,1698.504,0,15998.428,0,23.061,1319,2050,1.590,1.520,0.900,2,0,11.029,0,0,18,295,6,40,0
14-05 17:07:22,22.127,5.783,70.908,0,0,4470156,201824,174124,3112624,7233.637,1540.869,20.116,193.112,2.012,18.104,1992,3159,1.590,1.520,0.900,2,0,56.324,0,0,18,299,6,39,0
14-05 17:07:23,11.542,16.059,70.759,0.251,0.502,4467460,204348,174128,3112792,8563.325,1483.426,12.044,132.485,3.011,10.037,3200,5505,1.590,1.520,0.900,3,0,298.090,0,0,18,299,6,39,0
14-05 17:07:24,17.114,11.905,69.447,0.744,0,4504552,167092,174128,3112956,5220.404,1285.755,3.968,10309.851,0.992,574.423,3412,4079,1.590,1.520,0.900,2,0,186.514,0,0,18,299,6,38,0
14-05 17:07:25,24.212,3.245,71.139,0.499,0,4556248,143704,174124,3084760,4428.083,1529.611,750.827,199.688,47.925,20.967,1679,2512,1.590,1.520,0.900,2,0,2.995,0,0,18,299,6,38,0
14-05 17:07:26,26.204,4.283,69.795,0.252,0,4463788,264624,174104,3056436,5274.154,1632.740,116.912,564.404,10.079,63.495,2048,3133,1.540,1.510,0.910,2,0,7.055,0,0,18,299,6,37,0
14-05 17:07:27,23.791,4.461,69.639,0.991,0.248,4532220,196080,174104,3056548,5949.796,1605.910,19.826,2343.439,3.965,156.626,1895,2895,1.540,1.510,0.910,2,0,1.983,0,0,18,299,6,37,0
14-05 17:07:28,26.815,2.506,70.921,0,0,4572996,155256,174104,3056596,5098.307,1461.528,12.029,312.755,1.002,27.065,2143,3606,1.540,1.510,0.910,5,0,2.005,0,0,18,305,6,36,0
14-05 17:07:29,25.166,3.775,70.716,0,0,4517212,210896,174104,3056740,7512.507,1779.728,0,249.645,0,15.100,1552,2237,1.540,1.510,0.910,2,0,18.119,0,0,18,299,6,36,0
14-05 17:07:30,21.687,6.730,71.292,0,0.249,4473468,254508,174104,3056872,5503.961,1615.293,0,12655.123,0,42.875,1807,2490,1.540,1.510,0.910,2,0,77.773,0,0,18,299,6,36,0
14-05 17:07:31,9.251,18.503,70.510,0.250,0,4477396,249460,174108,3057988,5315.728,1458.200,1488.204,396.054,20.003,12.002,3034,4761,1.500,1.500,0.910,2,0,338.046,0,0,18,299,6,36,0
14-05 17:07:32,16.663,10.446,70.882,0,0,4495668,230884,174108,3058292,5162.198,1611.632,346.203,497.417,19.897,31.835,2459,3781,1.500,1.500,0.910,2,0,166.137,0,0,18,299,6,36,0
14-05 17:07:33,23.497,4.499,70.491,0.250,0,4518236,207952,174144,3058620,5435.310,1619.794,359.954,167.979,23.997,10.999,5888,11523,1.500,1.500,0.910,2,0,7.999,0,0,18,299,6,36,0
14-05 17:07:34,18.782,5.009,76.130,0,0.501,4497296,228568,174156,3058932,11644.901,4552.781,16.027,308.527,4.007,7.012,5045,9646,1.500,1.500,0.910,1,1,8.014,0,0,18,300,6,36,0
14-05 17:07:35,23.753,5.751,69.008,0.250,0,4516460,207440,174288,3060556,6703.811,1620.196,116.014,536.065,1.000,30.004,7825,15907,1.500,1.500,0.910,3,0,6.001,0,0,18,300,6,36,0
14-05 17:07:36,23.259,4.502,71.779,0.250,0,4578868,144972,174308,3060564,6620.662,1690.680,32.013,348.140,1.000,22.009,2462,4061,1.460,1.490,0.910,3,0,6.002,0,0,18,300,6,36,0
14-05 17:07:37,19.070,2.258,77.034,0.251,0,4596872,140000,174312,3047528,10866.052,3637.407,208.770,329.213,43.159,18.067,1477,2166,1.460,1.490,0.910,3,0,3.011,0,0,18,301,6,36,0
14-05 17:07:38,24.370,4.227,70.871,0.249,0.249,4596292,148472,174848,3038296,5851.705,1858.063,79.574,1281.148,4.973,32.824,1672,2510,1.460,1.490,0.910,2,0,3.979,0,0,18,300,6,36,0
14-05 17:07:39,20.252,3.000,76.259,0.250,0,4609608,147000,174900,3026400,12340.493,4629.560,16.002,372.045,3.000,22.003,1562,2334,1.460,1.490,0.910,3,0,4.000,0,0,18,301,6,36,0
14-05 17:07:40,23.982,5.996,68.949,0,0,4579992,177508,175344,3024148,6648.054,1630.787,0,871.352,0,14.989,9312,18771,1.460,1.490,0.910,2,0,12.990,0,0,18,300,6,36,0
14-05 17:07:41,24.477,6.308,69.393,0,0,4595384,161916,175428,3024264,4662.191,1635.148,0,84.785,0,1.009,9416,18980,1.500,1.500,0.910,3,0,20.187,0,0,18,300,6,36,0
14-05 17:07:42,20.430,13.454,64.777,0.249,0,4477532,293860,175436,3011576,5310.758,1787.859,239.178,1072.317,25.911,18.935,2876,6043,1.500,1.500,0.910,2,0,211.274,0,0,18,299,6,36,0
14-05 17:07:43,20.661,6.970,70.946,0,0.249,4535764,235824,175436,3011652,8110.223,1493.595,7.966,274.822,1.991,22.902,2130,3285,1.500,1.500,0.910,3,0,87.624,0,0,18,299,6,36,0
14-05 17:07:44,21.262,7.004,71.041,0.250,0,4504116,267412,175436,3011712,5428.127,1620.934,24.014,136.078,2.001,8.005,2230,3600,1.500,1.500,0.910,3,0,114.066,0,0,18,299,6,38,0
14-05 17:07:45,23.554,6.014,70.411,0.251,0,4482632,288880,175436,3011728,6058.875,1535.516,0,168.386,0,18.041,1982,3182,1.500,1.500,0.910,3,0,60.138,0,0,18,299,6,39,0
14-05 17:07:46,23.867,3.266,72.857,0,0.251,4547608,223892,175436,3011740,6333.038,1702.343,48.236,188.926,2.010,17.084,1685,2657,1.460,1.490,0.910,2,0,12.059,0,0,18,300,6,39,0
14-05 17:07:47,22.799,5.204,70.628,0,0.248,4516572,254860,175436,3011808,8570.468,1605.848,0,206.183,0,17.843,1913,2887,1.460,1.490,0.910,3,0,57.493,0,0,18,299,6,39,0
14-05 17:07:48,22.752,5.001,71.257,0,0,4489664,281764,175436,3011812,5367.542,1458.147,0,168.017,0,14.001,1731,2723,1.460,1.490,0.910,3,0,32.003,0,0,18,299,6,33,0
14-05 17:07:49,24.473,3.785,72.159,0,0,4538780,232624,175436,3011836,6455.956,1634.930,32.295,193.770,2.018,18.166,1683,2669,1.460,1.490,0.910,2,0,3.028,0,0,18,299,6,33,1
14-05 17:07:50,21.963,5.491,70.880,0.250,0,4519264,251964,175436,3012012,6420.169,1617.272,0,335.434,0,36.938,1991,3074,1.460,1.490,0.910,2,0,48.917,0,0,18,299,6,34,0
14-05 17:07:51,22.375,5.469,71.101,0,0,4495088,276124,175436,3012028,5256.532,1503.571,0,115.353,0,7.955,1860,2797,1.510,1.500,0.920,2,0,33.810,0,0,18,299,6,36,0
14-05 17:07:52,25.733,2.498,71.202,0,0,4537920,233284,175436,3012036,5006.626,1564.945,0,339.771,0,31.978,1824,2874,1.510,1.500,0.920,4,0,0.999,0,0,18,299,6,35,0
14-05 17:07:53,22.005,6.251,71.515,0.250,0,4522556,248620,175436,3012064,5033.077,1694.363,0,244.052,0,15.003,1873,2829,1.510,1.500,0.920,3,0,90.019,0,0,18,299,6,35,0
14-05 17:07:54,22.991,4.998,70.722,0,0.250,4499908,271264,175436,3012068,7168.183,1619.364,0,119.953,0,8.996,1879,2870,1.510,1.500,0.920,5,0,48.981,0,0,18,299,5,34,0
14-05 17:07:55,24.663,3.523,70.718,0.503,0,4472400,298724,175436,3012116,12726.235,1467.715,20.133,3531.374,5.033,473.132,2734,3036,1.510,1.500,0.920,2,0,14.093,0,0,18,299,5,36,0
14-05 17:07:56,27.231,2.248,70.202,0.500,0,4526580,244544,175436,3012124,7856.657,1660.871,19.986,243.834,1.999,18.987,1979,3090,1.630,1.530,0.930,2,0,1.999,0,0,18,301,5,25,0
14-05 17:07:57,43.171,8.734,48.162,0.250,0,4518532,251908,175436,3012808,5450.059,1617.050,830.485,1589.101,28.947,194.645,5261,9220,1.630,1.530,0.930,6,0,13.975,0,0,18,299,5,26,0
14-05 17:07:58,44.502,6.750,47.753,0.500,0,4544928,225508,175436,3012812,13899.778,1458.082,528.030,1052.059,8.000,102.006,3397,5218,1.630,1.530,0.930,2,0,6.000,0,0,18,301,5,27,0
14-05 17:07:59,16.512,12.760,67.050,0.500,0.500,4496264,273836,175436,3013148,13566.107,1621.208,0,1529.139,0,133.099,3793,6360,1.630,1.530,0.930,3,0,242.180,0,0,18,299,5,28,0
14-05 17:08:00,10.738,20.726,67.174,0,0.250,4498208,271872,175436,3013168,10589.959,1456.344,0,906.969,0,36.958,3617,5626,1.630,1.530,0.930,2,0,479.455,0,0,18,299,5,28,0
14-05 17:08:01,9.746,20.992,68.224,0.250,0,4495304,274752,175436,3013192,6597.526,1619.393,0,775.709,0,41.984,3812,6298,1.660,1.540,0.940,4,0,553.792,0,0,18,299,5,24,0
14-05 17:08:02,10.036,21.576,67.489,0.251,0,4493996,276028,175440,3013220,6547.177,1463.180,0,2436.626,0,157.558,4326,7292,1.660,1.540,0.940,2,0,570.018,0,0,18,299,5,24,0
14-05 17:08:03,8.992,22.730,67.441,0.250,0,4492704,277296,175440,3013244,8235.736,1692.507,0,227.799,0,20.981,3843,6388,1.660,1.540,0.940,2,0,545.519,0,0,18,299,5,24,0
14-05 17:08:04,10.971,19.449,68.071,0,0.249,4484320,285644,175440,3013280,5258.171,1527.981,0,199.475,0,24.934,3930,6658,1.660,1.540,0.940,2,0,529.607,0,0,18,299,5,24,0
14-05 17:08:05,9.989,21.227,66.927,0.250,0,4491728,278204,175440,3013312,4838.755,1618.246,0,1686.172,0,34.962,4065,6856,1.660,1.540,0.940,2,0,557.396,0,0,18,299,5,24,0
14-05 17:08:06,15.539,11.278,71.427,0.251,0.501,4501396,357656,175480,2932820,6269.555,1698.213,56.139,1251.104,14.035,70.174,2568,4177,1.600,1.530,0.940,1,0,214.532,0,0,18,299,5,24,0
14-05 17:08:07,23.299,7.265,67.893,0.251,0,4522580,319676,175688,2948552,5280.146,1623.427,16.034,4409.308,1.002,50.106,11135,22526,1.600,1.530,0.940,2,0,8.017,0,0,18,301,5,24,0
14-05 17:08:08,7.444,2.233,90.567,0,0.248,4532692,308996,175688,2949088,9318.764,3678.277,0,674.913,0,24.813,1474,2297,1.600,1.530,0.940,1,0,2.978,0,0,18,302,5,24,0
14-05 17:08:09,14.346,1.510,82.802,0.755,0,4537764,303452,175700,2949544,21867.705,7684.200,398.656,1051.003,16.107,56.376,1651,2574,1.600,1.530,0.940,3,0,1.007,0,0,18,303,5,24,0
14-05 17:08:10,13.643,1.240,81.612,1.240,0,4536832,303452,175708,2950400,23246.238,13401.216,527.873,2706.835,47.628,119.069,1762,2594,1.600,1.530,0.940,3,0,0,0,0,18,303,5,24,0
14-05 17:08:11,15.134,1.009,81.726,0.757,0,4552732,286568,175712,2951344,19785.677,11940.015,799.095,1097.747,42.376,36.323,1604,2370,1.470,1.500,0.930,3,0,0,0,0,18,303,5,24,0
14-05 17:08:12,14.508,1.501,83.044,1.001,0,4551848,286568,175740,2952160,23662.660,14009.495,692.370,1664.891,44.024,65.035,1820,2859,1.470,1.500,0.930,0,0,0,0,0,18,303,6,24,0
14-05 17:08:13,18.495,2.999,75.728,1.500,0,4557880,249160,176124,2982180,12602.383,5759.347,11528.691,1943.442,137.960,76.978,2247,3274,1.470,1.500,0.930,3,0,0,0,0,18,303,6,24,0
14-05 17:08:14,21.972,3.745,72.657,1.248,0.250,4575676,203832,176656,3007768,5435.043,1587.967,63.918,2740.492,2.996,130.833,1851,2885,1.470,1.500,0.930,2,0,0,0,0,18,302,6,24,1
14-05 17:08:15,21.362,3.974,71.539,1.242,0,4565632,181920,177920,3036340,5114.076,1683.164,0,3358.379,0,148.047,2090,3277,1.470,1.500,0.930,2,0,0,0,0,18,302,6,23,1
14-05 17:08:16,22.902,3.775,71.725,0.252,0,4513576,243164,178256,3026176,8153.996,1872.399,120.800,2275.065,8.053,72.480,1718,2387,1.440,1.490,0.930,2,0,6.040,0,0,18,301,6,23,0
14-05 17:08:17,23.498,6.999,68.493,0.250,0,4519456,235636,178352,3027660,5884.429,1457.859,31.997,691.933,1.000,15.998,9560,18926,1.440,1.490,0.930,2,0,11.999,0,0,18,301,6,19,0
14-05 17:08:18,23.695,5.487,69.340,0.499,0.499,4544664,210248,178356,3027832,7534.588,1690.094,0,1839.748,0,41.903,9060,18229,1.440,1.490,0.930,2,0,12.970,0,0,18,301,6,19,0
14-05 17:08:19,22.803,4.009,71.918,0,0,4501108,253796,178360,3027812,6773.830,1609.762,0,16.037,0,2.005,1884,2949,1.440,1.490,0.930,3,0,52.122,0,0,18,301,6,19,0
14-05 17:08:20,25.299,5.457,68.457,0,0,4526000,228880,178360,3027828,5227.530,1607.250,0,0,0,0,9529,18799,1.440,1.490,0.930,3,0,10.913,0,0,18,301,6,19,0
14-05 17:08:21,22.436,7.058,69.324,0,0,4524576,230148,178360,3027972,5213.181,1633.531,0,84.702,0,1.008,11137,22247,1.400,1.480,0.930,3,0,17.142,0,0,18,301,6,19,0
14-05 17:08:22,22.739,5.497,70.464,0,0.250,4507620,247204,178360,3027868,6685.630,1619.184,0,355.821,0,15.992,6751,13401,1.400,1.480,0.930,3,0,12.993,0,0,18,301,6,19,0
14-05 17:08:23,23.999,3.000,71.748,0,0,4516660,238160,178364,3027868,5874.871,1619.964,0,167.996,0,16.000,1490,2220,1.400,1.480,0.930,2,0,4.000,0,0,18,301,6,19,0
14-05 17:08:24,22.826,6.947,68.974,0,0.496,4487264,252460,179244,3040352,5396.838,1446.964,19.849,11.909,4.962,2.977,11933,23611,1.400,1.480,0.930,2,0,100.236,0,0,18,301,6,19,0
14-05 17:08:25,19.518,2.502,76.822,0.500,0,4526304,208976,179472,3044000,5032.716,2031.904,0,1529.433,0,26.024,1547,2559,1.400,1.480,0.930,2,0,3.003,0,0,18,302,6,19,0
14-05 17:08:26,4.252,1.250,93.035,1.000,0,4526396,208752,179472,3044128,10126.828,3382.279,0,10640.022,0,513.194,1989,2096,1.290,1.460,0.930,2,0,0,0,0,18,302,6,19,0
14-05 17:08:27,16.517,1.001,80.835,0.501,0,4538568,196404,179488,3044332,18041.890,8400.796,4.004,993.040,1.001,47.049,1696,2813,1.290,1.460,0.930,2,0,0,0,0,18,303,6,19,0
14-05 17:08:28,12.248,1.250,85.737,0.750,0,4538504,196152,179488,3044580,24069.269,14751.713,0,1987.692,0,92.986,1986,3137,1.290,1.460,0.930,1,0,0,0,0,18,303,6,19,0
14-05 17:08:29,5.498,1.000,91.968,0.250,0.250,4538468,196152,179488,3044612,140832.413,8968.906,0,1011.651,0,43.985,1358,2248,1.290,1.460,0.930,1,0,1.000,0,0,18,304,6,18,0
14-05 17:08:30,14.228,1.498,82.871,0.499,0,4550956,183300,179492,3044864,26322.174,10741.340,0,1313.962,0,53.916,1406,2273,1.290,1.460,0.930,2,0,0,0,0,18,304,6,18,0
14-05 17:08:31,14.252,1.000,83.264,0.500,0,4550740,183300,179556,3044980,22736.865,13757.339,0,1544.263,0,45.008,1412,2256,1.270,1.450,0.930,1,0,0,0,0,18,303,6,18,1
14-05 17:08:32,7.996,2.249,87.960,1.000,0,4550720,182572,179704,3045428,315031.661,21965.006,27.987,2610.812,3.998,112.949,1842,3024,1.270,1.450,0.930,1,0,0,0,0,18,303,6,18,1
14-05 17:08:33,12.524,1.002,85.662,0.751,0,4550632,182068,179704,3045880,86895.886,16148.456,96.181,1875.537,6.011,81.153,1617,2588,1.270,1.450,0.930,1,0,0,0,0,18,303,6,18,1
14-05 17:08:34,6.247,1.499,88.708,0,0.250,4548444,172140,179708,3057904,1970969.615,70019.161,0,1863.126,0,18.991,3456,3541,1.270,1.450,0.930,2,0,1.999,0,0,18,303,6,18,1
14-05 17:08:35,5.991,2.247,90.371,0.250,0.250,4549748,166372,179708,3062368,2460898.836,55558.662,0,131.812,0,11.983,4924,4789,1.270,1.450,0.930,1,0,0,0,0,18,303,6,18,1
14-05 17:08:36,6.256,2.252,89.090,0.501,0.250,4555340,156360,179712,3066784,2224110.679,52505.873,4.004,4228.258,1.001,54.054,4665,4789,1.160,1.430,0.920,3,0,1.001,0,0,18,303,6,18,1
14-05 17:08:37,9.794,3.516,84.627,1.256,0,4541736,142508,179712,3093996,12295005.957,83447.676,136.608,24215.857,2.009,199.890,5699,4807,1.160,1.430,0.920,1,0,3.013,0,0,18,303,6,18,1
14-05 17:08:38,22.669,4.484,71.744,0.996,0.249,4555100,138308,180168,3082936,208225.801,3441.699,27.900,35281.902,1.993,219.217,2174,2917,1.160,1.430,0.920,2,0,0,0,0,18,303,6,18,1
14-05 17:08:39,21.755,5.251,71.017,0.750,0,4559188,143508,182712,3068540,6240.504,1620.391,0,4297.036,0,88.021,1721,2765,1.160,1.430,0.920,2,0,1.000,0,0,18,303,6,18,1
14-05 17:08:40,22.230,3.996,71.435,1.249,0.250,4572556,146548,183104,3050500,5099.349,1618.524,0,2821.427,0,122.888,1880,2800,1.160,1.430,0.920,3,0,0,0,0,18,303,6,18,1
14-05 17:08:41,22.231,3.997,71.688,0.749,0.250,4566260,139336,183692,3060504,5976.872,1618.611,0,2397.943,0,91.921,1819,2719,1.150,1.420,0.920,2,0,0,0,0,18,303,6,18,1
14-05 17:08:42,27.779,7.508,63.818,0.751,0,4573784,156564,184852,3033664,5634.962,1459.544,0,3159.343,0,78.083,2446,5466,1.150,1.420,0.920,3,0,34.036,0,0,18,303,6,19,1
14-05 17:08:43,19.368,4.779,73.950,1.258,0,4582448,161564,185628,3017732,11547.288,4319.292,20.122,93875.420,3.018,662.030,2899,3627,1.150,1.420,0.920,4,0,0,0,0,18,301,6,19,0
14-05 17:08:44,23.469,4.244,72.154,0,0,4542116,200612,185720,3018900,5079.240,1657.793,0,423.436,0,10.985,1498,2170,1.150,1.420,0.920,2,0,5.992,0,0,18,301,6,18,0
14-05 17:08:45,23.403,6.473,69.463,0,0,4534972,207168,185724,3019404,4596.023,1633.256,0,920.200,0,17.926,9782,19438,1.150,1.420,0.920,2,0,11.951,0,0,18,301,6,18,0
14-05 17:08:46,26.957,4.992,67.393,0.499,0.250,4557644,184488,185724,3019408,7674.828,1617.435,0,2412.174,0,44.929,8327,16713,1.220,1.430,0.930,3,0,12.979,0,0,18,301,6,15,0
14-05 17:08:47,24.033,6.259,68.094,0.501,0,4524248,217384,185860,3019728,6053.329,1534.111,280.386,344.474,6.008,17.023,2667,5453,1.220,1.430,0.930,2,0,6.008,0,0,18,301,6,15,0
14-05 17:08:48,26.171,4.026,68.448,0.252,0,4549252,188788,185996,3022484,11060.446,1672.958,680.457,2737.933,19.125,69.455,3547,6153,1.220,1.430,0.930,2,0,2.013,0,0,18,302,6,19,0
14-05 17:08:49,25.398,6.225,64.741,2.241,0,4496528,239928,185996,3024064,5872.504,1613.544,868.525,3354.578,50.797,513.944,6298,10628,1.220,1.430,0.930,4,0,61.753,0,0,18,303,6,21,0
14-05 17:08:50,11.540,17.561,68.239,1.505,0.502,4497244,238168,185996,3025040,5594.581,1533.367,927.245,4929.252,13.046,296.036,4201,6414,1.220,1.430,0.930,2,0,379.328,0,0,18,303,6,20,0
14-05 17:08:51,11.416,3.723,70.480,14.394,0,4488064,211888,185996,3060500,6431.542,1681.592,35271.730,480.455,2099.508,13.897,5673,6285,1.200,1.420,0.930,2,0,9.927,0,0,18,303,6,20,0
14-05 17:08:52,6.003,4.753,80.043,7.754,0,4487612,204860,185996,3067980,5682.063,2714.463,7367.971,2941.586,1386.747,87.047,3092,5309,1.200,1.420,0.930,1,0,7.004,0,0,18,304,6,18,0
14-05 17:08:53,3.015,0.754,94.968,0,0,4487608,204860,185996,3067988,46910.126,4965.465,0,221.089,0,26.129,1316,2099,1.200,1.420,0.930,0,0,0,0,0,18,304,6,18,0
14-05 17:08:54,5.484,0.997,93.480,0,0.249,4489624,202144,185996,3068656,190660.753,3589.640,91.735,11.965,0.997,2.991,1326,2062,1.200,1.420,0.930,2,0,1.994,0,0,18,304,6,16,0
14-05 17:08:55,5.497,2.249,90.444,0.500,0,4480184,209544,186076,3070468,241482.488,127913.333,707.565,991.390,11.993,13.991,1683,2473,1.200,1.420,0.930,1,0,9.994,0,0,18,303,6,16,0
14-05 17:08:56,3.013,0.502,96.400,0,0,4480432,209292,186076,3070472,5244.782,1464.080,0,473.968,0,16.067,1106,1871,1.100,1.400,0.920,3,0,0,0,0,18,303,6,13,0
14-05 17:08:57,13.969,5.737,80.323,0,0,4483884,205712,186076,3070600,5722.371,1616.433,510.873,87.806,3.991,11.974,1597,2312,1.100,1.400,0.920,4,0,5.987,0,0,18,303,6,13,0
14-05 17:08:58,15.189,5.229,78.436,0.249,0,4460104,229468,186076,3070612,12038.833,1613.544,509.960,338.645,3.984,32.868,1989,2960,1.100,1.400,0.920,1,0,5.976,0,0,18,303,6,11,0
14-05 17:08:59,2.500,1.000,94.732,0.500,0.250,4460096,229468,186076,3070620,11558.862,1605.703,19.996,267.950,2.000,38.993,1614,2781,1.100,1.400,0.920,1,0,1.000,0,0,18,303,6,11,0
14-05 17:09:00,2.000,0,96.241,0,0,4460076,229468,186076,3070640,11273.906,1619.843,0,107.990,0,7.999,1110,1776,1.100,1.400,0.920,2,0,0,0,0,18,303,6,9,0
14-05 17:09:01,2.755,1.503,96.669,0.250,0.501,4460076,229468,186076,3070640,13560.772,1622.845,0,108.190,0,8.014,1050,1706,1.020,1.380,0.920,1,0,0,0,0,18,303,6,9,0
14-05 17:09:02,1.749,0.750,95.958,0,0,4460076,229468,186076,3070640,6610.111,1457.363,0,263.885,0,20.991,1179,1954,1.020,1.380,0.920,2,0,0,0,0,18,303,6,9,0
14-05 17:09:03,3.994,1.248,94.613,0.250,0,4460068,229468,186076,3070648,6929.972,1617.659,0,203.705,0,20.970,1415,2361,1.020,1.380,0.920,1,0,0,0,0,18,303,6,9,0
14-05 17:09:04,3.751,0.750,93.787,0.500,0,4460316,229216,186076,3070652,5997.381,1620.643,0,1504.597,0,262.104,1808,2306,1.020,1.380,0.920,2,0,0,0,0,18,303,6,9,0
14-05 17:09:05,3.013,1.256,95.171,0.251,0,4460316,229216,186076,3070652,7814.580,1464.480,0,341.511,0,39.173,1506,2569,1.020,1.380,0.920,0,0,0,0,0,18,303,6,9,0
14-05 17:09:06,1.745,0.499,96.460,0,0,4460316,229216,186076,3070652,6018.901,1615.143,0,107.676,0,7.976,1043,1812,1.010,1.370,0.920,1,0,0,0,0,18,303,6,9,0
14-05 17:09:07,2.499,0.250,96.459,0,0.250,4460316,229216,186076,3070652,6003.455,1585.328,0,87.963,0,11.995,1088,1889,1.010,1.370,0.920,3,0,0,0,0,18,303,6,9,0
14-05 17:09:08,2.746,0.999,95.120,0.250,0,4460316,229216,186076,3070652,5568.371,1637.756,0,403.447,0,45.937,1256,2169,1.010,1.370,0.920,1,0,0,0,0,18,303,6,9,0
14-05 17:09:09,1.751,2.001,94.783,0,0,4462788,226724,186076,3070672,5142.810,1620.570,4.001,16813.918,1.000,56.020,1445,2391,1.010,1.370,0.920,1,0,1.000,0,0,18,303,6,9,0
14-05 17:09:10,1.753,0.751,96.186,0,0,4462776,226724,186076,3070672,5082.851,1623.146,0,296.575,0,23.045,1067,1872,1.010,1.370,0.920,1,0,0,0,0,18,303,6,9,0
14-05 17:09:11,1.748,0.250,96.413,0,0,4462776,226724,186076,3070672,5326.196,1456.686,0,0,0,0,1049,1797,0.930,1.350,0.910,1,0,0,0,0,18,303,6,9,0
14-05 17:09:12,1.751,0.500,95.542,0.250,0.250,4462776,226724,186076,3070672,5445.412,1620.718,0,56.025,0,8.004,1148,1958,0.930,1.350,0.910,2,0,0,0,0,18,303,6,9,0
14-05 17:09:13,3.495,0.998,95.601,0.250,0.250,4462768,226724,186076,3070680,5262.822,1617.486,0,315.510,0,32.949,1497,2577,0.930,1.350,0.910,1,0,0,0,0,18,303,6,9,0
14-05 17:09:14,2.251,3.752,91.552,1.001,0,4469884,219920,186076,3070684,6621.728,1620.913,0,131205.869,0,758.427,2381,3234,0.930,1.350,0.910,1,0,0,0,0,18,303,6,9,0
14-05 17:09:15,1.997,0.499,95.113,0,0.250,4469828,219920,186076,3070688,4811.058,1529.793,0,211.695,0,30.955,1375,2459,0.930,1.350,0.910,1,0,0,0,0,18,305,6,9,0
14-05 17:09:16,2.001,1.001,96.322,0.250,0,4469828,219920,186076,3070688,8118.064,1695.266,0,396.296,0,29.022,1135,1935,0.860,1.320,0.910,1,0,0,0,0,18,305,6,9,0
14-05 17:09:17,2.000,1.250,96.227,0,0,4469828,219920,186076,3070688,6671.432,1619.619,0,0,0,0,1115,1853,0.860,1.320,0.910,2,0,0,0,0,18,305,6,9,0
14-05 17:09:18,2.755,0.501,96.427,0,0,4469828,219920,186076,3070688,7929.535,1460.677,0,0,0,0,1085,1835,0.860,1.320,0.910,1,0,0,0,0,18,305,6,9,0
14-05 17:09:19,1.997,0.999,95.629,0,0.250,4469828,219920,186076,3070688,2396.973,1617.957,15.980,3611.439,0.999,15.980,1211,2229,0.860,1.320,0.910,1,0,0.999,0,0,18,305,6,9,0
14-05 17:09:20,1.499,1.499,94.706,0.250,0.250,4469760,219920,186076,3070748,17913.616,1499.298,0,835.609,0,29.986,1193,1970,0.860,1.320,0.910,1,0,0,0,0,18,305,6,9,0
14-05 17:09:21,1.750,1.000,96.733,0,0,4469760,219920,186076,3070748,9459.373,1619.721,0,0,0,0,1008,1657,0.790,1.300,0.900,1,0,0,0,0,18,305,6,9,0
14-05 17:09:22,1.751,0.500,96.278,0,0,4469760,219920,186076,3070748,22029.366,1620.468,0,68.020,0,6.002,1051,1776,0.790,1.300,0.900,1,0,0,0,0,18,305,6,9,0
14-05 17:09:23,2.753,0.501,96.370,0.250,0,4469752,219920,186076,3070756,17864.259,1533.911,0,56.070,0,6.007,1057,1759,0.790,1.300,0.900,1,0,0,0,0,18,305,6,9,0
14-05 17:09:24,2.253,0.751,95.882,0,0.250,4469752,219920,186076,3070756,11674.122,1622.240,0,408.564,0,5.007,1248,2056,0.790,1.300,0.900,1,0,0,0,0,18,305,5,9,0
14-05 17:09:25,2.258,1.505,95.824,0.251,0,4469744,219920,186076,3070764,9832.282,1462.952,8.027,553.875,1.003,83.282,1430,2292,0.790,1.300,0.900,0,0,0,0,0,18,305,5,9,0
14-05 17:09:26,4.258,1.002,93.925,0,0,4481744,207576,186208,3070976,109100.800,1232.302,404.756,224.419,7.013,16.030,1199,2044,0.730,1.280,0.900,2,0,3.006,0,0,18,305,5,9,0
14-05 17:09:27,10.662,4.215,83.558,0,0,4478316,210504,186376,3071272,239182.848,9348.566,349.108,142.817,13.885,8.926,1828,2508,0.730,1.280,0.900,1,0,29.754,0,0,18,305,5,9,0
14-05 17:09:28,15.349,7.549,76.494,0.503,0,4482236,200992,186376,3076844,235037.578,4412.509,136.884,446.887,11.072,30.195,2247,3205,0.730,1.280,0.900,2,0,42.273,0,0,18,305,5,9,0
