"pcp-dstat 5.3.6 CSV Output"
"Author:","PCP team <pcp@groups.io> and Dag Wieers <dag@wieers.com>",,,,"URL:","https://pcp.io/ and http://dag.wieers.com/home-made/dstat/"
"Host:","ubuntu",,,,"User:","ubuntu"
"Cmdline:","dstat -tcmndrylpg --tcp --output /tmp/devstack_logs/dstat-csv.log",,,,"Date:","13 Mar 2025 22:49:10 UTC"
"system","total usage",,,,,"memory usage",,,,"net/total",,"dsk/total",,"io/total",,"system",,"load avg",,,"procs",,,"paging",,"tcp sockets",,,,
"time","total usage:usr","total usage:sys","total usage:idl","total usage:wai","total usage:stl","used","free","buf","cach","net/total:recv","net/total:send","dsk/total:read","dsk/total:writ","read","writ","int","csw","1m","5m","15m","run","blk","new","in","out","lis","act","syn","tim","clo"
13-03 22:49:10,,1014472,1452888,167668,5165784,,,,,,,1.770,1.050,0.570,3,0,,,,9,5,4,16,1
13-03 22:49:11,44.450,19.478,34.711,0.499,0.250,1041028,1415716,167728,5175804,535055.992,22411.742,0,3124.479,0,124.859,4073,5905,1.770,1.050,0.570,2,0,510.425,0,0,9,5,4,16,1
13-03 22:49:12,40.003,19.502,38.503,0.750,0,999280,1436984,167996,5193532,538500.850,12986.130,0,5728.498,0,151.013,4356,7995,1.950,1.100,0.590,2,0,370.032,0,0,9,4,4,16,2
13-03 22:49:13,36.908,14.713,45.886,1.496,0,1122664,1284516,169004,5343512,8845.974,1689.792,0,4269.369,0,155.613,5123,10258,1.950,1.100,0.590,0,1,182.545,0,0,10,4,4,16,2
13-03 22:49:14,21.756,6.252,71.020,0.750,0,1132504,1245948,170028,5368312,9669.756,2946.840,0,2868.818,0,88.025,1711,2473,1.950,1.100,0.590,1,0,75.021,0,0,10,7,4,16,2
13-03 22:49:15,36.807,12.269,49.577,0.250,0,1102972,1288576,170100,5355392,17155.591,2883.469,80.124,1422.204,1.002,21.033,2189,2841,1.950,1.100,0.590,3,0,184.286,0,0,10,4,4,17,0
13-03 22:49:16,43.523,10.255,46.524,0,0.250,1155576,1234904,170112,5356372,8665.532,1694.886,0,888.465,0,29.015,9157,17854,1.950,1.100,0.590,3,0,47.025,0,0,10,4,4,18,0
13-03 22:49:17,43.747,7.999,46.247,1.500,0,1162528,1225916,170276,5357828,5231.623,1619.883,0,11335.184,0,448.968,10296,19881,2.270,1.180,0.620,2,1,22.998,0,0,10,6,4,18,0
13-03 22:49:18,33.021,6.254,47.031,12.258,0,1170692,1209232,171208,5365120,12135.876,1621.052,0,32024.784,0,2867.861,13574,24437,2.270,1.180,0.620,2,1,57.037,0,0,10,6,4,18,0
13-03 22:49:19,23.692,9.726,57.110,9.227,0.249,1061732,1316312,171524,5366628,11812.025,1616.036,0,32332.688,0,2469.941,10095,17230,2.270,1.180,0.620,3,0,142.650,0,0,10,4,4,18,0
13-03 22:49:20,23.244,3.499,72.233,1.000,0,1130708,1247264,171608,5366616,12161.069,1693.592,0,7654.155,0,393.905,2257,3178,2.270,1.180,0.620,1,0,2.000,0,0,10,4,4,18,0
13-03 22:49:21,24.045,2.254,73.136,0.250,0.250,1067400,1310548,171608,5366636,13003.264,1623.029,0,605.129,0,30.056,1090,1285,2.270,1.180,0.620,1,0,11.021,0,0,10,4,4,18,0
13-03 22:49:22,23.456,3.244,71.616,1.497,0,1128852,1249060,171640,5366640,4709.166,1455.270,0,12708.159,0,901.309,2943,3059,2.170,1.180,0.620,1,0,1.996,0,0,10,4,4,18,0
13-03 22:49:23,17.751,9.001,72.506,0,0,1054340,1323672,171648,5366636,10672.886,1620.134,0,156.013,0,13.001,1858,2507,2.170,1.180,0.620,2,0,165.014,0,0,10,4,4,18,0
13-03 22:49:24,11.267,18.277,69.854,0,0.250,1059076,1318744,171648,5366816,11441.980,1622.408,0,28.042,0,7.010,2857,4345,2.170,1.180,0.620,3,0,378.562,0,0,10,4,4,18,0
13-03 22:49:25,16.259,17.510,65.788,0,0,1069944,1307696,171648,5366852,4798.745,1620.927,0,20.011,0,5.003,4646,7379,2.170,1.180,0.620,1,0,246.141,0,0,10,4,4,18,0
13-03 22:49:26,45.731,7.747,45.231,0,0,1200556,1177012,171652,5367332,11238.302,1619.323,0,3.998,0,1.000,1832,2462,2.170,1.180,0.620,2,0,128.946,0,0,10,5,4,18,0
13-03 22:49:27,48.204,3.746,47.954,0,0,1255996,1119288,171756,5369436,9499.899,1618.450,0,12268.247,0,117.887,2527,5427,2.240,1.210,0.630,3,0,0,0,0,10,5,4,18,0
13-03 22:49:28,13.993,5.497,80.211,0,0.500,1263468,1110400,171784,5370452,13073.633,1767.139,0,1291.371,0,4.998,1767,3832,2.240,1.210,0.630,0,0,117.943,0,0,10,4,4,19,0
13-03 22:49:29,4.004,2.252,93.592,0.500,0,1273500,1100332,171808,5370432,15509.323,1533.515,0,1257.242,0,146.144,1502,1753,2.240,1.210,0.630,1,0,22.022,0,0,10,4,4,19,0
13-03 22:49:30,23.240,2.249,72.969,0,0.250,1350052,1023724,171816,5370464,8684.318,1693.282,0,483.795,0,25.989,1102,1335,2.240,1.210,0.630,1,0,1.999,0,0,10,4,4,19,0
13-03 22:49:31,23.751,2.000,72.752,1.000,0,1371712,1001800,171832,5370708,11556.266,1694.039,0,1236.028,0,186.004,2964,4838,2.240,1.210,0.630,1,0,2.000,0,0,10,10,4,19,0
13-03 22:49:32,21.749,5.750,71.247,0.250,0,1326792,1046360,171840,5370884,11115.466,1619.922,0,41046.030,0,267.987,2147,2930,2.140,1.200,0.630,1,0,43.998,0,0,10,4,4,21,0
13-03 22:49:33,26.992,5.998,66.480,0.500,0,1293664,1079004,171840,5371152,11727.447,1619.509,231.930,2339.291,57.982,19.994,2918,5639,2.140,1.200,0.630,1,0,79.976,0,0,10,28,4,22,0
13-03 22:49:34,23.522,2.753,73.318,0.250,0,1349316,1023340,171840,5371164,9707.028,1621.508,0,900.838,0,19.018,1435,2000,2.140,1.200,0.630,1,0,2.002,0,0,10,28,4,15,0
13-03 22:49:35,35.026,8.506,55.291,0,0,1396924,975580,171840,5371316,13882.328,1695.261,0,12.009,0,3.002,1892,2506,2.140,1.200,0.630,2,0,160.119,0,0,10,28,4,15,0
13-03 22:49:36,42.245,11.999,45.495,0,0.500,1321792,1050512,171840,5371516,9724.950,1457.843,0,979.894,0,27.997,3711,9549,2.140,1.200,0.630,3,0,198.979,0,0,10,28,4,18,0
13-03 22:49:37,80.991,16.498,2.250,0,0,1538104,834128,171844,5371548,4703.454,1619.812,0,127.985,0,15.998,2451,5201,2.450,1.290,0.660,6,0,343.960,0,0,10,30,4,18,0
13-03 22:49:38,82.012,13.502,4.501,0,0.250,1401796,970204,171848,5371836,5102.755,1620.240,0,9221.365,0,61.009,6144,12961,2.450,1.290,0.660,9,0,187.028,0,0,10,28,4,18,0
13-03 22:49:39,35.990,9.747,52.986,0.500,0,1323668,1048320,171852,5371844,12363.674,1619.564,0,4330.835,0,153.959,3750,6700,2.450,1.290,0.660,2,0,169.954,0,0,10,28,4,19,0
13-03 22:49:40,23.960,2.246,73.627,0,0,1366568,1005256,171852,5372008,12678.788,1617.294,0,199.666,0,8.985,1511,2404,2.450,1.290,0.660,2,0,1.997,0,0,10,29,4,19,0
13-03 22:49:41,20.495,5.249,72.733,0.250,0.250,1344992,1026824,171852,5372016,12914.043,1619.629,0,219.950,0,22.995,1984,3249,2.450,1.290,0.660,1,0,70.984,0,0,10,28,4,19,0
13-03 22:49:42,19.285,8.015,71.630,0,0,1307848,1063960,171856,5372020,9494.203,1622.941,0,304.552,0,30.054,2571,4482,2.570,1.330,0.680,1,0,128.232,0,0,10,28,4,18,0
13-03 22:49:43,18.508,26.262,54.775,0.250,0,1346840,1024968,171860,5372048,11792.307,1574.709,0,19068.581,0,126.057,3947,6180,2.570,1.330,0.680,4,0,772.348,0,0,10,28,4,18,0
13-03 22:49:44,83.314,13.010,3.002,0,0.250,1580784,790984,171860,5372088,8985.892,1695.300,0,100.077,0,9.007,2186,3104,2.570,1.330,0.680,5,0,148.114,0,0,10,29,4,17,0
13-03 22:49:45,77.478,8.443,12.913,0.248,0,1522680,848720,171876,5372436,5701.566,1609.153,0,1176.072,0,170.848,5640,16061,2.570,1.330,0.680,5,0,59.598,0,0,10,29,4,22,0
13-03 22:49:46,81.738,16.348,1.761,0,0.252,1559052,812112,171876,5372664,7307.627,1629.729,0,374.234,0,26.156,3065,5188,2.570,1.330,0.680,6,0,261.562,0,0,10,28,4,22,0
13-03 22:49:47,82.847,12.477,4.242,0,0.250,1550972,819868,171876,5372980,12781.380,1617.012,0,191.646,0,10.980,5481,10965,2.930,1.420,0.720,6,0,99.816,0,0,10,29,4,22,0
13-03 22:49:48,55.348,13.023,32.057,0,0.250,1358604,1011996,171880,5373188,8803.662,1622.887,0,50838.442,0,152.271,5618,12628,2.930,1.420,0.720,3,0,202.360,0,0,10,28,4,22,0
13-03 22:49:49,44.251,6.000,49.001,0.250,0,1368816,1001752,171884,5373216,12143.219,1620.029,0,316.006,0,25.000,3532,6184,2.930,1.420,0.720,3,0,60.001,0,0,10,29,4,23,0
13-03 22:49:50,63.245,16.249,19.748,0,0,1477888,892600,171888,5373284,8608.311,1457.883,0,247.980,0,14.999,3096,5374,2.930,1.420,0.720,3,0,325.974,0,0,10,29,4,23,0
13-03 22:49:51,63.005,12.501,23.752,0,0,1387980,982252,171892,5373536,12231.917,1620.122,0,412.031,0,43.003,5509,12692,2.930,1.420,0.720,4,0,261.020,0,0,10,28,4,24,0
13-03 22:49:52,83.494,8.999,7.749,0,0,1555084,814952,171896,5373724,12294.127,1661.882,0,215.985,0,9.999,3020,5832,3.090,1.480,0.740,3,0,6.000,0,0,10,32,4,24,0
13-03 22:49:53,66.122,11.977,20.710,0.250,0.250,1416924,953040,171900,5373784,7338.777,1616.867,0,5569.207,0,413.199,5551,10413,3.090,1.480,0.740,3,0,329.362,0,0,10,28,4,25,0
13-03 22:49:54,61.677,8.274,29.836,0,0,1439652,930188,171908,5374004,13431.562,1624.664,0,433.244,0,34.098,4148,8976,3.090,1.480,0.740,4,0,35.101,0,0,10,29,4,28,0
13-03 22:49:55,63.210,15.740,20.737,0,0,1481144,888468,171928,5374204,13104.626,1844.821,0,3569.719,0,142.909,3008,4532,3.090,1.480,0.740,3,0,269.828,0,0,10,28,5,28,0
13-03 22:49:56,53.979,13.995,32.237,0,0.250,1341552,1027976,171928,5374284,4601.201,1693.338,0,275.892,0,22.991,4097,10546,3.090,1.480,0.740,3,0,286.888,0,0,10,28,5,28,0
13-03 22:49:57,65.591,7.232,26.685,0.249,0.249,1496744,872744,171928,5374324,11146.913,1454.466,0,219.467,0,9.976,2895,4689,3.090,1.510,0.750,4,0,5.985,0,0,10,30,5,29,0
13-03 22:49:58,64.388,10.022,25.304,0,0.501,1441740,927040,171940,5375016,7536.188,1697.647,0,509.094,0,51.110,4270,7318,3.090,1.510,0.750,3,0,118.254,0,0,10,28,5,30,0
13-03 22:49:59,57.267,12.504,29.008,0.250,0,1326828,1041740,171960,5375200,11933.449,1694.490,0,2892.836,0,190.055,3747,9441,3.090,1.510,0.750,3,0,203.059,0,0,10,28,5,30,0
13-03 22:50:00,82.244,14.499,2.750,0,0,1572508,795956,171968,5375256,11689.170,1745.876,0,1203.915,0,23.998,2264,3702,3.090,1.510,0.750,6,0,326.977,0,0,10,29,5,30,0
13-03 22:50:01,80.782,15.756,3.251,0,0,1505816,862464,171972,5375428,4694.840,1620.635,0,636.249,0,48.019,4839,10270,3.090,1.510,0.750,7,0,340.133,0,0,10,28,5,29,0
13-03 22:50:02,83.963,15.243,0.750,0,0,1508424,859596,171976,5375680,11790.859,1693.262,0,375.836,0,33.985,3511,6128,3.320,1.580,0.780,6,0,244.893,0,0,10,28,5,29,0
13-03 22:50:03,74.519,17.004,7.502,0,0,1490344,877484,171976,5375868,12190.169,1620.421,0,548.143,0,11.003,5959,11585,3.320,1.580,0.780,6,0,312.081,0,0,10,29,5,29,0
13-03 22:50:04,51.666,23.462,23.462,0,0,1314632,1052920,171980,5376128,5594.936,1455.642,0,223.638,0,13.977,6234,14161,3.320,1.580,0.780,1,0,731.814,0,0,10,28,5,29,0
13-03 22:50:05,8.763,22.284,68.105,0.250,0.501,1315152,1052348,171984,5376176,13957.453,1716.638,0,192.296,0,10.015,2863,3941,3.320,1.580,0.780,1,0,434.668,0,0,10,28,5,29,0
13-03 22:50:06,55.256,29.253,15.252,0,0,1470468,897008,171988,5376196,14021.641,1620.190,0,200.023,0,20.002,3115,6395,3.320,1.580,0.780,4,0,895.105,0,0,10,28,5,29,0
13-03 22:50:07,78.504,12.501,8.000,0,0.500,1390960,976452,172016,5376232,12298.689,1620.091,0,672.038,0,63.004,4369,11154,3.370,1.620,0.800,5,0,195.011,0,0,10,29,5,28,0
13-03 22:50:08,83.242,11.249,5.000,0,0,1533156,833996,172024,5376472,7586.279,1619.846,0,479.954,0,24.998,2722,5032,3.370,1.620,0.800,5,0,82.992,0,0,10,29,5,28,0
13-03 22:50:09,54.192,6.743,37.959,0,0,1550860,815892,172028,5376852,4638.037,1618.268,0,179.808,0,8.990,8668,19906,3.370,1.620,0.800,3,0,0,0,0,10,32,4,35,0
13-03 22:50:10,66.568,10.511,22.273,0,0,1398744,967808,172060,5377016,12332.616,1641.679,0,380.389,0,51.052,5807,13103,3.370,1.620,0.800,5,0,104.107,0,0,10,28,4,37,0
13-03 22:50:11,79.004,9.500,10.251,0,0,1554744,811568,172060,5377248,11536.565,1512.074,0,168.008,0,9.000,4041,7496,3.370,1.620,0.800,3,0,25.001,0,0,10,32,4,37,0
13-03 22:50:12,48.499,6.750,44.249,0,0,1556280,809804,172064,5377464,15170.757,1619.974,0,147.998,0,10.000,7638,19560,3.420,1.660,0.820,2,0,0,0,0,10,32,4,44,0
13-03 22:50:13,79.500,12.500,8.000,0,0.500,1468808,897204,172068,5377524,8921.955,1693.992,0,271.999,0,11.000,3820,8820,3.420,1.660,0.820,4,0,282.999,0,0,10,28,4,46,0
13-03 22:50:14,73.700,8.244,17.488,0,0,1498696,867044,172068,5377792,13544.898,1692.862,0,183.876,0,8.994,5459,11366,3.420,1.660,0.820,4,0,33.977,0,0,10,30,4,48,0
13-03 22:50:15,84.295,11.256,4.252,0,0,1509428,856140,172072,5377956,16994.058,1620.864,0,204.109,0,19.010,3667,7114,3.420,1.660,0.820,5,0,106.057,0,0,10,29,4,49,0
13-03 22:50:16,80.488,12.498,6.499,0.250,0.500,1477136,888236,172100,5378120,5003.265,1693.751,0,487.928,0,51.992,4764,9035,3.420,1.660,0.820,5,0,185.973,0,0,10,29,4,49,0
13-03 22:50:17,77.993,13.249,8.749,0,0,1446248,918908,172104,5378324,4922.572,1619.859,0,151.987,0,9.999,5768,14113,3.710,1.750,0.850,5,0,75.993,0,0,10,30,4,51,0
13-03 22:50:18,84.247,12.250,3.000,0,0,1529516,835428,172104,5378528,11704.637,1511.953,0,163.995,0,11.000,2204,4329,3.710,1.750,0.850,5,0,119.996,0,0,10,29,4,51,0
13-03 22:50:19,76.527,12.254,11.004,0,0,1381660,983096,172108,5378712,8157.863,1566.550,0,512.180,0,54.019,3904,12843,3.710,1.750,0.850,6,0,232.081,0,0,10,28,4,53,0
13-03 22:50:20,64.753,10.250,25.751,0.250,0,1451136,913500,172112,5378824,13753.536,1694.066,0,376.015,0,31.001,2981,6795,3.710,1.750,0.850,4,0,74.003,0,0,10,30,4,53,0
13-03 22:50:21,61.250,13.750,25.000,0,0.250,1457440,906772,172112,5379208,11850.929,1619.990,0,227.999,0,17.000,2994,5881,3.710,1.750,0.850,4,0,206.999,0,0,10,29,4,53,0
13-03 22:50:22,62.734,11.997,25.244,0,0.250,1370384,993656,172128,5379352,12947.789,1619.598,0,391.903,0,27.993,5017,11080,3.650,1.770,0.860,4,0,121.970,0,0,10,28,4,55,0
13-03 22:50:23,46.503,5.500,48.753,0,0,1441312,922592,172140,5379476,12438.684,1620.089,0,336.018,0,24.001,2489,5059,3.650,1.770,0.860,2,0,16.001,0,0,10,29,4,57,0
13-03 22:50:24,42.757,8.001,48.258,0,0,1421032,942736,172144,5379620,5414.915,1620.274,0,504.085,0,61.010,2089,3268,3.650,1.770,0.860,2,0,76.013,0,0,10,28,4,57,0
13-03 22:50:25,45.143,5.487,49.134,0,0.249,1369808,993896,172152,5379664,6420.802,1616.175,0,706.328,0,40.903,3923,7297,3.650,1.770,0.860,2,0,42.898,0,0,10,28,4,58,0
13-03 22:50:26,45.074,5.759,48.330,0.501,0,1378672,985028,172156,5379664,14675.185,1534.529,0,6346.459,0,169.279,3540,5867,3.650,1.770,0.860,2,0,39.064,0,0,10,29,4,60,0
13-03 22:50:27,38.444,13.231,46.932,0,0.250,1413328,950184,172164,5379844,13674.118,1617.648,0,355.483,0,30.955,2908,4195,3.520,1.780,0.870,2,0,308.551,0,0,10,28,4,60,0
13-03 22:50:28,43.816,7.011,48.573,0,0,1406804,956656,172164,5379884,13599.563,1696.565,0,216.327,0,9.014,4102,7986,3.520,1.780,0.870,2,0,45.068,0,0,10,29,4,60,0
13-03 22:50:29,44.270,7.003,48.772,0,0,1427416,935884,172164,5380044,10750.752,1620.716,0,268.119,0,13.006,2875,5075,3.520,1.780,0.870,2,0,48.021,0,0,10,29,4,60,0
13-03 22:50:30,30.433,13.720,54.630,0.249,0.249,1321524,1041664,172168,5380148,15382.297,1616.458,0,431.056,0,34.923,4282,8750,3.520,1.780,0.870,1,0,281.383,0,0,10,28,4,60,0
13-03 22:50:31,11.277,22.054,65.158,0,0,1324248,1038876,172192,5380188,13457.689,1623.945,0,2249.464,0,43.105,3792,6260,3.520,1.780,0.870,3,0,613.490,0,0,10,28,4,62,0
13-03 22:50:32,44.770,6.503,49.021,0,0,1477196,885036,172320,5380928,7751.380,1620.707,0,280.122,0,11.005,1462,1738,3.400,1.780,0.870,2,0,14.006,0,0,10,28,4,62,0
13-03 22:50:33,40.413,8.482,41.411,10.976,0,1425956,929688,173052,5386124,11335.674,1690.372,0,19442.277,0,2060.578,10199,22945,3.400,1.780,0.870,3,0,135.709,0,0,10,32,4,60,0
13-03 22:50:34,37.250,7.000,40.250,14.500,0.500,1501784,850852,173752,5388372,11738.141,1458.017,0,42940.515,0,3526.042,12235,26367,3.400,1.780,0.870,5,1,67.001,0,0,10,32,4,60,0
13-03 22:50:35,43.467,4.497,46.215,4.746,0.250,1403528,949208,174052,5387936,4863.343,1692.727,0,23294.483,0,1634.771,5468,11823,3.400,1.780,0.870,2,0,13.989,0,0,10,28,4,60,0
13-03 22:50:36,43.354,7.017,46.863,4.010,0,1504416,847904,174312,5388088,11538.728,1698.080,0,4703.302,0,819.970,6121,11238,3.400,1.780,0.870,1,1,5.012,0,0,10,30,4,60,0
13-03 22:50:37,38.235,10.496,44.732,7.247,0,1399304,952372,174672,5388352,12688.950,1619.355,0,13986.433,0,1815.278,10476,20634,3.370,1.800,0.890,2,0,77.969,0,0,10,28,4,57,0
13-03 22:50:38,23.703,3.493,72.855,0,0,1351996,999532,174688,5388484,11715.709,1732.556,0,2455.119,0,148.704,1262,1851,3.370,1.800,0.890,1,0,25.948,0,0,10,28,4,57,0
13-03 22:50:39,22.249,3.500,73.497,0.250,0,1431812,919716,174700,5388472,8610.638,1619.932,0,1603.933,0,84.996,1138,1719,3.370,1.800,0.890,1,0,4.000,0,0,10,28,4,56,0
13-03 22:50:40,23.999,2.750,71.997,0.750,0,1373700,977772,174748,5388480,4938.798,1619.934,0,6043.752,0,333.986,1539,2727,3.370,1.800,0.890,1,0,3.000,0,0,10,32,4,56,0
13-03 22:50:41,23.247,2.500,73.742,0,0.250,1443232,908220,174760,5388488,11159.795,1457.843,0,31.997,0,4.000,1016,1190,3.370,1.800,0.890,1,0,3.000,0,0,10,32,4,56,0
13-03 22:50:42,23.290,3.005,73.375,0,0,1392244,959128,174760,5388568,10133.318,1622.773,0,36.062,0,1.002,950,1109,3.180,1.790,0.890,1,0,3.005,0,0,10,32,4,56,0
13-03 22:50:43,22.470,2.746,73.902,0,0.250,1339580,1011788,174760,5388568,5047.307,1733.701,0,0,0,0,860,1029,3.180,1.790,0.890,1,0,2.996,0,0,10,32,4,56,0
13-03 22:50:44,22.543,3.256,73.890,0,0,1355180,996048,174772,5388692,11947.665,1623.079,0,4.008,0,1.002,1003,1154,3.180,1.790,0.890,2,0,3.006,0,0,10,32,4,56,0
13-03 22:50:45,23.213,2.496,73.633,0,0.250,1430276,920952,174772,5388692,13520.516,1691.313,0,0,0,0,1070,1231,3.180,1.790,0.890,2,0,3.994,0,0,10,32,4,56,0
13-03 22:50:46,23.986,2.249,73.458,0,0.500,1385636,965568,174792,5388696,12603.828,1619.079,0,411.766,0,46.973,1214,1634,3.180,1.790,0.890,2,0,0.999,0,0,10,32,4,51,0
13-03 22:50:47,23.286,2.754,72.111,1.002,0,1369564,981552,174808,5388760,12128.666,1460.247,0,8236.676,0,503.775,1612,2605,3,1.780,0.890,2,0,5.008,0,0,10,32,4,51,0
13-03 22:50:48,23.998,2.250,73.243,0.250,0,1438864,912252,174816,5388752,4662.576,1619.853,0,1303.881,0,69.994,996,1451,3,1.780,0.890,2,0,2.000,0,0,10,32,4,51,0
13-03 22:50:49,13.011,15.263,71.062,0,0,1339676,1011316,174828,5388860,12921.332,1621.422,0,524.460,0,9.008,2606,3758,3,1.780,0.890,1,0,334.293,0,0,10,32,4,51,0
13-03 22:50:50,10.745,18.741,69.715,0,0,1342512,1008240,174836,5389084,9755.074,1619.182,0,627.683,0,9.995,3034,4787,3,1.780,0.890,1,0,450.772,0,0,10,32,4,50,0
13-03 22:50:51,8.985,19.966,69.881,0,0.250,1342084,1008532,174836,5389172,12326.070,1691.128,0,175.702,0,1.997,3097,4775,3,1.780,0.890,2,0,449.237,0,0,10,32,4,50,0
13-03 22:50:52,18.274,8.511,72.845,0,0,1399028,951564,174836,5389184,9447.329,1664.172,0,4.005,0,1.001,1717,2329,3,1.780,0.890,1,0,143.187,0,0,10,32,4,49,0
13-03 22:50:53,23.254,2.500,73.763,0,0,1348364,1002228,174836,5389184,14192.597,1620.297,0,16.003,0,1.000,961,1133,2.840,1.760,0.890,1,0,3.001,0,0,10,32,4,49,0
13-03 22:50:54,22.993,2.499,73.229,0.250,0.250,1424736,925876,174836,5389164,11320.740,1457.580,0,2435.299,0,226.935,1418,1229,2.840,1.760,0.890,1,0,3.999,0,0,10,32,4,48,0
13-03 22:50:55,22.760,3.502,73.534,0.500,0.250,1382844,967752,174836,5389184,4774.201,1620.747,0,656.303,0,103.048,1161,1327,2.840,1.760,0.890,1,0,5.002,0,0,10,32,4,48,0
13-03 22:50:56,24.485,1.749,73.456,0.250,0,1440816,909792,174840,5389168,4326.421,1619.035,0,87.948,0,12.992,1059,1482,2.840,1.760,0.890,1,0,1.999,0,0,10,32,4,45,0
13-03 22:50:57,21.736,3.498,73.703,0,0,1406548,944060,174844,5389164,12079.293,1618.967,0,311.801,0,21.986,1084,1286,2.840,1.760,0.890,1,0,2.998,0,0,10,32,4,45,0
13-03 22:50:58,23.041,2.254,73.882,0,0.250,1355376,995212,174844,5389184,7828.036,1622.910,0,24.043,0,2.004,1013,1164,2.690,1.750,0.890,1,0,5.009,0,0,10,32,4,42,0
13-03 22:50:59,22.984,2.498,73.949,0,0,1432496,918100,174844,5389172,11372.142,1618.881,0,7.994,0,0.999,857,1103,2.690,1.750,0.890,1,0,1.999,0,0,10,32,4,42,0
13-03 22:51:00,22.741,2.999,73.969,0,0.250,1393120,957460,174844,5389188,12521.828,1531.368,0,11.995,0,1.000,988,1175,2.690,1.750,0.890,1,0,2.999,0,0,10,32,4,41,0
13-03 22:51:01,24.248,2.000,73.743,0,0,1342224,1008356,174844,5389188,11338.900,1619.843,0,23.998,0,1.000,1000,1135,2.690,1.750,0.890,1,0,4.000,0,0,10,32,4,41,0
13-03 22:51:02,22.977,2.248,73.676,0,0,1422440,928224,174852,5389096,11750.273,1618.385,0,71.928,0,3.996,996,1304,2.690,1.750,0.890,1,0,3.996,0,0,10,32,4,40,0
13-03 22:51:03,23.010,2.751,73.782,0,0,1375464,975108,174852,5389188,4422.911,1620.700,0,88.038,0,1.000,876,1109,2.560,1.740,0.890,1,0,1.000,0,0,10,32,4,40,0
13-03 22:51:04,22.766,3.753,73.802,0,0,1388444,962124,174852,5389188,5149.625,1621.141,0,16.011,0,2.001,966,1255,2.560,1.740,0.890,1,0,5.004,0,0,10,32,4,40,0
13-03 22:51:05,23.013,2.251,74.041,0,0.250,1339020,1011564,174852,5389168,12009.569,1714.938,0,1648.902,0,6.003,892,1082,2.560,1.740,0.890,1,0,3.002,0,0,10,32,4,40,0
13-03 22:51:06,23.484,2.998,72.950,0,0.250,1411068,939516,174852,5389168,11075.424,1457.003,0,203.861,0,12.991,1143,1555,2.560,1.740,0.890,1,0,1.999,0,0,10,32,4,40,0
13-03 22:51:07,23.247,2.750,73.741,0.250,0,1411388,939116,174856,5389244,12175.490,1693.790,0,307.962,0,22.997,1012,1334,2.560,1.740,0.890,1,0,3.000,0,0,10,32,4,40,0
13-03 22:51:08,18.289,9.019,71.402,0,0,1337340,1013160,174856,5389248,9252.718,1623.460,0,60.128,0,5.011,1753,2553,2.430,1.720,0.890,1,0,184.393,0,0,10,32,4,38,0
13-03 22:51:09,17.229,9.738,72.413,0,0.250,1395448,954992,174856,5389292,11746.869,1618.053,0,47.942,0,3.995,1949,2807,2.430,1.720,0.890,1,0,211.745,0,0,10,32,4,38,0
13-03 22:51:10,22.730,2.997,73.684,0,0,1366680,983520,174856,5389532,5328.221,1618.548,0,7.993,0,1.998,931,1203,2.430,1.720,0.890,1,0,8.992,0,0,10,32,4,29,0
13-03 22:51:11,23.507,2.501,73.771,0,0,1340668,1009524,174856,5389540,4245.223,1620.467,0,0,0,0,908,1192,2.430,1.720,0.890,1,0,5.001,0,0,10,32,4,29,0
13-03 22:51:12,10.010,20.521,68.319,0,0,1346244,1003856,174860,5389628,12584.673,1621.633,0,248.250,0,7.007,3165,4818,2.430,1.720,0.890,3,0,481.485,0,0,10,32,4,22,0
13-03 22:51:13,7.754,22.511,69.035,0,0.250,1342556,1007520,174860,5389652,7262.697,1532.780,0,252.128,0,6.003,3223,5052,2.320,1.710,0.890,2,0,499.254,0,0,10,32,4,22,0
13-03 22:51:14,9.244,20.487,69.206,0,0.500,1344644,1005392,174860,5389688,6896.634,1692.928,0,803.491,0,11.992,3181,4955,2.320,1.710,0.890,1,0,499.684,0,0,10,32,4,18,0
13-03 22:51:15,9.500,20.249,68.748,0,0,1343460,1006548,174860,5389708,14746.543,1619.950,0,1455.955,0,17.999,3571,5587,2.320,1.710,0.890,2,0,592.982,0,0,10,32,4,18,0
13-03 22:51:16,9.500,18.750,70.000,0,0,1342684,1007284,174864,5389740,11962.012,1694.002,0,1232.001,0,24.000,3489,5441,2.320,1.710,0.890,1,0,510.001,0,0,10,32,4,17,0
13-03 22:51:17,8.249,20.246,70.237,0,0.250,1340540,1009388,174868,5389776,12771.701,1619.708,0,499.910,0,27.995,2919,4262,2.320,1.710,0.890,1,0,374.933,0,0,10,32,4,17,0
13-03 22:51:18,9.756,21.764,67.793,0.250,0,1345500,1004392,174876,5389804,10451.574,1621.020,0,752.473,0,67.042,3469,5477,2.210,1.700,0.890,2,0,543.342,0,0,10,32,4,15,0
13-03 22:51:19,46.409,23.204,29.941,0,0,1480120,869700,174916,5389832,5719.744,1616.818,0,910.209,0,54.892,3763,6654,2.210,1.700,0.890,3,0,625.768,0,0,10,32,4,19,0
13-03 22:51:20,61.366,8.767,27.302,2.004,0,1625020,717896,175456,5395368,11735.250,1534.910,0,14174.876,0,1041.976,7234,10871,2.210,1.700,0.890,5,1,50.095,0,0,10,36,4,18,0
13-03 22:51:21,36.270,8.755,36.270,17.510,0,1601008,730888,175996,5405328,12146.693,1662.916,0,65836.276,0,5267.903,21688,39163,2.210,1.700,0.890,2,1,160.088,0,0,10,36,4,18,0
13-03 22:51:22,43.963,9.742,31.474,15.987,0.250,1629116,690328,176800,5416508,6877.216,1688.580,0,87118.733,0,6402.615,27970,45670,2.210,1.700,0.890,2,1,74.937,0,0,10,36,4,18,0
13-03 22:51:23,47.262,10.753,25.256,17.504,0.250,1541352,768580,177328,5425220,9357.311,1620.400,0,72581.928,0,5904.458,21354,39419,2.360,1.740,0.910,3,0,112.028,0,0,10,34,4,16,0
13-03 22:51:24,43.014,17.506,28.009,9.503,0,1560980,742808,177688,5430888,8238.645,1620.520,364.117,44966.434,6.002,3424.099,18696,38478,2.360,1.740,0.910,6,1,337.108,0,0,10,35,4,17,0
13-03 22:51:25,40.489,15.996,30.992,11.497,0,1549832,748024,177968,5436008,13564.473,1845.520,1447.624,53087.197,19.995,3898.986,16901,31546,2.360,1.740,0.910,3,1,198.948,0,0,10,34,5,15,0
13-03 22:51:26,36.130,7.973,42.857,12.458,0.249,1558964,734696,178172,5439824,11051.155,1688.371,0,38423.895,0,3310.961,16225,32888,2.360,1.740,0.910,3,1,99.668,0,0,10,34,5,16,0
13-03 22:51:27,33.087,8.272,42.863,14.538,0,1542916,750184,178428,5440076,6745.795,1624.285,0,51415.634,0,4063.720,16486,29979,2.360,1.740,0.910,4,1,103.272,0,0,10,34,5,14,0
13-03 22:51:28,37.025,5.504,42.028,13.009,0.250,1556444,735316,178608,5441212,16136.941,1607.090,0,45903.122,0,3640.468,18927,32289,2.490,1.780,0.930,7,1,27.018,0,0,10,34,5,19,0
13-03 22:51:29,37.499,7.250,43.249,13.250,0,1537716,753324,178832,5441684,12094.819,1619.976,0,38283.426,0,3650.945,17059,30336,2.490,1.780,0.930,3,0,61.999,0,0,10,34,5,20,0
13-03 22:51:30,41.500,5.250,42.751,11.500,0,1556116,732912,179020,5443476,14045.169,1704.020,0,39488.474,0,3427.041,16758,30538,2.490,1.780,0.930,6,1,33.000,0,0,10,37,5,22,0
13-03 22:51:31,38.926,6.737,43.168,10.480,0,1522108,764784,179124,5445456,10548.957,1616.928,0,34941.611,0,3130.053,16175,29004,2.490,1.780,0.930,4,1,102.805,0,0,10,36,5,26,0
13-03 22:51:32,37.548,7.259,43.055,14.268,0,1551384,732552,179248,5448184,11976.378,1696.178,0,44236.800,0,3781.856,15644,31842,2.490,1.780,0.930,6,0,45.058,0,0,10,36,5,26,0
13-03 22:51:33,36.220,11.491,36.220,14.488,0,1554832,726132,179388,5450948,13535.901,1618.673,0,53164.405,0,4198.557,18685,33798,2.610,1.810,0.940,2,1,117.903,0,0,10,37,5,25,0
13-03 22:51:34,35.018,7.754,40.771,15.758,0,1534960,743136,179512,5453616,4945.542,1620.833,0,50489.952,0,4189.153,18561,32640,2.610,1.810,0.940,4,1,149.077,0,0,10,36,5,26,0
13-03 22:51:35,35.532,8.257,43.038,13.512,0.250,1502456,773012,179588,5456092,5225.656,1459.300,0,35603.723,0,3447.071,15805,31323,2.610,1.810,0.940,2,1,97.087,0,0,10,36,5,26,0
13-03 22:51:36,34.453,6.741,40.195,16.228,0.499,1559676,720344,179680,5451436,11381.487,1617.795,0,51138.298,0,4263.189,16748,33695,2.610,1.810,0.940,3,0,16.977,0,0,10,37,5,26,0
13-03 22:51:37,23.489,6.997,57.722,10.245,0,1499984,779684,179732,5451728,11460.430,1619.213,0,26431.154,0,2485.792,10437,22173,2.610,1.810,0.940,2,0,98.952,0,0,10,34,5,29,0
13-03 22:51:38,12.015,19.274,66.084,2.253,0.250,1383224,896444,179732,5451728,11720.815,1622.050,0,12379.648,0,834.054,4804,7518,2.480,1.800,0.940,1,0,465.589,0,0,10,32,5,29,0
13-03 22:51:39,29.515,20.010,49.776,0,0,1448816,830648,179752,5451912,13004.723,1620.838,0,1204.623,0,81.042,3515,5490,2.480,1.800,0.940,3,0,478.247,0,0,10,32,4,35,0
13-03 22:51:40,67.734,8.498,23.245,0.750,0,1660816,616740,179824,5453548,14115.697,1693.604,0,6598.456,0,329.923,2198,2667,2.480,1.800,0.940,3,0,8.998,0,0,10,32,4,35,0
13-03 22:51:41,60.505,7.251,29.502,3.750,0,1766732,504484,180008,5459356,11469.952,1694.141,0,13997.162,0,1070.089,6156,10349,2.480,1.800,0.940,7,0,58.005,0,0,10,38,4,35,0
13-03 22:51:42,23.255,8.252,45.761,20.505,0,1765248,494180,180160,5470528,6920.633,1458.344,0,88584.906,0,6626.564,24847,46900,2.480,1.800,0.940,2,1,207.049,0,0,10,38,4,35,0
13-03 22:51:43,26.026,6.506,45.295,20.020,0,1770792,478556,180324,5480152,5511.423,1621.596,0,74136.951,0,5796.704,24771,47255,2.680,1.850,0.970,3,1,198.195,0,0,10,38,4,35,0
13-03 22:51:44,33.464,9.740,38.958,17.731,0,1649740,593196,180440,5486200,12155.957,1618.264,0,85648.100,0,6396.137,22467,42801,2.680,1.850,0.970,4,0,212.772,0,0,10,36,4,35,0
13-03 22:51:45,43.237,8.248,31.241,16.995,0,1719136,512864,180536,5496600,9938.068,1693.500,0,62381.597,0,4840.572,19272,34633,2.680,1.850,0.970,3,0,146.957,0,0,10,36,4,35,0
13-03 22:51:46,44.259,8.502,25.255,21.254,0,1767156,454148,180596,5506988,12322.391,1620.314,0,91117.677,0,6011.166,20500,40129,2.680,1.850,0.970,2,1,0,0,0,10,38,4,35,0
13-03 22:51:47,24.731,9.243,45.215,19.235,0.250,1654608,559996,180668,5513200,13001.833,1618.734,0,81036.629,0,6068.255,21609,42253,2.680,1.850,0.970,1,1,131.897,0,0,10,36,4,35,0
13-03 22:51:48,36.283,7.257,43.540,13.262,0.751,1524600,687328,180688,5515768,12802.817,1663.535,0,54946.716,0,4444.102,14094,30227,2.710,1.870,0.980,2,0,139.128,0,0,10,34,4,35,0
13-03 22:51:49,22.696,7.731,68.585,0,0,1434312,777604,180688,5515776,11504.401,1454.511,0,3.990,0,0.998,1771,2334,2.710,1.870,0.980,1,0,187.550,0,0,10,32,4,35,0
13-03 22:51:50,24.290,2.254,72.120,1.002,0,1503076,708836,180688,5515776,5826.655,1622.689,0,6723.140,0,388.644,1546,2854,2.710,1.870,0.980,2,0,0,0,0,10,34,4,35,0
13-03 22:51:51,22.966,3.744,72.891,0.250,0,1414028,797828,180688,5515784,11709.424,1617.572,0,3594.604,0,30.954,1488,2012,2.710,1.870,0.980,1,0,27.958,0,0,10,32,4,35,0
13-03 22:51:52,23.003,3.250,73.010,0,0,1480556,731300,180688,5515784,11853.695,1662.238,0,32.005,0,5.001,1093,1299,2.710,1.870,0.980,1,0,3.000,0,0,10,32,4,35,0
13-03 22:51:53,21.044,6.263,72.400,0.251,0,1397244,814604,180696,5515784,4729.824,1623.372,0,629.307,0,44.092,1515,2175,2.570,1.860,0.980,1,0,69.144,0,0,10,32,4,35,0
13-03 22:51:54,14.238,33.223,50.709,0,0,1400436,811380,180696,5515816,15371.564,1618.690,0,451.635,0,96.922,5629,9134,2.570,1.860,0.980,2,0,1217.015,0,0,10,32,4,35,0
13-03 22:51:55,8.765,21.286,69.116,0,0.250,1401780,809980,180696,5515872,11461.289,1622.731,0,717.207,0,43.072,3759,5864,2.570,1.860,0.980,1,0,622.047,0,0,10,32,4,35,0
13-03 22:51:56,10.990,17.984,69.939,0.250,0,1401620,810032,180696,5515960,14835.093,1456.733,0,675.412,0,73.936,3444,5493,2.570,1.860,0.980,1,0,489.574,0,0,10,32,4,35,0
13-03 22:51:57,24.748,17.748,57.745,0,0,1436872,774580,180704,5516340,11187.038,1693.854,0,11.999,0,3.000,3942,8831,2.570,1.860,0.980,3,0,285.975,0,0,10,32,4,35,0
13-03 22:51:58,46.990,4.499,48.490,0,0.250,1554996,656220,180708,5516688,4831.005,1619.666,0,31.993,0,2.999,1267,1306,2.610,1.880,0.990,3,0,14.997,0,0,10,33,4,35,0
13-03 22:51:59,51.004,4.000,44.504,0,0,1618796,588488,180720,5520560,10826.942,1620.141,0,580.050,0,26.002,4659,12189,2.610,1.880,0.990,2,0,6.001,0,0,10,49,4,35,0
13-03 22:52:00,28.716,12.235,59.179,0.250,0.499,1664728,541120,180780,5521636,11409.297,1618.057,0,4298.837,0,199.760,2384,3019,2.610,1.880,0.990,1,0,187.774,0,0,10,48,4,35,0
13-03 22:52:01,13.506,5.252,79.786,0,0.250,1681796,524008,180780,5521668,12078.484,2291.040,0,356.162,0,13.006,1365,1917,2.610,1.880,0.990,0,0,71.032,0,0,10,49,4,35,0
13-03 22:52:02,0.998,0.499,97.592,0.250,0,1681924,523736,180780,5521780,123740.046,4612.509,0,1537.503,0,47.922,817,1093,2.610,1.880,0.990,0,0,0,0,0,10,49,4,35,0
13-03 22:52:03,9.265,5.509,83.884,0.751,0,1699200,505544,180828,5522648,74801.233,3010.799,0,3124.981,0,188.300,1858,2673,2.400,1.850,0.980,0,1,33.053,0,0,10,48,4,36,0
13-03 22:52:04,15.974,9.485,71.385,1.747,0,1716292,434212,180884,5574968,8601.186,1617.402,3.994,7360.180,0.998,293.529,2631,3848,2.400,1.850,0.980,1,0,56.909,0,0,10,48,4,36,0
13-03 22:52:05,16.291,10.526,73.434,0,0,1727284,422512,180884,5574972,5055.680,1718.310,0,0,0,0,1711,1978,2.400,1.850,0.980,1,0,58.146,0,0,10,48,4,36,0
13-03 22:52:06,20.202,5.238,73.826,0,0,1739476,410316,180884,5574976,4594.185,1690.022,0,0,0,0,1299,1487,2.400,1.850,0.980,1,0,40.904,0,0,10,48,4,36,0
13-03 22:52:07,19.775,5.507,73.592,0,0.501,1744700,405016,180884,5574976,11663.579,1696.120,0,0,0,0,1323,1305,2.400,1.850,0.980,1,0,21.026,0,0,10,48,4,36,0
13-03 22:52:08,21.222,4.744,73.904,0,0.250,1742304,407420,180884,5574976,11511.024,1617.895,0,0,0,0,1302,1419,2.280,1.830,0.980,1,0,25.966,0,0,10,48,4,36,0
13-03 22:52:09,14.772,10.516,73.111,0,0,1669900,532696,181032,5523168,12608.127,1534.328,156.237,232.352,9.014,5.008,1842,2530,2.280,1.830,0.980,2,0,148.225,0,0,10,48,4,36,0
13-03 22:52:10,15.474,13.228,69.634,0,0.250,1672512,529988,181032,5523160,10890.856,1617.306,0,3.993,0,0.998,5192,8799,2.280,1.830,0.980,0,0,233.611,0,0,10,48,4,36,0
13-03 22:52:11,0.500,1.000,97.754,0,0,1673160,529288,181032,5523192,11529.484,1620.068,0,1608.068,0,6.000,750,1036,2.280,1.830,0.980,0,0,4.000,0,0,10,48,4,36,0
13-03 22:52:12,1.000,0.500,98.493,0,0,1673160,529288,181032,5523192,13263.019,1619.880,0,0,0,0,687,916,2.280,1.830,0.980,0,0,2.000,0,0,10,48,4,36,0
13-03 22:52:13,1.250,0.500,96.998,0.500,0,1671608,530836,181032,5523200,5202.870,1693.958,0,607.985,0,27.999,957,1545,2.100,1.800,0.980,0,0,3.000,0,0,10,48,3,36,0
13-03 22:52:14,0.501,1.252,97.658,0.250,0,1671136,531316,181032,5523184,7743.568,1622.634,0,508.826,0,99.161,900,1121,2.100,1.800,0.980,3,0,6.010,0,0,10,48,3,36,0
13-03 22:52:15,14.508,14.508,70.287,0,0,1652412,550048,181032,5523548,15396.175,1458.775,0,0,0,0,3856,8617,2.100,1.800,0.980,1,0,214.114,0,0,10,48,3,36,0
13-03 22:52:16,10.998,16.248,71.490,0,0.500,1651552,550788,181032,5523332,8436.777,1857.731,0,359.948,0,5.999,3311,5586,2.100,1.800,0.980,3,0,325.953,0,0,11,48,3,36,0
13-03 22:52:17,16.747,15.747,67.486,0,0.250,1655548,546704,181032,5523384,11932.518,1619.663,0,3.999,0,1.000,5601,10669,2.100,1.800,0.980,1,0,238.950,0,0,11,48,3,36,0
13-03 22:52:18,4.750,5.250,89.245,0,0,1653652,548624,181032,5523376,8433.536,1619.911,0,267.985,0,10.999,1417,2161,2.010,1.790,0.980,1,0,124.993,0,0,11,48,3,36,0
13-03 22:52:19,16.265,14.013,68.064,0,0,1662516,539516,181032,5523600,11628.908,1621.521,0,0,0,0,4563,7708,2.010,1.790,0.980,1,0,215.202,0,0,13,48,3,37,0
13-03 22:52:20,9.997,18.744,70.478,0,0.250,1671336,530700,181032,5523552,12561.106,1619.498,0,1391.569,0,197.939,3144,5059,2.010,1.790,0.980,2,0,402.875,0,0,13,50,3,31,0
13-03 22:52:21,15.723,16.222,66.636,0,0,1675680,526360,181032,5523956,6414.038,1733.038,0,35.939,0,8.985,5170,9162,2.010,1.790,0.980,1,0,257.560,0,0,13,50,3,31,0
13-03 22:52:22,29.561,21.294,49.352,0,0,1742196,459808,181040,5523628,5080.481,1557.213,0,164.339,0,8.017,3568,5658,2.010,1.790,0.980,2,0,502.036,0,0,13,50,3,30,0
13-03 22:52:23,29.749,22.749,46.249,0.250,0,1785780,414680,181120,5525020,12567.661,1565.958,31.999,1315.964,2.000,41.999,4395,8405,2.170,1.820,1,3,0,585.984,0,0,13,54,3,32,0
13-03 22:52:24,40.251,18.500,40.751,0,0.250,1857704,342624,181128,5525172,11180.268,1620.039,0,164.004,0,7.000,5065,9328,2.170,1.820,1,4,0,297.007,0,0,13,54,3,32,0
13-03 22:52:25,36.903,6.234,56.352,0,0.249,1962268,237688,181140,5525416,11515.806,1615.763,0,0,0,0,1596,1921,2.170,1.820,1,1,0,79.791,0,0,13,54,3,32,0
13-03 22:52:26,23.499,3.500,71.998,0,0,2008668,189332,181272,5527024,10731.732,1619.960,0,0,0,0,1318,2206,2.170,1.820,1,1,0,5.000,0,0,13,54,3,31,0
13-03 22:52:27,21.294,4.760,65.384,7.515,0,2047384,138760,181448,5538224,12282.092,1713.501,140.287,23259.519,35.072,1642.355,8001,13671,2.170,1.820,1,1,1,5.010,0,0,13,56,3,31,0
13-03 22:52:28,26.200,4.242,55.394,11.727,0,2043024,134044,181552,5546852,12290.402,1616.896,0,19614.340,0,1949.257,11585,23686,2.240,1.840,1.010,1,0,3.992,0,0,13,56,3,28,0
13-03 22:52:29,36.060,25.543,36.060,1.252,0.250,2180336,133612,178960,5414320,6865.493,1514.535,476.798,24893.672,15.025,1072.796,7869,15424,2.240,1.840,1.010,1,0,283.475,0,0,14,89,3,39,0
13-03 22:52:30,13.005,17.257,68.776,0.250,0.250,2184172,131500,178956,5412616,16076.173,1640.630,812.312,772.297,45.017,45.017,3335,4906,2.240,1.840,1.010,1,0,388.149,0,0,14,89,3,32,0
13-03 22:52:31,16.494,15.245,65.727,0.500,0,2185092,133596,178692,5409928,15720.576,1619.441,1783.385,755.739,49.983,41.986,4910,9248,2.240,1.840,1.010,2,0,213.926,0,0,14,89,3,32,0
13-03 22:52:32,44.263,10.753,42.762,1.000,0,2300928,127604,177976,5302668,5265.538,1690.494,4693.370,3897.138,192.056,216.063,2628,3575,2.240,1.840,1.010,2,0,123.036,0,0,14,90,3,27,0
13-03 22:52:33,26.010,17.257,55.022,2.001,0.250,2362612,136144,177948,5233548,11515.595,1620.647,3005.199,48439.327,173.069,664.265,4807,7731,2.380,1.880,1.020,1,0,318.127,0,0,14,93,3,29,0
13-03 22:52:34,8.742,18.734,71.938,0,0.250,2366664,132104,177948,5233812,12900.802,1618.595,0,119.896,0,12.989,3033,4531,2.380,1.880,1.020,1,0,372.677,0,0,14,93,3,27,0
13-03 22:52:35,9.249,18.248,70.992,0,0,2365964,132620,177952,5233992,12083.574,1619.809,347.959,39.995,6.999,4.000,2754,3921,2.380,1.880,1.020,1,0,334.960,0,0,14,93,3,27,0
13-03 22:52:36,23.727,2.747,72.680,0.250,0,2409804,129308,177952,5194144,7921.364,1618.440,235.773,275.734,37.963,40.961,1265,1810,2.380,1.880,1.020,1,0,1.998,0,0,14,93,3,26,0
13-03 22:52:37,22.732,5.745,70.943,0.250,0.500,2395216,142232,177952,5195936,4376.473,1674.650,1966.415,363.707,29.976,23.981,2171,3328,2.380,1.880,1.020,1,0,64.948,0,0,14,95,3,27,0
13-03 22:52:38,23.801,3.508,70.652,0.501,0,2443080,130252,177932,5160692,12567.095,1569.384,328.709,1246.688,5.011,178.385,2593,4036,2.270,1.860,1.020,2,0,1.002,0,0,14,101,3,24,0
13-03 22:52:39,31.993,6.249,57.488,2.499,0,2435264,181196,177880,5118652,12015.489,1619.661,759.841,6954.546,132.972,696.854,5861,9148,2.270,1.860,1.020,1,0,61.987,0,0,14,104,3,26,0
13-03 22:52:40,20.753,5.501,73.510,0,0,2498088,118356,177880,5118668,10904.428,1620.212,28.004,276.036,4.001,14.002,1478,2087,2.270,1.860,1.020,1,0,55.007,0,0,14,105,3,20,0
13-03 22:52:41,26.251,4.500,67.503,1.250,0.250,2531692,121948,177856,5082096,12259.466,1620.062,580.022,3224.123,24.001,243.009,3606,5797,2.270,1.860,1.020,3,0,4.000,0,0,14,105,3,22,0
13-03 22:52:42,41.159,10.976,46.398,0.499,0,2585908,122596,177860,5028436,5553.748,1616.434,1532.619,1616.434,25.943,228.496,2236,2622,2.270,1.860,1.020,2,0,100.778,0,0,14,105,3,22,0
13-03 22:52:43,35.004,6.001,58.257,0,0,2604940,145408,177860,4987564,12231.370,1620.181,72.008,356.040,3.000,25.003,1745,2346,2.250,1.870,1.030,1,0,59.007,0,0,14,109,3,23,0
13-03 22:52:44,23.300,3.507,72.154,0.251,0,2596580,153764,177860,4987568,12320.316,1515.237,0,344.736,0,35.075,1828,2772,2.250,1.870,1.030,1,0,53.113,0,0,14,109,3,24,0
13-03 22:52:45,25.715,2.497,70.903,0.749,0.499,2635012,128828,177868,4974356,6377.308,1617.795,0,898.775,0,125.828,2306,3809,2.250,1.870,1.030,1,0,0.999,0,0,14,111,3,25,0
13-03 22:52:46,19.730,6.244,72.675,0,0,2631604,132204,177868,4974388,13723.919,1680.276,0,291.701,0,17.982,1457,2082,2.250,1.870,1.030,1,0,83.914,0,0,14,111,3,25,0
13-03 22:52:47,22.304,4.010,72.926,0,0.251,2621960,141820,177868,4974416,11847.553,1788.310,0,256.618,0,12.029,1471,2076,2.250,1.870,1.030,1,0,57.138,0,0,14,111,3,26,0
13-03 22:52:48,25.489,3.498,68.470,1.249,0,2637940,125732,177872,4974520,13313.156,1619.289,0,2398.947,0,286.874,4192,6970,2.150,1.850,1.030,9,0,0,0,0,14,113,3,26,0
13-03 22:52:49,22.976,4.995,70.677,0.499,0,2631660,131828,177872,4974704,9268.398,1618.323,0,1190.766,0,97.899,2104,3166,2.150,1.850,1.030,1,0,55.942,0,0,14,113,3,27,0
13-03 22:52:50,24.261,3.001,69.280,1.751,0.250,2644768,132112,177876,4961652,14482.372,1694.746,40.018,3845.692,3.001,439.193,3774,5458,2.150,1.850,1.030,1,0,0,0,0,14,115,3,27,0
13-03 22:52:51,29.480,5.496,64.455,0.250,0,2631928,144868,177880,4961732,8742.924,1510.950,0,1003.303,0,90.937,3162,5191,2.150,1.850,1.030,1,0,71.950,0,0,14,115,3,28,0
13-03 22:52:52,23.762,4.002,70.537,1.501,0,2607804,182408,177880,4948660,6219.240,1704.888,0,5911.080,0,431.225,3120,5299,2.150,1.850,1.030,1,0,10.005,0,0,14,115,3,29,0
13-03 22:52:53,20.230,7.243,71.930,0,0.250,2660752,129568,177880,4948556,6419.792,1564.487,0,387.625,0,19.981,1745,2408,2.130,1.860,1.030,1,0,139.865,0,0,14,115,3,29,0
13-03 22:52:54,26.534,3.004,69.840,0.501,0.250,2671192,118984,177880,4948700,11950.380,1696.183,0,1165.500,0,114.147,3342,5623,2.130,1.860,1.030,1,0,0,0,0,14,117,3,29,0
13-03 22:52:55,38.493,5.499,54.989,0.250,0.250,2620724,174708,178020,4943456,15047.081,1845.642,899.825,2483.518,29.994,193.962,4128,7749,2.130,1.860,1.030,2,0,13.997,0,0,14,117,4,30,0
13-03 22:52:56,29.215,10.987,58.679,0.749,0,2669088,123740,178020,4946044,11970.480,1867.734,2437.044,914.890,48.941,75.908,3498,6356,2.130,1.860,1.030,2,0,277.663,0,0,14,117,4,30,0
13-03 22:52:57,26.061,9.522,63.399,0.501,0,2635440,179724,178020,4924272,9989.495,1964.621,56.132,2818.629,2.005,353.832,3086,4510,2.130,1.860,1.030,1,0,147.347,0,0,14,117,4,31,0
13-03 22:52:58,10.503,18.755,69.267,0.250,0.250,2638496,176588,178020,4924352,11524.835,1586.390,8.002,520.128,2.000,30.007,3021,4490,2.120,1.860,1.040,2,0,378.093,0,0,14,117,4,31,0
13-03 22:52:59,20.005,16.754,62.016,0.250,0,2656064,157280,178064,4926052,8623.285,1620.429,1704.452,2472.655,66.017,161.043,6413,10699,2.120,1.860,1.040,2,0,247.065,0,0,14,117,4,31,0
13-03 22:53:00,31.740,21.493,45.485,0.500,0,2706640,132180,178064,4901096,5616.175,1619.474,0,2467.198,0,326.894,3881,6334,2.120,1.860,1.040,2,0,532.827,0,0,14,117,4,31,0
13-03 22:53:01,37.859,20.922,40.349,0,0.249,2789836,125092,178088,4826536,11207.175,1683.716,1107.865,1135.761,13.948,71.732,7838,16096,2.120,1.860,1.040,1,0,218.186,0,0,16,129,4,32,0
13-03 22:53:02,54.215,23.845,21.084,0.251,0,2916248,121128,178088,4706748,8311.003,1720.833,8.032,4497.861,2.008,307.220,4469,6763,2.120,1.860,1.040,4,0,717.851,0,0,16,129,4,32,0
13-03 22:53:03,59.230,23.992,15.995,0.250,0,3004516,123304,178088,4618396,4577.471,1619.459,11.996,283.905,1.000,15.995,9433,20642,2.190,1.880,1.050,5,0,350.883,0,0,16,135,4,32,0
13-03 22:53:04,45.011,21.755,32.758,0,0,3088140,126548,178088,4533348,12428.995,1620.391,0,652.157,0,30.007,4183,7102,2.190,1.880,1.050,2,0,590.142,0,0,16,145,4,32,0
13-03 22:53:05,22.504,17.753,58.010,0.500,0.500,3105804,135148,178100,4508108,12924.184,1606.271,568.096,6225.052,5.001,404.068,5469,9805,2.190,1.880,1.050,1,0,330.056,0,0,17,145,4,31,0
13-03 22:53:06,28.994,19.746,51.489,0.250,0,3159476,126708,178100,4463208,12155.435,1619.658,0,1671.647,0,264.944,5265,9921,2.190,1.880,1.050,3,0,427.910,0,0,17,145,4,31,0
13-03 22:53:07,37.437,19.218,42.928,0.250,0.250,3225524,131048,178104,4394872,11890.060,1617.288,0,399.330,0,22.961,5435,9039,2.190,1.880,1.050,4,0,316.469,0,0,17,151,4,31,0
13-03 22:53:08,36.589,26.063,35.837,0,0,3345552,129896,178116,4278392,7302.775,1694.123,172.420,473.152,6.015,30.073,5670,13741,2.740,2,1.090,2,0,542.320,0,0,17,157,4,31,0
13-03 22:53:09,32.180,23.698,42.906,0.249,0,3414476,130280,178120,4210604,11606.663,1562.589,47.895,802.249,2.993,66.854,6278,13361,2.740,2,1.090,1,0,595.700,0,0,17,167,4,31,0
13-03 22:53:10,9.504,20.008,68.027,0.250,0,3427708,119868,178120,4207928,11473.566,1620.645,0,6938.762,0,465.185,4034,5435,2.740,2,1.090,2,0,377.150,0,0,17,167,4,31,0
13-03 22:53:11,23.264,16.260,58.785,0,0,3453452,136980,178120,4165332,4408.636,1769.058,0,576.345,0,42.025,6318,13910,2.740,2,1.090,2,0,219.131,0,0,17,173,4,31,0
13-03 22:53:12,43.401,8.231,46.644,0.249,0.249,3582008,129748,178120,4044236,12057.497,1508.559,51.882,107.754,6.984,5.986,1688,2103,2.740,2,1.090,2,0,5.986,0,0,17,173,4,31,0
13-03 22:53:13,44.003,7.251,48.254,0.250,0,3662952,132380,178124,3960624,11693.854,1620.118,272.020,332.024,13.001,24.002,2111,3010,2.680,2,1.100,1,0,5.000,0,0,17,178,4,31,0
13-03 22:53:14,29.847,22.072,46.401,0.251,0.502,3630164,165044,178132,3960756,13445.672,1625.279,100.326,750.437,5.016,59.192,4520,7887,2.680,2,1.100,3,0,581.890,0,0,17,177,4,32,0
13-03 22:53:15,42.213,19.233,36.218,0.250,0,3646184,147264,178144,3962836,12256.300,1618.587,483.578,503.560,12.989,34.969,7034,15801,2.680,2,1.100,4,0,374.673,0,0,17,189,4,32,0
13-03 22:53:16,71.259,17.752,10.001,0.250,0,3722292,157740,178164,3877360,5210.657,1620.204,1912.241,716.090,34.004,70.009,3962,8128,2.680,2,1.100,6,0,206.026,0,0,17,204,4,35,0
13-03 22:53:17,81.497,15.701,2.243,0,0.249,3852156,136692,178228,3770524,12320.769,1561.156,454.589,1766.518,4.985,31.901,2761,5903,2.680,2,1.100,5,0,71.777,0,0,17,215,4,35,0
13-03 22:53:18,67.445,19.306,11.784,0.501,0.501,3858440,141952,178264,3758960,8650.042,1698.918,164.476,22188.235,6.017,902.613,7035,18882,2.870,2.050,1.120,3,0,277.804,0,0,17,213,4,41,0
13-03 22:53:19,49.454,25.726,23.478,0.250,0,3829928,188860,178292,3740860,11893.879,1510.588,3.996,891.167,0.999,52.950,5852,12226,2.870,2.050,1.120,2,0,447.582,0,0,17,215,4,41,0
13-03 22:53:20,57.312,22.524,20.522,0,0,3906016,124248,178292,3729288,8588.258,1621.748,0,628.678,0,39.042,9540,48505,2.870,2.050,1.120,3,0,262.283,0,0,17,215,4,42,0
13-03 22:53:21,54.477,24.990,19.742,0,0,3964604,135028,178312,3661236,18274.361,1619.323,0,455.809,0,25.989,4114,8412,2.870,2.050,1.120,4,0,446.813,0,0,17,215,4,41,0
13-03 22:53:22,57.520,20.757,19.007,1.000,0,3989640,119668,178368,3651176,11697.106,1620.569,236.083,20075.046,25.009,731.257,8349,18653,2.870,2.050,1.120,3,0,360.126,0,0,17,219,4,43,0
13-03 22:53:23,56.742,21.747,20.747,0,0.500,4047720,122256,178368,3591336,4363.363,1689.753,7.999,515.925,2.000,38.994,5200,10454,3.040,2.100,1.140,3,0,355.948,0,0,17,225,4,43,0
13-03 22:53:24,61.513,17.254,19.254,0,0,4099688,136668,178376,3526144,4243.895,1620.342,32.007,8337.759,2.000,841.177,9635,18233,3.040,2.100,1.140,3,0,217.046,0,0,17,231,4,47,0
13-03 22:53:25,68.001,9.750,21.750,0,0.250,4233240,127560,178384,3404096,11025.099,1458.013,0,2396.022,0,326.003,3168,4245,3.040,2.100,1.140,3,0,4.000,0,0,17,237,4,45,0
13-03 22:53:26,61.503,16.251,18.751,1.250,0.250,4236156,153456,178388,3375940,12791.576,1620.073,1068.048,6300.284,53.002,693.031,8185,13060,3.040,2.100,1.140,4,0,231.010,0,0,17,245,4,53,0
13-03 22:53:27,44.971,25.984,27.982,0.250,0,4236528,152508,178500,3376388,12733.927,1692.927,1235.217,1465.071,23.985,83.947,5014,9198,3.040,2.100,1.140,5,0,543.655,0,0,17,246,4,53,0
13-03 22:53:28,58.503,20.751,19.251,0.500,0.250,4236200,177264,178584,3352888,13522.636,1620.076,3536.166,1441.068,51.002,84.004,6350,14738,3.270,2.160,1.160,5,0,250.012,0,0,18,246,4,53,0
13-03 22:53:29,79.008,15.002,5.751,0,0,4392644,124144,178584,3250708,13544.422,1620.170,740.078,5560.584,15.002,754.079,4559,5301,3.270,2.160,1.160,6,0,75.008,0,0,18,253,4,42,0
13-03 22:53:30,65.272,10.253,23.758,0.250,0,4396436,147280,178604,3224128,12705.205,1620.536,836.277,1288.426,11.004,92.030,3733,6939,3.270,2.160,1.160,5,0,57.019,0,0,18,257,4,42,0
13-03 22:53:31,20.958,12.724,63.622,0.748,0,4405748,140784,178608,3221384,7572.718,2651.649,834.316,4938.035,11.976,396.200,3467,6188,3.270,2.160,1.160,1,0,215.565,0,0,18,255,4,44,0
13-03 22:53:32,20.506,6.752,71.270,0.500,0,4430556,130368,178616,3207116,32689.120,4859.356,552.154,1120.313,8.002,148.041,2295,3443,3.270,2.160,1.160,1,0,10.003,0,0,18,260,4,44,1
13-03 22:53:33,20.271,6.257,72.827,0,0.250,4447424,130508,178616,3190648,9641.181,2479.618,1109.171,336.355,16.017,18.019,1882,2922,3.090,2.140,1.160,13,0,40.042,0,0,18,260,4,44,0
13-03 22:53:34,27.519,10.257,61.292,0.500,0.500,4431936,143876,178616,3192556,16554424.444,87005.860,1565.077,1773.220,34.023,109.075,7114,8372,3.090,2.140,1.160,2,0,79.054,0,0,18,263,4,43,0
13-03 22:53:35,31.239,9.747,57.979,0.500,0,4469380,131896,178616,3167212,14290.898,1661.407,3538.737,311.889,52.981,30.989,2797,4425,3.090,2.140,1.160,1,0,197.929,0,0,18,265,4,43,0
13-03 22:53:36,27.748,3.500,68.245,0.250,0.250,4492796,136148,178616,3139764,11607.234,1735.885,479.968,659.956,31.998,73.995,3843,7345,3.090,2.140,1.160,2,0,4.000,0,0,18,280,4,45,0
13-03 22:53:37,23.007,7.752,68.272,0,0,4428316,196640,178620,3143760,11745.759,1694.542,248.079,564.181,9.003,52.017,3665,7099,3.090,2.140,1.160,1,0,100.032,0,0,18,277,4,48,0
13-03 22:53:38,17.250,12.000,70.249,0.250,0,4471940,152712,178620,3144048,7521.895,1619.977,16.000,295.996,2.000,18.000,3050,5197,3,2.140,1.170,1,0,367.995,0,0,18,277,4,47,0
13-03 22:53:39,17.448,11.216,70.289,0.249,0,4438324,186280,178620,3144096,6956.083,1527.407,39.880,1004.978,9.970,66.799,2605,4134,3,2.140,1.170,1,0,175.472,0,0,18,279,4,47,0
13-03 22:53:40,10.530,18.553,70.703,0.251,0,4445636,178944,178620,3144120,13904.907,1624.663,12.035,112.322,2.006,12.035,3330,5244,3,2.140,1.170,1,0,349.002,0,0,18,279,4,45,0
13-03 22:53:41,4.991,7.486,85.089,0,0.250,4449344,175172,178620,3144184,12075.130,1616.938,7.985,71.864,0.998,4.991,2064,3166,3,2.140,1.170,0,0,147.720,0,0,18,279,4,45,0
13-03 22:53:42,15.504,2.501,80.769,0,0.250,4479080,145436,178620,3144184,5579.311,1620.381,0,16031.767,0,28.007,1435,2335,3,2.140,1.170,2,0,13.003,0,0,18,281,4,43,0
13-03 22:53:43,19.273,8.510,70.833,0.250,0.250,4449200,175220,178620,3144280,14870.398,1695.984,72.084,108.127,6.007,12.014,2393,3598,2.840,2.120,1.170,3,0,106.124,0,0,18,285,4,43,0
13-03 22:53:44,14.752,16.253,68.011,0.500,0.250,4450000,174192,178624,3144504,9833.613,1620.266,164.027,640.105,18.003,61.010,3377,5451,2.840,2.120,1.170,1,0,190.031,0,0,18,287,4,42,0
13-03 22:53:45,12.754,16.506,69.524,0,0,4451520,172440,178624,3144736,12670.409,1512.526,20.007,224.078,2.001,18.006,2946,4768,2.840,2.120,1.170,2,0,227.079,0,0,18,287,4,42,0
13-03 22:53:46,22.733,3.747,69.946,1.249,0,4513408,130448,178628,3124836,12803.206,1564.803,559.572,8009.872,38.970,433.668,2255,2289,2.840,2.120,1.170,1,0,21.983,0,0,18,287,4,40,0
13-03 22:53:47,25.477,4.246,69.436,0.500,0,4566892,128324,178628,3074004,5828.626,1660.469,339.687,5179.225,17.983,119.889,2293,3586,2.840,2.120,1.170,1,1,3.996,0,0,18,295,4,40,0
13-03 22:53:48,24.273,3.003,72.067,0.250,0.250,4488272,206940,178628,3074008,13912.022,1621.518,20.019,248.232,4.004,14.013,1659,2295,2.700,2.100,1.170,1,0,7.007,0,0,18,291,4,39,0
13-03 22:53:49,23.228,3.996,71.683,0,0,4545948,149232,178628,3074040,11801.965,1618.487,0,2006.124,0,120.887,1897,2703,2.700,2.100,1.170,1,0,0.999,0,0,18,293,4,39,0
13-03 22:53:50,24.033,3.254,71.847,0.250,0,4459520,235600,178628,3074100,12154.494,1622.201,28.038,1025.391,1.001,49.067,2090,3312,2.700,2.100,1.170,1,0,18.024,0,0,18,291,4,38,0
13-03 22:53:51,24.966,1.748,72.151,0,0,4489508,205612,178628,3074100,12183.199,1691.667,0,91.873,0,11.983,1493,2133,2.700,2.100,1.170,1,0,0,0,0,18,291,4,38,0
13-03 22:53:52,9.768,19.536,68.875,0.501,0,4447308,246556,178632,3075352,12179.142,1576.867,1494.717,300.546,19.035,7.013,3266,5300,2.700,2.100,1.170,3,0,383.698,0,0,18,291,4,37,0
13-03 22:53:53,16.234,10.989,71.681,0,0.250,4479404,214088,178632,3075724,8990.396,1618.451,423.595,8064.282,21.979,52.949,2447,3645,2.560,2.080,1.170,1,0,200.808,0,0,18,291,4,37,0
13-03 22:53:54,26.024,4.004,69.315,0.500,0.250,4499844,193260,178656,3076056,5347.026,1691.590,336.316,528.497,18.017,46.043,5687,10565,2.560,2.080,1.170,2,0,8.008,0,0,18,291,4,36,0
13-03 22:53:55,19.215,4.492,75.860,0,0.250,4480312,212420,178684,3076368,11477.823,4536.630,43.919,283.477,10.980,10.980,5664,11074,2.560,2.080,1.170,1,0,7.985,0,0,18,292,4,36,0
13-03 22:53:56,23.036,2.754,71.362,0.250,0.250,4507548,183228,178804,3077964,15187.891,2459.869,0,821.292,0,28.044,3726,6517,2.560,2.080,1.170,2,0,5.008,0,0,18,292,4,35,0
13-03 22:53:57,22.211,6.239,70.625,0,0,4481276,209620,178804,3077844,11957.882,1790.837,31.944,638.872,1.996,37.933,6972,13452,2.560,2.080,1.170,2,0,7.986,0,0,18,291,4,35,0
13-03 22:53:58,16.221,11.979,70.375,0,0.250,4484968,206012,178804,3077760,10768.928,1455.422,0,0,0,0,2659,4295,2.510,2.080,1.170,1,0,265.530,0,0,18,291,4,34,0
13-03 22:53:59,22.084,7.278,70.769,0,0,4459192,231604,178804,3077944,4851.431,1626.178,24.092,654.486,2.008,44.168,2552,4145,2.510,2.080,1.170,2,0,86.328,0,0,18,291,4,36,0
13-03 22:54:00,24.975,3.497,70.930,0,0,4512752,177864,178804,3078124,12301.784,1692.320,0,0,0,0,1714,2566,2.510,2.080,1.170,4,0,27.972,0,0,18,291,4,36,0
13-03 22:54:01,21.265,5.754,72.050,0,0,4498848,191764,178804,3078128,11917.235,1621.120,0,0,0,0,1867,2844,2.510,2.080,1.170,1,0,72.050,0,0,18,291,4,36,0
13-03 22:54:02,22.970,4.494,70.658,0,0,4475580,215020,178804,3078140,5264.183,1617.905,0,103.865,0,8.988,1984,3166,2.510,2.080,1.170,1,0,58.924,0,0,18,291,4,35,0
13-03 22:54:03,23.242,4.498,71.225,0,0,4463796,226652,178804,3078292,6777.628,1619.433,0,51.982,0,3.999,1813,2580,2.390,2.060,1.170,1,0,31.989,0,0,18,291,4,38,0
13-03 22:54:04,25.320,2.758,71.198,0.251,0.251,4511424,179024,178804,3078292,12640.127,1516.214,0,505.405,0,67.187,2305,3554,2.390,2.060,1.170,1,0,2.006,0,0,18,291,4,38,0
13-03 22:54:05,22.986,4.247,71.706,0.500,0,4508084,182336,178804,3078320,9045.446,1658.981,0,187.885,0,13.991,1812,2719,2.390,2.060,1.170,3,0,48.970,0,0,18,291,4,38,0
13-03 22:54:06,23.409,3.735,71.472,0,0.249,4478620,211788,178804,3078332,11455.450,1613.724,0,155.396,0,7.969,1898,2781,2.390,2.060,1.170,2,0,33.868,0,0,18,291,4,40,0
13-03 22:54:07,22.339,5.271,71.283,0,0.502,4453996,236272,178804,3078472,8584.139,1700.764,16.064,429.709,1.004,42.168,2366,3856,2.390,2.060,1.170,3,0,88.351,0,0,18,291,4,41,0
13-03 22:54:08,24.482,2.748,72.196,0,0,4502584,187636,178804,3078520,13146.232,1618.797,0,211.843,0,9.993,1640,2378,2.280,2.040,1.170,2,0,1.999,0,0,18,294,4,42,0
13-03 22:54:09,22.468,4.993,70.898,0.250,0,4492692,197508,178804,3078540,11883.840,1617.664,0,515.256,0,38.944,1943,2887,2.280,2.040,1.170,1,0,48.929,0,0,18,291,4,43,0
13-03 22:54:10,23.756,4.251,71.518,0.250,0,4477020,213168,178804,3078552,5315.324,1620.403,56.014,148.037,8.002,12.003,1780,2950,2.280,2.040,1.170,1,0,16.004,0,0,18,291,4,44,0
13-03 22:54:11,28.241,4.499,66.729,1.000,0,4502708,186960,178804,3079072,12984.001,1457.551,263.919,1331.590,16.995,167.948,3373,6389,2.280,2.040,1.170,2,0,1.000,0,0,18,291,4,46,0
13-03 22:54:12,24.775,2.753,71.072,0,0,4501252,188256,178804,3079232,13247.380,1621.638,0,440.445,0,24.024,1683,2406,2.280,2.040,1.170,1,0,8.008,0,0,18,292,4,46,0
13-03 22:54:13,23.014,8.505,68.292,0.250,0,4456156,233304,178808,3079276,6579.079,1621.005,24.015,1709.060,3.002,167.104,3819,6995,2.180,2.030,1.170,1,0,187.116,0,0,18,291,4,47,0
13-03 22:54:14,13.001,23.252,63.755,0.250,0.250,4463688,225692,178808,3079324,12228.015,1620.134,0,1016.084,0,79.007,5960,11227,2.180,2.030,1.170,1,0,700.058,0,0,18,291,4,47,0
13-03 22:54:15,13.999,20.248,63.745,0.250,0,4463412,225812,178808,3079464,9401.191,1619.861,79.993,603.948,5.000,46.996,4341,7428,2.180,2.030,1.170,2,0,633.945,0,0,18,291,4,46,0
13-03 22:54:16,10.503,22.756,67.269,0,0,4459696,229272,178812,3079716,12783.528,1620.447,0,660.182,0,53.015,4499,7826,2.180,2.030,1.170,1,0,735.203,0,0,18,291,4,46,0
13-03 22:54:17,10.744,20.739,68.215,0.250,0.500,4467200,221724,178812,3079760,8454.671,1693.133,0,2106.921,0,131.932,4354,7624,2.180,2.030,1.170,1,0,632.676,0,0,18,291,4,43,0
13-03 22:54:18,8.740,22.723,66.921,0.499,0.250,4465812,223072,178812,3079800,6338.495,1584.124,0,3340.045,0,371.560,4572,6563,2.160,2.030,1.170,1,0,563.333,0,0,18,291,4,43,0
13-03 22:54:19,15.478,13.731,69.902,0.499,0,4484964,293020,178816,2999464,13535.105,1563.817,51.928,1621.736,4.993,31.955,2834,4483,2.160,2.030,1.170,1,0,238.667,0,0,18,291,4,37,0
13-03 22:54:20,22.021,5.756,69.317,0,0,4494484,266080,179260,3015192,12018.598,1695.636,8.008,16.015,1.001,3.003,12509,25186,2.160,2.030,1.170,1,0,7.007,0,0,18,291,4,37,0
13-03 22:54:21,18.214,2.246,77.848,0.499,0.250,4517556,242144,179276,3015880,20610.706,7554.231,435.149,3018.100,18.963,41.918,1740,2749,2.160,2.030,1.170,1,0,2.994,0,0,18,294,4,36,0
13-03 22:54:22,14.781,1.503,81.423,1.002,0,4516880,241644,179300,3017092,37748.139,18654.604,733.557,2132.527,69.147,85.181,2035,2922,2.160,2.030,1.170,0,0,1.002,0,0,18,294,4,36,0
13-03 22:54:23,15.252,1.750,81.261,0.750,0,4525036,232572,179328,3017972,18975.657,8979.257,676.095,1548.217,33.005,53.007,1780,2651,2.070,2.010,1.170,1,0,1.000,0,0,18,294,4,34,0
13-03 22:54:24,18.230,0.999,78.914,0.499,0,4525812,230836,179360,3018896,32523.712,16036.600,795.137,1933.902,44.951,95.896,2193,3160,2.070,2.010,1.170,0,0,0,0,0,18,294,4,34,0
13-03 22:54:25,22.272,3.003,71.571,2.002,0.250,4531240,186624,179512,3056080,6582.523,1913.897,11311.209,3059.032,127.126,115.114,2102,3187,2.070,2.010,1.170,1,0,0,0,0,18,294,5,30,0
13-03 22:54:26,21.486,3.498,72.703,1.249,0,4533572,157700,179712,3080880,4543.092,1776.863,0,3605.692,0,147.905,1868,3276,2.070,2.010,1.170,1,0,0,0,0,18,294,5,30,0
13-03 22:54:27,21.283,4.507,72.863,1.002,0.501,4541644,135260,180216,3092576,12826.907,1796.789,0,3557.521,0,102.159,1761,2712,2.070,2.010,1.170,1,0,0,0,0,18,293,5,22,0
13-03 22:54:28,23.499,2.750,72.247,0,0,4514528,160748,180268,3094144,7477.738,1693.941,415.985,5723.800,8.000,408.986,2178,2155,2.060,2.010,1.180,1,0,10.000,0,0,18,293,5,22,0
13-03 22:54:29,23.772,6.006,67.312,0.500,0,4520508,154508,180268,3094456,14957.761,1459.343,0,5392.962,0,187.172,10309,20135,2.060,2.010,1.180,1,0,12.011,0,0,18,293,5,22,0
13-03 22:54:30,24.250,5.000,70.251,0,0,4492180,182868,180268,3094424,14262.228,1620.026,0,400.006,0,14.000,9292,18300,2.060,2.010,1.180,1,0,11.000,0,0,18,293,5,22,0
13-03 22:54:31,24.497,4.999,69.243,0,0.250,4469032,205988,180268,3094452,11592.794,1619.832,15.998,347.964,1.000,16.998,9671,19134,2.060,2.010,1.180,1,0,56.994,0,0,18,293,5,20,0
13-03 22:54:32,32.002,5.750,60.753,0,0,4518148,156676,180268,3094648,17068.888,1768.092,256.013,408.021,2.000,22.001,9693,19574,2.060,2.010,1.180,2,0,21.001,0,0,18,293,5,20,0
13-03 22:54:33,40.000,10.500,47.750,0,0,4523296,151328,180268,3094848,4633.958,1619.985,767.993,447.996,6.000,13.000,9431,18630,2.060,2.010,1.180,2,0,21.000,0,0,18,293,5,20,0
13-03 22:54:34,27.201,7.487,64.883,0,0.250,4506748,167980,180268,3094744,6641.026,1617.084,0,479.136,0,31.942,2344,5644,2.060,2.010,1.180,1,0,42.923,0,0,18,293,5,21,0
13-03 22:54:35,22.754,4.001,72.262,0,0.250,4474716,199988,180268,3094768,11497.920,1620.271,0,244.041,0,12.002,1995,3150,2.060,2.010,1.180,1,0,94.016,0,0,18,293,5,20,0
13-03 22:54:36,23.252,6.751,69.007,0.500,0,4487096,169348,180892,3110328,7885.844,1458.156,32.003,1108.119,8.001,8.001,12840,25603,2.060,2.010,1.180,1,0,7.001,0,0,18,293,5,20,0
13-03 22:54:37,19.269,2.753,77.578,0,0.250,4508484,147184,180936,3110912,23028.120,7708.740,0,1281.286,0,19.019,1590,2038,2.060,2.010,1.180,2,0,3.003,0,0,18,294,5,17,0
13-03 22:54:38,11.754,0.500,86.283,0.750,0.250,4508076,147184,181000,3111204,29299.134,15596.927,0,1528.581,0,51.019,1602,2346,1.890,1.970,1.180,1,0,0,0,0,18,294,5,17,0
13-03 22:54:39,7.493,1.499,88.912,0.749,0,4508056,146932,181096,3111344,159557.517,13658.519,0,1558.462,0,77.923,1838,2562,1.890,1.970,1.180,1,0,0,0,0,18,295,5,15,0
13-03 22:54:40,16.487,0.999,79.686,0.250,0,4521096,133604,181152,3111500,26713.656,13647.096,0,1334.933,0,44.964,1604,2341,1.890,1.970,1.180,0,0,0,0,0,18,295,5,15,0
13-03 22:54:41,14.247,1.000,83.231,0.750,0,4520784,133380,181224,3111920,234299.814,16006.367,47.989,1407.680,2.000,50.988,1840,2756,1.890,1.970,1.180,0,0,0,0,0,18,295,5,15,0
13-03 22:54:42,8.007,2.002,87.824,1.501,0.250,4520988,132408,181528,3112200,133432.683,21170.720,28.023,3210.687,4.003,152.127,2149,3148,1.890,1.970,1.180,0,0,1.001,0,0,18,295,5,15,0
13-03 22:54:43,15.983,0.749,79.664,0.250,0.250,4523212,118868,181652,3123320,1391457.052,29527.022,95.896,2665.114,5.994,63.931,2424,2867,1.820,1.960,1.170,1,0,1.998,0,0,18,295,5,15,0
13-03 22:54:44,13.520,5.759,78.367,1.502,0,4523012,154168,181604,3088996,17168606.066,100314.971,164.246,21896.736,4.006,353.529,7404,5336,1.820,1.960,1.170,1,0,4.006,0,0,18,295,5,15,0
13-03 22:54:45,21.233,3.997,71.942,1.249,0.250,4526380,134400,184108,3099876,12326.053,1618.694,0,5163.833,0,113.908,1915,2803,1.820,1.960,1.170,1,0,0,0,0,18,295,5,15,0
13-03 22:54:46,22.208,4.991,70.368,0.749,0.250,4546468,142236,184812,3070656,8150.685,1616.962,0,8535.961,0,131.752,1909,2828,1.820,1.960,1.170,1,0,0,0,0,18,295,5,15,0
13-03 22:54:47,21.569,4.765,71.981,1.254,0,4525860,135300,185812,3094648,13247.485,1625.212,0,3182.205,0,112.360,2023,2805,1.820,1.960,1.170,2,0,0,0,0,18,295,5,15,0
13-03 22:54:48,21.699,4.988,70.585,0.748,0,4525656,140648,187588,3084624,7897.575,1731.959,0,2861.325,0,91.786,1791,2526,1.760,1.940,1.170,1,0,0,0,0,18,295,5,15,0
13-03 22:54:49,24.293,3.005,72.127,0.751,0,4523440,140296,188460,3085236,5446.575,1622.853,0,3634.389,0,72.127,1709,2586,1.760,1.940,1.170,1,0,0,0,0,18,295,5,15,0
13-03 22:54:50,19.985,2.998,76.193,0.500,0,4476800,212000,188884,3058884,19929.033,4115.909,19.985,1758.679,2.998,44.966,1595,2337,1.760,1.940,1.170,1,0,1.998,0,0,18,293,5,15,0
13-03 22:54:51,22.529,8.761,65.333,1.252,0,4519568,167540,188976,3060232,9223.686,1638.075,4.005,100963.921,1.001,920.166,10493,19654,1.760,1.940,1.170,2,0,16.020,0,0,18,293,5,15,0
13-03 22:54:52,22.010,5.753,71.032,0,0.250,4516088,171072,188976,3060396,4962.238,1620.731,0,2425.094,0,29.013,2372,4113,1.760,1.940,1.170,1,0,6.003,0,0,18,293,5,15,0
13-03 22:54:53,23.682,5.484,69.301,0,0.249,4509000,178136,188976,3060416,11736.364,1615.370,0,303.131,0,13.960,7800,15620,1.780,1.940,1.180,1,0,7.977,0,0,18,293,5,15,0
13-03 22:54:54,23.768,4.503,70.554,0.500,0.250,4503244,179924,189432,3063392,11374.736,1621.245,972.747,1949.497,21.016,42.032,1942,2911,1.780,1.940,1.180,1,0,8.006,0,0,18,293,5,15,0
13-03 22:54:55,25.546,4.258,67.873,1.503,0.250,4506884,175388,189432,3064192,14171.722,1622.946,384.698,4031.317,29.053,326.593,5739,10777,1.780,1.940,1.180,1,0,0,0,0,18,297,5,20,0
13-03 22:54:56,19.750,13.000,65.752,1.500,0,4456784,224648,189432,3065012,10052.251,1620.041,584.015,3780.095,33.001,478.012,5182,8331,1.780,1.940,1.180,1,0,277.007,0,0,18,295,5,23,0
13-03 22:54:57,12.471,10.975,70.339,4.989,0,4446520,226536,189432,3073400,5240.993,1582.375,8432.681,115.735,689.421,3.991,3720,4908,1.780,1.940,1.180,1,1,172.605,0,0,18,295,5,25,0
13-03 22:54:58,5.496,2.498,82.441,7.495,0,4450108,217468,189432,3078872,13522.291,2711.053,5492.057,3265.655,1065.235,135.902,3914,4676,1.710,1.930,1.180,2,0,5.996,0,0,18,296,5,25,0
13-03 22:54:59,3.261,1.756,94.068,0.251,0.251,4449944,217468,189432,3079032,48703.814,5132.368,0,401.358,0,42.143,1670,2702,1.710,1.930,1.180,0,0,0,0,0,18,296,5,25,0
13-03 22:55:00,3.244,1.248,93.320,0.250,0,4449588,217468,189488,3079324,121706.107,2604.972,91.823,814.428,0.998,46.909,1522,2557,1.710,1.930,1.180,0,0,1.996,0,0,18,296,5,23,0
13-03 22:55:01,5.250,2.000,91.247,0.500,0.250,4432808,233344,189512,3080148,33311.834,125317.614,867.970,3527.877,21.999,143.995,1757,2769,1.710,1.930,1.180,0,0,24.999,0,0,18,295,5,23,0
13-03 22:55:02,6.000,5.750,86.497,0.250,0.500,4433304,232472,189524,3080512,11745.636,1619.950,395.988,239.993,20.999,14.000,2215,3670,1.710,1.930,1.180,0,0,144.996,0,0,18,295,5,23,0
13-03 22:55:03,1.999,0.500,96.198,0,0,4433376,232372,189524,3080540,13256.894,1619.132,0,35.981,0,3.998,1097,1784,1.580,1.890,1.170,0,0,0,0,0,18,295,5,23,0
13-03 22:55:04,2.999,0.500,94.956,0,0,4433376,232372,189524,3080540,8164.204,1511.297,0,127.941,0,18.991,1322,2221,1.580,1.890,1.170,0,0,0,0,0,18,295,5,20,0
13-03 22:55:05,1.750,1.250,95.742,0.250,0,4433376,232372,189524,3080540,7200.417,1693.863,0,223.982,0,19.998,1203,2099,1.580,1.890,1.170,0,0,0,0,0,18,295,5,20,0
13-03 22:55:06,3.497,0.749,93.678,0,0,4433364,232372,189524,3080552,12076.725,1638.741,0,367.718,0,51.960,1765,3062,1.580,1.890,1.170,0,0,0,0,0,18,295,5,20,0
13-03 22:55:07,1.501,0.500,96.285,0.250,0,4433360,232372,189524,3080556,12924.679,1694.613,0,124.045,0,9.003,1076,1745,1.580,1.890,1.170,1,0,0,0,0,18,295,5,20,0
13-03 22:55:08,1.249,0.749,96.426,0,0.250,4433360,232372,189524,3080556,11136.481,1618.762,0,107.917,0,7.994,1068,1750,1.530,1.880,1.170,1,0,0,0,0,18,295,5,17,0
13-03 22:55:09,2.503,0.751,94.848,0.250,0.751,4433356,232372,189524,3080560,13827.214,1695.743,0,296.305,0,29.030,1328,2075,1.530,1.880,1.170,0,0,0,0,0,18,295,5,17,0
13-03 22:55:10,2.251,0.500,95.804,0.250,0,4433352,232372,189524,3080564,12984.362,1620.919,0,100.057,0,15.009,1121,1856,1.530,1.880,1.170,0,0,0,0,0,18,295,5,15,0
13-03 22:55:11,2.251,0.500,95.307,0,0,4433352,232372,189524,3080564,7670.564,1512.900,0,0,0,0,1271,2193,1.530,1.880,1.170,0,0,0,0,0,18,295,5,15,0
13-03 22:55:12,1.498,0.250,95.615,0,0,4433352,232372,189524,3080564,5157.728,1617.719,0,0,0,0,1032,1845,1.530,1.880,1.170,0,0,0.999,0,0,18,295,5,12,0
13-03 22:55:13,3.006,0.501,94.925,0.501,0,4433352,232372,189524,3080564,5078.354,1717.163,0,256.472,0,25.046,1338,2264,1.490,1.860,1.170,0,0,0,0,0,18,295,5,12,0
13-03 22:55:14,3.497,0.999,93.428,0.250,0,4433348,232372,189524,3080568,14619.670,1618.745,0,331.743,0,44.965,1822,3037,1.490,1.860,1.170,0,0,0,0,0,18,295,5,11,0
13-03 22:55:15,1.997,0.499,96.368,0,0.499,4433348,232372,189524,3080568,9571.906,1617.787,0,107.852,0,7.989,1141,1985,1.490,1.860,1.170,0,0,0,0,0,18,295,5,11,0
13-03 22:55:16,5.750,1.500,90.252,0.250,0.250,4433104,232372,189524,3080812,11794.318,1620.044,0,304.008,0,32.001,2737,5378,1.490,1.860,1.170,0,0,0,0,0,18,295,5,11,0
13-03 22:55:17,6.506,2.252,89.838,0.250,0,4436400,229208,189524,3080832,11795.583,1513.486,0,43270.492,0,348.342,2345,2887,1.490,1.860,1.170,0,0,0,0,0,18,295,5,13,0
13-03 22:55:18,2.502,0.751,95.567,0,0,4436392,229208,189524,3080840,12127.441,1621.128,0,104.072,0,7.005,1202,1883,1.370,1.830,1.160,0,0,0,0,0,18,295,5,13,0
13-03 22:55:19,0.749,0.749,96.110,0,0.250,4436392,229208,189524,3080840,10509.656,1617.638,0,283.586,0,17.974,1143,1935,1.370,1.830,1.160,0,0,0,0,0,18,295,5,13,0
13-03 22:55:20,1.500,0.250,95.740,0.250,0,4436392,229208,189524,3080840,5190.471,1619.835,0,31.997,0,4.000,1092,1953,1.370,1.830,1.160,0,0,0,0,0,18,295,5,13,0
13-03 22:55:21,1.751,0.751,96.077,0,0.500,4436392,229208,189524,3080840,11829.499,1641.318,0,112.090,0,1.001,1110,1909,1.370,1.830,1.160,0,0,0,0,0,18,295,5,13,0
13-03 22:55:22,2.750,3.500,91.759,0.250,0,4436044,229720,189524,3080840,8416.800,1694.161,0,101521.645,0,1074.102,4515,5389,1.370,1.830,1.160,0,0,1.000,0,0,18,295,5,13,0
13-03 22:55:23,2.253,0.751,95.371,0,0,4436012,229720,189524,3080840,4057.153,1622.060,0,1586.014,0,16.020,1138,1951,1.420,1.840,1.170,0,0,1.001,0,0,18,295,5,13,0
13-03 22:55:24,2.748,0.250,94.417,0.250,0,4436004,229720,189524,3080848,11100.287,1510.678,0,183.839,0,24.978,1513,2383,1.420,1.840,1.170,0,0,0,0,0,18,295,5,13,0
13-03 22:55:25,2.001,0.500,96.026,0.250,0.250,4436004,229720,189524,3080848,9594.629,1620.444,0,176.048,0,11.003,1169,1949,1.420,1.840,1.170,0,0,0,0,0,18,295,5,13,0
13-03 22:55:26,2.001,1.000,95.796,0,0,4436004,229720,189524,3080848,11112.323,1620.776,0,176.084,0,21.010,1415,2498,1.420,1.840,1.170,0,0,0,0,0,18,295,5,13,0
13-03 22:55:27,1.500,1.000,95.780,0.250,0,4436004,229720,189524,3080848,14098.413,1620.507,0,2336.731,0,19.006,1141,1751,1.420,1.840,1.170,0,0,0,0,0,18,295,5,13,0
13-03 22:55:28,1.998,0.749,96.408,0,0.250,4436004,229720,189524,3080848,6248.046,1564.509,0,443.577,0,14.986,1095,1852,1.310,1.810,1.160,0,0,0,0,0,18,295,5,13,0
13-03 22:55:29,3.994,0.999,93.870,0.250,0.250,4435872,229720,189524,3080980,15021.256,1733.606,0,419.421,0,46.935,1771,2878,1.310,1.810,1.160,0,0,0,0,0,18,295,5,13,0
13-03 22:55:30,1.250,1.250,96.021,0,0.250,4435872,229720,189524,3080980,8688.920,1586.351,0,32.007,0,3.001,1151,1992,1.310,1.810,1.160,0,0,0,0,0,18,295,5,13,0
13-03 22:55:31,2.758,1.755,94.010,0,0,4435700,229720,189532,3081144,3221.925,487.350,264.733,72.200,7.019,6.017,1224,2220,1.310,1.810,1.160,1,0,39.108,0,0,18,295,5,13,0
13-03 22:55:32,14.996,8.498,74.980,0,0,4439232,225804,189544,3081432,233125.921,7420.056,431.887,603.842,10.997,25.993,2275,3331,1.310,1.810,1.160,4,0,72.981,0,0,18,295,5,13,0
13-03 22:55:33,29.779,9.509,59.558,0.500,0.250,4467052,195888,189560,3083496,351638.793,10424.132,1061.031,1225.191,17.017,213.207,2579,2712,1.280,1.790,1.160,2,0,48.047,0,0,18,295,5,13,0
