"pcp-dstat 5.3.6 CSV Output"
"Author:","PCP team <pcp@groups.io> and Dag Wieers <dag@wieers.com>",,,,"URL:","https://pcp.io/ and http://dag.wieers.com/home-made/dstat/"
"Host:","ubuntu",,,,"User:","ubuntu"
"Cmdline:","dstat -tcmndrylpg --tcp --output /tmp/devstack_logs/dstat-csv.log",,,,"Date:","20 Apr 2024 05:52:17 UTC"
"system","total usage",,,,,"memory usage",,,,"net/total",,"dsk/total",,"io/total",,"system",,"load avg",,,"procs",,,"paging",,"tcp sockets",,,,
"time","total usage:usr","total usage:sys","total usage:idl","total usage:wai","total usage:stl","used","free","buf","cach","net/total:recv","net/total:send","dsk/total:read","dsk/total:writ","read","writ","int","csw","1m","5m","15m","run","blk","new","in","out","lis","act","syn","tim","clo"
20-04 05:52:17,,1034444,1419268,169440,5163936,,,,,,,1.600,0.970,0.560,2,0,,,,9,4,5,10,2
20-04 05:52:18,34.795,20.527,43.557,1.001,0,1054428,1398396,169628,5164524,213632.577,18832.558,0,3372.398,0,224.292,4615,7260,1.600,0.970,0.560,2,0,483.631,0,0,9,5,5,10,2
20-04 05:52:19,35.436,17.718,44.669,0.250,0,1029572,1420860,169824,5166580,1065047.678,28399.342,0,3166.241,0,88.838,4695,8676,1.600,0.970,0.560,3,0,341.379,0,0,9,4,5,10,2
20-04 05:52:20,53.908,13.912,30.308,0.248,0.248,1052420,1397188,169988,5167072,113288.186,11359.921,0,1152.686,0,46.704,5014,12842,1.600,0.970,0.560,2,0,239.480,0,0,9,4,5,10,2
20-04 05:52:21,24.667,10.320,63.177,0.503,0.252,1193556,1254084,170076,5293756,817678.785,26655.001,0,9532.372,0,284.924,4066,4642,1.600,0.970,0.560,2,0,122.829,0,0,10,8,5,10,2
20-04 05:52:22,20.214,12.977,65.881,0.499,0,1163008,1280052,170116,5298276,2318453.510,48805.954,235.575,1245.753,10.980,29.946,4659,5186,1.560,0.970,0.560,1,0,184.667,0,0,10,6,5,12,2
20-04 05:52:23,23.764,2.501,71.792,0.250,0,1218224,1219420,170240,5303080,1991557.112,45366.267,172.100,1352.783,7.004,14.008,3569,3111,1.560,0.970,0.560,1,0,0,0,0,10,6,5,12,2
20-04 05:52:24,19.793,4.259,64.891,9.521,0,1241144,1184296,170952,5314096,1633573.320,41222.287,12.026,25138.450,1.002,1775.846,12181,18960,1.560,0.970,0.560,2,1,36.078,0,0,10,8,5,12,2
20-04 05:52:25,16.957,7.232,60.597,14.713,0.249,1243032,1173548,171860,5321636,949997.107,31003.808,0,44731.188,0,3560.022,15706,27410,1.560,0.970,0.560,1,0,43.889,0,0,10,8,5,12,2
20-04 05:52:26,25.305,8.268,62.886,4.009,0.251,1220508,1192028,172188,5325124,1731161.847,44382.778,0,15790.075,0,772.667,5223,7007,1.560,0.970,0.560,1,0,80.173,0,0,10,6,5,12,2
20-04 05:52:27,26.729,3.247,66.947,0.749,0,1175528,1232916,172336,5328908,1891552.565,47377.619,0,3361.348,0,78.938,2959,3216,1.590,0.990,0.570,1,0,13.989,0,0,10,6,5,12,2
20-04 05:52:28,38.741,9.498,49.738,1.250,0,1264308,1129024,172436,5343676,132605.440,3965.056,14292.598,5754.630,159.962,278.934,2633,3730,1.590,0.990,0.570,2,0,57.986,0,0,10,6,5,12,2
20-04 05:52:29,30.786,20.023,48.807,0,0,1185188,1207792,172440,5343964,6117.102,1770.055,0,132.153,0,20.023,2942,4429,1.590,0.990,0.570,2,0,401.466,0,0,10,6,5,12,2
20-04 05:52:30,34.512,23.758,40.514,0,0,1160628,1229596,172560,5346412,33611.293,1620.545,1328.446,1848.621,19.006,144.048,4499,10005,1.590,0.990,0.570,2,0,497.167,0,0,10,6,5,13,2
20-04 05:52:31,52.675,14.979,30.706,0.499,0.250,1248764,1113052,173376,5371556,6638.540,1617.695,99.858,15589.785,0.999,303.567,3798,9686,1.590,0.990,0.570,3,0,166.762,0,0,10,7,5,12,2
20-04 05:52:32,67.500,7.000,25.500,0.500,0,1337328,1000716,174412,5391508,5586.011,1620.003,592.001,3448.007,10.000,153.000,2098,2248,1.700,1.020,0.580,3,0,0,0,0,10,7,5,12,2
20-04 05:52:33,52.672,9.486,35.697,0.499,0.250,1377228,931924,175468,5416524,11941.279,3719.480,0,3518.778,0,86.871,3791,8123,1.700,1.020,0.580,1,0,118.824,0,0,10,7,5,12,2
20-04 05:52:34,23.285,3.255,73.862,0,0,1315172,1009388,175516,5401156,7415.219,2343.546,384.582,96.145,3.005,6.009,960,1171,1.700,1.020,0.580,1,0,7.011,0,0,10,4,5,12,0
20-04 05:52:35,41.077,7.765,50.094,0,0,1359744,964560,175548,5401412,44714.706,1460.734,0,2408.509,0,20.038,9941,18739,1.700,1.020,0.580,2,0,34.064,0,0,10,4,5,12,0
20-04 05:52:36,44.751,7.250,46.001,0.250,0,1398556,925404,175552,5401748,10042.191,1694.032,0,14236.270,0,77.001,9934,19455,1.700,1.020,0.580,3,0,14.000,0,0,10,10,5,12,0
20-04 05:52:37,42.975,7.745,48.472,0.999,0,1329312,994564,175580,5401712,12642.629,1619.056,0,1707.005,0,163.904,3248,5026,1.730,1.040,0.590,2,0,55.967,0,0,10,4,5,14,0
20-04 05:52:38,46.926,3.744,48.174,0.250,0.250,1371420,951736,175584,5402304,12745.989,1617.461,271.574,1138.213,61.903,6.989,2017,2778,1.730,1.040,0.590,3,0,6.989,0,0,10,27,5,14,0
20-04 05:52:39,22.002,6.500,70.505,1.000,0.250,1332672,990428,175608,5402324,8722.611,1662.116,0,3300.231,0,147.010,1963,2745,1.730,1.040,0.590,1,0,93.007,0,0,10,28,5,14,0
20-04 05:52:40,27.540,8.763,63.343,0,0,1350396,972688,175608,5402340,11781.236,1622.374,0,20.029,0,5.007,1919,2730,1.730,1.040,0.590,4,0,156.229,0,0,10,28,5,14,0
20-04 05:52:41,45.765,5.002,48.265,0,0.250,1412616,910288,175612,5402484,8730.785,1458.465,0,116.037,0,6.002,3922,8713,1.730,1.040,0.590,3,0,0,0,0,10,29,5,19,0
20-04 05:52:42,65.997,21.499,11.999,0,0,1487728,835060,175620,5402732,8691.565,1619.919,0,33162.342,0,128.994,3203,5690,1.910,1.090,0.610,8,0,525.974,0,0,10,28,5,19,0
20-04 05:52:43,82.966,13.994,3.748,0,0.250,1621964,700532,175624,5403020,31644.899,1619.330,0,651.730,0,47.980,6211,15427,1.910,1.090,0.610,7,0,51.978,0,0,10,29,5,18,0
20-04 05:52:44,54.095,13.711,31.909,0.249,0,1374924,947424,175632,5403140,12534.165,1615.382,0,279.202,0,30.912,3324,8008,1.910,1.090,0.610,2,0,249.287,0,0,10,28,5,18,0
20-04 05:52:45,20.574,6.022,73.011,0,0.251,1372464,949868,175632,5403156,11665.681,1774.340,0,3865.813,0,129.463,1668,1910,1.910,1.090,0.610,2,0,60.215,0,0,10,29,5,17,0
20-04 05:52:46,19.673,6.475,72.219,0,0,1343848,978460,175632,5403180,9761.977,1687.427,0,235.084,0,20.919,2488,4280,1.910,1.090,0.610,1,0,67.736,0,0,10,28,5,17,0
20-04 05:52:47,22.568,4.263,72.468,0.251,0,1312104,1010056,175640,5403320,11364.149,1667.009,0,1993.992,0,29.087,2133,4293,1.840,1.090,0.610,2,0,36.109,0,0,10,28,5,18,0
20-04 05:52:48,10.258,22.769,65.804,0.500,0,1317640,1004496,175652,5403332,9275.578,1533.253,0,1313.073,0,75.061,3624,5394,1.840,1.090,0.610,3,0,619.506,0,0,10,28,5,18,0
20-04 05:52:49,79.505,16.751,3.750,0,0,1547404,774672,175656,5403388,11720.750,1620.104,0,124.008,0,14.001,2592,4166,1.840,1.090,0.610,7,0,385.025,0,0,10,28,5,18,0
20-04 05:52:50,77.240,9.749,13.248,0,0.250,1580164,741344,175672,5403940,18801.593,1619.793,0,2531.676,0,42.994,7644,16759,1.840,1.090,0.610,7,0,29.996,0,0,10,31,5,19,0
20-04 05:52:51,80.256,15.001,3.250,0,0.500,1495500,825832,175676,5404112,14483.057,1620.118,0,532.039,0,53.004,4245,9442,1.840,1.090,0.610,7,0,258.019,0,0,10,29,5,20,0
20-04 05:52:52,85.003,10.750,4.250,0,0.250,1581552,739768,175684,5404300,7862.322,1620.066,0,11488.471,0,488.020,6093,12788,2.250,1.190,0.650,6,0,72.003,0,0,10,30,5,20,0
20-04 05:52:53,70.474,10.246,18.993,0,0,1376100,944864,175696,5404644,13389.153,1693.387,0,411.851,0,31.988,7711,20531,2.250,1.190,0.650,4,0,169.938,0,0,10,28,5,21,0
20-04 05:52:54,43.414,7.485,48.155,0,0,1423868,896944,175708,5404784,15219.834,1690.649,0,251.502,0,13.972,2221,3403,2.250,1.190,0.650,3,0,77.846,0,0,10,29,5,21,0
20-04 05:52:55,41.597,15.536,43.101,0.251,0,1369424,951196,175708,5404976,8786.552,1535.592,0,240.563,0,26.061,5472,11644,2.250,1.190,0.650,5,0,378.886,0,0,10,28,5,25,0
20-04 05:52:56,64.251,7.500,28.001,0,0,1496028,823936,175708,5405632,7400.163,1620.036,0,180.004,0,9.000,3343,6599,2.250,1.190,0.650,3,0,0,0,0,10,31,5,25,0
20-04 05:52:57,71.499,12.000,16.250,0.250,0.250,1459112,860628,175732,5405820,4993.960,1693.986,0,2371.981,0,51.000,5094,9457,2.310,1.220,0.660,5,0,257.998,0,0,10,28,5,27,0
20-04 05:52:58,72.496,7.500,19.749,0,0,1557412,762096,175740,5406020,10445.405,1661.905,0,343.980,0,22.999,6547,14041,2.310,1.220,0.660,6,0,2.000,0,0,10,31,5,33,0
20-04 05:52:59,66.750,16.750,16.000,0,0.250,1445792,873480,175764,5406232,7582.015,1620.003,0,440.001,0,40.000,4123,8675,2.310,1.220,0.660,5,0,324.001,0,0,10,28,5,33,0
20-04 05:53:00,60.720,13.743,24.488,0,0,1397788,921412,175800,5406264,9835.210,1619.211,0,499.757,0,40.980,6409,15121,2.310,1.220,0.660,5,0,248.879,0,0,10,29,5,36,0
20-04 05:53:01,69.678,9.490,19.230,0,0.499,1495696,823276,175804,5406484,6786.948,1766.165,0,251.738,0,15.983,2774,5874,2.310,1.220,0.660,3,0,49.948,0,0,10,30,5,36,0
20-04 05:53:02,57.901,14.725,26.455,0.499,0,1419856,898832,175848,5406724,6714.572,1509.431,0,37268.569,0,289.507,6291,14470,2.370,1.250,0.670,3,0,286.512,0,0,10,28,5,37,0
20-04 05:53:03,62.445,8.493,28.974,0,0,1447464,870996,175880,5406916,7471.410,1564.620,0,999.119,0,35.968,3901,8749,2.370,1.250,0.670,4,0,26.976,0,0,10,29,5,38,0
20-04 05:53:04,63.739,10.790,25.345,0,0,1484872,833552,175880,5406952,11043.380,1668.251,0,277.038,0,17.064,2334,3649,2.370,1.250,0.670,3,0,85.320,0,0,10,29,5,36,0
20-04 05:53:05,62.519,17.755,20.006,0,0,1411088,907112,175900,5407156,7222.159,1620.485,0,1768.529,0,57.017,6859,13086,2.370,1.250,0.670,5,0,413.124,0,0,10,28,5,39,0
20-04 05:53:06,84.754,14.501,0.750,0,0.250,1601984,716156,175916,5407200,10494.493,1620.076,0,4908.231,0,153.007,4161,6880,2.370,1.250,0.670,11,0,182.009,0,0,10,29,5,39,0
20-04 05:53:07,83.252,15.250,1.250,0,0.250,1531376,786328,175924,5407628,6540.190,1620.047,0,32356.938,0,87.003,4085,7170,2.740,1.340,0.710,7,0,288.008,0,0,10,29,5,39,0
20-04 05:53:08,82.750,14.750,2.500,0.250,0.250,1562108,755384,175936,5407828,10295.979,1619.997,0,1039.998,0,35.000,4054,7637,2.740,1.340,0.710,8,0,214.000,0,0,10,29,5,39,0
20-04 05:53:09,74.684,14.937,9.211,0,0.249,1569268,747996,175936,5408056,8364.626,1686.866,0,223.057,0,9.958,6866,16285,2.740,1.340,0.710,8,0,339.564,0,0,10,30,5,39,0
20-04 05:53:10,44.428,26.356,28.615,0,0,1323388,993576,175936,5408356,15220.945,1538.159,0,224.901,0,15.060,6076,14975,2.740,1.340,0.710,3,0,692.774,0,0,10,28,5,39,0
20-04 05:53:11,10.500,20.999,66.498,0,0,1320600,996328,175940,5408388,11543.688,1619.956,0,211.994,0,12.000,3276,4987,2.740,1.340,0.710,2,0,594.984,0,0,10,28,5,39,0
20-04 05:53:12,66.000,24.000,9.500,0,0,1497204,819676,175940,5408436,8159.967,1619.994,0,643.997,0,21.000,2918,5774,2.840,1.390,0.720,5,0,724.997,0,0,10,28,5,39,0
20-04 05:53:13,74.727,11.746,11.247,0,0,1409676,906836,175972,5408768,7815.569,1661.483,0,1387.568,0,100.969,5639,13405,2.840,1.390,0.720,6,0,178.944,0,0,10,29,5,41,0
20-04 05:53:14,83.798,13.007,4.002,0,0,1539528,776788,175976,5408960,5391.073,1620.924,0,284.162,0,22.013,4168,7944,2.840,1.390,0.720,5,0,103.059,0,0,10,30,5,38,0
20-04 05:53:15,60.461,7.995,31.230,0.250,0.500,1503332,812184,175992,5409744,13263.392,1618.949,0,251.837,0,20.986,8579,21232,2.840,1.390,0.720,3,0,29.981,0,0,10,31,5,46,0
20-04 05:53:16,76.779,9.504,12.755,0,0.250,1446016,869100,176008,5410116,8985.370,1620.608,0,404.152,0,42.016,3720,14124,2.840,1.390,0.720,4,0,90.034,0,0,10,29,5,47,0
20-04 05:53:17,78.014,9.002,12.502,0,0.250,1554384,760292,176016,5410528,7950.431,1586.286,0,272.049,0,12.002,7381,17023,2.930,1.430,0.740,3,0,0,0,0,10,32,5,50,0
20-04 05:53:18,64.723,10.953,23.400,0,0,1548300,765200,176016,5411704,9177.701,1686.777,0,167.284,0,7.966,9746,20628,2.930,1.430,0.740,4,0,72.689,0,0,10,30,5,55,0
20-04 05:53:19,80.027,12.543,6.523,0,0,1495996,817212,176016,5411996,10964.001,1571.447,0,152.529,0,10.035,5165,13651,2.930,1.430,0.740,5,0,196.682,0,0,10,29,5,55,0
20-04 05:53:20,82.065,9.257,7.506,0,0,1490872,821760,176024,5412556,8462.652,1621.274,0,240.189,0,20.016,4555,13084,2.930,1.430,0.740,5,0,64.050,0,0,10,28,5,55,0
20-04 05:53:21,82.704,11.494,4.997,0,0,1550792,761508,176024,5412884,8221.388,1619.092,0,1607.098,0,22.987,4515,9187,2.930,1.430,0.740,6,0,67.962,0,0,10,29,5,55,0
20-04 05:53:22,76.794,14.258,9.005,0,0,1452372,858516,176040,5414276,8478.901,1620.937,0,396.229,0,37.021,3728,11297,3.020,1.470,0.760,6,0,247.143,0,0,10,28,5,53,0
20-04 05:53:23,77.407,10.737,11.236,0,0.499,1506428,804008,176040,5414748,8405.854,1753.883,0,1510.177,0,52.936,4234,11811,3.020,1.470,0.760,4,0,42.948,0,0,10,31,5,54,0
20-04 05:53:24,80.550,13.258,5.503,0,0.250,1505376,804920,176044,5414884,9705.998,1512.935,0,156.096,0,10.006,2949,7165,3.020,1.470,0.760,4,0,120.074,0,0,10,29,5,55,0
20-04 05:53:25,75.501,13.000,10.000,0,0.250,1420756,889188,176068,5415212,11354.159,1694.024,0,600.008,0,59.001,6104,13581,3.020,1.470,0.760,5,0,165.002,0,0,10,28,5,55,0
20-04 05:53:26,63.753,10.750,25.251,0,0,1440088,869784,176080,5415272,16542.662,1566.063,0,272.011,0,18.001,3577,6319,3.020,1.470,0.760,4,0,101.004,0,0,10,30,5,55,0
20-04 05:53:27,60.263,13.003,26.006,0,0,1444416,865060,176080,5415644,7913.749,1620.358,0,224.050,0,11.002,3907,8376,3.100,1.520,0.780,3,0,176.039,0,0,10,28,5,57,0
20-04 05:53:28,62.771,10.754,26.009,0,0,1415688,893716,176112,5415680,10089.451,1620.554,0,460.157,0,43.015,4861,10598,3.100,1.520,0.780,4,0,66.023,0,0,10,28,5,59,0
20-04 05:53:29,65.547,9.471,24.674,0.249,0,1496664,812548,176116,5415856,8513.650,1615.002,0,283.124,0,24.923,2960,5912,3.100,1.520,0.780,5,0,67.790,0,0,10,28,5,59,0
20-04 05:53:30,69.447,10.279,20.057,0,0,1440888,868096,176124,5416076,17493.629,1624.609,0,180.512,0,9.026,4438,11577,3.100,1.520,0.780,4,0,116.330,0,0,10,29,5,61,0
20-04 05:53:31,64.975,8.247,26.240,0,0.250,1405284,903660,176136,5416100,5503.859,1619.370,0,363.858,0,33.987,4605,9656,3.100,1.520,0.780,3,0,18.993,0,0,10,29,5,61,0
20-04 05:53:32,65.002,10.000,24.751,0,0.500,1493896,814824,176140,5416312,6948.195,1512.042,0,284.008,0,22.001,3110,6219,3.090,1.540,0.790,3,0,118.003,0,0,10,29,5,61,0
20-04 05:53:33,56.535,16.760,26.266,0,0,1413824,894468,176148,5416708,7880.815,1620.990,0,528.323,0,36.022,6027,11872,3.090,1.540,0.790,3,0,423.259,0,0,10,28,5,61,0
20-04 05:53:34,61.948,6.744,30.224,0,0,1501136,806784,176160,5417064,7193.928,1564.679,0,267.774,0,15.987,4637,8962,3.090,1.540,0.790,4,0,0,0,0,10,30,5,63,0
20-04 05:53:35,36.696,13.230,48.429,0.250,0.250,1383136,924656,176164,5417176,7968.239,1691.503,0,403.405,0,27.959,3312,5714,3.090,1.540,0.790,3,0,408.397,0,0,10,29,5,64,0
20-04 05:53:36,23.246,4.749,71.739,0.250,0,1324116,983428,176168,5417416,6914.956,1693.744,0,311.953,0,22.997,2583,5794,3.090,1.540,0.790,1,0,35.995,0,0,10,28,5,64,0
20-04 05:53:37,19.252,19.252,60.756,0.250,0,1368112,939220,176200,5417592,7788.810,1620.168,0,9320.969,0,246.026,3785,5517,2.920,1.530,0.790,2,0,559.058,0,0,10,28,5,66,0
20-04 05:53:38,44.342,6.764,48.851,1.002,0,1496884,808964,176296,5418912,24584.817,1697.509,316.655,2849.891,18.037,129.267,2143,2702,2.920,1.530,0.790,5,0,13.027,0,0,10,32,5,66,0
20-04 05:53:39,36.488,5.498,41.986,11.746,0.250,1441496,858328,177100,5423940,11444.189,1619.461,0,34332.567,0,3149.951,15810,26057,2.920,1.530,0.790,1,1,117.961,0,0,10,32,5,64,0
20-04 05:53:40,41.752,6.250,43.253,8.250,0,1451616,846616,177568,5425004,12769.741,1512.088,0,30969.796,0,2594.150,11990,20681,2.920,1.530,0.790,2,0,25.001,0,0,10,28,5,64,0
20-04 05:53:41,45.772,5.002,47.773,1.000,0,1467780,830480,177600,5424928,9356.585,1620.794,0,4546.228,0,316.155,2919,4101,2.920,1.530,0.790,3,0,2.001,0,0,10,30,5,64,0
20-04 05:53:42,39.501,7.250,44.001,10.750,0.500,1519988,777560,177948,5425288,8714.261,1640.049,0,19928.598,0,2765.083,17386,29694,2.770,1.520,0.790,2,0,2.000,0,0,10,30,5,64,0
20-04 05:53:43,27.405,5.481,65.771,0,0,1404576,892832,177968,5425408,8908.961,1839.591,0,1622.348,0,84.705,1895,2624,2.770,1.520,0.790,1,0,98.656,0,0,10,28,6,59,0
20-04 05:53:44,21.999,3.750,73.496,0.250,0,1339828,957568,177968,5425420,12171.318,1693.905,0,827.954,0,50.997,1124,1286,2.770,1.520,0.790,1,0,3.000,0,0,10,28,6,59,0
20-04 05:53:45,22.251,3.500,72.254,1.000,0.250,1419712,877684,177992,5425396,10314.619,1620.097,0,6160.370,0,325.020,1786,2580,2.770,1.520,0.790,1,0,2.000,0,0,10,28,6,59,0
20-04 05:53:46,23.555,3.007,73.170,0,0,1360164,937188,177992,5425440,13326.918,1697.939,0,140.326,0,20.047,1081,1282,2.770,1.520,0.790,2,0,1.002,0,0,10,32,6,59,0
20-04 05:53:47,23.750,2.500,73.249,0,0,1431980,865368,177992,5425444,7603.856,1511.971,0,131.997,0,27.999,1083,1446,2.630,1.510,0.790,1,0,2.000,0,0,10,32,6,59,0
20-04 05:53:48,23.209,2.995,72.371,0.998,0,1392916,904420,177992,5425456,8744.374,1700.960,0,6013.254,0,294.474,1726,2279,2.630,1.510,0.790,3,0,0.998,0,0,10,32,6,59,0
20-04 05:53:49,23.009,2.251,74.030,0,0,1446332,850996,178000,5425456,8165.315,1620.658,0,32.013,0,4.002,936,1167,2.630,1.510,0.790,1,0,4.002,0,0,10,32,6,58,0
20-04 05:53:50,22.723,2.996,73.412,0.250,0.250,1402056,895068,178032,5425620,16913.754,1753.901,179.785,0,24.970,0,977,1172,2.630,1.510,0.790,2,0,0.999,0,0,10,32,6,58,0
20-04 05:53:51,23.503,2.000,73.761,0,0,1341192,955828,178032,5425720,17950.585,1736.250,0,0,0,0,938,1062,2.630,1.510,0.790,2,0,3.000,0,0,10,32,6,56,0
20-04 05:53:52,23.748,2.500,73.244,0.250,0,1360220,936788,178036,5425728,6891.449,1619.870,0,303.976,0,13.999,1091,1490,2.580,1.520,0.800,3,0,1.000,0,0,10,32,6,56,0
20-04 05:53:53,23.754,2.000,73.263,0.250,0.250,1433540,863456,178036,5425740,8367.523,1620.295,0,2240.408,0,226.041,1424,1334,2.580,1.520,0.800,2,0,2.000,0,0,10,32,6,56,0
20-04 05:53:54,23.256,2.751,73.519,0,0,1350636,946324,178036,5425776,7101.825,1512.389,0,68.017,0,5.001,955,1137,2.580,1.520,0.800,2,0,2.001,0,0,10,32,6,56,0
20-04 05:53:55,22.062,3.259,73.959,0,0,1426992,869968,178036,5425776,10615.958,1624.585,0,0,0,0,997,1214,2.580,1.520,0.800,2,0,2.006,0,0,10,32,6,51,0
20-04 05:53:56,16.754,10.002,72.768,0,0,1341800,955040,178044,5425868,10178.453,1620.391,0,0,0,0,1772,2470,2.580,1.520,0.800,2,0,171.041,0,0,10,32,6,51,0
20-04 05:53:57,8.731,20.455,68.849,0,0,1345660,951064,178044,5425940,9371.420,1616.450,0,910.002,0,10.976,2960,4560,2.450,1.510,0.800,2,0,440.034,0,0,10,32,6,49,0
20-04 05:53:58,9.746,18.743,69.974,0,0.250,1344844,951820,178048,5425976,10364.134,1565.416,0,419.843,0,7.997,3299,5312,2.450,1.510,0.800,1,0,505.811,0,0,10,32,6,49,0
20-04 05:53:59,13.757,14.007,72.036,0,0.250,1372172,924452,178048,5426016,20426.254,1768.888,0,172.086,0,2.001,2126,3022,2.450,1.510,0.800,2,0,223.112,0,0,10,32,6,43,0
20-04 05:54:00,23.003,2.750,73.758,0,0,1444260,852380,178048,5426000,9399.043,1512.168,0,0,0,0,977,1165,2.450,1.510,0.800,1,0,2.000,0,0,10,32,6,43,0
20-04 05:54:01,23.221,2.497,73.659,0,0,1401880,894764,178048,5425996,13665.055,1617.994,0,15.980,0,0.999,968,1113,2.450,1.510,0.800,1,0,0.999,0,0,10,32,6,39,0
20-04 05:54:02,23.766,2.252,73.300,0,0.250,1453760,842880,178052,5425996,7140.913,1621.115,0,164.113,0,15.010,1097,1478,2.330,1.500,0.800,1,0,2.001,0,0,10,32,6,39,0
20-04 05:54:03,22.002,3.750,73.008,0.250,0.500,1421236,875360,178052,5426040,9853.064,1662.180,0,288.031,0,19.002,1028,1283,2.330,1.500,0.800,1,0,3.000,0,0,10,32,6,36,0
20-04 05:54:04,23.012,2.251,74.039,0,0,1351444,945140,178052,5426052,7968.199,1620.854,0,48.025,0,6.003,917,1107,2.330,1.500,0.800,1,0,1.001,0,0,10,32,6,36,0
20-04 05:54:05,23.712,2.496,74.132,0,0,1426044,870552,178052,5426040,8919.809,1617.427,0,0,0,0,934,1151,2.330,1.500,0.800,1,0,1.997,0,0,10,32,6,33,0
20-04 05:54:06,23.785,2.253,73.607,0,0,1378884,917696,178052,5426052,12542.199,1642.383,0,12.017,0,1.001,956,1086,2.330,1.500,0.800,1,0,1.001,0,0,10,32,6,33,0
20-04 05:54:07,22.504,3.001,73.512,0,0,1448456,848144,178052,5426032,6489.103,1512.257,0,4.001,0,1.000,886,1091,2.230,1.490,0.800,1,0,2.000,0,0,10,32,6,33,0
20-04 05:54:08,22.958,2.246,73.614,0,0.250,1403320,893272,178052,5426040,9356.774,1617.023,0,694.721,0,126.767,1154,1132,2.230,1.490,0.800,1,0,0.998,0,0,10,32,6,33,0
20-04 05:54:09,23.258,3.001,73.276,0.500,0,1454728,841864,178052,5426040,6558.302,1620.569,0,1020.358,0,7.002,916,1166,2.230,1.490,0.800,1,0,4.001,0,0,10,32,6,33,0
20-04 05:54:10,22.009,3.251,73.530,0,0,1420448,876156,178052,5426028,16850.825,1620.656,0,4.002,0,1.000,1026,1180,2.230,1.490,0.800,2,0,3.001,0,0,10,32,6,33,0
20-04 05:54:11,23.000,2.250,74.001,0,0,1350396,946184,178052,5426052,7550.060,1620.013,0,24.000,0,1.000,923,1097,2.230,1.490,0.800,2,0,1.000,0,0,10,32,6,33,0
20-04 05:54:12,23.000,2.500,73.499,0,0,1426840,869828,178060,5425956,7063.887,1619.974,0,107.998,0,12.000,1023,1563,2.130,1.490,0.810,1,0,2.000,0,0,10,32,6,33,0
20-04 05:54:13,23.250,2.750,73.000,0.250,0.250,1368544,928012,178064,5426060,6234.037,1566.009,0,768.005,0,35.000,1055,1402,2.130,1.490,0.810,1,0,1.000,0,0,10,32,6,31,0
20-04 05:54:14,23.748,1.500,73.994,0,0.500,1387804,908748,178068,5426060,16040.733,1511.881,0,143.989,0,6.999,969,1145,2.130,1.490,0.810,1,0,1.000,0,0,10,32,6,31,0
20-04 05:54:15,22.750,2.750,73.750,0,0,1449564,847008,178068,5426040,10716.021,1694.003,0,20.000,0,1.000,837,1114,2.130,1.490,0.810,1,0,2.000,0,0,10,32,6,31,0
20-04 05:54:16,22.504,2.751,73.514,0,0.250,1377496,919052,178068,5426064,9281.782,1694.325,0,24.005,0,3.001,938,1119,2.130,1.490,0.810,1,0,2.000,0,0,10,32,6,23,0
20-04 05:54:17,22.463,3.245,73.879,0,0,1446556,850004,178068,5426052,9081.152,1691.235,0,0,0,0,904,1118,1.960,1.460,0.800,1,0,1.997,0,0,10,32,6,23,0
20-04 05:54:18,14.280,15.282,69.646,0,0,1345512,951024,178068,5426076,9900.722,1623.398,0,108.227,0,9.019,2407,3478,1.960,1.460,0.800,2,0,328.688,0,0,10,32,6,19,0
20-04 05:54:19,19.989,5.997,73.208,0,0,1418340,878132,178088,5426120,9610.522,1735.011,0,127.927,0,2.998,1311,1779,1.960,1.460,0.800,1,0,65.962,0,0,10,32,6,19,0
20-04 05:54:20,23.502,3.000,73.506,0,0,1386912,908764,178132,5426772,10888.893,1662.136,0,0,0,0,1089,1261,1.960,1.460,0.800,1,0,9.001,0,0,10,32,6,14,0
20-04 05:54:21,21.318,6.019,71.477,0,0,1350196,945480,178132,5426772,13796.749,1462.638,0,0,0,0,1354,1709,1.960,1.460,0.800,1,0,75.239,0,0,10,32,6,14,0
20-04 05:54:22,9.234,20.464,68.879,0,0.250,1348064,947516,178132,5426860,10045.360,1617.160,0,559.018,0,16.970,3038,4658,1.880,1.450,0.800,2,0,408.283,0,0,10,32,6,14,0
20-04 05:54:23,8.757,21.016,68.553,0.250,0,1347280,948260,178132,5426896,11278.673,1789.376,0,660.508,0,28.022,3463,5500,1.880,1.450,0.800,1,0,533.410,0,0,10,32,6,14,0
20-04 05:54:24,8.758,20.269,69.314,0,0.250,1344304,951188,178132,5426928,9112.411,1695.565,0,932.861,0,16.015,3136,4880,1.880,1.450,0.800,1,0,472.436,0,0,10,32,6,12,0
20-04 05:54:25,9.748,20.247,68.989,0,0,1345492,949976,178132,5426952,10632.288,1693.727,0,1111.821,0,12.998,3024,4561,1.880,1.450,0.800,1,0,453.927,0,0,10,32,6,12,0
20-04 05:54:26,11.742,17.737,68.452,0,0,1344344,951084,178132,5426972,9545.242,1618.854,0,1195.154,0,12.991,3032,4574,1.880,1.450,0.800,2,0,455.677,0,0,10,32,6,12,0
20-04 05:54:27,7.748,21.743,70.478,0,0.250,1345692,949704,178132,5427000,9565.073,1531.531,0,279.914,0,5.998,2867,4227,1.810,1.450,0.800,2,0,396.879,0,0,10,32,6,12,0
20-04 05:54:28,9.255,19.261,70.040,0,0.500,1348188,947180,178132,5427028,8875.085,1620.929,0,148.085,0,7.004,2832,4276,1.810,1.450,0.800,1,0,395.226,0,0,10,32,6,10,0
20-04 05:54:29,17.262,25.518,56.790,0,0,1376640,918700,178148,5427040,9966.997,1621.138,0,1408.989,0,118.083,3806,6050,1.810,1.450,0.800,3,0,634.445,0,0,10,32,6,12,0
20-04 05:54:30,64.903,16.226,17.224,0,0,1552132,742460,178288,5427652,20122.038,1617.591,11.982,894.668,0.999,50.924,2973,7229,1.810,1.450,0.800,3,0,338.496,0,0,10,32,6,14,0
20-04 05:54:31,46.946,9.739,31.464,10.238,0,1626564,656624,179092,5437040,7439.393,1765.957,403.533,44073.008,4.994,3108.404,15346,25828,1.810,1.450,0.800,0,1,93.891,0,0,10,38,6,15,0
20-04 05:54:32,37.582,10.022,31.068,20.545,0,1617160,655036,179896,5446904,12553.278,1623.528,0,80699.360,0,6017.075,23190,40521,1.910,1.470,0.820,2,1,147.320,0,0,10,36,6,13,0
20-04 05:54:33,34.767,9.755,34.016,17.258,0,1587504,676124,180548,5454508,7473.617,1620.784,0,78105.803,0,5622.721,22451,40828,1.910,1.470,0.820,3,1,109.053,0,0,10,36,6,13,0
20-04 05:54:34,47.500,9.750,28.250,13.750,0.250,1546656,709476,180816,5461480,15595.969,1457.997,0,54887.890,0,4400.991,18510,31581,1.910,1.470,0.820,5,0,117.000,0,0,10,35,6,14,0
20-04 05:54:35,40.746,19.748,29.247,9.999,0,1494304,754712,181276,5467776,7751.271,1619.848,363.966,47287.555,5.999,3495.671,19897,38751,1.910,1.470,0.820,5,0,278.974,0,0,10,34,6,14,0
20-04 05:54:36,37.696,14.230,33.452,12.482,0,1552708,690328,181580,5473180,7870.666,1617.671,1625.659,44908.332,26.961,3435.054,14496,29082,1.910,1.470,0.820,3,0,204.705,0,0,10,34,6,11,0
20-04 05:54:37,36.005,6.751,42.506,12.752,0.500,1551472,686800,181740,5477696,9351.384,1620.240,0,39313.818,0,3346.495,19453,35253,1.990,1.500,0.830,3,0,12.002,0,0,10,35,6,16,0
20-04 05:54:38,35.799,8.762,44.060,10.014,0,1543116,694276,182068,5478176,15158.616,1622.206,0,38504.366,0,3330.530,15068,28060,1.990,1.500,0.830,2,1,83.113,0,0,10,34,6,14,0
20-04 05:54:39,37.993,4.999,39.742,14.497,0,1554648,680220,182316,5480400,13421.423,1693.675,0,45323.298,0,3877.256,15888,32971,1.990,1.500,0.830,3,1,37.993,0,0,10,35,6,17,0
20-04 05:54:40,36.969,6.744,41.465,13.738,0.250,1527152,706796,182472,5481152,8340.910,1692.561,0,38731.079,0,3294.200,16421,29280,1.990,1.500,0.830,2,0,44.962,0,0,10,34,6,18,0
20-04 05:54:41,40.746,6.249,39.746,11.749,0,1550172,681344,182564,5483448,10089.021,1457.859,0,30317.059,0,2800.728,16268,27792,1.990,1.500,0.830,2,1,32.997,0,0,10,37,6,19,0
20-04 05:54:42,36.042,9.011,41.048,13.015,0,1511504,717032,182792,5486112,8692.135,1621.891,0,35765.703,0,3240.779,18123,31765,2.070,1.520,0.840,2,0,94.110,0,0,10,36,6,20,0
20-04 05:54:43,34.974,6.495,40.970,13.740,0,1551452,673952,182944,5488992,8820.482,1618.804,0,46653.523,0,3630.317,16714,29180,2.070,1.520,0.840,1,1,32.976,0,0,10,37,6,21,0
20-04 05:54:44,34.758,8.002,43.760,14.253,0.250,1545248,676844,183044,5492116,8233.902,1620.374,0,39309.080,0,3528.815,17499,29788,2.070,1.520,0.840,3,0,100.023,0,0,10,36,6,21,0
20-04 05:54:45,34.475,8.494,39.971,16.988,0,1524124,695356,183228,5494480,7550.518,1618.825,0,52501.884,0,4109.017,18878,33434,2.070,1.520,0.840,2,0,107.922,0,0,10,36,6,21,0
20-04 05:54:46,39.788,7.007,42.791,11.511,0,1554936,665368,183332,5493504,9160.831,1621.563,0,32959.773,0,3067.958,15597,28934,2.070,1.520,0.840,2,1,15.014,0,0,10,36,6,22,0
20-04 05:54:47,35.491,8.748,41.739,13.247,0,1556160,666996,183392,5490596,8069.910,1735.550,0,40989.384,0,3623.062,15425,27613,2.230,1.560,0.860,2,0,60.984,0,0,10,34,6,24,0
20-04 05:54:48,26.727,16.486,53.705,1.749,0.250,1386908,836044,183396,5490780,10523.108,1584.661,0,10810.865,0,614.481,5717,9658,2.230,1.560,0.860,1,0,445.623,0,0,10,32,6,24,0
20-04 05:54:49,20.005,22.005,56.014,0.500,0,1423736,799052,183416,5490924,8600.098,1566.382,0,3504.855,0,288.070,4389,6435,2.230,1.560,0.860,3,0,565.138,0,0,10,32,6,30,0
20-04 05:54:50,67.505,9.001,24.752,0.250,0.250,1607880,613836,183428,5491980,18011.369,1662.126,0,6272.477,0,301.023,2348,2455,2.230,1.560,0.860,3,0,3.000,0,0,10,32,6,30,0
20-04 05:54:51,66.978,6.998,24.242,0,0.250,1757748,460584,183492,5494968,8259.283,1619.467,0,5162.302,0,248.918,2239,2340,2.230,1.560,0.860,3,0,0,0,0,10,32,6,30,0
20-04 05:54:52,31.969,7.992,42.959,18.982,0,1759504,447268,183632,5505816,9323.031,1660.403,0,67483.081,0,5243.955,20516,39994,2.290,1.590,0.870,8,0,194.813,0,0,10,38,6,30,0
20-04 05:54:53,25.034,7.761,46.313,19.276,0.250,1759328,437232,183796,5515528,4986.832,1622.222,0,71493.947,0,5534.582,22014,41937,2.290,1.590,0.870,4,1,210.288,0,0,10,38,6,30,0
20-04 05:54:54,37.778,10.007,34.525,16.012,0.250,1656776,531672,183948,5523236,7061.176,1621.188,0,77232.612,0,5624.122,20984,39428,2.290,1.590,0.870,2,1,165.121,0,0,10,36,6,30,0
20-04 05:54:55,41.501,9.250,34.001,16.750,0,1713360,465912,184084,5531968,9278.260,1694.047,0,58249.631,0,4688.131,21170,33880,2.290,1.590,0.870,3,0,151.004,0,0,10,36,6,30,0
20-04 05:54:56,53.131,6.486,30.183,10.477,0,1754108,419292,184132,5537592,12202.763,1508.633,0,55316.533,0,3873.355,16992,27212,2.290,1.590,0.870,2,1,53.880,0,0,10,38,6,30,0
20-04 05:54:57,18.289,10.272,49.356,20.294,0,1639452,521148,184236,5549800,11903.533,1569.366,0,72952.483,0,5369.518,22926,38648,2.350,1.610,0.880,4,0,78.168,0,0,10,36,5,30,0
20-04 05:54:58,27.658,6.478,45.598,18.688,0,1640056,513868,184292,5556204,11471.799,1614.623,0,66482.613,0,5126.927,22028,38570,2.350,1.610,0.880,2,0,38.871,0,0,10,36,5,30,0
20-04 05:54:59,21.317,12.038,64.702,1.254,0,1403080,750644,184292,5556396,11269.216,1625.078,0,8041.129,0,489.530,3641,5068,2.350,1.610,0.880,2,0,251.787,0,0,10,32,5,30,0
20-04 05:55:00,23.250,3.250,73.750,0,0,1467816,685908,184292,5556392,13621.932,1619.992,0,1563.992,0,97.000,1265,1537,2.350,1.610,0.880,2,0,1.000,0,0,10,32,5,30,0
20-04 05:55:01,25.010,1.751,72.778,0.500,0,1510392,643320,184296,5556400,7196.749,1620.619,0,5238.001,0,314.120,2009,2967,2.350,1.610,0.880,1,0,0,0,0,10,34,5,30,0
20-04 05:55:02,22.683,8.973,67.550,0,0.249,1449584,704128,184300,5556396,7384.113,1615.213,0,67.799,0,5.982,1772,2622,2.240,1.600,0.880,1,0,171.492,0,0,10,32,5,30,0
20-04 05:55:03,23.496,2.250,73.238,0.250,0.250,1506892,646728,184300,5556432,7662.697,1511.743,0,199.966,0,19.997,1220,1593,2.240,1.600,0.880,1,0,0,0,0,10,34,5,30,0
20-04 05:55:04,17.056,25.834,55.933,0,0.502,1398164,755424,184300,5556456,7675.090,1625.313,0,561.837,0,44.144,4382,7294,2.240,1.600,0.880,2,0,893.922,0,0,10,32,5,30,0
20-04 05:55:05,8.989,24.221,64.673,0,0,1404076,749428,184300,5556516,6372.404,1638.047,0,3639.662,0,29.964,3677,5615,2.240,1.600,0.880,1,0,671.200,0,0,10,32,5,30,0
20-04 05:55:06,9.490,19.480,70.678,0,0,1399628,753804,184300,5556584,9482.347,1692.277,0,227.768,0,12.987,3090,4694,2.240,1.600,0.880,1,0,441.551,0,0,10,32,5,30,0
20-04 05:55:07,10.260,19.269,68.316,0,0,1400276,753120,184300,5556620,7575.325,1621.568,0,76.074,0,11.011,2734,4367,2.140,1.590,0.880,2,0,365.353,0,0,10,32,5,30,0
20-04 05:55:08,18.211,13.721,66.607,0,0.249,1403292,750012,184300,5556988,8605.507,1690.367,0,11.974,0,2.994,4925,8809,2.140,1.590,0.880,4,0,197.575,0,0,10,32,5,30,0
20-04 05:55:09,45.546,9.510,44.295,0,0,1521280,631900,184312,5557188,8734.805,1621.635,0,44.044,0,3.003,1679,2116,2.140,1.590,0.880,2,0,123.124,0,0,10,33,5,30,0
20-04 05:55:10,46.754,4.250,48.755,0,0,1600732,551344,184364,5558012,16479.549,1512.142,88.008,2260.212,2.000,336.032,1834,1500,2.140,1.590,0.880,3,0,2.000,0,0,10,33,5,30,0
20-04 05:55:11,37.780,10.008,52.291,0,0,1644272,505284,184372,5560316,11703.164,1663.302,0,500.392,0,17.013,2075,8507,2.140,1.590,0.880,1,0,86.067,0,0,10,48,5,30,0
20-04 05:55:12,13.476,12.977,71.873,0.250,0,1671116,478412,184372,5560344,8500.970,1691.010,0,1118.023,0,25.954,2052,2885,2.050,1.580,0.880,1,0,174.691,0,0,10,48,5,30,0
20-04 05:55:13,1.501,0.750,96.309,0.750,0.250,1671360,478160,184372,5560344,22300.737,2727.680,0,488.301,0,31.019,1068,1626,2.050,1.580,0.880,0,0,1.001,0,0,10,49,6,30,0
20-04 05:55:14,0.499,0.250,97.897,0,0.250,1671232,478160,184372,5560464,106417.156,4521.248,0,383.597,0,20.978,870,1139,2.050,1.580,0.880,0,0,0,0,0,10,49,6,30,0
20-04 05:55:15,1.500,1.000,97.020,0,0.250,1681772,467604,184372,5560480,72702.831,3468.708,0,416.085,0,6.001,834,1077,2.050,1.580,0.880,1,0,0,0,0,10,48,6,31,0
20-04 05:55:16,18.304,8.776,68.703,2.257,0,1674996,472496,184472,5561892,10689.577,1699.019,4.012,8176.152,1.003,437.292,3843,5338,2.050,1.580,0.880,1,0,158.468,0,0,10,48,6,31,0
20-04 05:55:17,15.006,11.004,73.279,0.250,0,1704088,395016,184472,5608440,6922.776,1512.607,64.026,1120.449,4.002,8.003,1577,1946,1.960,1.570,0.890,1,0,47.019,0,0,10,48,6,31,0
20-04 05:55:18,18.190,7.226,73.257,0,0,1719864,379212,184472,5608444,9317.039,1740.217,0,0,0,0,1449,1647,1.960,1.570,0.890,1,0,50.831,0,0,10,48,6,31,0
20-04 05:55:19,21.254,5.001,73.763,0,0.250,1724952,374064,184472,5608444,21227.800,1620.290,0,0,0,0,1221,1327,1.960,1.570,0.890,1,0,22.004,0,0,10,48,6,31,0
20-04 05:55:20,19.015,7.006,73.308,0,0,1659884,486660,184472,5562004,33770.577,1641.292,0,652.514,0,3.002,1639,1852,1.960,1.570,0.890,1,0,85.067,0,0,10,48,6,31,0
20-04 05:55:21,17.291,12.781,70.418,0,0,1659040,487428,184476,5562088,15507.015,1772.230,144.345,16.038,6.014,2.005,3158,5998,1.960,1.570,0.890,1,0,250.598,0,0,10,48,6,31,0
20-04 05:55:22,7.973,5.730,84.709,0,0,1660356,486076,184476,5562080,8698.113,1614.453,0,306.945,0,2.990,2425,4681,1.810,1.540,0.880,0,0,60.791,0,0,10,48,6,31,0
20-04 05:55:23,0.500,0.750,97.762,0,0,1660324,486108,184476,5562080,16078.042,1714.218,0,92.012,0,10.001,943,1344,1.810,1.540,0.880,0,0,3.000,0,0,10,48,6,31,0
20-04 05:55:24,0.250,0.250,97.763,0.250,0.500,1660324,486108,184476,5562080,11631.512,1620.211,0,372.048,0,27.004,842,1185,1.810,1.540,0.880,1,0,3.000,0,0,10,48,6,31,0
20-04 05:55:25,0.750,0.500,98.214,0,0,1660544,485884,184476,5562080,11151.896,1511.444,0,731.731,0,1.999,736,1031,1.810,1.540,0.880,0,0,1.000,0,0,10,48,6,31,0
20-04 05:55:26,3.252,4.503,91.319,0,0.250,1596972,549512,184476,5562072,11565.697,1621.219,0,0,0,0,1404,1975,1.810,1.540,0.880,1,0,67.050,0,0,10,48,6,31,0
20-04 05:55:27,16.030,15.529,66.374,0,0,1592788,553688,184476,5562244,17080.924,1623.033,0,0,0,0,5050,10361,2.060,1.600,0.900,3,0,233.436,0,0,10,48,6,31,0
20-04 05:55:28,10.239,19.230,71.675,0.250,0,1653676,492744,184476,5562096,8011.644,1802.120,0,7.992,0,1.998,3085,4968,2.060,1.600,0.900,1,0,348.636,0,0,11,48,6,31,0
20-04 05:55:29,14.515,12.513,70.571,0,0,1652996,493280,184476,5562136,7251.259,1769.772,0,192.192,0,4.004,4394,7651,2.060,1.600,0.900,0,0,151.151,0,0,11,48,6,29,0
20-04 05:55:30,6.505,9.006,83.058,0,0,1674840,471472,184476,5564368,15330.793,1621.141,0,196.138,0,10.007,1915,3684,2.060,1.600,0.900,3,0,195.137,0,0,13,48,6,29,0
20-04 05:55:31,16.480,13.983,68.169,0,0.499,1659064,487172,184476,5562164,10084.010,1510.204,0,1514.200,0,185.779,5391,7804,2.060,1.600,0.900,4,0,179.786,0,0,13,50,6,25,0
20-04 05:55:32,9.755,18.509,71.035,0,0,1655100,491116,184476,5562188,5804.868,1620.801,0,28.014,0,7.003,2745,4143,1.900,1.580,0.900,2,0,357.176,0,0,13,50,6,25,0
20-04 05:55:33,14.987,15.736,66.941,0,0,1663028,483032,184476,5562536,4975.626,1618.577,0,255.775,0,22.980,4236,9133,1.900,1.580,0.900,1,0,256.774,0,0,13,50,6,25,0
20-04 05:55:34,28.981,19.737,50.717,0,0.250,1706720,439264,184492,5562740,7171.296,1618.938,0,491.677,0,28.981,3832,7396,1.900,1.580,0.900,2,0,370.757,0,0,13,50,6,25,0
20-04 05:55:35,30.735,9.495,59.721,0,0.250,1765632,379412,184604,5563188,5559.337,1565.250,0,19.990,0,1.999,2425,6852,1.900,1.580,0.900,1,0,61.970,0,0,13,50,6,24,0
20-04 05:55:36,14.477,5.990,77.624,0,0,1647844,496448,184620,5563816,5632.892,1691.265,0,167.729,0,3.994,2015,3778,1.900,1.580,0.900,0,0,8.985,0,0,13,50,6,32,0
20-04 05:55:37,0.751,0.501,97.856,0,0,1647840,496448,184620,5563820,13236.375,1621.761,0,44.048,0,1.001,706,1007,1.740,1.550,0.890,0,0,3.003,0,0,13,50,6,27,0
20-04 05:55:38,0.250,0,98.464,0,0,1647840,496448,184620,5563820,5945.812,1511.444,0,0,0,0,609,936,1.740,1.550,0.890,0,0,1.999,0,0,13,50,6,27,0
20-04 05:55:39,2.755,4.007,92.161,0.250,0,1588820,555460,184620,5563868,7270.673,1712.986,0,1534.675,0,6.010,1352,2002,1.740,1.550,0.890,1,0,54.094,0,0,12,50,6,27,0
20-04 05:55:40,18.491,14.493,66.219,0,0.250,1596424,547796,184620,5563884,9695.463,1619.242,0,7.996,0,1.999,4149,10954,1.740,1.550,0.890,0,0,249.883,0,0,12,50,6,24,0
20-04 05:55:41,18.250,13.250,68.251,0.250,0,1658264,485772,184620,5564076,9438.085,1620.015,0,5136.046,0,255.002,4960,9854,1.740,1.550,0.890,4,0,215.002,0,0,13,50,6,24,0
20-04 05:55:42,17.793,16.038,63.151,0.251,0,1653068,490816,184620,5564152,11158.759,1623.894,0,5645.538,0,278.668,5792,11884,2.010,1.610,0.920,2,0,319.767,0,0,13,48,6,22,0
20-04 05:55:43,19.505,17.255,62.767,0.250,0.250,1673600,470288,184620,5564192,9308.523,1566.425,0,468.127,0,17.005,4400,9793,2.010,1.610,0.920,3,0,214.058,0,0,13,50,6,22,0
20-04 05:55:44,30.426,21.946,46.636,0,0.249,1735436,408392,184620,5564224,7591.469,1657.953,0,470.851,0,5.985,3630,5747,2.010,1.610,0.920,6,0,604.524,0,0,13,50,6,20,0
20-04 05:55:45,36.832,21.047,41.593,0,0.251,1838340,304712,184624,5565120,11237.126,1589.554,0,24.054,0,6.013,4509,13113,2.010,1.610,0.920,3,0,301.675,0,0,13,58,6,24,0
20-04 05:55:46,22.683,11.466,64.809,0.499,0,1728272,414712,184624,5564944,17365.892,1689.029,0,2225.450,0,167.507,2598,4916,2.010,1.610,0.920,2,0,175.484,0,0,13,50,6,28,0
20-04 05:55:47,24.265,2.251,72.545,0,0,1772532,369484,184700,5565828,7832.817,1737.068,0,384.236,0,1.001,994,1904,1.920,1.600,0.920,2,0,4.002,0,0,13,50,6,28,0
20-04 05:55:48,22.807,5.012,62.906,8.271,0,1788600,339832,184980,5578476,18558.154,1624.039,140.349,20575.170,35.087,1397.476,7406,14124,1.920,1.600,0.920,2,1,5.012,0,0,13,52,6,25,0
20-04 05:55:49,27.161,5.482,57.062,10.466,0.249,1785012,334820,185064,5586820,11597.855,1778.152,0,21939.840,0,2111.057,12433,22002,1.920,1.600,0.920,5,0,5.980,0,0,13,52,6,25,0
20-04 05:55:50,33.535,17.768,46.048,0.250,0,1960508,156680,185112,5589116,19738.429,1621.678,0,2310.391,0,126.131,6771,20261,1.920,1.600,0.920,3,0,278.288,0,0,14,77,6,30,0
20-04 05:55:51,10.019,20.038,68.381,0,0.250,1964544,152452,185112,5589264,6059.568,1502.869,0,49217.957,0,110.210,3180,5174,1.920,1.600,0.920,2,0,389.744,0,0,14,77,6,30,0
20-04 05:55:52,19.505,14.754,64.767,0.250,0,1977188,139472,185112,5589900,8380.187,1620.423,0,960.251,0,42.011,5413,9272,1.850,1.590,0.920,3,0,216.056,0,0,14,77,6,30,0
20-04 05:55:53,45.648,9.978,42.406,0.998,0,2052988,127924,182752,5528968,9005.971,1690.241,343.237,12544.102,12.971,822.171,3287,3043,1.850,1.590,0.920,2,0,115.743,0,0,14,78,6,30,0
20-04 05:55:54,21.270,15.514,62.057,1.001,0.250,2077904,136428,181296,5497000,8101.486,1695.567,1889.746,2542.349,29.027,250.231,3518,4996,1.850,1.590,0.920,1,0,208.192,0,0,14,81,6,31,0
20-04 05:55:55,7.998,19.245,71.232,0.250,0,2094844,119704,181296,5496888,6976.207,1693.565,0,811.791,0,49.987,2910,4357,1.850,1.590,0.920,1,0,330.915,0,0,14,81,6,31,0
20-04 05:55:56,8.254,18.259,71.783,0,0.250,2100788,123476,180896,5487664,10200.754,1620.755,0,108.050,0,10.005,2695,3922,1.850,1.590,0.920,1,0,325.152,0,0,14,81,6,31,0
20-04 05:55:57,16.457,9.974,72.061,0.499,0,2127152,129376,180208,5456432,5224.323,1689.577,1539.968,0,40.893,0,1635,2281,1.780,1.580,0.920,3,0,127.666,0,0,14,81,6,31,0
20-04 05:55:58,21.565,5.767,71.715,0.502,0.502,2097324,173272,180160,5442624,8044.157,1462.392,2876.639,0,42.127,0,2102,3534,1.780,1.580,0.920,1,0,53.160,0,0,14,83,6,32,0
20-04 05:55:59,22.449,3.991,72.086,0.249,0,2150404,134784,180124,5428240,10280.560,1706.110,3200.702,83.809,55.873,5.986,1797,2896,1.780,1.580,0.920,1,0,12.970,0,0,14,85,6,33,0
20-04 05:56:00,35.340,5.514,57.145,0.752,0,2206884,127612,179368,5380152,27054.882,1624.135,946.410,1407.584,66.168,189.482,4046,7727,1.780,1.580,0.920,1,0,7.018,0,0,14,102,6,34,0
20-04 05:56:01,18.741,7.746,70.967,1.249,0,2198168,140092,179396,5376360,18345.414,1767.173,267.875,3310.451,11.994,361.831,2578,3552,1.780,1.580,0.920,1,0,110.948,0,0,14,100,6,35,0
20-04 05:56:02,24.729,2.748,71.439,0.250,0,2225660,129040,179376,5360168,7817.293,1618.611,523.551,811.304,54.953,78.932,2256,4032,1.720,1.570,0.920,1,0,0,0,0,14,102,6,35,0
20-04 05:56:03,21.714,7.487,71.131,0.749,0,2200788,153704,179380,5360372,7675.152,1617.293,7.987,3282.505,1.997,216.637,2529,4088,1.720,1.570,0.920,2,0,89.850,0,0,14,100,6,36,0
20-04 05:56:04,21.495,5.249,71.485,0.250,0.250,2196196,158056,179380,5360612,6630.601,1619.658,95.980,279.941,3.999,26.994,1608,2261,1.720,1.570,0.920,2,0,56.988,0,0,14,104,6,37,0
20-04 05:56:05,22.305,3.759,72.929,0,0,2176476,177752,179380,5360636,7514.471,1461.593,0,156.384,0,9.022,1378,1991,1.720,1.570,0.920,2,0,48.118,0,0,14,104,6,38,0
20-04 05:56:06,22.704,3.742,72.601,0.499,0,2230664,131636,179344,5352600,6534.624,1616.691,0,1580.764,0,220.549,1536,1743,1.720,1.570,0.920,1,0,2.994,0,0,14,106,6,38,0
20-04 05:56:07,21.480,5.994,71.184,0.500,0.250,2221424,152644,179284,5341008,10921.941,1618.509,15.985,1059.025,3.996,151.860,2311,3619,1.660,1.560,0.920,1,0,81.925,0,0,14,104,6,39,0
20-04 05:56:08,21.756,5.001,72.521,0,0,2211256,162792,179284,5341028,5857.716,1620.475,132.039,224.066,2.001,13.004,1467,2122,1.660,1.560,0.920,1,0,55.016,0,0,14,104,6,40,0
20-04 05:56:09,25.066,4.261,69.182,1.003,0.251,2246572,127008,179288,5341492,7387.407,1698.462,120.316,1267.329,6.016,183.482,2940,5210,1.660,1.560,0.920,1,0,2.005,0,0,14,106,6,40,0
20-04 05:56:10,22.472,5.743,69.912,0.499,0,2241400,131392,179288,5342280,15562.500,1733.828,739.074,1294.378,127.840,118.851,2605,4442,1.660,1.560,0.920,1,0,54.931,0,0,14,108,6,41,0
20-04 05:56:11,25.723,4.495,66.679,2.997,0,2270040,125664,178892,5319796,7969.536,1456.453,0,7831.683,0,670.288,3933,6082,1.660,1.560,0.920,3,0,1.998,0,0,14,113,6,42,0
20-04 05:56:12,30.100,4.013,63.711,1.003,0.251,2227140,176960,178820,5311496,6132.304,1625.382,12.040,1589.262,1.003,180.598,3495,6254,1.610,1.550,0.920,1,0,69.229,0,0,14,111,6,43,0
20-04 05:56:13,23.471,2.747,73.160,0.250,0.250,2285204,118804,178820,5311588,7111.267,1618.013,43.946,367.549,10.987,21.973,1316,2042,1.610,1.550,0.920,0,1,0,0,0,14,113,6,44,0
20-04 05:56:14,19.955,8.481,70.590,0.499,0.249,2264368,147136,178692,5304276,7147.775,1658.236,39.909,1879.733,1.995,258.413,2775,4302,1.610,1.550,0.920,1,0,146.667,0,0,14,111,6,45,0
20-04 05:56:15,25.070,2.256,71.950,0.752,0,2293420,133528,178652,5289028,9135.369,1624.511,4.011,1187.297,1.003,149.415,1787,2970,1.610,1.550,0.920,1,0,0,0,0,14,113,6,45,0
20-04 05:56:16,31.488,3.749,62.975,0.750,0,2295452,129544,178668,5290964,7525.020,1619.359,1959.224,979.612,90.964,102.959,3123,5738,1.610,1.550,0.920,2,0,2.999,0,0,14,111,6,45,0
20-04 05:56:17,40.004,11.501,47.755,0.750,0.250,2281580,140508,178672,5293852,7908.759,2198.211,2572.247,1312.126,74.007,133.013,4945,8974,1.640,1.560,0.920,1,0,286.027,0,0,14,111,6,45,0
20-04 05:56:18,16.997,9.748,71.239,0.500,0,2254552,167516,178672,5293872,13295.952,1781.726,39.994,799.877,1.000,45.993,2098,3091,1.640,1.560,0.920,1,0,144.978,0,0,14,111,6,46,0
20-04 05:56:19,11.263,18.271,70.082,0,0,2261972,159940,178808,5294332,12576.715,1663.947,192.225,540.633,9.011,37.043,3963,6948,1.640,1.560,0.920,5,0,492.576,0,0,14,111,6,46,0
20-04 05:56:20,24.232,16.988,57.958,0.250,0,2280516,141104,178812,5294296,11727.474,1618.823,143.895,667.515,8.993,36.973,5136,10044,1.640,1.560,0.920,3,0,247.820,0,0,14,111,6,46,0
20-04 05:56:21,32.517,22.262,43.773,1.251,0.250,2324076,129892,178732,5262068,11632.084,1620.848,336.176,7199.765,8.004,909.476,4739,7409,1.640,1.560,0.920,2,0,516.270,0,0,14,111,6,46,0
20-04 05:56:22,42.236,21.493,33.989,0.750,0,2432928,129636,178404,5155472,21430.906,1773.413,2599.140,5190.282,73.976,713.764,8213,18931,1.750,1.580,0.940,3,0,231.923,0,0,16,123,6,46,0
20-04 05:56:23,52.933,24.719,21.723,0.250,0.250,2539660,120852,178088,5059080,10480.742,1711.835,703.111,551.303,29.962,33.957,3788,7051,1.750,1.580,0.940,3,0,637.194,0,0,16,123,6,46,0
20-04 05:56:24,56.598,20.035,22.539,0,0.250,2614328,118984,177752,4987712,9851.102,1622.817,909.579,300.522,54.094,21.037,9019,21787,1.750,1.580,0.940,3,0,238.414,0,0,16,137,6,46,0
20-04 05:56:25,35.739,23.993,36.739,1.500,0,2670960,133136,177612,4918860,11468.479,1531.530,13259.929,6773.920,234.928,439.865,4750,6895,1.750,1.580,0.940,2,0,627.807,0,0,16,139,6,46,0
20-04 05:56:26,24.742,18.744,55.233,0.250,0.250,2704312,134772,177616,4884688,12686.029,1619.493,0,447.860,0,15.995,4806,8431,1.750,1.580,0.940,1,0,366.885,0,0,17,139,6,46,0
20-04 05:56:27,27.761,17.507,52.521,1.000,0,2744192,135780,177600,4844720,10001.911,1710.669,988.386,328.128,65.025,26.010,5058,8640,1.770,1.590,0.940,4,0,391.153,0,0,17,139,5,46,0
20-04 05:56:28,36.201,20.223,41.444,0,0,2816680,131360,177588,4778824,8256.911,1617.827,934.745,539.276,45.938,44.940,5104,10278,1.770,1.590,0.940,2,0,353.525,0,0,17,147,5,46,0
20-04 05:56:29,38.543,24.027,36.040,0.250,0.250,2906112,120396,177600,4701656,10373.515,1691.878,552.613,344.382,24.027,26.029,5685,12111,1.770,1.590,0.940,2,0,580.645,0,0,17,155,5,46,0
20-04 05:56:30,33.269,25.014,40.273,0.250,0,3000096,131576,177600,4598540,14574.366,1620.930,0,808.464,0,57.033,6438,12090,1.770,1.590,0.940,4,0,674.387,0,0,17,161,5,46,0
20-04 05:56:31,15.493,20.740,62.720,0,0,3024868,130852,177600,4575012,7009.635,1619.223,371.822,291.860,3.998,19.990,4548,11215,1.770,1.590,0.940,1,0,349.832,0,0,17,161,5,46,0
20-04 05:56:32,31.922,12.469,53.120,0,0,3080856,130176,177600,4520536,8212.895,1454.440,79.805,534.691,4.988,27.932,3646,7577,1.710,1.580,0.940,3,0,152.626,0,0,17,167,5,46,0
20-04 05:56:33,45.295,8.509,44.545,0.250,0.250,3199200,132248,177600,4402756,10542.553,1621.623,196.196,7715.723,17.017,588.589,2707,2093,1.710,1.580,0.940,2,0,2.002,0,0,17,169,5,45,0
20-04 05:56:34,43.809,14.520,40.305,0.751,0.250,3186908,197008,177872,4351132,8092.974,1622.200,3969.382,468.635,126.171,29.039,5097,9484,1.710,1.580,0.940,3,0,214.291,0,0,17,175,5,45,0
20-04 05:56:35,47.018,27.510,25.259,0.250,0,3247588,131272,177892,4356136,7826.919,1694.632,1964.733,656.245,36.013,43.016,5081,9571,1.710,1.580,0.940,3,0,516.193,0,0,17,187,5,45,0
20-04 05:56:36,43.757,26.754,29.255,0,0.250,3245060,130384,177900,4359744,7493.169,1694.264,292.046,468.073,17.003,28.004,6831,13764,1.710,1.580,0.940,3,0,368.057,0,0,17,185,5,46,0
20-04 05:56:37,69.997,16.499,12.249,0.500,0,3286372,190148,177912,4261276,8579.605,1709.921,539.975,3315.847,16.999,212.990,4099,8984,1.970,1.630,0.960,6,0,178.992,0,0,17,200,5,40,0
20-04 05:56:38,79.821,16.463,3.742,0,0,3428860,143940,177928,4167404,10837.648,1690.202,750.314,439.014,21.951,23.946,2853,5905,1.970,1.630,0.960,5,3,61.861,0,0,17,208,5,40,0
20-04 05:56:39,71.623,18.782,8.515,0.250,0.250,3463332,119276,177992,4157800,10908.785,1460.515,853.470,18892.533,35.060,137.236,9219,45656,1.970,1.630,0.960,6,0,122.210,0,0,17,209,5,47,0
20-04 05:56:40,41.754,19.502,36.253,0.750,0,3449664,150144,177992,4140796,11112.945,1620.138,716.061,1552.132,55.005,185.016,6304,13281,1.970,1.630,0.960,3,0,501.043,0,0,17,216,5,48,0
20-04 05:56:41,40.757,16.253,41.757,0.250,0,3452500,158828,177992,4129624,8117.307,1620.261,48.008,804.129,4.001,53.009,6343,12411,1.970,1.630,0.960,3,0,183.029,0,0,17,216,5,48,0
20-04 05:56:42,54.222,22.738,20.739,0.750,0.250,3552424,120752,177996,4069304,7596.096,1735.108,175.910,15963.795,9.995,906.534,5791,8699,2.210,1.690,0.990,4,0,546.719,0,0,17,216,5,48,0
20-04 05:56:43,61.798,19.015,18.014,0.500,0,3589076,123372,178072,4030244,7742.023,1847.437,364.283,1012.788,33.026,49.038,6824,15449,2.210,1.690,0.990,3,0,330.257,0,0,17,220,6,50,0
20-04 05:56:44,56.489,20.996,21.246,0,0.250,3640912,125572,178080,3977732,9554.118,1763.653,0,639.874,0,49.990,5071,11170,2.210,1.690,0.990,6,0,383.924,0,0,17,226,6,50,0
20-04 05:56:45,59.997,16.680,21.908,0.498,0.249,3713080,123004,178088,3909200,10625.194,1613.197,238.992,1183.011,22.903,92.609,6255,17316,2.210,1.690,0.990,3,0,206.131,0,0,17,232,6,51,0
20-04 05:56:46,67.240,8.530,23.584,0.502,0,3786628,161968,178096,3798836,16294.252,1700.078,276.990,505.808,40.144,44.158,2534,4040,2.210,1.690,0.990,3,0,7.025,0,0,17,237,6,51,0
20-04 05:56:47,58.772,16.256,24.509,0.250,0,3773680,223864,178104,3751036,12568.764,1500.569,568.215,1060.402,19.007,85.032,5302,12569,2.280,1.710,1,2,0,200.076,0,0,17,242,6,50,0
20-04 05:56:48,43.989,26.494,27.993,0.500,0.250,3847128,146380,178448,3754696,11047.349,1709.590,4926.818,2098.496,83.980,100.976,5125,9970,2.280,1.710,1,4,0,579.861,0,0,17,242,6,50,0
20-04 05:56:49,61.762,18.004,18.754,0,0,3869476,123336,178448,3755744,8639.702,1620.319,556.110,412.081,6.001,22.004,4573,9523,2.280,1.710,1,6,0,235.046,0,0,18,242,6,50,0
20-04 05:56:50,68.990,14.748,16.498,0,0,3910072,139136,178448,3700852,22105.883,1735.755,887.875,1031.855,9.999,61.991,3057,4938,2.280,1.710,1,4,0,109.984,0,0,18,245,6,51,0
20-04 05:56:51,59.975,12.245,25.739,0.750,0.250,3978200,143468,178484,3630024,10959.474,1767.270,815.663,2630.913,8.996,162.933,4394,11077,2.280,1.710,1,3,0,64.973,0,0,18,246,6,42,0
20-04 05:56:52,21.248,11.249,66.243,0.250,0.250,3985168,136512,178500,3630016,11484.840,3160.681,851.914,187.981,14.998,9.999,2423,3745,2.170,1.700,1,1,0,169.983,0,0,18,247,6,42,0
20-04 05:56:53,18.266,6.756,73.563,0.250,0,3988832,141972,178500,3621128,27063.166,5305.542,800.685,292.250,8.007,18.015,2062,2967,2.170,1.700,1,1,0,12.010,0,0,18,252,6,42,1
20-04 05:56:54,19.681,5.481,72.995,0,0,3992068,138716,178500,3621148,7932.269,1614.356,785.255,283.011,6.976,19.930,2118,3475,2.170,1.700,1,1,0,8.969,0,0,18,255,6,42,0
20-04 05:56:55,21.748,5.500,70.244,0.250,0.250,4009676,130020,178500,3612468,2187523.248,35115.050,767.935,499.958,5.999,65.994,4008,4514,2.170,1.700,1,1,0,13.999,0,0,18,266,6,41,0
20-04 05:56:56,4.994,2.247,91.143,0.250,0,4002100,135496,178500,3614568,2094860.823,44797.497,0,231.728,0,21.974,3063,3644,2.170,1.700,1,1,0,0,0,0,18,266,6,41,0
20-04 05:56:57,5.000,1.500,91.255,0,0,4001576,134824,178504,3615760,1332245.938,27643.576,48.003,236.013,6.000,29.002,2523,3345,2,1.670,0.990,1,0,3.000,0,0,18,272,6,41,0
20-04 05:56:58,4.249,1.500,90.736,0.250,0.500,4000492,133480,178504,3618188,2514145.392,53224.070,0,487.927,0,32.995,3298,3570,2,1.670,0.990,0,0,0,0,0,18,272,6,41,0
20-04 05:56:59,5.000,2.500,90.742,0.250,0,4000540,131464,178504,3620156,1989376.956,42156.206,79.993,51.995,5.000,4.000,3282,3356,2,1.670,0.990,0,0,2.000,0,0,18,272,6,40,0
20-04 05:57:00,4.750,2.000,90.507,0,0.250,4000536,129420,178504,3622204,2149601.968,45843.667,0,560.045,0,27.002,3344,3560,2,1.670,0.990,1,0,0,0,0,18,272,6,40,0
20-04 05:57:01,5.250,2.500,91.255,0.250,0,3999088,128804,178508,3624264,2142258.536,44126.648,0,84.005,0,12.001,2822,3313,2,1.670,0.990,0,0,2.000,0,0,18,276,6,37,0
20-04 05:57:02,3.999,2.749,90.469,0,0.250,3999692,126340,178508,3626124,1917464.310,40582.080,0,0,0,0,3170,3180,1.840,1.640,0.990,1,0,0,0,0,18,276,6,37,0
20-04 05:57:03,10.515,13.018,73.603,0,0,4005688,128784,178512,3617888,569893.571,13164.377,128.179,4.006,6.008,1.001,3267,4511,1.840,1.640,0.990,1,0,252.352,0,0,18,275,6,36,0
20-04 05:57:04,23.576,4.264,71.480,0,0,4052456,130324,178512,3570332,31439.045,1625.223,124.400,0,7.023,0,1894,3042,1.840,1.640,0.990,1,0,0,0,0,18,280,6,37,0
20-04 05:57:05,25.752,3.250,67.504,2.000,0,4067820,131916,178524,3553696,5404.351,1620.105,488.032,14504.943,26.002,1183.077,6866,10848,1.840,1.640,0.990,1,0,2.000,0,0,18,284,6,40,0
20-04 05:57:06,16.223,14.725,67.637,0,0.250,4004752,180948,178524,3567732,13104.090,1691.172,183.693,515.139,6.988,48.918,3969,6772,1.840,1.640,0.990,1,0,385.356,0,0,18,285,6,38,0
20-04 05:57:07,22.418,4.982,70.494,0.747,0.249,4021044,164588,178524,3567800,13184.036,1614.128,0,2375.358,0,136.503,2060,3175,1.770,1.630,0.990,1,0,80.706,0,0,18,285,6,38,0
20-04 05:57:08,9.267,19.036,71.133,0.250,0,4008840,176756,178524,3567820,11200.991,1623.042,16.030,244.458,3.006,13.024,3168,5210,1.770,1.630,0.990,1,0,347.651,0,0,18,285,6,37,0
20-04 05:57:09,8.990,14.984,73.919,0.250,0,4003628,181884,178524,3567904,9493.567,1510.340,15.982,1030.867,1.998,61.932,3207,5175,1.770,1.630,0.990,0,0,315.653,0,0,18,285,6,37,0
20-04 05:57:10,7.028,1.757,91.115,0,0.251,4015996,169516,178524,3567904,17096.454,1572.295,0,16224.965,0,50.201,1316,1932,1.770,1.630,0.990,2,0,9.036,0,0,18,285,6,35,0
20-04 05:57:11,22.709,4.242,71.371,0.250,0,4004508,180980,178524,3567928,9468.824,1617.067,0,16070.847,0,33.938,1679,2600,1.770,1.630,0.990,1,0,13.975,0,0,18,289,6,36,0
20-04 05:57:12,11.739,17.484,70.434,0,0,4006536,178876,178528,3568000,5886.526,1660.456,7.993,0,1.998,0,2865,4522,1.710,1.620,0.990,2,0,233.783,0,0,18,289,6,35,0
20-04 05:57:13,12.783,14.538,70.683,0.251,0.251,4010072,173396,178784,3569656,11654.173,1624.205,1788.631,629.630,84.218,19.049,3033,4746,1.710,1.620,0.990,1,0,256.665,0,0,18,289,6,35,0
20-04 05:57:14,15.939,9.962,73.220,0.996,0.249,4007916,170808,178960,3574032,6903.594,1683.560,1051.976,0,122.531,0,4899,18631,1.710,1.620,0.990,0,0,36.859,0,0,18,289,6,32,0
20-04 05:57:15,3.249,1.750,94.235,0.250,0,4007916,170808,178960,3574032,7088.845,1693.724,0,4191.317,0,37.994,1593,2558,1.710,1.620,0.990,0,0,0,0,0,18,289,6,32,0
20-04 05:57:16,2.250,0.250,95.518,0.250,0.250,4007900,170808,178960,3574048,13666.638,1586.306,0,476.092,0,39.008,1324,2202,1.710,1.620,0.990,0,0,0,0,0,18,289,6,32,0
20-04 05:57:17,2.248,0.999,95.175,0,0,4007900,170808,178960,3574048,8115.637,1692.673,0,47.962,0,4.996,1198,1934,1.570,1.600,0.980,0,0,0,0,0,18,289,6,32,0
20-04 05:57:18,1.251,0.750,96.806,0,0,4007900,170808,178960,3574048,9783.684,1566.910,0,0,0,0,1059,1688,1.570,1.600,0.980,0,0,0,0,0,18,289,6,31,0
20-04 05:57:19,1.500,0.750,96.267,0,0,4007900,170808,178960,3574048,11177.979,1736.307,0,0,0,0,1158,1742,1.570,1.600,0.980,0,0,2.000,0,0,18,289,6,31,0
20-04 05:57:20,4.502,0.750,94.036,0.250,0,4007728,170808,178960,3574220,14727.714,1620.629,0,132.051,0,19.007,1573,2400,1.570,1.600,0.980,2,0,0,0,0,18,289,6,30,0
20-04 05:57:21,2.750,1.000,95.006,0,0.500,4007728,170808,178960,3574220,13890.820,1620.096,0,312.018,0,24.001,1337,1967,1.570,1.600,0.980,0,0,0,0,0,18,289,6,30,0
20-04 05:57:22,2.749,1.000,96.208,0,0,4007724,170808,178960,3574224,12088.741,1553.324,0,0,0,0,1126,1724,1.450,1.570,0.980,0,0,0,0,0,18,289,6,30,0
20-04 05:57:23,2.501,0.500,96.277,0,0,4007724,170808,178960,3574224,8252.294,1788.497,0,4.001,0,1.000,1189,1900,1.450,1.570,0.980,0,0,0,0,0,18,289,6,30,0
20-04 05:57:24,2.502,1.251,95.316,0,0,3991896,186460,178972,3574388,19919.725,125486.460,272.188,0,6.004,0,1227,1874,1.450,1.570,0.980,0,0,0,0,0,18,289,6,30,0
20-04 05:57:25,2.751,0.500,95.269,0.250,0.250,3991896,186460,178972,3574388,7331.437,1640.322,0,200.039,0,18.004,1310,2292,1.450,1.570,0.980,0,0,0,0,0,18,289,6,30,0
20-04 05:57:26,2.747,0.499,96.149,0.499,0,3991892,186460,178972,3574392,11667.726,1618.298,0,455.521,0,27.971,1179,1842,1.450,1.570,0.980,0,0,0,0,0,18,289,6,30,0
20-04 05:57:27,1.500,0.500,96.509,0,0,3991892,186460,178972,3574392,7630.710,1694.158,0,32.003,0,4.000,1057,1741,1.330,1.540,0.970,0,0,0,0,0,18,289,6,30,0
20-04 05:57:28,1.501,1.001,95.817,0,0.250,3991888,186460,178972,3574396,7879.524,1621.136,0,0,0,0,1100,1862,1.330,1.540,0.970,0,0,0,0,0,18,289,6,30,0
20-04 05:57:29,1.499,1.499,96.163,0,0.250,3991888,186460,178972,3574396,5770.789,1510.636,0,7.993,0,0.999,1062,1869,1.330,1.540,0.970,0,0,1.998,0,0,18,289,6,30,0
20-04 05:57:30,1.999,0.250,94.933,0,0.250,3991888,186460,178972,3574396,15618.942,1618.854,0,127.909,0,14.989,1339,2143,1.330,1.540,0.970,0,0,0,0,0,18,289,6,30,0
20-04 05:57:31,6.758,3.254,89.355,0,0,3986660,191680,178972,3574404,7092.348,1770.083,8.009,0,1.001,0,1695,3181,1.330,1.540,0.970,1,0,34.040,0,0,18,289,6,31,0
20-04 05:57:32,2.000,1.000,94.262,1.750,0,3986880,191456,178972,3574408,8015.010,1566.197,0,6232.785,0,535.067,2183,2041,1.220,1.520,0.970,0,0,2.000,0,0,18,289,6,30,0
20-04 05:57:33,1.749,0.250,96.178,0,0,3986880,191456,178972,3574408,4438.693,1618.794,0,0,0,0,983,1719,1.220,1.520,0.970,0,0,0,0,0,18,289,6,30,0
20-04 05:57:34,7.002,2.251,90.280,0,0,3987420,190700,178972,3574624,9210.076,1620.541,0,0,0,0,2364,4183,1.220,1.520,0.970,0,0,0,0,0,18,289,6,30,0
20-04 05:57:35,1.750,0.750,94.987,0,0.250,3987376,190700,178972,3574668,11113.433,1511.787,0,179.975,0,23.997,1362,2376,1.220,1.520,0.970,0,0,0,0,0,18,289,6,30,0
20-04 05:57:36,1.500,0.500,95.234,0.750,0,3987376,190700,178972,3574668,6794.886,1619.734,0,5399.115,0,443.927,1670,1941,1.220,1.520,0.970,0,0,0,0,0,18,289,6,29,0
20-04 05:57:37,1.750,0.250,96.520,0.250,0.250,3987456,190700,178972,3574668,11028.294,1620.337,0,144.030,0,8.002,1130,1846,1.210,1.510,0.970,1,0,0,0,0,18,289,6,29,0
20-04 05:57:38,2.250,0.500,95.750,0,0,3987708,190448,178972,3574668,12383.988,1619.998,0,276.000,0,21.000,1292,2059,1.210,1.510,0.970,1,0,0,0,0,18,289,6,27,0
20-04 05:57:39,1.750,1.250,95.998,0,0,3987956,190200,178972,3574668,10447.770,1693.963,0,4.000,0,1.000,1187,1950,1.210,1.510,0.970,0,0,2.000,0,0,18,289,6,27,0
20-04 05:57:40,2.002,0.250,96.575,0,0.250,3987956,190200,178972,3574668,11462.918,1641.277,0,0,0,0,1166,1873,1.210,1.510,0.970,0,0,0,0,0,18,289,6,19,0
20-04 05:57:41,1.500,0.250,96.492,0,0.250,3987952,190200,178972,3574672,7023.417,1619.866,0,71.994,0,3.000,1034,1780,1.210,1.510,0.970,0,0,0,0,0,18,289,6,19,0
20-04 05:57:42,2.248,0,96.430,0,0,3987952,190200,178972,3574672,6891.032,1510.911,0,0,0,0,1028,1722,1.110,1.480,0.960,0,0,0,0,0,18,289,6,19,0
20-04 05:57:43,1.250,0.500,96.740,0,0,3987952,190200,178972,3574672,7105.282,1619.836,0,0,0,0,1030,1782,1.110,1.480,0.960,0,0,0,0,0,18,289,6,19,0
20-04 05:57:44,3.003,0.500,95.592,0,0.250,3987952,190200,178972,3574672,7585.320,1621.565,0,136.131,0,11.011,1176,1962,1.110,1.480,0.960,0,0,0,0,0,18,289,6,17,0
20-04 05:57:45,2.247,1.249,94.389,0.250,0.250,3987948,190200,178972,3574676,16566.518,1618.097,0,199.765,0,31.962,1582,2677,1.110,1.480,0.960,0,0,0,0,0,18,289,6,17,0
20-04 05:57:46,1.751,0.250,96.553,0.500,0,3987940,190200,178972,3574684,8032.450,1620.898,0,944.523,0,43.024,1229,1963,1.110,1.480,0.960,0,0,0,0,0,18,289,6,16,0
20-04 05:57:47,2.000,0.250,95.732,0,0,3987940,190200,178972,3574684,11015.962,1681.689,0,3.999,0,1.000,1140,1854,1.020,1.460,0.960,0,0,0,0,0,18,289,6,16,0
20-04 05:57:48,2.500,0.750,96.263,0,0,3987812,190200,178972,3574812,15634.064,1512.200,0,0,0,0,1108,1766,1.020,1.460,0.960,0,0,0,0,0,18,289,6,16,0
20-04 05:57:49,1.750,1.250,96.248,0,0.250,3988064,189948,178972,3574812,8257.810,1693.961,0,0,0,0,1102,1822,1.020,1.460,0.960,0,0,2.000,0,0,18,289,6,9,0
20-04 05:57:50,3.500,1.000,94.245,0,0,3988568,189444,178972,3574812,17017.132,1619.917,0,83.996,0,11.999,1478,2315,1.020,1.460,0.960,0,0,0,0,0,18,289,6,9,0
20-04 05:57:51,1.751,0.250,96.528,0.250,0,3988568,189444,178972,3574812,11201.282,1662.487,0,324.095,0,16.005,1140,1836,1.020,1.460,0.960,1,0,0,0,0,18,289,6,8,0
20-04 05:57:52,1.500,0.500,95.971,0,0,3988564,189444,178972,3574816,8417.433,1661.493,0,0,0,0,1100,1804,0.940,1.430,0.950,0,0,0,0,0,18,289,6,8,0
20-04 05:57:53,3.000,1.000,96.503,0,0.250,3988564,189444,178972,3574816,11013.319,1620.047,0,4.000,0,1.000,1185,1908,0.940,1.430,0.950,0,0,0,0,0,18,289,6,6,0
20-04 05:57:54,2.000,0.750,96.006,0,0.250,3988560,189444,178972,3574820,7538.445,810.048,0,0,0,0,1031,1735,0.940,1.430,0.950,0,0,0,0,0,18,289,6,6,0
20-04 05:57:55,8.269,1.754,87.697,0.251,0.251,3992584,185120,178984,3575108,228401.849,2832.347,292.656,276.620,4.009,27.061,1619,2591,0.940,1.430,0.950,1,0,7.016,0,0,18,289,6,6,0
20-04 05:57:56,9.483,4.492,84.345,0,0,4002612,174812,179012,3575344,247661.047,10911.955,223.589,550.988,11.978,34.936,2044,2623,0.940,1.430,0.950,2,0,35.934,0,0,18,289,6,6,0
