"pcp-dstat 5.3.6 CSV Output"
"Author:","PCP team <pcp@groups.io> and Dag Wieers <dag@wieers.com>",,,,"URL:","https://pcp.io/ and http://dag.wieers.com/home-made/dstat/"
"Host:","ubuntu",,,,"User:","ubuntu"
"Cmdline:","dstat -tcmndrylpg --tcp --output /tmp/devstack_logs/dstat-csv.log",,,,"Date:","20 May 2024 09:12:52 UTC"
"system","total usage",,,,,"memory usage",,,,"net/total",,"dsk/total",,"io/total",,"system",,"load avg",,,"procs",,,"paging",,"tcp sockets",,,,
"time","total usage:usr","total usage:sys","total usage:idl","total usage:wai","total usage:stl","used","free","buf","cach","net/total:recv","net/total:send","dsk/total:read","dsk/total:writ","read","writ","int","csw","1m","5m","15m","run","blk","new","in","out","lis","act","syn","tim","clo"
20-05 09:12:52,,1005700,1955804,161948,4693656,,,,,,,1.270,0.870,0.490,2,0,,,,9,4,6,17,2
20-05 09:12:53,28.735,22.738,46.975,0.500,0,994980,1949664,162180,4708756,13934.712,1639.143,1163.392,2926.469,13.993,116.939,3861,6736,1.330,0.890,0.500,2,0,543.716,0,0,9,4,6,17,2
20-05 09:12:54,31.757,22.005,44.759,1.250,0,1001416,1917800,162960,4730520,8443.790,1586.336,0,4468.947,0,168.036,4546,9449,1.330,0.890,0.500,2,0,361.077,0,0,9,4,6,17,2
20-05 09:12:55,34.172,13.719,50.384,0.748,0,1127204,1758392,163992,4884668,7165.562,1690.123,0,3284.465,0,96.778,3793,10149,1.330,0.890,0.500,1,0,131.698,0,0,10,4,6,17,2
20-05 09:12:56,26.003,6.251,67.008,0.500,0.250,1078332,1819564,164296,4871612,13454.588,4354.514,424.050,1484.175,4.000,38.004,1577,2104,1.330,0.890,0.500,2,0,93.011,0,0,10,4,6,17,0
20-05 09:12:57,37.818,15.778,46.082,0.250,0.250,1109292,1787660,164340,4872508,7234.914,1697.029,216.386,1350.410,9.016,23.041,10568,20571,1.330,0.890,0.500,2,0,211.377,0,0,10,4,6,20,0
20-05 09:12:58,47.679,5.741,46.181,0,0,1196556,1699080,164352,4873732,6971.557,1617.577,191.713,2436.350,8.987,17.973,8920,17814,1.390,0.900,0.510,2,0,9.985,0,0,10,4,6,20,0
20-05 09:12:59,37.319,6.512,48.589,7.263,0.250,1160204,1730024,164868,4878492,8908.391,1622.986,12.022,17123.507,1.002,1499.760,8753,14677,1.390,0.900,0.510,3,0,36.066,0,0,10,6,6,20,0
20-05 09:13:00,36.981,6.746,48.475,6.746,0,1087832,1797508,165572,4882580,12439.494,1619.153,0,41526.282,0,3141.357,13419,23542,1.390,0.900,0.510,2,0,53.972,0,0,10,4,6,14,0
20-05 09:13:01,32.194,6.738,59.896,0.250,0,1128916,1756380,165572,4882592,15578.908,1571.268,0,1637.153,0,178.689,1933,2241,1.390,0.900,0.510,1,0,120.790,0,0,10,4,6,14,0
20-05 09:13:02,24.046,2.254,73.391,0.250,0,1075208,1810072,165580,4882600,9325.962,1739.350,0,677.304,0,28.054,1071,1263,1.390,0.900,0.510,1,0,10.019,0,0,10,4,6,14,0
20-05 09:13:03,23.708,3.244,72.622,0.998,0.250,1147640,1737616,165600,4882604,10619.215,1691.009,0,5402.443,0,300.468,1975,2717,1.350,0.910,0.510,2,0,1.996,0,0,10,4,6,14,0
20-05 09:13:04,18.503,8.251,72.263,0,0,1080704,1804532,165604,4882616,7945.375,1620.280,0,136.024,0,11.002,1974,3025,1.350,0.910,0.510,1,0,213.037,0,0,10,4,6,14,0
20-05 09:13:05,10.508,19.264,69.552,0,0,1078952,1806148,165604,4882788,79223.180,1695.266,0,40.030,0,10.007,3297,5150,1.350,0.910,0.510,1,0,452.338,0,0,10,4,6,14,0
20-05 09:13:06,22.292,16.281,59.863,0,0,1105428,1779528,165604,4883172,5804.925,1623.055,100.189,8.015,1.002,2.004,4732,7380,1.350,0.910,0.510,3,0,233.439,0,0,10,4,6,14,0
20-05 09:13:07,46.944,6.742,46.695,0.499,0,1230588,1653224,165652,4884312,7666.922,1618.084,587.305,21566.465,12.985,86.897,1661,1949,1.350,0.910,0.510,2,0,19.976,0,0,10,5,6,14,0
20-05 09:13:08,48.524,4.252,46.523,0.500,0.250,1264908,1616468,165744,4886428,8902.416,1552.770,0,7991.964,0,408.202,2220,5132,1.410,0.930,0.520,2,0,0,0,0,10,5,6,13,0
20-05 09:13:09,6.735,5.488,87.054,0.499,0.249,1271028,1609696,165752,4886820,15309.599,1764.036,0,2642.063,0,101.771,1815,2994,1.410,0.930,0.520,0,0,117.735,0,0,10,4,6,14,0
20-05 09:13:10,5.753,3.002,90.547,0,0,1291188,1589536,165768,4886804,23868.388,1620.841,0,452.235,0,12.006,1408,1662,1.410,0.930,0.520,1,0,22.011,0,0,10,4,6,14,0
20-05 09:13:11,23.266,2.752,73.801,0,0,1357704,1523008,165772,4886820,16533.425,1621.120,0,4098.832,0,135.093,1260,1270,1.410,0.930,0.520,1,0,0,0,0,10,4,6,14,0
20-05 09:13:12,24.481,2.498,71.694,0.749,0,1379968,1500468,165816,4887044,6686.751,1618.729,0,33193.943,0,288.773,3094,5043,1.410,0.930,0.520,1,0,0.999,0,0,10,4,6,16,0
20-05 09:13:13,21.779,5.007,72.595,0.501,0,1337136,1543084,165824,4887252,13633.874,1622.127,36.047,2455.219,3.004,148.194,1621,2349,1.370,0.930,0.520,1,0,44.058,0,0,10,5,6,16,0
20-05 09:13:14,22.448,4.240,72.084,0.748,0.249,1306756,1572932,165828,4887628,12106.047,1454.641,235.456,1213.199,58.864,6.984,1976,3028,1.370,0.930,0.520,1,0,45.894,0,0,10,28,6,17,0
20-05 09:13:15,23.257,3.251,73.272,0,0,1290888,1588740,165828,4887672,9016.678,1620.481,0,8.002,0,2.001,1262,1864,1.370,0.930,0.520,1,0,22.007,0,0,10,28,6,17,0
20-05 09:13:16,40.603,8.271,50.628,0,0,1410136,1469340,165828,4887824,6650.807,1624.104,0,693.753,0,11.028,1870,2753,1.370,0.930,0.520,2,0,134.339,0,0,10,29,6,17,0
20-05 09:13:17,48.255,16.752,33.503,1.000,0.250,1388464,1490832,165836,4888168,11015.102,1694.169,0,12701.270,0,852.085,5190,10009,1.370,0.930,0.520,6,0,450.045,0,0,10,28,6,18,0
20-05 09:13:18,86.563,11.258,1.751,0,0,1605080,1274168,165836,4888216,10527.685,1695.238,0,120.088,0,11.008,3119,5726,1.660,0.990,0.550,7,0,128.094,0,0,10,29,6,17,0
20-05 09:13:19,73.438,13.239,12.989,0,0,1380416,1498412,165840,4888620,13024.929,1618.624,0,387.670,0,41.964,5610,11735,1.660,0.990,0.550,3,0,213.818,0,0,10,29,6,17,0
20-05 09:13:20,21.702,5.737,71.840,0,0,1368128,1510652,165844,4888632,9656.495,1616.400,0,191.573,0,15.964,2150,3385,1.660,0.990,0.550,1,0,95.787,0,0,10,28,6,16,0
20-05 09:13:21,20.538,5.510,72.634,0,0,1331216,1547556,165844,4888640,9243.072,1460.698,0,268.496,0,23.043,2200,3897,1.660,0.990,0.550,1,0,68.126,0,0,10,28,6,16,0
20-05 09:13:22,23.456,3.244,72.863,0.250,0.250,1375240,1503512,165848,4888656,7360.163,1616.960,0,1616.960,0,33.936,1788,3209,1.660,0.990,0.550,1,0,0,0,0,10,28,6,16,0
20-05 09:13:23,12.779,18.542,68.908,0.251,0.251,1315972,1562624,165860,4888800,9038.699,1623.718,0,493.129,0,26.060,2913,4914,1.610,1,0.550,1,0,433.994,0,0,10,28,6,16,0
20-05 09:13:24,60.755,20.002,19.252,0,0.250,1517788,1360756,165864,4891236,8030.634,1620.128,0,268.021,0,22.002,3157,6071,1.610,1,0.550,6,0,639.050,0,0,10,28,6,16,0
20-05 09:13:25,84.494,7.999,6.750,0,0,1619644,1258492,165880,4889216,7521.489,1693.885,0,3327.774,0,90.994,6374,13524,1.610,1,0.550,5,0,2.000,0,0,10,29,6,16,0
20-05 09:13:26,84.501,11.500,3.750,0,0,1492624,1385164,165884,4889552,10874.130,1620.019,0,388.005,0,45.001,4685,9872,1.610,1,0.550,5,0,160.002,0,0,10,28,6,16,0
20-05 09:13:27,80.744,11.999,6.750,0,0.250,1553440,1323944,165888,4889920,9085.337,1693.876,0,66355.156,0,203.985,7806,15718,1.610,1,0.550,6,0,175.987,0,0,10,30,6,16,0
20-05 09:13:28,71.983,11.247,15.746,0,0,1443828,1433476,165892,4889984,7602.251,1457.665,0,1323.696,0,16.996,6268,13886,1.960,1.080,0.580,3,0,131.970,0,0,10,30,6,18,0
20-05 09:13:29,43.253,9.501,46.753,0.250,0,1427924,1449112,165900,4890244,23567.367,1620.094,0,476.028,0,41.002,2770,4470,1.960,1.080,0.580,2,0,140.008,0,0,10,28,6,18,0
20-05 09:13:30,48.762,14.253,36.009,0,0.250,1380384,1496484,165904,4890408,20205.890,1662.402,0,236.057,0,26.006,5296,10396,1.960,1.080,0.580,4,0,378.091,0,0,10,28,6,18,0
20-05 09:13:31,63.498,7.000,29.249,0,0,1502588,1373568,165908,4891096,8878.689,1619.943,0,883.969,0,10.000,2775,5374,1.960,1.080,0.580,3,0,0,0,0,10,31,6,22,0
20-05 09:13:32,74.003,13.500,11.500,0,0,1499664,1376304,165912,4891276,11118.411,1620.060,0,5472.202,0,153.006,4410,7521,1.960,1.080,0.580,5,0,258.010,0,0,10,28,6,26,0
20-05 09:13:33,68.001,9.500,21.250,0,0,1508872,1366876,165916,4891480,9020.072,1694.014,0,500.004,0,33.000,7141,15467,2.130,1.130,0.600,7,0,151.001,0,0,10,30,6,30,0
20-05 09:13:34,71.996,10.499,17.499,0.250,0.500,1498664,1376872,165916,4891684,10685.444,1661.914,0,271.986,0,14.999,2304,3777,2.130,1.130,0.600,4,0,174.991,0,0,10,28,6,30,0
20-05 09:13:35,65.101,12.471,22.947,0,0,1402256,1473076,165920,4891880,79475.524,1616.289,0,446.974,0,48.888,4873,11771,2.130,1.130,0.600,4,0,298.315,0,0,10,28,5,31,0
20-05 09:13:36,62.343,7.261,29.794,0,0,1502532,1372556,165920,4892116,10892.197,1460.171,0,204.304,0,10.015,4044,8275,2.130,1.130,0.600,4,0,0,0,0,10,31,5,32,0
20-05 09:13:37,59.800,14.762,25.021,0,0,1477356,1397688,165920,4892152,8427.112,1621.368,0,336.284,0,25.021,3182,5305,2.130,1.130,0.600,4,0,287.242,0,0,10,28,5,33,0
20-05 09:13:38,60.749,10.500,28.249,0.500,0,1392308,1482512,165924,4892368,9237.815,1619.968,0,395.992,0,41.999,4763,10467,2.120,1.140,0.610,4,0,111.998,0,0,10,28,5,35,0
20-05 09:13:39,65.234,9.498,25.744,0,0,1442668,1431952,165924,4892568,13334.800,1619.611,0,327.921,0,26.994,3024,7220,2.120,1.140,0.610,5,0,6.998,0,0,10,30,5,34,0
20-05 09:13:40,73.990,19.247,4.999,0,0.250,1524988,1349572,165924,4892624,9174.807,1661.784,0,431.944,0,34.995,3059,5536,2.120,1.140,0.610,7,0,465.939,0,0,10,28,5,34,0
20-05 09:13:41,83.521,13.754,2.751,0,0.250,1552388,1321920,165936,4892844,18728.813,1620.416,0,568.146,0,45.012,5340,10291,2.120,1.140,0.610,9,0,243.062,0,0,10,28,5,34,0
20-05 09:13:42,82.259,13.501,2.750,0,0,1559132,1314964,165940,4893048,24970.647,1620.172,0,1028.109,0,29.003,3470,6135,2.120,1.140,0.610,8,0,273.029,0,0,10,30,5,34,0
20-05 09:13:43,81.518,14.753,3.501,0,0,1533784,1339920,165940,4893432,14101.173,1694.381,0,336.076,0,25.006,6342,15371,2.430,1.220,0.640,6,0,272.061,0,0,10,28,5,34,0
20-05 09:13:44,52.730,21.492,23.241,0,0,1389596,1483844,165940,4893684,7781.090,1531.427,0,215.919,0,10.996,4748,12005,2.430,1.220,0.640,3,0,703.737,0,0,10,29,5,34,0
20-05 09:13:45,18.503,25.755,55.760,0,0,1332992,1540300,165940,4893828,8207.535,1620.303,0,232.043,0,17.003,4452,8120,2.430,1.220,0.640,4,0,827.155,0,0,10,28,5,34,0
20-05 09:13:46,69.498,24.749,6.000,0,0.250,1524400,1348816,165940,4893884,10603.746,1693.959,0,211.995,0,16.000,3110,6483,2.430,1.220,0.640,8,0,669.984,0,0,10,30,5,34,0
20-05 09:13:47,75.999,12.000,10.750,0.250,0,1460408,1412508,165956,4894164,8260.843,1619.969,0,2511.952,0,136.997,5874,12923,2.430,1.220,0.640,4,0,200.996,0,0,10,28,5,34,0
20-05 09:13:48,81.000,11.000,7.500,0,0.250,1557260,1315356,165968,4894440,10477.958,1619.994,0,6323.975,0,204.999,4933,10304,2.550,1.270,0.650,4,0,69.000,0,0,10,31,5,36,0
20-05 09:13:49,62.026,7.253,31.013,0,0.250,1522740,1348988,165972,4895300,9157.810,1620.674,0,384.160,0,43.018,6846,20182,2.550,1.270,0.650,5,0,30.012,0,0,10,30,5,35,0
20-05 09:13:50,82.196,10.743,5.746,0,0,1524572,1346872,165980,4895564,9086.085,1692.898,0,2082.644,0,144.906,3522,8558,2.550,1.270,0.650,6,0,89.941,0,0,10,29,5,35,0
20-05 09:13:51,61.763,7.502,30.757,0,0.250,1563304,1307560,165980,4896132,9183.984,1458.315,0,120.026,0,9.002,6938,16747,2.550,1.270,0.650,3,0,0,0,0,10,32,5,39,0
20-05 09:13:52,68.471,12.994,18.242,0,0,1393472,1476108,165980,4897408,9388.019,1619.313,0,0,0,0,5809,15699,2.550,1.270,0.650,5,0,225.904,0,0,10,28,5,41,0
20-05 09:13:53,82.336,9.009,7.258,0,0,1563568,1305784,165980,4897620,8392.812,1621.703,0,4.004,0,1.001,5445,10049,2.670,1.310,0.670,6,0,43.045,0,0,10,30,5,42,0
20-05 09:13:54,77.952,11.743,10.244,0,0,1479964,1388984,165984,4898040,13829.440,1618.998,0,263.837,0,18.988,2791,7945,2.670,1.310,0.670,5,0,131.918,0,0,10,28,5,45,0
20-05 09:13:55,77.466,11.745,10.495,0,0.250,1410356,1458056,165988,4898568,15155.271,1619.281,0,391.826,0,44.980,5019,11246,2.670,1.310,0.670,5,0,183.918,0,0,10,29,5,47,0
20-05 09:13:56,83.279,10.003,4.752,0,0.250,1541824,1325240,165988,4899908,16023.560,1620.562,0,184.064,0,9.003,4179,7575,2.670,1.310,0.670,5,0,63.022,0,0,10,30,5,48,0
20-05 09:13:57,77.007,11.501,11.751,0,0.250,1425548,1441056,165988,4900360,14795.420,1620.156,0,156.015,0,9.001,5042,12374,2.670,1.310,0.670,8,0,151.014,0,0,10,28,5,48,0
20-05 09:13:58,81.815,9.007,8.757,0.250,0.250,1509360,1357000,165996,4900588,12405.850,1695.346,0,592.470,0,42.033,5562,11028,2.780,1.360,0.690,6,0,16.013,0,0,10,30,5,49,0
20-05 09:13:59,66.186,11.988,20.480,0.250,0,1488100,1378096,166000,4900744,8154.164,1584.477,0,399.616,0,32.968,2586,4742,2.780,1.360,0.690,4,0,256.753,0,0,10,29,5,49,0
20-05 09:14:00,57.970,13.743,26.736,0,0,1391720,1474244,166008,4900960,7634.046,1565.189,0,255.867,0,17.991,4393,10061,2.780,1.360,0.690,4,0,180.906,0,0,10,28,5,49,0
20-05 09:14:01,66.259,8.501,25.253,0,0,1474076,1391708,166008,4901136,12321.614,1620.212,0,300.039,0,23.003,3772,6353,2.780,1.360,0.690,4,0,60.008,0,0,10,29,5,49,0
20-05 09:14:02,65.027,8.504,25.261,0,0.250,1476632,1388944,166012,4901336,6628.758,1662.692,0,1908.794,0,38.016,3997,7945,2.780,1.360,0.690,4,0,72.030,0,0,10,28,5,49,0
20-05 09:14:03,64.848,9.478,25.191,0,0,1419740,1445576,166012,4901588,14248.587,1658.112,0,6608.503,0,199.532,3585,7691,2.870,1.400,0.710,3,0,83.803,0,0,10,28,5,50,0
20-05 09:14:04,63.682,9.527,25.573,0,0,1470856,1394288,166016,4901752,8436.127,1624.646,0,365.044,0,33.095,3938,9314,2.870,1.400,0.710,4,0,72.207,0,0,10,29,5,50,0
20-05 09:14:05,66.781,9.004,24.261,0,0.500,1503276,1361768,166024,4901844,81621.546,1620.746,0,312.144,0,27.012,2651,5164,2.870,1.400,0.710,7,0,65.030,0,0,10,30,5,50,0
20-05 09:14:06,56.936,16.232,26.470,0.250,0,1403444,1461252,166032,4902168,9996.704,1618.171,0,343.612,0,29.966,5080,10702,2.870,1.400,0.710,3,0,422.523,0,0,10,28,5,52,0
20-05 09:14:07,64.346,8.230,26.936,0,0,1454096,1410192,166032,4902564,7573.883,1550.292,0,295.294,0,15.962,4233,8144,2.870,1.400,0.710,3,0,85.795,0,0,10,30,5,54,0
20-05 09:14:08,29.508,12.003,58.517,0,0.250,1374584,1489600,166040,4902656,9204.614,1734.493,0,440.125,0,26.007,3197,6262,2.720,1.400,0.710,1,0,323.092,0,0,10,28,5,55,0
20-05 09:14:09,23.745,3.249,72.236,0,0,1389920,1473976,166040,4902940,12231.627,1619.686,0,247.952,0,18.996,2796,6098,2.720,1.400,0.710,1,0,0,0,0,10,28,5,59,0
20-05 09:14:10,12.032,20.805,66.424,0.251,0,1333796,1529984,166064,4903028,9059.755,1624.259,0,409.073,0,28.074,3314,5036,2.720,1.400,0.710,2,0,546.433,0,0,10,28,5,60,0
20-05 09:14:11,44.149,6.735,49.387,0.249,0,1483272,1379536,166204,4903808,8642.227,1616.302,23.945,355.187,0.998,12.970,1490,1907,2.720,1.400,0.710,2,0,51.881,0,0,10,28,5,60,0
20-05 09:14:12,38.567,7.263,45.830,8.014,0,1434888,1421388,166980,4908956,10504.341,1622.833,292.511,18712.672,17.030,1636.858,9149,15858,2.720,1.400,0.710,4,0,88.154,0,0,10,32,5,60,0
20-05 09:14:13,40.415,6.486,41.413,10.727,0,1507296,1345816,167632,4911316,23959.493,1616.592,0,39612.497,0,3453.720,14878,25652,2.590,1.390,0.710,3,0,60.872,0,0,10,32,5,60,0
20-05 09:14:14,45.763,5.001,46.513,1.500,0,1436364,1416728,167708,4911260,15844.484,1694.480,0,11139.152,0,653.185,2934,4089,2.590,1.390,0.710,2,0,6.002,0,0,10,28,5,58,0
20-05 09:14:15,40.807,8.011,44.312,7.260,0,1512476,1339620,168228,4911712,6589.199,1514.114,0,15757.998,0,2181.045,14313,23804,2.590,1.390,0.710,2,0,3.004,0,0,10,30,5,58,0
20-05 09:14:16,32.193,6.488,58.895,1.996,0.499,1389188,1462560,168344,4911868,10924.500,1563.210,0,5106.884,0,658.824,5379,8738,2.590,1.390,0.710,1,0,98.824,0,0,10,28,5,57,0
20-05 09:14:17,22.746,3.499,73.487,0,0,1451412,1400316,168360,4911872,11557.920,1619.708,0,939.831,0,58.989,1187,1511,2.590,1.390,0.710,1,0,2.000,0,0,10,28,5,57,0
20-05 09:14:18,23.513,2.752,72.791,0.500,0.250,1413808,1437884,168384,4911884,10780.145,1620.924,0,8484.836,0,505.288,1737,2497,2.460,1.380,0.710,1,0,1.001,0,0,10,28,5,56,0
20-05 09:14:19,23.999,2.250,73.497,0,0,1354320,1497348,168384,4911908,14073.367,1619.927,0,131.994,0,15.999,1128,1292,2.460,1.380,0.710,1,0,3.000,0,0,10,32,5,56,0
20-05 09:14:20,22.243,3.499,73.728,0,0,1429164,1422504,168384,4911908,9705.118,1619.519,0,0,0,0,974,1136,2.460,1.380,0.710,1,0,1.999,0,0,10,32,5,56,0
20-05 09:14:21,23.757,2.251,73.771,0,0,1386040,1465616,168384,4911920,9298.678,1620.467,0,4.001,0,1.000,939,1050,2.460,1.380,0.710,1,0,1.000,0,0,10,32,5,56,0
20-05 09:14:22,22.496,3.249,73.488,0,0,1449544,1402112,168388,4911916,6120.984,1619.731,0,0,0,0,931,1113,2.460,1.380,0.710,1,0,2.000,0,0,10,32,5,56,0
20-05 09:14:23,22.755,3.251,73.765,0,0,1398532,1453052,168388,4911968,25107.222,1512.315,0,468.097,0,3.001,1048,1152,2.340,1.380,0.720,1,0,3.001,0,0,10,32,5,56,0
20-05 09:14:24,23.542,2.004,73.881,0,0,1454724,1396856,168388,4911968,11348.177,1642.921,0,0,0,0,967,1091,2.340,1.380,0.720,1,0,2.004,0,0,10,32,5,56,0
20-05 09:14:25,27.202,5.241,67.133,0.250,0,1357636,1493776,168400,4912092,6921.894,1691.042,0,598.952,0,35.937,1781,3891,2.340,1.380,0.720,1,0,35.937,0,0,10,32,5,57,0
20-05 09:14:26,22.761,3.252,73.536,0,0,1430200,1421204,168400,4912100,10248.971,1620.786,0,0,0,0,951,1018,2.340,1.380,0.720,1,0,2.001,0,0,10,32,5,56,0
20-05 09:14:27,23.739,2.499,74.216,0,0.250,1381212,1470160,168408,4912116,10407.296,1693.235,0,7.996,0,1.999,891,1001,2.340,1.380,0.720,1,0,1.000,0,0,10,32,5,56,0
20-05 09:14:28,23.720,2.747,73.906,0,0.250,1402984,1448352,168408,4912152,9228.271,1617.944,0,0,0,0,894,1014,2.230,1.370,0.720,1,0,0.999,0,0,10,32,5,56,0
20-05 09:14:29,23.516,2.502,73.799,0,0,1454392,1396944,168408,4912152,7296.816,1621.070,0,0,0,0,873,982,2.230,1.370,0.720,1,0,2.001,0,0,10,32,5,56,0
20-05 09:14:30,11.760,17.515,70.309,0,0,1355320,1495868,168420,4912288,11545.675,1513.268,0,660.554,0,8.007,2715,4163,2.230,1.370,0.720,2,0,393.330,0,0,10,32,5,54,0
20-05 09:14:31,9.506,19.512,70.042,0,0,1353176,1497964,168424,4912320,9309.614,1640.990,0,564.340,0,9.005,2880,4363,2.230,1.370,0.720,2,0,408.246,0,0,10,32,5,54,0
20-05 09:14:32,9.762,19.525,69.839,0,0,1352560,1498468,168424,4912432,9668.327,1738.216,0,92.117,0,1.001,3362,5263,2.230,1.370,0.720,3,0,525.670,0,0,10,32,5,46,0
20-05 09:14:33,23.701,2.744,73.846,0,0,1432004,1419008,168424,4912440,8993.285,1690.482,0,3.992,0,0.998,1043,1263,2.130,1.360,0.720,1,0,16.965,0,0,10,32,5,46,0
20-05 09:14:34,22.504,3.251,73.262,0,0,1378516,1472480,168424,4912456,10756.796,1662.278,0,3432.573,0,215.036,1347,1143,2.130,1.360,0.720,1,0,1.000,0,0,10,32,5,42,0
20-05 09:14:35,23.492,2.499,73.725,0.250,0.250,1448836,1402172,168428,4912440,80753.221,1735.403,0,455.843,0,32.989,1289,1439,2.130,1.360,0.720,1,0,1.999,0,0,10,32,5,42,0
20-05 09:14:36,24.244,2.499,73.983,0,0,1396912,1454076,168428,4912460,9005.893,1619.621,0,19.995,0,1.000,930,1053,2.130,1.360,0.720,1,0,1.000,0,0,10,32,5,40,0
20-05 09:14:37,22.496,2.749,73.986,0,0,1455108,1395892,168428,4912448,11165.867,1619.691,0,11.998,0,1.000,946,1100,2.130,1.360,0.720,1,0,2.000,0,0,10,32,5,40,0
20-05 09:14:38,22.496,3.249,73.486,0,0.250,1420592,1430408,168428,4912448,10116.037,1511.707,0,0,0,0,917,1047,2.040,1.360,0.720,2,0,1.000,0,0,10,32,5,35,0
20-05 09:14:39,23.736,2.998,73.956,0,0,1360860,1490124,168428,4912460,11974.875,1712.981,0,15.990,0,1.999,933,1039,2.040,1.360,0.720,1,0,2.998,0,0,10,32,5,35,0
20-05 09:14:40,22.524,2.753,73.578,0,0,1438944,1412060,168428,4912440,12849.621,1621.719,0,0,0,0,984,1067,2.040,1.360,0.720,1,0,2.002,0,0,10,32,5,34,0
20-05 09:14:41,23.056,2.506,74.430,0,0,1383704,1467276,168432,4912460,13031.458,1623.920,0,68.165,0,3.007,882,1012,2.040,1.360,0.720,2,0,1.002,0,0,10,32,5,34,0
20-05 09:14:42,22.751,3.250,73.754,0,0,1450496,1400496,168432,4912448,8114.463,1620.092,0,0,0,0,903,1040,2.040,1.360,0.720,1,0,2.000,0,0,10,32,5,34,0
20-05 09:14:43,24.002,1.750,73.757,0,0,1407644,1443360,168432,4912436,9460.927,1620.159,0,12.001,0,1.000,941,1063,1.960,1.350,0.720,1,0,3.000,0,0,10,32,5,34,0
20-05 09:14:44,23.191,1.995,74.061,0,0,1453452,1397552,168432,4912436,16589.762,1615.886,0,1667.754,0,4.987,937,1070,1.960,1.350,0.720,1,0,1.995,0,0,10,32,5,34,0
20-05 09:14:45,22.482,3.997,73.191,0.250,0,1418936,1432116,168440,4912380,22735.766,1510.788,0,515.586,0,36.970,1335,1570,1.960,1.350,0.720,1,0,0.999,0,0,10,32,5,34,0
20-05 09:14:46,22.767,3.002,74.057,0,0,1354584,1496380,168440,4912468,12977.902,1621.237,0,88.067,0,1.001,983,1069,1.960,1.350,0.720,2,0,3.002,0,0,10,32,5,34,0
20-05 09:14:47,23.004,2.500,73.762,0,0.500,1375360,1475604,168440,4912468,11605.811,1640.256,0,12.002,0,1.000,859,1055,1.960,1.350,0.720,1,0,1.000,0,0,10,32,5,34,0
20-05 09:14:48,23.498,2.500,73.493,0,0,1446064,1404792,168440,4912576,8185.231,1693.841,0,0,0,0,901,1061,1.880,1.350,0.730,2,0,2.000,0,0,10,32,5,32,0
20-05 09:14:49,23.259,2.501,74.280,0,0.250,1401168,1449668,168440,4912596,7278.933,1620.653,0,60.024,0,2.001,785,996,1.880,1.350,0.730,2,0,1.000,0,0,10,32,5,32,0
20-05 09:14:50,23.250,2.750,73.750,0,0,1412632,1438216,168440,4912584,16129.919,1619.992,0,20.000,0,1.000,836,1083,1.880,1.350,0.730,1,0,1.000,0,0,10,32,5,32,0
20-05 09:14:51,22.517,3.753,73.804,0,0,1345852,1504996,168440,4912584,12740.351,1621.190,0,100.073,0,4.003,991,1203,1.880,1.350,0.730,3,0,20.015,0,0,10,32,5,30,0
20-05 09:14:52,13.764,16.016,70.321,0,0.250,1386008,1464788,168448,4912628,8338.388,1513.523,0,96.097,0,8.008,2566,4002,1.880,1.350,0.730,1,0,374.377,0,0,10,32,5,30,0
20-05 09:14:53,23.202,3.243,73.599,0,0,1443520,1407080,168448,4912824,10039.439,1616.689,0,0,0,0,938,1157,1.810,1.340,0.730,1,0,1.996,0,0,10,32,5,24,0
20-05 09:14:54,23.251,3.000,73.753,0.250,0,1424488,1426052,168448,4912880,12332.506,1620.066,0,364.015,0,55.002,989,1113,1.810,1.340,0.730,1,0,9.000,0,0,10,32,5,24,0
20-05 09:14:55,18.508,11.004,70.279,0,0,1353196,1497340,168452,4912880,10442.250,1640.668,0,540.220,0,39.016,2323,3607,1.810,1.340,0.730,1,0,276.112,0,0,10,32,5,20,0
20-05 09:14:56,9.006,19.763,69.544,0,0,1354796,1495640,168452,4912976,11649.421,1621.033,0,144.092,0,6.004,2985,4437,1.810,1.340,0.730,1,0,433.276,0,0,10,32,5,20,0
20-05 09:14:57,8.753,21.507,69.523,0,0,1352348,1498052,168452,4913004,6894.268,1620.533,0,392.129,0,10.003,3216,5004,1.810,1.340,0.730,1,0,505.166,0,0,10,32,5,15,0
20-05 09:14:58,10.756,19.261,69.040,0,0.250,1349396,1500964,168452,4913036,8394.886,1620.943,0,1196.696,0,13.008,3070,4790,1.750,1.330,0.730,1,0,484.282,0,0,10,32,5,15,0
20-05 09:14:59,10.492,19.984,69.195,0,0,1353132,1497200,168452,4913060,12636.018,1618.721,0,1215.040,0,13.989,3107,4690,1.750,1.330,0.730,1,0,479.621,0,0,10,32,5,13,0
20-05 09:15:00,10.508,19.015,69.805,0,0,1353008,1497304,168452,4913080,14987.795,1513.191,0,876.690,0,11.009,2971,4448,1.750,1.330,0.730,1,0,426.336,0,0,10,32,5,13,0
20-05 09:15:01,9.498,19.247,70.237,0,0,1350288,1499992,168452,4913112,10262.173,1661.704,0,167.970,0,6.999,2915,4489,1.750,1.330,0.730,2,0,421.925,0,0,10,32,5,13,0
20-05 09:15:02,10.758,21.266,66.551,0,0.250,1353284,1496964,168460,4913136,12705.707,1663.271,0,484.370,0,23.018,3395,5414,1.750,1.330,0.730,2,0,542.414,0,0,10,32,5,15,0
20-05 09:15:03,47.400,22.702,28.939,0,0,1494748,1355436,168504,4913152,12495.697,1562.710,0,874.160,0,52.889,3452,6016,1.770,1.340,0.740,3,0,559.822,0,0,10,32,5,19,0
20-05 09:15:04,62.621,9.769,23.796,3.757,0.250,1642208,1200552,169080,4919256,7967.353,1697.271,412.795,13069.184,5.010,967.865,5589,10625,1.770,1.340,0.740,5,0,53.102,0,0,10,38,5,20,0
20-05 09:15:05,39.174,12.476,35.432,12.226,0,1619084,1211804,169696,4929800,77252.979,1616.881,0,83814.322,0,6380.692,26427,43367,1.770,1.340,0.740,3,1,162.686,0,0,10,36,4,19,0
20-05 09:15:06,43.840,9.770,36.575,9.519,0.251,1645428,1174760,170156,4939676,6831.965,1623.318,0,66219.352,0,5183.595,23234,38615,1.770,1.340,0.740,3,0,63.129,0,0,10,36,4,19,0
20-05 09:15:07,48.001,9.250,27.000,14.750,0,1648092,1164048,170796,4946804,7214.094,1512.020,0,72764.946,0,5219.068,19668,35294,1.770,1.340,0.740,5,0,109.001,0,0,10,37,4,17,0
20-05 09:15:08,39.983,18.992,30.487,8.996,0,1569196,1235372,171084,4953912,8522.378,1713.272,363.845,49379.014,5.997,3910.338,19276,37666,1.870,1.370,0.750,2,1,308.869,0,0,10,35,4,21,0
20-05 09:15:09,41.758,17.253,29.505,9.502,0,1553268,1244696,171568,4959492,12434.275,1620.297,1604.294,45441.316,21.004,3680.674,15472,31076,1.870,1.370,0.750,3,1,177.032,0,0,10,34,4,17,0
20-05 09:15:10,39.743,8.998,40.493,10.498,0,1568840,1224896,171840,4963308,16886.943,1619.707,0,44008.035,0,3857.302,19337,35355,1.870,1.370,0.750,2,0,97.982,0,0,10,35,4,22,0
20-05 09:15:11,38.175,9.731,42.416,10.978,0,1535932,1258020,172048,4962828,12197.921,1562.915,0,49170.937,0,4193.722,17843,32124,1.870,1.370,0.750,2,0,88.825,0,0,10,34,4,18,0
20-05 09:15:12,39.589,6.765,41.594,12.528,0.251,1567288,1225008,172228,4964224,8613.406,1623.658,0,49295.062,0,4088.211,18766,32059,1.870,1.370,0.750,2,0,33.075,0,0,10,35,4,19,0
20-05 09:15:13,40.742,7.499,41.992,10.498,0,1527544,1261920,172512,4966836,6984.659,1693.675,0,36389.013,0,3435.340,18183,32263,1.880,1.380,0.750,1,1,58.989,0,0,10,34,4,20,0
20-05 09:15:14,37.682,6.987,41.175,11.978,0,1565528,1221376,172728,4969132,7478.434,1690.933,0,41388.920,0,3899.926,17151,30591,1.880,1.380,0.750,4,0,44.919,0,0,10,37,4,21,0
20-05 09:15:15,34.570,9.269,43.088,14.029,0,1510928,1272660,172876,4972244,8894.091,1515.082,0,44610.738,0,3734.596,19068,35926,1.880,1.380,0.750,3,0,91.185,0,0,10,36,4,23,0
20-05 09:15:16,36.239,6.998,39.737,16.245,0.250,1567684,1211984,173144,4975756,20275.573,1693.463,0,54938.584,0,4745.496,16386,33268,1.880,1.380,0.750,2,0,50.984,0,0,10,36,4,24,0
20-05 09:15:17,34.681,8.733,41.668,13.473,0.499,1545784,1231048,173228,4978416,23998.579,1616.805,0,41318.355,0,3711.666,17041,30309,1.880,1.380,0.750,4,0,99.803,0,0,10,36,4,26,0
20-05 09:15:18,35.335,8.270,41.850,13.783,0,1517148,1259664,173300,4978336,10312.720,1623.892,0,46399.219,0,4089.803,18331,29777,1.890,1.390,0.760,1,1,75.180,0,0,10,36,4,28,0
20-05 09:15:19,34.241,6.748,42.239,13.246,0,1573664,1207036,173348,4974372,8765.625,1565.576,0,26820.732,0,3063.170,16215,28173,1.890,1.390,0.760,4,1,17.995,0,0,10,34,4,29,0
20-05 09:15:20,34.372,11.208,50.562,2.989,0,1424376,1356116,173388,4974524,13685.037,1687.715,0,15884.845,0,874.742,5727,9900,1.890,1.390,0.760,1,0,254.054,0,0,10,32,4,31,0
20-05 09:15:21,22.301,4.510,72.665,0.251,0,1390284,1390212,173396,4974524,10271.295,1623.683,0,441.000,0,38.086,2051,3825,1.890,1.390,0.760,1,0,34.077,0,0,10,32,4,31,0
20-05 09:15:22,10.760,19.519,68.815,0,0,1393104,1387212,173396,4974704,8259.855,1513.439,0,424.404,0,30.029,3211,4884,1.890,1.390,0.760,1,0,499.475,0,0,10,32,4,31,0
20-05 09:15:23,56.399,14.724,28.948,0,0.250,1549996,1229980,173432,4975008,7338.900,1617.113,0,3533.692,0,219.608,3104,4630,1.980,1.420,0.770,3,0,268.521,0,0,10,32,4,37,0
20-05 09:15:24,67.517,7.752,24.256,0,0.250,1709712,1067732,173556,4977224,10674.690,1620.408,0,1916.483,0,84.021,1624,1629,1.980,1.420,0.770,3,0,0,0,0,10,32,4,37,0
20-05 09:15:25,48.597,9.519,31.563,10.772,0.251,1791720,975824,173756,4986324,8296.626,1693.394,0,43984.144,0,3208.430,14361,27885,1.980,1.420,0.770,3,2,148.297,0,0,10,38,4,37,0
20-05 09:15:26,29.943,8.234,46.412,17.716,0,1794216,961964,173956,4997196,9204.502,1616.926,0,71675.744,0,5516.513,23236,40800,1.980,1.420,0.770,2,1,197.624,0,0,10,38,4,37,0
20-05 09:15:27,29.559,7.515,41.583,20.291,0,1792456,953928,174072,5006520,10412.805,1569.135,0,79562.967,0,5952.894,24664,43058,1.980,1.420,0.770,2,0,135.270,0,0,10,38,4,37,0
20-05 09:15:28,41.032,10.258,32.775,15.762,0,1707364,1029712,174212,5015364,9753.491,1695.302,0,68048.261,0,5229.016,18726,36397,2.140,1.460,0.790,4,1,253.194,0,0,10,36,4,37,0
20-05 09:15:29,48.470,9.744,32.979,11.992,0,1774896,954152,174328,5022984,8470.672,1638.969,0,58531.184,0,4371.250,13577,29256,2.140,1.460,0.790,1,2,74.953,0,0,10,36,4,37,0
20-05 09:15:30,32.250,7.750,39.000,19.000,0,1667484,1047856,174408,5036120,9218.065,1566.011,0,82276.576,0,5653.040,19982,39045,2.140,1.460,0.790,1,0,78.001,0,0,10,36,4,37,0
20-05 09:15:31,27.436,5.986,47.390,17.210,0.249,1667212,1042312,174488,5041648,9314.298,1616.234,0,65878.503,0,5123.063,23208,39032,2.140,1.460,0.790,3,0,38.909,0,0,10,36,4,37,0
20-05 09:15:32,26.038,10.766,61.338,2.253,0,1422068,1287420,174500,5041656,10090.540,1622.338,0,11752.936,0,723.042,3584,5828,2.140,1.460,0.790,1,0,249.359,0,0,10,32,4,37,0
20-05 09:15:33,22.716,3.495,72.640,0,0,1486288,1223188,174500,5041668,9783.178,1617.549,0,1086.354,0,68.896,1230,1549,2.050,1.460,0.790,3,0,2.995,0,0,10,32,4,37,0
20-05 09:15:34,24.728,2.748,71.685,1.249,0,1525308,1184156,174504,5041676,9737.207,1660.501,0,4028.362,0,251.773,1842,2779,2.050,1.460,0.790,1,0,0,0,0,10,38,4,37,0
20-05 09:15:35,21.564,4.263,73.467,0,0,1460668,1248796,174504,5041676,79033.069,1666.916,0,3285.689,0,17.050,1351,1420,2.050,1.460,0.790,1,0,28.083,0,0,10,32,4,37,0
20-05 09:15:36,22.202,3.493,73.593,0,0.249,1519808,1189652,174504,5041676,42600.834,1562.656,0,199.573,0,6.985,1072,1163,2.050,1.460,0.790,2,0,0,0,0,10,32,4,37,0
20-05 09:15:37,17.544,20.803,60.904,0.251,0.251,1406608,1302844,174508,5041676,9849.861,1515.826,0,769.943,0,65.164,3815,6296,2.050,1.460,0.790,2,0,688.738,0,0,10,32,4,37,0
20-05 09:15:38,11.725,25.445,61.119,0,0,1410104,1299272,174508,5041752,8678.333,1690.364,0,195.579,0,18.959,3969,6314,1.880,1.430,0.790,2,0,775.332,0,0,10,32,4,37,0
20-05 09:15:39,9.257,20.266,69.306,0,0,1411676,1297640,174508,5041812,10098.159,1621.310,0,548.443,0,83.067,3083,4310,1.880,1.430,0.790,1,0,431.349,0,0,10,32,4,37,0
20-05 09:15:40,9.760,18.769,70.571,0,0,1409472,1299776,174508,5041856,12887.003,1621.636,0,60.061,0,8.008,2743,4145,1.880,1.430,0.790,1,0,348.351,0,0,10,32,4,37,0
20-05 09:15:41,14.503,16.253,68.264,0,0.250,1407388,1301672,174508,5041916,7889.665,1620.342,0,28.006,0,7.001,3624,5891,1.880,1.430,0.790,1,0,287.061,0,0,10,32,4,37,0
20-05 09:15:42,35.420,11.973,50.635,0,0,1481068,1228004,174516,5042400,8792.033,1616.329,0,0,0,0,2863,5342,1.880,1.430,0.790,2,0,158.640,0,0,10,33,4,37,0
20-05 09:15:43,45.745,5.499,48.745,0,0,1596160,1112840,174516,5042468,8615.130,1457.853,0,19.998,0,1.000,1154,1179,1.890,1.440,0.800,2,0,2.000,0,0,10,33,4,37,0
20-05 09:15:44,47.989,5.499,45.490,0,0,1642776,1063012,174584,5045400,9947.742,1619.632,83.981,1379.687,1.000,148.966,2228,7850,1.890,1.440,0.800,2,0,6.998,0,0,10,49,4,37,0
20-05 09:15:45,17.791,15.536,66.403,0,0.251,1662112,1043068,174584,5045756,8192.852,1697.907,0,300.692,0,15.035,2405,3385,1.890,1.440,0.800,1,0,254.586,0,0,10,48,4,37,0
20-05 09:15:46,11.225,0.748,87.553,0,0,1678964,1026372,174584,5045616,24184.536,2482.410,0,131.703,0,9.978,819,1044,1.890,1.440,0.800,0,0,2.993,0,0,10,49,4,37,0
20-05 09:15:47,1.250,1.000,97.978,0.500,0,1678944,1026372,174584,5045632,47727.500,3131.311,0,435.904,0,28.994,875,1341,1.890,1.440,0.800,0,0,0,0,0,10,49,4,37,0
20-05 09:15:48,0.500,0.500,97.926,0,0.250,1679068,1026148,174584,5045732,99575.522,3135.623,0,151.885,0,4.996,907,997,1.740,1.420,0.790,0,0,0,0,0,10,49,4,37,0
20-05 09:15:49,10.766,6.009,82.371,1.252,0.250,1684320,1019624,174668,5046748,72494.930,2878.245,4.006,4274.305,1.001,291.430,2603,3231,1.740,1.420,0.790,2,0,45.066,0,0,10,48,4,38,0
20-05 09:15:50,17.524,8.512,71.848,1.752,0,1707872,947180,174684,5094088,8435.531,1459.996,0,9589.108,0,419.574,2229,2692,1.740,1.420,0.790,1,0,48.066,0,0,10,48,4,38,0
20-05 09:15:51,14.733,10.738,72.915,0,0.250,1712744,941716,174684,5094152,8823.773,1702.027,63.926,3.995,3.995,0.999,1734,1927,1.740,1.420,0.790,1,0,59.931,0,0,10,48,4,38,0
20-05 09:15:52,21.482,4.746,73.939,0,0,1726632,927788,174684,5094156,8079.367,1618.671,0,0,0,0,1172,1343,1.740,1.420,0.790,1,0,34.971,0,0,10,48,4,38,0
20-05 09:15:53,20.511,5.003,73.289,0,0,1733764,920660,174684,5094160,9581.097,1620.862,0,0,0,0,1258,1389,1.680,1.410,0.790,1,0,27.014,0,0,10,48,4,38,0
20-05 09:15:54,18.772,7.759,73.585,0.501,0,1675428,1026284,174956,5047284,12212.044,1695.950,420.484,204.235,17.020,9.010,1730,2158,1.680,1.410,0.790,1,0,93.107,0,0,10,48,4,38,0
20-05 09:15:55,16.268,14.766,67.575,0.501,0,1670536,1030944,174960,5047644,18510.584,1695.886,0,6807.570,0,322.358,5502,9803,1.680,1.410,0.790,1,0,272.303,0,0,10,48,4,38,0
20-05 09:15:56,3.740,3.989,89.760,0.499,0,1669088,1032452,174960,5047460,15788.812,1657.571,0,6757.943,0,350.065,1758,2527,1.680,1.410,0.790,0,0,25.931,0,0,10,48,4,38,0
20-05 09:15:57,1.249,0.250,97.709,0.250,0,1669088,1032452,174960,5047460,16301.121,1585.331,0,467.803,0,35.985,903,1469,1.680,1.410,0.790,0,0,2.999,0,0,10,48,4,38,0
20-05 09:15:58,1.000,0.250,98.297,0,0,1669088,1032452,174960,5047460,10230.870,1566.746,0,36.017,0,4.002,752,1046,1.550,1.390,0.790,0,0,3.001,0,0,10,48,4,38,0
20-05 09:15:59,1.250,0.500,98.495,0,0,1669088,1032452,174960,5047460,8547.607,1619.925,0,0,0,0,652,920,1.550,1.390,0.790,0,0,1.000,0,0,10,48,4,38,0
20-05 09:16:00,7.269,6.517,85.980,0,0,1602364,1099144,174960,5047944,10068.924,1624.343,0,4.011,0,1.003,2258,4096,1.550,1.390,0.790,14,0,133.357,0,0,10,48,4,38,0
20-05 09:16:01,14.995,13.246,70.478,0.250,0.250,1603808,1097652,174960,5047584,7865.530,1735.455,0,599.812,0,3.999,4053,8299,1.550,1.390,0.790,1,0,208.934,0,0,10,48,4,38,0
20-05 09:16:02,13.497,17.996,66.486,0,0,1661900,1039424,174960,5048004,6508.607,1857.602,0,0,0,0,3850,6687,1.550,1.390,0.790,1,0,336.928,0,0,11,48,4,38,0
20-05 09:16:03,12.722,10.727,75.836,0,0.249,1658276,1042952,174960,5047644,13393.044,1616.505,0,255.448,0,12.972,3692,5981,1.500,1.380,0.790,0,0,183.603,0,0,11,48,4,38,0
20-05 09:16:04,5.763,9.772,84.187,0,0,1659828,1041400,174960,5047988,7396.465,1623.614,0,0,0,0,1808,2870,1.500,1.380,0.790,1,0,148.330,0,0,13,48,4,32,0
20-05 09:16:05,16.743,11.995,70.470,0,0.250,1667332,1033856,174960,5047668,81416.991,1511.350,0,31.986,0,6.997,4464,7193,1.500,1.380,0.790,1,0,188.919,0,0,13,50,4,32,0
20-05 09:16:06,8.985,19.968,70.136,0,0,1662624,1038492,174960,5047696,8184.724,1563.464,0,27.955,0,5.990,2804,4424,1.500,1.380,0.790,1,0,379.385,0,0,13,50,4,31,0
20-05 09:16:07,18.533,15.026,65.615,0.250,0.250,1670860,1030084,174964,5047880,8432.842,1622.856,0,633.114,0,41.072,4775,11246,1.500,1.380,0.790,2,0,225.397,0,0,13,50,4,31,0
20-05 09:16:08,36.669,17.711,44.901,0,0,1748380,952252,174976,5048124,7589.334,1710.244,0,67.851,0,5.987,3977,7943,1.540,1.390,0.800,2,0,352.227,0,0,13,50,4,27,0
20-05 09:16:09,26.034,5.507,67.589,0,0,1805292,894388,175064,5048924,11781.563,1696.241,0,20.026,0,5.007,1914,3325,1.540,1.390,0.800,1,0,32.042,0,0,13,58,4,31,0
20-05 09:16:10,23.027,4.005,71.584,0.501,0,1864924,834664,175064,5048988,11197.067,1621.893,0,4084.767,0,341.398,1742,1500,1.540,1.390,0.800,1,0,8.009,0,0,13,58,4,26,0
20-05 09:16:11,16.211,2.494,80.804,0,0,1895848,803164,175068,5049548,10672.067,1616.073,0,75.816,0,2.993,1961,3209,1.540,1.390,0.800,0,0,2.993,0,0,13,58,4,26,0
20-05 09:16:12,0.750,0,98.769,0,0,1895848,803164,175068,5049548,6649.263,1602.304,0,0,0,0,614,955,1.540,1.390,0.800,0,0,2.000,0,0,13,58,4,24,0
20-05 09:16:13,11.011,9.009,79.579,0,0,1838352,860388,175068,5049828,8468.384,1567.552,0,1469.455,0,7.007,3561,7040,1.500,1.380,0.800,5,0,140.139,0,0,13,56,4,24,2
20-05 09:16:14,12.749,15.248,70.992,0,0.500,1855536,843176,175068,5049824,9184.962,1619.817,0,4.000,0,1.000,4029,8858,1.500,1.380,0.800,1,0,253.971,0,0,13,56,4,25,2
20-05 09:16:15,17.788,15.783,66.140,0,0,1891004,807584,175068,5050204,9796.789,1665.534,0,52.111,0,10.021,4946,13239,1.500,1.380,0.800,1,0,223.474,0,0,12,56,4,23,2
20-05 09:16:16,17.700,13.711,67.809,0,0.249,1894752,803832,175068,5050228,10765.748,1615.461,0,15.955,0,3.989,3861,10929,1.500,1.380,0.800,1,0,294.173,0,0,13,52,4,25,4
20-05 09:16:17,30.074,14.034,54.133,0,0,1779824,918784,175068,5049908,10309.309,1623.987,80.197,288.709,3.007,2.005,3915,8558,1.500,1.380,0.800,3,0,217.534,0,0,13,50,4,28,0
20-05 09:16:18,33.455,22.220,44.691,0.250,0,1753004,945492,175068,5050012,10120.530,1617.847,0,571.240,0,10.985,3522,5942,1.540,1.390,0.800,2,0,578.230,0,0,13,50,4,28,0
20-05 09:16:19,37.977,19.238,41.225,0,0,1842968,855028,175068,5050520,14903.013,1692.979,0,19.988,0,4.997,4200,11571,1.540,1.390,0.800,2,0,245.852,0,0,13,58,4,28,0
20-05 09:16:20,46.733,10.496,42.984,0,0,1952420,745548,175072,5050536,25936.507,1511.447,0,0,0,0,2200,2641,1.540,1.390,0.800,2,0,175.936,0,0,13,58,4,28,0
20-05 09:16:21,29.983,4.248,64.714,0,0,2008164,688760,175120,5051532,15151.515,1565.124,0,46469.977,0,56.968,2275,4462,1.540,1.390,0.800,1,0,3.998,0,0,13,58,4,25,0
20-05 09:16:22,25.316,3.259,67.928,3.259,0.251,2039492,653832,175424,5054488,7926.736,1714.485,152.399,6288.451,38.100,651.705,4632,7980,1.540,1.390,0.800,4,0,5.013,0,0,13,60,4,25,0
20-05 09:16:23,24.490,6.497,52.478,15.244,0,2040252,635712,175448,5071640,15259.545,1619.315,0,35185.117,0,3092.692,17236,28872,1.740,1.440,0.820,1,0,5.997,0,0,13,60,4,23,0
20-05 09:16:24,36.258,15.753,46.510,1.250,0.250,2217432,454336,175564,5075344,8355.855,1620.360,0,3360.746,0,235.052,8776,17580,1.740,1.440,0.820,1,0,92.020,0,0,14,85,4,34,0
20-05 09:16:25,14.976,20.717,64.648,0.250,0,2223868,447708,175564,5075460,7597.957,1617.436,0,3111.069,0,47.924,3727,7517,1.740,1.440,0.820,2,0,457.275,0,0,14,85,4,31,0
20-05 09:16:26,12.518,18.526,66.344,1.001,0.250,2229792,441644,175564,5075608,7722.905,1696.395,0,10955.469,0,785.109,4681,6214,1.740,1.440,0.820,1,0,320.452,0,0,14,85,4,31,0
20-05 09:16:27,35.263,12.504,51.018,0,0,2307428,363804,175564,5076184,6136.184,1512.538,0,4709.677,0,192.068,4006,5853,1.740,1.440,0.820,3,0,161.057,0,0,14,86,4,30,0
20-05 09:16:28,37.656,8.479,52.868,0.249,0,2389208,281188,175580,5076956,9498.273,1615.963,0,690.276,0,33.915,2233,3420,1.760,1.450,0.830,2,0,75.811,0,0,14,89,4,30,0
20-05 09:16:29,10.012,17.521,71.086,0.501,0.250,2392476,277896,175580,5076964,7497.094,1567.902,0,696.845,0,40.049,2784,4009,1.760,1.450,0.830,3,0,326.396,0,0,14,89,4,30,0
20-05 09:16:30,8.004,18.509,72.286,0,0,2395472,274844,175580,5077016,9412.631,1620.797,0,48.024,0,6.003,2836,4411,1.760,1.450,0.830,2,0,368.181,0,0,14,89,4,30,0
20-05 09:16:31,17.010,10.006,72.793,0,0,2435848,234432,175580,5077052,7642.524,1620.960,0,124.073,0,14.008,2020,2989,1.760,1.450,0.830,1,0,222.132,0,0,14,89,4,30,0
20-05 09:16:32,22.198,4.739,72.083,0,0,2409340,260928,175580,5077064,10990.469,1616.245,0,0,0,0,1895,2928,1.760,1.450,0.830,2,0,62.854,0,0,14,91,4,31,0
20-05 09:16:33,23.764,3.502,72.042,0.500,0,2468620,201620,175588,5077084,11026.495,1711.008,0,160.094,0,16.009,1912,3065,1.700,1.440,0.830,3,0,2.001,0,0,14,93,4,31,0
20-05 09:16:34,35.576,5.762,57.122,0.752,0.251,2452080,217680,175592,5077512,12516.836,1515.249,0,1992.271,0,244.524,4117,7107,1.700,1.440,0.830,3,0,24.052,0,0,14,107,4,33,0
20-05 09:16:35,24.190,5.736,69.329,0.249,0,2521488,148128,175592,5077656,85060.411,1657.915,0,1189.070,0,71.823,2069,2722,1.700,1.440,0.830,2,0,94.766,0,0,14,108,3,33,0
20-05 09:16:36,24.990,2.749,71.221,0.500,0,2540272,133540,175592,5073460,8860.447,1565.372,0,811.675,0,81.967,2449,4196,1.700,1.440,0.830,2,0,1.999,0,0,14,114,3,34,0
20-05 09:16:37,22.499,6.000,70.998,0.250,0,2520676,153092,175592,5073504,8493.762,1619.955,151.996,1311.963,6.000,101.997,2311,3523,1.700,1.440,0.830,1,0,89.997,0,0,14,112,3,36,0
20-05 09:16:38,22.553,4.761,72.421,0.251,0.251,2515220,158272,175592,5073780,8864.912,1623.831,4.009,461.088,1.002,37.087,1644,2304,1.640,1.430,0.830,1,0,57.135,0,0,14,116,3,37,0
20-05 09:16:39,23.224,2.997,73.417,0,0.250,2492644,180820,175592,5073808,26767.726,1618.170,0,331.625,0,24.972,1440,1717,1.640,1.430,0.830,2,0,9.989,0,0,14,116,3,38,0
20-05 09:16:40,20.972,5.243,73.152,0.250,0,2554540,118908,175592,5073824,9305.503,1617.827,0,263.646,0,13.981,1302,1757,1.640,1.430,0.830,2,0,40.945,0,0,14,119,3,38,0
20-05 09:16:41,20.744,6.998,70.479,1.250,0,2519468,166724,174780,5062772,11452.553,1619.513,499.850,3646.902,26.992,332.900,2826,3651,1.640,1.430,0.830,1,0,81.975,0,0,14,116,3,39,0
20-05 09:16:42,21.800,6.014,72.668,0,0,2506084,180016,174780,5062864,8969.774,1515.510,28.065,292.678,5.012,14.032,1462,2007,1.640,1.430,0.830,2,0,55.128,0,0,14,116,3,40,0
20-05 09:16:43,23.269,3.002,72.308,0.500,0,2563104,122760,174780,5063100,14316.482,1695.360,208.167,1361.092,7.006,84.067,1569,2142,1.590,1.420,0.830,1,0,2.002,0,0,14,118,3,40,0
20-05 09:16:44,24.245,5.999,66.485,2.250,0,2516656,171200,174760,5061128,9979.814,1639.641,0,6166.650,0,497.891,4675,8385,1.590,1.420,0.830,1,0,52.988,0,0,14,116,3,41,0
20-05 09:16:45,24.444,2.245,72.336,0.249,0,2558704,129144,174760,5061136,7026.023,1616.324,0,442.993,0,36.916,1372,1949,1.590,1.420,0.830,1,0,0.998,0,0,14,120,3,41,0
20-05 09:16:46,33.994,2.000,61.488,1.750,0,2572884,130236,174192,5046432,8958.316,1693.682,0,4535.147,0,448.916,3713,5855,1.590,1.420,0.830,3,0,2.999,0,0,14,118,3,42,0
20-05 09:16:47,28.325,6.016,64.922,0.501,0.251,2575680,129148,174192,5044728,8137.589,1624.309,4.011,561.490,1.003,46.122,2025,3166,1.590,1.420,0.830,1,0,69.184,0,0,14,118,3,43,0
20-05 09:16:48,20.248,8.999,69.994,1.000,0,2536472,171180,173996,5042104,8995.190,1661.850,131.988,1063.904,2.000,129.988,2887,4685,1.620,1.430,0.840,1,0,146.987,0,0,14,118,3,44,0
20-05 09:16:49,23.670,2.492,72.753,0,0.249,2573396,134216,173996,5042144,8022.731,1506.878,19.932,478.374,2.990,28.902,1189,1663,1.620,1.430,0.840,1,0,0,0,0,14,120,3,43,0
20-05 09:16:50,27.787,3.254,66.589,0.751,0,2584044,123180,174004,5042520,9228.366,1696.273,172.231,4285.743,5.007,318.427,3549,6447,1.620,1.430,0.840,2,0,3.004,0,0,14,120,3,43,0
20-05 09:16:51,38.075,12.775,48.095,1.252,0,2567868,138016,174008,5043872,16468.624,1951.867,1106.191,1110.199,55.109,117.232,4635,8098,1.620,1.430,0.840,2,0,286.568,0,0,14,118,3,44,0
20-05 09:16:52,32.899,3.489,62.060,0.498,0,2536248,187128,173460,5027008,25707.310,1736.684,223.316,2835.321,4.985,346.938,2926,3547,1.620,1.430,0.840,1,0,14.954,0,0,14,118,3,45,0
20-05 09:16:53,10.511,18.270,70.575,0,0.501,2552448,169760,173600,5028036,12064.897,1872.001,1093.169,328.351,30.032,16.017,2975,4379,1.650,1.440,0.840,1,0,370.396,0,0,14,118,3,45,0
20-05 09:16:54,14.478,16.975,66.900,0,0,2558584,163020,173600,5028980,7199.259,1617.587,467.303,451.327,9.985,33.949,5084,10220,1.650,1.440,0.840,19,0,310.537,0,0,14,118,3,45,0
20-05 09:16:55,28.351,18.566,51.936,0,0,2601988,124940,173580,5023324,13415.949,1625.811,28.100,301.076,3.011,18.065,3389,5789,1.650,1.440,0.840,2,0,409.463,0,0,14,118,3,45,0
20-05 09:16:56,34.450,20.470,44.435,0.499,0.250,2634480,131644,173484,4984224,8607.433,1635.612,3087.492,922.653,68.899,60.911,4924,8663,1.650,1.440,0.840,2,0,375.452,0,0,14,121,3,45,0
20-05 09:16:57,46.826,25.291,25.041,1.502,0.250,2772868,130272,172852,4850244,7962.964,1692.756,5024.179,10633.311,325.530,685.115,7728,14970,1.650,1.440,0.840,3,0,457.745,0,0,16,130,3,46,0
20-05 09:16:58,51.478,25.366,22.133,0,0,2888908,121480,172408,4745728,11210.673,1557.756,2649.976,139.263,170.100,14.921,4742,8269,1.760,1.470,0.860,5,0,425.747,0,0,16,130,3,46,0
20-05 09:16:59,55.473,19.830,23.595,0.251,0,2967788,120004,172068,4670360,10116.669,1700.837,738.971,244.985,62.250,18.073,7587,20573,1.760,1.470,0.860,2,0,421.695,0,0,16,146,3,46,0
20-05 09:17:00,32.762,27.510,40.014,0,0,3031696,131296,171740,4596848,12705.574,1694.610,100.036,492.177,5.002,20.007,3930,6436,1.760,1.470,0.860,3,0,611.220,0,0,16,146,3,46,0
20-05 09:17:01,21.999,12.750,62.248,0,0.250,3044772,129756,171704,4585504,10651.734,1709.957,1131.972,155.996,57.999,9.000,5372,9556,1.760,1.470,0.860,2,0,203.995,0,0,17,146,3,46,0
20-05 09:17:02,33.746,20.498,44.495,0,0,3111740,128236,171708,4521692,8113.067,1619.814,959.890,799.908,61.993,62.993,4203,7676,1.760,1.470,0.860,2,0,582.933,0,0,17,150,3,46,0
20-05 09:17:03,43.332,19.286,35.818,0,0,3214568,128604,171576,4420828,15765.734,1556.936,428.809,320.605,37.070,18.034,7053,17242,1.940,1.510,0.870,2,0,293.554,0,0,17,162,3,46,0
20-05 09:17:04,33.221,22.481,43.213,1.249,0,3273620,131224,171580,4360424,7989.145,1618.611,75.935,9407.928,5.995,662.432,5256,7230,1.940,1.510,0.870,3,0,717.384,0,0,17,162,3,46,0
20-05 09:17:05,27.406,22.423,48.832,0,0,3343308,129296,171564,4294160,78313.229,1630.404,287.015,382.687,22.921,23.918,5139,13487,1.940,1.510,0.870,2,0,508.256,0,0,17,168,3,46,0
20-05 09:17:06,18.309,13.544,66.466,0.251,0.251,3351584,126764,171564,4288616,8939.025,1625.277,309.003,268.873,21.068,16.052,5181,11982,1.940,1.510,0.870,2,0,165.538,0,0,17,168,3,46,0
20-05 09:17:07,40.816,12.444,45.794,0.747,0,3470820,126700,171532,4171796,7338.909,1612.728,995.511,350.420,60.726,30.861,2286,3359,1.940,1.510,0.870,2,0,106.520,0,0,17,174,3,46,0
20-05 09:17:08,45.880,7.521,45.379,0.752,0,3580536,125848,171668,4065168,9031.659,1718.883,3947.214,4749.493,73.208,384.091,2314,2294,1.950,1.520,0.880,3,0,2.006,0,0,17,174,3,46,0
20-05 09:17:09,46.332,17.030,35.313,0.250,0.250,3545956,180860,171696,4045168,18034.010,1622.881,2740.865,625.110,58.103,35.062,5713,14127,1.950,1.520,0.880,3,0,402.715,0,0,17,180,3,46,0
20-05 09:17:10,47.742,24.746,25.496,0.250,0,3537600,185276,171716,4049084,9450.384,1619.723,55.990,687.882,3.999,47.992,5314,11146,1.950,1.520,0.880,3,0,568.903,0,0,17,190,3,42,0
20-05 09:17:11,49.731,19.742,29.738,0,0,3623060,119068,171716,4030376,16627.482,1511.408,0,267.895,0,13.995,4764,12454,1.950,1.520,0.880,5,0,191.925,0,0,17,191,3,42,0
20-05 09:17:12,79.388,17.918,2.240,0,0.249,3714512,131836,171724,3928848,9339.394,1702.234,832.203,17946.130,13.936,553.475,3255,6475,1.950,1.520,0.880,7,0,139.364,0,0,17,205,3,42,0
20-05 09:17:13,72.367,15.328,11.056,0.503,0,3748348,153140,171804,3875148,10185.672,1573.985,148.755,1342.812,6.031,93.474,4131,12384,2.110,1.560,0.900,6,0,60.306,0,0,17,215,3,44,0
20-05 09:17:14,64.370,20.209,14.720,0.499,0.249,3778408,155856,171808,3842944,7764.339,1616.739,654.680,2219.523,45.907,198.599,5986,57394,2.110,1.560,0.900,3,0,303.388,0,0,17,219,3,49,0
20-05 09:17:15,33.316,18.286,45.339,0,0,3821728,131092,171808,3825204,8627.012,1697.347,160.316,857.691,5.010,66.130,6356,12168,2.110,1.560,0.900,3,0,329.650,0,0,17,221,3,49,0
20-05 09:17:16,50.204,20.731,27.974,0,0.250,3862568,137744,171808,3778232,6967.583,1618.509,127.882,499.540,2.997,28.973,4456,6936,2.110,1.560,0.900,3,0,480.557,0,0,17,221,3,46,0
20-05 09:17:17,57.562,16.017,23.776,0.250,0,3897768,126196,171900,3754796,8024.643,1663.792,204.220,736.794,21.023,54.058,6059,11474,2.110,1.560,0.900,3,0,256.276,0,0,17,223,3,46,0
20-05 09:17:18,58.395,24.706,16.720,0.250,0,3956260,123732,171900,3699008,7778.054,1509.294,634.862,21257.885,24.955,974.253,7120,15438,2.100,1.570,0.900,3,0,529.051,0,0,17,229,3,43,0
20-05 09:17:19,59.367,19.538,19.288,0,0.501,3989748,152028,171912,3638324,13989.517,1623.193,144.284,901.774,17.034,67.132,7235,23685,2.100,1.570,0.900,3,0,234.461,0,0,17,237,3,46,0
20-05 09:17:20,63.725,12.495,23.491,0.500,0,4141456,128340,171916,3512428,10563.859,1619.365,19.992,2247.119,4.998,154.939,3203,4730,2.100,1.570,0.900,4,0,114.955,0,0,17,237,3,43,0
20-05 09:17:21,66.499,7.500,24.500,0.500,0,4141572,188960,171932,3453128,8749.843,1635.971,935.983,531.990,60.999,36.999,3095,5802,2.100,1.570,0.900,3,0,25.000,0,0,17,247,3,45,0
20-05 09:17:22,50.253,22.751,25.751,0.250,0,4170040,159168,171936,3454448,8206.476,1710.099,800.046,564.033,23.001,47.003,5145,11685,2.100,1.570,0.900,4,0,563.033,0,0,17,247,3,49,0
20-05 09:17:23,45.735,20.993,30.240,0.750,0.250,4174280,150728,172148,3458596,20037.408,1619.467,4510.516,1710.437,85.972,82.973,6258,10985,2.250,1.610,0.920,6,0,332.890,0,0,17,249,3,49,0
20-05 09:17:24,69.975,15.744,13.495,0.500,0.250,4221996,174628,172148,3388552,25061.153,1693.402,583.794,10284.370,7.997,873.692,5043,6049,2.250,1.610,0.920,5,0,204.928,0,0,18,256,3,39,0
20-05 09:17:25,63.286,13.508,22.263,0.250,0.250,4326112,141604,172164,3318736,9311.317,1694.968,1020.583,536.306,34.019,30.017,2553,7597,2.250,1.610,0.920,4,0,47.027,0,0,18,256,3,40,0
20-05 09:17:26,43.336,14.196,40.845,0,0.249,4351180,129992,172192,3305696,8425.052,2539.371,884.645,832.842,14.943,58.777,4538,11017,2.250,1.610,0.920,2,0,224.150,0,0,18,258,3,40,0
20-05 09:17:27,18.999,6.250,73.997,0.250,0,4349196,131968,172200,3305696,17297.395,3794.867,775.973,263.991,8.000,14.000,1694,2186,2.250,1.610,0.920,3,0,9.000,0,0,18,259,3,40,0
20-05 09:17:28,18.826,6.778,72.796,0.251,0,4352360,151000,172200,3284052,17849.469,3841.597,815.310,923.750,9.037,66.269,2139,2983,2.150,1.600,0.920,2,0,11.045,0,0,18,263,3,40,0
20-05 09:17:29,21.411,5.726,71.203,0,0,4357340,144124,172200,3285948,1977869.219,21522.317,764.813,270.871,5.975,20.913,3272,4375,2.150,1.600,0.920,2,0,8.963,0,0,18,267,3,40,0
20-05 09:17:30,19.742,7.247,70.222,0.250,0,4380428,127692,172200,3279416,1295271.663,27019.354,815.679,259.898,6.997,33.987,2992,3750,2.150,1.600,0.920,0,0,9.996,0,0,18,269,3,40,0
20-05 09:17:31,5.749,3.000,89.486,0.250,0.250,4364504,142420,172200,3280612,1273170.659,27801.691,19.997,1327.794,2.000,102.984,3272,4162,2.150,1.600,0.920,0,0,2.000,0,0,18,273,3,40,0
20-05 09:17:32,5.254,2.252,91.071,0.500,0.250,4365204,139732,172200,3282600,2109209.402,45257.391,0,340.266,0,25.020,3881,3762,2.150,1.600,0.920,1,0,1.001,0,0,18,275,3,39,0
20-05 09:17:33,2.498,1.749,93.682,0,0.250,4364392,139484,172200,3283660,1116680.640,23670.886,0,251.818,0,13.990,2083,2750,1.980,1.570,0.910,0,0,1.999,0,0,18,275,3,39,0
20-05 09:17:34,4.752,1.000,91.787,0.500,0,4364516,138364,172200,3284656,1142095.696,24531.788,0,1576.629,0,90.036,2950,3439,1.980,1.570,0.910,0,0,0,0,0,18,275,3,37,0
20-05 09:17:35,1.750,1.250,94.725,0,0,4363600,138364,172200,3285572,966977.883,19014.885,0,0,0,0,1984,2538,1.980,1.570,0.910,0,0,0,0,0,18,275,3,37,0
20-05 09:17:36,4.001,1.750,93.515,0,0,4363248,137692,172200,3286612,1134158.063,23667.716,0,80.013,0,7.001,2391,2794,1.980,1.570,0.910,0,0,2.000,0,0,18,279,3,36,0
20-05 09:17:37,2.999,1.750,94.231,0,0.250,4362736,137468,172200,3287348,773345.331,16202.759,0,0,0,0,1791,2354,1.980,1.570,0.910,1,0,0,0,0,18,279,3,36,0
20-05 09:17:38,3.250,0.750,94.755,0,0.250,4362912,136572,172200,3288068,777573.989,17208.929,0,0,0,0,2008,2168,1.820,1.550,0.910,0,0,0,0,0,18,279,3,33,0
20-05 09:17:39,4.250,1.750,93.505,0,0,4362668,135676,172200,3289208,1340145.007,27831.392,0,36.002,0,3.000,2562,2845,1.820,1.550,0.910,2,0,0,0,0,18,279,3,33,0
20-05 09:17:40,4.005,1.502,93.619,0,0,4362232,135200,172200,3290120,917268.766,19356.622,0,128.163,0,18.023,2127,2953,1.820,1.550,0.910,0,0,0,0,0,18,279,3,33,0
20-05 09:17:41,4.245,0.499,93.385,0.250,0,4361784,134696,172200,3291072,935300.645,19943.450,31.961,327.597,0.999,30.962,2292,3071,1.820,1.550,0.910,0,0,1.998,0,0,18,283,3,32,0
20-05 09:17:42,4.257,2.003,94.412,0,0.250,4361976,133576,172200,3292000,991065.642,20861.862,0,160.276,0,11.019,2351,2613,1.820,1.550,0.910,0,0,0,0,0,18,283,3,32,0
20-05 09:17:43,8.248,9.248,80.228,0.250,0,4368580,124468,172200,3294504,378444.577,9315.503,2135.428,139.962,27.992,8.998,2833,3953,1.680,1.520,0.900,1,0,190.949,0,0,18,282,3,30,0
20-05 09:17:44,20.475,7.241,69.913,1.248,0.250,4413356,132972,172188,3242008,9725.950,1617.995,315.609,9747.922,19.975,511.366,2367,2657,1.680,1.520,0.900,1,0,67.916,0,0,18,282,3,30,0
20-05 09:17:45,25.530,3.754,69.332,0.250,0.250,4425580,127188,172184,3235592,7905.336,1621.915,456.539,168.199,23.027,20.024,3331,7245,1.680,1.520,0.900,1,0,1.001,0,0,18,291,3,31,0
20-05 09:17:46,19.287,10.270,69.134,0.250,0,4363776,184172,172180,3240400,14897.842,1569.038,176.341,492.954,7.014,51.099,3337,6493,1.680,1.520,0.900,1,0,169.328,0,0,18,288,3,32,0
20-05 09:17:47,17.459,10.226,70.334,0,0,4406160,141536,172180,3240636,6942.595,1508.436,255.396,275.349,9.976,9.976,2634,4535,1.680,1.520,0.900,1,0,296.300,0,0,18,288,3,31,0
20-05 09:17:48,15.031,13.027,71.646,0.501,0.251,4375836,171760,172180,3240736,8685.684,1623.305,24.049,224.457,4.008,13.027,2353,3321,1.620,1.510,0.910,1,0,169.345,0,0,18,288,3,31,0
20-05 09:17:49,9.506,19.513,69.547,0.250,0,4376332,171244,172180,3240756,9330.354,1695.154,8.005,12848.750,1.001,92.063,3417,5399,1.620,1.510,0.910,2,0,338.230,0,0,18,288,3,29,0
20-05 09:17:50,4.745,8.741,84.410,0,0,4377664,169852,172180,3240816,12566.566,1618.270,7.991,235.748,0.999,25.972,2380,3742,1.620,1.510,0.910,0,0,153.836,0,0,18,288,3,29,0
20-05 09:17:51,14.013,2.752,83.075,0,0,4406352,141156,172180,3240824,9268.397,1621.469,0,16122.607,0,29.026,1396,2102,1.620,1.510,0.910,2,0,9.008,0,0,18,288,3,28,0
20-05 09:17:52,19.990,8.995,69.715,0.250,0,4371692,175796,172180,3240844,12651.573,1845.063,0,919.533,0,44.977,2702,4345,1.620,1.510,0.910,2,0,111.943,0,0,18,292,4,28,0
20-05 09:17:53,11.993,15.241,70.458,0.500,0,4376024,171156,172184,3241132,13679.833,1762.948,87.947,171.897,6.996,12.992,3248,5132,1.570,1.500,0.910,1,0,251.850,0,0,18,292,4,27,0
20-05 09:17:54,16.519,11.763,70.581,0,0,4405752,141308,172184,3241252,8774.055,1567.797,4.005,264.303,1.001,23.026,2746,4212,1.570,1.500,0.910,1,0,179.205,0,0,18,292,4,27,0
20-05 09:17:55,23.752,4.000,71.505,0,0,4457624,130724,172180,3200148,24309.556,1586.102,88.006,172.011,5.000,18.001,1635,2026,1.570,1.500,0.910,1,0,1.000,0,0,18,292,4,27,0
20-05 09:17:56,24.521,2.252,71.310,0.250,0,4489324,130532,172172,3169092,26137.930,1737.458,240.202,280.235,15.013,39.033,2018,2932,1.570,1.500,0.910,2,0,2.002,0,0,18,294,4,27,0
20-05 09:17:57,24.411,2.989,71.988,0.249,0,4449100,170608,172172,3169240,9134.768,1697.823,163.406,231.159,6.975,8.967,1503,2071,1.570,1.500,0.910,1,0,4.982,0,0,18,292,4,26,0
20-05 09:17:58,24.315,2.507,71.440,0,0,4490888,128524,172172,3169536,9425.042,1624.316,252.671,140.373,3.008,10.027,1839,2749,1.530,1.490,0.910,1,0,6.016,0,0,18,298,4,26,0
20-05 09:17:59,26.001,3.750,70.754,0,0,4419508,199772,172172,3169668,10866.587,1694.091,0,356.019,0,20.001,1591,2085,1.530,1.490,0.910,1,0,15.001,0,0,18,292,4,26,0
20-05 09:18:00,22.173,5.979,70.504,0.249,0.498,4385024,233092,172172,3170832,8486.366,1614.363,1482.822,163.429,17.937,21.923,2084,3012,1.530,1.490,0.910,1,0,84.704,0,0,18,292,4,26,0
20-05 09:18:01,11.007,17.762,70.047,0.500,0.250,4390096,227788,172176,3171060,8383.659,1458.985,4.003,480.324,1.001,19.013,3448,5526,1.530,1.490,0.910,1,0,409.276,0,0,18,292,4,26,0
20-05 09:18:02,21.040,6.011,72.388,0,0.250,4415912,201428,172188,3171592,9329.745,1665.167,456.869,136.259,80.152,11.021,1911,2872,1.530,1.490,0.910,1,0,92.175,0,0,18,292,4,26,0
20-05 09:18:03,25.937,3.990,69.083,0,0,4436156,180960,172204,3171768,8688.955,1616.086,159.613,119.710,7.981,6.983,9505,18814,1.480,1.490,0.910,1,0,10.973,0,0,18,292,4,26,0
20-05 09:18:04,19.746,2.999,75.986,0.250,0,4420668,195976,172228,3172184,21095.161,5365.024,279.949,431.921,6.999,15.997,1605,2293,1.480,1.490,0.910,1,0,3.999,0,0,18,293,4,26,0
20-05 09:18:05,25.753,1.250,72.009,0,0,4420408,195976,172236,3172436,79321.519,1620.194,72.009,0,3.000,0,1550,1994,1.480,1.490,0.910,1,0,0,0,0,18,293,3,26,0
20-05 09:18:06,23.761,6.753,68.282,0.500,0,4450940,163508,172380,3173972,7529.539,1620.762,128.060,648.305,6.003,31.015,8778,17514,1.480,1.490,0.910,1,0,6.003,0,0,18,293,3,26,0
20-05 09:18:07,20.529,6.760,71.351,0,0,4386796,227800,172384,3173820,6869.714,1870.645,0,524.742,0,27.038,2115,3192,1.480,1.490,0.910,1,0,113.160,0,0,18,292,3,26,0
20-05 09:18:08,19.272,9.511,70.829,0.250,0,4441016,173500,172388,3173896,9062.159,1715.924,0,156.175,0,12.013,2076,3284,1.440,1.480,0.910,1,0,158.177,0,0,18,292,3,26,0
20-05 09:18:09,24.688,8.229,66.083,0,0,4417472,196848,172388,3174092,7066.130,1496.216,23.939,283.284,1.995,19.950,3328,5908,1.440,1.480,0.910,1,0,111.717,0,0,18,292,3,28,0
20-05 09:18:10,24.322,3.510,71.711,0,0,4389996,224316,172388,3174100,8083.791,1624.782,0,208.614,0,20.059,1902,2814,1.440,1.480,0.910,2,0,35.103,0,0,18,292,3,29,0
20-05 09:18:11,23.168,4.484,70.751,0,0,4445684,168624,172388,3174104,13624.071,1614.321,0,191.327,0,10.961,1737,2527,1.440,1.480,0.910,1,0,34.877,0,0,18,292,3,30,0
20-05 09:18:12,22.578,5.017,72.248,0.251,0,4443352,170932,172388,3174128,9731.437,1625.586,0,76.262,0,9.031,1850,2903,1.440,1.480,0.910,1,0,56.193,0,0,18,292,3,30,0
20-05 09:18:13,23.172,4.983,71.260,0,0,4424492,189648,172388,3174272,7020.327,1614.556,0,0,0,0,1830,2734,1.410,1.470,0.910,1,0,29.899,0,0,18,292,3,30,0
20-05 09:18:14,23.502,3.500,71.506,0,0,4407816,206320,172388,3174276,7648.681,1620.144,32.003,272.024,2.000,36.003,2178,3446,1.410,1.470,0.910,1,0,47.004,0,0,18,292,3,30,0
20-05 09:18:15,23.853,5.775,70.554,0.753,0.251,4394184,219848,172388,3174380,13807.580,1518.553,0,4547.623,0,485.093,2207,2820,1.410,1.470,0.910,1,0,19.082,0,0,18,292,3,27,0
20-05 09:18:16,23.400,2.987,72.688,0,0,4444868,169152,172388,3174392,8523.443,1559.312,0,191.180,0,14.936,1755,2750,1.410,1.470,0.910,1,0,8.962,0,0,18,292,3,27,0
20-05 09:18:17,21.583,6.776,70.272,0.251,0.753,4420856,193132,172392,3174420,7697.767,1626.289,0,369.429,0,32.124,2149,3421,1.410,1.470,0.910,2,0,88.342,0,0,18,292,3,27,0
20-05 09:18:18,22.658,4.731,71.959,0,0,4406436,207540,172392,3174432,8645.083,1613.483,0,147.405,0,9.960,1829,2625,1.380,1.460,0.910,1,0,46.811,0,0,18,292,3,29,0
20-05 09:18:19,26.014,3.002,71.039,0.250,0,4388496,225156,172392,3174756,9062.976,1620.890,260.143,244.134,21.012,24.013,1979,2843,1.380,1.460,0.910,1,0,12.007,0,0,18,292,3,24,0
20-05 09:18:20,24.575,3.511,71.218,0,0,4434684,178880,172392,3174844,8550.129,1624.966,0,930.845,0,28.086,1669,2460,1.380,1.460,0.910,4,0,2.006,0,0,18,294,3,24,0
20-05 09:18:21,27.153,4.484,64.521,1.993,0,4391520,221184,172396,3175700,13388.404,1614.261,601.860,4790.968,49.823,406.555,4556,7964,1.380,1.460,0.910,1,0,4.982,0,0,18,296,3,22,0
20-05 09:18:22,24.337,4.014,70.001,0.251,0,4432960,179632,172396,3175812,12189.712,1625.830,32.115,995.570,3.011,71.256,2335,3629,1.380,1.460,0.910,1,0,0,0,0,18,298,3,23,0
20-05 09:18:23,21.245,11.498,68.235,0.500,0,4390616,221664,172396,3176124,8536.148,1531.668,0,787.829,0,79.983,3487,5907,1.430,1.470,0.920,2,0,248.946,0,0,18,296,3,24,0
20-05 09:18:24,11.243,20.237,67.208,0.250,0,4400748,211496,172396,3176144,7487.320,1618.988,0,679.575,0,49.969,4264,7250,1.430,1.470,0.920,2,0,607.620,0,0,18,296,3,20,0
20-05 09:18:25,12.762,22.270,64.559,0,0,4417320,194536,172396,3178924,11170.277,1621.492,0,520.479,0,34.031,4327,8788,1.430,1.470,0.920,2,0,618.569,0,0,18,296,3,20,0
20-05 09:18:26,11.001,22.752,67.006,0.500,0,4405736,206428,172396,3176208,44360.125,1620.151,0,2328.217,0,151.014,4709,7878,1.430,1.470,0.920,2,0,620.058,0,0,18,296,3,20,0
20-05 09:18:27,10.746,20.243,67.976,0,0,4407328,204800,172396,3176244,23607.761,1619.435,0,219.923,0,19.993,3759,5650,1.430,1.470,0.920,1,0,488.829,0,0,18,296,3,20,0
20-05 09:18:28,9.489,21.974,68.420,0,0,4405832,206272,172396,3176268,17837.166,1618.110,0,39.953,0,9.988,3706,6047,1.390,1.460,0.920,2,0,514.399,0,0,18,296,3,18,0
20-05 09:18:29,9.766,20.533,68.109,0,0.250,4402896,209180,172396,3176296,10228.376,1622.598,0,32.051,0,8.013,3825,6344,1.390,1.460,0.920,1,0,544.872,0,0,18,296,3,18,0
20-05 09:18:30,30.016,19.260,48.776,0.250,0,4439472,254888,172900,3101216,7615.991,1532.803,920.482,2389.252,28.015,27.014,8808,17205,1.390,1.460,0.920,1,0,216.113,0,0,18,296,3,18,0
20-05 09:18:31,32.122,5.727,61.256,0.249,0.249,4456384,229840,173300,3108000,7655.539,1613.580,254.985,2589.696,1.992,37.849,1909,2863,1.390,1.460,0.920,1,0,7.968,0,0,18,296,3,18,0
20-05 09:18:32,19.075,1.255,78.811,0.251,0.251,4466864,218556,173348,3108724,20675.461,7767.604,393.551,1028.051,17.067,35.138,1599,2201,1.390,1.460,0.920,1,0,0,0,0,18,297,3,18,0
20-05 09:18:33,17.673,1.493,78.906,0.996,0,4465572,218952,173436,3109500,29355.949,15652.723,557.568,2246.202,55.757,102.553,2219,3195,1.520,1.490,0.930,2,0,1.991,0,0,18,297,3,18,0
20-05 09:18:34,19.745,1.750,76.981,1.000,0,4471704,212020,173488,3110212,23138.192,11434.130,591.851,1115.720,36.991,47.988,1767,2348,1.520,1.490,0.930,0,1,0,0,0,18,297,3,18,0
20-05 09:18:35,10.754,1.000,87.530,0,0,4473172,210256,173520,3110444,92138.972,8788.049,180.062,1040.361,17.006,32.011,1621,2118,1.520,1.490,0.930,1,0,0,0,0,18,297,3,18,0
20-05 09:18:36,20.054,1.755,76.955,1.003,0,4480336,180856,173572,3132592,22205.288,9074.228,10367.682,846.260,189.506,29.078,1741,2519,1.520,1.490,0.930,1,0,0,0,0,18,297,3,18,0
20-05 09:18:37,23.250,2.750,72.499,1.000,0,4487004,150336,174308,3154248,7953.849,1499.972,2139.959,1935.963,49.999,71.999,1833,2638,1.520,1.490,0.930,1,0,0,0,0,18,297,3,18,0
20-05 09:18:38,21.187,3.988,72.286,1.745,0,4486640,141536,175296,3160936,12309.478,1615.208,0,6692.144,0,486.556,2458,2992,1.480,1.480,0.930,2,0,0,0,0,18,297,3,18,0
20-05 09:18:39,23.513,3.502,72.789,1.001,0,4479460,147976,176260,3159180,8274.452,1794.966,0,2349.264,0,90.048,1773,2570,1.480,1.480,0.930,1,0,0,0,0,18,296,3,18,0
20-05 09:18:40,23.329,3.763,71.492,0,0,4448256,177680,176276,3160540,9082.763,1625.506,112.381,822.787,8.027,19.065,2149,3301,1.480,1.480,0.930,2,0,10.034,0,0,18,296,3,18,0
20-05 09:18:41,23.670,4.983,69.764,0.249,0,4436744,188984,176280,3160712,11708.449,1614.546,0,1682.317,0,16.943,6075,13534,1.480,1.480,0.930,1,0,7.973,0,0,18,296,3,18,0
20-05 09:18:42,23.498,5.500,69.245,0.250,0,4443588,181972,176284,3160876,11479.139,1619.879,4.000,499.963,1.000,17.999,9259,18331,1.480,1.480,0.930,1,0,12.999,0,0,18,296,3,18,0
20-05 09:18:43,23.563,5.515,70.188,0.752,0,4409916,215724,176284,3160808,11280.265,1624.358,0,49757.499,0,365.982,2292,3265,1.440,1.470,0.930,1,0,53.143,0,0,18,296,3,18,0
20-05 09:18:44,25.666,4.236,68.526,0,0.249,4446168,179464,176284,3160816,8587.926,1614.721,0,3.987,0,0.997,9657,19256,1.440,1.470,0.930,1,0,10.964,0,0,18,296,3,18,0
20-05 09:18:45,24.781,6.758,67.585,0,0.250,4455316,170200,176284,3160932,7273.113,1459.829,0,1021.280,0,6.008,13075,26788,1.440,1.470,0.930,3,0,17.021,0,0,18,296,3,18,0
20-05 09:18:46,22.980,4.746,70.938,0,0.250,4428880,196620,176284,3160948,10630.688,1618.582,0,115.898,0,8.992,4629,8835,1.440,1.470,0.930,1,0,8.992,0,0,18,296,3,15,0
20-05 09:18:47,25.348,3.263,72.279,0,0,4437376,188312,176284,3160824,9458.500,1626.276,0,4.015,0,1.004,1343,1794,1.440,1.470,0.930,2,0,8.031,0,0,18,296,3,15,0
20-05 09:18:48,24.903,4.234,70.725,0,0,4400896,224788,176284,3160828,12377.899,1613.729,0,577.755,0,73.714,2096,3014,1.400,1.460,0.930,1,0,95.628,0,0,18,296,3,15,0
20-05 09:18:49,24.493,4.499,69.979,0,0,4437456,170380,177016,3176308,10667.874,1619.525,7.998,111.967,1.999,4.999,9242,17821,1.400,1.460,0.930,1,0,6.998,0,0,18,296,3,15,0
20-05 09:18:50,20.503,2.500,76.010,0.250,0.250,4448208,158340,177092,3177248,17331.374,5365.735,0,1376.189,0,33.005,1732,2498,1.400,1.460,0.930,1,0,3.000,0,0,18,299,3,15,0
20-05 09:18:51,16.992,1.999,79.462,0.750,0,4459948,146312,177164,3177380,27546.750,14181.179,0,1659.202,0,62.970,1668,2600,1.400,1.460,0.930,0,0,0,0,0,18,299,3,15,0
20-05 09:18:52,6.504,1.001,91.049,0.250,0,4460664,145344,177216,3177548,51177.585,8209.425,4.002,760.410,1.001,36.019,1527,2233,1.400,1.460,0.930,1,0,0,0,0,18,300,3,15,0
20-05 09:18:53,12.738,1.748,84.668,0.749,0,4474900,130776,177336,3177704,117808.255,13151.191,0,1626.416,0,74.927,1831,2606,1.530,1.490,0.940,1,0,1.998,0,0,18,300,3,15,0
20-05 09:18:54,20.530,0.751,77.113,0.250,0,4479808,125764,177388,3177748,22037.285,11511.865,0,1325.943,0,65.095,1863,2666,1.530,1.490,0.940,2,0,0,0,0,18,300,3,15,0
20-05 09:18:55,13.746,2.499,82.727,0.750,0,4475932,130860,177436,3176428,198612.594,13790.084,0,1147.674,0,41.988,1664,2184,1.530,1.490,0.940,0,0,0,0,0,18,300,3,15,0
20-05 09:18:56,10.023,1.504,85.951,0.752,0,4475224,130860,177732,3176684,129804.353,19467.496,24.056,2381.566,4.009,116.272,2110,2913,1.530,1.490,0.940,0,1,0,0,0,18,300,3,15,0
20-05 09:18:57,17.528,1.002,80.127,1.002,0,4476788,128872,177852,3176916,53383.613,13736.773,76.121,1394.210,6.010,64.102,1736,2347,1.530,1.490,0.940,2,0,0,0,0,18,300,3,15,0
20-05 09:18:58,10.701,1.991,84.367,0.249,0.249,4478172,131600,177880,3172852,1260827.582,31452.176,0,1389.689,0,11.946,2883,2933,1.410,1.460,0.930,1,0,2.986,0,0,18,300,3,15,0
20-05 09:18:59,9.249,2.750,87.239,0,0,4484336,142496,177892,3155884,6836890.063,83576.720,0,3659.550,0,21.997,5779,4841,1.410,1.460,0.930,1,0,1.000,0,0,18,300,3,15,0
20-05 09:19:00,8.496,3.249,84.712,1.000,0,4485436,140752,177968,3156708,10268505.441,102040.184,219.901,14161.641,18.991,78.965,5907,5018,1.410,1.460,0.930,1,0,4.998,0,0,18,300,3,15,0
20-05 09:19:01,22.015,1.501,74.551,0.500,0,4481256,147504,178160,3153632,415975.695,7744.282,32.022,1913.305,3.002,79.054,1831,2805,1.410,1.460,0.930,1,0,4.003,0,0,18,300,3,15,0
20-05 09:19:02,22.797,4.509,71.646,1.253,0,4486612,139892,181476,3148320,13551.686,1623.316,80.164,5487.210,4.008,144.295,2037,3281,1.410,1.460,0.930,2,0,0,0,0,18,300,3,15,0
20-05 09:19:03,20.946,4.488,71.816,0.997,0.499,4504700,135880,182180,3132056,12362.241,1615.849,0,2334.004,0,112.710,1843,3005,1.380,1.460,0.940,1,0,1.995,0,0,18,300,3,15,0
20-05 09:19:04,23.776,4.505,70.827,0.751,0,4503232,131984,183112,3133464,9372.216,1621.768,0,2314.523,0,94.103,1748,2709,1.380,1.460,0.940,1,0,0,0,0,18,300,3,15,0
20-05 09:19:05,22.492,4.249,71.475,0.500,0,4496276,139388,184560,3129456,86202.260,1619.441,75.974,2795.036,2.999,66.977,1767,2450,1.380,1.460,0.940,2,0,0,0,0,18,300,3,15,0
20-05 09:19:06,19.493,3.249,75.222,0.750,0,4494736,137628,185480,3130192,13681.992,3602.681,19.993,2687.017,2.999,87.968,1624,2722,1.380,1.460,0.940,1,0,0,0,0,18,300,3,15,1
20-05 09:19:07,23.776,3.754,71.828,0.250,0,4449816,215156,185524,3097612,9845.722,2144.335,72.078,80.087,9.010,5.005,1554,1998,1.380,1.460,0.940,1,0,6.007,0,0,18,298,3,15,0
20-05 09:19:08,23.750,6.750,68.001,0.250,0,4461416,202304,185580,3098784,11114.200,1714.031,0,2400.043,0,24.000,8495,17166,1.350,1.450,0.940,1,0,12.000,0,0,18,298,3,15,0
20-05 09:19:09,26.084,4.765,67.718,0.251,0,4468936,194576,185580,3098960,8860.513,1625.230,20.065,21043.719,2.006,272.878,9069,17779,1.350,1.450,0.940,2,0,5.016,0,0,18,298,3,15,0
20-05 09:19:10,23.162,4.732,70.980,0,0,4416408,247024,185580,3099036,8617.246,1687.585,0,561.864,0,28.890,2262,3544,1.350,1.450,0.940,3,0,8.966,0,0,18,298,3,15,0
20-05 09:19:11,27.116,5.273,67.539,0.502,0,4435788,224292,185988,3101244,12304.565,1711.311,425.819,638.729,9.039,35.150,2737,4880,1.350,1.450,0.940,1,0,5.021,0,0,18,298,3,15,0
20-05 09:19:12,25.675,3.739,68.051,0.997,0.249,4441868,216764,185992,3102672,14924.361,1507.592,785.703,2724.035,31.907,191.440,4852,9519,1.350,1.450,0.940,2,0,0,0,0,18,302,3,21,0
20-05 09:19:13,15.992,13.993,67.215,0.750,0,4403636,254444,185992,3103224,8565.537,1565.185,487.746,2030.942,24.987,172.910,3956,6728,1.480,1.470,0.950,1,0,256.866,0,0,18,302,3,21,0
20-05 09:19:14,12.744,11.744,68.216,4.997,0,4392736,260588,186000,3107888,8999.491,1619.189,4745.622,26606.670,669.664,333.833,3873,5429,1.480,1.470,0.950,1,0,195.902,0,0,18,302,3,23,0
20-05 09:19:15,8.251,4.001,70.761,17.503,0,4376336,241436,186000,3143412,8145.263,1620.251,35357.480,3228.500,2461.382,140.022,6751,7585,1.480,1.470,0.950,1,0,0,0,0,18,302,3,21,0
20-05 09:19:16,5.244,2.747,89.146,1.498,0,4376060,239168,186004,3145948,12221.774,3309.148,2525.061,563.344,286.666,4.994,1572,2568,1.480,1.470,0.950,0,0,5.993,0,0,18,303,3,21,0
20-05 09:19:17,2.257,1.003,95.553,0,0,4376284,238944,186040,3145912,88717.970,4645.713,92.292,405.284,1.003,10.032,1221,1886,1.480,1.470,0.950,0,0,2.006,0,0,18,303,3,19,0
20-05 09:19:18,4.988,1.247,92.774,0,0.249,4362628,251592,186084,3146808,75411.072,124947.254,574.599,786.083,26.934,12.968,1454,2211,1.360,1.450,0.940,0,0,9.976,0,0,18,302,3,19,0
20-05 09:19:19,3.250,1.500,93.487,1.000,0,4363976,250668,186084,3146812,12732.294,1619.783,0,25912.528,0,395.947,1716,2185,1.360,1.450,0.940,1,0,0,0,0,18,302,3,17,0
20-05 09:19:20,2.500,1.250,95.751,0,0,4363972,250668,186084,3146816,15272.183,1458.017,0,292.004,0,25.000,1426,2151,1.360,1.450,0.940,1,0,0,0,0,18,302,3,17,0
20-05 09:19:21,2.500,0.500,95.747,0.250,0,4363964,250668,186084,3146824,9561.665,1619.943,0,95.997,0,12.000,1208,2049,1.360,1.450,0.940,0,0,0,0,0,18,302,3,16,0
20-05 09:19:22,2.250,1.500,94.483,0.500,0.250,4363960,250668,186088,3146824,11573.905,1845.666,0,515.907,0,42.992,1608,2556,1.360,1.450,0.940,0,0,0,0,0,18,302,4,16,0
20-05 09:19:23,3.000,1.500,95.258,0,0,4363948,250668,186088,3146836,8798.765,1694.147,0,324.028,0,41.004,1508,2622,1.250,1.430,0.940,0,0,2.000,0,0,18,302,4,14,0
20-05 09:19:24,2.250,1.500,95.016,0.250,0.250,4364156,250444,186088,3146852,11541.928,1620.271,16.003,4820.805,1.000,34.006,1475,2291,1.250,1.430,0.940,2,0,0,0,0,18,302,4,14,0
20-05 09:19:25,2.747,1.499,96.412,0,0,4364156,250444,186088,3146852,12168.841,1692.448,0,127.883,0,8.992,1106,1781,1.250,1.430,0.940,0,0,0,0,0,18,302,4,13,0
20-05 09:19:26,7.256,3.253,89.322,0.250,0,4349860,264740,186088,3146852,7840.335,1695.370,0,316.256,0,23.019,1774,3352,1.250,1.430,0.940,0,0,34.027,0,0,18,302,4,14,0
20-05 09:19:27,2.001,0.751,97.067,0,0,4349860,264740,186088,3146852,10687.364,1459.005,0,0,0,0,1008,1653,1.250,1.430,0.940,0,0,0,0,0,18,302,4,13,0
20-05 09:19:28,2.749,0.250,96.970,0,0,4349860,264740,186088,3146852,12274.220,1619.501,0,0,0,0,981,1664,1.230,1.420,0.940,0,0,0,0,0,18,302,4,13,0
20-05 09:19:29,1.750,0.500,95.737,0,0,4349860,264740,186088,3146852,64439.236,1693.770,0,47.993,0,5.999,1560,1844,1.230,1.420,0.940,0,0,0,0,0,18,302,4,13,0
20-05 09:19:30,17.005,7.002,75.020,0.250,0.250,4376912,236804,186088,3147728,44056.027,1620.442,1380.377,392.107,13.004,43.012,2271,2902,1.230,1.420,0.940,1,0,8.002,0,0,18,302,4,13,0
20-05 09:19:31,11.248,2.999,83.981,0,0,4373076,240640,186088,3147732,25584.320,1619.640,511.886,251.944,3.999,24.994,1880,2573,1.230,1.420,0.940,0,0,3.999,0,0,18,304,4,13,0
20-05 09:19:32,2.500,0.500,97.002,0,0.250,4373072,240640,186088,3147736,12730.216,1620.028,0,4.000,0,1.000,1109,1696,1.230,1.420,0.940,3,0,0,0,0,18,304,4,13,0
20-05 09:19:33,2.499,1.500,96.221,0.750,0,4373068,240640,186088,3147740,9643.049,1619.504,3.999,519.841,1.000,42.987,1455,2472,1.130,1.390,0.930,0,0,1.999,0,0,18,304,4,13,0
20-05 09:19:34,3.001,3.501,92.519,0.250,0,4378224,235656,186088,3147740,12892.617,1458.296,0,92158.708,0,730.148,2974,3663,1.130,1.390,0.930,0,0,0,0,0,18,304,4,13,0
20-05 09:19:35,2.255,0.251,97.462,0,0,4378164,235656,186088,3147740,85966.634,1623.525,0,16.035,0,2.004,1252,1692,1.130,1.390,0.930,0,0,0,0,0,18,304,3,13,0
20-05 09:19:36,1.746,0,96.268,0,0,4378164,235656,186088,3147740,11883.409,1616.112,0,0,0,0,1112,1784,1.130,1.390,0.930,0,0,0,0,0,18,304,3,13,0
20-05 09:19:37,2.500,1.000,96.752,0,0,4378160,235656,186088,3147744,8434.202,1694.041,0,0,0,0,1092,1799,1.130,1.390,0.930,0,0,0,0,0,18,304,3,13,0
20-05 09:19:38,2.002,1.001,96.325,0,0,4378160,235656,186088,3147744,8188.412,1621.269,0,4.003,0,1.001,995,1728,1.040,1.370,0.930,0,0,0,0,0,18,304,3,13,0
20-05 09:19:39,3.498,0.250,96.195,0,0,4378384,235432,186088,3147744,8892.895,1619.071,0,0,0,0,1100,1737,1.040,1.370,0.930,0,0,0,0,0,18,304,3,13,0
20-05 09:19:40,3.250,2.750,93.241,0.250,0,4381044,232716,186088,3147752,14720.557,1619.841,0,56218.491,0,155.985,1542,2365,1.040,1.370,0.930,0,0,0,0,0,18,304,3,13,0
20-05 09:19:41,2.500,0.250,96.252,0,0,4381044,232716,186088,3147752,8052.137,1458.025,0,264.004,0,22.000,1150,1935,1.040,1.370,0.930,0,0,0,0,0,18,304,3,13,0
20-05 09:19:42,2.250,0.750,96.242,0,0,4381044,232716,186088,3147752,17526.563,1619.867,0,0,0,0,1166,1703,1.040,1.370,0.930,0,0,0,0,0,18,304,3,13,0
20-05 09:19:43,2.500,0.500,95.486,0.250,0.250,4381032,232716,186088,3147764,15867.683,1619.764,0,359.947,0,27.996,1470,2397,1.040,1.360,0.930,0,0,2.000,0,0,18,304,3,13,0
20-05 09:19:44,2.501,0.750,96.271,0,0,4381032,232716,186088,3147764,8253.775,1620.348,0,52.011,0,6.001,1133,1818,1.040,1.360,0.930,0,0,0,0,0,18,304,3,13,0
20-05 09:19:45,1.750,0.500,96.497,0,0,4381688,232044,186088,3147764,8665.766,1619.956,0,2191.941,0,11.000,1043,1686,1.040,1.360,0.930,0,0,0,0,0,18,304,3,13,0
20-05 09:19:46,2.250,0.750,97.017,0,0,4381688,232044,186088,3147764,8529.527,1620.290,0,8.001,0,1.000,1044,1774,1.040,1.360,0.930,0,0,0,0,0,18,304,3,13,0
20-05 09:19:47,1.749,0.750,96.956,0,0,4381688,232044,186088,3147764,7786.504,1619.273,0,0,0,0,1007,1663,1.040,1.360,0.930,0,0,0,0,0,18,304,3,13,0
20-05 09:19:48,1.750,1.000,96.739,0,0,4381688,232044,186088,3147764,14284.400,647.927,0,0,0,0,998,1751,0.950,1.340,0.920,0,0,0,0,0,18,304,3,13,0
20-05 09:19:49,9.005,3.002,87.295,0,0,4386644,226896,186124,3147920,230187.856,6583.371,160.082,0,5.003,0,1512,2085,0.950,1.340,0.920,0,0,19.010,0,0,18,304,3,13,0
20-05 09:19:50,13.023,4.258,80.392,0.501,0,4392244,220480,186124,3148736,351264.685,9965.609,284.503,4788.461,10.018,172.304,2245,2810,0.950,1.340,0.920,1,0,35.062,0,0,18,304,3,13,0
